

================================================================
== Vitis HLS Report for 'add_array_array_ap_fixed_4u_array_ap_fixed_28_10_5_3_0_4u_config7_s'
================================================================
* Date:           Fri Apr 24 00:23:00 2026

* Version:        2025.2 (Build 6295257 on Nov 14 2025)
* Project:        folo_prj
* Solution:       solution1 (Vivado IP Flow Target)
* Product family: kintexu
* Target device:  xcku035-fbva676-2-e


================================================================
== Performance Estimates
================================================================
+ Timing: 
    * Summary: 
    +--------+---------+----------+------------+
    |  Clock |  Target | Estimated| Uncertainty|
    +--------+---------+----------+------------+
    |ap_clk  |  5.00 ns|  3.290 ns|     1.35 ns|
    +--------+---------+----------+------------+

+ Latency: 
    * Summary: 
    +---------+---------+-----------+-----------+-------+-------+------------------------------------------------+
    |  Latency (cycles) |   Latency (absolute)  |    Interval   |                    Pipeline                    |
    |   min   |   max   |    min    |    max    |  min  |  max  |                      Type                      |
    +---------+---------+-----------+-----------+-------+-------+------------------------------------------------+
    |    16386|    16386|  81.930 us|  81.930 us|  16384|  16384|  loop auto-rewind stp (delay=0 clock cycles(s))|
    +---------+---------+-----------+-----------+-------+-------+------------------------------------------------+

    + Detail: 
        * Instance: 
        N/A

        * Loop: 
        +-----------+---------+---------+----------+-----------+-----------+-------+----------+
        |           |  Latency (cycles) | Iteration|  Initiation Interval  |  Trip |          |
        | Loop Name |   min   |   max   |  Latency |  achieved |   target  | Count | Pipelined|
        +-----------+---------+---------+----------+-----------+-----------+-------+----------+
        |- AddLoop  |    16384|    16384|         2|          1|          1|  16384|       yes|
        +-----------+---------+---------+----------+-----------+-----------+-------+----------+



================================================================
== Utilization Estimates
================================================================
* Summary: 
+-----------------+---------+------+--------+--------+-----+
|       Name      | BRAM_18K|  DSP |   FF   |   LUT  | URAM|
+-----------------+---------+------+--------+--------+-----+
|DSP              |        -|     -|       -|       -|    -|
|Expression       |        -|     -|       0|     192|    -|
|FIFO             |        -|     -|       -|       -|    -|
|Instance         |        -|     -|       -|       -|    -|
|Memory           |        -|     -|       -|       -|    -|
|Multiplexer      |        -|     -|       0|      72|    -|
|Register         |        -|     -|     131|       -|    -|
+-----------------+---------+------+--------+--------+-----+
|Total            |        0|     0|     131|     264|    0|
+-----------------+---------+------+--------+--------+-----+
|Available        |     1080|  1700|  406256|  203128|    0|
+-----------------+---------+------+--------+--------+-----+
|Utilization (%)  |        0|     0|      ~0|      ~0|    0|
+-----------------+---------+------+--------+--------+-----+

+ Detail: 
    * Instance: 
    N/A

    * DSP: 
    N/A

    * Memory: 
    N/A

    * FIFO: 
    N/A

    * Expression: 
    +---------------------------------------+----------+----+---+----+------------+------------+
    |             Variable Name             | Operation| DSP| FF| LUT| Bitwidth P0| Bitwidth P1|
    +---------------------------------------+----------+----+---+----+------------+------------+
    |add_ln26_1_fu_191_p2                   |         +|   0|  0|  35|          28|          28|
    |add_ln26_2_fu_223_p2                   |         +|   0|  0|  35|          28|          28|
    |add_ln26_3_fu_255_p2                   |         +|   0|  0|  35|          28|          28|
    |add_ln26_fu_159_p2                     |         +|   0|  0|  35|          28|          28|
    |i_46_fu_261_p2                         |         +|   0|  0|  21|          14|           1|
    |ap_condition_130                       |       and|   0|  0|   2|           1|           1|
    |icmp_ln15_fu_267_p2                    |      icmp|   0|  0|  21|          14|           2|
    |ap_block_pp0_stage0_01001_grp1         |        or|   0|  0|   2|           1|           1|
    |ap_block_pp0_stage0_11001              |        or|   0|  0|   2|           1|           1|
    |ap_block_state1_pp0_stage0_iter0_grp1  |        or|   0|  0|   2|           1|           1|
    |ap_enable_pp0                          |       xor|   0|  0|   2|           1|           2|
    +---------------------------------------+----------+----+---+----+------------+------------+
    |Total                                  |          |   0|  0| 192|         145|         121|
    +---------------------------------------+----------+----+---+----+------------+------------+

    * Multiplexer: 
    +----------------------------------+----+-----------+-----+-----------+
    |               Name               | LUT| Input Size| Bits| Total Bits|
    +----------------------------------+----+-----------+-----+-----------+
    |ap_done_int                       |   9|          2|    1|          2|
    |ap_loop_exit_ready_pp0_iter1_reg  |   9|          2|    1|          2|
    |ap_sig_allocacmp_i_45             |   9|          2|   14|         28|
    |i_fu_74                           |   9|          2|   14|         28|
    |layer27_cpy2_blk_n                |   9|          2|    1|          2|
    |layer6_out_blk_n                  |   9|          2|    1|          2|
    |layer7_out_blk_n                  |   9|          2|    1|          2|
    |real_start                        |   9|          2|    1|          2|
    +----------------------------------+----+-----------+-----+-----------+
    |Total                             |  72|         16|   34|         68|
    +----------------------------------+----+-----------+-----+-----------+

    * Register: 
    +----------------------------------+----+----+-----+-----------+
    |               Name               | FF | LUT| Bits| Const Bits|
    +----------------------------------+----+----+-----+-----------+
    |add_ln26_1_reg_299                |  28|   0|   28|          0|
    |add_ln26_2_reg_304                |  28|   0|   28|          0|
    |add_ln26_3_reg_309                |  28|   0|   28|          0|
    |add_ln26_reg_294                  |  28|   0|   28|          0|
    |ap_CS_fsm                         |   1|   0|    1|          0|
    |ap_done_reg                       |   1|   0|    1|          0|
    |ap_enable_reg_pp0_iter1           |   1|   0|    1|          0|
    |ap_loop_exit_ready_pp0_iter1_reg  |   1|   0|    1|          0|
    |i_fu_74                           |  14|   0|   14|          0|
    |start_once_reg                    |   1|   0|    1|          0|
    +----------------------------------+----+----+-----+-----------+
    |Total                             | 131|   0|  131|          0|
    +----------------------------------+----+----+-----+-----------+



================================================================
== Interface
================================================================
* Summary: 
+-----------------------------+-----+-----+------------+-----------------------------------------------------------------------+--------------+
|          RTL Ports          | Dir | Bits|  Protocol  |                             Source Object                             |    C Type    |
+-----------------------------+-----+-----+------------+-----------------------------------------------------------------------+--------------+
|ap_clk                       |   in|    1|  ap_ctrl_hs|  add<array,array<ap_fixed,4u>,array<ap_fixed<28,10,5,3,0>,4u>,config7>|  return value|
|ap_rst                       |   in|    1|  ap_ctrl_hs|  add<array,array<ap_fixed,4u>,array<ap_fixed<28,10,5,3,0>,4u>,config7>|  return value|
|ap_start                     |   in|    1|  ap_ctrl_hs|  add<array,array<ap_fixed,4u>,array<ap_fixed<28,10,5,3,0>,4u>,config7>|  return value|
|start_full_n                 |   in|    1|  ap_ctrl_hs|  add<array,array<ap_fixed,4u>,array<ap_fixed<28,10,5,3,0>,4u>,config7>|  return value|
|ap_done                      |  out|    1|  ap_ctrl_hs|  add<array,array<ap_fixed,4u>,array<ap_fixed<28,10,5,3,0>,4u>,config7>|  return value|
|ap_continue                  |   in|    1|  ap_ctrl_hs|  add<array,array<ap_fixed,4u>,array<ap_fixed<28,10,5,3,0>,4u>,config7>|  return value|
|ap_idle                      |  out|    1|  ap_ctrl_hs|  add<array,array<ap_fixed,4u>,array<ap_fixed<28,10,5,3,0>,4u>,config7>|  return value|
|ap_ready                     |  out|    1|  ap_ctrl_hs|  add<array,array<ap_fixed,4u>,array<ap_fixed<28,10,5,3,0>,4u>,config7>|  return value|
|start_out                    |  out|    1|  ap_ctrl_hs|  add<array,array<ap_fixed,4u>,array<ap_fixed<28,10,5,3,0>,4u>,config7>|  return value|
|start_write                  |  out|    1|  ap_ctrl_hs|  add<array,array<ap_fixed,4u>,array<ap_fixed<28,10,5,3,0>,4u>,config7>|  return value|
|layer27_cpy2_dout            |   in|   64|     ap_fifo|                                                           layer27_cpy2|       pointer|
|layer27_cpy2_empty_n         |   in|    1|     ap_fifo|                                                           layer27_cpy2|       pointer|
|layer27_cpy2_read            |  out|    1|     ap_fifo|                                                           layer27_cpy2|       pointer|
|layer27_cpy2_num_data_valid  |   in|    9|     ap_fifo|                                                           layer27_cpy2|       pointer|
|layer27_cpy2_fifo_cap        |   in|    9|     ap_fifo|                                                           layer27_cpy2|       pointer|
|layer6_out_dout              |   in|  108|     ap_fifo|                                                             layer6_out|       pointer|
|layer6_out_empty_n           |   in|    1|     ap_fifo|                                                             layer6_out|       pointer|
|layer6_out_read              |  out|    1|     ap_fifo|                                                             layer6_out|       pointer|
|layer6_out_num_data_valid    |   in|    2|     ap_fifo|                                                             layer6_out|       pointer|
|layer6_out_fifo_cap          |   in|    2|     ap_fifo|                                                             layer6_out|       pointer|
|layer7_out_din               |  out|  112|     ap_fifo|                                                             layer7_out|       pointer|
|layer7_out_full_n            |   in|    1|     ap_fifo|                                                             layer7_out|       pointer|
|layer7_out_write             |  out|    1|     ap_fifo|                                                             layer7_out|       pointer|
|layer7_out_num_data_valid    |   in|   32|     ap_fifo|                                                             layer7_out|       pointer|
|layer7_out_fifo_cap          |   in|   32|     ap_fifo|                                                             layer7_out|       pointer|
+-----------------------------+-----+-----+------------+-----------------------------------------------------------------------+--------------+

============================================================
+ Verbose Summary: Synthesis Manager
============================================================
InlineROM: 1
ExposeGlobal: 0
============================================================
+ Verbose Summary: CDFG Model
============================================================
IsTopModel: 0
ResetActiveHigh: 1
IsCombinational: 2
IsDatapathOnly: 0
HasWiredReturn: 1
HasMFsm: 2
HasVarLatency: 1
IsPipeline: 0
IsRtlPipelined: 0
IsInstanceOverlapped: 0
IsDontTouch: 0
HasImplIP: 0
IsGatedGlobalClock: 0

+ Individual pipeline summary: 
  * Pipeline-0: initiation interval (II) = 1, depth = 2


============================================================
+ Verbose Summary: Schedule
============================================================
* Number of FSM states : 2
* Pipeline : 1
  Pipeline-0 : II = 1, D = 2, States = { 1 2 }
* Dataflow Pipeline: 0

* FSM state transitions: 
1 --> 2 
2 --> 

* FSM state operations: 

State 1 <SV = 0> <Delay = 3.29>
ST_1 : Operation 5 [1/1] (0.00ns)   --->   "%i = alloca i32 1" [firmware/nnet_utils/nnet_merge_stream.h:15]   --->   Operation 5 'alloca' 'i' <Predicate = true> <Delay = 0.00>
ST_1 : Operation 6 [1/1] (0.00ns)   --->   "%specinterface_ln0 = specinterface void @_ssdm_op_SpecInterface, i112 %layer7_out, void @empty_2, i32 0, i32 0, void @empty_1, i32 0, i32 0, void @empty_1, void @empty_1, void @empty_1, i32 0, i32 0, i32 0, i32 0, void @empty_1, void @empty_1, i32 4294967295, i32 0, i32 0, i32 0"   --->   Operation 6 'specinterface' 'specinterface_ln0' <Predicate = true> <Delay = 0.00>
ST_1 : Operation 7 [1/1] (0.00ns)   --->   "%specinterface_ln0 = specinterface void @_ssdm_op_SpecInterface, i108 %layer6_out, void @empty_2, i32 0, i32 0, void @empty_1, i32 0, i32 0, void @empty_1, void @empty_1, void @empty_1, i32 0, i32 0, i32 0, i32 0, void @empty_1, void @empty_1, i32 4294967295, i32 0, i32 0, i32 0"   --->   Operation 7 'specinterface' 'specinterface_ln0' <Predicate = true> <Delay = 0.00>
ST_1 : Operation 8 [1/1] (0.00ns)   --->   "%specinterface_ln0 = specinterface void @_ssdm_op_SpecInterface, i64 %layer27_cpy2, void @empty_2, i32 0, i32 0, void @empty_1, i32 0, i32 0, void @empty_1, void @empty_1, void @empty_1, i32 0, i32 0, i32 0, i32 0, void @empty_1, void @empty_1, i32 4294967295, i32 0, i32 0, i32 0"   --->   Operation 8 'specinterface' 'specinterface_ln0' <Predicate = true> <Delay = 0.00>
ST_1 : Operation 9 [1/1] (0.53ns)   --->   "%store_ln15 = store i14 0, i14 %i" [firmware/nnet_utils/nnet_merge_stream.h:15]   --->   Operation 9 'store' 'store_ln15' <Predicate = true> <Delay = 0.53>
ST_1 : Operation 10 [1/1] (0.00ns)   --->   "%br_ln15 = br void %AddPack.split" [firmware/nnet_utils/nnet_merge_stream.h:15]   --->   Operation 10 'br' 'br_ln15' <Predicate = true> <Delay = 0.00>
ST_1 : Operation 11 [1/1] (0.00ns)   --->   "%i_45 = load i14 %i" [firmware/nnet_utils/nnet_merge_stream.h:15]   --->   Operation 11 'load' 'i_45' <Predicate = true> <Delay = 0.00>
ST_1 : Operation 12 [1/1] ( I:1.82ns O:1.82ns )   --->   "%layer27_cpy2_read = read i64 @_ssdm_op_Read.ap_fifo.volatile.i64P0A, i64 %layer27_cpy2" [firmware/nnet_utils/nnet_merge_stream.h:18]   --->   Operation 12 'read' 'layer27_cpy2_read' <Predicate = true> <Delay = 1.82> <CoreInst = "FIFO">   --->   Core 77 'FIFO' <Latency = 0> <II = 1> <Delay = 2.24> <Storage> <Opcode : 'read' 'write' 'nbread' 'nbwrite'> <Ports = 0> <Width = 64> <Depth = 131> <FIFO>
ST_1 : Operation 13 [1/1] ( I:1.82ns O:1.82ns )   --->   "%layer6_out_read = read i108 @_ssdm_op_Read.ap_fifo.volatile.i108P0A, i108 %layer6_out" [firmware/nnet_utils/nnet_merge_stream.h:19]   --->   Operation 13 'read' 'layer6_out_read' <Predicate = true> <Delay = 1.82> <CoreInst = "FIFO_SRL">   --->   Core 80 'FIFO_SRL' <Latency = 0> <II = 1> <Delay = 2.26> <Storage> <Opcode : 'read' 'write' 'nbread' 'nbwrite'> <Ports = 0> <Width = 108> <Depth = 1> <FIFO>
ST_1 : Operation 14 [1/1] (0.00ns)   --->   "%trunc_ln19 = trunc i108 %layer6_out_read" [firmware/nnet_utils/nnet_merge_stream.h:19]   --->   Operation 14 'trunc' 'trunc_ln19' <Predicate = true> <Delay = 0.00>
ST_1 : Operation 15 [1/1] (0.00ns)   --->   "%trunc_ln19_1 = partselect i27 @_ssdm_op_PartSelect.i27.i108.i32.i32, i108 %layer6_out_read, i32 27, i32 53" [firmware/nnet_utils/nnet_merge_stream.h:19]   --->   Operation 15 'partselect' 'trunc_ln19_1' <Predicate = true> <Delay = 0.00>
ST_1 : Operation 16 [1/1] (0.00ns)   --->   "%trunc_ln19_2 = partselect i27 @_ssdm_op_PartSelect.i27.i108.i32.i32, i108 %layer6_out_read, i32 54, i32 80" [firmware/nnet_utils/nnet_merge_stream.h:19]   --->   Operation 16 'partselect' 'trunc_ln19_2' <Predicate = true> <Delay = 0.00>
ST_1 : Operation 17 [1/1] (0.00ns)   --->   "%trunc_ln19_3 = partselect i27 @_ssdm_op_PartSelect.i27.i108.i32.i32, i108 %layer6_out_read, i32 81, i32 107" [firmware/nnet_utils/nnet_merge_stream.h:19]   --->   Operation 17 'partselect' 'trunc_ln19_3' <Predicate = true> <Delay = 0.00>
ST_1 : Operation 18 [1/1] (0.00ns)   --->   "%trunc_ln26 = trunc i64 %layer27_cpy2_read" [firmware/nnet_utils/nnet_merge_stream.h:26]   --->   Operation 18 'trunc' 'trunc_ln26' <Predicate = true> <Delay = 0.00>
ST_1 : Operation 19 [1/1] (0.00ns)   --->   "%shl_ln = bitconcatenate i24 @_ssdm_op_BitConcatenate.i24.i16.i8, i16 %trunc_ln26, i8 0" [firmware/nnet_utils/nnet_merge_stream.h:26]   --->   Operation 19 'bitconcatenate' 'shl_ln' <Predicate = true> <Delay = 0.00>
ST_1 : Operation 20 [1/1] (0.00ns)   --->   "%sext_ln26_2 = sext i24 %shl_ln" [firmware/nnet_utils/nnet_merge_stream.h:26]   --->   Operation 20 'sext' 'sext_ln26_2' <Predicate = true> <Delay = 0.00>
ST_1 : Operation 21 [1/1] (0.00ns)   --->   "%sext_ln26_1 = sext i27 %trunc_ln19" [firmware/nnet_utils/nnet_merge_stream.h:26]   --->   Operation 21 'sext' 'sext_ln26_1' <Predicate = true> <Delay = 0.00>
ST_1 : Operation 22 [1/1] (1.46ns)   --->   "%add_ln26 = add i28 %sext_ln26_1, i28 %sext_ln26_2" [firmware/nnet_utils/nnet_merge_stream.h:26]   --->   Operation 22 'add' 'add_ln26' <Predicate = true> <Delay = 1.46> <CoreInst = "Adder">   --->   Core 1 'Adder' <Latency = 0> <II = 1> <Delay = 1.46> <FuncUnit> <Opcode : 'add' 'sub'> <InPorts = 2> <OutPorts = 1>
ST_1 : Operation 23 [1/1] (0.00ns)   --->   "%tmp_s = partselect i16 @_ssdm_op_PartSelect.i16.i64.i32.i32, i64 %layer27_cpy2_read, i32 16, i32 31" [firmware/nnet_utils/nnet_merge_stream.h:26]   --->   Operation 23 'partselect' 'tmp_s' <Predicate = true> <Delay = 0.00>
ST_1 : Operation 24 [1/1] (0.00ns)   --->   "%shl_ln26_1 = bitconcatenate i24 @_ssdm_op_BitConcatenate.i24.i16.i8, i16 %tmp_s, i8 0" [firmware/nnet_utils/nnet_merge_stream.h:26]   --->   Operation 24 'bitconcatenate' 'shl_ln26_1' <Predicate = true> <Delay = 0.00>
ST_1 : Operation 25 [1/1] (0.00ns)   --->   "%sext_ln26_6 = sext i24 %shl_ln26_1" [firmware/nnet_utils/nnet_merge_stream.h:26]   --->   Operation 25 'sext' 'sext_ln26_6' <Predicate = true> <Delay = 0.00>
ST_1 : Operation 26 [1/1] (0.00ns)   --->   "%sext_ln26_3 = sext i27 %trunc_ln19_1" [firmware/nnet_utils/nnet_merge_stream.h:26]   --->   Operation 26 'sext' 'sext_ln26_3' <Predicate = true> <Delay = 0.00>
ST_1 : Operation 27 [1/1] (1.46ns)   --->   "%add_ln26_1 = add i28 %sext_ln26_3, i28 %sext_ln26_6" [firmware/nnet_utils/nnet_merge_stream.h:26]   --->   Operation 27 'add' 'add_ln26_1' <Predicate = true> <Delay = 1.46> <CoreInst = "Adder">   --->   Core 1 'Adder' <Latency = 0> <II = 1> <Delay = 1.46> <FuncUnit> <Opcode : 'add' 'sub'> <InPorts = 2> <OutPorts = 1>
ST_1 : Operation 28 [1/1] (0.00ns)   --->   "%tmp_3 = partselect i16 @_ssdm_op_PartSelect.i16.i64.i32.i32, i64 %layer27_cpy2_read, i32 32, i32 47" [firmware/nnet_utils/nnet_merge_stream.h:26]   --->   Operation 28 'partselect' 'tmp_3' <Predicate = true> <Delay = 0.00>
ST_1 : Operation 29 [1/1] (0.00ns)   --->   "%shl_ln26_2 = bitconcatenate i24 @_ssdm_op_BitConcatenate.i24.i16.i8, i16 %tmp_3, i8 0" [firmware/nnet_utils/nnet_merge_stream.h:26]   --->   Operation 29 'bitconcatenate' 'shl_ln26_2' <Predicate = true> <Delay = 0.00>
ST_1 : Operation 30 [1/1] (0.00ns)   --->   "%sext_ln26_9 = sext i24 %shl_ln26_2" [firmware/nnet_utils/nnet_merge_stream.h:26]   --->   Operation 30 'sext' 'sext_ln26_9' <Predicate = true> <Delay = 0.00>
ST_1 : Operation 31 [1/1] (0.00ns)   --->   "%sext_ln26_5 = sext i27 %trunc_ln19_2" [firmware/nnet_utils/nnet_merge_stream.h:26]   --->   Operation 31 'sext' 'sext_ln26_5' <Predicate = true> <Delay = 0.00>
ST_1 : Operation 32 [1/1] (1.46ns)   --->   "%add_ln26_2 = add i28 %sext_ln26_5, i28 %sext_ln26_9" [firmware/nnet_utils/nnet_merge_stream.h:26]   --->   Operation 32 'add' 'add_ln26_2' <Predicate = true> <Delay = 1.46> <CoreInst = "Adder">   --->   Core 1 'Adder' <Latency = 0> <II = 1> <Delay = 1.46> <FuncUnit> <Opcode : 'add' 'sub'> <InPorts = 2> <OutPorts = 1>
ST_1 : Operation 33 [1/1] (0.00ns)   --->   "%tmp_4 = partselect i16 @_ssdm_op_PartSelect.i16.i64.i32.i32, i64 %layer27_cpy2_read, i32 48, i32 63" [firmware/nnet_utils/nnet_merge_stream.h:26]   --->   Operation 33 'partselect' 'tmp_4' <Predicate = true> <Delay = 0.00>
ST_1 : Operation 34 [1/1] (0.00ns)   --->   "%shl_ln26_3 = bitconcatenate i24 @_ssdm_op_BitConcatenate.i24.i16.i8, i16 %tmp_4, i8 0" [firmware/nnet_utils/nnet_merge_stream.h:26]   --->   Operation 34 'bitconcatenate' 'shl_ln26_3' <Predicate = true> <Delay = 0.00>
ST_1 : Operation 35 [1/1] (0.00ns)   --->   "%sext_ln26_11 = sext i24 %shl_ln26_3" [firmware/nnet_utils/nnet_merge_stream.h:26]   --->   Operation 35 'sext' 'sext_ln26_11' <Predicate = true> <Delay = 0.00>
ST_1 : Operation 36 [1/1] (0.00ns)   --->   "%sext_ln26_7 = sext i27 %trunc_ln19_3" [firmware/nnet_utils/nnet_merge_stream.h:26]   --->   Operation 36 'sext' 'sext_ln26_7' <Predicate = true> <Delay = 0.00>
ST_1 : Operation 37 [1/1] (1.46ns)   --->   "%add_ln26_3 = add i28 %sext_ln26_7, i28 %sext_ln26_11" [firmware/nnet_utils/nnet_merge_stream.h:26]   --->   Operation 37 'add' 'add_ln26_3' <Predicate = true> <Delay = 1.46> <CoreInst = "Adder">   --->   Core 1 'Adder' <Latency = 0> <II = 1> <Delay = 1.46> <FuncUnit> <Opcode : 'add' 'sub'> <InPorts = 2> <OutPorts = 1>
ST_1 : Operation 38 [1/1] (1.38ns)   --->   "%i_46 = add i14 %i_45, i14 1" [firmware/nnet_utils/nnet_merge_stream.h:15]   --->   Operation 38 'add' 'i_46' <Predicate = true> <Delay = 1.38> <CoreInst = "Adder">   --->   Core 1 'Adder' <Latency = 0> <II = 1> <Delay = 1.38> <FuncUnit> <Opcode : 'add' 'sub'> <InPorts = 2> <OutPorts = 1>
ST_1 : Operation 39 [1/1] (1.38ns)   --->   "%icmp_ln15 = icmp_eq  i14 %i_45, i14 16383" [firmware/nnet_utils/nnet_merge_stream.h:15]   --->   Operation 39 'icmp' 'icmp_ln15' <Predicate = true> <Delay = 1.38> <CoreInst = "Cmp">   --->   Core 9 'Cmp' <Latency = 0> <II = 1> <Delay = 1.38> <FuncUnit> <Opcode : 'seteq' 'setne' 'setle' 'setge' 'setlt' 'setgt'> <InPorts = 2> <OutPorts = 1>
ST_1 : Operation 40 [1/1] (0.53ns)   --->   "%store_ln15 = store i14 %i_46, i14 %i" [firmware/nnet_utils/nnet_merge_stream.h:15]   --->   Operation 40 'store' 'store_ln15' <Predicate = true> <Delay = 0.53>
ST_1 : Operation 41 [1/1] (0.00ns)   --->   "%br_ln15 = br i1 %icmp_ln15, void %AddPack.split, void %for.end11" [firmware/nnet_utils/nnet_merge_stream.h:15]   --->   Operation 41 'br' 'br_ln15' <Predicate = true> <Delay = 0.00>

State 2 <SV = 1> <Delay = 1.82>
ST_2 : Operation 42 [1/1] (0.00ns)   --->   "%specpipeline_ln16 = specpipeline void @_ssdm_op_SpecPipeline, i32 4294967295, i32 0, i32 0, i32 0, i32 4294967295, void @empty_1" [firmware/nnet_utils/nnet_merge_stream.h:16]   --->   Operation 42 'specpipeline' 'specpipeline_ln16' <Predicate = true> <Delay = 0.00>
ST_2 : Operation 43 [1/1] (0.00ns)   --->   "%speclooptripcount_ln15 = speclooptripcount void @_ssdm_op_SpecLoopTripCount, i64 16384, i64 16384, i64 16384" [firmware/nnet_utils/nnet_merge_stream.h:15]   --->   Operation 43 'speclooptripcount' 'speclooptripcount_ln15' <Predicate = true> <Delay = 0.00>
ST_2 : Operation 44 [1/1] (0.00ns)   --->   "%specloopname_ln15 = specloopname void @_ssdm_op_SpecLoopName, void @empty_8" [firmware/nnet_utils/nnet_merge_stream.h:15]   --->   Operation 44 'specloopname' 'specloopname_ln15' <Predicate = true> <Delay = 0.00>
ST_2 : Operation 45 [1/1] (0.00ns)   --->   "%or_ln29_5 = bitconcatenate i112 @_ssdm_op_BitConcatenate.i112.i28.i28.i28.i28, i28 %add_ln26_3, i28 %add_ln26_2, i28 %add_ln26_1, i28 %add_ln26" [firmware/nnet_utils/nnet_merge_stream.h:29]   --->   Operation 45 'bitconcatenate' 'or_ln29_5' <Predicate = true> <Delay = 0.00>
ST_2 : Operation 46 [1/1] ( I:1.82ns O:1.82ns )   --->   "%write_ln29 = write void @_ssdm_op_Write.ap_fifo.volatile.i112P0A, i112 %layer7_out, i112 %or_ln29_5" [firmware/nnet_utils/nnet_merge_stream.h:29]   --->   Operation 46 'write' 'write_ln29' <Predicate = true> <Delay = 1.82> <CoreInst = "FIFO_SRL">   --->   Core 80 'FIFO_SRL' <Latency = 0> <II = 1> <Delay = 2.26> <Storage> <Opcode : 'read' 'write' 'nbread' 'nbwrite'> <Ports = 0> <Width = 112> <Depth = 2> <FIFO>
ST_2 : Operation 47 [1/1] (0.53ns)   --->   "%ret_ln31 = ret" [firmware/nnet_utils/nnet_merge_stream.h:31]   --->   Operation 47 'ret' 'ret_ln31' <Predicate = (icmp_ln15)> <Delay = 0.53>


============================================================
+ Verbose Summary: Binding
============================================================
STG Binding: 
---------------- STG Properties BEGIN ----------------
- Is combinational: 0
- Is one-state seq: 0
- Is datapath-only: 0
- Is pipelined: 0
- Is top level: 0
Port [ Return ] is wired: 1; IO mode=ap_ctrl_hs:ce=0
Port [ layer27_cpy2]:  wired=1; compound=1; hidden=0; nouse=0; global=0; static=0; extern=0; dir=0; type=3; pingpong=0; private_global=0; IO mode=ap_fifo:ce=0
Port [ layer6_out]:  wired=1; compound=1; hidden=0; nouse=0; global=0; static=0; extern=0; dir=0; type=3; pingpong=0; private_global=0; IO mode=ap_fifo:ce=0
Port [ layer7_out]:  wired=1; compound=1; hidden=0; nouse=0; global=0; static=0; extern=0; dir=1; type=3; pingpong=0; private_global=0; IO mode=ap_fifo:ce=0
---------------- STG Properties END ------------------

---------------- Datapath Model BEGIN ----------------

<LifeTime>
<method=bitvector/>
i                      (alloca           ) [ 010]
specinterface_ln0      (specinterface    ) [ 000]
specinterface_ln0      (specinterface    ) [ 000]
specinterface_ln0      (specinterface    ) [ 000]
store_ln15             (store            ) [ 000]
br_ln15                (br               ) [ 000]
i_45                   (load             ) [ 000]
layer27_cpy2_read      (read             ) [ 000]
layer6_out_read        (read             ) [ 000]
trunc_ln19             (trunc            ) [ 000]
trunc_ln19_1           (partselect       ) [ 000]
trunc_ln19_2           (partselect       ) [ 000]
trunc_ln19_3           (partselect       ) [ 000]
trunc_ln26             (trunc            ) [ 000]
shl_ln                 (bitconcatenate   ) [ 000]
sext_ln26_2            (sext             ) [ 000]
sext_ln26_1            (sext             ) [ 000]
add_ln26               (add              ) [ 011]
tmp_s                  (partselect       ) [ 000]
shl_ln26_1             (bitconcatenate   ) [ 000]
sext_ln26_6            (sext             ) [ 000]
sext_ln26_3            (sext             ) [ 000]
add_ln26_1             (add              ) [ 011]
tmp_3                  (partselect       ) [ 000]
shl_ln26_2             (bitconcatenate   ) [ 000]
sext_ln26_9            (sext             ) [ 000]
sext_ln26_5            (sext             ) [ 000]
add_ln26_2             (add              ) [ 011]
tmp_4                  (partselect       ) [ 000]
shl_ln26_3             (bitconcatenate   ) [ 000]
sext_ln26_11           (sext             ) [ 000]
sext_ln26_7            (sext             ) [ 000]
add_ln26_3             (add              ) [ 011]
i_46                   (add              ) [ 000]
icmp_ln15              (icmp             ) [ 011]
store_ln15             (store            ) [ 000]
br_ln15                (br               ) [ 000]
specpipeline_ln16      (specpipeline     ) [ 000]
speclooptripcount_ln15 (speclooptripcount) [ 000]
specloopname_ln15      (specloopname     ) [ 000]
or_ln29_5              (bitconcatenate   ) [ 000]
write_ln29             (write            ) [ 000]
ret_ln31               (ret              ) [ 000]
</LifeTime>

<model>

<comp_list>
<comp id="0" class="1000" name="layer27_cpy2">
<pin_list>
<pin id="1" dir="1" index="0" bw="1" slack="0"/>
</pin_list>
<bind>
<StgValue><ssdm name="layer27_cpy2"/></StgValue>
</bind>
</comp>

<comp id="2" class="1000" name="layer6_out">
<pin_list>
<pin id="3" dir="1" index="0" bw="1" slack="0"/>
</pin_list>
<bind>
<StgValue><ssdm name="layer6_out"/></StgValue>
</bind>
</comp>

<comp id="4" class="1000" name="layer7_out">
<pin_list>
<pin id="5" dir="1" index="0" bw="1" slack="0"/>
</pin_list>
<bind>
<StgValue><ssdm name="layer7_out"/></StgValue>
</bind>
</comp>

<comp id="6" class="1001" name="const_6">
<pin_list>
<pin id="7" dir="1" index="0" bw="1" slack="0"/>
</pin_list>
<bind>
<StgValue><ssdm name=""/></StgValue>
</bind>
</comp>

<comp id="8" class="1001" name="const_8">
<pin_list>
<pin id="9" dir="1" index="0" bw="1" slack="2147483647"/>
</pin_list>
<bind>
<StgValue><ssdm name="_ssdm_op_SpecInterface"/></StgValue>
</bind>
</comp>

<comp id="10" class="1001" name="const_10">
<pin_list>
<pin id="11" dir="1" index="0" bw="1" slack="2147483647"/>
</pin_list>
<bind>
<StgValue><ssdm name="empty_2"/></StgValue>
</bind>
</comp>

<comp id="12" class="1001" name="const_12">
<pin_list>
<pin id="13" dir="1" index="0" bw="1" slack="2147483647"/>
</pin_list>
<bind>
<StgValue><ssdm name=""/></StgValue>
</bind>
</comp>

<comp id="14" class="1001" name="const_14">
<pin_list>
<pin id="15" dir="1" index="0" bw="1" slack="2147483647"/>
</pin_list>
<bind>
<StgValue><ssdm name="empty_1"/></StgValue>
</bind>
</comp>

<comp id="16" class="1001" name="const_16">
<pin_list>
<pin id="17" dir="1" index="0" bw="1" slack="2147483647"/>
</pin_list>
<bind>
<StgValue><ssdm name=""/></StgValue>
</bind>
</comp>

<comp id="18" class="1001" name="const_18">
<pin_list>
<pin id="19" dir="1" index="0" bw="1" slack="0"/>
</pin_list>
<bind>
<StgValue><ssdm name=""/></StgValue>
</bind>
</comp>

<comp id="20" class="1001" name="const_20">
<pin_list>
<pin id="21" dir="1" index="0" bw="1" slack="0"/>
</pin_list>
<bind>
<StgValue><ssdm name="_ssdm_op_Read.ap_fifo.volatile.i64P0A"/></StgValue>
</bind>
</comp>

<comp id="22" class="1001" name="const_22">
<pin_list>
<pin id="23" dir="1" index="0" bw="1" slack="0"/>
</pin_list>
<bind>
<StgValue><ssdm name="_ssdm_op_Read.ap_fifo.volatile.i108P0A"/></StgValue>
</bind>
</comp>

<comp id="24" class="1001" name="const_24">
<pin_list>
<pin id="25" dir="1" index="0" bw="1" slack="0"/>
</pin_list>
<bind>
<StgValue><ssdm name="_ssdm_op_PartSelect.i27.i108.i32.i32"/></StgValue>
</bind>
</comp>

<comp id="26" class="1001" name="const_26">
<pin_list>
<pin id="27" dir="1" index="0" bw="1" slack="0"/>
</pin_list>
<bind>
<StgValue><ssdm name=""/></StgValue>
</bind>
</comp>

<comp id="28" class="1001" name="const_28">
<pin_list>
<pin id="29" dir="1" index="0" bw="1" slack="0"/>
</pin_list>
<bind>
<StgValue><ssdm name=""/></StgValue>
</bind>
</comp>

<comp id="30" class="1001" name="const_30">
<pin_list>
<pin id="31" dir="1" index="0" bw="1" slack="0"/>
</pin_list>
<bind>
<StgValue><ssdm name=""/></StgValue>
</bind>
</comp>

<comp id="32" class="1001" name="const_32">
<pin_list>
<pin id="33" dir="1" index="0" bw="1" slack="0"/>
</pin_list>
<bind>
<StgValue><ssdm name=""/></StgValue>
</bind>
</comp>

<comp id="34" class="1001" name="const_34">
<pin_list>
<pin id="35" dir="1" index="0" bw="1" slack="0"/>
</pin_list>
<bind>
<StgValue><ssdm name=""/></StgValue>
</bind>
</comp>

<comp id="36" class="1001" name="const_36">
<pin_list>
<pin id="37" dir="1" index="0" bw="1" slack="0"/>
</pin_list>
<bind>
<StgValue><ssdm name=""/></StgValue>
</bind>
</comp>

<comp id="38" class="1001" name="const_38">
<pin_list>
<pin id="39" dir="1" index="0" bw="1" slack="0"/>
</pin_list>
<bind>
<StgValue><ssdm name="_ssdm_op_BitConcatenate.i24.i16.i8"/></StgValue>
</bind>
</comp>

<comp id="40" class="1001" name="const_40">
<pin_list>
<pin id="41" dir="1" index="0" bw="1" slack="0"/>
</pin_list>
<bind>
<StgValue><ssdm name=""/></StgValue>
</bind>
</comp>

<comp id="42" class="1001" name="const_42">
<pin_list>
<pin id="43" dir="1" index="0" bw="1" slack="0"/>
</pin_list>
<bind>
<StgValue><ssdm name="_ssdm_op_PartSelect.i16.i64.i32.i32"/></StgValue>
</bind>
</comp>

<comp id="44" class="1001" name="const_44">
<pin_list>
<pin id="45" dir="1" index="0" bw="1" slack="0"/>
</pin_list>
<bind>
<StgValue><ssdm name=""/></StgValue>
</bind>
</comp>

<comp id="46" class="1001" name="const_46">
<pin_list>
<pin id="47" dir="1" index="0" bw="1" slack="0"/>
</pin_list>
<bind>
<StgValue><ssdm name=""/></StgValue>
</bind>
</comp>

<comp id="48" class="1001" name="const_48">
<pin_list>
<pin id="49" dir="1" index="0" bw="1" slack="0"/>
</pin_list>
<bind>
<StgValue><ssdm name=""/></StgValue>
</bind>
</comp>

<comp id="50" class="1001" name="const_50">
<pin_list>
<pin id="51" dir="1" index="0" bw="1" slack="0"/>
</pin_list>
<bind>
<StgValue><ssdm name=""/></StgValue>
</bind>
</comp>

<comp id="52" class="1001" name="const_52">
<pin_list>
<pin id="53" dir="1" index="0" bw="1" slack="0"/>
</pin_list>
<bind>
<StgValue><ssdm name=""/></StgValue>
</bind>
</comp>

<comp id="54" class="1001" name="const_54">
<pin_list>
<pin id="55" dir="1" index="0" bw="1" slack="0"/>
</pin_list>
<bind>
<StgValue><ssdm name=""/></StgValue>
</bind>
</comp>

<comp id="56" class="1001" name="const_56">
<pin_list>
<pin id="57" dir="1" index="0" bw="1" slack="0"/>
</pin_list>
<bind>
<StgValue><ssdm name=""/></StgValue>
</bind>
</comp>

<comp id="58" class="1001" name="const_58">
<pin_list>
<pin id="59" dir="1" index="0" bw="1" slack="0"/>
</pin_list>
<bind>
<StgValue><ssdm name=""/></StgValue>
</bind>
</comp>

<comp id="60" class="1001" name="const_60">
<pin_list>
<pin id="61" dir="1" index="0" bw="1" slack="2147483647"/>
</pin_list>
<bind>
<StgValue><ssdm name="_ssdm_op_SpecPipeline"/></StgValue>
</bind>
</comp>

<comp id="62" class="1001" name="const_62">
<pin_list>
<pin id="63" dir="1" index="0" bw="1" slack="2147483647"/>
</pin_list>
<bind>
<StgValue><ssdm name="_ssdm_op_SpecLoopTripCount"/></StgValue>
</bind>
</comp>

<comp id="64" class="1001" name="const_64">
<pin_list>
<pin id="65" dir="1" index="0" bw="1" slack="2147483647"/>
</pin_list>
<bind>
<StgValue><ssdm name=""/></StgValue>
</bind>
</comp>

<comp id="66" class="1001" name="const_66">
<pin_list>
<pin id="67" dir="1" index="0" bw="1" slack="2147483647"/>
</pin_list>
<bind>
<StgValue><ssdm name="_ssdm_op_SpecLoopName"/></StgValue>
</bind>
</comp>

<comp id="68" class="1001" name="const_68">
<pin_list>
<pin id="69" dir="1" index="0" bw="1" slack="2147483647"/>
</pin_list>
<bind>
<StgValue><ssdm name="empty_8"/></StgValue>
</bind>
</comp>

<comp id="70" class="1001" name="const_70">
<pin_list>
<pin id="71" dir="1" index="0" bw="1" slack="0"/>
</pin_list>
<bind>
<StgValue><ssdm name="_ssdm_op_BitConcatenate.i112.i28.i28.i28.i28"/></StgValue>
</bind>
</comp>

<comp id="72" class="1001" name="const_72">
<pin_list>
<pin id="73" dir="1" index="0" bw="1" slack="0"/>
</pin_list>
<bind>
<StgValue><ssdm name="_ssdm_op_Write.ap_fifo.volatile.i112P0A"/></StgValue>
</bind>
</comp>

<comp id="74" class="1004" name="i_fu_74">
<pin_list>
<pin id="75" dir="0" index="0" bw="1" slack="0"/>
<pin id="76" dir="1" index="1" bw="14" slack="0"/>
</pin_list>
<bind>
<opcode="alloca(26) " fcode="alloca"/>
<opset="i/1 "/>
</bind>
</comp>

<comp id="78" class="1004" name="layer27_cpy2_read_read_fu_78">
<pin_list>
<pin id="79" dir="0" index="0" bw="64" slack="0"/>
<pin id="80" dir="0" index="1" bw="64" slack="0"/>
<pin id="81" dir="1" index="2" bw="64" slack="0"/>
</pin_list>
<bind>
<opcode="read(1150) " fcode="read"/>
<opset="layer27_cpy2_read/1 "/>
</bind>
</comp>

<comp id="84" class="1004" name="layer6_out_read_read_fu_84">
<pin_list>
<pin id="85" dir="0" index="0" bw="108" slack="0"/>
<pin id="86" dir="0" index="1" bw="108" slack="0"/>
<pin id="87" dir="1" index="2" bw="108" slack="0"/>
</pin_list>
<bind>
<opcode="read(1150) " fcode="read"/>
<opset="layer6_out_read/1 "/>
</bind>
</comp>

<comp id="90" class="1004" name="write_ln29_write_fu_90">
<pin_list>
<pin id="91" dir="0" index="0" bw="0" slack="0"/>
<pin id="92" dir="0" index="1" bw="112" slack="0"/>
<pin id="93" dir="0" index="2" bw="112" slack="0"/>
<pin id="94" dir="1" index="3" bw="0" slack="2147483647"/>
</pin_list>
<bind>
<opcode="write(1151) " fcode="write"/>
<opset="write_ln29/2 "/>
</bind>
</comp>

<comp id="97" class="1004" name="store_ln15_store_fu_97">
<pin_list>
<pin id="98" dir="0" index="0" bw="1" slack="0"/>
<pin id="99" dir="0" index="1" bw="14" slack="0"/>
<pin id="100" dir="1" index="2" bw="0" slack="2147483647"/>
</pin_list>
<bind>
<opcode="store(28) " fcode="store"/>
<opset="store_ln15/1 "/>
</bind>
</comp>

<comp id="102" class="1004" name="i_45_load_fu_102">
<pin_list>
<pin id="103" dir="0" index="0" bw="14" slack="0"/>
<pin id="104" dir="1" index="1" bw="14" slack="0"/>
</pin_list>
<bind>
<opcode="load(27) " fcode="load"/>
<opset="i_45/1 "/>
</bind>
</comp>

<comp id="105" class="1004" name="trunc_ln19_fu_105">
<pin_list>
<pin id="106" dir="0" index="0" bw="108" slack="0"/>
<pin id="107" dir="1" index="1" bw="27" slack="0"/>
</pin_list>
<bind>
<opcode="trunc(33) " fcode="trunc"/>
<opset="trunc_ln19/1 "/>
</bind>
</comp>

<comp id="109" class="1004" name="trunc_ln19_1_fu_109">
<pin_list>
<pin id="110" dir="0" index="0" bw="27" slack="0"/>
<pin id="111" dir="0" index="1" bw="108" slack="0"/>
<pin id="112" dir="0" index="2" bw="6" slack="0"/>
<pin id="113" dir="0" index="3" bw="7" slack="0"/>
<pin id="114" dir="1" index="4" bw="27" slack="0"/>
</pin_list>
<bind>
<opcode="partselect(1002) " fcode="partselect"/>
<opset="trunc_ln19_1/1 "/>
</bind>
</comp>

<comp id="119" class="1004" name="trunc_ln19_2_fu_119">
<pin_list>
<pin id="120" dir="0" index="0" bw="27" slack="0"/>
<pin id="121" dir="0" index="1" bw="108" slack="0"/>
<pin id="122" dir="0" index="2" bw="7" slack="0"/>
<pin id="123" dir="0" index="3" bw="8" slack="0"/>
<pin id="124" dir="1" index="4" bw="27" slack="0"/>
</pin_list>
<bind>
<opcode="partselect(1002) " fcode="partselect"/>
<opset="trunc_ln19_2/1 "/>
</bind>
</comp>

<comp id="129" class="1004" name="trunc_ln19_3_fu_129">
<pin_list>
<pin id="130" dir="0" index="0" bw="27" slack="0"/>
<pin id="131" dir="0" index="1" bw="108" slack="0"/>
<pin id="132" dir="0" index="2" bw="8" slack="0"/>
<pin id="133" dir="0" index="3" bw="8" slack="0"/>
<pin id="134" dir="1" index="4" bw="27" slack="0"/>
</pin_list>
<bind>
<opcode="partselect(1002) " fcode="partselect"/>
<opset="trunc_ln19_3/1 "/>
</bind>
</comp>

<comp id="139" class="1004" name="trunc_ln26_fu_139">
<pin_list>
<pin id="140" dir="0" index="0" bw="64" slack="0"/>
<pin id="141" dir="1" index="1" bw="16" slack="0"/>
</pin_list>
<bind>
<opcode="trunc(33) " fcode="trunc"/>
<opset="trunc_ln26/1 "/>
</bind>
</comp>

<comp id="143" class="1004" name="shl_ln_fu_143">
<pin_list>
<pin id="144" dir="0" index="0" bw="24" slack="0"/>
<pin id="145" dir="0" index="1" bw="16" slack="0"/>
<pin id="146" dir="0" index="2" bw="1" slack="0"/>
<pin id="147" dir="1" index="3" bw="24" slack="0"/>
</pin_list>
<bind>
<opcode="bitconcatenate(1004) " fcode="bitconcatenate"/>
<opset="shl_ln/1 "/>
</bind>
</comp>

<comp id="151" class="1004" name="sext_ln26_2_fu_151">
<pin_list>
<pin id="152" dir="0" index="0" bw="24" slack="0"/>
<pin id="153" dir="1" index="1" bw="28" slack="0"/>
</pin_list>
<bind>
<opcode="sext(35) " fcode="sext"/>
<opset="sext_ln26_2/1 "/>
</bind>
</comp>

<comp id="155" class="1004" name="sext_ln26_1_fu_155">
<pin_list>
<pin id="156" dir="0" index="0" bw="27" slack="0"/>
<pin id="157" dir="1" index="1" bw="28" slack="0"/>
</pin_list>
<bind>
<opcode="sext(35) " fcode="sext"/>
<opset="sext_ln26_1/1 "/>
</bind>
</comp>

<comp id="159" class="1004" name="add_ln26_fu_159">
<pin_list>
<pin id="160" dir="0" index="0" bw="27" slack="0"/>
<pin id="161" dir="0" index="1" bw="24" slack="0"/>
<pin id="162" dir="1" index="2" bw="28" slack="1"/>
</pin_list>
<bind>
<opcode="add(8) " fcode="add"/>
<opset="add_ln26/1 "/>
</bind>
</comp>

<comp id="165" class="1004" name="tmp_s_fu_165">
<pin_list>
<pin id="166" dir="0" index="0" bw="16" slack="0"/>
<pin id="167" dir="0" index="1" bw="64" slack="0"/>
<pin id="168" dir="0" index="2" bw="6" slack="0"/>
<pin id="169" dir="0" index="3" bw="6" slack="0"/>
<pin id="170" dir="1" index="4" bw="16" slack="0"/>
</pin_list>
<bind>
<opcode="partselect(1002) " fcode="partselect"/>
<opset="tmp_s/1 "/>
</bind>
</comp>

<comp id="175" class="1004" name="shl_ln26_1_fu_175">
<pin_list>
<pin id="176" dir="0" index="0" bw="24" slack="0"/>
<pin id="177" dir="0" index="1" bw="16" slack="0"/>
<pin id="178" dir="0" index="2" bw="1" slack="0"/>
<pin id="179" dir="1" index="3" bw="24" slack="0"/>
</pin_list>
<bind>
<opcode="bitconcatenate(1004) " fcode="bitconcatenate"/>
<opset="shl_ln26_1/1 "/>
</bind>
</comp>

<comp id="183" class="1004" name="sext_ln26_6_fu_183">
<pin_list>
<pin id="184" dir="0" index="0" bw="24" slack="0"/>
<pin id="185" dir="1" index="1" bw="28" slack="0"/>
</pin_list>
<bind>
<opcode="sext(35) " fcode="sext"/>
<opset="sext_ln26_6/1 "/>
</bind>
</comp>

<comp id="187" class="1004" name="sext_ln26_3_fu_187">
<pin_list>
<pin id="188" dir="0" index="0" bw="27" slack="0"/>
<pin id="189" dir="1" index="1" bw="28" slack="0"/>
</pin_list>
<bind>
<opcode="sext(35) " fcode="sext"/>
<opset="sext_ln26_3/1 "/>
</bind>
</comp>

<comp id="191" class="1004" name="add_ln26_1_fu_191">
<pin_list>
<pin id="192" dir="0" index="0" bw="27" slack="0"/>
<pin id="193" dir="0" index="1" bw="24" slack="0"/>
<pin id="194" dir="1" index="2" bw="28" slack="1"/>
</pin_list>
<bind>
<opcode="add(8) " fcode="add"/>
<opset="add_ln26_1/1 "/>
</bind>
</comp>

<comp id="197" class="1004" name="tmp_3_fu_197">
<pin_list>
<pin id="198" dir="0" index="0" bw="16" slack="0"/>
<pin id="199" dir="0" index="1" bw="64" slack="0"/>
<pin id="200" dir="0" index="2" bw="7" slack="0"/>
<pin id="201" dir="0" index="3" bw="7" slack="0"/>
<pin id="202" dir="1" index="4" bw="16" slack="0"/>
</pin_list>
<bind>
<opcode="partselect(1002) " fcode="partselect"/>
<opset="tmp_3/1 "/>
</bind>
</comp>

<comp id="207" class="1004" name="shl_ln26_2_fu_207">
<pin_list>
<pin id="208" dir="0" index="0" bw="24" slack="0"/>
<pin id="209" dir="0" index="1" bw="16" slack="0"/>
<pin id="210" dir="0" index="2" bw="1" slack="0"/>
<pin id="211" dir="1" index="3" bw="24" slack="0"/>
</pin_list>
<bind>
<opcode="bitconcatenate(1004) " fcode="bitconcatenate"/>
<opset="shl_ln26_2/1 "/>
</bind>
</comp>

<comp id="215" class="1004" name="sext_ln26_9_fu_215">
<pin_list>
<pin id="216" dir="0" index="0" bw="24" slack="0"/>
<pin id="217" dir="1" index="1" bw="28" slack="0"/>
</pin_list>
<bind>
<opcode="sext(35) " fcode="sext"/>
<opset="sext_ln26_9/1 "/>
</bind>
</comp>

<comp id="219" class="1004" name="sext_ln26_5_fu_219">
<pin_list>
<pin id="220" dir="0" index="0" bw="27" slack="0"/>
<pin id="221" dir="1" index="1" bw="28" slack="0"/>
</pin_list>
<bind>
<opcode="sext(35) " fcode="sext"/>
<opset="sext_ln26_5/1 "/>
</bind>
</comp>

<comp id="223" class="1004" name="add_ln26_2_fu_223">
<pin_list>
<pin id="224" dir="0" index="0" bw="27" slack="0"/>
<pin id="225" dir="0" index="1" bw="24" slack="0"/>
<pin id="226" dir="1" index="2" bw="28" slack="1"/>
</pin_list>
<bind>
<opcode="add(8) " fcode="add"/>
<opset="add_ln26_2/1 "/>
</bind>
</comp>

<comp id="229" class="1004" name="tmp_4_fu_229">
<pin_list>
<pin id="230" dir="0" index="0" bw="16" slack="0"/>
<pin id="231" dir="0" index="1" bw="64" slack="0"/>
<pin id="232" dir="0" index="2" bw="7" slack="0"/>
<pin id="233" dir="0" index="3" bw="7" slack="0"/>
<pin id="234" dir="1" index="4" bw="16" slack="0"/>
</pin_list>
<bind>
<opcode="partselect(1002) " fcode="partselect"/>
<opset="tmp_4/1 "/>
</bind>
</comp>

<comp id="239" class="1004" name="shl_ln26_3_fu_239">
<pin_list>
<pin id="240" dir="0" index="0" bw="24" slack="0"/>
<pin id="241" dir="0" index="1" bw="16" slack="0"/>
<pin id="242" dir="0" index="2" bw="1" slack="0"/>
<pin id="243" dir="1" index="3" bw="24" slack="0"/>
</pin_list>
<bind>
<opcode="bitconcatenate(1004) " fcode="bitconcatenate"/>
<opset="shl_ln26_3/1 "/>
</bind>
</comp>

<comp id="247" class="1004" name="sext_ln26_11_fu_247">
<pin_list>
<pin id="248" dir="0" index="0" bw="24" slack="0"/>
<pin id="249" dir="1" index="1" bw="28" slack="0"/>
</pin_list>
<bind>
<opcode="sext(35) " fcode="sext"/>
<opset="sext_ln26_11/1 "/>
</bind>
</comp>

<comp id="251" class="1004" name="sext_ln26_7_fu_251">
<pin_list>
<pin id="252" dir="0" index="0" bw="27" slack="0"/>
<pin id="253" dir="1" index="1" bw="28" slack="0"/>
</pin_list>
<bind>
<opcode="sext(35) " fcode="sext"/>
<opset="sext_ln26_7/1 "/>
</bind>
</comp>

<comp id="255" class="1004" name="add_ln26_3_fu_255">
<pin_list>
<pin id="256" dir="0" index="0" bw="27" slack="0"/>
<pin id="257" dir="0" index="1" bw="24" slack="0"/>
<pin id="258" dir="1" index="2" bw="28" slack="1"/>
</pin_list>
<bind>
<opcode="add(8) " fcode="add"/>
<opset="add_ln26_3/1 "/>
</bind>
</comp>

<comp id="261" class="1004" name="i_46_fu_261">
<pin_list>
<pin id="262" dir="0" index="0" bw="14" slack="0"/>
<pin id="263" dir="0" index="1" bw="1" slack="0"/>
<pin id="264" dir="1" index="2" bw="14" slack="0"/>
</pin_list>
<bind>
<opcode="add(8) " fcode="add"/>
<opset="i_46/1 "/>
</bind>
</comp>

<comp id="267" class="1004" name="icmp_ln15_fu_267">
<pin_list>
<pin id="268" dir="0" index="0" bw="14" slack="0"/>
<pin id="269" dir="0" index="1" bw="14" slack="0"/>
<pin id="270" dir="1" index="2" bw="1" slack="1"/>
</pin_list>
<bind>
<opcode="icmp(45) " fcode="icmp"/>
<opset="icmp_ln15/1 "/>
</bind>
</comp>

<comp id="273" class="1004" name="store_ln15_store_fu_273">
<pin_list>
<pin id="274" dir="0" index="0" bw="14" slack="0"/>
<pin id="275" dir="0" index="1" bw="14" slack="0"/>
<pin id="276" dir="1" index="2" bw="0" slack="2147483647"/>
</pin_list>
<bind>
<opcode="store(28) " fcode="store"/>
<opset="store_ln15/1 "/>
</bind>
</comp>

<comp id="278" class="1004" name="or_ln29_5_fu_278">
<pin_list>
<pin id="279" dir="0" index="0" bw="112" slack="0"/>
<pin id="280" dir="0" index="1" bw="28" slack="1"/>
<pin id="281" dir="0" index="2" bw="28" slack="1"/>
<pin id="282" dir="0" index="3" bw="28" slack="1"/>
<pin id="283" dir="0" index="4" bw="28" slack="1"/>
<pin id="284" dir="1" index="5" bw="112" slack="0"/>
</pin_list>
<bind>
<opcode="bitconcatenate(1004) " fcode="bitconcatenate"/>
<opset="or_ln29_5/2 "/>
</bind>
</comp>

<comp id="287" class="1005" name="i_reg_287">
<pin_list>
<pin id="288" dir="0" index="0" bw="14" slack="0"/>
<pin id="289" dir="1" index="1" bw="14" slack="0"/>
</pin_list>
<bind>
<opset="i "/>
</bind>
</comp>

<comp id="294" class="1005" name="add_ln26_reg_294">
<pin_list>
<pin id="295" dir="0" index="0" bw="28" slack="1"/>
<pin id="296" dir="1" index="1" bw="28" slack="1"/>
</pin_list>
<bind>
<opset="add_ln26 "/>
</bind>
</comp>

<comp id="299" class="1005" name="add_ln26_1_reg_299">
<pin_list>
<pin id="300" dir="0" index="0" bw="28" slack="1"/>
<pin id="301" dir="1" index="1" bw="28" slack="1"/>
</pin_list>
<bind>
<opset="add_ln26_1 "/>
</bind>
</comp>

<comp id="304" class="1005" name="add_ln26_2_reg_304">
<pin_list>
<pin id="305" dir="0" index="0" bw="28" slack="1"/>
<pin id="306" dir="1" index="1" bw="28" slack="1"/>
</pin_list>
<bind>
<opset="add_ln26_2 "/>
</bind>
</comp>

<comp id="309" class="1005" name="add_ln26_3_reg_309">
<pin_list>
<pin id="310" dir="0" index="0" bw="28" slack="1"/>
<pin id="311" dir="1" index="1" bw="28" slack="1"/>
</pin_list>
<bind>
<opset="add_ln26_3 "/>
</bind>
</comp>

<comp id="314" class="1005" name="icmp_ln15_reg_314">
<pin_list>
<pin id="315" dir="0" index="0" bw="1" slack="1"/>
<pin id="316" dir="1" index="1" bw="1" slack="2147483647"/>
</pin_list>
<bind>
<opset="icmp_ln15 "/>
</bind>
</comp>

</comp_list>

<net_list>
<net id="77"><net_src comp="6" pin="0"/><net_sink comp="74" pin=0"/></net>

<net id="82"><net_src comp="20" pin="0"/><net_sink comp="78" pin=0"/></net>

<net id="83"><net_src comp="0" pin="0"/><net_sink comp="78" pin=1"/></net>

<net id="88"><net_src comp="22" pin="0"/><net_sink comp="84" pin=0"/></net>

<net id="89"><net_src comp="2" pin="0"/><net_sink comp="84" pin=1"/></net>

<net id="95"><net_src comp="72" pin="0"/><net_sink comp="90" pin=0"/></net>

<net id="96"><net_src comp="4" pin="0"/><net_sink comp="90" pin=1"/></net>

<net id="101"><net_src comp="18" pin="0"/><net_sink comp="97" pin=0"/></net>

<net id="108"><net_src comp="84" pin="2"/><net_sink comp="105" pin=0"/></net>

<net id="115"><net_src comp="24" pin="0"/><net_sink comp="109" pin=0"/></net>

<net id="116"><net_src comp="84" pin="2"/><net_sink comp="109" pin=1"/></net>

<net id="117"><net_src comp="26" pin="0"/><net_sink comp="109" pin=2"/></net>

<net id="118"><net_src comp="28" pin="0"/><net_sink comp="109" pin=3"/></net>

<net id="125"><net_src comp="24" pin="0"/><net_sink comp="119" pin=0"/></net>

<net id="126"><net_src comp="84" pin="2"/><net_sink comp="119" pin=1"/></net>

<net id="127"><net_src comp="30" pin="0"/><net_sink comp="119" pin=2"/></net>

<net id="128"><net_src comp="32" pin="0"/><net_sink comp="119" pin=3"/></net>

<net id="135"><net_src comp="24" pin="0"/><net_sink comp="129" pin=0"/></net>

<net id="136"><net_src comp="84" pin="2"/><net_sink comp="129" pin=1"/></net>

<net id="137"><net_src comp="34" pin="0"/><net_sink comp="129" pin=2"/></net>

<net id="138"><net_src comp="36" pin="0"/><net_sink comp="129" pin=3"/></net>

<net id="142"><net_src comp="78" pin="2"/><net_sink comp="139" pin=0"/></net>

<net id="148"><net_src comp="38" pin="0"/><net_sink comp="143" pin=0"/></net>

<net id="149"><net_src comp="139" pin="1"/><net_sink comp="143" pin=1"/></net>

<net id="150"><net_src comp="40" pin="0"/><net_sink comp="143" pin=2"/></net>

<net id="154"><net_src comp="143" pin="3"/><net_sink comp="151" pin=0"/></net>

<net id="158"><net_src comp="105" pin="1"/><net_sink comp="155" pin=0"/></net>

<net id="163"><net_src comp="155" pin="1"/><net_sink comp="159" pin=0"/></net>

<net id="164"><net_src comp="151" pin="1"/><net_sink comp="159" pin=1"/></net>

<net id="171"><net_src comp="42" pin="0"/><net_sink comp="165" pin=0"/></net>

<net id="172"><net_src comp="78" pin="2"/><net_sink comp="165" pin=1"/></net>

<net id="173"><net_src comp="44" pin="0"/><net_sink comp="165" pin=2"/></net>

<net id="174"><net_src comp="46" pin="0"/><net_sink comp="165" pin=3"/></net>

<net id="180"><net_src comp="38" pin="0"/><net_sink comp="175" pin=0"/></net>

<net id="181"><net_src comp="165" pin="4"/><net_sink comp="175" pin=1"/></net>

<net id="182"><net_src comp="40" pin="0"/><net_sink comp="175" pin=2"/></net>

<net id="186"><net_src comp="175" pin="3"/><net_sink comp="183" pin=0"/></net>

<net id="190"><net_src comp="109" pin="4"/><net_sink comp="187" pin=0"/></net>

<net id="195"><net_src comp="187" pin="1"/><net_sink comp="191" pin=0"/></net>

<net id="196"><net_src comp="183" pin="1"/><net_sink comp="191" pin=1"/></net>

<net id="203"><net_src comp="42" pin="0"/><net_sink comp="197" pin=0"/></net>

<net id="204"><net_src comp="78" pin="2"/><net_sink comp="197" pin=1"/></net>

<net id="205"><net_src comp="48" pin="0"/><net_sink comp="197" pin=2"/></net>

<net id="206"><net_src comp="50" pin="0"/><net_sink comp="197" pin=3"/></net>

<net id="212"><net_src comp="38" pin="0"/><net_sink comp="207" pin=0"/></net>

<net id="213"><net_src comp="197" pin="4"/><net_sink comp="207" pin=1"/></net>

<net id="214"><net_src comp="40" pin="0"/><net_sink comp="207" pin=2"/></net>

<net id="218"><net_src comp="207" pin="3"/><net_sink comp="215" pin=0"/></net>

<net id="222"><net_src comp="119" pin="4"/><net_sink comp="219" pin=0"/></net>

<net id="227"><net_src comp="219" pin="1"/><net_sink comp="223" pin=0"/></net>

<net id="228"><net_src comp="215" pin="1"/><net_sink comp="223" pin=1"/></net>

<net id="235"><net_src comp="42" pin="0"/><net_sink comp="229" pin=0"/></net>

<net id="236"><net_src comp="78" pin="2"/><net_sink comp="229" pin=1"/></net>

<net id="237"><net_src comp="52" pin="0"/><net_sink comp="229" pin=2"/></net>

<net id="238"><net_src comp="54" pin="0"/><net_sink comp="229" pin=3"/></net>

<net id="244"><net_src comp="38" pin="0"/><net_sink comp="239" pin=0"/></net>

<net id="245"><net_src comp="229" pin="4"/><net_sink comp="239" pin=1"/></net>

<net id="246"><net_src comp="40" pin="0"/><net_sink comp="239" pin=2"/></net>

<net id="250"><net_src comp="239" pin="3"/><net_sink comp="247" pin=0"/></net>

<net id="254"><net_src comp="129" pin="4"/><net_sink comp="251" pin=0"/></net>

<net id="259"><net_src comp="251" pin="1"/><net_sink comp="255" pin=0"/></net>

<net id="260"><net_src comp="247" pin="1"/><net_sink comp="255" pin=1"/></net>

<net id="265"><net_src comp="102" pin="1"/><net_sink comp="261" pin=0"/></net>

<net id="266"><net_src comp="56" pin="0"/><net_sink comp="261" pin=1"/></net>

<net id="271"><net_src comp="102" pin="1"/><net_sink comp="267" pin=0"/></net>

<net id="272"><net_src comp="58" pin="0"/><net_sink comp="267" pin=1"/></net>

<net id="277"><net_src comp="261" pin="2"/><net_sink comp="273" pin=0"/></net>

<net id="285"><net_src comp="70" pin="0"/><net_sink comp="278" pin=0"/></net>

<net id="286"><net_src comp="278" pin="5"/><net_sink comp="90" pin=2"/></net>

<net id="290"><net_src comp="74" pin="1"/><net_sink comp="287" pin=0"/></net>

<net id="291"><net_src comp="287" pin="1"/><net_sink comp="97" pin=1"/></net>

<net id="292"><net_src comp="287" pin="1"/><net_sink comp="102" pin=0"/></net>

<net id="293"><net_src comp="287" pin="1"/><net_sink comp="273" pin=1"/></net>

<net id="297"><net_src comp="159" pin="2"/><net_sink comp="294" pin=0"/></net>

<net id="298"><net_src comp="294" pin="1"/><net_sink comp="278" pin=4"/></net>

<net id="302"><net_src comp="191" pin="2"/><net_sink comp="299" pin=0"/></net>

<net id="303"><net_src comp="299" pin="1"/><net_sink comp="278" pin=3"/></net>

<net id="307"><net_src comp="223" pin="2"/><net_sink comp="304" pin=0"/></net>

<net id="308"><net_src comp="304" pin="1"/><net_sink comp="278" pin=2"/></net>

<net id="312"><net_src comp="255" pin="2"/><net_sink comp="309" pin=0"/></net>

<net id="313"><net_src comp="309" pin="1"/><net_sink comp="278" pin=1"/></net>

<net id="317"><net_src comp="267" pin="2"/><net_sink comp="314" pin=0"/></net>

</net_list>

</model> 
---------------- Datapath Model END ------------------

* FSMD analyzer results:
  - Output states:
	Port: layer7_out | {2 }
 - Input state : 
	Port: add<array,array<ap_fixed,4u>,array<ap_fixed<28,10,5,3,0>,4u>,config7> : layer27_cpy2 | {1 }
	Port: add<array,array<ap_fixed,4u>,array<ap_fixed<28,10,5,3,0>,4u>,config7> : layer6_out | {1 }
  - Chain level:
	State 1
		store_ln15 : 1
		i_45 : 1
		shl_ln : 1
		sext_ln26_2 : 2
		sext_ln26_1 : 1
		add_ln26 : 3
		shl_ln26_1 : 1
		sext_ln26_6 : 2
		sext_ln26_3 : 1
		add_ln26_1 : 3
		shl_ln26_2 : 1
		sext_ln26_9 : 2
		sext_ln26_5 : 1
		add_ln26_2 : 3
		shl_ln26_3 : 1
		sext_ln26_11 : 2
		sext_ln26_7 : 1
		add_ln26_3 : 3
		i_46 : 2
		icmp_ln15 : 2
		store_ln15 : 3
		br_ln15 : 3
	State 2
		write_ln29 : 1


============================================================
+ Verbose Summary: Datapath Resource usage 
============================================================

* Functional unit list:
|----------|------------------------------|---------|---------|
| Operation|        Functional Unit       |    FF   |   LUT   |
|----------|------------------------------|---------|---------|
|          |        add_ln26_fu_159       |    0    |    34   |
|          |       add_ln26_1_fu_191      |    0    |    34   |
|    add   |       add_ln26_2_fu_223      |    0    |    34   |
|          |       add_ln26_3_fu_255      |    0    |    34   |
|          |          i_46_fu_261         |    0    |    21   |
|----------|------------------------------|---------|---------|
|   icmp   |       icmp_ln15_fu_267       |    0    |    21   |
|----------|------------------------------|---------|---------|
|   read   | layer27_cpy2_read_read_fu_78 |    0    |    0    |
|          |  layer6_out_read_read_fu_84  |    0    |    0    |
|----------|------------------------------|---------|---------|
|   write  |    write_ln29_write_fu_90    |    0    |    0    |
|----------|------------------------------|---------|---------|
|   trunc  |       trunc_ln19_fu_105      |    0    |    0    |
|          |       trunc_ln26_fu_139      |    0    |    0    |
|----------|------------------------------|---------|---------|
|          |      trunc_ln19_1_fu_109     |    0    |    0    |
|          |      trunc_ln19_2_fu_119     |    0    |    0    |
|partselect|      trunc_ln19_3_fu_129     |    0    |    0    |
|          |         tmp_s_fu_165         |    0    |    0    |
|          |         tmp_3_fu_197         |    0    |    0    |
|          |         tmp_4_fu_229         |    0    |    0    |
|----------|------------------------------|---------|---------|
|          |         shl_ln_fu_143        |    0    |    0    |
|          |       shl_ln26_1_fu_175      |    0    |    0    |
|bitconcatenate|       shl_ln26_2_fu_207      |    0    |    0    |
|          |       shl_ln26_3_fu_239      |    0    |    0    |
|          |       or_ln29_5_fu_278       |    0    |    0    |
|----------|------------------------------|---------|---------|
|          |      sext_ln26_2_fu_151      |    0    |    0    |
|          |      sext_ln26_1_fu_155      |    0    |    0    |
|          |      sext_ln26_6_fu_183      |    0    |    0    |
|   sext   |      sext_ln26_3_fu_187      |    0    |    0    |
|          |      sext_ln26_9_fu_215      |    0    |    0    |
|          |      sext_ln26_5_fu_219      |    0    |    0    |
|          |      sext_ln26_11_fu_247     |    0    |    0    |
|          |      sext_ln26_7_fu_251      |    0    |    0    |
|----------|------------------------------|---------|---------|
|   Total  |                              |    0    |   178   |
|----------|------------------------------|---------|---------|

Memories:
N/A

* Register list:
+------------------+--------+
|                  |   FF   |
+------------------+--------+
|add_ln26_1_reg_299|   28   |
|add_ln26_2_reg_304|   28   |
|add_ln26_3_reg_309|   28   |
| add_ln26_reg_294 |   28   |
|     i_reg_287    |   14   |
| icmp_ln15_reg_314|    1   |
+------------------+--------+
|       Total      |   127  |
+------------------+--------+

* Multiplexer (MUX) list: 
|--------|------|------|------|--------|
|  Comp  |  Pin | Size |  BW  | S x BW |
|--------|------|------|------|--------|
|  Total |      |      |      |    0   |
|--------|------|------|------|--------|



* Summary:
+-----------+--------+--------+
|           |   FF   |   LUT  |
+-----------+--------+--------+
|  Function |    0   |   178  |
|   Memory  |    -   |    -   |
|Multiplexer|    -   |    -   |
|  Register |   127  |    -   |
+-----------+--------+--------+
|   Total   |   127  |   178  |
+-----------+--------+--------+
