

================================================================
== Vitis HLS Report for 'add_array_array_ap_fixed_8u_array_ap_fixed_16_6_5_3_0_8u_config21_s'
================================================================
* Date:           Sun Apr 26 02:59:48 2026

* Version:        2025.2 (Build 6295257 on Nov 14 2025)
* Project:        folo_prj
* Solution:       solution1 (Vivado IP Flow Target)
* Product family: kintexu
* Target device:  xcku035-fbva676-2-e


================================================================
== Performance Estimates
================================================================
+ Timing: 
    * Summary: 
    +--------+---------+----------+------------+
    |  Clock |  Target | Estimated| Uncertainty|
    +--------+---------+----------+------------+
    |ap_clk  |  5.00 ns|  3.244 ns|     1.35 ns|
    +--------+---------+----------+------------+

+ Latency: 
    * Summary: 
    +---------+---------+----------+----------+------+------+------------------------------------------------+
    |  Latency (cycles) |  Latency (absolute) |   Interval  |                    Pipeline                    |
    |   min   |   max   |    min   |    max   |  min |  max |                      Type                      |
    +---------+---------+----------+----------+------+------+------------------------------------------------+
    |     1026|     1026|  5.130 us|  5.130 us|  1024|  1024|  loop auto-rewind stp (delay=0 clock cycles(s))|
    +---------+---------+----------+----------+------+------+------------------------------------------------+

    + Detail: 
        * Instance: 
        N/A

        * Loop: 
        +-----------+---------+---------+----------+-----------+-----------+------+----------+
        |           |  Latency (cycles) | Iteration|  Initiation Interval  | Trip |          |
        | Loop Name |   min   |   max   |  Latency |  achieved |   target  | Count| Pipelined|
        +-----------+---------+---------+----------+-----------+-----------+------+----------+
        |- AddLoop  |     1024|     1024|         2|          1|          1|  1024|       yes|
        +-----------+---------+---------+----------+-----------+-----------+------+----------+

============================================================
+ Verbose Summary: Synthesis Manager
============================================================
InlineROM: 1
ExposeGlobal: 0
============================================================
+ Verbose Summary: CDFG Model
============================================================
IsTopModel: 0
ResetActiveHigh: 1
IsCombinational: 2
IsDatapathOnly: 0
HasWiredReturn: 1
HasMFsm: 2
HasVarLatency: 1
IsPipeline: 0
IsRtlPipelined: 0
IsInstanceOverlapped: 0
IsDontTouch: 0
HasImplIP: 0
IsGatedGlobalClock: 0

+ Individual pipeline summary: 
  * Pipeline-0: initiation interval (II) = 1, depth = 2


============================================================
+ Verbose Summary: Schedule
============================================================
* Number of FSM states : 2
* Pipeline : 1
  Pipeline-0 : II = 1, D = 2, States = { 1 2 }
* Dataflow Pipeline: 0

* FSM state transitions: 
1 --> 2 
2 --> 

* FSM state operations: 

State 1 <SV = 0> <Delay = 3.24>
ST_1 : Operation 5 [1/1] (0.00ns)   --->   "%i = alloca i32 1" [firmware/nnet_utils/nnet_merge_stream.h:15]   --->   Operation 5 'alloca' 'i' <Predicate = true> <Delay = 0.00>
ST_1 : Operation 6 [1/1] (0.00ns)   --->   "%specinterface_ln0 = specinterface void @_ssdm_op_SpecInterface, i128 %layer21_out, void @empty_10, i32 0, i32 0, void @empty_11, i32 0, i32 0, void @empty_11, void @empty_11, void @empty_11, i32 0, i32 0, i32 0, i32 0, void @empty_11, void @empty_11, i32 4294967295, i32 0, i32 0, i32 0"   --->   Operation 6 'specinterface' 'specinterface_ln0' <Predicate = true> <Delay = 0.00>
ST_1 : Operation 7 [1/1] (0.00ns)   --->   "%specinterface_ln0 = specinterface void @_ssdm_op_SpecInterface, i128 %layer19_out, void @empty_10, i32 0, i32 0, void @empty_11, i32 0, i32 0, void @empty_11, void @empty_11, void @empty_11, i32 0, i32 0, i32 0, i32 0, void @empty_11, void @empty_11, i32 4294967295, i32 0, i32 0, i32 0"   --->   Operation 7 'specinterface' 'specinterface_ln0' <Predicate = true> <Delay = 0.00>
ST_1 : Operation 8 [1/1] (0.00ns)   --->   "%specinterface_ln0 = specinterface void @_ssdm_op_SpecInterface, i128 %layer31_cpy2, void @empty_10, i32 0, i32 0, void @empty_11, i32 0, i32 0, void @empty_11, void @empty_11, void @empty_11, i32 0, i32 0, i32 0, i32 0, void @empty_11, void @empty_11, i32 4294967295, i32 0, i32 0, i32 0"   --->   Operation 8 'specinterface' 'specinterface_ln0' <Predicate = true> <Delay = 0.00>
ST_1 : Operation 9 [1/1] (0.53ns)   --->   "%store_ln15 = store i10 0, i10 %i" [firmware/nnet_utils/nnet_merge_stream.h:15]   --->   Operation 9 'store' 'store_ln15' <Predicate = true> <Delay = 0.53>
ST_1 : Operation 10 [1/1] (0.00ns)   --->   "%br_ln15 = br void %AddPack.split" [firmware/nnet_utils/nnet_merge_stream.h:15]   --->   Operation 10 'br' 'br_ln15' <Predicate = true> <Delay = 0.00>
ST_1 : Operation 11 [1/1] (0.00ns)   --->   "%i_35 = load i10 %i" [firmware/nnet_utils/nnet_merge_stream.h:15]   --->   Operation 11 'load' 'i_35' <Predicate = true> <Delay = 0.00>
ST_1 : Operation 12 [1/1] ( I:1.82ns O:1.82ns )   --->   "%layer31_cpy2_read = read i128 @_ssdm_op_Read.ap_fifo.volatile.i128P0A, i128 %layer31_cpy2" [firmware/nnet_utils/nnet_merge_stream.h:18]   --->   Operation 12 'read' 'layer31_cpy2_read' <Predicate = true> <Delay = 1.82> <CoreInst = "FIFO">   --->   Core 77 'FIFO' <Latency = 0> <II = 1> <Delay = 2.16> <Storage> <Opcode : 'read' 'write' 'nbread' 'nbwrite'> <Ports = 0> <Width = 128> <Depth = 100000> <FIFO>
ST_1 : Operation 13 [1/1] (0.00ns)   --->   "%trunc_ln18 = trunc i128 %layer31_cpy2_read" [firmware/nnet_utils/nnet_merge_stream.h:18]   --->   Operation 13 'trunc' 'trunc_ln18' <Predicate = true> <Delay = 0.00>
ST_1 : Operation 14 [1/1] (0.00ns)   --->   "%trunc_ln18_1 = partselect i16 @_ssdm_op_PartSelect.i16.i128.i32.i32, i128 %layer31_cpy2_read, i32 16, i32 31" [firmware/nnet_utils/nnet_merge_stream.h:18]   --->   Operation 14 'partselect' 'trunc_ln18_1' <Predicate = true> <Delay = 0.00>
ST_1 : Operation 15 [1/1] (0.00ns)   --->   "%trunc_ln18_2 = partselect i16 @_ssdm_op_PartSelect.i16.i128.i32.i32, i128 %layer31_cpy2_read, i32 32, i32 47" [firmware/nnet_utils/nnet_merge_stream.h:18]   --->   Operation 15 'partselect' 'trunc_ln18_2' <Predicate = true> <Delay = 0.00>
ST_1 : Operation 16 [1/1] (0.00ns)   --->   "%trunc_ln18_3 = partselect i16 @_ssdm_op_PartSelect.i16.i128.i32.i32, i128 %layer31_cpy2_read, i32 48, i32 63" [firmware/nnet_utils/nnet_merge_stream.h:18]   --->   Operation 16 'partselect' 'trunc_ln18_3' <Predicate = true> <Delay = 0.00>
ST_1 : Operation 17 [1/1] (0.00ns)   --->   "%trunc_ln18_4 = partselect i16 @_ssdm_op_PartSelect.i16.i128.i32.i32, i128 %layer31_cpy2_read, i32 64, i32 79" [firmware/nnet_utils/nnet_merge_stream.h:18]   --->   Operation 17 'partselect' 'trunc_ln18_4' <Predicate = true> <Delay = 0.00>
ST_1 : Operation 18 [1/1] (0.00ns)   --->   "%trunc_ln18_5 = partselect i16 @_ssdm_op_PartSelect.i16.i128.i32.i32, i128 %layer31_cpy2_read, i32 80, i32 95" [firmware/nnet_utils/nnet_merge_stream.h:18]   --->   Operation 18 'partselect' 'trunc_ln18_5' <Predicate = true> <Delay = 0.00>
ST_1 : Operation 19 [1/1] (0.00ns)   --->   "%trunc_ln18_6 = partselect i16 @_ssdm_op_PartSelect.i16.i128.i32.i32, i128 %layer31_cpy2_read, i32 96, i32 111" [firmware/nnet_utils/nnet_merge_stream.h:18]   --->   Operation 19 'partselect' 'trunc_ln18_6' <Predicate = true> <Delay = 0.00>
ST_1 : Operation 20 [1/1] (0.00ns)   --->   "%trunc_ln18_7 = partselect i16 @_ssdm_op_PartSelect.i16.i128.i32.i32, i128 %layer31_cpy2_read, i32 112, i32 127" [firmware/nnet_utils/nnet_merge_stream.h:18]   --->   Operation 20 'partselect' 'trunc_ln18_7' <Predicate = true> <Delay = 0.00>
ST_1 : Operation 21 [1/1] ( I:1.82ns O:1.82ns )   --->   "%layer19_out_read = read i128 @_ssdm_op_Read.ap_fifo.volatile.i128P0A, i128 %layer19_out" [firmware/nnet_utils/nnet_merge_stream.h:19]   --->   Operation 21 'read' 'layer19_out_read' <Predicate = true> <Delay = 1.82> <CoreInst = "FIFO">   --->   Core 77 'FIFO' <Latency = 0> <II = 1> <Delay = 2.16> <Storage> <Opcode : 'read' 'write' 'nbread' 'nbwrite'> <Ports = 0> <Width = 128> <Depth = 100000> <FIFO>
ST_1 : Operation 22 [1/1] (0.00ns)   --->   "%trunc_ln19 = trunc i128 %layer19_out_read" [firmware/nnet_utils/nnet_merge_stream.h:19]   --->   Operation 22 'trunc' 'trunc_ln19' <Predicate = true> <Delay = 0.00>
ST_1 : Operation 23 [1/1] (0.00ns)   --->   "%trunc_ln19_1 = partselect i16 @_ssdm_op_PartSelect.i16.i128.i32.i32, i128 %layer19_out_read, i32 16, i32 31" [firmware/nnet_utils/nnet_merge_stream.h:19]   --->   Operation 23 'partselect' 'trunc_ln19_1' <Predicate = true> <Delay = 0.00>
ST_1 : Operation 24 [1/1] (0.00ns)   --->   "%trunc_ln19_2 = partselect i16 @_ssdm_op_PartSelect.i16.i128.i32.i32, i128 %layer19_out_read, i32 32, i32 47" [firmware/nnet_utils/nnet_merge_stream.h:19]   --->   Operation 24 'partselect' 'trunc_ln19_2' <Predicate = true> <Delay = 0.00>
ST_1 : Operation 25 [1/1] (0.00ns)   --->   "%trunc_ln19_3 = partselect i16 @_ssdm_op_PartSelect.i16.i128.i32.i32, i128 %layer19_out_read, i32 48, i32 63" [firmware/nnet_utils/nnet_merge_stream.h:19]   --->   Operation 25 'partselect' 'trunc_ln19_3' <Predicate = true> <Delay = 0.00>
ST_1 : Operation 26 [1/1] (0.00ns)   --->   "%trunc_ln19_4 = partselect i16 @_ssdm_op_PartSelect.i16.i128.i32.i32, i128 %layer19_out_read, i32 64, i32 79" [firmware/nnet_utils/nnet_merge_stream.h:19]   --->   Operation 26 'partselect' 'trunc_ln19_4' <Predicate = true> <Delay = 0.00>
ST_1 : Operation 27 [1/1] (0.00ns)   --->   "%trunc_ln19_5 = partselect i16 @_ssdm_op_PartSelect.i16.i128.i32.i32, i128 %layer19_out_read, i32 80, i32 95" [firmware/nnet_utils/nnet_merge_stream.h:19]   --->   Operation 27 'partselect' 'trunc_ln19_5' <Predicate = true> <Delay = 0.00>
ST_1 : Operation 28 [1/1] (0.00ns)   --->   "%trunc_ln19_6 = partselect i16 @_ssdm_op_PartSelect.i16.i128.i32.i32, i128 %layer19_out_read, i32 96, i32 111" [firmware/nnet_utils/nnet_merge_stream.h:19]   --->   Operation 28 'partselect' 'trunc_ln19_6' <Predicate = true> <Delay = 0.00>
ST_1 : Operation 29 [1/1] (0.00ns)   --->   "%trunc_ln19_7 = partselect i16 @_ssdm_op_PartSelect.i16.i128.i32.i32, i128 %layer19_out_read, i32 112, i32 127" [firmware/nnet_utils/nnet_merge_stream.h:19]   --->   Operation 29 'partselect' 'trunc_ln19_7' <Predicate = true> <Delay = 0.00>
ST_1 : Operation 30 [1/1] (1.41ns)   --->   "%add_ln26 = add i16 %trunc_ln19, i16 %trunc_ln18" [firmware/nnet_utils/nnet_merge_stream.h:26]   --->   Operation 30 'add' 'add_ln26' <Predicate = true> <Delay = 1.41> <CoreInst = "Adder">   --->   Core 1 'Adder' <Latency = 0> <II = 1> <Delay = 1.41> <FuncUnit> <Opcode : 'add' 'sub'> <InPorts = 2> <OutPorts = 1>
ST_1 : Operation 31 [1/1] (1.41ns)   --->   "%add_ln26_1 = add i16 %trunc_ln19_1, i16 %trunc_ln18_1" [firmware/nnet_utils/nnet_merge_stream.h:26]   --->   Operation 31 'add' 'add_ln26_1' <Predicate = true> <Delay = 1.41> <CoreInst = "Adder">   --->   Core 1 'Adder' <Latency = 0> <II = 1> <Delay = 1.41> <FuncUnit> <Opcode : 'add' 'sub'> <InPorts = 2> <OutPorts = 1>
ST_1 : Operation 32 [1/1] (1.41ns)   --->   "%add_ln26_2 = add i16 %trunc_ln19_2, i16 %trunc_ln18_2" [firmware/nnet_utils/nnet_merge_stream.h:26]   --->   Operation 32 'add' 'add_ln26_2' <Predicate = true> <Delay = 1.41> <CoreInst = "Adder">   --->   Core 1 'Adder' <Latency = 0> <II = 1> <Delay = 1.41> <FuncUnit> <Opcode : 'add' 'sub'> <InPorts = 2> <OutPorts = 1>
ST_1 : Operation 33 [1/1] (1.41ns)   --->   "%add_ln26_3 = add i16 %trunc_ln19_3, i16 %trunc_ln18_3" [firmware/nnet_utils/nnet_merge_stream.h:26]   --->   Operation 33 'add' 'add_ln26_3' <Predicate = true> <Delay = 1.41> <CoreInst = "Adder">   --->   Core 1 'Adder' <Latency = 0> <II = 1> <Delay = 1.41> <FuncUnit> <Opcode : 'add' 'sub'> <InPorts = 2> <OutPorts = 1>
ST_1 : Operation 34 [1/1] (1.41ns)   --->   "%add_ln26_4 = add i16 %trunc_ln19_4, i16 %trunc_ln18_4" [firmware/nnet_utils/nnet_merge_stream.h:26]   --->   Operation 34 'add' 'add_ln26_4' <Predicate = true> <Delay = 1.41> <CoreInst = "Adder">   --->   Core 1 'Adder' <Latency = 0> <II = 1> <Delay = 1.41> <FuncUnit> <Opcode : 'add' 'sub'> <InPorts = 2> <OutPorts = 1>
ST_1 : Operation 35 [1/1] (1.41ns)   --->   "%add_ln26_5 = add i16 %trunc_ln19_5, i16 %trunc_ln18_5" [firmware/nnet_utils/nnet_merge_stream.h:26]   --->   Operation 35 'add' 'add_ln26_5' <Predicate = true> <Delay = 1.41> <CoreInst = "Adder">   --->   Core 1 'Adder' <Latency = 0> <II = 1> <Delay = 1.41> <FuncUnit> <Opcode : 'add' 'sub'> <InPorts = 2> <OutPorts = 1>
ST_1 : Operation 36 [1/1] (1.41ns)   --->   "%add_ln26_6 = add i16 %trunc_ln19_6, i16 %trunc_ln18_6" [firmware/nnet_utils/nnet_merge_stream.h:26]   --->   Operation 36 'add' 'add_ln26_6' <Predicate = true> <Delay = 1.41> <CoreInst = "Adder">   --->   Core 1 'Adder' <Latency = 0> <II = 1> <Delay = 1.41> <FuncUnit> <Opcode : 'add' 'sub'> <InPorts = 2> <OutPorts = 1>
ST_1 : Operation 37 [1/1] (1.41ns)   --->   "%add_ln26_7 = add i16 %trunc_ln19_7, i16 %trunc_ln18_7" [firmware/nnet_utils/nnet_merge_stream.h:26]   --->   Operation 37 'add' 'add_ln26_7' <Predicate = true> <Delay = 1.41> <CoreInst = "Adder">   --->   Core 1 'Adder' <Latency = 0> <II = 1> <Delay = 1.41> <FuncUnit> <Opcode : 'add' 'sub'> <InPorts = 2> <OutPorts = 1>
ST_1 : Operation 38 [1/1] (1.31ns)   --->   "%i_36 = add i10 %i_35, i10 1" [firmware/nnet_utils/nnet_merge_stream.h:15]   --->   Operation 38 'add' 'i_36' <Predicate = true> <Delay = 1.31> <CoreInst = "Adder">   --->   Core 1 'Adder' <Latency = 0> <II = 1> <Delay = 1.31> <FuncUnit> <Opcode : 'add' 'sub'> <InPorts = 2> <OutPorts = 1>
ST_1 : Operation 39 [1/1] (1.31ns)   --->   "%icmp_ln15 = icmp_eq  i10 %i_35, i10 1023" [firmware/nnet_utils/nnet_merge_stream.h:15]   --->   Operation 39 'icmp' 'icmp_ln15' <Predicate = true> <Delay = 1.31> <CoreInst = "Cmp">   --->   Core 9 'Cmp' <Latency = 0> <II = 1> <Delay = 1.31> <FuncUnit> <Opcode : 'seteq' 'setne' 'setle' 'setge' 'setlt' 'setgt'> <InPorts = 2> <OutPorts = 1>
ST_1 : Operation 40 [1/1] (0.53ns)   --->   "%store_ln15 = store i10 %i_36, i10 %i" [firmware/nnet_utils/nnet_merge_stream.h:15]   --->   Operation 40 'store' 'store_ln15' <Predicate = true> <Delay = 0.53>
ST_1 : Operation 41 [1/1] (0.00ns)   --->   "%br_ln15 = br i1 %icmp_ln15, void %AddPack.split, void %for.end12" [firmware/nnet_utils/nnet_merge_stream.h:15]   --->   Operation 41 'br' 'br_ln15' <Predicate = true> <Delay = 0.00>

State 2 <SV = 1> <Delay = 1.82>
ST_2 : Operation 42 [1/1] (0.00ns)   --->   "%specpipeline_ln16 = specpipeline void @_ssdm_op_SpecPipeline, i32 4294967295, i32 0, i32 0, i32 0, i32 4294967295, void @empty_11" [firmware/nnet_utils/nnet_merge_stream.h:16]   --->   Operation 42 'specpipeline' 'specpipeline_ln16' <Predicate = true> <Delay = 0.00>
ST_2 : Operation 43 [1/1] (0.00ns)   --->   "%speclooptripcount_ln15 = speclooptripcount void @_ssdm_op_SpecLoopTripCount, i64 1024, i64 1024, i64 1024" [firmware/nnet_utils/nnet_merge_stream.h:15]   --->   Operation 43 'speclooptripcount' 'speclooptripcount_ln15' <Predicate = true> <Delay = 0.00>
ST_2 : Operation 44 [1/1] (0.00ns)   --->   "%specloopname_ln15 = specloopname void @_ssdm_op_SpecLoopName, void @empty_3" [firmware/nnet_utils/nnet_merge_stream.h:15]   --->   Operation 44 'specloopname' 'specloopname_ln15' <Predicate = true> <Delay = 0.00>
ST_2 : Operation 45 [1/1] (0.00ns)   --->   "%or_ln29_s = bitconcatenate i128 @_ssdm_op_BitConcatenate.i128.i16.i16.i16.i16.i16.i16.i16.i16, i16 %add_ln26_7, i16 %add_ln26_6, i16 %add_ln26_5, i16 %add_ln26_4, i16 %add_ln26_3, i16 %add_ln26_2, i16 %add_ln26_1, i16 %add_ln26" [firmware/nnet_utils/nnet_merge_stream.h:29]   --->   Operation 45 'bitconcatenate' 'or_ln29_s' <Predicate = true> <Delay = 0.00>
ST_2 : Operation 46 [1/1] ( I:1.82ns O:1.82ns )   --->   "%write_ln29 = write void @_ssdm_op_Write.ap_fifo.volatile.i128P0A, i128 %layer21_out, i128 %or_ln29_s" [firmware/nnet_utils/nnet_merge_stream.h:29]   --->   Operation 46 'write' 'write_ln29' <Predicate = true> <Delay = 1.82> <CoreInst = "FIFO">   --->   Core 77 'FIFO' <Latency = 0> <II = 1> <Delay = 2.16> <Storage> <Opcode : 'read' 'write' 'nbread' 'nbwrite'> <Ports = 0> <Width = 128> <Depth = 100000> <FIFO>
ST_2 : Operation 47 [1/1] (0.53ns)   --->   "%ret_ln31 = ret" [firmware/nnet_utils/nnet_merge_stream.h:31]   --->   Operation 47 'ret' 'ret_ln31' <Predicate = (icmp_ln15)> <Delay = 0.53>


============================================================
+ Verbose Summary: Timing violations
============================================================
Target clock period: 5.000ns, clock uncertainty: 1.350ns.

 <State 1>: 3.244ns
The critical path consists of the following:
	fifo read operation ('layer31_cpy2_read', firmware/nnet_utils/nnet_merge_stream.h:18) on port 'layer31_cpy2' (firmware/nnet_utils/nnet_merge_stream.h:18) [15]  (1.825 ns)
	'add' operation 16 bit ('add_ln26', firmware/nnet_utils/nnet_merge_stream.h:26) [33]  (1.419 ns)

 <State 2>: 1.825ns
The critical path consists of the following:
	fifo write operation ('write_ln29', firmware/nnet_utils/nnet_merge_stream.h:29) on port 'layer21_out' (firmware/nnet_utils/nnet_merge_stream.h:29) [42]  (1.825 ns)


============================================================
+ Verbose Summary: Binding
============================================================
N/A
* FSMD analyzer results:
  - Output states:
 - Input state : 
  - Chain level:
	State 1
	State 2


============================================================
+ Verbose Summary: Datapath Resource usage 
============================================================
N/A
