

================================================================
== Vitis HLS Report for 'add_array_array_ap_fixed_4u_array_ap_fixed_12_6_5_3_0_4u_config7_s'
================================================================
* Date:           Wed Apr 22 16:01:56 2026

* Version:        2023.2 (Build 4023990 on Oct 11 2023)
* Project:        folo_prj
* Solution:       solution1 (Vivado IP Flow Target)
* Product family: kintexu
* Target device:  xcku035-fbva676-2-e


================================================================
== Performance Estimates
================================================================
+ Timing: 
    * Summary: 
    +--------+---------+----------+------------+
    |  Clock |  Target | Estimated| Uncertainty|
    +--------+---------+----------+------------+
    |ap_clk  |  5.00 ns|  3.177 ns|     1.35 ns|
    +--------+---------+----------+------------+

+ Latency: 
    * Summary: 
    +---------+---------+-----------+-----------+-------+-------+---------+
    |  Latency (cycles) |   Latency (absolute)  |    Interval   | Pipeline|
    |   min   |   max   |    min    |    max    |  min  |  max  |   Type  |
    +---------+---------+-----------+-----------+-------+-------+---------+
    |    16387|    16387|  81.935 us|  81.935 us|  16387|  16387|       no|
    +---------+---------+-----------+-----------+-------+-------+---------+

    + Detail: 
        * Instance: 
        N/A

        * Loop: 
        +-----------+---------+---------+----------+-----------+-----------+-------+----------+
        |           |  Latency (cycles) | Iteration|  Initiation Interval  |  Trip |          |
        | Loop Name |   min   |   max   |  Latency |  achieved |   target  | Count | Pipelined|
        +-----------+---------+---------+----------+-----------+-----------+-------+----------+
        |- AddLoop  |    16385|    16385|         3|          1|          1|  16384|       yes|
        +-----------+---------+---------+----------+-----------+-----------+-------+----------+

============================================================
+ Verbose Summary: Synthesis Manager
============================================================
InlineROM: 1
ExposeGlobal: 0
============================================================
+ Verbose Summary: CDFG Model
============================================================
IsTopModel: 0
ResetActiveHigh: 1
IsCombinational: 2
IsDatapathOnly: 0
HasWiredReturn: 1
HasMFsm: 2
HasVarLatency: 1
IsPipeline: 0
IsRtlPipelined: 0
IsInstanceOverlapped: 0
IsDontTouch: 0
HasImplIP: 0
IsGatedGlobalClock: 0

+ Individual pipeline summary: 
  * Pipeline-0: initiation interval (II) = 1, depth = 3


============================================================
+ Verbose Summary: Schedule
============================================================
* Number of FSM states : 3
* Pipeline : 1
  Pipeline-0 : II = 1, D = 3, States = { 1 2 3 }
* Dataflow Pipeline: 0

* FSM state transitions: 
1 --> 2 
2 --> 3 
3 --> 

* FSM state operations: 

State 1 <SV = 0> <Delay = 2.47>
ST_1 : Operation 6 [1/1] (0.00ns)   --->   "%i = alloca i32 1" [firmware/nnet_utils/nnet_merge_stream.h:15]   --->   Operation 6 'alloca' 'i' <Predicate = true> <Delay = 0.00>
ST_1 : Operation 7 [1/1] (0.00ns)   --->   "%specinterface_ln0 = specinterface void @_ssdm_op_SpecInterface, i48 %layer7_out, void @empty_13, i32 0, i32 0, void @empty_8, i32 0, i32 0, void @empty_8, void @empty_8, void @empty_8, i32 0, i32 0, i32 0, i32 0, void @empty_8, void @empty_8, i32 4294967295, i32 0"   --->   Operation 7 'specinterface' 'specinterface_ln0' <Predicate = true> <Delay = 0.00>
ST_1 : Operation 8 [1/1] (0.00ns)   --->   "%specinterface_ln0 = specinterface void @_ssdm_op_SpecInterface, i48 %layer6_out, void @empty_13, i32 0, i32 0, void @empty_8, i32 0, i32 0, void @empty_8, void @empty_8, void @empty_8, i32 0, i32 0, i32 0, i32 0, void @empty_8, void @empty_8, i32 4294967295, i32 0"   --->   Operation 8 'specinterface' 'specinterface_ln0' <Predicate = true> <Delay = 0.00>
ST_1 : Operation 9 [1/1] (0.00ns)   --->   "%specinterface_ln0 = specinterface void @_ssdm_op_SpecInterface, i48 %layer27_cpy2, void @empty_13, i32 0, i32 0, void @empty_8, i32 0, i32 0, void @empty_8, void @empty_8, void @empty_8, i32 0, i32 0, i32 0, i32 0, void @empty_8, void @empty_8, i32 4294967295, i32 0"   --->   Operation 9 'specinterface' 'specinterface_ln0' <Predicate = true> <Delay = 0.00>
ST_1 : Operation 10 [1/1] (0.53ns)   --->   "%store_ln15 = store i15 0, i15 %i" [firmware/nnet_utils/nnet_merge_stream.h:15]   --->   Operation 10 'store' 'store_ln15' <Predicate = true> <Delay = 0.53>
ST_1 : Operation 11 [1/1] (0.00ns)   --->   "%br_ln15 = br void %AddPack" [firmware/nnet_utils/nnet_merge_stream.h:15]   --->   Operation 11 'br' 'br_ln15' <Predicate = true> <Delay = 0.00>
ST_1 : Operation 12 [1/1] (0.00ns)   --->   "%i_32 = load i15 %i" [firmware/nnet_utils/nnet_merge_stream.h:15]   --->   Operation 12 'load' 'i_32' <Predicate = true> <Delay = 0.00>
ST_1 : Operation 13 [1/1] (1.40ns)   --->   "%icmp_ln15 = icmp_eq  i15 %i_32, i15 16384" [firmware/nnet_utils/nnet_merge_stream.h:15]   --->   Operation 13 'icmp' 'icmp_ln15' <Predicate = true> <Delay = 1.40> <CoreInst = "Cmp">   --->   Core 9 'Cmp' <Latency = 0> <II = 1> <Delay = 1.40> <FuncUnit> <Opcode : 'icmp'> <InPorts = 2> <OutPorts = 1>
ST_1 : Operation 14 [1/1] (1.40ns)   --->   "%i_33 = add i15 %i_32, i15 1" [firmware/nnet_utils/nnet_merge_stream.h:15]   --->   Operation 14 'add' 'i_33' <Predicate = true> <Delay = 1.40> <CoreInst = "Adder">   --->   Core 1 'Adder' <Latency = 0> <II = 1> <Delay = 1.40> <FuncUnit> <Opcode : 'add' 'sub'> <InPorts = 2> <OutPorts = 1>
ST_1 : Operation 15 [1/1] (0.00ns)   --->   "%br_ln15 = br i1 %icmp_ln15, void %AddPack.split, void %for.end12" [firmware/nnet_utils/nnet_merge_stream.h:15]   --->   Operation 15 'br' 'br_ln15' <Predicate = true> <Delay = 0.00>
ST_1 : Operation 16 [1/1] (0.53ns)   --->   "%store_ln15 = store i15 %i_33, i15 %i" [firmware/nnet_utils/nnet_merge_stream.h:15]   --->   Operation 16 'store' 'store_ln15' <Predicate = (!icmp_ln15)> <Delay = 0.53>

State 2 <SV = 1> <Delay = 3.17>
ST_2 : Operation 17 [1/1] (1.82ns)   --->   "%layer27_cpy2_read = read i48 @_ssdm_op_Read.ap_fifo.volatile.i48P0A, i48 %layer27_cpy2" [firmware/nnet_utils/nnet_merge_stream.h:18]   --->   Operation 17 'read' 'layer27_cpy2_read' <Predicate = true> <Delay = 1.82> <CoreInst = "FIFO">   --->   Core 78 'FIFO' <Latency = 0> <II = 1> <Delay = 2.16> <Storage> <Opcode : 'read' 'write' 'nbread' 'nbwrite'> <Ports = 0> <Width = 48> <Depth = 16384> <FIFO>
ST_2 : Operation 18 [1/1] (0.00ns)   --->   "%trunc_ln18 = trunc i48 %layer27_cpy2_read" [firmware/nnet_utils/nnet_merge_stream.h:18]   --->   Operation 18 'trunc' 'trunc_ln18' <Predicate = true> <Delay = 0.00>
ST_2 : Operation 19 [1/1] (0.00ns)   --->   "%trunc_ln18_s = partselect i12 @_ssdm_op_PartSelect.i12.i48.i32.i32, i48 %layer27_cpy2_read, i32 12, i32 23" [firmware/nnet_utils/nnet_merge_stream.h:18]   --->   Operation 19 'partselect' 'trunc_ln18_s' <Predicate = true> <Delay = 0.00>
ST_2 : Operation 20 [1/1] (0.00ns)   --->   "%trunc_ln18_3 = partselect i12 @_ssdm_op_PartSelect.i12.i48.i32.i32, i48 %layer27_cpy2_read, i32 24, i32 35" [firmware/nnet_utils/nnet_merge_stream.h:18]   --->   Operation 20 'partselect' 'trunc_ln18_3' <Predicate = true> <Delay = 0.00>
ST_2 : Operation 21 [1/1] (0.00ns)   --->   "%trunc_ln18_4 = partselect i12 @_ssdm_op_PartSelect.i12.i48.i32.i32, i48 %layer27_cpy2_read, i32 36, i32 47" [firmware/nnet_utils/nnet_merge_stream.h:18]   --->   Operation 21 'partselect' 'trunc_ln18_4' <Predicate = true> <Delay = 0.00>
ST_2 : Operation 22 [1/1] (1.82ns)   --->   "%layer6_out_read = read i48 @_ssdm_op_Read.ap_fifo.volatile.i48P0A, i48 %layer6_out" [firmware/nnet_utils/nnet_merge_stream.h:19]   --->   Operation 22 'read' 'layer6_out_read' <Predicate = true> <Delay = 1.82> <CoreInst = "FIFO">   --->   Core 78 'FIFO' <Latency = 0> <II = 1> <Delay = 2.16> <Storage> <Opcode : 'read' 'write' 'nbread' 'nbwrite'> <Ports = 0> <Width = 48> <Depth = 16384> <FIFO>
ST_2 : Operation 23 [1/1] (0.00ns)   --->   "%trunc_ln19 = trunc i48 %layer6_out_read" [firmware/nnet_utils/nnet_merge_stream.h:19]   --->   Operation 23 'trunc' 'trunc_ln19' <Predicate = true> <Delay = 0.00>
ST_2 : Operation 24 [1/1] (0.00ns)   --->   "%trunc_ln19_s = partselect i12 @_ssdm_op_PartSelect.i12.i48.i32.i32, i48 %layer6_out_read, i32 12, i32 23" [firmware/nnet_utils/nnet_merge_stream.h:19]   --->   Operation 24 'partselect' 'trunc_ln19_s' <Predicate = true> <Delay = 0.00>
ST_2 : Operation 25 [1/1] (0.00ns)   --->   "%trunc_ln19_3 = partselect i12 @_ssdm_op_PartSelect.i12.i48.i32.i32, i48 %layer6_out_read, i32 24, i32 35" [firmware/nnet_utils/nnet_merge_stream.h:19]   --->   Operation 25 'partselect' 'trunc_ln19_3' <Predicate = true> <Delay = 0.00>
ST_2 : Operation 26 [1/1] (0.00ns)   --->   "%trunc_ln19_4 = partselect i12 @_ssdm_op_PartSelect.i12.i48.i32.i32, i48 %layer6_out_read, i32 36, i32 47" [firmware/nnet_utils/nnet_merge_stream.h:19]   --->   Operation 26 'partselect' 'trunc_ln19_4' <Predicate = true> <Delay = 0.00>
ST_2 : Operation 27 [1/1] (1.35ns)   --->   "%add_ln26 = add i12 %trunc_ln19, i12 %trunc_ln18" [firmware/nnet_utils/nnet_merge_stream.h:26]   --->   Operation 27 'add' 'add_ln26' <Predicate = true> <Delay = 1.35> <CoreInst = "Adder">   --->   Core 1 'Adder' <Latency = 0> <II = 1> <Delay = 1.35> <FuncUnit> <Opcode : 'add' 'sub'> <InPorts = 2> <OutPorts = 1>
ST_2 : Operation 28 [1/1] (1.35ns)   --->   "%add_ln26_13 = add i12 %trunc_ln19_s, i12 %trunc_ln18_s" [firmware/nnet_utils/nnet_merge_stream.h:26]   --->   Operation 28 'add' 'add_ln26_13' <Predicate = true> <Delay = 1.35> <CoreInst = "Adder">   --->   Core 1 'Adder' <Latency = 0> <II = 1> <Delay = 1.35> <FuncUnit> <Opcode : 'add' 'sub'> <InPorts = 2> <OutPorts = 1>
ST_2 : Operation 29 [1/1] (1.35ns)   --->   "%add_ln26_14 = add i12 %trunc_ln19_3, i12 %trunc_ln18_3" [firmware/nnet_utils/nnet_merge_stream.h:26]   --->   Operation 29 'add' 'add_ln26_14' <Predicate = true> <Delay = 1.35> <CoreInst = "Adder">   --->   Core 1 'Adder' <Latency = 0> <II = 1> <Delay = 1.35> <FuncUnit> <Opcode : 'add' 'sub'> <InPorts = 2> <OutPorts = 1>
ST_2 : Operation 30 [1/1] (1.35ns)   --->   "%add_ln26_15 = add i12 %trunc_ln19_4, i12 %trunc_ln18_4" [firmware/nnet_utils/nnet_merge_stream.h:26]   --->   Operation 30 'add' 'add_ln26_15' <Predicate = true> <Delay = 1.35> <CoreInst = "Adder">   --->   Core 1 'Adder' <Latency = 0> <II = 1> <Delay = 1.35> <FuncUnit> <Opcode : 'add' 'sub'> <InPorts = 2> <OutPorts = 1>
ST_2 : Operation 37 [1/1] (0.00ns)   --->   "%ret_ln31 = ret" [firmware/nnet_utils/nnet_merge_stream.h:31]   --->   Operation 37 'ret' 'ret_ln31' <Predicate = (icmp_ln15)> <Delay = 0.00>

State 3 <SV = 2> <Delay = 1.82>
ST_3 : Operation 31 [1/1] (0.00ns)   --->   "%specpipeline_ln16 = specpipeline void @_ssdm_op_SpecPipeline, i32 4294967295, i32 0, i32 0, i32 0, void @empty_8" [firmware/nnet_utils/nnet_merge_stream.h:16]   --->   Operation 31 'specpipeline' 'specpipeline_ln16' <Predicate = true> <Delay = 0.00>
ST_3 : Operation 32 [1/1] (0.00ns)   --->   "%speclooptripcount_ln15 = speclooptripcount void @_ssdm_op_SpecLoopTripCount, i64 16384, i64 16384, i64 16384" [firmware/nnet_utils/nnet_merge_stream.h:15]   --->   Operation 32 'speclooptripcount' 'speclooptripcount_ln15' <Predicate = true> <Delay = 0.00>
ST_3 : Operation 33 [1/1] (0.00ns)   --->   "%specloopname_ln15 = specloopname void @_ssdm_op_SpecLoopName, void @empty" [firmware/nnet_utils/nnet_merge_stream.h:15]   --->   Operation 33 'specloopname' 'specloopname_ln15' <Predicate = true> <Delay = 0.00>
ST_3 : Operation 34 [1/1] (0.00ns)   --->   "%or_ln29_s = bitconcatenate i48 @_ssdm_op_BitConcatenate.i48.i12.i12.i12.i12, i12 %add_ln26_15, i12 %add_ln26_14, i12 %add_ln26_13, i12 %add_ln26" [firmware/nnet_utils/nnet_merge_stream.h:29]   --->   Operation 34 'bitconcatenate' 'or_ln29_s' <Predicate = true> <Delay = 0.00>
ST_3 : Operation 35 [1/1] (1.82ns)   --->   "%write_ln29 = write void @_ssdm_op_Write.ap_fifo.volatile.i48P0A, i48 %layer7_out, i48 %or_ln29_s" [firmware/nnet_utils/nnet_merge_stream.h:29]   --->   Operation 35 'write' 'write_ln29' <Predicate = true> <Delay = 1.82> <CoreInst = "FIFO">   --->   Core 78 'FIFO' <Latency = 0> <II = 1> <Delay = 2.16> <Storage> <Opcode : 'read' 'write' 'nbread' 'nbwrite'> <Ports = 0> <Width = 48> <Depth = 16384> <FIFO>
ST_3 : Operation 36 [1/1] (0.00ns)   --->   "%br_ln15 = br void %AddPack" [firmware/nnet_utils/nnet_merge_stream.h:15]   --->   Operation 36 'br' 'br_ln15' <Predicate = true> <Delay = 0.00>


============================================================
+ Verbose Summary: Timing violations
============================================================
Target clock period: 5.000ns, clock uncertainty: 1.350ns.

 <State 1>: 2.478ns
The critical path consists of the following:
	'store' operation 0 bit ('store_ln15', firmware/nnet_utils/nnet_merge_stream.h:15) of constant 0 on local variable 'i', firmware/nnet_utils/nnet_merge_stream.h:15 [8]  (0.538 ns)
	'load' operation 15 bit ('i', firmware/nnet_utils/nnet_merge_stream.h:15) on local variable 'i', firmware/nnet_utils/nnet_merge_stream.h:15 [11]  (0.000 ns)
	'add' operation 15 bit ('i', firmware/nnet_utils/nnet_merge_stream.h:15) [13]  (1.402 ns)
	'store' operation 0 bit ('store_ln15', firmware/nnet_utils/nnet_merge_stream.h:15) of variable 'i', firmware/nnet_utils/nnet_merge_stream.h:15 on local variable 'i', firmware/nnet_utils/nnet_merge_stream.h:15 [35]  (0.538 ns)

 <State 2>: 3.177ns
The critical path consists of the following:
	fifo read operation ('layer27_cpy2_read', firmware/nnet_utils/nnet_merge_stream.h:18) on port 'layer27_cpy2' (firmware/nnet_utils/nnet_merge_stream.h:18) [19]  (1.825 ns)
	'add' operation 12 bit ('add_ln26', firmware/nnet_utils/nnet_merge_stream.h:26) [29]  (1.352 ns)

 <State 3>: 1.825ns
The critical path consists of the following:
	fifo write operation ('write_ln29', firmware/nnet_utils/nnet_merge_stream.h:29) on port 'layer7_out' (firmware/nnet_utils/nnet_merge_stream.h:29) [34]  (1.825 ns)


============================================================
+ Verbose Summary: Binding
============================================================
N/A
* FSMD analyzer results:
  - Output states:
 - Input state : 
  - Chain level:
	State 1
	State 2
	State 3


============================================================
+ Verbose Summary: Datapath Resource usage 
============================================================
N/A
