

================================================================
== Vitis HLS Report for 'add_array_array_ap_fixed_6u_array_ap_fixed_12_6_5_3_0_6u_config14_s'
================================================================
* Date:           Wed Apr 22 16:02:11 2026

* Version:        2023.2 (Build 4023990 on Oct 11 2023)
* Project:        folo_prj
* Solution:       solution1 (Vivado IP Flow Target)
* Product family: kintexu
* Target device:  xcku035-fbva676-2-e


================================================================
== Performance Estimates
================================================================
+ Timing: 
    * Summary: 
    +--------+---------+----------+------------+
    |  Clock |  Target | Estimated| Uncertainty|
    +--------+---------+----------+------------+
    |ap_clk  |  5.00 ns|  3.177 ns|     1.35 ns|
    +--------+---------+----------+------------+

+ Latency: 
    * Summary: 
    +---------+---------+-----------+-----------+------+------+---------+
    |  Latency (cycles) |   Latency (absolute)  |   Interval  | Pipeline|
    |   min   |   max   |    min    |    max    |  min |  max |   Type  |
    +---------+---------+-----------+-----------+------+------+---------+
    |     4099|     4099|  20.495 us|  20.495 us|  4099|  4099|       no|
    +---------+---------+-----------+-----------+------+------+---------+

    + Detail: 
        * Instance: 
        N/A

        * Loop: 
        +-----------+---------+---------+----------+-----------+-----------+------+----------+
        |           |  Latency (cycles) | Iteration|  Initiation Interval  | Trip |          |
        | Loop Name |   min   |   max   |  Latency |  achieved |   target  | Count| Pipelined|
        +-----------+---------+---------+----------+-----------+-----------+------+----------+
        |- AddLoop  |     4097|     4097|         3|          1|          1|  4096|       yes|
        +-----------+---------+---------+----------+-----------+-----------+------+----------+



================================================================
== Utilization Estimates
================================================================
* Summary: 
+-----------------+---------+------+--------+--------+-----+
|       Name      | BRAM_18K|  DSP |   FF   |   LUT  | URAM|
+-----------------+---------+------+--------+--------+-----+
|DSP              |        -|     -|       -|       -|    -|
|Expression       |        -|     -|       0|     163|    -|
|FIFO             |        -|     -|       -|       -|    -|
|Instance         |        -|     -|       -|       -|    -|
|Memory           |        -|     -|       -|       -|    -|
|Multiplexer      |        -|     -|       -|      72|    -|
|Register         |        -|     -|      91|       -|    -|
+-----------------+---------+------+--------+--------+-----+
|Total            |        0|     0|      91|     235|    0|
+-----------------+---------+------+--------+--------+-----+
|Available        |     1080|  1700|  406256|  203128|    0|
+-----------------+---------+------+--------+--------+-----+
|Utilization (%)  |        0|     0|      ~0|      ~0|    0|
+-----------------+---------+------+--------+--------+-----+

+ Detail: 
    * Instance: 
    N/A

    * DSP: 
    N/A

    * Memory: 
    N/A

    * FIFO: 
    N/A

    * Expression: 
    +----------------------------------+----------+----+---+----+------------+------------+
    |           Variable Name          | Operation| DSP| FF| LUT| Bitwidth P0| Bitwidth P1|
    +----------------------------------+----------+----+---+----+------------+------------+
    |add_ln26_10_fu_236_p2             |         +|   0|  0|  19|          12|          12|
    |add_ln26_11_fu_242_p2             |         +|   0|  0|  19|          12|          12|
    |add_ln26_12_fu_248_p2             |         +|   0|  0|  19|          12|          12|
    |add_ln26_8_fu_224_p2              |         +|   0|  0|  19|          12|          12|
    |add_ln26_9_fu_230_p2              |         +|   0|  0|  19|          12|          12|
    |add_ln26_fu_218_p2                |         +|   0|  0|  19|          12|          12|
    |i_31_fu_99_p2                     |         +|   0|  0|  20|          13|           1|
    |ap_condition_134                  |       and|   0|  0|   2|           1|           1|
    |icmp_ln15_fu_93_p2                |      icmp|   0|  0|  21|          13|          14|
    |ap_block_pp0_stage0_01001         |        or|   0|  0|   2|           1|           1|
    |ap_block_state2_pp0_stage0_iter1  |        or|   0|  0|   2|           1|           1|
    |ap_enable_pp0                     |       xor|   0|  0|   2|           1|           2|
    +----------------------------------+----------+----+---+----+------------+------------+
    |Total                             |          |   0|  0| 163|         102|          92|
    +----------------------------------+----------+----+---+----+------------+------------+

    * Multiplexer: 
    +-------------------------+----+-----------+-----+-----------+
    |           Name          | LUT| Input Size| Bits| Total Bits|
    +-------------------------+----+-----------+-----+-----------+
    |ap_done_int              |   9|          2|    1|          2|
    |ap_enable_reg_pp0_iter1  |   9|          2|    1|          2|
    |ap_sig_allocacmp_i_30    |   9|          2|   13|         26|
    |i_fu_62                  |   9|          2|   13|         26|
    |layer13_out_blk_n        |   9|          2|    1|          2|
    |layer14_out_blk_n        |   9|          2|    1|          2|
    |layer28_cpy2_blk_n       |   9|          2|    1|          2|
    |real_start               |   9|          2|    1|          2|
    +-------------------------+----+-----------+-----+-----------+
    |Total                    |  72|         16|   32|         64|
    +-------------------------+----+-----------+-----+-----------+

    * Register: 
    +----------------------------------+----+----+-----+-----------+
    |               Name               | FF | LUT| Bits| Const Bits|
    +----------------------------------+----+----+-----+-----------+
    |add_ln26_10_reg_291               |  12|   0|   12|          0|
    |add_ln26_11_reg_296               |  12|   0|   12|          0|
    |add_ln26_12_reg_301               |  12|   0|   12|          0|
    |add_ln26_8_reg_281                |  12|   0|   12|          0|
    |add_ln26_9_reg_286                |  12|   0|   12|          0|
    |add_ln26_reg_276                  |  12|   0|   12|          0|
    |ap_CS_fsm                         |   1|   0|    1|          0|
    |ap_done_reg                       |   1|   0|    1|          0|
    |ap_enable_reg_pp0_iter1           |   1|   0|    1|          0|
    |ap_enable_reg_pp0_iter2           |   1|   0|    1|          0|
    |ap_loop_exit_ready_pp0_iter1_reg  |   1|   0|    1|          0|
    |i_fu_62                           |  13|   0|   13|          0|
    |start_once_reg                    |   1|   0|    1|          0|
    +----------------------------------+----+----+-----+-----------+
    |Total                             |  91|   0|   91|          0|
    +----------------------------------+----+----+-----+-----------+



================================================================
== Interface
================================================================
* Summary: 
+-----------------------------+-----+-----+------------+-----------------------------------------------------------------------+--------------+
|          RTL Ports          | Dir | Bits|  Protocol  |                             Source Object                             |    C Type    |
+-----------------------------+-----+-----+------------+-----------------------------------------------------------------------+--------------+
|ap_clk                       |   in|    1|  ap_ctrl_hs|  add<array,array<ap_fixed,6u>,array<ap_fixed<12,6,5,3,0>,6u>,config14>|  return value|
|ap_rst                       |   in|    1|  ap_ctrl_hs|  add<array,array<ap_fixed,6u>,array<ap_fixed<12,6,5,3,0>,6u>,config14>|  return value|
|ap_start                     |   in|    1|  ap_ctrl_hs|  add<array,array<ap_fixed,6u>,array<ap_fixed<12,6,5,3,0>,6u>,config14>|  return value|
|start_full_n                 |   in|    1|  ap_ctrl_hs|  add<array,array<ap_fixed,6u>,array<ap_fixed<12,6,5,3,0>,6u>,config14>|  return value|
|ap_done                      |  out|    1|  ap_ctrl_hs|  add<array,array<ap_fixed,6u>,array<ap_fixed<12,6,5,3,0>,6u>,config14>|  return value|
|ap_continue                  |   in|    1|  ap_ctrl_hs|  add<array,array<ap_fixed,6u>,array<ap_fixed<12,6,5,3,0>,6u>,config14>|  return value|
|ap_idle                      |  out|    1|  ap_ctrl_hs|  add<array,array<ap_fixed,6u>,array<ap_fixed<12,6,5,3,0>,6u>,config14>|  return value|
|ap_ready                     |  out|    1|  ap_ctrl_hs|  add<array,array<ap_fixed,6u>,array<ap_fixed<12,6,5,3,0>,6u>,config14>|  return value|
|start_out                    |  out|    1|  ap_ctrl_hs|  add<array,array<ap_fixed,6u>,array<ap_fixed<12,6,5,3,0>,6u>,config14>|  return value|
|start_write                  |  out|    1|  ap_ctrl_hs|  add<array,array<ap_fixed,6u>,array<ap_fixed<12,6,5,3,0>,6u>,config14>|  return value|
|layer28_cpy2_dout            |   in|   72|     ap_fifo|                                                           layer28_cpy2|       pointer|
|layer28_cpy2_num_data_valid  |   in|   13|     ap_fifo|                                                           layer28_cpy2|       pointer|
|layer28_cpy2_fifo_cap        |   in|   13|     ap_fifo|                                                           layer28_cpy2|       pointer|
|layer28_cpy2_empty_n         |   in|    1|     ap_fifo|                                                           layer28_cpy2|       pointer|
|layer28_cpy2_read            |  out|    1|     ap_fifo|                                                           layer28_cpy2|       pointer|
|layer13_out_dout             |   in|   72|     ap_fifo|                                                            layer13_out|       pointer|
|layer13_out_num_data_valid   |   in|   13|     ap_fifo|                                                            layer13_out|       pointer|
|layer13_out_fifo_cap         |   in|   13|     ap_fifo|                                                            layer13_out|       pointer|
|layer13_out_empty_n          |   in|    1|     ap_fifo|                                                            layer13_out|       pointer|
|layer13_out_read             |  out|    1|     ap_fifo|                                                            layer13_out|       pointer|
|layer14_out_din              |  out|   72|     ap_fifo|                                                            layer14_out|       pointer|
|layer14_out_num_data_valid   |   in|   13|     ap_fifo|                                                            layer14_out|       pointer|
|layer14_out_fifo_cap         |   in|   13|     ap_fifo|                                                            layer14_out|       pointer|
|layer14_out_full_n           |   in|    1|     ap_fifo|                                                            layer14_out|       pointer|
|layer14_out_write            |  out|    1|     ap_fifo|                                                            layer14_out|       pointer|
+-----------------------------+-----+-----+------------+-----------------------------------------------------------------------+--------------+

============================================================
+ Verbose Summary: Synthesis Manager
============================================================
InlineROM: 1
ExposeGlobal: 0
============================================================
+ Verbose Summary: CDFG Model
============================================================
IsTopModel: 0
ResetActiveHigh: 1
IsCombinational: 2
IsDatapathOnly: 0
HasWiredReturn: 1
HasMFsm: 2
HasVarLatency: 1
IsPipeline: 0
IsRtlPipelined: 0
IsInstanceOverlapped: 0
IsDontTouch: 0
HasImplIP: 0
IsGatedGlobalClock: 0

+ Individual pipeline summary: 
  * Pipeline-0: initiation interval (II) = 1, depth = 3


============================================================
+ Verbose Summary: Schedule
============================================================
* Number of FSM states : 3
* Pipeline : 1
  Pipeline-0 : II = 1, D = 3, States = { 1 2 3 }
* Dataflow Pipeline: 0

* FSM state transitions: 
1 --> 2 
2 --> 3 
3 --> 

* FSM state operations: 

State 1 <SV = 0> <Delay = 2.44>
ST_1 : Operation 6 [1/1] (0.00ns)   --->   "%i = alloca i32 1" [firmware/nnet_utils/nnet_merge_stream.h:15]   --->   Operation 6 'alloca' 'i' <Predicate = true> <Delay = 0.00>
ST_1 : Operation 7 [1/1] (0.00ns)   --->   "%specinterface_ln0 = specinterface void @_ssdm_op_SpecInterface, i72 %layer14_out, void @empty_13, i32 0, i32 0, void @empty_8, i32 0, i32 0, void @empty_8, void @empty_8, void @empty_8, i32 0, i32 0, i32 0, i32 0, void @empty_8, void @empty_8, i32 4294967295, i32 0"   --->   Operation 7 'specinterface' 'specinterface_ln0' <Predicate = true> <Delay = 0.00>
ST_1 : Operation 8 [1/1] (0.00ns)   --->   "%specinterface_ln0 = specinterface void @_ssdm_op_SpecInterface, i72 %layer13_out, void @empty_13, i32 0, i32 0, void @empty_8, i32 0, i32 0, void @empty_8, void @empty_8, void @empty_8, i32 0, i32 0, i32 0, i32 0, void @empty_8, void @empty_8, i32 4294967295, i32 0"   --->   Operation 8 'specinterface' 'specinterface_ln0' <Predicate = true> <Delay = 0.00>
ST_1 : Operation 9 [1/1] (0.00ns)   --->   "%specinterface_ln0 = specinterface void @_ssdm_op_SpecInterface, i72 %layer28_cpy2, void @empty_13, i32 0, i32 0, void @empty_8, i32 0, i32 0, void @empty_8, void @empty_8, void @empty_8, i32 0, i32 0, i32 0, i32 0, void @empty_8, void @empty_8, i32 4294967295, i32 0"   --->   Operation 9 'specinterface' 'specinterface_ln0' <Predicate = true> <Delay = 0.00>
ST_1 : Operation 10 [1/1] (0.53ns)   --->   "%store_ln15 = store i13 0, i13 %i" [firmware/nnet_utils/nnet_merge_stream.h:15]   --->   Operation 10 'store' 'store_ln15' <Predicate = true> <Delay = 0.53>
ST_1 : Operation 11 [1/1] (0.00ns)   --->   "%br_ln15 = br void %AddPack" [firmware/nnet_utils/nnet_merge_stream.h:15]   --->   Operation 11 'br' 'br_ln15' <Predicate = true> <Delay = 0.00>
ST_1 : Operation 12 [1/1] (0.00ns)   --->   "%i_30 = load i13 %i" [firmware/nnet_utils/nnet_merge_stream.h:15]   --->   Operation 12 'load' 'i_30' <Predicate = true> <Delay = 0.00>
ST_1 : Operation 13 [1/1] (1.36ns)   --->   "%icmp_ln15 = icmp_eq  i13 %i_30, i13 4096" [firmware/nnet_utils/nnet_merge_stream.h:15]   --->   Operation 13 'icmp' 'icmp_ln15' <Predicate = true> <Delay = 1.36> <CoreInst = "Cmp">   --->   Core 9 'Cmp' <Latency = 0> <II = 1> <Delay = 1.38> <FuncUnit> <Opcode : 'icmp'> <InPorts = 2> <OutPorts = 1>
ST_1 : Operation 14 [1/1] (1.36ns)   --->   "%i_31 = add i13 %i_30, i13 1" [firmware/nnet_utils/nnet_merge_stream.h:15]   --->   Operation 14 'add' 'i_31' <Predicate = true> <Delay = 1.36> <CoreInst = "Adder">   --->   Core 1 'Adder' <Latency = 0> <II = 1> <Delay = 1.36> <FuncUnit> <Opcode : 'add' 'sub'> <InPorts = 2> <OutPorts = 1>
ST_1 : Operation 15 [1/1] (0.00ns)   --->   "%br_ln15 = br i1 %icmp_ln15, void %AddPack.split, void %for.end12" [firmware/nnet_utils/nnet_merge_stream.h:15]   --->   Operation 15 'br' 'br_ln15' <Predicate = true> <Delay = 0.00>
ST_1 : Operation 16 [1/1] (0.53ns)   --->   "%store_ln15 = store i13 %i_31, i13 %i" [firmware/nnet_utils/nnet_merge_stream.h:15]   --->   Operation 16 'store' 'store_ln15' <Predicate = (!icmp_ln15)> <Delay = 0.53>

State 2 <SV = 1> <Delay = 3.17>
ST_2 : Operation 17 [1/1] (1.82ns)   --->   "%layer28_cpy2_read = read i72 @_ssdm_op_Read.ap_fifo.volatile.i72P0A, i72 %layer28_cpy2" [firmware/nnet_utils/nnet_merge_stream.h:18]   --->   Operation 17 'read' 'layer28_cpy2_read' <Predicate = true> <Delay = 1.82> <CoreInst = "FIFO">   --->   Core 78 'FIFO' <Latency = 0> <II = 1> <Delay = 2.16> <Storage> <Opcode : 'read' 'write' 'nbread' 'nbwrite'> <Ports = 0> <Width = 72> <Depth = 4096> <FIFO>
ST_2 : Operation 18 [1/1] (0.00ns)   --->   "%trunc_ln18 = trunc i72 %layer28_cpy2_read" [firmware/nnet_utils/nnet_merge_stream.h:18]   --->   Operation 18 'trunc' 'trunc_ln18' <Predicate = true> <Delay = 0.00>
ST_2 : Operation 19 [1/1] (0.00ns)   --->   "%trunc_ln18_8 = partselect i12 @_ssdm_op_PartSelect.i12.i72.i32.i32, i72 %layer28_cpy2_read, i32 12, i32 23" [firmware/nnet_utils/nnet_merge_stream.h:18]   --->   Operation 19 'partselect' 'trunc_ln18_8' <Predicate = true> <Delay = 0.00>
ST_2 : Operation 20 [1/1] (0.00ns)   --->   "%trunc_ln18_9 = partselect i12 @_ssdm_op_PartSelect.i12.i72.i32.i32, i72 %layer28_cpy2_read, i32 24, i32 35" [firmware/nnet_utils/nnet_merge_stream.h:18]   --->   Operation 20 'partselect' 'trunc_ln18_9' <Predicate = true> <Delay = 0.00>
ST_2 : Operation 21 [1/1] (0.00ns)   --->   "%trunc_ln18_s = partselect i12 @_ssdm_op_PartSelect.i12.i72.i32.i32, i72 %layer28_cpy2_read, i32 36, i32 47" [firmware/nnet_utils/nnet_merge_stream.h:18]   --->   Operation 21 'partselect' 'trunc_ln18_s' <Predicate = true> <Delay = 0.00>
ST_2 : Operation 22 [1/1] (0.00ns)   --->   "%trunc_ln18_1 = partselect i12 @_ssdm_op_PartSelect.i12.i72.i32.i32, i72 %layer28_cpy2_read, i32 48, i32 59" [firmware/nnet_utils/nnet_merge_stream.h:18]   --->   Operation 22 'partselect' 'trunc_ln18_1' <Predicate = true> <Delay = 0.00>
ST_2 : Operation 23 [1/1] (0.00ns)   --->   "%trunc_ln18_2 = partselect i12 @_ssdm_op_PartSelect.i12.i72.i32.i32, i72 %layer28_cpy2_read, i32 60, i32 71" [firmware/nnet_utils/nnet_merge_stream.h:18]   --->   Operation 23 'partselect' 'trunc_ln18_2' <Predicate = true> <Delay = 0.00>
ST_2 : Operation 24 [1/1] (1.82ns)   --->   "%layer13_out_read = read i72 @_ssdm_op_Read.ap_fifo.volatile.i72P0A, i72 %layer13_out" [firmware/nnet_utils/nnet_merge_stream.h:19]   --->   Operation 24 'read' 'layer13_out_read' <Predicate = true> <Delay = 1.82> <CoreInst = "FIFO">   --->   Core 78 'FIFO' <Latency = 0> <II = 1> <Delay = 2.16> <Storage> <Opcode : 'read' 'write' 'nbread' 'nbwrite'> <Ports = 0> <Width = 72> <Depth = 4096> <FIFO>
ST_2 : Operation 25 [1/1] (0.00ns)   --->   "%trunc_ln19 = trunc i72 %layer13_out_read" [firmware/nnet_utils/nnet_merge_stream.h:19]   --->   Operation 25 'trunc' 'trunc_ln19' <Predicate = true> <Delay = 0.00>
ST_2 : Operation 26 [1/1] (0.00ns)   --->   "%trunc_ln19_8 = partselect i12 @_ssdm_op_PartSelect.i12.i72.i32.i32, i72 %layer13_out_read, i32 12, i32 23" [firmware/nnet_utils/nnet_merge_stream.h:19]   --->   Operation 26 'partselect' 'trunc_ln19_8' <Predicate = true> <Delay = 0.00>
ST_2 : Operation 27 [1/1] (0.00ns)   --->   "%trunc_ln19_9 = partselect i12 @_ssdm_op_PartSelect.i12.i72.i32.i32, i72 %layer13_out_read, i32 24, i32 35" [firmware/nnet_utils/nnet_merge_stream.h:19]   --->   Operation 27 'partselect' 'trunc_ln19_9' <Predicate = true> <Delay = 0.00>
ST_2 : Operation 28 [1/1] (0.00ns)   --->   "%trunc_ln19_s = partselect i12 @_ssdm_op_PartSelect.i12.i72.i32.i32, i72 %layer13_out_read, i32 36, i32 47" [firmware/nnet_utils/nnet_merge_stream.h:19]   --->   Operation 28 'partselect' 'trunc_ln19_s' <Predicate = true> <Delay = 0.00>
ST_2 : Operation 29 [1/1] (0.00ns)   --->   "%trunc_ln19_1 = partselect i12 @_ssdm_op_PartSelect.i12.i72.i32.i32, i72 %layer13_out_read, i32 48, i32 59" [firmware/nnet_utils/nnet_merge_stream.h:19]   --->   Operation 29 'partselect' 'trunc_ln19_1' <Predicate = true> <Delay = 0.00>
ST_2 : Operation 30 [1/1] (0.00ns)   --->   "%trunc_ln19_2 = partselect i12 @_ssdm_op_PartSelect.i12.i72.i32.i32, i72 %layer13_out_read, i32 60, i32 71" [firmware/nnet_utils/nnet_merge_stream.h:19]   --->   Operation 30 'partselect' 'trunc_ln19_2' <Predicate = true> <Delay = 0.00>
ST_2 : Operation 31 [1/1] (1.35ns)   --->   "%add_ln26 = add i12 %trunc_ln19, i12 %trunc_ln18" [firmware/nnet_utils/nnet_merge_stream.h:26]   --->   Operation 31 'add' 'add_ln26' <Predicate = true> <Delay = 1.35> <CoreInst = "Adder">   --->   Core 1 'Adder' <Latency = 0> <II = 1> <Delay = 1.35> <FuncUnit> <Opcode : 'add' 'sub'> <InPorts = 2> <OutPorts = 1>
ST_2 : Operation 32 [1/1] (1.35ns)   --->   "%add_ln26_8 = add i12 %trunc_ln19_8, i12 %trunc_ln18_8" [firmware/nnet_utils/nnet_merge_stream.h:26]   --->   Operation 32 'add' 'add_ln26_8' <Predicate = true> <Delay = 1.35> <CoreInst = "Adder">   --->   Core 1 'Adder' <Latency = 0> <II = 1> <Delay = 1.35> <FuncUnit> <Opcode : 'add' 'sub'> <InPorts = 2> <OutPorts = 1>
ST_2 : Operation 33 [1/1] (1.35ns)   --->   "%add_ln26_9 = add i12 %trunc_ln19_9, i12 %trunc_ln18_9" [firmware/nnet_utils/nnet_merge_stream.h:26]   --->   Operation 33 'add' 'add_ln26_9' <Predicate = true> <Delay = 1.35> <CoreInst = "Adder">   --->   Core 1 'Adder' <Latency = 0> <II = 1> <Delay = 1.35> <FuncUnit> <Opcode : 'add' 'sub'> <InPorts = 2> <OutPorts = 1>
ST_2 : Operation 34 [1/1] (1.35ns)   --->   "%add_ln26_10 = add i12 %trunc_ln19_s, i12 %trunc_ln18_s" [firmware/nnet_utils/nnet_merge_stream.h:26]   --->   Operation 34 'add' 'add_ln26_10' <Predicate = true> <Delay = 1.35> <CoreInst = "Adder">   --->   Core 1 'Adder' <Latency = 0> <II = 1> <Delay = 1.35> <FuncUnit> <Opcode : 'add' 'sub'> <InPorts = 2> <OutPorts = 1>
ST_2 : Operation 35 [1/1] (1.35ns)   --->   "%add_ln26_11 = add i12 %trunc_ln19_1, i12 %trunc_ln18_1" [firmware/nnet_utils/nnet_merge_stream.h:26]   --->   Operation 35 'add' 'add_ln26_11' <Predicate = true> <Delay = 1.35> <CoreInst = "Adder">   --->   Core 1 'Adder' <Latency = 0> <II = 1> <Delay = 1.35> <FuncUnit> <Opcode : 'add' 'sub'> <InPorts = 2> <OutPorts = 1>
ST_2 : Operation 36 [1/1] (1.35ns)   --->   "%add_ln26_12 = add i12 %trunc_ln19_2, i12 %trunc_ln18_2" [firmware/nnet_utils/nnet_merge_stream.h:26]   --->   Operation 36 'add' 'add_ln26_12' <Predicate = true> <Delay = 1.35> <CoreInst = "Adder">   --->   Core 1 'Adder' <Latency = 0> <II = 1> <Delay = 1.35> <FuncUnit> <Opcode : 'add' 'sub'> <InPorts = 2> <OutPorts = 1>
ST_2 : Operation 43 [1/1] (0.00ns)   --->   "%ret_ln31 = ret" [firmware/nnet_utils/nnet_merge_stream.h:31]   --->   Operation 43 'ret' 'ret_ln31' <Predicate = (icmp_ln15)> <Delay = 0.00>

State 3 <SV = 2> <Delay = 1.82>
ST_3 : Operation 37 [1/1] (0.00ns)   --->   "%specpipeline_ln16 = specpipeline void @_ssdm_op_SpecPipeline, i32 4294967295, i32 0, i32 0, i32 0, void @empty_8" [firmware/nnet_utils/nnet_merge_stream.h:16]   --->   Operation 37 'specpipeline' 'specpipeline_ln16' <Predicate = true> <Delay = 0.00>
ST_3 : Operation 38 [1/1] (0.00ns)   --->   "%speclooptripcount_ln15 = speclooptripcount void @_ssdm_op_SpecLoopTripCount, i64 4096, i64 4096, i64 4096" [firmware/nnet_utils/nnet_merge_stream.h:15]   --->   Operation 38 'speclooptripcount' 'speclooptripcount_ln15' <Predicate = true> <Delay = 0.00>
ST_3 : Operation 39 [1/1] (0.00ns)   --->   "%specloopname_ln15 = specloopname void @_ssdm_op_SpecLoopName, void @empty" [firmware/nnet_utils/nnet_merge_stream.h:15]   --->   Operation 39 'specloopname' 'specloopname_ln15' <Predicate = true> <Delay = 0.00>
ST_3 : Operation 40 [1/1] (0.00ns)   --->   "%or_ln29_s = bitconcatenate i72 @_ssdm_op_BitConcatenate.i72.i12.i12.i12.i12.i12.i12, i12 %add_ln26_12, i12 %add_ln26_11, i12 %add_ln26_10, i12 %add_ln26_9, i12 %add_ln26_8, i12 %add_ln26" [firmware/nnet_utils/nnet_merge_stream.h:29]   --->   Operation 40 'bitconcatenate' 'or_ln29_s' <Predicate = true> <Delay = 0.00>
ST_3 : Operation 41 [1/1] (1.82ns)   --->   "%write_ln29 = write void @_ssdm_op_Write.ap_fifo.volatile.i72P0A, i72 %layer14_out, i72 %or_ln29_s" [firmware/nnet_utils/nnet_merge_stream.h:29]   --->   Operation 41 'write' 'write_ln29' <Predicate = true> <Delay = 1.82> <CoreInst = "FIFO">   --->   Core 78 'FIFO' <Latency = 0> <II = 1> <Delay = 2.16> <Storage> <Opcode : 'read' 'write' 'nbread' 'nbwrite'> <Ports = 0> <Width = 72> <Depth = 4096> <FIFO>
ST_3 : Operation 42 [1/1] (0.00ns)   --->   "%br_ln15 = br void %AddPack" [firmware/nnet_utils/nnet_merge_stream.h:15]   --->   Operation 42 'br' 'br_ln15' <Predicate = true> <Delay = 0.00>


============================================================
+ Verbose Summary: Binding
============================================================
STG Binding: 
---------------- STG Properties BEGIN ----------------
- Is combinational: 0
- Is one-state seq: 0
- Is datapath-only: 0
- Is pipelined: 0
- Is top level: 0
Port [ Return ] is wired: 1; IO mode=ap_ctrl_hs:ce=0
Port [ layer28_cpy2]:  wired=1; compound=1; hidden=0; nouse=0; global=0; static=0; extern=0; dir=0; type=3; pingpong=0; private_global=0; IO mode=ap_fifo:ce=0
Port [ layer13_out]:  wired=1; compound=1; hidden=0; nouse=0; global=0; static=0; extern=0; dir=0; type=3; pingpong=0; private_global=0; IO mode=ap_fifo:ce=0
Port [ layer14_out]:  wired=1; compound=1; hidden=0; nouse=0; global=0; static=0; extern=0; dir=1; type=3; pingpong=0; private_global=0; IO mode=ap_fifo:ce=0
---------------- STG Properties END ------------------

---------------- Datapath Model BEGIN ----------------

<LifeTime>
<method=bitvector/>
i                      (alloca           ) [ 0100]
specinterface_ln0      (specinterface    ) [ 0000]
specinterface_ln0      (specinterface    ) [ 0000]
specinterface_ln0      (specinterface    ) [ 0000]
store_ln15             (store            ) [ 0000]
br_ln15                (br               ) [ 0000]
i_30                   (load             ) [ 0000]
icmp_ln15              (icmp             ) [ 0110]
i_31                   (add              ) [ 0000]
br_ln15                (br               ) [ 0000]
store_ln15             (store            ) [ 0000]
layer28_cpy2_read      (read             ) [ 0000]
trunc_ln18             (trunc            ) [ 0000]
trunc_ln18_8           (partselect       ) [ 0000]
trunc_ln18_9           (partselect       ) [ 0000]
trunc_ln18_s           (partselect       ) [ 0000]
trunc_ln18_1           (partselect       ) [ 0000]
trunc_ln18_2           (partselect       ) [ 0000]
layer13_out_read       (read             ) [ 0000]
trunc_ln19             (trunc            ) [ 0000]
trunc_ln19_8           (partselect       ) [ 0000]
trunc_ln19_9           (partselect       ) [ 0000]
trunc_ln19_s           (partselect       ) [ 0000]
trunc_ln19_1           (partselect       ) [ 0000]
trunc_ln19_2           (partselect       ) [ 0000]
add_ln26               (add              ) [ 0101]
add_ln26_8             (add              ) [ 0101]
add_ln26_9             (add              ) [ 0101]
add_ln26_10            (add              ) [ 0101]
add_ln26_11            (add              ) [ 0101]
add_ln26_12            (add              ) [ 0101]
specpipeline_ln16      (specpipeline     ) [ 0000]
speclooptripcount_ln15 (speclooptripcount) [ 0000]
specloopname_ln15      (specloopname     ) [ 0000]
or_ln29_s              (bitconcatenate   ) [ 0000]
write_ln29             (write            ) [ 0000]
br_ln15                (br               ) [ 0000]
ret_ln31               (ret              ) [ 0000]
</LifeTime>

<model>

<comp_list>
<comp id="0" class="1000" name="layer28_cpy2">
<pin_list>
<pin id="1" dir="1" index="0" bw="1" slack="0"/>
</pin_list>
<bind>
<StgValue><ssdm name="layer28_cpy2"/></StgValue>
</bind>
</comp>

<comp id="2" class="1000" name="layer13_out">
<pin_list>
<pin id="3" dir="1" index="0" bw="1" slack="0"/>
</pin_list>
<bind>
<StgValue><ssdm name="layer13_out"/></StgValue>
</bind>
</comp>

<comp id="4" class="1000" name="layer14_out">
<pin_list>
<pin id="5" dir="1" index="0" bw="1" slack="0"/>
</pin_list>
<bind>
<StgValue><ssdm name="layer14_out"/></StgValue>
</bind>
</comp>

<comp id="6" class="1001" name="const_6">
<pin_list>
<pin id="7" dir="1" index="0" bw="1" slack="0"/>
</pin_list>
<bind>
<StgValue><ssdm name=""/></StgValue>
</bind>
</comp>

<comp id="8" class="1001" name="const_8">
<pin_list>
<pin id="9" dir="1" index="0" bw="1" slack="2147483647"/>
</pin_list>
<bind>
<StgValue><ssdm name="_ssdm_op_SpecInterface"/></StgValue>
</bind>
</comp>

<comp id="10" class="1001" name="const_10">
<pin_list>
<pin id="11" dir="1" index="0" bw="1" slack="2147483647"/>
</pin_list>
<bind>
<StgValue><ssdm name="empty_13"/></StgValue>
</bind>
</comp>

<comp id="12" class="1001" name="const_12">
<pin_list>
<pin id="13" dir="1" index="0" bw="1" slack="2147483647"/>
</pin_list>
<bind>
<StgValue><ssdm name=""/></StgValue>
</bind>
</comp>

<comp id="14" class="1001" name="const_14">
<pin_list>
<pin id="15" dir="1" index="0" bw="1" slack="2147483647"/>
</pin_list>
<bind>
<StgValue><ssdm name="empty_8"/></StgValue>
</bind>
</comp>

<comp id="16" class="1001" name="const_16">
<pin_list>
<pin id="17" dir="1" index="0" bw="1" slack="2147483647"/>
</pin_list>
<bind>
<StgValue><ssdm name=""/></StgValue>
</bind>
</comp>

<comp id="18" class="1001" name="const_18">
<pin_list>
<pin id="19" dir="1" index="0" bw="1" slack="0"/>
</pin_list>
<bind>
<StgValue><ssdm name=""/></StgValue>
</bind>
</comp>

<comp id="20" class="1001" name="const_20">
<pin_list>
<pin id="21" dir="1" index="0" bw="1" slack="0"/>
</pin_list>
<bind>
<StgValue><ssdm name=""/></StgValue>
</bind>
</comp>

<comp id="22" class="1001" name="const_22">
<pin_list>
<pin id="23" dir="1" index="0" bw="1" slack="0"/>
</pin_list>
<bind>
<StgValue><ssdm name=""/></StgValue>
</bind>
</comp>

<comp id="24" class="1001" name="const_24">
<pin_list>
<pin id="25" dir="1" index="0" bw="1" slack="0"/>
</pin_list>
<bind>
<StgValue><ssdm name="_ssdm_op_Read.ap_fifo.volatile.i72P0A"/></StgValue>
</bind>
</comp>

<comp id="26" class="1001" name="const_26">
<pin_list>
<pin id="27" dir="1" index="0" bw="1" slack="0"/>
</pin_list>
<bind>
<StgValue><ssdm name="_ssdm_op_PartSelect.i12.i72.i32.i32"/></StgValue>
</bind>
</comp>

<comp id="28" class="1001" name="const_28">
<pin_list>
<pin id="29" dir="1" index="0" bw="1" slack="0"/>
</pin_list>
<bind>
<StgValue><ssdm name=""/></StgValue>
</bind>
</comp>

<comp id="30" class="1001" name="const_30">
<pin_list>
<pin id="31" dir="1" index="0" bw="1" slack="0"/>
</pin_list>
<bind>
<StgValue><ssdm name=""/></StgValue>
</bind>
</comp>

<comp id="32" class="1001" name="const_32">
<pin_list>
<pin id="33" dir="1" index="0" bw="1" slack="0"/>
</pin_list>
<bind>
<StgValue><ssdm name=""/></StgValue>
</bind>
</comp>

<comp id="34" class="1001" name="const_34">
<pin_list>
<pin id="35" dir="1" index="0" bw="1" slack="0"/>
</pin_list>
<bind>
<StgValue><ssdm name=""/></StgValue>
</bind>
</comp>

<comp id="36" class="1001" name="const_36">
<pin_list>
<pin id="37" dir="1" index="0" bw="1" slack="0"/>
</pin_list>
<bind>
<StgValue><ssdm name=""/></StgValue>
</bind>
</comp>

<comp id="38" class="1001" name="const_38">
<pin_list>
<pin id="39" dir="1" index="0" bw="1" slack="0"/>
</pin_list>
<bind>
<StgValue><ssdm name=""/></StgValue>
</bind>
</comp>

<comp id="40" class="1001" name="const_40">
<pin_list>
<pin id="41" dir="1" index="0" bw="1" slack="0"/>
</pin_list>
<bind>
<StgValue><ssdm name=""/></StgValue>
</bind>
</comp>

<comp id="42" class="1001" name="const_42">
<pin_list>
<pin id="43" dir="1" index="0" bw="1" slack="0"/>
</pin_list>
<bind>
<StgValue><ssdm name=""/></StgValue>
</bind>
</comp>

<comp id="44" class="1001" name="const_44">
<pin_list>
<pin id="45" dir="1" index="0" bw="1" slack="0"/>
</pin_list>
<bind>
<StgValue><ssdm name=""/></StgValue>
</bind>
</comp>

<comp id="46" class="1001" name="const_46">
<pin_list>
<pin id="47" dir="1" index="0" bw="1" slack="0"/>
</pin_list>
<bind>
<StgValue><ssdm name=""/></StgValue>
</bind>
</comp>

<comp id="48" class="1001" name="const_48">
<pin_list>
<pin id="49" dir="1" index="0" bw="1" slack="2147483647"/>
</pin_list>
<bind>
<StgValue><ssdm name="_ssdm_op_SpecPipeline"/></StgValue>
</bind>
</comp>

<comp id="50" class="1001" name="const_50">
<pin_list>
<pin id="51" dir="1" index="0" bw="1" slack="2147483647"/>
</pin_list>
<bind>
<StgValue><ssdm name="_ssdm_op_SpecLoopTripCount"/></StgValue>
</bind>
</comp>

<comp id="52" class="1001" name="const_52">
<pin_list>
<pin id="53" dir="1" index="0" bw="1" slack="2147483647"/>
</pin_list>
<bind>
<StgValue><ssdm name=""/></StgValue>
</bind>
</comp>

<comp id="54" class="1001" name="const_54">
<pin_list>
<pin id="55" dir="1" index="0" bw="1" slack="2147483647"/>
</pin_list>
<bind>
<StgValue><ssdm name="_ssdm_op_SpecLoopName"/></StgValue>
</bind>
</comp>

<comp id="56" class="1001" name="const_56">
<pin_list>
<pin id="57" dir="1" index="0" bw="1" slack="2147483647"/>
</pin_list>
<bind>
<StgValue><ssdm name="empty"/></StgValue>
</bind>
</comp>

<comp id="58" class="1001" name="const_58">
<pin_list>
<pin id="59" dir="1" index="0" bw="1" slack="0"/>
</pin_list>
<bind>
<StgValue><ssdm name="_ssdm_op_BitConcatenate.i72.i12.i12.i12.i12.i12.i12"/></StgValue>
</bind>
</comp>

<comp id="60" class="1001" name="const_60">
<pin_list>
<pin id="61" dir="1" index="0" bw="1" slack="0"/>
</pin_list>
<bind>
<StgValue><ssdm name="_ssdm_op_Write.ap_fifo.volatile.i72P0A"/></StgValue>
</bind>
</comp>

<comp id="62" class="1004" name="i_fu_62">
<pin_list>
<pin id="63" dir="0" index="0" bw="1" slack="0"/>
<pin id="64" dir="1" index="1" bw="13" slack="0"/>
</pin_list>
<bind>
<opcode="alloca(26) " fcode="alloca"/>
<opset="i/1 "/>
</bind>
</comp>

<comp id="66" class="1004" name="layer28_cpy2_read_read_fu_66">
<pin_list>
<pin id="67" dir="0" index="0" bw="72" slack="0"/>
<pin id="68" dir="0" index="1" bw="72" slack="0"/>
<pin id="69" dir="1" index="2" bw="72" slack="0"/>
</pin_list>
<bind>
<opcode="read(1150) " fcode="read"/>
<opset="layer28_cpy2_read/2 "/>
</bind>
</comp>

<comp id="72" class="1004" name="layer13_out_read_read_fu_72">
<pin_list>
<pin id="73" dir="0" index="0" bw="72" slack="0"/>
<pin id="74" dir="0" index="1" bw="72" slack="0"/>
<pin id="75" dir="1" index="2" bw="72" slack="0"/>
</pin_list>
<bind>
<opcode="read(1150) " fcode="read"/>
<opset="layer13_out_read/2 "/>
</bind>
</comp>

<comp id="78" class="1004" name="write_ln29_write_fu_78">
<pin_list>
<pin id="79" dir="0" index="0" bw="0" slack="0"/>
<pin id="80" dir="0" index="1" bw="72" slack="0"/>
<pin id="81" dir="0" index="2" bw="72" slack="0"/>
<pin id="82" dir="1" index="3" bw="0" slack="2147483647"/>
</pin_list>
<bind>
<opcode="write(1151) " fcode="write"/>
<opset="write_ln29/3 "/>
</bind>
</comp>

<comp id="85" class="1004" name="store_ln15_store_fu_85">
<pin_list>
<pin id="86" dir="0" index="0" bw="1" slack="0"/>
<pin id="87" dir="0" index="1" bw="13" slack="0"/>
<pin id="88" dir="1" index="2" bw="0" slack="2147483647"/>
</pin_list>
<bind>
<opcode="store(28) " fcode="store"/>
<opset="store_ln15/1 "/>
</bind>
</comp>

<comp id="90" class="1004" name="i_30_load_fu_90">
<pin_list>
<pin id="91" dir="0" index="0" bw="13" slack="0"/>
<pin id="92" dir="1" index="1" bw="13" slack="0"/>
</pin_list>
<bind>
<opcode="load(27) " fcode="load"/>
<opset="i_30/1 "/>
</bind>
</comp>

<comp id="93" class="1004" name="icmp_ln15_fu_93">
<pin_list>
<pin id="94" dir="0" index="0" bw="13" slack="0"/>
<pin id="95" dir="0" index="1" bw="13" slack="0"/>
<pin id="96" dir="1" index="2" bw="1" slack="1"/>
</pin_list>
<bind>
<opcode="icmp(45) " fcode="icmp"/>
<opset="icmp_ln15/1 "/>
</bind>
</comp>

<comp id="99" class="1004" name="i_31_fu_99">
<pin_list>
<pin id="100" dir="0" index="0" bw="13" slack="0"/>
<pin id="101" dir="0" index="1" bw="1" slack="0"/>
<pin id="102" dir="1" index="2" bw="13" slack="0"/>
</pin_list>
<bind>
<opcode="add(8) " fcode="add"/>
<opset="i_31/1 "/>
</bind>
</comp>

<comp id="105" class="1004" name="store_ln15_store_fu_105">
<pin_list>
<pin id="106" dir="0" index="0" bw="13" slack="0"/>
<pin id="107" dir="0" index="1" bw="13" slack="0"/>
<pin id="108" dir="1" index="2" bw="0" slack="2147483647"/>
</pin_list>
<bind>
<opcode="store(28) " fcode="store"/>
<opset="store_ln15/1 "/>
</bind>
</comp>

<comp id="110" class="1004" name="trunc_ln18_fu_110">
<pin_list>
<pin id="111" dir="0" index="0" bw="72" slack="0"/>
<pin id="112" dir="1" index="1" bw="12" slack="0"/>
</pin_list>
<bind>
<opcode="trunc(33) " fcode="trunc"/>
<opset="trunc_ln18/2 "/>
</bind>
</comp>

<comp id="114" class="1004" name="trunc_ln18_8_fu_114">
<pin_list>
<pin id="115" dir="0" index="0" bw="12" slack="0"/>
<pin id="116" dir="0" index="1" bw="72" slack="0"/>
<pin id="117" dir="0" index="2" bw="5" slack="0"/>
<pin id="118" dir="0" index="3" bw="6" slack="0"/>
<pin id="119" dir="1" index="4" bw="12" slack="0"/>
</pin_list>
<bind>
<opcode="partselect(1002) " fcode="partselect"/>
<opset="trunc_ln18_8/2 "/>
</bind>
</comp>

<comp id="124" class="1004" name="trunc_ln18_9_fu_124">
<pin_list>
<pin id="125" dir="0" index="0" bw="12" slack="0"/>
<pin id="126" dir="0" index="1" bw="72" slack="0"/>
<pin id="127" dir="0" index="2" bw="6" slack="0"/>
<pin id="128" dir="0" index="3" bw="7" slack="0"/>
<pin id="129" dir="1" index="4" bw="12" slack="0"/>
</pin_list>
<bind>
<opcode="partselect(1002) " fcode="partselect"/>
<opset="trunc_ln18_9/2 "/>
</bind>
</comp>

<comp id="134" class="1004" name="trunc_ln18_s_fu_134">
<pin_list>
<pin id="135" dir="0" index="0" bw="12" slack="0"/>
<pin id="136" dir="0" index="1" bw="72" slack="0"/>
<pin id="137" dir="0" index="2" bw="7" slack="0"/>
<pin id="138" dir="0" index="3" bw="7" slack="0"/>
<pin id="139" dir="1" index="4" bw="12" slack="0"/>
</pin_list>
<bind>
<opcode="partselect(1002) " fcode="partselect"/>
<opset="trunc_ln18_s/2 "/>
</bind>
</comp>

<comp id="144" class="1004" name="trunc_ln18_1_fu_144">
<pin_list>
<pin id="145" dir="0" index="0" bw="12" slack="0"/>
<pin id="146" dir="0" index="1" bw="72" slack="0"/>
<pin id="147" dir="0" index="2" bw="7" slack="0"/>
<pin id="148" dir="0" index="3" bw="7" slack="0"/>
<pin id="149" dir="1" index="4" bw="12" slack="0"/>
</pin_list>
<bind>
<opcode="partselect(1002) " fcode="partselect"/>
<opset="trunc_ln18_1/2 "/>
</bind>
</comp>

<comp id="154" class="1004" name="trunc_ln18_2_fu_154">
<pin_list>
<pin id="155" dir="0" index="0" bw="12" slack="0"/>
<pin id="156" dir="0" index="1" bw="72" slack="0"/>
<pin id="157" dir="0" index="2" bw="7" slack="0"/>
<pin id="158" dir="0" index="3" bw="8" slack="0"/>
<pin id="159" dir="1" index="4" bw="12" slack="0"/>
</pin_list>
<bind>
<opcode="partselect(1002) " fcode="partselect"/>
<opset="trunc_ln18_2/2 "/>
</bind>
</comp>

<comp id="164" class="1004" name="trunc_ln19_fu_164">
<pin_list>
<pin id="165" dir="0" index="0" bw="72" slack="0"/>
<pin id="166" dir="1" index="1" bw="12" slack="0"/>
</pin_list>
<bind>
<opcode="trunc(33) " fcode="trunc"/>
<opset="trunc_ln19/2 "/>
</bind>
</comp>

<comp id="168" class="1004" name="trunc_ln19_8_fu_168">
<pin_list>
<pin id="169" dir="0" index="0" bw="12" slack="0"/>
<pin id="170" dir="0" index="1" bw="72" slack="0"/>
<pin id="171" dir="0" index="2" bw="5" slack="0"/>
<pin id="172" dir="0" index="3" bw="6" slack="0"/>
<pin id="173" dir="1" index="4" bw="12" slack="0"/>
</pin_list>
<bind>
<opcode="partselect(1002) " fcode="partselect"/>
<opset="trunc_ln19_8/2 "/>
</bind>
</comp>

<comp id="178" class="1004" name="trunc_ln19_9_fu_178">
<pin_list>
<pin id="179" dir="0" index="0" bw="12" slack="0"/>
<pin id="180" dir="0" index="1" bw="72" slack="0"/>
<pin id="181" dir="0" index="2" bw="6" slack="0"/>
<pin id="182" dir="0" index="3" bw="7" slack="0"/>
<pin id="183" dir="1" index="4" bw="12" slack="0"/>
</pin_list>
<bind>
<opcode="partselect(1002) " fcode="partselect"/>
<opset="trunc_ln19_9/2 "/>
</bind>
</comp>

<comp id="188" class="1004" name="trunc_ln19_s_fu_188">
<pin_list>
<pin id="189" dir="0" index="0" bw="12" slack="0"/>
<pin id="190" dir="0" index="1" bw="72" slack="0"/>
<pin id="191" dir="0" index="2" bw="7" slack="0"/>
<pin id="192" dir="0" index="3" bw="7" slack="0"/>
<pin id="193" dir="1" index="4" bw="12" slack="0"/>
</pin_list>
<bind>
<opcode="partselect(1002) " fcode="partselect"/>
<opset="trunc_ln19_s/2 "/>
</bind>
</comp>

<comp id="198" class="1004" name="trunc_ln19_1_fu_198">
<pin_list>
<pin id="199" dir="0" index="0" bw="12" slack="0"/>
<pin id="200" dir="0" index="1" bw="72" slack="0"/>
<pin id="201" dir="0" index="2" bw="7" slack="0"/>
<pin id="202" dir="0" index="3" bw="7" slack="0"/>
<pin id="203" dir="1" index="4" bw="12" slack="0"/>
</pin_list>
<bind>
<opcode="partselect(1002) " fcode="partselect"/>
<opset="trunc_ln19_1/2 "/>
</bind>
</comp>

<comp id="208" class="1004" name="trunc_ln19_2_fu_208">
<pin_list>
<pin id="209" dir="0" index="0" bw="12" slack="0"/>
<pin id="210" dir="0" index="1" bw="72" slack="0"/>
<pin id="211" dir="0" index="2" bw="7" slack="0"/>
<pin id="212" dir="0" index="3" bw="8" slack="0"/>
<pin id="213" dir="1" index="4" bw="12" slack="0"/>
</pin_list>
<bind>
<opcode="partselect(1002) " fcode="partselect"/>
<opset="trunc_ln19_2/2 "/>
</bind>
</comp>

<comp id="218" class="1004" name="add_ln26_fu_218">
<pin_list>
<pin id="219" dir="0" index="0" bw="12" slack="0"/>
<pin id="220" dir="0" index="1" bw="12" slack="0"/>
<pin id="221" dir="1" index="2" bw="12" slack="1"/>
</pin_list>
<bind>
<opcode="add(8) " fcode="add"/>
<opset="add_ln26/2 "/>
</bind>
</comp>

<comp id="224" class="1004" name="add_ln26_8_fu_224">
<pin_list>
<pin id="225" dir="0" index="0" bw="12" slack="0"/>
<pin id="226" dir="0" index="1" bw="12" slack="0"/>
<pin id="227" dir="1" index="2" bw="12" slack="1"/>
</pin_list>
<bind>
<opcode="add(8) " fcode="add"/>
<opset="add_ln26_8/2 "/>
</bind>
</comp>

<comp id="230" class="1004" name="add_ln26_9_fu_230">
<pin_list>
<pin id="231" dir="0" index="0" bw="12" slack="0"/>
<pin id="232" dir="0" index="1" bw="12" slack="0"/>
<pin id="233" dir="1" index="2" bw="12" slack="1"/>
</pin_list>
<bind>
<opcode="add(8) " fcode="add"/>
<opset="add_ln26_9/2 "/>
</bind>
</comp>

<comp id="236" class="1004" name="add_ln26_10_fu_236">
<pin_list>
<pin id="237" dir="0" index="0" bw="12" slack="0"/>
<pin id="238" dir="0" index="1" bw="12" slack="0"/>
<pin id="239" dir="1" index="2" bw="12" slack="1"/>
</pin_list>
<bind>
<opcode="add(8) " fcode="add"/>
<opset="add_ln26_10/2 "/>
</bind>
</comp>

<comp id="242" class="1004" name="add_ln26_11_fu_242">
<pin_list>
<pin id="243" dir="0" index="0" bw="12" slack="0"/>
<pin id="244" dir="0" index="1" bw="12" slack="0"/>
<pin id="245" dir="1" index="2" bw="12" slack="1"/>
</pin_list>
<bind>
<opcode="add(8) " fcode="add"/>
<opset="add_ln26_11/2 "/>
</bind>
</comp>

<comp id="248" class="1004" name="add_ln26_12_fu_248">
<pin_list>
<pin id="249" dir="0" index="0" bw="12" slack="0"/>
<pin id="250" dir="0" index="1" bw="12" slack="0"/>
<pin id="251" dir="1" index="2" bw="12" slack="1"/>
</pin_list>
<bind>
<opcode="add(8) " fcode="add"/>
<opset="add_ln26_12/2 "/>
</bind>
</comp>

<comp id="254" class="1004" name="or_ln29_s_fu_254">
<pin_list>
<pin id="255" dir="0" index="0" bw="72" slack="0"/>
<pin id="256" dir="0" index="1" bw="12" slack="1"/>
<pin id="257" dir="0" index="2" bw="12" slack="1"/>
<pin id="258" dir="0" index="3" bw="12" slack="1"/>
<pin id="259" dir="0" index="4" bw="12" slack="1"/>
<pin id="260" dir="0" index="5" bw="12" slack="1"/>
<pin id="261" dir="0" index="6" bw="12" slack="1"/>
<pin id="262" dir="1" index="7" bw="72" slack="0"/>
</pin_list>
<bind>
<opcode="bitconcatenate(1004) " fcode="bitconcatenate"/>
<opset="or_ln29_s/3 "/>
</bind>
</comp>

<comp id="265" class="1005" name="i_reg_265">
<pin_list>
<pin id="266" dir="0" index="0" bw="13" slack="0"/>
<pin id="267" dir="1" index="1" bw="13" slack="0"/>
</pin_list>
<bind>
<opset="i "/>
</bind>
</comp>

<comp id="272" class="1005" name="icmp_ln15_reg_272">
<pin_list>
<pin id="273" dir="0" index="0" bw="1" slack="1"/>
<pin id="274" dir="1" index="1" bw="1" slack="2147483647"/>
</pin_list>
<bind>
<opset="icmp_ln15 "/>
</bind>
</comp>

<comp id="276" class="1005" name="add_ln26_reg_276">
<pin_list>
<pin id="277" dir="0" index="0" bw="12" slack="1"/>
<pin id="278" dir="1" index="1" bw="12" slack="1"/>
</pin_list>
<bind>
<opset="add_ln26 "/>
</bind>
</comp>

<comp id="281" class="1005" name="add_ln26_8_reg_281">
<pin_list>
<pin id="282" dir="0" index="0" bw="12" slack="1"/>
<pin id="283" dir="1" index="1" bw="12" slack="1"/>
</pin_list>
<bind>
<opset="add_ln26_8 "/>
</bind>
</comp>

<comp id="286" class="1005" name="add_ln26_9_reg_286">
<pin_list>
<pin id="287" dir="0" index="0" bw="12" slack="1"/>
<pin id="288" dir="1" index="1" bw="12" slack="1"/>
</pin_list>
<bind>
<opset="add_ln26_9 "/>
</bind>
</comp>

<comp id="291" class="1005" name="add_ln26_10_reg_291">
<pin_list>
<pin id="292" dir="0" index="0" bw="12" slack="1"/>
<pin id="293" dir="1" index="1" bw="12" slack="1"/>
</pin_list>
<bind>
<opset="add_ln26_10 "/>
</bind>
</comp>

<comp id="296" class="1005" name="add_ln26_11_reg_296">
<pin_list>
<pin id="297" dir="0" index="0" bw="12" slack="1"/>
<pin id="298" dir="1" index="1" bw="12" slack="1"/>
</pin_list>
<bind>
<opset="add_ln26_11 "/>
</bind>
</comp>

<comp id="301" class="1005" name="add_ln26_12_reg_301">
<pin_list>
<pin id="302" dir="0" index="0" bw="12" slack="1"/>
<pin id="303" dir="1" index="1" bw="12" slack="1"/>
</pin_list>
<bind>
<opset="add_ln26_12 "/>
</bind>
</comp>

</comp_list>

<net_list>
<net id="65"><net_src comp="6" pin="0"/><net_sink comp="62" pin=0"/></net>

<net id="70"><net_src comp="24" pin="0"/><net_sink comp="66" pin=0"/></net>

<net id="71"><net_src comp="0" pin="0"/><net_sink comp="66" pin=1"/></net>

<net id="76"><net_src comp="24" pin="0"/><net_sink comp="72" pin=0"/></net>

<net id="77"><net_src comp="2" pin="0"/><net_sink comp="72" pin=1"/></net>

<net id="83"><net_src comp="60" pin="0"/><net_sink comp="78" pin=0"/></net>

<net id="84"><net_src comp="4" pin="0"/><net_sink comp="78" pin=1"/></net>

<net id="89"><net_src comp="18" pin="0"/><net_sink comp="85" pin=0"/></net>

<net id="97"><net_src comp="90" pin="1"/><net_sink comp="93" pin=0"/></net>

<net id="98"><net_src comp="20" pin="0"/><net_sink comp="93" pin=1"/></net>

<net id="103"><net_src comp="90" pin="1"/><net_sink comp="99" pin=0"/></net>

<net id="104"><net_src comp="22" pin="0"/><net_sink comp="99" pin=1"/></net>

<net id="109"><net_src comp="99" pin="2"/><net_sink comp="105" pin=0"/></net>

<net id="113"><net_src comp="66" pin="2"/><net_sink comp="110" pin=0"/></net>

<net id="120"><net_src comp="26" pin="0"/><net_sink comp="114" pin=0"/></net>

<net id="121"><net_src comp="66" pin="2"/><net_sink comp="114" pin=1"/></net>

<net id="122"><net_src comp="28" pin="0"/><net_sink comp="114" pin=2"/></net>

<net id="123"><net_src comp="30" pin="0"/><net_sink comp="114" pin=3"/></net>

<net id="130"><net_src comp="26" pin="0"/><net_sink comp="124" pin=0"/></net>

<net id="131"><net_src comp="66" pin="2"/><net_sink comp="124" pin=1"/></net>

<net id="132"><net_src comp="32" pin="0"/><net_sink comp="124" pin=2"/></net>

<net id="133"><net_src comp="34" pin="0"/><net_sink comp="124" pin=3"/></net>

<net id="140"><net_src comp="26" pin="0"/><net_sink comp="134" pin=0"/></net>

<net id="141"><net_src comp="66" pin="2"/><net_sink comp="134" pin=1"/></net>

<net id="142"><net_src comp="36" pin="0"/><net_sink comp="134" pin=2"/></net>

<net id="143"><net_src comp="38" pin="0"/><net_sink comp="134" pin=3"/></net>

<net id="150"><net_src comp="26" pin="0"/><net_sink comp="144" pin=0"/></net>

<net id="151"><net_src comp="66" pin="2"/><net_sink comp="144" pin=1"/></net>

<net id="152"><net_src comp="40" pin="0"/><net_sink comp="144" pin=2"/></net>

<net id="153"><net_src comp="42" pin="0"/><net_sink comp="144" pin=3"/></net>

<net id="160"><net_src comp="26" pin="0"/><net_sink comp="154" pin=0"/></net>

<net id="161"><net_src comp="66" pin="2"/><net_sink comp="154" pin=1"/></net>

<net id="162"><net_src comp="44" pin="0"/><net_sink comp="154" pin=2"/></net>

<net id="163"><net_src comp="46" pin="0"/><net_sink comp="154" pin=3"/></net>

<net id="167"><net_src comp="72" pin="2"/><net_sink comp="164" pin=0"/></net>

<net id="174"><net_src comp="26" pin="0"/><net_sink comp="168" pin=0"/></net>

<net id="175"><net_src comp="72" pin="2"/><net_sink comp="168" pin=1"/></net>

<net id="176"><net_src comp="28" pin="0"/><net_sink comp="168" pin=2"/></net>

<net id="177"><net_src comp="30" pin="0"/><net_sink comp="168" pin=3"/></net>

<net id="184"><net_src comp="26" pin="0"/><net_sink comp="178" pin=0"/></net>

<net id="185"><net_src comp="72" pin="2"/><net_sink comp="178" pin=1"/></net>

<net id="186"><net_src comp="32" pin="0"/><net_sink comp="178" pin=2"/></net>

<net id="187"><net_src comp="34" pin="0"/><net_sink comp="178" pin=3"/></net>

<net id="194"><net_src comp="26" pin="0"/><net_sink comp="188" pin=0"/></net>

<net id="195"><net_src comp="72" pin="2"/><net_sink comp="188" pin=1"/></net>

<net id="196"><net_src comp="36" pin="0"/><net_sink comp="188" pin=2"/></net>

<net id="197"><net_src comp="38" pin="0"/><net_sink comp="188" pin=3"/></net>

<net id="204"><net_src comp="26" pin="0"/><net_sink comp="198" pin=0"/></net>

<net id="205"><net_src comp="72" pin="2"/><net_sink comp="198" pin=1"/></net>

<net id="206"><net_src comp="40" pin="0"/><net_sink comp="198" pin=2"/></net>

<net id="207"><net_src comp="42" pin="0"/><net_sink comp="198" pin=3"/></net>

<net id="214"><net_src comp="26" pin="0"/><net_sink comp="208" pin=0"/></net>

<net id="215"><net_src comp="72" pin="2"/><net_sink comp="208" pin=1"/></net>

<net id="216"><net_src comp="44" pin="0"/><net_sink comp="208" pin=2"/></net>

<net id="217"><net_src comp="46" pin="0"/><net_sink comp="208" pin=3"/></net>

<net id="222"><net_src comp="164" pin="1"/><net_sink comp="218" pin=0"/></net>

<net id="223"><net_src comp="110" pin="1"/><net_sink comp="218" pin=1"/></net>

<net id="228"><net_src comp="168" pin="4"/><net_sink comp="224" pin=0"/></net>

<net id="229"><net_src comp="114" pin="4"/><net_sink comp="224" pin=1"/></net>

<net id="234"><net_src comp="178" pin="4"/><net_sink comp="230" pin=0"/></net>

<net id="235"><net_src comp="124" pin="4"/><net_sink comp="230" pin=1"/></net>

<net id="240"><net_src comp="188" pin="4"/><net_sink comp="236" pin=0"/></net>

<net id="241"><net_src comp="134" pin="4"/><net_sink comp="236" pin=1"/></net>

<net id="246"><net_src comp="198" pin="4"/><net_sink comp="242" pin=0"/></net>

<net id="247"><net_src comp="144" pin="4"/><net_sink comp="242" pin=1"/></net>

<net id="252"><net_src comp="208" pin="4"/><net_sink comp="248" pin=0"/></net>

<net id="253"><net_src comp="154" pin="4"/><net_sink comp="248" pin=1"/></net>

<net id="263"><net_src comp="58" pin="0"/><net_sink comp="254" pin=0"/></net>

<net id="264"><net_src comp="254" pin="7"/><net_sink comp="78" pin=2"/></net>

<net id="268"><net_src comp="62" pin="1"/><net_sink comp="265" pin=0"/></net>

<net id="269"><net_src comp="265" pin="1"/><net_sink comp="85" pin=1"/></net>

<net id="270"><net_src comp="265" pin="1"/><net_sink comp="90" pin=0"/></net>

<net id="271"><net_src comp="265" pin="1"/><net_sink comp="105" pin=1"/></net>

<net id="275"><net_src comp="93" pin="2"/><net_sink comp="272" pin=0"/></net>

<net id="279"><net_src comp="218" pin="2"/><net_sink comp="276" pin=0"/></net>

<net id="280"><net_src comp="276" pin="1"/><net_sink comp="254" pin=6"/></net>

<net id="284"><net_src comp="224" pin="2"/><net_sink comp="281" pin=0"/></net>

<net id="285"><net_src comp="281" pin="1"/><net_sink comp="254" pin=5"/></net>

<net id="289"><net_src comp="230" pin="2"/><net_sink comp="286" pin=0"/></net>

<net id="290"><net_src comp="286" pin="1"/><net_sink comp="254" pin=4"/></net>

<net id="294"><net_src comp="236" pin="2"/><net_sink comp="291" pin=0"/></net>

<net id="295"><net_src comp="291" pin="1"/><net_sink comp="254" pin=3"/></net>

<net id="299"><net_src comp="242" pin="2"/><net_sink comp="296" pin=0"/></net>

<net id="300"><net_src comp="296" pin="1"/><net_sink comp="254" pin=2"/></net>

<net id="304"><net_src comp="248" pin="2"/><net_sink comp="301" pin=0"/></net>

<net id="305"><net_src comp="301" pin="1"/><net_sink comp="254" pin=1"/></net>

</net_list>

</model> 
---------------- Datapath Model END ------------------

* FSMD analyzer results:
  - Output states:
	Port: layer14_out | {3 }
 - Input state : 
	Port: add<array,array<ap_fixed,6u>,array<ap_fixed<12,6,5,3,0>,6u>,config14> : layer28_cpy2 | {2 }
	Port: add<array,array<ap_fixed,6u>,array<ap_fixed<12,6,5,3,0>,6u>,config14> : layer13_out | {2 }
  - Chain level:
	State 1
		store_ln15 : 1
		i_30 : 1
		icmp_ln15 : 2
		i_31 : 2
		br_ln15 : 3
		store_ln15 : 3
	State 2
		add_ln26 : 1
		add_ln26_8 : 1
		add_ln26_9 : 1
		add_ln26_10 : 1
		add_ln26_11 : 1
		add_ln26_12 : 1
	State 3
		write_ln29 : 1


============================================================
+ Verbose Summary: Datapath Resource usage 
============================================================

* Functional unit list:
|----------|------------------------------|---------|---------|
| Operation|        Functional Unit       |    FF   |   LUT   |
|----------|------------------------------|---------|---------|
|          |          i_31_fu_99          |    0    |    20   |
|          |        add_ln26_fu_218       |    0    |    19   |
|          |       add_ln26_8_fu_224      |    0    |    19   |
|    add   |       add_ln26_9_fu_230      |    0    |    19   |
|          |      add_ln26_10_fu_236      |    0    |    19   |
|          |      add_ln26_11_fu_242      |    0    |    19   |
|          |      add_ln26_12_fu_248      |    0    |    19   |
|----------|------------------------------|---------|---------|
|   icmp   |        icmp_ln15_fu_93       |    0    |    20   |
|----------|------------------------------|---------|---------|
|   read   | layer28_cpy2_read_read_fu_66 |    0    |    0    |
|          |  layer13_out_read_read_fu_72 |    0    |    0    |
|----------|------------------------------|---------|---------|
|   write  |    write_ln29_write_fu_78    |    0    |    0    |
|----------|------------------------------|---------|---------|
|   trunc  |       trunc_ln18_fu_110      |    0    |    0    |
|          |       trunc_ln19_fu_164      |    0    |    0    |
|----------|------------------------------|---------|---------|
|          |      trunc_ln18_8_fu_114     |    0    |    0    |
|          |      trunc_ln18_9_fu_124     |    0    |    0    |
|          |      trunc_ln18_s_fu_134     |    0    |    0    |
|          |      trunc_ln18_1_fu_144     |    0    |    0    |
|partselect|      trunc_ln18_2_fu_154     |    0    |    0    |
|          |      trunc_ln19_8_fu_168     |    0    |    0    |
|          |      trunc_ln19_9_fu_178     |    0    |    0    |
|          |      trunc_ln19_s_fu_188     |    0    |    0    |
|          |      trunc_ln19_1_fu_198     |    0    |    0    |
|          |      trunc_ln19_2_fu_208     |    0    |    0    |
|----------|------------------------------|---------|---------|
|bitconcatenate|       or_ln29_s_fu_254       |    0    |    0    |
|----------|------------------------------|---------|---------|
|   Total  |                              |    0    |   154   |
|----------|------------------------------|---------|---------|

Memories:
N/A

* Register list:
+-------------------+--------+
|                   |   FF   |
+-------------------+--------+
|add_ln26_10_reg_291|   12   |
|add_ln26_11_reg_296|   12   |
|add_ln26_12_reg_301|   12   |
| add_ln26_8_reg_281|   12   |
| add_ln26_9_reg_286|   12   |
|  add_ln26_reg_276 |   12   |
|     i_reg_265     |   13   |
| icmp_ln15_reg_272 |    1   |
+-------------------+--------+
|       Total       |   86   |
+-------------------+--------+

* Multiplexer (MUX) list: 
|--------|------|------|------|--------|
|  Comp  |  Pin | Size |  BW  | S x BW |
|--------|------|------|------|--------|
|  Total |      |      |      |    0   |
|--------|------|------|------|--------|



* Summary:
+-----------+--------+--------+
|           |   FF   |   LUT  |
+-----------+--------+--------+
|  Function |    0   |   154  |
|   Memory  |    -   |    -   |
|Multiplexer|    -   |    -   |
|  Register |   86   |    -   |
+-----------+--------+--------+
|   Total   |   86   |   154  |
+-----------+--------+--------+
