

================================================================
== Vitis HLS Report for 'clone_stream_array_ap_fixed_4u_array_ap_fixed_16_6_5_3_0_4u_65536_s'
================================================================
* Date:           Fri Apr 24 00:23:00 2026

* Version:        2025.2 (Build 6295257 on Nov 14 2025)
* Project:        folo_prj
* Solution:       solution1 (Vivado IP Flow Target)
* Product family: kintexu
* Target device:  xcku035-fbva676-2-e


================================================================
== Performance Estimates
================================================================
+ Timing: 
    * Summary: 
    +--------+---------+----------+------------+
    |  Clock |  Target | Estimated| Uncertainty|
    +--------+---------+----------+------------+
    |ap_clk  |  5.00 ns|  3.650 ns|     1.35 ns|
    +--------+---------+----------+------------+

+ Latency: 
    * Summary: 
    +---------+---------+-----------+-----------+-------+-------+------------------------------------------------+
    |  Latency (cycles) |   Latency (absolute)  |    Interval   |                    Pipeline                    |
    |   min   |   max   |    min    |    max    |  min  |  max  |                      Type                      |
    +---------+---------+-----------+-----------+-------+-------+------------------------------------------------+
    |    16385|    16385|  81.925 us|  81.925 us|  16384|  16384|  loop auto-rewind stp (delay=0 clock cycles(s))|
    +---------+---------+-----------+-----------+-------+-------+------------------------------------------------+

    + Detail: 
        * Instance: 
        N/A

        * Loop: 
        +-------------+---------+---------+----------+-----------+-----------+-------+----------+
        |             |  Latency (cycles) | Iteration|  Initiation Interval  |  Trip |          |
        |  Loop Name  |   min   |   max   |  Latency |  achieved |   target  | Count | Pipelined|
        +-------------+---------+---------+----------+-----------+-----------+-------+----------+
        |- CloneLoop  |    16383|    16383|         1|          1|          1|  16384|       yes|
        +-------------+---------+---------+----------+-----------+-----------+-------+----------+



================================================================
== Utilization Estimates
================================================================
* Summary: 
+-----------------+---------+------+--------+--------+-----+
|       Name      | BRAM_18K|  DSP |   FF   |   LUT  | URAM|
+-----------------+---------+------+--------+--------+-----+
|DSP              |        -|     -|       -|       -|    -|
|Expression       |        -|     -|       0|      44|    -|
|FIFO             |        -|     -|       -|       -|    -|
|Instance         |        -|     -|       -|       -|    -|
|Memory           |        -|     -|       -|       -|    -|
|Multiplexer      |        -|     -|       0|      63|    -|
|Register         |        -|     -|      17|       -|    -|
+-----------------+---------+------+--------+--------+-----+
|Total            |        0|     0|      17|     107|    0|
+-----------------+---------+------+--------+--------+-----+
|Available        |     1080|  1700|  406256|  203128|    0|
+-----------------+---------+------+--------+--------+-----+
|Utilization (%)  |        0|     0|      ~0|      ~0|    0|
+-----------------+---------+------+--------+--------+-----+

+ Detail: 
    * Instance: 
    N/A

    * DSP: 
    N/A

    * Memory: 
    N/A

    * FIFO: 
    N/A

    * Expression: 
    +----------------------------------+----------+----+---+----+------------+------------+
    |           Variable Name          | Operation| DSP| FF| LUT| Bitwidth P0| Bitwidth P1|
    +----------------------------------+----------+----+---+----+------------+------------+
    |i_40_fu_72_p2                     |         +|   0|  0|  21|          14|           1|
    |icmp_ln22_fu_78_p2                |      icmp|   0|  0|  21|          14|           2|
    |ap_block_state1_pp0_stage0_iter0  |        or|   0|  0|   2|           1|           1|
    +----------------------------------+----------+----+---+----+------------+------------+
    |Total                             |          |   0|  0|  44|          29|           4|
    +----------------------------------+----------+----+---+----+------------+------------+

    * Multiplexer: 
    +-----------------------+----+-----------+-----+-----------+
    |          Name         | LUT| Input Size| Bits| Total Bits|
    +-----------------------+----+-----------+-----+-----------+
    |ap_done_int            |   9|          2|    1|          2|
    |ap_sig_allocacmp_i_39  |   9|          2|   14|         28|
    |i_fu_38                |   9|          2|   14|         28|
    |layer27_cpy1_blk_n     |   9|          2|    1|          2|
    |layer27_cpy2_blk_n     |   9|          2|    1|          2|
    |layer4_out_blk_n       |   9|          2|    1|          2|
    |real_start             |   9|          2|    1|          2|
    +-----------------------+----+-----------+-----+-----------+
    |Total                  |  63|         14|   33|         66|
    +-----------------------+----+-----------+-----+-----------+

    * Register: 
    +----------------+----+----+-----+-----------+
    |      Name      | FF | LUT| Bits| Const Bits|
    +----------------+----+----+-----+-----------+
    |ap_CS_fsm       |   1|   0|    1|          0|
    |ap_done_reg     |   1|   0|    1|          0|
    |i_fu_38         |  14|   0|   14|          0|
    |start_once_reg  |   1|   0|    1|          0|
    +----------------+----+----+-----+-----------+
    |Total           |  17|   0|   17|          0|
    +----------------+----+----+-----+-----------+



================================================================
== Interface
================================================================
* Summary: 
+-----------------------------+-----+-----+------------+-----------------------------------------------------------------------+--------------+
|          RTL Ports          | Dir | Bits|  Protocol  |                             Source Object                             |    C Type    |
+-----------------------------+-----+-----+------------+-----------------------------------------------------------------------+--------------+
|ap_clk                       |   in|    1|  ap_ctrl_hs|  clone_stream<array<ap_fixed,4u>,array<ap_fixed<16,6,5,3,0>,4u>,65536>|  return value|
|ap_rst                       |   in|    1|  ap_ctrl_hs|  clone_stream<array<ap_fixed,4u>,array<ap_fixed<16,6,5,3,0>,4u>,65536>|  return value|
|ap_start                     |   in|    1|  ap_ctrl_hs|  clone_stream<array<ap_fixed,4u>,array<ap_fixed<16,6,5,3,0>,4u>,65536>|  return value|
|start_full_n                 |   in|    1|  ap_ctrl_hs|  clone_stream<array<ap_fixed,4u>,array<ap_fixed<16,6,5,3,0>,4u>,65536>|  return value|
|ap_done                      |  out|    1|  ap_ctrl_hs|  clone_stream<array<ap_fixed,4u>,array<ap_fixed<16,6,5,3,0>,4u>,65536>|  return value|
|ap_continue                  |   in|    1|  ap_ctrl_hs|  clone_stream<array<ap_fixed,4u>,array<ap_fixed<16,6,5,3,0>,4u>,65536>|  return value|
|ap_idle                      |  out|    1|  ap_ctrl_hs|  clone_stream<array<ap_fixed,4u>,array<ap_fixed<16,6,5,3,0>,4u>,65536>|  return value|
|ap_ready                     |  out|    1|  ap_ctrl_hs|  clone_stream<array<ap_fixed,4u>,array<ap_fixed<16,6,5,3,0>,4u>,65536>|  return value|
|start_out                    |  out|    1|  ap_ctrl_hs|  clone_stream<array<ap_fixed,4u>,array<ap_fixed<16,6,5,3,0>,4u>,65536>|  return value|
|start_write                  |  out|    1|  ap_ctrl_hs|  clone_stream<array<ap_fixed,4u>,array<ap_fixed<16,6,5,3,0>,4u>,65536>|  return value|
|layer4_out_dout              |   in|   64|     ap_fifo|                                                             layer4_out|       pointer|
|layer4_out_empty_n           |   in|    1|     ap_fifo|                                                             layer4_out|       pointer|
|layer4_out_read              |  out|    1|     ap_fifo|                                                             layer4_out|       pointer|
|layer4_out_num_data_valid    |   in|    3|     ap_fifo|                                                             layer4_out|       pointer|
|layer4_out_fifo_cap          |   in|    3|     ap_fifo|                                                             layer4_out|       pointer|
|layer27_cpy1_din             |  out|   64|     ap_fifo|                                                           layer27_cpy1|       pointer|
|layer27_cpy1_full_n          |   in|    1|     ap_fifo|                                                           layer27_cpy1|       pointer|
|layer27_cpy1_write           |  out|    1|     ap_fifo|                                                           layer27_cpy1|       pointer|
|layer27_cpy1_num_data_valid  |   in|    5|     ap_fifo|                                                           layer27_cpy1|       pointer|
|layer27_cpy1_fifo_cap        |   in|    5|     ap_fifo|                                                           layer27_cpy1|       pointer|
|layer27_cpy2_din             |  out|   64|     ap_fifo|                                                           layer27_cpy2|       pointer|
|layer27_cpy2_full_n          |   in|    1|     ap_fifo|                                                           layer27_cpy2|       pointer|
|layer27_cpy2_write           |  out|    1|     ap_fifo|                                                           layer27_cpy2|       pointer|
|layer27_cpy2_num_data_valid  |   in|    9|     ap_fifo|                                                           layer27_cpy2|       pointer|
|layer27_cpy2_fifo_cap        |   in|    9|     ap_fifo|                                                           layer27_cpy2|       pointer|
+-----------------------------+-----+-----+------------+-----------------------------------------------------------------------+--------------+

============================================================
+ Verbose Summary: Synthesis Manager
============================================================
InlineROM: 1
ExposeGlobal: 0
============================================================
+ Verbose Summary: CDFG Model
============================================================
IsTopModel: 0
ResetActiveHigh: 1
IsCombinational: 2
IsDatapathOnly: 0
HasWiredReturn: 1
HasMFsm: 2
HasVarLatency: 1
IsPipeline: 0
IsRtlPipelined: 0
IsInstanceOverlapped: 0
IsDontTouch: 0
HasImplIP: 0
IsGatedGlobalClock: 0

+ Individual pipeline summary: 
  * Pipeline-0: initiation interval (II) = 1, depth = 1


============================================================
+ Verbose Summary: Schedule
============================================================
* Number of FSM states : 1
* Pipeline : 1
  Pipeline-0 : II = 1, D = 1, States = { 1 }
* Dataflow Pipeline: 0

* FSM state transitions: 
1 --> 

* FSM state operations: 

State 1 <SV = 0> <Delay = 3.65>
ST_1 : Operation 4 [1/1] (0.00ns)   --->   "%i = alloca i32 1" [firmware/nnet_utils/nnet_stream.h:22]   --->   Operation 4 'alloca' 'i' <Predicate = true> <Delay = 0.00>
ST_1 : Operation 5 [1/1] (0.00ns)   --->   "%specinterface_ln0 = specinterface void @_ssdm_op_SpecInterface, i64 %layer27_cpy2, void @empty_2, i32 0, i32 0, void @empty_1, i32 0, i32 0, void @empty_1, void @empty_1, void @empty_1, i32 0, i32 0, i32 0, i32 0, void @empty_1, void @empty_1, i32 4294967295, i32 0, i32 0, i32 0"   --->   Operation 5 'specinterface' 'specinterface_ln0' <Predicate = true> <Delay = 0.00>
ST_1 : Operation 6 [1/1] (0.00ns)   --->   "%specinterface_ln0 = specinterface void @_ssdm_op_SpecInterface, i64 %layer27_cpy1, void @empty_2, i32 0, i32 0, void @empty_1, i32 0, i32 0, void @empty_1, void @empty_1, void @empty_1, i32 0, i32 0, i32 0, i32 0, void @empty_1, void @empty_1, i32 4294967295, i32 0, i32 0, i32 0"   --->   Operation 6 'specinterface' 'specinterface_ln0' <Predicate = true> <Delay = 0.00>
ST_1 : Operation 7 [1/1] (0.00ns)   --->   "%specinterface_ln0 = specinterface void @_ssdm_op_SpecInterface, i64 %layer4_out, void @empty_2, i32 0, i32 0, void @empty_1, i32 0, i32 0, void @empty_1, void @empty_1, void @empty_1, i32 0, i32 0, i32 0, i32 0, void @empty_1, void @empty_1, i32 4294967295, i32 0, i32 0, i32 0"   --->   Operation 7 'specinterface' 'specinterface_ln0' <Predicate = true> <Delay = 0.00>
ST_1 : Operation 8 [1/1] (0.53ns)   --->   "%store_ln22 = store i14 0, i14 %i" [firmware/nnet_utils/nnet_stream.h:22]   --->   Operation 8 'store' 'store_ln22' <Predicate = true> <Delay = 0.53>
ST_1 : Operation 9 [1/1] (0.00ns)   --->   "%br_ln22 = br void %ClonePack.split" [firmware/nnet_utils/nnet_stream.h:22]   --->   Operation 9 'br' 'br_ln22' <Predicate = true> <Delay = 0.00>
ST_1 : Operation 10 [1/1] (0.00ns)   --->   "%i_39 = load i14 %i" [firmware/nnet_utils/nnet_stream.h:22]   --->   Operation 10 'load' 'i_39' <Predicate = true> <Delay = 0.00>
ST_1 : Operation 11 [1/1] (0.00ns)   --->   "%specpipeline_ln23 = specpipeline void @_ssdm_op_SpecPipeline, i32 4294967295, i32 0, i32 0, i32 0, i32 4294967295, void @empty_1" [firmware/nnet_utils/nnet_stream.h:23]   --->   Operation 11 'specpipeline' 'specpipeline_ln23' <Predicate = true> <Delay = 0.00>
ST_1 : Operation 12 [1/1] (0.00ns)   --->   "%speclooptripcount_ln22 = speclooptripcount void @_ssdm_op_SpecLoopTripCount, i64 16384, i64 16384, i64 16384" [firmware/nnet_utils/nnet_stream.h:22]   --->   Operation 12 'speclooptripcount' 'speclooptripcount_ln22' <Predicate = true> <Delay = 0.00>
ST_1 : Operation 13 [1/1] (0.00ns)   --->   "%specloopname_ln22 = specloopname void @_ssdm_op_SpecLoopName, void @empty_14" [firmware/nnet_utils/nnet_stream.h:22]   --->   Operation 13 'specloopname' 'specloopname_ln22' <Predicate = true> <Delay = 0.00>
ST_1 : Operation 14 [1/1] ( I:1.82ns O:1.82ns )   --->   "%layer4_out_read = read i64 @_ssdm_op_Read.ap_fifo.volatile.i64P0A, i64 %layer4_out" [firmware/nnet_utils/nnet_stream.h:25]   --->   Operation 14 'read' 'layer4_out_read' <Predicate = true> <Delay = 1.82> <CoreInst = "FIFO_SRL">   --->   Core 80 'FIFO_SRL' <Latency = 0> <II = 1> <Delay = 2.26> <Storage> <Opcode : 'read' 'write' 'nbread' 'nbwrite'> <Ports = 0> <Width = 64> <Depth = 2> <FIFO>
ST_1 : Operation 15 [1/1] ( I:1.82ns O:1.82ns )   --->   "%write_ln38 = write void @_ssdm_op_Write.ap_fifo.volatile.i64P0A, i64 %layer27_cpy1, i64 %layer4_out_read" [firmware/nnet_utils/nnet_stream.h:38]   --->   Operation 15 'write' 'write_ln38' <Predicate = true> <Delay = 1.82> <CoreInst = "FIFO_SRL">   --->   Core 80 'FIFO_SRL' <Latency = 0> <II = 1> <Delay = 1.93> <Storage> <Opcode : 'read' 'write' 'nbread' 'nbwrite'> <Ports = 0> <Width = 64> <Depth = 16> <FIFO>
ST_1 : Operation 16 [1/1] ( I:1.82ns O:1.82ns )   --->   "%write_ln39 = write void @_ssdm_op_Write.ap_fifo.volatile.i64P0A, i64 %layer27_cpy2, i64 %layer4_out_read" [firmware/nnet_utils/nnet_stream.h:39]   --->   Operation 16 'write' 'write_ln39' <Predicate = true> <Delay = 1.82> <CoreInst = "FIFO">   --->   Core 77 'FIFO' <Latency = 0> <II = 1> <Delay = 2.24> <Storage> <Opcode : 'read' 'write' 'nbread' 'nbwrite'> <Ports = 0> <Width = 64> <Depth = 131> <FIFO>
ST_1 : Operation 17 [1/1] (1.38ns)   --->   "%i_40 = add i14 %i_39, i14 1" [firmware/nnet_utils/nnet_stream.h:22]   --->   Operation 17 'add' 'i_40' <Predicate = true> <Delay = 1.38> <CoreInst = "Adder">   --->   Core 1 'Adder' <Latency = 0> <II = 1> <Delay = 1.38> <FuncUnit> <Opcode : 'add' 'sub'> <InPorts = 2> <OutPorts = 1>
ST_1 : Operation 18 [1/1] (1.38ns)   --->   "%icmp_ln22 = icmp_eq  i14 %i_39, i14 16383" [firmware/nnet_utils/nnet_stream.h:22]   --->   Operation 18 'icmp' 'icmp_ln22' <Predicate = true> <Delay = 1.38> <CoreInst = "Cmp">   --->   Core 9 'Cmp' <Latency = 0> <II = 1> <Delay = 1.38> <FuncUnit> <Opcode : 'seteq' 'setne' 'setle' 'setge' 'setlt' 'setgt'> <InPorts = 2> <OutPorts = 1>
ST_1 : Operation 19 [1/1] (0.53ns)   --->   "%store_ln22 = store i14 %i_40, i14 %i" [firmware/nnet_utils/nnet_stream.h:22]   --->   Operation 19 'store' 'store_ln22' <Predicate = true> <Delay = 0.53>
ST_1 : Operation 20 [1/1] (0.00ns)   --->   "%br_ln22 = br i1 %icmp_ln22, void %ClonePack.split, void %for.end13" [firmware/nnet_utils/nnet_stream.h:22]   --->   Operation 20 'br' 'br_ln22' <Predicate = true> <Delay = 0.00>
ST_1 : Operation 21 [1/1] (0.53ns)   --->   "%ret_ln41 = ret" [firmware/nnet_utils/nnet_stream.h:41]   --->   Operation 21 'ret' 'ret_ln41' <Predicate = (icmp_ln22)> <Delay = 0.53>


============================================================
+ Verbose Summary: Binding
============================================================
STG Binding: 
---------------- STG Properties BEGIN ----------------
- Is combinational: 0
- Is one-state seq: 0
- Is datapath-only: 0
- Is pipelined: 0
- Is top level: 0
Port [ Return ] is wired: 1; IO mode=ap_ctrl_hs:ce=0
Port [ layer4_out]:  wired=1; compound=1; hidden=0; nouse=0; global=0; static=0; extern=0; dir=0; type=3; pingpong=0; private_global=0; IO mode=ap_fifo:ce=0
Port [ layer27_cpy1]:  wired=1; compound=1; hidden=0; nouse=0; global=0; static=0; extern=0; dir=1; type=3; pingpong=0; private_global=0; IO mode=ap_fifo:ce=0
Port [ layer27_cpy2]:  wired=1; compound=1; hidden=0; nouse=0; global=0; static=0; extern=0; dir=1; type=3; pingpong=0; private_global=0; IO mode=ap_fifo:ce=0
---------------- STG Properties END ------------------

---------------- Datapath Model BEGIN ----------------

<LifeTime>
<method=bitvector/>
i                      (alloca           ) [ 01]
specinterface_ln0      (specinterface    ) [ 00]
specinterface_ln0      (specinterface    ) [ 00]
specinterface_ln0      (specinterface    ) [ 00]
store_ln22             (store            ) [ 00]
br_ln22                (br               ) [ 00]
i_39                   (load             ) [ 00]
specpipeline_ln23      (specpipeline     ) [ 00]
speclooptripcount_ln22 (speclooptripcount) [ 00]
specloopname_ln22      (specloopname     ) [ 00]
layer4_out_read        (read             ) [ 00]
write_ln38             (write            ) [ 00]
write_ln39             (write            ) [ 00]
i_40                   (add              ) [ 00]
icmp_ln22              (icmp             ) [ 01]
store_ln22             (store            ) [ 00]
br_ln22                (br               ) [ 00]
ret_ln41               (ret              ) [ 00]
</LifeTime>

<model>

<comp_list>
<comp id="0" class="1000" name="layer4_out">
<pin_list>
<pin id="1" dir="1" index="0" bw="1" slack="0"/>
</pin_list>
<bind>
<StgValue><ssdm name="layer4_out"/></StgValue>
</bind>
</comp>

<comp id="2" class="1000" name="layer27_cpy1">
<pin_list>
<pin id="3" dir="1" index="0" bw="1" slack="0"/>
</pin_list>
<bind>
<StgValue><ssdm name="layer27_cpy1"/></StgValue>
</bind>
</comp>

<comp id="4" class="1000" name="layer27_cpy2">
<pin_list>
<pin id="5" dir="1" index="0" bw="1" slack="0"/>
</pin_list>
<bind>
<StgValue><ssdm name="layer27_cpy2"/></StgValue>
</bind>
</comp>

<comp id="6" class="1001" name="const_6">
<pin_list>
<pin id="7" dir="1" index="0" bw="1" slack="0"/>
</pin_list>
<bind>
<StgValue><ssdm name=""/></StgValue>
</bind>
</comp>

<comp id="8" class="1001" name="const_8">
<pin_list>
<pin id="9" dir="1" index="0" bw="1" slack="2147483647"/>
</pin_list>
<bind>
<StgValue><ssdm name="_ssdm_op_SpecInterface"/></StgValue>
</bind>
</comp>

<comp id="10" class="1001" name="const_10">
<pin_list>
<pin id="11" dir="1" index="0" bw="1" slack="2147483647"/>
</pin_list>
<bind>
<StgValue><ssdm name="empty_2"/></StgValue>
</bind>
</comp>

<comp id="12" class="1001" name="const_12">
<pin_list>
<pin id="13" dir="1" index="0" bw="1" slack="2147483647"/>
</pin_list>
<bind>
<StgValue><ssdm name=""/></StgValue>
</bind>
</comp>

<comp id="14" class="1001" name="const_14">
<pin_list>
<pin id="15" dir="1" index="0" bw="1" slack="2147483647"/>
</pin_list>
<bind>
<StgValue><ssdm name="empty_1"/></StgValue>
</bind>
</comp>

<comp id="16" class="1001" name="const_16">
<pin_list>
<pin id="17" dir="1" index="0" bw="1" slack="2147483647"/>
</pin_list>
<bind>
<StgValue><ssdm name=""/></StgValue>
</bind>
</comp>

<comp id="18" class="1001" name="const_18">
<pin_list>
<pin id="19" dir="1" index="0" bw="1" slack="0"/>
</pin_list>
<bind>
<StgValue><ssdm name=""/></StgValue>
</bind>
</comp>

<comp id="20" class="1001" name="const_20">
<pin_list>
<pin id="21" dir="1" index="0" bw="1" slack="2147483647"/>
</pin_list>
<bind>
<StgValue><ssdm name="_ssdm_op_SpecPipeline"/></StgValue>
</bind>
</comp>

<comp id="22" class="1001" name="const_22">
<pin_list>
<pin id="23" dir="1" index="0" bw="1" slack="2147483647"/>
</pin_list>
<bind>
<StgValue><ssdm name="_ssdm_op_SpecLoopTripCount"/></StgValue>
</bind>
</comp>

<comp id="24" class="1001" name="const_24">
<pin_list>
<pin id="25" dir="1" index="0" bw="1" slack="2147483647"/>
</pin_list>
<bind>
<StgValue><ssdm name=""/></StgValue>
</bind>
</comp>

<comp id="26" class="1001" name="const_26">
<pin_list>
<pin id="27" dir="1" index="0" bw="1" slack="2147483647"/>
</pin_list>
<bind>
<StgValue><ssdm name="_ssdm_op_SpecLoopName"/></StgValue>
</bind>
</comp>

<comp id="28" class="1001" name="const_28">
<pin_list>
<pin id="29" dir="1" index="0" bw="1" slack="2147483647"/>
</pin_list>
<bind>
<StgValue><ssdm name="empty_14"/></StgValue>
</bind>
</comp>

<comp id="30" class="1001" name="const_30">
<pin_list>
<pin id="31" dir="1" index="0" bw="1" slack="0"/>
</pin_list>
<bind>
<StgValue><ssdm name="_ssdm_op_Read.ap_fifo.volatile.i64P0A"/></StgValue>
</bind>
</comp>

<comp id="32" class="1001" name="const_32">
<pin_list>
<pin id="33" dir="1" index="0" bw="1" slack="0"/>
</pin_list>
<bind>
<StgValue><ssdm name="_ssdm_op_Write.ap_fifo.volatile.i64P0A"/></StgValue>
</bind>
</comp>

<comp id="34" class="1001" name="const_34">
<pin_list>
<pin id="35" dir="1" index="0" bw="1" slack="0"/>
</pin_list>
<bind>
<StgValue><ssdm name=""/></StgValue>
</bind>
</comp>

<comp id="36" class="1001" name="const_36">
<pin_list>
<pin id="37" dir="1" index="0" bw="1" slack="0"/>
</pin_list>
<bind>
<StgValue><ssdm name=""/></StgValue>
</bind>
</comp>

<comp id="38" class="1004" name="i_fu_38">
<pin_list>
<pin id="39" dir="0" index="0" bw="1" slack="0"/>
<pin id="40" dir="1" index="1" bw="14" slack="0"/>
</pin_list>
<bind>
<opcode="alloca(26) " fcode="alloca"/>
<opset="i/1 "/>
</bind>
</comp>

<comp id="42" class="1004" name="layer4_out_read_read_fu_42">
<pin_list>
<pin id="43" dir="0" index="0" bw="64" slack="0"/>
<pin id="44" dir="0" index="1" bw="64" slack="0"/>
<pin id="45" dir="1" index="2" bw="64" slack="0"/>
</pin_list>
<bind>
<opcode="read(1150) " fcode="read"/>
<opset="layer4_out_read/1 "/>
</bind>
</comp>

<comp id="48" class="1004" name="write_ln38_write_fu_48">
<pin_list>
<pin id="49" dir="0" index="0" bw="0" slack="0"/>
<pin id="50" dir="0" index="1" bw="64" slack="0"/>
<pin id="51" dir="0" index="2" bw="64" slack="0"/>
<pin id="52" dir="1" index="3" bw="0" slack="2147483647"/>
</pin_list>
<bind>
<opcode="write(1151) " fcode="write"/>
<opset="write_ln38/1 "/>
</bind>
</comp>

<comp id="56" class="1004" name="write_ln39_write_fu_56">
<pin_list>
<pin id="57" dir="0" index="0" bw="0" slack="0"/>
<pin id="58" dir="0" index="1" bw="64" slack="0"/>
<pin id="59" dir="0" index="2" bw="64" slack="0"/>
<pin id="60" dir="1" index="3" bw="0" slack="2147483647"/>
</pin_list>
<bind>
<opcode="write(1151) " fcode="write"/>
<opset="write_ln39/1 "/>
</bind>
</comp>

<comp id="64" class="1004" name="store_ln22_store_fu_64">
<pin_list>
<pin id="65" dir="0" index="0" bw="1" slack="0"/>
<pin id="66" dir="0" index="1" bw="14" slack="0"/>
<pin id="67" dir="1" index="2" bw="0" slack="2147483647"/>
</pin_list>
<bind>
<opcode="store(28) " fcode="store"/>
<opset="store_ln22/1 "/>
</bind>
</comp>

<comp id="69" class="1004" name="i_39_load_fu_69">
<pin_list>
<pin id="70" dir="0" index="0" bw="14" slack="0"/>
<pin id="71" dir="1" index="1" bw="14" slack="0"/>
</pin_list>
<bind>
<opcode="load(27) " fcode="load"/>
<opset="i_39/1 "/>
</bind>
</comp>

<comp id="72" class="1004" name="i_40_fu_72">
<pin_list>
<pin id="73" dir="0" index="0" bw="14" slack="0"/>
<pin id="74" dir="0" index="1" bw="1" slack="0"/>
<pin id="75" dir="1" index="2" bw="14" slack="0"/>
</pin_list>
<bind>
<opcode="add(8) " fcode="add"/>
<opset="i_40/1 "/>
</bind>
</comp>

<comp id="78" class="1004" name="icmp_ln22_fu_78">
<pin_list>
<pin id="79" dir="0" index="0" bw="14" slack="0"/>
<pin id="80" dir="0" index="1" bw="14" slack="0"/>
<pin id="81" dir="1" index="2" bw="1" slack="2147483647"/>
</pin_list>
<bind>
<opcode="icmp(45) " fcode="icmp"/>
<opset="icmp_ln22/1 "/>
</bind>
</comp>

<comp id="84" class="1004" name="store_ln22_store_fu_84">
<pin_list>
<pin id="85" dir="0" index="0" bw="14" slack="0"/>
<pin id="86" dir="0" index="1" bw="14" slack="0"/>
<pin id="87" dir="1" index="2" bw="0" slack="2147483647"/>
</pin_list>
<bind>
<opcode="store(28) " fcode="store"/>
<opset="store_ln22/1 "/>
</bind>
</comp>

<comp id="89" class="1005" name="i_reg_89">
<pin_list>
<pin id="90" dir="0" index="0" bw="14" slack="0"/>
<pin id="91" dir="1" index="1" bw="14" slack="0"/>
</pin_list>
<bind>
<opset="i "/>
</bind>
</comp>

</comp_list>

<net_list>
<net id="41"><net_src comp="6" pin="0"/><net_sink comp="38" pin=0"/></net>

<net id="46"><net_src comp="30" pin="0"/><net_sink comp="42" pin=0"/></net>

<net id="47"><net_src comp="0" pin="0"/><net_sink comp="42" pin=1"/></net>

<net id="53"><net_src comp="32" pin="0"/><net_sink comp="48" pin=0"/></net>

<net id="54"><net_src comp="2" pin="0"/><net_sink comp="48" pin=1"/></net>

<net id="55"><net_src comp="42" pin="2"/><net_sink comp="48" pin=2"/></net>

<net id="61"><net_src comp="32" pin="0"/><net_sink comp="56" pin=0"/></net>

<net id="62"><net_src comp="4" pin="0"/><net_sink comp="56" pin=1"/></net>

<net id="63"><net_src comp="42" pin="2"/><net_sink comp="56" pin=2"/></net>

<net id="68"><net_src comp="18" pin="0"/><net_sink comp="64" pin=0"/></net>

<net id="76"><net_src comp="69" pin="1"/><net_sink comp="72" pin=0"/></net>

<net id="77"><net_src comp="34" pin="0"/><net_sink comp="72" pin=1"/></net>

<net id="82"><net_src comp="69" pin="1"/><net_sink comp="78" pin=0"/></net>

<net id="83"><net_src comp="36" pin="0"/><net_sink comp="78" pin=1"/></net>

<net id="88"><net_src comp="72" pin="2"/><net_sink comp="84" pin=0"/></net>

<net id="92"><net_src comp="38" pin="1"/><net_sink comp="89" pin=0"/></net>

<net id="93"><net_src comp="89" pin="1"/><net_sink comp="64" pin=1"/></net>

<net id="94"><net_src comp="89" pin="1"/><net_sink comp="69" pin=0"/></net>

<net id="95"><net_src comp="89" pin="1"/><net_sink comp="84" pin=1"/></net>

</net_list>

</model> 
---------------- Datapath Model END ------------------

* FSMD analyzer results:
  - Output states:
	Port: layer27_cpy1 | {1 }
	Port: layer27_cpy2 | {1 }
 - Input state : 
	Port: clone_stream<array<ap_fixed,4u>,array<ap_fixed<16,6,5,3,0>,4u>,65536> : layer4_out | {1 }
  - Chain level:
	State 1
		store_ln22 : 1
		i_39 : 1
		i_40 : 2
		icmp_ln22 : 2
		store_ln22 : 3
		br_ln22 : 3


============================================================
+ Verbose Summary: Datapath Resource usage 
============================================================

* Functional unit list:
|----------|----------------------------|---------|---------|
| Operation|       Functional Unit      |    FF   |   LUT   |
|----------|----------------------------|---------|---------|
|    add   |         i_40_fu_72         |    0    |    21   |
|----------|----------------------------|---------|---------|
|   icmp   |       icmp_ln22_fu_78      |    0    |    21   |
|----------|----------------------------|---------|---------|
|   read   | layer4_out_read_read_fu_42 |    0    |    0    |
|----------|----------------------------|---------|---------|
|   write  |   write_ln38_write_fu_48   |    0    |    0    |
|          |   write_ln39_write_fu_56   |    0    |    0    |
|----------|----------------------------|---------|---------|
|   Total  |                            |    0    |    42   |
|----------|----------------------------|---------|---------|

Memories:
N/A

* Register list:
+--------+--------+
|        |   FF   |
+--------+--------+
|i_reg_89|   14   |
+--------+--------+
|  Total |   14   |
+--------+--------+

* Multiplexer (MUX) list: 
|--------|------|------|------|--------|
|  Comp  |  Pin | Size |  BW  | S x BW |
|--------|------|------|------|--------|
|  Total |      |      |      |    0   |
|--------|------|------|------|--------|



* Summary:
+-----------+--------+--------+
|           |   FF   |   LUT  |
+-----------+--------+--------+
|  Function |    0   |   42   |
|   Memory  |    -   |    -   |
|Multiplexer|    -   |    -   |
|  Register |   14   |    -   |
+-----------+--------+--------+
|   Total   |   14   |   42   |
+-----------+--------+--------+
