

================================================================
== Vitis HLS Report for 'compute_output_buffer_2d_array_array_ap_fixed_12_6_5_3_0_4u_config2_s'
================================================================
* Date:           Wed Apr 22 16:01:55 2026

* Version:        2023.2 (Build 4023990 on Oct 11 2023)
* Project:        folo_prj
* Solution:       solution1 (Vivado IP Flow Target)
* Product family: kintexu
* Target device:  xcku035-fbva676-2-e


================================================================
== Performance Estimates
================================================================
+ Timing: 
    * Summary: 
    +--------+---------+----------+------------+
    |  Clock |  Target | Estimated| Uncertainty|
    +--------+---------+----------+------------+
    |ap_clk  |  5.00 ns|  3.847 ns|     1.35 ns|
    +--------+---------+----------+------------+

+ Latency: 
    * Summary: 
    +---------+---------+-----------+----------+-----+-----+---------+
    |  Latency (cycles) |  Latency (absolute)  |  Interval | Pipeline|
    |   min   |   max   |    min    |    max   | min | max |   Type  |
    +---------+---------+-----------+----------+-----+-----+---------+
    |        2|       24|  10.000 ns|  0.120 us|    2|   24|       no|
    +---------+---------+-----------+----------+-----+-----+---------+

    + Detail: 
        * Instance: 
        N/A

        * Loop: 
        N/A

============================================================
+ Verbose Summary: Synthesis Manager
============================================================
InlineROM: 1
ExposeGlobal: 0
============================================================
+ Verbose Summary: CDFG Model
============================================================
IsTopModel: 0
ResetActiveHigh: 1
IsCombinational: 0
IsDatapathOnly: 0
HasWiredReturn: 1
HasMFsm: 0
HasVarLatency: 1
IsPipeline: 0
IsRtlPipelined: 0
IsInstanceOverlapped: 0
IsDontTouch: 0
HasImplIP: 0
IsGatedGlobalClock: 0


============================================================
+ Verbose Summary: Schedule
============================================================
* Number of FSM states : 4
* Pipeline : 0
* Dataflow Pipeline: 0

* FSM state transitions: 
1 --> 2 
2 --> 4 3 
3 --> 4 
4 --> 

* FSM state operations: 

State 1 <SV = 0> <Delay = 1.15>
ST_1 : Operation 5 [1/1] (0.00ns)   --->   "%in_elem_0_0_0_0_0_val_read = read i12 @_ssdm_op_Read.ap_auto.i12, i12 %in_elem_0_0_0_0_0_val"   --->   Operation 5 'read' 'in_elem_0_0_0_0_0_val_read' <Predicate = true> <Delay = 0.00>
ST_1 : Operation 6 [1/1] (1.15ns)   --->   "%call_ln281 = call void @shift_line_buffer<array<ap_fixed<12, 6, 5, 3, 0>, 1u>, config2>, i12 %in_elem_0_0_0_0_0_val_read, i12 %void_compute_output_buffer_2d_array_const_ap_shift_reg_n_chan_stream_weig_57, i12 %void_compute_output_buffer_2d_array_const_ap_shift_reg_n_chan_stream_weig_58, i12 %void_compute_output_buffer_2d_array_const_ap_shift_reg_n_chan_stream_weig_54, i12 %void_compute_output_buffer_2d_array_const_ap_shift_reg_n_chan_stream_weig_55, i12 %void_compute_output_buffer_2d_array_const_ap_shift_reg_n_chan_stream_weig_51, i12 %void_compute_output_buffer_2d_array_const_ap_shift_reg_n_chan_stream_weig_52, i12 %void_compute_output_buffer_2d_array_const_ap_shift_reg_n_chan_stream_weig_56, i12 %void_compute_output_buffer_2d_array_const_ap_shift_reg_n_chan_stream_weig_53, i12 %void_compute_output_buffer_2d_array_const_ap_shift_reg_n_chan_stream_weig_50, i12 %void_conv_2d_buffer_resource_cl_stream_stream_weight_t_bias_t_line_buffer_1, i12 %void_conv_2d_buffer_resource_cl_stream_stream_weight_t_bias_t_line_buffer" [firmware/nnet_utils/nnet_conv_stream.h:281]   --->   Operation 6 'call' 'call_ln281' <Predicate = true> <Delay = 1.15> <CoreType = "Generic">   --->   Core 0 '' <Latency = 0> <II = 1> <Delay = 1.00> <Generic> <Opcode : >

State 2 <SV = 1> <Delay = 2.16>
ST_2 : Operation 7 [1/1] (0.00ns)   --->   "%specinterface_ln0 = specinterface void @_ssdm_op_SpecInterface, i48 %layer2_out, void @empty_13, i32 0, i32 0, void @empty_8, i32 0, i32 0, void @empty_8, void @empty_8, void @empty_8, i32 0, i32 0, i32 0, i32 0, void @empty_8, void @empty_8, i32 4294967295, i32 0"   --->   Operation 7 'specinterface' 'specinterface_ln0' <Predicate = true> <Delay = 0.00>
ST_2 : Operation 8 [1/1] (0.00ns)   --->   "%sX_5_load = load i32 %sX_5" [firmware/nnet_utils/nnet_conv_stream.h:284]   --->   Operation 8 'load' 'sX_5_load' <Predicate = true> <Delay = 0.00>
ST_2 : Operation 9 [1/1] (1.48ns)   --->   "%icmp_ln284 = icmp_eq  i32 %sX_5_load, i32 2" [firmware/nnet_utils/nnet_conv_stream.h:284]   --->   Operation 9 'icmp' 'icmp_ln284' <Predicate = true> <Delay = 1.48> <CoreInst = "Cmp">   --->   Core 9 'Cmp' <Latency = 0> <II = 1> <Delay = 1.48> <FuncUnit> <Opcode : 'icmp'> <InPorts = 2> <OutPorts = 1>
ST_2 : Operation 10 [1/1] (0.00ns)   --->   "%sY_5_load = load i32 %sY_5" [firmware/nnet_utils/nnet_conv_stream.h:284]   --->   Operation 10 'load' 'sY_5_load' <Predicate = true> <Delay = 0.00>
ST_2 : Operation 11 [1/1] (0.00ns)   --->   "%pY_5_load = load i32 %pY_5" [firmware/nnet_utils/nnet_conv_stream.h:284]   --->   Operation 11 'load' 'pY_5_load' <Predicate = true> <Delay = 0.00>
ST_2 : Operation 12 [1/1] (0.00ns)   --->   "%pX_5_load = load i32 %pX_5" [firmware/nnet_utils/nnet_conv_stream.h:284]   --->   Operation 12 'load' 'pX_5_load' <Predicate = true> <Delay = 0.00>
ST_2 : Operation 13 [1/1] (0.00ns)   --->   "%br_ln284 = br i1 %icmp_ln284, void %if.end, void %land.lhs.true" [firmware/nnet_utils/nnet_conv_stream.h:284]   --->   Operation 13 'br' 'br_ln284' <Predicate = true> <Delay = 0.00>
ST_2 : Operation 14 [1/1] (1.48ns)   --->   "%icmp_ln284_13 = icmp_eq  i32 %sY_5_load, i32 2" [firmware/nnet_utils/nnet_conv_stream.h:284]   --->   Operation 14 'icmp' 'icmp_ln284_13' <Predicate = (icmp_ln284)> <Delay = 1.48> <CoreInst = "Cmp">   --->   Core 9 'Cmp' <Latency = 0> <II = 1> <Delay = 1.48> <FuncUnit> <Opcode : 'icmp'> <InPorts = 2> <OutPorts = 1>
ST_2 : Operation 15 [1/1] (0.00ns)   --->   "%tmp_12 = partselect i31 @_ssdm_op_PartSelect.i31.i32.i32.i32, i32 %pY_5_load, i32 1, i32 31" [firmware/nnet_utils/nnet_conv_stream.h:284]   --->   Operation 15 'partselect' 'tmp_12' <Predicate = (icmp_ln284)> <Delay = 0.00>
ST_2 : Operation 16 [1/1] (1.48ns)   --->   "%icmp_ln284_14 = icmp_sgt  i31 %tmp_12, i31 0" [firmware/nnet_utils/nnet_conv_stream.h:284]   --->   Operation 16 'icmp' 'icmp_ln284_14' <Predicate = (icmp_ln284)> <Delay = 1.48> <CoreInst = "Cmp">   --->   Core 9 'Cmp' <Latency = 0> <II = 1> <Delay = 1.48> <FuncUnit> <Opcode : 'icmp'> <InPorts = 2> <OutPorts = 1>
ST_2 : Operation 17 [1/1] (0.00ns)   --->   "%tmp_13 = partselect i31 @_ssdm_op_PartSelect.i31.i32.i32.i32, i32 %pX_5_load, i32 1, i32 31" [firmware/nnet_utils/nnet_conv_stream.h:284]   --->   Operation 17 'partselect' 'tmp_13' <Predicate = (icmp_ln284)> <Delay = 0.00>
ST_2 : Operation 18 [1/1] (1.48ns)   --->   "%icmp_ln284_15 = icmp_sgt  i31 %tmp_13, i31 0" [firmware/nnet_utils/nnet_conv_stream.h:284]   --->   Operation 18 'icmp' 'icmp_ln284_15' <Predicate = (icmp_ln284)> <Delay = 1.48> <CoreInst = "Cmp">   --->   Core 9 'Cmp' <Latency = 0> <II = 1> <Delay = 1.48> <FuncUnit> <Opcode : 'icmp'> <InPorts = 2> <OutPorts = 1>
ST_2 : Operation 19 [1/1] (0.00ns) (grouped into LUT with out node and_ln284_5)   --->   "%and_ln284 = and i1 %icmp_ln284_14, i1 %icmp_ln284_15" [firmware/nnet_utils/nnet_conv_stream.h:284]   --->   Operation 19 'and' 'and_ln284' <Predicate = (icmp_ln284)> <Delay = 0.00> <CoreInst = "LogicGate">   --->   Core 74 'LogicGate' <Latency = 0> <II = 1> <Delay = 0.33> <FuncUnit> <Opcode : 'and' 'or' 'xor'> <InPorts = 2> <OutPorts = 1>
ST_2 : Operation 20 [1/1] (0.33ns) (out node of the LUT)   --->   "%and_ln284_5 = and i1 %and_ln284, i1 %icmp_ln284_13" [firmware/nnet_utils/nnet_conv_stream.h:284]   --->   Operation 20 'and' 'and_ln284_5' <Predicate = (icmp_ln284)> <Delay = 0.33> <CoreInst = "LogicGate">   --->   Core 74 'LogicGate' <Latency = 0> <II = 1> <Delay = 0.33> <FuncUnit> <Opcode : 'and' 'or' 'xor'> <InPorts = 2> <OutPorts = 1>
ST_2 : Operation 21 [1/1] (0.00ns)   --->   "%br_ln284 = br i1 %and_ln284_5, void %if.end, void %if.then" [firmware/nnet_utils/nnet_conv_stream.h:284]   --->   Operation 21 'br' 'br_ln284' <Predicate = (icmp_ln284)> <Delay = 0.00>
ST_2 : Operation 22 [2/2] (0.00ns)   --->   "%tmp = call i48 @dense_resource_rf_gt_nin_rem0<ap_fixed,ap_fixed<12,6,5,3,0>,config2_mult>, i1 %outidx_1, i17 %w2, i12 %void_compute_output_buffer_2d_array_const_ap_shift_reg_n_chan_stream_weig_58, i12 %void_compute_output_buffer_2d_array_const_ap_shift_reg_n_chan_stream_weig_57, i12 %void_compute_output_buffer_2d_array_const_ap_shift_reg_n_chan_stream_weig_56, i12 %void_compute_output_buffer_2d_array_const_ap_shift_reg_n_chan_stream_weig_55, i12 %void_compute_output_buffer_2d_array_const_ap_shift_reg_n_chan_stream_weig_54, i12 %void_compute_output_buffer_2d_array_const_ap_shift_reg_n_chan_stream_weig_53, i12 %void_compute_output_buffer_2d_array_const_ap_shift_reg_n_chan_stream_weig_52, i12 %void_compute_output_buffer_2d_array_const_ap_shift_reg_n_chan_stream_weig_51, i12 %void_compute_output_buffer_2d_array_const_ap_shift_reg_n_chan_stream_weig_50" [firmware/nnet_utils/nnet_dense.h:76->firmware/nnet_utils/nnet_conv_stream.h:288]   --->   Operation 22 'call' 'tmp' <Predicate = (icmp_ln284 & and_ln284_5)> <Delay = 0.00> <CoreType = "Generic">   --->   Core 0 '' <Latency = 0> <II = 1> <Delay = 1.00> <Generic> <Opcode : >

State 3 <SV = 2> <Delay = 3.46>
ST_3 : Operation 23 [1/2] (3.46ns)   --->   "%tmp = call i48 @dense_resource_rf_gt_nin_rem0<ap_fixed,ap_fixed<12,6,5,3,0>,config2_mult>, i1 %outidx_1, i17 %w2, i12 %void_compute_output_buffer_2d_array_const_ap_shift_reg_n_chan_stream_weig_58, i12 %void_compute_output_buffer_2d_array_const_ap_shift_reg_n_chan_stream_weig_57, i12 %void_compute_output_buffer_2d_array_const_ap_shift_reg_n_chan_stream_weig_56, i12 %void_compute_output_buffer_2d_array_const_ap_shift_reg_n_chan_stream_weig_55, i12 %void_compute_output_buffer_2d_array_const_ap_shift_reg_n_chan_stream_weig_54, i12 %void_compute_output_buffer_2d_array_const_ap_shift_reg_n_chan_stream_weig_53, i12 %void_compute_output_buffer_2d_array_const_ap_shift_reg_n_chan_stream_weig_52, i12 %void_compute_output_buffer_2d_array_const_ap_shift_reg_n_chan_stream_weig_51, i12 %void_compute_output_buffer_2d_array_const_ap_shift_reg_n_chan_stream_weig_50" [firmware/nnet_utils/nnet_dense.h:76->firmware/nnet_utils/nnet_conv_stream.h:288]   --->   Operation 23 'call' 'tmp' <Predicate = true> <Delay = 3.46> <CoreType = "Generic">   --->   Core 0 '' <Latency = 0> <II = 1> <Delay = 1.00> <Generic> <Opcode : >
ST_3 : Operation 24 [1/1] (0.00ns)   --->   "%res_out = extractvalue i48 %tmp" [firmware/nnet_utils/nnet_dense.h:76->firmware/nnet_utils/nnet_conv_stream.h:288]   --->   Operation 24 'extractvalue' 'res_out' <Predicate = true> <Delay = 0.00>
ST_3 : Operation 25 [1/1] (0.00ns)   --->   "%res_out_1 = extractvalue i48 %tmp" [firmware/nnet_utils/nnet_dense.h:76->firmware/nnet_utils/nnet_conv_stream.h:288]   --->   Operation 25 'extractvalue' 'res_out_1' <Predicate = true> <Delay = 0.00>
ST_3 : Operation 26 [1/1] (0.00ns)   --->   "%res_out_2 = extractvalue i48 %tmp" [firmware/nnet_utils/nnet_dense.h:76->firmware/nnet_utils/nnet_conv_stream.h:288]   --->   Operation 26 'extractvalue' 'res_out_2' <Predicate = true> <Delay = 0.00>
ST_3 : Operation 27 [1/1] (0.00ns)   --->   "%res_out_3 = extractvalue i48 %tmp" [firmware/nnet_utils/nnet_dense.h:76->firmware/nnet_utils/nnet_conv_stream.h:288]   --->   Operation 27 'extractvalue' 'res_out_3' <Predicate = true> <Delay = 0.00>

State 4 <SV = 3> <Delay = 3.84>
ST_4 : Operation 28 [1/1] (0.00ns)   --->   "%p_0 = bitconcatenate i48 @_ssdm_op_BitConcatenate.i48.i12.i12.i12.i12, i12 %res_out_3, i12 %res_out_2, i12 %res_out_1, i12 %res_out" [firmware/nnet_utils/nnet_conv_stream.h:299]   --->   Operation 28 'bitconcatenate' 'p_0' <Predicate = (icmp_ln284 & and_ln284_5)> <Delay = 0.00>
ST_4 : Operation 29 [1/1] (1.82ns)   --->   "%write_ln299 = write void @_ssdm_op_Write.ap_fifo.volatile.i48P0A, i48 %layer2_out, i48 %p_0" [firmware/nnet_utils/nnet_conv_stream.h:299]   --->   Operation 29 'write' 'write_ln299' <Predicate = (icmp_ln284 & and_ln284_5)> <Delay = 1.82> <CoreInst = "FIFO">   --->   Core 78 'FIFO' <Latency = 0> <II = 1> <Delay = 2.16> <Storage> <Opcode : 'read' 'write' 'nbread' 'nbwrite'> <Ports = 0> <Width = 48> <Depth = 16384> <FIFO>
ST_4 : Operation 30 [1/1] (0.00ns)   --->   "%br_ln300 = br void %if.end" [firmware/nnet_utils/nnet_conv_stream.h:300]   --->   Operation 30 'br' 'br_ln300' <Predicate = (icmp_ln284 & and_ln284_5)> <Delay = 0.00>
ST_4 : Operation 31 [1/1] (1.48ns)   --->   "%add_ln303 = add i32 %pX_5_load, i32 1" [firmware/nnet_utils/nnet_conv_stream.h:303]   --->   Operation 31 'add' 'add_ln303' <Predicate = true> <Delay = 1.48> <CoreInst = "Adder">   --->   Core 1 'Adder' <Latency = 0> <II = 1> <Delay = 1.48> <FuncUnit> <Opcode : 'add' 'sub'> <InPorts = 2> <OutPorts = 1>
ST_4 : Operation 32 [1/1] (1.48ns)   --->   "%icmp_ln303 = icmp_eq  i32 %add_ln303, i32 257" [firmware/nnet_utils/nnet_conv_stream.h:303]   --->   Operation 32 'icmp' 'icmp_ln303' <Predicate = true> <Delay = 1.48> <CoreInst = "Cmp">   --->   Core 9 'Cmp' <Latency = 0> <II = 1> <Delay = 1.48> <FuncUnit> <Opcode : 'icmp'> <InPorts = 2> <OutPorts = 1>
ST_4 : Operation 33 [1/1] (0.00ns)   --->   "%br_ln303 = br i1 %icmp_ln303, void %if.else20, void %if.then9" [firmware/nnet_utils/nnet_conv_stream.h:303]   --->   Operation 33 'br' 'br_ln303' <Predicate = true> <Delay = 0.00>
ST_4 : Operation 34 [1/1] (0.53ns)   --->   "%store_ln316 = store i32 %add_ln303, i32 %pX_5" [firmware/nnet_utils/nnet_conv_stream.h:316]   --->   Operation 34 'store' 'store_ln316' <Predicate = (!icmp_ln303)> <Delay = 0.53>
ST_4 : Operation 35 [1/1] (1.48ns)   --->   "%add_ln318 = add i32 %sX_5_load, i32 1" [firmware/nnet_utils/nnet_conv_stream.h:318]   --->   Operation 35 'add' 'add_ln318' <Predicate = (!icmp_ln284 & !icmp_ln303)> <Delay = 1.48> <CoreInst = "Adder">   --->   Core 1 'Adder' <Latency = 0> <II = 1> <Delay = 1.48> <FuncUnit> <Opcode : 'add' 'sub'> <InPorts = 2> <OutPorts = 1>
ST_4 : Operation 36 [1/1] (0.44ns)   --->   "%select_ln318 = select i1 %icmp_ln284, i32 1, i32 %add_ln318" [firmware/nnet_utils/nnet_conv_stream.h:318]   --->   Operation 36 'select' 'select_ln318' <Predicate = (!icmp_ln303)> <Delay = 0.44> <CoreInst = "Sel">   --->   Core 73 'Sel' <Latency = 0> <II = 1> <Delay = 0.44> <FuncUnit> <Opcode : 'select'> <InPorts = 3> <OutPorts = 1>
ST_4 : Operation 37 [1/1] (0.53ns)   --->   "%store_ln318 = store i32 %select_ln318, i32 %sX_5" [firmware/nnet_utils/nnet_conv_stream.h:318]   --->   Operation 37 'store' 'store_ln318' <Predicate = (!icmp_ln303)> <Delay = 0.53>
ST_4 : Operation 38 [1/1] (0.00ns)   --->   "%br_ln0 = br void %if.end31"   --->   Operation 38 'br' 'br_ln0' <Predicate = (!icmp_ln303)> <Delay = 0.00>
ST_4 : Operation 39 [1/1] (0.53ns)   --->   "%store_ln305 = store i32 0, i32 %pX_5" [firmware/nnet_utils/nnet_conv_stream.h:305]   --->   Operation 39 'store' 'store_ln305' <Predicate = (icmp_ln303)> <Delay = 0.53>
ST_4 : Operation 40 [1/1] (0.53ns)   --->   "%store_ln306 = store i32 0, i32 %sX_5" [firmware/nnet_utils/nnet_conv_stream.h:306]   --->   Operation 40 'store' 'store_ln306' <Predicate = (icmp_ln303)> <Delay = 0.53>
ST_4 : Operation 41 [1/1] (1.48ns)   --->   "%add_ln307 = add i32 %pY_5_load, i32 1" [firmware/nnet_utils/nnet_conv_stream.h:307]   --->   Operation 41 'add' 'add_ln307' <Predicate = (icmp_ln303)> <Delay = 1.48> <CoreInst = "Adder">   --->   Core 1 'Adder' <Latency = 0> <II = 1> <Delay = 1.48> <FuncUnit> <Opcode : 'add' 'sub'> <InPorts = 2> <OutPorts = 1>
ST_4 : Operation 42 [1/1] (1.48ns)   --->   "%icmp_ln307 = icmp_eq  i32 %add_ln307, i32 257" [firmware/nnet_utils/nnet_conv_stream.h:307]   --->   Operation 42 'icmp' 'icmp_ln307' <Predicate = (icmp_ln303)> <Delay = 1.48> <CoreInst = "Cmp">   --->   Core 9 'Cmp' <Latency = 0> <II = 1> <Delay = 1.48> <FuncUnit> <Opcode : 'icmp'> <InPorts = 2> <OutPorts = 1>
ST_4 : Operation 43 [1/1] (0.00ns)   --->   "%br_ln307 = br i1 %icmp_ln307, void %if.else, void %if.then12" [firmware/nnet_utils/nnet_conv_stream.h:307]   --->   Operation 43 'br' 'br_ln307' <Predicate = (icmp_ln303)> <Delay = 0.00>
ST_4 : Operation 44 [1/1] (0.53ns)   --->   "%store_ln311 = store i32 %add_ln307, i32 %pY_5" [firmware/nnet_utils/nnet_conv_stream.h:311]   --->   Operation 44 'store' 'store_ln311' <Predicate = (icmp_ln303 & !icmp_ln307)> <Delay = 0.53>
ST_4 : Operation 45 [1/1] (1.48ns)   --->   "%icmp_ln313 = icmp_eq  i32 %sY_5_load, i32 2" [firmware/nnet_utils/nnet_conv_stream.h:313]   --->   Operation 45 'icmp' 'icmp_ln313' <Predicate = (icmp_ln303 & !icmp_ln307)> <Delay = 1.48> <CoreInst = "Cmp">   --->   Core 9 'Cmp' <Latency = 0> <II = 1> <Delay = 1.48> <FuncUnit> <Opcode : 'icmp'> <InPorts = 2> <OutPorts = 1>
ST_4 : Operation 46 [1/1] (1.48ns)   --->   "%add_ln313 = add i32 %sY_5_load, i32 1" [firmware/nnet_utils/nnet_conv_stream.h:313]   --->   Operation 46 'add' 'add_ln313' <Predicate = (icmp_ln303 & !icmp_ln307)> <Delay = 1.48> <CoreInst = "Adder">   --->   Core 1 'Adder' <Latency = 0> <II = 1> <Delay = 1.48> <FuncUnit> <Opcode : 'add' 'sub'> <InPorts = 2> <OutPorts = 1>
ST_4 : Operation 47 [1/1] (0.44ns)   --->   "%select_ln313 = select i1 %icmp_ln313, i32 1, i32 %add_ln313" [firmware/nnet_utils/nnet_conv_stream.h:313]   --->   Operation 47 'select' 'select_ln313' <Predicate = (icmp_ln303 & !icmp_ln307)> <Delay = 0.44> <CoreInst = "Sel">   --->   Core 73 'Sel' <Latency = 0> <II = 1> <Delay = 0.44> <FuncUnit> <Opcode : 'select'> <InPorts = 3> <OutPorts = 1>
ST_4 : Operation 48 [1/1] (0.53ns)   --->   "%br_ln0 = br void %if.end19"   --->   Operation 48 'br' 'br_ln0' <Predicate = (icmp_ln303 & !icmp_ln307)> <Delay = 0.53>
ST_4 : Operation 49 [1/1] (0.53ns)   --->   "%store_ln308 = store i32 0, i32 %pY_5" [firmware/nnet_utils/nnet_conv_stream.h:308]   --->   Operation 49 'store' 'store_ln308' <Predicate = (icmp_ln303 & icmp_ln307)> <Delay = 0.53>
ST_4 : Operation 50 [1/1] (0.53ns)   --->   "%br_ln310 = br void %if.end19" [firmware/nnet_utils/nnet_conv_stream.h:310]   --->   Operation 50 'br' 'br_ln310' <Predicate = (icmp_ln303 & icmp_ln307)> <Delay = 0.53>
ST_4 : Operation 51 [1/1] (0.00ns)   --->   "%storemerge = phi i32 %select_ln313, void %if.else, i32 0, void %if.then12" [firmware/nnet_utils/nnet_conv_stream.h:313]   --->   Operation 51 'phi' 'storemerge' <Predicate = (icmp_ln303)> <Delay = 0.00>
ST_4 : Operation 52 [1/1] (0.00ns)   --->   "%store_ln309 = store i32 %storemerge, i32 %sY_5" [firmware/nnet_utils/nnet_conv_stream.h:309]   --->   Operation 52 'store' 'store_ln309' <Predicate = (icmp_ln303)> <Delay = 0.00>
ST_4 : Operation 53 [1/1] (0.00ns)   --->   "%br_ln315 = br void %if.end31" [firmware/nnet_utils/nnet_conv_stream.h:315]   --->   Operation 53 'br' 'br_ln315' <Predicate = (icmp_ln303)> <Delay = 0.00>
ST_4 : Operation 54 [1/1] (0.00ns)   --->   "%ret_ln320 = ret" [firmware/nnet_utils/nnet_conv_stream.h:320]   --->   Operation 54 'ret' 'ret_ln320' <Predicate = true> <Delay = 0.00>


============================================================
+ Verbose Summary: Timing violations
============================================================
Target clock period: 5.000ns, clock uncertainty: 1.350ns.

 <State 1>: 1.154ns
The critical path consists of the following:
	wire read operation ('in_elem_0_0_0_0_0_val_read') on port 'in_elem_0_0_0_0_0_val' [21]  (0.000 ns)
	'call' operation 0 bit ('call_ln281', firmware/nnet_utils/nnet_conv_stream.h:281) to 'shift_line_buffer<array<ap_fixed<12, 6, 5, 3, 0>, 1u>, config2>' [22]  (1.154 ns)

 <State 2>: 2.160ns
The critical path consists of the following:
	'load' operation 32 bit ('sY_5_load', firmware/nnet_utils/nnet_conv_stream.h:284) on static variable 'sY_5' [25]  (0.000 ns)
	'icmp' operation 1 bit ('icmp_ln284_13', firmware/nnet_utils/nnet_conv_stream.h:284) [30]  (1.486 ns)
	'and' operation 1 bit ('and_ln284_5', firmware/nnet_utils/nnet_conv_stream.h:284) [36]  (0.337 ns)
	blocking operation 0.337 ns on control path)

 <State 3>: 3.465ns
The critical path consists of the following:
	'call' operation 48 bit ('tmp', firmware/nnet_utils/nnet_dense.h:76->firmware/nnet_utils/nnet_conv_stream.h:288) to 'dense_resource_rf_gt_nin_rem0<ap_fixed,ap_fixed<12,6,5,3,0>,config2_mult>' [39]  (3.465 ns)

 <State 4>: 3.847ns
The critical path consists of the following:
	'add' operation 32 bit ('add_ln303', firmware/nnet_utils/nnet_conv_stream.h:303) [48]  (1.486 ns)
	'icmp' operation 1 bit ('icmp_ln303', firmware/nnet_utils/nnet_conv_stream.h:303) [49]  (1.486 ns)
	'store' operation 0 bit ('store_ln311', firmware/nnet_utils/nnet_conv_stream.h:311) of variable 'add_ln307', firmware/nnet_utils/nnet_conv_stream.h:307 on static variable 'pY_5' [64]  (0.538 ns)
	blocking operation 0.337 ns on control path)


============================================================
+ Verbose Summary: Binding
============================================================
N/A
* FSMD analyzer results:
  - Output states:
 - Input state : 
  - Chain level:
	State 1
	State 2
	State 3
	State 4


============================================================
+ Verbose Summary: Datapath Resource usage 
============================================================
N/A
