

================================================================
== Vitis HLS Report for 'compute_output_buffer_2d_array_array_ap_fixed_37_17_5_3_0_16u_config3_s'
================================================================
* Date:           Sat Apr  4 17:12:08 2026

* Version:        2023.2 (Build 4023990 on Oct 11 2023)
* Project:        folo_prj
* Solution:       solution1 (Vivado IP Flow Target)
* Product family: kintexu
* Target device:  xcku035-fbva676-2-e


================================================================
== Performance Estimates
================================================================
+ Timing: 
    * Summary: 
    +--------+---------+----------+------------+
    |  Clock |  Target | Estimated| Uncertainty|
    +--------+---------+----------+------------+
    |ap_clk  |  5.00 ns|  3.847 ns|     1.35 ns|
    +--------+---------+----------+------------+

+ Latency: 
    * Summary: 
    +---------+---------+-----------+-----------+-----+-----+---------+
    |  Latency (cycles) |   Latency (absolute)  |  Interval | Pipeline|
    |   min   |   max   |    min    |    max    | min | max |   Type  |
    +---------+---------+-----------+-----------+-----+-----+---------+
    |        6|        6|  30.000 ns|  30.000 ns|    6|    6|      yes|
    +---------+---------+-----------+-----------+-----+-----+---------+

    + Detail: 
        * Instance: 
        N/A

        * Loop: 
        N/A

============================================================
+ Verbose Summary: Synthesis Manager
============================================================
InlineROM: 1
ExposeGlobal: 0
============================================================
+ Verbose Summary: CDFG Model
============================================================
IsTopModel: 0
ResetActiveHigh: 1
IsCombinational: 0
IsDatapathOnly: 0
HasWiredReturn: 1
HasMFsm: 2
HasVarLatency: 0
IsPipeline: 1
IsRtlPipelined: 1
IsInstanceOverlapped: 0
IsDontTouch: 0
HasImplIP: 0
IsGatedGlobalClock: 0

+ Individual pipeline summary: 
  * Pipeline-0: initiation interval (II) = 6, depth = 7


============================================================
+ Verbose Summary: Schedule
============================================================
* Number of FSM states : 7
* Pipeline : 1
  Pipeline-0 : II = 6, D = 7, States = { 1 2 3 4 5 6 7 }
* Dataflow Pipeline: 0

* FSM state transitions: 
1 --> 2 
2 --> 3 
3 --> 4 
4 --> 5 
5 --> 6 
6 --> 7 
7 --> 

* FSM state operations: 

State 1 <SV = 0> <Delay = 1.15>
ST_1 : Operation 8 [1/1] (0.00ns)   --->   "%in_elem_0_0_0_0_0_val_read = read i16 @_ssdm_op_Read.ap_auto.i16, i16 %in_elem_0_0_0_0_0_val"   --->   Operation 8 'read' 'in_elem_0_0_0_0_0_val_read' <Predicate = true> <Delay = 0.00>
ST_1 : Operation 9 [1/1] (1.15ns)   --->   "%call_ln281 = call void @shift_line_buffer<array<ap_fixed<16, 6, 5, 3, 0>, 1u>, config3>, i16 %in_elem_0_0_0_0_0_val_read, i16 %void_compute_output_buffer_2d_array_const_ap_shift_reg_n_chan_stream_weig_7, i16 %void_compute_output_buffer_2d_array_const_ap_shift_reg_n_chan_stream_weig_8, i16 %void_compute_output_buffer_2d_array_const_ap_shift_reg_n_chan_stream_weig_4, i16 %void_compute_output_buffer_2d_array_const_ap_shift_reg_n_chan_stream_weig_5, i16 %void_compute_output_buffer_2d_array_const_ap_shift_reg_n_chan_stream_weig_1, i16 %void_compute_output_buffer_2d_array_const_ap_shift_reg_n_chan_stream_weig_2, i16 %void_compute_output_buffer_2d_array_const_ap_shift_reg_n_chan_stream_weig_6, i16 %void_compute_output_buffer_2d_array_const_ap_shift_reg_n_chan_stream_weig_3, i16 %void_compute_output_buffer_2d_array_const_ap_shift_reg_n_chan_stream_weig, i16 %void_conv_2d_buffer_latency_cl_stream_stream_weight_t_bias_t_line_buffer_1, i16 %void_conv_2d_buffer_latency_cl_stream_stream_weight_t_bias_t_line_buffer" [firmware/nnet_utils/nnet_conv_stream.h:281]   --->   Operation 9 'call' 'call_ln281' <Predicate = true> <Delay = 1.15> <CoreType = "Generic">   --->   Core 0 '' <Latency = 0> <II = 1> <Delay = 1.00> <Generic> <Opcode : >

State 2 <SV = 1> <Delay = 3.84>
ST_2 : Operation 10 [1/1] (0.00ns)   --->   "%specinterface_ln0 = specinterface void @_ssdm_op_SpecInterface, i592 %layer3_out, void @empty_3, i32 0, i32 0, void @empty_2, i32 0, i32 0, void @empty_2, void @empty_2, void @empty_2, i32 0, i32 0, i32 0, i32 0, void @empty_2, void @empty_2, i32 4294967295, i32 0"   --->   Operation 10 'specinterface' 'specinterface_ln0' <Predicate = true> <Delay = 0.00>
ST_2 : Operation 11 [1/1] (0.00ns)   --->   "%sX_3_load = load i32 %sX_3" [firmware/nnet_utils/nnet_conv_stream.h:284]   --->   Operation 11 'load' 'sX_3_load' <Predicate = true> <Delay = 0.00>
ST_2 : Operation 12 [1/1] (1.48ns)   --->   "%icmp_ln284 = icmp_eq  i32 %sX_3_load, i32 2" [firmware/nnet_utils/nnet_conv_stream.h:284]   --->   Operation 12 'icmp' 'icmp_ln284' <Predicate = true> <Delay = 1.48> <CoreInst = "Cmp">   --->   Core 9 'Cmp' <Latency = 0> <II = 1> <Delay = 1.48> <FuncUnit> <Opcode : 'icmp'> <InPorts = 2> <OutPorts = 1>
ST_2 : Operation 13 [1/1] (0.00ns)   --->   "%sY_3_load = load i32 %sY_3" [firmware/nnet_utils/nnet_conv_stream.h:284]   --->   Operation 13 'load' 'sY_3_load' <Predicate = true> <Delay = 0.00>
ST_2 : Operation 14 [1/1] (0.00ns)   --->   "%pY_3_load = load i32 %pY_3" [firmware/nnet_utils/nnet_conv_stream.h:284]   --->   Operation 14 'load' 'pY_3_load' <Predicate = true> <Delay = 0.00>
ST_2 : Operation 15 [1/1] (0.00ns)   --->   "%pX_3_load = load i32 %pX_3" [firmware/nnet_utils/nnet_conv_stream.h:284]   --->   Operation 15 'load' 'pX_3_load' <Predicate = true> <Delay = 0.00>
ST_2 : Operation 16 [1/1] (0.00ns)   --->   "%br_ln284 = br i1 %icmp_ln284, void %if.end, void %land.lhs.true" [firmware/nnet_utils/nnet_conv_stream.h:284]   --->   Operation 16 'br' 'br_ln284' <Predicate = true> <Delay = 0.00>
ST_2 : Operation 17 [1/1] (1.48ns)   --->   "%icmp_ln284_1 = icmp_eq  i32 %sY_3_load, i32 2" [firmware/nnet_utils/nnet_conv_stream.h:284]   --->   Operation 17 'icmp' 'icmp_ln284_1' <Predicate = (icmp_ln284)> <Delay = 1.48> <CoreInst = "Cmp">   --->   Core 9 'Cmp' <Latency = 0> <II = 1> <Delay = 1.48> <FuncUnit> <Opcode : 'icmp'> <InPorts = 2> <OutPorts = 1>
ST_2 : Operation 18 [1/1] (0.00ns)   --->   "%tmp_6 = partselect i31 @_ssdm_op_PartSelect.i31.i32.i32.i32, i32 %pY_3_load, i32 1, i32 31" [firmware/nnet_utils/nnet_conv_stream.h:284]   --->   Operation 18 'partselect' 'tmp_6' <Predicate = (icmp_ln284)> <Delay = 0.00>
ST_2 : Operation 19 [1/1] (1.48ns)   --->   "%icmp_ln284_7 = icmp_sgt  i31 %tmp_6, i31 0" [firmware/nnet_utils/nnet_conv_stream.h:284]   --->   Operation 19 'icmp' 'icmp_ln284_7' <Predicate = (icmp_ln284)> <Delay = 1.48> <CoreInst = "Cmp">   --->   Core 9 'Cmp' <Latency = 0> <II = 1> <Delay = 1.48> <FuncUnit> <Opcode : 'icmp'> <InPorts = 2> <OutPorts = 1>
ST_2 : Operation 20 [1/1] (0.00ns)   --->   "%tmp_7 = partselect i31 @_ssdm_op_PartSelect.i31.i32.i32.i32, i32 %pX_3_load, i32 1, i32 31" [firmware/nnet_utils/nnet_conv_stream.h:284]   --->   Operation 20 'partselect' 'tmp_7' <Predicate = (icmp_ln284)> <Delay = 0.00>
ST_2 : Operation 21 [1/1] (1.48ns)   --->   "%icmp_ln284_8 = icmp_sgt  i31 %tmp_7, i31 0" [firmware/nnet_utils/nnet_conv_stream.h:284]   --->   Operation 21 'icmp' 'icmp_ln284_8' <Predicate = (icmp_ln284)> <Delay = 1.48> <CoreInst = "Cmp">   --->   Core 9 'Cmp' <Latency = 0> <II = 1> <Delay = 1.48> <FuncUnit> <Opcode : 'icmp'> <InPorts = 2> <OutPorts = 1>
ST_2 : Operation 22 [1/1] (0.00ns) (grouped into LUT with out node and_ln284_1)   --->   "%and_ln284 = and i1 %icmp_ln284_7, i1 %icmp_ln284_8" [firmware/nnet_utils/nnet_conv_stream.h:284]   --->   Operation 22 'and' 'and_ln284' <Predicate = (icmp_ln284)> <Delay = 0.00> <CoreInst = "LogicGate">   --->   Core 74 'LogicGate' <Latency = 0> <II = 1> <Delay = 0.33> <FuncUnit> <Opcode : 'and' 'or' 'xor'> <InPorts = 2> <OutPorts = 1>
ST_2 : Operation 23 [1/1] (0.33ns) (out node of the LUT)   --->   "%and_ln284_1 = and i1 %and_ln284, i1 %icmp_ln284_1" [firmware/nnet_utils/nnet_conv_stream.h:284]   --->   Operation 23 'and' 'and_ln284_1' <Predicate = (icmp_ln284)> <Delay = 0.33> <CoreInst = "LogicGate">   --->   Core 74 'LogicGate' <Latency = 0> <II = 1> <Delay = 0.33> <FuncUnit> <Opcode : 'and' 'or' 'xor'> <InPorts = 2> <OutPorts = 1>
ST_2 : Operation 24 [1/1] (0.00ns)   --->   "%br_ln284 = br i1 %and_ln284_1, void %if.end, void %if.then" [firmware/nnet_utils/nnet_conv_stream.h:284]   --->   Operation 24 'br' 'br_ln284' <Predicate = (icmp_ln284)> <Delay = 0.00>
ST_2 : Operation 25 [5/5] (0.00ns)   --->   "%tmp = call i592 @dense_latency<ap_fixed<16, 6, 5, 3, 0>, ap_fixed<37, 17, 5, 3, 0>, config3_mult>, i16 %void_compute_output_buffer_2d_array_const_ap_shift_reg_n_chan_stream_weig_8, i16 %void_compute_output_buffer_2d_array_const_ap_shift_reg_n_chan_stream_weig_7, i16 %void_compute_output_buffer_2d_array_const_ap_shift_reg_n_chan_stream_weig_6, i16 %void_compute_output_buffer_2d_array_const_ap_shift_reg_n_chan_stream_weig_5, i16 %void_compute_output_buffer_2d_array_const_ap_shift_reg_n_chan_stream_weig_4, i16 %void_compute_output_buffer_2d_array_const_ap_shift_reg_n_chan_stream_weig_3, i16 %void_compute_output_buffer_2d_array_const_ap_shift_reg_n_chan_stream_weig_2, i16 %void_compute_output_buffer_2d_array_const_ap_shift_reg_n_chan_stream_weig_1, i16 %void_compute_output_buffer_2d_array_const_ap_shift_reg_n_chan_stream_weig" [firmware/nnet_utils/nnet_dense.h:54->firmware/nnet_utils/nnet_conv_stream.h:288]   --->   Operation 25 'call' 'tmp' <Predicate = (icmp_ln284 & and_ln284_1)> <Delay = 0.00> <CoreType = "Generic">   --->   Core 0 '' <Latency = 0> <II = 1> <Delay = 1.00> <Generic> <Opcode : >
ST_2 : Operation 26 [1/1] (1.48ns)   --->   "%add_ln303 = add i32 %pX_3_load, i32 1" [firmware/nnet_utils/nnet_conv_stream.h:303]   --->   Operation 26 'add' 'add_ln303' <Predicate = true> <Delay = 1.48> <CoreInst = "Adder">   --->   Core 1 'Adder' <Latency = 0> <II = 1> <Delay = 1.48> <FuncUnit> <Opcode : 'add' 'sub'> <InPorts = 2> <OutPorts = 1>
ST_2 : Operation 27 [1/1] (1.48ns)   --->   "%icmp_ln303 = icmp_eq  i32 %add_ln303, i32 130" [firmware/nnet_utils/nnet_conv_stream.h:303]   --->   Operation 27 'icmp' 'icmp_ln303' <Predicate = true> <Delay = 1.48> <CoreInst = "Cmp">   --->   Core 9 'Cmp' <Latency = 0> <II = 1> <Delay = 1.48> <FuncUnit> <Opcode : 'icmp'> <InPorts = 2> <OutPorts = 1>
ST_2 : Operation 28 [1/1] (0.00ns)   --->   "%br_ln303 = br i1 %icmp_ln303, void %if.else20, void %if.then9" [firmware/nnet_utils/nnet_conv_stream.h:303]   --->   Operation 28 'br' 'br_ln303' <Predicate = true> <Delay = 0.00>
ST_2 : Operation 29 [1/1] (0.53ns)   --->   "%store_ln316 = store i32 %add_ln303, i32 %pX_3" [firmware/nnet_utils/nnet_conv_stream.h:316]   --->   Operation 29 'store' 'store_ln316' <Predicate = (!icmp_ln303)> <Delay = 0.53>
ST_2 : Operation 30 [1/1] (1.48ns)   --->   "%add_ln318 = add i32 %sX_3_load, i32 1" [firmware/nnet_utils/nnet_conv_stream.h:318]   --->   Operation 30 'add' 'add_ln318' <Predicate = (!icmp_ln303)> <Delay = 1.48> <CoreInst = "Adder">   --->   Core 1 'Adder' <Latency = 0> <II = 1> <Delay = 1.48> <FuncUnit> <Opcode : 'add' 'sub'> <InPorts = 2> <OutPorts = 1>
ST_2 : Operation 31 [1/1] (0.44ns)   --->   "%select_ln318 = select i1 %icmp_ln284, i32 2, i32 %add_ln318" [firmware/nnet_utils/nnet_conv_stream.h:318]   --->   Operation 31 'select' 'select_ln318' <Predicate = (!icmp_ln303)> <Delay = 0.44> <CoreInst = "Sel">   --->   Core 73 'Sel' <Latency = 0> <II = 1> <Delay = 0.44> <FuncUnit> <Opcode : 'select'> <InPorts = 3> <OutPorts = 1>
ST_2 : Operation 32 [1/1] (0.53ns)   --->   "%store_ln318 = store i32 %select_ln318, i32 %sX_3" [firmware/nnet_utils/nnet_conv_stream.h:318]   --->   Operation 32 'store' 'store_ln318' <Predicate = (!icmp_ln303)> <Delay = 0.53>
ST_2 : Operation 33 [1/1] (0.00ns)   --->   "%br_ln0 = br void %if.end31"   --->   Operation 33 'br' 'br_ln0' <Predicate = (!icmp_ln303)> <Delay = 0.00>
ST_2 : Operation 34 [1/1] (0.53ns)   --->   "%store_ln305 = store i32 0, i32 %pX_3" [firmware/nnet_utils/nnet_conv_stream.h:305]   --->   Operation 34 'store' 'store_ln305' <Predicate = (icmp_ln303)> <Delay = 0.53>
ST_2 : Operation 35 [1/1] (0.53ns)   --->   "%store_ln306 = store i32 0, i32 %sX_3" [firmware/nnet_utils/nnet_conv_stream.h:306]   --->   Operation 35 'store' 'store_ln306' <Predicate = (icmp_ln303)> <Delay = 0.53>
ST_2 : Operation 36 [1/1] (1.48ns)   --->   "%add_ln307 = add i32 %pY_3_load, i32 1" [firmware/nnet_utils/nnet_conv_stream.h:307]   --->   Operation 36 'add' 'add_ln307' <Predicate = (icmp_ln303)> <Delay = 1.48> <CoreInst = "Adder">   --->   Core 1 'Adder' <Latency = 0> <II = 1> <Delay = 1.48> <FuncUnit> <Opcode : 'add' 'sub'> <InPorts = 2> <OutPorts = 1>
ST_2 : Operation 37 [1/1] (1.48ns)   --->   "%icmp_ln307 = icmp_eq  i32 %add_ln307, i32 130" [firmware/nnet_utils/nnet_conv_stream.h:307]   --->   Operation 37 'icmp' 'icmp_ln307' <Predicate = (icmp_ln303)> <Delay = 1.48> <CoreInst = "Cmp">   --->   Core 9 'Cmp' <Latency = 0> <II = 1> <Delay = 1.48> <FuncUnit> <Opcode : 'icmp'> <InPorts = 2> <OutPorts = 1>
ST_2 : Operation 38 [1/1] (0.00ns)   --->   "%br_ln307 = br i1 %icmp_ln307, void %if.else, void %if.then12" [firmware/nnet_utils/nnet_conv_stream.h:307]   --->   Operation 38 'br' 'br_ln307' <Predicate = (icmp_ln303)> <Delay = 0.00>
ST_2 : Operation 39 [1/1] (0.53ns)   --->   "%store_ln311 = store i32 %add_ln307, i32 %pY_3" [firmware/nnet_utils/nnet_conv_stream.h:311]   --->   Operation 39 'store' 'store_ln311' <Predicate = (icmp_ln303 & !icmp_ln307)> <Delay = 0.53>
ST_2 : Operation 40 [1/1] (1.48ns)   --->   "%icmp_ln313 = icmp_eq  i32 %sY_3_load, i32 2" [firmware/nnet_utils/nnet_conv_stream.h:313]   --->   Operation 40 'icmp' 'icmp_ln313' <Predicate = (icmp_ln303 & !icmp_ln307)> <Delay = 1.48> <CoreInst = "Cmp">   --->   Core 9 'Cmp' <Latency = 0> <II = 1> <Delay = 1.48> <FuncUnit> <Opcode : 'icmp'> <InPorts = 2> <OutPorts = 1>
ST_2 : Operation 41 [1/1] (1.48ns)   --->   "%add_ln313 = add i32 %sY_3_load, i32 1" [firmware/nnet_utils/nnet_conv_stream.h:313]   --->   Operation 41 'add' 'add_ln313' <Predicate = (icmp_ln303 & !icmp_ln307)> <Delay = 1.48> <CoreInst = "Adder">   --->   Core 1 'Adder' <Latency = 0> <II = 1> <Delay = 1.48> <FuncUnit> <Opcode : 'add' 'sub'> <InPorts = 2> <OutPorts = 1>
ST_2 : Operation 42 [1/1] (0.44ns)   --->   "%select_ln313 = select i1 %icmp_ln313, i32 2, i32 %add_ln313" [firmware/nnet_utils/nnet_conv_stream.h:313]   --->   Operation 42 'select' 'select_ln313' <Predicate = (icmp_ln303 & !icmp_ln307)> <Delay = 0.44> <CoreInst = "Sel">   --->   Core 73 'Sel' <Latency = 0> <II = 1> <Delay = 0.44> <FuncUnit> <Opcode : 'select'> <InPorts = 3> <OutPorts = 1>
ST_2 : Operation 43 [1/1] (0.53ns)   --->   "%br_ln0 = br void %if.end19"   --->   Operation 43 'br' 'br_ln0' <Predicate = (icmp_ln303 & !icmp_ln307)> <Delay = 0.53>
ST_2 : Operation 44 [1/1] (0.53ns)   --->   "%store_ln308 = store i32 0, i32 %pY_3" [firmware/nnet_utils/nnet_conv_stream.h:308]   --->   Operation 44 'store' 'store_ln308' <Predicate = (icmp_ln303 & icmp_ln307)> <Delay = 0.53>
ST_2 : Operation 45 [1/1] (0.53ns)   --->   "%br_ln310 = br void %if.end19" [firmware/nnet_utils/nnet_conv_stream.h:310]   --->   Operation 45 'br' 'br_ln310' <Predicate = (icmp_ln303 & icmp_ln307)> <Delay = 0.53>

State 3 <SV = 2> <Delay = 3.60>
ST_3 : Operation 46 [4/5] (3.60ns)   --->   "%tmp = call i592 @dense_latency<ap_fixed<16, 6, 5, 3, 0>, ap_fixed<37, 17, 5, 3, 0>, config3_mult>, i16 %void_compute_output_buffer_2d_array_const_ap_shift_reg_n_chan_stream_weig_8, i16 %void_compute_output_buffer_2d_array_const_ap_shift_reg_n_chan_stream_weig_7, i16 %void_compute_output_buffer_2d_array_const_ap_shift_reg_n_chan_stream_weig_6, i16 %void_compute_output_buffer_2d_array_const_ap_shift_reg_n_chan_stream_weig_5, i16 %void_compute_output_buffer_2d_array_const_ap_shift_reg_n_chan_stream_weig_4, i16 %void_compute_output_buffer_2d_array_const_ap_shift_reg_n_chan_stream_weig_3, i16 %void_compute_output_buffer_2d_array_const_ap_shift_reg_n_chan_stream_weig_2, i16 %void_compute_output_buffer_2d_array_const_ap_shift_reg_n_chan_stream_weig_1, i16 %void_compute_output_buffer_2d_array_const_ap_shift_reg_n_chan_stream_weig" [firmware/nnet_utils/nnet_dense.h:54->firmware/nnet_utils/nnet_conv_stream.h:288]   --->   Operation 46 'call' 'tmp' <Predicate = (icmp_ln284 & and_ln284_1)> <Delay = 3.60> <CoreType = "Generic">   --->   Core 0 '' <Latency = 0> <II = 1> <Delay = 1.00> <Generic> <Opcode : >
ST_3 : Operation 47 [1/1] (0.00ns)   --->   "%storemerge = phi i32 %select_ln313, void %if.else, i32 0, void %if.then12" [firmware/nnet_utils/nnet_conv_stream.h:313]   --->   Operation 47 'phi' 'storemerge' <Predicate = (icmp_ln303)> <Delay = 0.00>
ST_3 : Operation 48 [1/1] (0.00ns)   --->   "%store_ln309 = store i32 %storemerge, i32 %sY_3" [firmware/nnet_utils/nnet_conv_stream.h:309]   --->   Operation 48 'store' 'store_ln309' <Predicate = (icmp_ln303)> <Delay = 0.00>
ST_3 : Operation 49 [1/1] (0.00ns)   --->   "%br_ln315 = br void %if.end31" [firmware/nnet_utils/nnet_conv_stream.h:315]   --->   Operation 49 'br' 'br_ln315' <Predicate = (icmp_ln303)> <Delay = 0.00>

State 4 <SV = 3> <Delay = 3.60>
ST_4 : Operation 50 [3/5] (3.60ns)   --->   "%tmp = call i592 @dense_latency<ap_fixed<16, 6, 5, 3, 0>, ap_fixed<37, 17, 5, 3, 0>, config3_mult>, i16 %void_compute_output_buffer_2d_array_const_ap_shift_reg_n_chan_stream_weig_8, i16 %void_compute_output_buffer_2d_array_const_ap_shift_reg_n_chan_stream_weig_7, i16 %void_compute_output_buffer_2d_array_const_ap_shift_reg_n_chan_stream_weig_6, i16 %void_compute_output_buffer_2d_array_const_ap_shift_reg_n_chan_stream_weig_5, i16 %void_compute_output_buffer_2d_array_const_ap_shift_reg_n_chan_stream_weig_4, i16 %void_compute_output_buffer_2d_array_const_ap_shift_reg_n_chan_stream_weig_3, i16 %void_compute_output_buffer_2d_array_const_ap_shift_reg_n_chan_stream_weig_2, i16 %void_compute_output_buffer_2d_array_const_ap_shift_reg_n_chan_stream_weig_1, i16 %void_compute_output_buffer_2d_array_const_ap_shift_reg_n_chan_stream_weig" [firmware/nnet_utils/nnet_dense.h:54->firmware/nnet_utils/nnet_conv_stream.h:288]   --->   Operation 50 'call' 'tmp' <Predicate = (icmp_ln284 & and_ln284_1)> <Delay = 3.60> <CoreType = "Generic">   --->   Core 0 '' <Latency = 0> <II = 1> <Delay = 1.00> <Generic> <Opcode : >

State 5 <SV = 4> <Delay = 3.60>
ST_5 : Operation 51 [2/5] (3.60ns)   --->   "%tmp = call i592 @dense_latency<ap_fixed<16, 6, 5, 3, 0>, ap_fixed<37, 17, 5, 3, 0>, config3_mult>, i16 %void_compute_output_buffer_2d_array_const_ap_shift_reg_n_chan_stream_weig_8, i16 %void_compute_output_buffer_2d_array_const_ap_shift_reg_n_chan_stream_weig_7, i16 %void_compute_output_buffer_2d_array_const_ap_shift_reg_n_chan_stream_weig_6, i16 %void_compute_output_buffer_2d_array_const_ap_shift_reg_n_chan_stream_weig_5, i16 %void_compute_output_buffer_2d_array_const_ap_shift_reg_n_chan_stream_weig_4, i16 %void_compute_output_buffer_2d_array_const_ap_shift_reg_n_chan_stream_weig_3, i16 %void_compute_output_buffer_2d_array_const_ap_shift_reg_n_chan_stream_weig_2, i16 %void_compute_output_buffer_2d_array_const_ap_shift_reg_n_chan_stream_weig_1, i16 %void_compute_output_buffer_2d_array_const_ap_shift_reg_n_chan_stream_weig" [firmware/nnet_utils/nnet_dense.h:54->firmware/nnet_utils/nnet_conv_stream.h:288]   --->   Operation 51 'call' 'tmp' <Predicate = (icmp_ln284 & and_ln284_1)> <Delay = 3.60> <CoreType = "Generic">   --->   Core 0 '' <Latency = 0> <II = 1> <Delay = 1.00> <Generic> <Opcode : >

State 6 <SV = 5> <Delay = 3.60>
ST_6 : Operation 52 [1/5] (3.60ns)   --->   "%tmp = call i592 @dense_latency<ap_fixed<16, 6, 5, 3, 0>, ap_fixed<37, 17, 5, 3, 0>, config3_mult>, i16 %void_compute_output_buffer_2d_array_const_ap_shift_reg_n_chan_stream_weig_8, i16 %void_compute_output_buffer_2d_array_const_ap_shift_reg_n_chan_stream_weig_7, i16 %void_compute_output_buffer_2d_array_const_ap_shift_reg_n_chan_stream_weig_6, i16 %void_compute_output_buffer_2d_array_const_ap_shift_reg_n_chan_stream_weig_5, i16 %void_compute_output_buffer_2d_array_const_ap_shift_reg_n_chan_stream_weig_4, i16 %void_compute_output_buffer_2d_array_const_ap_shift_reg_n_chan_stream_weig_3, i16 %void_compute_output_buffer_2d_array_const_ap_shift_reg_n_chan_stream_weig_2, i16 %void_compute_output_buffer_2d_array_const_ap_shift_reg_n_chan_stream_weig_1, i16 %void_compute_output_buffer_2d_array_const_ap_shift_reg_n_chan_stream_weig" [firmware/nnet_utils/nnet_dense.h:54->firmware/nnet_utils/nnet_conv_stream.h:288]   --->   Operation 52 'call' 'tmp' <Predicate = (icmp_ln284 & and_ln284_1)> <Delay = 3.60> <CoreType = "Generic">   --->   Core 0 '' <Latency = 0> <II = 1> <Delay = 1.00> <Generic> <Opcode : >
ST_6 : Operation 53 [1/1] (0.00ns)   --->   "%res_out = extractvalue i592 %tmp" [firmware/nnet_utils/nnet_dense.h:54->firmware/nnet_utils/nnet_conv_stream.h:288]   --->   Operation 53 'extractvalue' 'res_out' <Predicate = (icmp_ln284 & and_ln284_1)> <Delay = 0.00>
ST_6 : Operation 54 [1/1] (0.00ns)   --->   "%res_out_1 = extractvalue i592 %tmp" [firmware/nnet_utils/nnet_dense.h:54->firmware/nnet_utils/nnet_conv_stream.h:288]   --->   Operation 54 'extractvalue' 'res_out_1' <Predicate = (icmp_ln284 & and_ln284_1)> <Delay = 0.00>
ST_6 : Operation 55 [1/1] (0.00ns)   --->   "%res_out_2 = extractvalue i592 %tmp" [firmware/nnet_utils/nnet_dense.h:54->firmware/nnet_utils/nnet_conv_stream.h:288]   --->   Operation 55 'extractvalue' 'res_out_2' <Predicate = (icmp_ln284 & and_ln284_1)> <Delay = 0.00>
ST_6 : Operation 56 [1/1] (0.00ns)   --->   "%res_out_3 = extractvalue i592 %tmp" [firmware/nnet_utils/nnet_dense.h:54->firmware/nnet_utils/nnet_conv_stream.h:288]   --->   Operation 56 'extractvalue' 'res_out_3' <Predicate = (icmp_ln284 & and_ln284_1)> <Delay = 0.00>
ST_6 : Operation 57 [1/1] (0.00ns)   --->   "%res_out_4 = extractvalue i592 %tmp" [firmware/nnet_utils/nnet_dense.h:54->firmware/nnet_utils/nnet_conv_stream.h:288]   --->   Operation 57 'extractvalue' 'res_out_4' <Predicate = (icmp_ln284 & and_ln284_1)> <Delay = 0.00>
ST_6 : Operation 58 [1/1] (0.00ns)   --->   "%res_out_5 = extractvalue i592 %tmp" [firmware/nnet_utils/nnet_dense.h:54->firmware/nnet_utils/nnet_conv_stream.h:288]   --->   Operation 58 'extractvalue' 'res_out_5' <Predicate = (icmp_ln284 & and_ln284_1)> <Delay = 0.00>
ST_6 : Operation 59 [1/1] (0.00ns)   --->   "%res_out_6 = extractvalue i592 %tmp" [firmware/nnet_utils/nnet_dense.h:54->firmware/nnet_utils/nnet_conv_stream.h:288]   --->   Operation 59 'extractvalue' 'res_out_6' <Predicate = (icmp_ln284 & and_ln284_1)> <Delay = 0.00>
ST_6 : Operation 60 [1/1] (0.00ns)   --->   "%res_out_7 = extractvalue i592 %tmp" [firmware/nnet_utils/nnet_dense.h:54->firmware/nnet_utils/nnet_conv_stream.h:288]   --->   Operation 60 'extractvalue' 'res_out_7' <Predicate = (icmp_ln284 & and_ln284_1)> <Delay = 0.00>
ST_6 : Operation 61 [1/1] (0.00ns)   --->   "%res_out_8 = extractvalue i592 %tmp" [firmware/nnet_utils/nnet_dense.h:54->firmware/nnet_utils/nnet_conv_stream.h:288]   --->   Operation 61 'extractvalue' 'res_out_8' <Predicate = (icmp_ln284 & and_ln284_1)> <Delay = 0.00>
ST_6 : Operation 62 [1/1] (0.00ns)   --->   "%res_out_9 = extractvalue i592 %tmp" [firmware/nnet_utils/nnet_dense.h:54->firmware/nnet_utils/nnet_conv_stream.h:288]   --->   Operation 62 'extractvalue' 'res_out_9' <Predicate = (icmp_ln284 & and_ln284_1)> <Delay = 0.00>
ST_6 : Operation 63 [1/1] (0.00ns)   --->   "%res_out_16 = extractvalue i592 %tmp" [firmware/nnet_utils/nnet_dense.h:54->firmware/nnet_utils/nnet_conv_stream.h:288]   --->   Operation 63 'extractvalue' 'res_out_16' <Predicate = (icmp_ln284 & and_ln284_1)> <Delay = 0.00>
ST_6 : Operation 64 [1/1] (0.00ns)   --->   "%res_out_17 = extractvalue i592 %tmp" [firmware/nnet_utils/nnet_dense.h:54->firmware/nnet_utils/nnet_conv_stream.h:288]   --->   Operation 64 'extractvalue' 'res_out_17' <Predicate = (icmp_ln284 & and_ln284_1)> <Delay = 0.00>
ST_6 : Operation 65 [1/1] (0.00ns)   --->   "%res_out_18 = extractvalue i592 %tmp" [firmware/nnet_utils/nnet_dense.h:54->firmware/nnet_utils/nnet_conv_stream.h:288]   --->   Operation 65 'extractvalue' 'res_out_18' <Predicate = (icmp_ln284 & and_ln284_1)> <Delay = 0.00>
ST_6 : Operation 66 [1/1] (0.00ns)   --->   "%res_out_19 = extractvalue i592 %tmp" [firmware/nnet_utils/nnet_dense.h:54->firmware/nnet_utils/nnet_conv_stream.h:288]   --->   Operation 66 'extractvalue' 'res_out_19' <Predicate = (icmp_ln284 & and_ln284_1)> <Delay = 0.00>
ST_6 : Operation 67 [1/1] (0.00ns)   --->   "%res_out_20 = extractvalue i592 %tmp" [firmware/nnet_utils/nnet_dense.h:54->firmware/nnet_utils/nnet_conv_stream.h:288]   --->   Operation 67 'extractvalue' 'res_out_20' <Predicate = (icmp_ln284 & and_ln284_1)> <Delay = 0.00>
ST_6 : Operation 68 [1/1] (0.00ns)   --->   "%res_out_21 = extractvalue i592 %tmp" [firmware/nnet_utils/nnet_dense.h:54->firmware/nnet_utils/nnet_conv_stream.h:288]   --->   Operation 68 'extractvalue' 'res_out_21' <Predicate = (icmp_ln284 & and_ln284_1)> <Delay = 0.00>

State 7 <SV = 6> <Delay = 1.82>
ST_7 : Operation 69 [1/1] (0.00ns)   --->   "%p_0 = bitconcatenate i592 @_ssdm_op_BitConcatenate.i592.i37.i37.i37.i37.i37.i37.i37.i37.i37.i37.i37.i37.i37.i37.i37.i37, i37 %res_out_21, i37 %res_out_20, i37 %res_out_19, i37 %res_out_18, i37 %res_out_17, i37 %res_out_16, i37 %res_out_9, i37 %res_out_8, i37 %res_out_7, i37 %res_out_6, i37 %res_out_5, i37 %res_out_4, i37 %res_out_3, i37 %res_out_2, i37 %res_out_1, i37 %res_out" [firmware/nnet_utils/nnet_conv_stream.h:299]   --->   Operation 69 'bitconcatenate' 'p_0' <Predicate = (icmp_ln284 & and_ln284_1)> <Delay = 0.00>
ST_7 : Operation 70 [1/1] (1.82ns)   --->   "%write_ln299 = write void @_ssdm_op_Write.ap_fifo.volatile.i592P0A, i592 %layer3_out, i592 %p_0" [firmware/nnet_utils/nnet_conv_stream.h:299]   --->   Operation 70 'write' 'write_ln299' <Predicate = (icmp_ln284 & and_ln284_1)> <Delay = 1.82> <CoreInst = "FIFO">   --->   Core 78 'FIFO' <Latency = 0> <II = 1> <Delay = 2.16> <Storage> <Opcode : 'read' 'write' 'nbread' 'nbwrite'> <Ports = 0> <Width = 592> <Depth = 16384> <FIFO>
ST_7 : Operation 71 [1/1] (0.00ns)   --->   "%br_ln300 = br void %if.end" [firmware/nnet_utils/nnet_conv_stream.h:300]   --->   Operation 71 'br' 'br_ln300' <Predicate = (icmp_ln284 & and_ln284_1)> <Delay = 0.00>
ST_7 : Operation 72 [1/1] (0.00ns)   --->   "%ret_ln320 = ret" [firmware/nnet_utils/nnet_conv_stream.h:320]   --->   Operation 72 'ret' 'ret_ln320' <Predicate = true> <Delay = 0.00>


============================================================
+ Verbose Summary: Timing violations
============================================================
Target clock period: 5.000ns, clock uncertainty: 1.350ns.

 <State 1>: 1.154ns
The critical path consists of the following:
	wire read operation ('in_elem_0_0_0_0_0_val_read') on port 'in_elem_0_0_0_0_0_val' [19]  (0.000 ns)
	'call' operation 0 bit ('call_ln281', firmware/nnet_utils/nnet_conv_stream.h:281) to 'shift_line_buffer<array<ap_fixed<16, 6, 5, 3, 0>, 1u>, config3>' [20]  (1.154 ns)

 <State 2>: 3.847ns
The critical path consists of the following:
	'load' operation 32 bit ('pY_3_load', firmware/nnet_utils/nnet_conv_stream.h:284) on static variable 'pY_3' [24]  (0.000 ns)
	'add' operation 32 bit ('add_ln307', firmware/nnet_utils/nnet_conv_stream.h:307) [70]  (1.486 ns)
	'icmp' operation 1 bit ('icmp_ln307', firmware/nnet_utils/nnet_conv_stream.h:307) [71]  (1.486 ns)
	'store' operation 0 bit ('store_ln311', firmware/nnet_utils/nnet_conv_stream.h:311) of variable 'add_ln307', firmware/nnet_utils/nnet_conv_stream.h:307 on static variable 'pY_3' [74]  (0.538 ns)
	blocking operation 0.337 ns on control path)

 <State 3>: 3.604ns
The critical path consists of the following:
	'call' operation 592 bit ('tmp', firmware/nnet_utils/nnet_dense.h:54->firmware/nnet_utils/nnet_conv_stream.h:288) to 'dense_latency<ap_fixed<16, 6, 5, 3, 0>, ap_fixed<37, 17, 5, 3, 0>, config3_mult>' [37]  (3.604 ns)

 <State 4>: 3.604ns
The critical path consists of the following:
	'call' operation 592 bit ('tmp', firmware/nnet_utils/nnet_dense.h:54->firmware/nnet_utils/nnet_conv_stream.h:288) to 'dense_latency<ap_fixed<16, 6, 5, 3, 0>, ap_fixed<37, 17, 5, 3, 0>, config3_mult>' [37]  (3.604 ns)

 <State 5>: 3.604ns
The critical path consists of the following:
	'call' operation 592 bit ('tmp', firmware/nnet_utils/nnet_dense.h:54->firmware/nnet_utils/nnet_conv_stream.h:288) to 'dense_latency<ap_fixed<16, 6, 5, 3, 0>, ap_fixed<37, 17, 5, 3, 0>, config3_mult>' [37]  (3.604 ns)

 <State 6>: 3.604ns
The critical path consists of the following:
	'call' operation 592 bit ('tmp', firmware/nnet_utils/nnet_dense.h:54->firmware/nnet_utils/nnet_conv_stream.h:288) to 'dense_latency<ap_fixed<16, 6, 5, 3, 0>, ap_fixed<37, 17, 5, 3, 0>, config3_mult>' [37]  (3.604 ns)

 <State 7>: 1.825ns
The critical path consists of the following:
	fifo write operation ('write_ln299', firmware/nnet_utils/nnet_conv_stream.h:299) on port 'layer3_out' (firmware/nnet_utils/nnet_conv_stream.h:299) [55]  (1.825 ns)


============================================================
+ Verbose Summary: Binding
============================================================
N/A
* FSMD analyzer results:
  - Output states:
 - Input state : 
  - Chain level:
	State 1
	State 2
	State 3
	State 4
	State 5
	State 6
	State 7


============================================================
+ Verbose Summary: Datapath Resource usage 
============================================================
N/A
