

================================================================
== Vitis HLS Report for 'compute_output_buffer_2d_array_array_ap_fixed_12_6_5_3_0_6u_config12_s'
================================================================
* Date:           Wed Apr 22 16:01:59 2026

* Version:        2023.2 (Build 4023990 on Oct 11 2023)
* Project:        folo_prj
* Solution:       solution1 (Vivado IP Flow Target)
* Product family: kintexu
* Target device:  xcku035-fbva676-2-e


================================================================
== Performance Estimates
================================================================
+ Timing: 
    * Summary: 
    +--------+---------+----------+------------+
    |  Clock |  Target | Estimated| Uncertainty|
    +--------+---------+----------+------------+
    |ap_clk  |  5.00 ns|  3.847 ns|     1.35 ns|
    +--------+---------+----------+------------+

+ Latency: 
    * Summary: 
    +---------+---------+-----------+----------+-----+-----+---------+
    |  Latency (cycles) |  Latency (absolute)  |  Interval | Pipeline|
    |   min   |   max   |    min    |    max   | min | max |   Type  |
    +---------+---------+-----------+----------+-----+-----+---------+
    |        2|       24|  10.000 ns|  0.120 us|    2|   24|       no|
    +---------+---------+-----------+----------+-----+-----+---------+

    + Detail: 
        * Instance: 
        N/A

        * Loop: 
        N/A

============================================================
+ Verbose Summary: Synthesis Manager
============================================================
InlineROM: 1
ExposeGlobal: 0
============================================================
+ Verbose Summary: CDFG Model
============================================================
IsTopModel: 0
ResetActiveHigh: 1
IsCombinational: 0
IsDatapathOnly: 0
HasWiredReturn: 1
HasMFsm: 0
HasVarLatency: 1
IsPipeline: 0
IsRtlPipelined: 0
IsInstanceOverlapped: 0
IsDontTouch: 0
HasImplIP: 0
IsGatedGlobalClock: 0


============================================================
+ Verbose Summary: Schedule
============================================================
* Number of FSM states : 4
* Pipeline : 0
* Dataflow Pipeline: 0

* FSM state transitions: 
1 --> 2 
2 --> 4 3 
3 --> 4 
4 --> 

* FSM state operations: 

State 1 <SV = 0> <Delay = 1.15>
ST_1 : Operation 5 [1/1] (0.00ns)   --->   "%p_read511 = read i12 @_ssdm_op_Read.ap_auto.i12, i12 %p_read5"   --->   Operation 5 'read' 'p_read511' <Predicate = true> <Delay = 0.00>
ST_1 : Operation 6 [1/1] (0.00ns)   --->   "%p_read410 = read i12 @_ssdm_op_Read.ap_auto.i12, i12 %p_read4"   --->   Operation 6 'read' 'p_read410' <Predicate = true> <Delay = 0.00>
ST_1 : Operation 7 [1/1] (0.00ns)   --->   "%p_read39 = read i12 @_ssdm_op_Read.ap_auto.i12, i12 %p_read3"   --->   Operation 7 'read' 'p_read39' <Predicate = true> <Delay = 0.00>
ST_1 : Operation 8 [1/1] (0.00ns)   --->   "%p_read28 = read i12 @_ssdm_op_Read.ap_auto.i12, i12 %p_read2"   --->   Operation 8 'read' 'p_read28' <Predicate = true> <Delay = 0.00>
ST_1 : Operation 9 [1/1] (0.00ns)   --->   "%p_read17 = read i12 @_ssdm_op_Read.ap_auto.i12, i12 %p_read1"   --->   Operation 9 'read' 'p_read17' <Predicate = true> <Delay = 0.00>
ST_1 : Operation 10 [1/1] (0.00ns)   --->   "%p_read_30 = read i12 @_ssdm_op_Read.ap_auto.i12, i12 %p_read"   --->   Operation 10 'read' 'p_read_30' <Predicate = true> <Delay = 0.00>
ST_1 : Operation 11 [1/1] (1.15ns)   --->   "%call_ln281 = call void @shift_line_buffer<array<ap_fixed<12, 6, 5, 3, 0>, 6u>, config12>, i12 %p_read_30, i12 %p_read17, i12 %p_read28, i12 %p_read39, i12 %p_read410, i12 %p_read511, i12 %void_compute_output_buffer_2d_array_const_ap_shift_reg_n_chan_stream_weig_23, i12 %void_compute_output_buffer_2d_array_const_ap_shift_reg_n_chan_stream_weig_29, i12 %void_compute_output_buffer_2d_array_const_ap_shift_reg_n_chan_stream_weig_22, i12 %void_compute_output_buffer_2d_array_const_ap_shift_reg_n_chan_stream_weig_28, i12 %void_compute_output_buffer_2d_array_const_ap_shift_reg_n_chan_stream_weig_21, i12 %void_compute_output_buffer_2d_array_const_ap_shift_reg_n_chan_stream_weig_27, i12 %void_compute_output_buffer_2d_array_const_ap_shift_reg_n_chan_stream_weig_20, i12 %void_compute_output_buffer_2d_array_const_ap_shift_reg_n_chan_stream_weig_26, i12 %p_ZZN4nnet24compute_output_buffer_2dINS_5arrayI8ap_fixedILi12ELi6EL9ap_q_mode5EL9_297, i12 %void_compute_output_buffer_2d_array_const_ap_shift_reg_n_chan_stream_weig_25, i12 %p_ZZN4nnet24compute_output_buffer_2dINS_5arrayI8ap_fixedILi12ELi6EL9ap_q_mode5EL9_298, i12 %void_compute_output_buffer_2d_array_const_ap_shift_reg_n_chan_stream_weig_24, i12 %p_ZZN4nnet24compute_output_buffer_2dINS_5arrayI8ap_fixedILi12ELi6EL9ap_q_mode5EL9_91, i12 %p_ZZN4nnet24compute_output_buffer_2dINS_5arrayI8ap_fixedILi12ELi6EL9ap_q_mode5EL9_97, i12 %p_ZZN4nnet24compute_output_buffer_2dINS_5arrayI8ap_fixedILi12ELi6EL9ap_q_mode5EL9_90, i12 %p_ZZN4nnet24compute_output_buffer_2dINS_5arrayI8ap_fixedILi12ELi6EL9ap_q_mode5EL9_96, i12 %p_ZZN4nnet24compute_output_buffer_2dINS_5arrayI8ap_fixedILi12ELi6EL9ap_q_mode5EL9_89, i12 %p_ZZN4nnet24compute_output_buffer_2dINS_5arrayI8ap_fixedILi12ELi6EL9ap_q_mode5EL9_95, i12 %p_ZZN4nnet24compute_output_buffer_2dINS_5arrayI8ap_fixedILi12ELi6EL9ap_q_mode5EL9_88, i12 %p_ZZN4nnet24compute_output_buffer_2dINS_5arrayI8ap_fixedILi12ELi6EL9ap_q_mode5EL9_94, i12 %p_ZZN4nnet24compute_output_buffer_2dINS_5arrayI8ap_fixedILi12ELi6EL9ap_q_mode5EL9_87, i12 %p_ZZN4nnet24compute_output_buffer_2dINS_5arrayI8ap_fixedILi12ELi6EL9ap_q_mode5EL9_93, i12 %p_ZZN4nnet24compute_output_buffer_2dINS_5arrayI8ap_fixedILi12ELi6EL9ap_q_mode5EL9_86, i12 %p_ZZN4nnet24compute_output_buffer_2dINS_5arrayI8ap_fixedILi12ELi6EL9ap_q_mode5EL9_92, i12 %p_ZZN4nnet24compute_output_buffer_2dINS_5arrayI8ap_fixedILi12ELi6EL9ap_q_mode5EL9_73, i12 %p_ZZN4nnet24compute_output_buffer_2dINS_5arrayI8ap_fixedILi12ELi6EL9ap_q_mode5EL9_79, i12 %p_ZZN4nnet24compute_output_buffer_2dINS_5arrayI8ap_fixedILi12ELi6EL9ap_q_mode5EL9_72, i12 %p_ZZN4nnet24compute_output_buffer_2dINS_5arrayI8ap_fixedILi12ELi6EL9ap_q_mode5EL9_78, i12 %p_ZZN4nnet24compute_output_buffer_2dINS_5arrayI8ap_fixedILi12ELi6EL9ap_q_mode5EL9_71, i12 %p_ZZN4nnet24compute_output_buffer_2dINS_5arrayI8ap_fixedILi12ELi6EL9ap_q_mode5EL9_77, i12 %p_ZZN4nnet24compute_output_buffer_2dINS_5arrayI8ap_fixedILi12ELi6EL9ap_q_mode5EL9_70, i12 %p_ZZN4nnet24compute_output_buffer_2dINS_5arrayI8ap_fixedILi12ELi6EL9ap_q_mode5EL9_76, i12 %p_ZZN4nnet24compute_output_buffer_2dINS_5arrayI8ap_fixedILi12ELi6EL9ap_q_mode5EL9_69, i12 %p_ZZN4nnet24compute_output_buffer_2dINS_5arrayI8ap_fixedILi12ELi6EL9ap_q_mode5EL9_75, i12 %p_ZZN4nnet24compute_output_buffer_2dINS_5arrayI8ap_fixedILi12ELi6EL9ap_q_mode5EL9_68, i12 %p_ZZN4nnet24compute_output_buffer_2dINS_5arrayI8ap_fixedILi12ELi6EL9ap_q_mode5EL9_74, i12 %p_ZZN4nnet24compute_output_buffer_2dINS_5arrayI8ap_fixedILi12ELi6EL9ap_q_mode5EL9_299, i12 %p_ZZN4nnet24compute_output_buffer_2dINS_5arrayI8ap_fixedILi12ELi6EL9ap_q_mode5EL9_300, i12 %p_ZZN4nnet24compute_output_buffer_2dINS_5arrayI8ap_fixedILi12ELi6EL9ap_q_mode5EL9_301, i12 %p_ZZN4nnet24compute_output_buffer_2dINS_5arrayI8ap_fixedILi12ELi6EL9ap_q_mode5EL9_302, i12 %p_ZZN4nnet24compute_output_buffer_2dINS_5arrayI8ap_fixedILi12ELi6EL9ap_q_mode5EL9_99, i12 %p_ZZN4nnet24compute_output_buffer_2dINS_5arrayI8ap_fixedILi12ELi6EL9ap_q_mode5EL9_98, i12 %p_ZZN4nnet24compute_output_buffer_2dINS_5arrayI8ap_fixedILi12ELi6EL9ap_q_mode5EL9_85, i12 %p_ZZN4nnet24compute_output_buffer_2dINS_5arrayI8ap_fixedILi12ELi6EL9ap_q_mode5EL9_84, i12 %p_ZZN4nnet24compute_output_buffer_2dINS_5arrayI8ap_fixedILi12ELi6EL9ap_q_mode5EL9_83, i12 %p_ZZN4nnet24compute_output_buffer_2dINS_5arrayI8ap_fixedILi12ELi6EL9ap_q_mode5EL9_82, i12 %p_ZZN4nnet24compute_output_buffer_2dINS_5arrayI8ap_fixedILi12ELi6EL9ap_q_mode5EL9_81, i12 %p_ZZN4nnet24compute_output_buffer_2dINS_5arrayI8ap_fixedILi12ELi6EL9ap_q_mode5EL9_80, i12 %p_ZZN4nnet24compute_output_buffer_2dINS_5arrayI8ap_fixedILi12ELi6EL9ap_q_mode5EL9_67, i12 %p_ZZN4nnet24compute_output_buffer_2dINS_5arrayI8ap_fixedILi12ELi6EL9ap_q_mode5EL9_66, i12 %p_ZZN4nnet24compute_output_buffer_2dINS_5arrayI8ap_fixedILi12ELi6EL9ap_q_mode5EL9_65, i12 %p_ZZN4nnet24compute_output_buffer_2dINS_5arrayI8ap_fixedILi12ELi6EL9ap_q_mode5EL9_64, i12 %p_ZZN4nnet24compute_output_buffer_2dINS_5arrayI8ap_fixedILi12ELi6EL9ap_q_mode5EL9_63, i12 %p_ZZN4nnet24compute_output_buffer_2dINS_5arrayI8ap_fixedILi12ELi6EL9ap_q_mode5EL9_62, i12 %p_ZZN4nnet26conv_2d_buffer_resource_clINS_5arrayI8ap_fixedILi12ELi6EL9ap_q_mode5E_27, i12 %p_ZZN4nnet26conv_2d_buffer_resource_clINS_5arrayI8ap_fixedILi12ELi6EL9ap_q_mode5E_21, i12 %p_ZZN4nnet26conv_2d_buffer_resource_clINS_5arrayI8ap_fixedILi12ELi6EL9ap_q_mode5E_26, i12 %p_ZZN4nnet26conv_2d_buffer_resource_clINS_5arrayI8ap_fixedILi12ELi6EL9ap_q_mode5E_20, i12 %p_ZZN4nnet26conv_2d_buffer_resource_clINS_5arrayI8ap_fixedILi12ELi6EL9ap_q_mode5E_25, i12 %p_ZZN4nnet26conv_2d_buffer_resource_clINS_5arrayI8ap_fixedILi12ELi6EL9ap_q_mode5E_19, i12 %p_ZZN4nnet26conv_2d_buffer_resource_clINS_5arrayI8ap_fixedILi12ELi6EL9ap_q_mode5E_24, i12 %p_ZZN4nnet26conv_2d_buffer_resource_clINS_5arrayI8ap_fixedILi12ELi6EL9ap_q_mode5E_18, i12 %p_ZZN4nnet26conv_2d_buffer_resource_clINS_5arrayI8ap_fixedILi12ELi6EL9ap_q_mode5E_23, i12 %p_ZZN4nnet26conv_2d_buffer_resource_clINS_5arrayI8ap_fixedILi12ELi6EL9ap_q_mode5E_17, i12 %p_ZZN4nnet26conv_2d_buffer_resource_clINS_5arrayI8ap_fixedILi12ELi6EL9ap_q_mode5E_22, i12 %p_ZZN4nnet26conv_2d_buffer_resource_clINS_5arrayI8ap_fixedILi12ELi6EL9ap_q_mode5E_16" [firmware/nnet_utils/nnet_conv_stream.h:281]   --->   Operation 11 'call' 'call_ln281' <Predicate = true> <Delay = 1.15> <CoreType = "Generic">   --->   Core 0 '' <Latency = 0> <II = 1> <Delay = 1.00> <Generic> <Opcode : >

State 2 <SV = 1> <Delay = 2.16>
ST_2 : Operation 12 [1/1] (0.00ns)   --->   "%specinterface_ln0 = specinterface void @_ssdm_op_SpecInterface, i72 %layer12_out, void @empty_13, i32 0, i32 0, void @empty_8, i32 0, i32 0, void @empty_8, void @empty_8, void @empty_8, i32 0, i32 0, i32 0, i32 0, void @empty_8, void @empty_8, i32 4294967295, i32 0"   --->   Operation 12 'specinterface' 'specinterface_ln0' <Predicate = true> <Delay = 0.00>
ST_2 : Operation 13 [1/1] (0.00ns)   --->   "%sX_2_load = load i32 %sX_2" [firmware/nnet_utils/nnet_conv_stream.h:284]   --->   Operation 13 'load' 'sX_2_load' <Predicate = true> <Delay = 0.00>
ST_2 : Operation 14 [1/1] (1.48ns)   --->   "%icmp_ln284 = icmp_eq  i32 %sX_2_load, i32 2" [firmware/nnet_utils/nnet_conv_stream.h:284]   --->   Operation 14 'icmp' 'icmp_ln284' <Predicate = true> <Delay = 1.48> <CoreInst = "Cmp">   --->   Core 9 'Cmp' <Latency = 0> <II = 1> <Delay = 1.48> <FuncUnit> <Opcode : 'icmp'> <InPorts = 2> <OutPorts = 1>
ST_2 : Operation 15 [1/1] (0.00ns)   --->   "%sY_2_load = load i32 %sY_2" [firmware/nnet_utils/nnet_conv_stream.h:284]   --->   Operation 15 'load' 'sY_2_load' <Predicate = true> <Delay = 0.00>
ST_2 : Operation 16 [1/1] (0.00ns)   --->   "%pY_2_load = load i32 %pY_2" [firmware/nnet_utils/nnet_conv_stream.h:284]   --->   Operation 16 'load' 'pY_2_load' <Predicate = true> <Delay = 0.00>
ST_2 : Operation 17 [1/1] (0.00ns)   --->   "%pX_2_load = load i32 %pX_2" [firmware/nnet_utils/nnet_conv_stream.h:284]   --->   Operation 17 'load' 'pX_2_load' <Predicate = true> <Delay = 0.00>
ST_2 : Operation 18 [1/1] (0.00ns)   --->   "%br_ln284 = br i1 %icmp_ln284, void %if.end, void %land.lhs.true" [firmware/nnet_utils/nnet_conv_stream.h:284]   --->   Operation 18 'br' 'br_ln284' <Predicate = true> <Delay = 0.00>
ST_2 : Operation 19 [1/1] (1.48ns)   --->   "%icmp_ln284_7 = icmp_eq  i32 %sY_2_load, i32 2" [firmware/nnet_utils/nnet_conv_stream.h:284]   --->   Operation 19 'icmp' 'icmp_ln284_7' <Predicate = (icmp_ln284)> <Delay = 1.48> <CoreInst = "Cmp">   --->   Core 9 'Cmp' <Latency = 0> <II = 1> <Delay = 1.48> <FuncUnit> <Opcode : 'icmp'> <InPorts = 2> <OutPorts = 1>
ST_2 : Operation 20 [1/1] (0.00ns)   --->   "%tmp_8 = partselect i31 @_ssdm_op_PartSelect.i31.i32.i32.i32, i32 %pY_2_load, i32 1, i32 31" [firmware/nnet_utils/nnet_conv_stream.h:284]   --->   Operation 20 'partselect' 'tmp_8' <Predicate = (icmp_ln284)> <Delay = 0.00>
ST_2 : Operation 21 [1/1] (1.48ns)   --->   "%icmp_ln284_10 = icmp_sgt  i31 %tmp_8, i31 0" [firmware/nnet_utils/nnet_conv_stream.h:284]   --->   Operation 21 'icmp' 'icmp_ln284_10' <Predicate = (icmp_ln284)> <Delay = 1.48> <CoreInst = "Cmp">   --->   Core 9 'Cmp' <Latency = 0> <II = 1> <Delay = 1.48> <FuncUnit> <Opcode : 'icmp'> <InPorts = 2> <OutPorts = 1>
ST_2 : Operation 22 [1/1] (0.00ns)   --->   "%tmp_9 = partselect i31 @_ssdm_op_PartSelect.i31.i32.i32.i32, i32 %pX_2_load, i32 1, i32 31" [firmware/nnet_utils/nnet_conv_stream.h:284]   --->   Operation 22 'partselect' 'tmp_9' <Predicate = (icmp_ln284)> <Delay = 0.00>
ST_2 : Operation 23 [1/1] (1.48ns)   --->   "%icmp_ln284_11 = icmp_sgt  i31 %tmp_9, i31 0" [firmware/nnet_utils/nnet_conv_stream.h:284]   --->   Operation 23 'icmp' 'icmp_ln284_11' <Predicate = (icmp_ln284)> <Delay = 1.48> <CoreInst = "Cmp">   --->   Core 9 'Cmp' <Latency = 0> <II = 1> <Delay = 1.48> <FuncUnit> <Opcode : 'icmp'> <InPorts = 2> <OutPorts = 1>
ST_2 : Operation 24 [1/1] (0.00ns) (grouped into LUT with out node and_ln284_3)   --->   "%and_ln284 = and i1 %icmp_ln284_10, i1 %icmp_ln284_11" [firmware/nnet_utils/nnet_conv_stream.h:284]   --->   Operation 24 'and' 'and_ln284' <Predicate = (icmp_ln284)> <Delay = 0.00> <CoreInst = "LogicGate">   --->   Core 74 'LogicGate' <Latency = 0> <II = 1> <Delay = 0.33> <FuncUnit> <Opcode : 'and' 'or' 'xor'> <InPorts = 2> <OutPorts = 1>
ST_2 : Operation 25 [1/1] (0.33ns) (out node of the LUT)   --->   "%and_ln284_3 = and i1 %and_ln284, i1 %icmp_ln284_7" [firmware/nnet_utils/nnet_conv_stream.h:284]   --->   Operation 25 'and' 'and_ln284_3' <Predicate = (icmp_ln284)> <Delay = 0.33> <CoreInst = "LogicGate">   --->   Core 74 'LogicGate' <Latency = 0> <II = 1> <Delay = 0.33> <FuncUnit> <Opcode : 'and' 'or' 'xor'> <InPorts = 2> <OutPorts = 1>
ST_2 : Operation 26 [1/1] (0.00ns)   --->   "%br_ln284 = br i1 %and_ln284_3, void %if.end, void %if.then" [firmware/nnet_utils/nnet_conv_stream.h:284]   --->   Operation 26 'br' 'br_ln284' <Predicate = (icmp_ln284)> <Delay = 0.00>
ST_2 : Operation 27 [2/2] (0.00ns)   --->   "%tmp = call i72 @dense_resource_rf_leq_nin<ap_fixed,ap_fixed<12,6,5,3,0>,config12_mult>, i210 %w12, i12 %void_compute_output_buffer_2d_array_const_ap_shift_reg_n_chan_stream_weig_29, i12 %void_compute_output_buffer_2d_array_const_ap_shift_reg_n_chan_stream_weig_28, i12 %void_compute_output_buffer_2d_array_const_ap_shift_reg_n_chan_stream_weig_27, i12 %void_compute_output_buffer_2d_array_const_ap_shift_reg_n_chan_stream_weig_26, i12 %void_compute_output_buffer_2d_array_const_ap_shift_reg_n_chan_stream_weig_25, i12 %void_compute_output_buffer_2d_array_const_ap_shift_reg_n_chan_stream_weig_24, i12 %void_compute_output_buffer_2d_array_const_ap_shift_reg_n_chan_stream_weig_23, i12 %void_compute_output_buffer_2d_array_const_ap_shift_reg_n_chan_stream_weig_22, i12 %void_compute_output_buffer_2d_array_const_ap_shift_reg_n_chan_stream_weig_21, i12 %void_compute_output_buffer_2d_array_const_ap_shift_reg_n_chan_stream_weig_20, i12 %p_ZZN4nnet24compute_output_buffer_2dINS_5arrayI8ap_fixedILi12ELi6EL9ap_q_mode5EL9_297, i12 %p_ZZN4nnet24compute_output_buffer_2dINS_5arrayI8ap_fixedILi12ELi6EL9ap_q_mode5EL9_298, i12 %p_ZZN4nnet24compute_output_buffer_2dINS_5arrayI8ap_fixedILi12ELi6EL9ap_q_mode5EL9_299, i12 %p_ZZN4nnet24compute_output_buffer_2dINS_5arrayI8ap_fixedILi12ELi6EL9ap_q_mode5EL9_300, i12 %p_ZZN4nnet24compute_output_buffer_2dINS_5arrayI8ap_fixedILi12ELi6EL9ap_q_mode5EL9_301, i12 %p_ZZN4nnet24compute_output_buffer_2dINS_5arrayI8ap_fixedILi12ELi6EL9ap_q_mode5EL9_302, i12 %p_ZZN4nnet24compute_output_buffer_2dINS_5arrayI8ap_fixedILi12ELi6EL9ap_q_mode5EL9_99, i12 %p_ZZN4nnet24compute_output_buffer_2dINS_5arrayI8ap_fixedILi12ELi6EL9ap_q_mode5EL9_98, i12 %p_ZZN4nnet24compute_output_buffer_2dINS_5arrayI8ap_fixedILi12ELi6EL9ap_q_mode5EL9_97, i12 %p_ZZN4nnet24compute_output_buffer_2dINS_5arrayI8ap_fixedILi12ELi6EL9ap_q_mode5EL9_96, i12 %p_ZZN4nnet24compute_output_buffer_2dINS_5arrayI8ap_fixedILi12ELi6EL9ap_q_mode5EL9_95, i12 %p_ZZN4nnet24compute_output_buffer_2dINS_5arrayI8ap_fixedILi12ELi6EL9ap_q_mode5EL9_94, i12 %p_ZZN4nnet24compute_output_buffer_2dINS_5arrayI8ap_fixedILi12ELi6EL9ap_q_mode5EL9_93, i12 %p_ZZN4nnet24compute_output_buffer_2dINS_5arrayI8ap_fixedILi12ELi6EL9ap_q_mode5EL9_92, i12 %p_ZZN4nnet24compute_output_buffer_2dINS_5arrayI8ap_fixedILi12ELi6EL9ap_q_mode5EL9_91, i12 %p_ZZN4nnet24compute_output_buffer_2dINS_5arrayI8ap_fixedILi12ELi6EL9ap_q_mode5EL9_90, i12 %p_ZZN4nnet24compute_output_buffer_2dINS_5arrayI8ap_fixedILi12ELi6EL9ap_q_mode5EL9_89, i12 %p_ZZN4nnet24compute_output_buffer_2dINS_5arrayI8ap_fixedILi12ELi6EL9ap_q_mode5EL9_88, i12 %p_ZZN4nnet24compute_output_buffer_2dINS_5arrayI8ap_fixedILi12ELi6EL9ap_q_mode5EL9_87, i12 %p_ZZN4nnet24compute_output_buffer_2dINS_5arrayI8ap_fixedILi12ELi6EL9ap_q_mode5EL9_86, i12 %p_ZZN4nnet24compute_output_buffer_2dINS_5arrayI8ap_fixedILi12ELi6EL9ap_q_mode5EL9_85, i12 %p_ZZN4nnet24compute_output_buffer_2dINS_5arrayI8ap_fixedILi12ELi6EL9ap_q_mode5EL9_84, i12 %p_ZZN4nnet24compute_output_buffer_2dINS_5arrayI8ap_fixedILi12ELi6EL9ap_q_mode5EL9_83, i12 %p_ZZN4nnet24compute_output_buffer_2dINS_5arrayI8ap_fixedILi12ELi6EL9ap_q_mode5EL9_82, i12 %p_ZZN4nnet24compute_output_buffer_2dINS_5arrayI8ap_fixedILi12ELi6EL9ap_q_mode5EL9_81, i12 %p_ZZN4nnet24compute_output_buffer_2dINS_5arrayI8ap_fixedILi12ELi6EL9ap_q_mode5EL9_80, i12 %p_ZZN4nnet24compute_output_buffer_2dINS_5arrayI8ap_fixedILi12ELi6EL9ap_q_mode5EL9_79, i12 %p_ZZN4nnet24compute_output_buffer_2dINS_5arrayI8ap_fixedILi12ELi6EL9ap_q_mode5EL9_78, i12 %p_ZZN4nnet24compute_output_buffer_2dINS_5arrayI8ap_fixedILi12ELi6EL9ap_q_mode5EL9_77, i12 %p_ZZN4nnet24compute_output_buffer_2dINS_5arrayI8ap_fixedILi12ELi6EL9ap_q_mode5EL9_76, i12 %p_ZZN4nnet24compute_output_buffer_2dINS_5arrayI8ap_fixedILi12ELi6EL9ap_q_mode5EL9_75, i12 %p_ZZN4nnet24compute_output_buffer_2dINS_5arrayI8ap_fixedILi12ELi6EL9ap_q_mode5EL9_74, i12 %p_ZZN4nnet24compute_output_buffer_2dINS_5arrayI8ap_fixedILi12ELi6EL9ap_q_mode5EL9_73, i12 %p_ZZN4nnet24compute_output_buffer_2dINS_5arrayI8ap_fixedILi12ELi6EL9ap_q_mode5EL9_72, i12 %p_ZZN4nnet24compute_output_buffer_2dINS_5arrayI8ap_fixedILi12ELi6EL9ap_q_mode5EL9_71, i12 %p_ZZN4nnet24compute_output_buffer_2dINS_5arrayI8ap_fixedILi12ELi6EL9ap_q_mode5EL9_70, i12 %p_ZZN4nnet24compute_output_buffer_2dINS_5arrayI8ap_fixedILi12ELi6EL9ap_q_mode5EL9_69, i12 %p_ZZN4nnet24compute_output_buffer_2dINS_5arrayI8ap_fixedILi12ELi6EL9ap_q_mode5EL9_68, i12 %p_ZZN4nnet24compute_output_buffer_2dINS_5arrayI8ap_fixedILi12ELi6EL9ap_q_mode5EL9_67, i12 %p_ZZN4nnet24compute_output_buffer_2dINS_5arrayI8ap_fixedILi12ELi6EL9ap_q_mode5EL9_66, i12 %p_ZZN4nnet24compute_output_buffer_2dINS_5arrayI8ap_fixedILi12ELi6EL9ap_q_mode5EL9_65, i12 %p_ZZN4nnet24compute_output_buffer_2dINS_5arrayI8ap_fixedILi12ELi6EL9ap_q_mode5EL9_64, i12 %p_ZZN4nnet24compute_output_buffer_2dINS_5arrayI8ap_fixedILi12ELi6EL9ap_q_mode5EL9_63, i12 %p_ZZN4nnet24compute_output_buffer_2dINS_5arrayI8ap_fixedILi12ELi6EL9ap_q_mode5EL9_62" [firmware/nnet_utils/nnet_dense.h:65->firmware/nnet_utils/nnet_conv_stream.h:288]   --->   Operation 27 'call' 'tmp' <Predicate = (icmp_ln284 & and_ln284_3)> <Delay = 0.00> <CoreType = "Generic">   --->   Core 0 '' <Latency = 0> <II = 1> <Delay = 1.00> <Generic> <Opcode : >

State 3 <SV = 2> <Delay = 2.45>
ST_3 : Operation 28 [1/2] (2.45ns)   --->   "%tmp = call i72 @dense_resource_rf_leq_nin<ap_fixed,ap_fixed<12,6,5,3,0>,config12_mult>, i210 %w12, i12 %void_compute_output_buffer_2d_array_const_ap_shift_reg_n_chan_stream_weig_29, i12 %void_compute_output_buffer_2d_array_const_ap_shift_reg_n_chan_stream_weig_28, i12 %void_compute_output_buffer_2d_array_const_ap_shift_reg_n_chan_stream_weig_27, i12 %void_compute_output_buffer_2d_array_const_ap_shift_reg_n_chan_stream_weig_26, i12 %void_compute_output_buffer_2d_array_const_ap_shift_reg_n_chan_stream_weig_25, i12 %void_compute_output_buffer_2d_array_const_ap_shift_reg_n_chan_stream_weig_24, i12 %void_compute_output_buffer_2d_array_const_ap_shift_reg_n_chan_stream_weig_23, i12 %void_compute_output_buffer_2d_array_const_ap_shift_reg_n_chan_stream_weig_22, i12 %void_compute_output_buffer_2d_array_const_ap_shift_reg_n_chan_stream_weig_21, i12 %void_compute_output_buffer_2d_array_const_ap_shift_reg_n_chan_stream_weig_20, i12 %p_ZZN4nnet24compute_output_buffer_2dINS_5arrayI8ap_fixedILi12ELi6EL9ap_q_mode5EL9_297, i12 %p_ZZN4nnet24compute_output_buffer_2dINS_5arrayI8ap_fixedILi12ELi6EL9ap_q_mode5EL9_298, i12 %p_ZZN4nnet24compute_output_buffer_2dINS_5arrayI8ap_fixedILi12ELi6EL9ap_q_mode5EL9_299, i12 %p_ZZN4nnet24compute_output_buffer_2dINS_5arrayI8ap_fixedILi12ELi6EL9ap_q_mode5EL9_300, i12 %p_ZZN4nnet24compute_output_buffer_2dINS_5arrayI8ap_fixedILi12ELi6EL9ap_q_mode5EL9_301, i12 %p_ZZN4nnet24compute_output_buffer_2dINS_5arrayI8ap_fixedILi12ELi6EL9ap_q_mode5EL9_302, i12 %p_ZZN4nnet24compute_output_buffer_2dINS_5arrayI8ap_fixedILi12ELi6EL9ap_q_mode5EL9_99, i12 %p_ZZN4nnet24compute_output_buffer_2dINS_5arrayI8ap_fixedILi12ELi6EL9ap_q_mode5EL9_98, i12 %p_ZZN4nnet24compute_output_buffer_2dINS_5arrayI8ap_fixedILi12ELi6EL9ap_q_mode5EL9_97, i12 %p_ZZN4nnet24compute_output_buffer_2dINS_5arrayI8ap_fixedILi12ELi6EL9ap_q_mode5EL9_96, i12 %p_ZZN4nnet24compute_output_buffer_2dINS_5arrayI8ap_fixedILi12ELi6EL9ap_q_mode5EL9_95, i12 %p_ZZN4nnet24compute_output_buffer_2dINS_5arrayI8ap_fixedILi12ELi6EL9ap_q_mode5EL9_94, i12 %p_ZZN4nnet24compute_output_buffer_2dINS_5arrayI8ap_fixedILi12ELi6EL9ap_q_mode5EL9_93, i12 %p_ZZN4nnet24compute_output_buffer_2dINS_5arrayI8ap_fixedILi12ELi6EL9ap_q_mode5EL9_92, i12 %p_ZZN4nnet24compute_output_buffer_2dINS_5arrayI8ap_fixedILi12ELi6EL9ap_q_mode5EL9_91, i12 %p_ZZN4nnet24compute_output_buffer_2dINS_5arrayI8ap_fixedILi12ELi6EL9ap_q_mode5EL9_90, i12 %p_ZZN4nnet24compute_output_buffer_2dINS_5arrayI8ap_fixedILi12ELi6EL9ap_q_mode5EL9_89, i12 %p_ZZN4nnet24compute_output_buffer_2dINS_5arrayI8ap_fixedILi12ELi6EL9ap_q_mode5EL9_88, i12 %p_ZZN4nnet24compute_output_buffer_2dINS_5arrayI8ap_fixedILi12ELi6EL9ap_q_mode5EL9_87, i12 %p_ZZN4nnet24compute_output_buffer_2dINS_5arrayI8ap_fixedILi12ELi6EL9ap_q_mode5EL9_86, i12 %p_ZZN4nnet24compute_output_buffer_2dINS_5arrayI8ap_fixedILi12ELi6EL9ap_q_mode5EL9_85, i12 %p_ZZN4nnet24compute_output_buffer_2dINS_5arrayI8ap_fixedILi12ELi6EL9ap_q_mode5EL9_84, i12 %p_ZZN4nnet24compute_output_buffer_2dINS_5arrayI8ap_fixedILi12ELi6EL9ap_q_mode5EL9_83, i12 %p_ZZN4nnet24compute_output_buffer_2dINS_5arrayI8ap_fixedILi12ELi6EL9ap_q_mode5EL9_82, i12 %p_ZZN4nnet24compute_output_buffer_2dINS_5arrayI8ap_fixedILi12ELi6EL9ap_q_mode5EL9_81, i12 %p_ZZN4nnet24compute_output_buffer_2dINS_5arrayI8ap_fixedILi12ELi6EL9ap_q_mode5EL9_80, i12 %p_ZZN4nnet24compute_output_buffer_2dINS_5arrayI8ap_fixedILi12ELi6EL9ap_q_mode5EL9_79, i12 %p_ZZN4nnet24compute_output_buffer_2dINS_5arrayI8ap_fixedILi12ELi6EL9ap_q_mode5EL9_78, i12 %p_ZZN4nnet24compute_output_buffer_2dINS_5arrayI8ap_fixedILi12ELi6EL9ap_q_mode5EL9_77, i12 %p_ZZN4nnet24compute_output_buffer_2dINS_5arrayI8ap_fixedILi12ELi6EL9ap_q_mode5EL9_76, i12 %p_ZZN4nnet24compute_output_buffer_2dINS_5arrayI8ap_fixedILi12ELi6EL9ap_q_mode5EL9_75, i12 %p_ZZN4nnet24compute_output_buffer_2dINS_5arrayI8ap_fixedILi12ELi6EL9ap_q_mode5EL9_74, i12 %p_ZZN4nnet24compute_output_buffer_2dINS_5arrayI8ap_fixedILi12ELi6EL9ap_q_mode5EL9_73, i12 %p_ZZN4nnet24compute_output_buffer_2dINS_5arrayI8ap_fixedILi12ELi6EL9ap_q_mode5EL9_72, i12 %p_ZZN4nnet24compute_output_buffer_2dINS_5arrayI8ap_fixedILi12ELi6EL9ap_q_mode5EL9_71, i12 %p_ZZN4nnet24compute_output_buffer_2dINS_5arrayI8ap_fixedILi12ELi6EL9ap_q_mode5EL9_70, i12 %p_ZZN4nnet24compute_output_buffer_2dINS_5arrayI8ap_fixedILi12ELi6EL9ap_q_mode5EL9_69, i12 %p_ZZN4nnet24compute_output_buffer_2dINS_5arrayI8ap_fixedILi12ELi6EL9ap_q_mode5EL9_68, i12 %p_ZZN4nnet24compute_output_buffer_2dINS_5arrayI8ap_fixedILi12ELi6EL9ap_q_mode5EL9_67, i12 %p_ZZN4nnet24compute_output_buffer_2dINS_5arrayI8ap_fixedILi12ELi6EL9ap_q_mode5EL9_66, i12 %p_ZZN4nnet24compute_output_buffer_2dINS_5arrayI8ap_fixedILi12ELi6EL9ap_q_mode5EL9_65, i12 %p_ZZN4nnet24compute_output_buffer_2dINS_5arrayI8ap_fixedILi12ELi6EL9ap_q_mode5EL9_64, i12 %p_ZZN4nnet24compute_output_buffer_2dINS_5arrayI8ap_fixedILi12ELi6EL9ap_q_mode5EL9_63, i12 %p_ZZN4nnet24compute_output_buffer_2dINS_5arrayI8ap_fixedILi12ELi6EL9ap_q_mode5EL9_62" [firmware/nnet_utils/nnet_dense.h:65->firmware/nnet_utils/nnet_conv_stream.h:288]   --->   Operation 28 'call' 'tmp' <Predicate = true> <Delay = 2.45> <CoreType = "Generic">   --->   Core 0 '' <Latency = 0> <II = 1> <Delay = 1.00> <Generic> <Opcode : >
ST_3 : Operation 29 [1/1] (0.00ns)   --->   "%res_out = extractvalue i72 %tmp" [firmware/nnet_utils/nnet_dense.h:65->firmware/nnet_utils/nnet_conv_stream.h:288]   --->   Operation 29 'extractvalue' 'res_out' <Predicate = true> <Delay = 0.00>
ST_3 : Operation 30 [1/1] (0.00ns)   --->   "%res_out_1 = extractvalue i72 %tmp" [firmware/nnet_utils/nnet_dense.h:65->firmware/nnet_utils/nnet_conv_stream.h:288]   --->   Operation 30 'extractvalue' 'res_out_1' <Predicate = true> <Delay = 0.00>
ST_3 : Operation 31 [1/1] (0.00ns)   --->   "%res_out_2 = extractvalue i72 %tmp" [firmware/nnet_utils/nnet_dense.h:65->firmware/nnet_utils/nnet_conv_stream.h:288]   --->   Operation 31 'extractvalue' 'res_out_2' <Predicate = true> <Delay = 0.00>
ST_3 : Operation 32 [1/1] (0.00ns)   --->   "%res_out_3 = extractvalue i72 %tmp" [firmware/nnet_utils/nnet_dense.h:65->firmware/nnet_utils/nnet_conv_stream.h:288]   --->   Operation 32 'extractvalue' 'res_out_3' <Predicate = true> <Delay = 0.00>
ST_3 : Operation 33 [1/1] (0.00ns)   --->   "%res_out_4 = extractvalue i72 %tmp" [firmware/nnet_utils/nnet_dense.h:65->firmware/nnet_utils/nnet_conv_stream.h:288]   --->   Operation 33 'extractvalue' 'res_out_4' <Predicate = true> <Delay = 0.00>
ST_3 : Operation 34 [1/1] (0.00ns)   --->   "%res_out_5 = extractvalue i72 %tmp" [firmware/nnet_utils/nnet_dense.h:65->firmware/nnet_utils/nnet_conv_stream.h:288]   --->   Operation 34 'extractvalue' 'res_out_5' <Predicate = true> <Delay = 0.00>

State 4 <SV = 3> <Delay = 3.84>
ST_4 : Operation 35 [1/1] (0.00ns)   --->   "%p_0 = bitconcatenate i72 @_ssdm_op_BitConcatenate.i72.i12.i12.i12.i12.i12.i12, i12 %res_out_5, i12 %res_out_4, i12 %res_out_3, i12 %res_out_2, i12 %res_out_1, i12 %res_out" [firmware/nnet_utils/nnet_conv_stream.h:299]   --->   Operation 35 'bitconcatenate' 'p_0' <Predicate = (icmp_ln284 & and_ln284_3)> <Delay = 0.00>
ST_4 : Operation 36 [1/1] (1.82ns)   --->   "%write_ln299 = write void @_ssdm_op_Write.ap_fifo.volatile.i72P0A, i72 %layer12_out, i72 %p_0" [firmware/nnet_utils/nnet_conv_stream.h:299]   --->   Operation 36 'write' 'write_ln299' <Predicate = (icmp_ln284 & and_ln284_3)> <Delay = 1.82> <CoreInst = "FIFO">   --->   Core 78 'FIFO' <Latency = 0> <II = 1> <Delay = 2.16> <Storage> <Opcode : 'read' 'write' 'nbread' 'nbwrite'> <Ports = 0> <Width = 72> <Depth = 4096> <FIFO>
ST_4 : Operation 37 [1/1] (0.00ns)   --->   "%br_ln300 = br void %if.end" [firmware/nnet_utils/nnet_conv_stream.h:300]   --->   Operation 37 'br' 'br_ln300' <Predicate = (icmp_ln284 & and_ln284_3)> <Delay = 0.00>
ST_4 : Operation 38 [1/1] (1.48ns)   --->   "%add_ln303 = add i32 %pX_2_load, i32 1" [firmware/nnet_utils/nnet_conv_stream.h:303]   --->   Operation 38 'add' 'add_ln303' <Predicate = true> <Delay = 1.48> <CoreInst = "Adder">   --->   Core 1 'Adder' <Latency = 0> <II = 1> <Delay = 1.48> <FuncUnit> <Opcode : 'add' 'sub'> <InPorts = 2> <OutPorts = 1>
ST_4 : Operation 39 [1/1] (1.48ns)   --->   "%icmp_ln303 = icmp_eq  i32 %add_ln303, i32 66" [firmware/nnet_utils/nnet_conv_stream.h:303]   --->   Operation 39 'icmp' 'icmp_ln303' <Predicate = true> <Delay = 1.48> <CoreInst = "Cmp">   --->   Core 9 'Cmp' <Latency = 0> <II = 1> <Delay = 1.48> <FuncUnit> <Opcode : 'icmp'> <InPorts = 2> <OutPorts = 1>
ST_4 : Operation 40 [1/1] (0.00ns)   --->   "%br_ln303 = br i1 %icmp_ln303, void %if.else20, void %if.then9" [firmware/nnet_utils/nnet_conv_stream.h:303]   --->   Operation 40 'br' 'br_ln303' <Predicate = true> <Delay = 0.00>
ST_4 : Operation 41 [1/1] (0.53ns)   --->   "%store_ln316 = store i32 %add_ln303, i32 %pX_2" [firmware/nnet_utils/nnet_conv_stream.h:316]   --->   Operation 41 'store' 'store_ln316' <Predicate = (!icmp_ln303)> <Delay = 0.53>
ST_4 : Operation 42 [1/1] (1.48ns)   --->   "%add_ln318 = add i32 %sX_2_load, i32 1" [firmware/nnet_utils/nnet_conv_stream.h:318]   --->   Operation 42 'add' 'add_ln318' <Predicate = (!icmp_ln284 & !icmp_ln303)> <Delay = 1.48> <CoreInst = "Adder">   --->   Core 1 'Adder' <Latency = 0> <II = 1> <Delay = 1.48> <FuncUnit> <Opcode : 'add' 'sub'> <InPorts = 2> <OutPorts = 1>
ST_4 : Operation 43 [1/1] (0.44ns)   --->   "%select_ln318 = select i1 %icmp_ln284, i32 2, i32 %add_ln318" [firmware/nnet_utils/nnet_conv_stream.h:318]   --->   Operation 43 'select' 'select_ln318' <Predicate = (!icmp_ln303)> <Delay = 0.44> <CoreInst = "Sel">   --->   Core 73 'Sel' <Latency = 0> <II = 1> <Delay = 0.44> <FuncUnit> <Opcode : 'select'> <InPorts = 3> <OutPorts = 1>
ST_4 : Operation 44 [1/1] (0.53ns)   --->   "%store_ln318 = store i32 %select_ln318, i32 %sX_2" [firmware/nnet_utils/nnet_conv_stream.h:318]   --->   Operation 44 'store' 'store_ln318' <Predicate = (!icmp_ln303)> <Delay = 0.53>
ST_4 : Operation 45 [1/1] (0.00ns)   --->   "%br_ln0 = br void %if.end31"   --->   Operation 45 'br' 'br_ln0' <Predicate = (!icmp_ln303)> <Delay = 0.00>
ST_4 : Operation 46 [1/1] (0.53ns)   --->   "%store_ln305 = store i32 0, i32 %pX_2" [firmware/nnet_utils/nnet_conv_stream.h:305]   --->   Operation 46 'store' 'store_ln305' <Predicate = (icmp_ln303)> <Delay = 0.53>
ST_4 : Operation 47 [1/1] (0.53ns)   --->   "%store_ln306 = store i32 0, i32 %sX_2" [firmware/nnet_utils/nnet_conv_stream.h:306]   --->   Operation 47 'store' 'store_ln306' <Predicate = (icmp_ln303)> <Delay = 0.53>
ST_4 : Operation 48 [1/1] (1.48ns)   --->   "%add_ln307 = add i32 %pY_2_load, i32 1" [firmware/nnet_utils/nnet_conv_stream.h:307]   --->   Operation 48 'add' 'add_ln307' <Predicate = (icmp_ln303)> <Delay = 1.48> <CoreInst = "Adder">   --->   Core 1 'Adder' <Latency = 0> <II = 1> <Delay = 1.48> <FuncUnit> <Opcode : 'add' 'sub'> <InPorts = 2> <OutPorts = 1>
ST_4 : Operation 49 [1/1] (1.48ns)   --->   "%icmp_ln307 = icmp_eq  i32 %add_ln307, i32 66" [firmware/nnet_utils/nnet_conv_stream.h:307]   --->   Operation 49 'icmp' 'icmp_ln307' <Predicate = (icmp_ln303)> <Delay = 1.48> <CoreInst = "Cmp">   --->   Core 9 'Cmp' <Latency = 0> <II = 1> <Delay = 1.48> <FuncUnit> <Opcode : 'icmp'> <InPorts = 2> <OutPorts = 1>
ST_4 : Operation 50 [1/1] (0.00ns)   --->   "%br_ln307 = br i1 %icmp_ln307, void %if.else, void %if.then12" [firmware/nnet_utils/nnet_conv_stream.h:307]   --->   Operation 50 'br' 'br_ln307' <Predicate = (icmp_ln303)> <Delay = 0.00>
ST_4 : Operation 51 [1/1] (0.53ns)   --->   "%store_ln311 = store i32 %add_ln307, i32 %pY_2" [firmware/nnet_utils/nnet_conv_stream.h:311]   --->   Operation 51 'store' 'store_ln311' <Predicate = (icmp_ln303 & !icmp_ln307)> <Delay = 0.53>
ST_4 : Operation 52 [1/1] (1.48ns)   --->   "%icmp_ln313 = icmp_eq  i32 %sY_2_load, i32 2" [firmware/nnet_utils/nnet_conv_stream.h:313]   --->   Operation 52 'icmp' 'icmp_ln313' <Predicate = (icmp_ln303 & !icmp_ln307)> <Delay = 1.48> <CoreInst = "Cmp">   --->   Core 9 'Cmp' <Latency = 0> <II = 1> <Delay = 1.48> <FuncUnit> <Opcode : 'icmp'> <InPorts = 2> <OutPorts = 1>
ST_4 : Operation 53 [1/1] (1.48ns)   --->   "%add_ln313 = add i32 %sY_2_load, i32 1" [firmware/nnet_utils/nnet_conv_stream.h:313]   --->   Operation 53 'add' 'add_ln313' <Predicate = (icmp_ln303 & !icmp_ln307)> <Delay = 1.48> <CoreInst = "Adder">   --->   Core 1 'Adder' <Latency = 0> <II = 1> <Delay = 1.48> <FuncUnit> <Opcode : 'add' 'sub'> <InPorts = 2> <OutPorts = 1>
ST_4 : Operation 54 [1/1] (0.44ns)   --->   "%select_ln313 = select i1 %icmp_ln313, i32 2, i32 %add_ln313" [firmware/nnet_utils/nnet_conv_stream.h:313]   --->   Operation 54 'select' 'select_ln313' <Predicate = (icmp_ln303 & !icmp_ln307)> <Delay = 0.44> <CoreInst = "Sel">   --->   Core 73 'Sel' <Latency = 0> <II = 1> <Delay = 0.44> <FuncUnit> <Opcode : 'select'> <InPorts = 3> <OutPorts = 1>
ST_4 : Operation 55 [1/1] (0.53ns)   --->   "%br_ln0 = br void %if.end19"   --->   Operation 55 'br' 'br_ln0' <Predicate = (icmp_ln303 & !icmp_ln307)> <Delay = 0.53>
ST_4 : Operation 56 [1/1] (0.53ns)   --->   "%store_ln308 = store i32 0, i32 %pY_2" [firmware/nnet_utils/nnet_conv_stream.h:308]   --->   Operation 56 'store' 'store_ln308' <Predicate = (icmp_ln303 & icmp_ln307)> <Delay = 0.53>
ST_4 : Operation 57 [1/1] (0.53ns)   --->   "%br_ln310 = br void %if.end19" [firmware/nnet_utils/nnet_conv_stream.h:310]   --->   Operation 57 'br' 'br_ln310' <Predicate = (icmp_ln303 & icmp_ln307)> <Delay = 0.53>
ST_4 : Operation 58 [1/1] (0.00ns)   --->   "%storemerge = phi i32 %select_ln313, void %if.else, i32 0, void %if.then12" [firmware/nnet_utils/nnet_conv_stream.h:313]   --->   Operation 58 'phi' 'storemerge' <Predicate = (icmp_ln303)> <Delay = 0.00>
ST_4 : Operation 59 [1/1] (0.00ns)   --->   "%store_ln309 = store i32 %storemerge, i32 %sY_2" [firmware/nnet_utils/nnet_conv_stream.h:309]   --->   Operation 59 'store' 'store_ln309' <Predicate = (icmp_ln303)> <Delay = 0.00>
ST_4 : Operation 60 [1/1] (0.00ns)   --->   "%br_ln315 = br void %if.end31" [firmware/nnet_utils/nnet_conv_stream.h:315]   --->   Operation 60 'br' 'br_ln315' <Predicate = (icmp_ln303)> <Delay = 0.00>
ST_4 : Operation 61 [1/1] (0.00ns)   --->   "%ret_ln320 = ret" [firmware/nnet_utils/nnet_conv_stream.h:320]   --->   Operation 61 'ret' 'ret_ln320' <Predicate = true> <Delay = 0.00>


============================================================
+ Verbose Summary: Timing violations
============================================================
Target clock period: 5.000ns, clock uncertainty: 1.350ns.

 <State 1>: 1.154ns
The critical path consists of the following:
	wire read operation ('p_read511') on port 'p_read5' [80]  (0.000 ns)
	'call' operation 0 bit ('call_ln281', firmware/nnet_utils/nnet_conv_stream.h:281) to 'shift_line_buffer<array<ap_fixed<12, 6, 5, 3, 0>, 6u>, config12>' [86]  (1.154 ns)

 <State 2>: 2.160ns
The critical path consists of the following:
	'load' operation 32 bit ('sY_2_load', firmware/nnet_utils/nnet_conv_stream.h:284) on static variable 'sY_2' [89]  (0.000 ns)
	'icmp' operation 1 bit ('icmp_ln284_7', firmware/nnet_utils/nnet_conv_stream.h:284) [94]  (1.486 ns)
	'and' operation 1 bit ('and_ln284_3', firmware/nnet_utils/nnet_conv_stream.h:284) [100]  (0.337 ns)
	blocking operation 0.337 ns on control path)

 <State 3>: 2.458ns
The critical path consists of the following:
	'call' operation 72 bit ('tmp', firmware/nnet_utils/nnet_dense.h:65->firmware/nnet_utils/nnet_conv_stream.h:288) to 'dense_resource_rf_leq_nin<ap_fixed,ap_fixed<12,6,5,3,0>,config12_mult>' [103]  (2.458 ns)

 <State 4>: 3.847ns
The critical path consists of the following:
	'add' operation 32 bit ('add_ln303', firmware/nnet_utils/nnet_conv_stream.h:303) [114]  (1.486 ns)
	'icmp' operation 1 bit ('icmp_ln303', firmware/nnet_utils/nnet_conv_stream.h:303) [115]  (1.486 ns)
	'store' operation 0 bit ('store_ln316', firmware/nnet_utils/nnet_conv_stream.h:316) of variable 'add_ln303', firmware/nnet_utils/nnet_conv_stream.h:303 on static variable 'pX_2' [118]  (0.538 ns)
	blocking operation 0.337 ns on control path)


============================================================
+ Verbose Summary: Binding
============================================================
N/A
* FSMD analyzer results:
  - Output states:
 - Input state : 
  - Chain level:
	State 1
	State 2
	State 3
	State 4


============================================================
+ Verbose Summary: Datapath Resource usage 
============================================================
N/A
