

================================================================
== Vitis HLS Report for 'compute_output_buffer_2d_array_array_ap_fixed_16_6_5_3_0_4u_config5_s'
================================================================
* Date:           Thu Apr 23 22:46:29 2026

* Version:        2025.2 (Build 6295257 on Nov 14 2025)
* Project:        folo_prj
* Solution:       solution1 (Vivado IP Flow Target)
* Product family: kintexu
* Target device:  xcku035-fbva676-2-e


================================================================
== Performance Estimates
================================================================
+ Timing: 
    * Summary: 
    +--------+---------+----------+------------+
    |  Clock |  Target | Estimated| Uncertainty|
    +--------+---------+----------+------------+
    |ap_clk  |  5.00 ns|  3.570 ns|     1.35 ns|
    +--------+---------+----------+------------+

+ Latency: 
    * Summary: 
    +---------+---------+-----------+-----------+-----+-----+---------+
    |  Latency (cycles) |   Latency (absolute)  |  Interval | Pipeline|
    |   min   |   max   |    min    |    max    | min | max |   Type  |
    +---------+---------+-----------+-----------+-----+-----+---------+
    |        6|        6|  30.000 ns|  30.000 ns|    6|    6|      yes|
    +---------+---------+-----------+-----------+-----+-----+---------+

    + Detail: 
        * Instance: 
        N/A

        * Loop: 
        N/A

============================================================
+ Verbose Summary: Synthesis Manager
============================================================
InlineROM: 1
ExposeGlobal: 0
============================================================
+ Verbose Summary: CDFG Model
============================================================
IsTopModel: 0
ResetActiveHigh: 1
IsCombinational: 0
IsDatapathOnly: 0
HasWiredReturn: 1
HasMFsm: 2
HasVarLatency: 0
IsPipeline: 1
IsRtlPipelined: 1
IsInstanceOverlapped: 0
IsDontTouch: 0
HasImplIP: 0
IsGatedGlobalClock: 0

+ Individual pipeline summary: 
  * Pipeline-0: initiation interval (II) = 6, depth = 7


============================================================
+ Verbose Summary: Schedule
============================================================
* Number of FSM states : 7
* Pipeline : 1
  Pipeline-0 : II = 6, D = 7, States = { 1 2 3 4 5 6 7 }
* Dataflow Pipeline: 0

* FSM state transitions: 
1 --> 2 
2 --> 3 
3 --> 4 
4 --> 5 
5 --> 6 
6 --> 7 
7 --> 

* FSM state operations: 

State 1 <SV = 0> <Delay = 3.51>
ST_1 : Operation 8 [1/1] (0.00ns)   --->   "%p_read37 = read i16 @_ssdm_op_Read.ap_auto.i16, i16 %p_read3"   --->   Operation 8 'read' 'p_read37' <Predicate = true> <Delay = 0.00>
ST_1 : Operation 9 [1/1] (0.00ns)   --->   "%p_read26 = read i16 @_ssdm_op_Read.ap_auto.i16, i16 %p_read2"   --->   Operation 9 'read' 'p_read26' <Predicate = true> <Delay = 0.00>
ST_1 : Operation 10 [1/1] (0.00ns)   --->   "%p_read15 = read i16 @_ssdm_op_Read.ap_auto.i16, i16 %p_read1"   --->   Operation 10 'read' 'p_read15' <Predicate = true> <Delay = 0.00>
ST_1 : Operation 11 [1/1] (0.00ns)   --->   "%p_read_31 = read i16 @_ssdm_op_Read.ap_auto.i16, i16 %p_read"   --->   Operation 11 'read' 'p_read_31' <Predicate = true> <Delay = 0.00>
ST_1 : Operation 12 [1/1] (1.15ns)   --->   "%call_ln281 = call void @shift_line_buffer<array<ap_fixed<16, 6, 5, 3, 0>, 4u>, config5>, i16 %p_read_31, i16 %p_read15, i16 %p_read26, i16 %p_read37, i16 %void_compute_output_buffer_2d_array_const_ap_shift_reg_n_chan_stream_weig_45, i16 %void_compute_output_buffer_2d_array_const_ap_shift_reg_n_chan_stream_weig_49, i16 %void_compute_output_buffer_2d_array_const_ap_shift_reg_n_chan_stream_weig_44, i16 %void_compute_output_buffer_2d_array_const_ap_shift_reg_n_chan_stream_weig_48, i16 %void_compute_output_buffer_2d_array_const_ap_shift_reg_n_chan_stream_weig_43, i16 %void_compute_output_buffer_2d_array_const_ap_shift_reg_n_chan_stream_weig_47, i16 %void_compute_output_buffer_2d_array_const_ap_shift_reg_n_chan_stream_weig_42, i16 %void_compute_output_buffer_2d_array_const_ap_shift_reg_n_chan_stream_weig_46, i16 %p_ZZN4nnet24compute_output_buffer_2dINS_5arrayI8ap_fixedILi16ELi6EL9ap_q_mode5EL9_233, i16 %p_ZZN4nnet24compute_output_buffer_2dINS_5arrayI8ap_fixedILi16ELi6EL9ap_q_mode5EL9_229, i16 %p_ZZN4nnet24compute_output_buffer_2dINS_5arrayI8ap_fixedILi16ELi6EL9ap_q_mode5EL9_234, i16 %p_ZZN4nnet24compute_output_buffer_2dINS_5arrayI8ap_fixedILi16ELi6EL9ap_q_mode5EL9_230, i16 %p_ZZN4nnet24compute_output_buffer_2dINS_5arrayI8ap_fixedILi16ELi6EL9ap_q_mode5EL9_235, i16 %p_ZZN4nnet24compute_output_buffer_2dINS_5arrayI8ap_fixedILi16ELi6EL9ap_q_mode5EL9_231, i16 %p_ZZN4nnet24compute_output_buffer_2dINS_5arrayI8ap_fixedILi16ELi6EL9ap_q_mode5EL9_236, i16 %p_ZZN4nnet24compute_output_buffer_2dINS_5arrayI8ap_fixedILi16ELi6EL9ap_q_mode5EL9_232, i16 %p_ZZN4nnet24compute_output_buffer_2dINS_5arrayI8ap_fixedILi16ELi6EL9ap_q_mode5EL9_245, i16 %p_ZZN4nnet24compute_output_buffer_2dINS_5arrayI8ap_fixedILi16ELi6EL9ap_q_mode5EL9_241, i16 %p_ZZN4nnet24compute_output_buffer_2dINS_5arrayI8ap_fixedILi16ELi6EL9ap_q_mode5EL9_246, i16 %p_ZZN4nnet24compute_output_buffer_2dINS_5arrayI8ap_fixedILi16ELi6EL9ap_q_mode5EL9_242, i16 %p_ZZN4nnet24compute_output_buffer_2dINS_5arrayI8ap_fixedILi16ELi6EL9ap_q_mode5EL9_247, i16 %p_ZZN4nnet24compute_output_buffer_2dINS_5arrayI8ap_fixedILi16ELi6EL9ap_q_mode5EL9_243, i16 %p_ZZN4nnet24compute_output_buffer_2dINS_5arrayI8ap_fixedILi16ELi6EL9ap_q_mode5EL9_248, i16 %p_ZZN4nnet24compute_output_buffer_2dINS_5arrayI8ap_fixedILi16ELi6EL9ap_q_mode5EL9_244, i16 %void_compute_output_buffer_2d_array_const_ap_shift_reg_n_chan_stream_weig_41, i16 %void_compute_output_buffer_2d_array_const_ap_shift_reg_n_chan_stream_weig_40, i16 %p_ZZN4nnet24compute_output_buffer_2dINS_5arrayI8ap_fixedILi16ELi6EL9ap_q_mode5EL9_227, i16 %p_ZZN4nnet24compute_output_buffer_2dINS_5arrayI8ap_fixedILi16ELi6EL9ap_q_mode5EL9_228, i16 %p_ZZN4nnet24compute_output_buffer_2dINS_5arrayI8ap_fixedILi16ELi6EL9ap_q_mode5EL9_237, i16 %p_ZZN4nnet24compute_output_buffer_2dINS_5arrayI8ap_fixedILi16ELi6EL9ap_q_mode5EL9_238, i16 %p_ZZN4nnet24compute_output_buffer_2dINS_5arrayI8ap_fixedILi16ELi6EL9ap_q_mode5EL9_239, i16 %p_ZZN4nnet24compute_output_buffer_2dINS_5arrayI8ap_fixedILi16ELi6EL9ap_q_mode5EL9_240, i16 %p_ZZN4nnet24compute_output_buffer_2dINS_5arrayI8ap_fixedILi16ELi6EL9ap_q_mode5EL9_249, i16 %p_ZZN4nnet24compute_output_buffer_2dINS_5arrayI8ap_fixedILi16ELi6EL9ap_q_mode5EL9_250, i16 %p_ZZN4nnet24compute_output_buffer_2dINS_5arrayI8ap_fixedILi16ELi6EL9ap_q_mode5EL9_251, i16 %p_ZZN4nnet24compute_output_buffer_2dINS_5arrayI8ap_fixedILi16ELi6EL9ap_q_mode5EL9_252, i16 %p_ZZN4nnet25conv_2d_buffer_latency_clINS_5arrayI8ap_fixedILi16ELi6EL9ap_q_mode5EL_47, i16 %p_ZZN4nnet25conv_2d_buffer_latency_clINS_5arrayI8ap_fixedILi16ELi6EL9ap_q_mode5EL_43, i16 %p_ZZN4nnet25conv_2d_buffer_latency_clINS_5arrayI8ap_fixedILi16ELi6EL9ap_q_mode5EL_46, i16 %p_ZZN4nnet25conv_2d_buffer_latency_clINS_5arrayI8ap_fixedILi16ELi6EL9ap_q_mode5EL_42, i16 %p_ZZN4nnet25conv_2d_buffer_latency_clINS_5arrayI8ap_fixedILi16ELi6EL9ap_q_mode5EL_45, i16 %p_ZZN4nnet25conv_2d_buffer_latency_clINS_5arrayI8ap_fixedILi16ELi6EL9ap_q_mode5EL_41, i16 %p_ZZN4nnet25conv_2d_buffer_latency_clINS_5arrayI8ap_fixedILi16ELi6EL9ap_q_mode5EL_44, i16 %p_ZZN4nnet25conv_2d_buffer_latency_clINS_5arrayI8ap_fixedILi16ELi6EL9ap_q_mode5EL_40" [firmware/nnet_utils/nnet_conv_stream.h:281]   --->   Operation 12 'call' 'call_ln281' <Predicate = true> <Delay = 1.15> <CoreType = "Generic">   --->   Generic Core
ST_1 : Operation 13 [1/1] (0.00ns)   --->   "%sX_4_load = load i32 %sX_4" [firmware/nnet_utils/nnet_conv_stream.h:284]   --->   Operation 13 'load' 'sX_4_load' <Predicate = true> <Delay = 0.00>
ST_1 : Operation 14 [1/1] (1.48ns)   --->   "%icmp_ln284 = icmp_eq  i32 %sX_4_load, i32 2" [firmware/nnet_utils/nnet_conv_stream.h:284]   --->   Operation 14 'icmp' 'icmp_ln284' <Predicate = true> <Delay = 1.48> <CoreInst = "Cmp">   --->   Core 9 'Cmp' <Latency = 0> <II = 1> <Delay = 1.48> <FuncUnit> <Opcode : 'seteq' 'setne' 'setle' 'setge' 'setlt' 'setgt'> <InPorts = 2> <OutPorts = 1>
ST_1 : Operation 15 [1/1] (0.00ns)   --->   "%pY_4_load = load i32 %pY_4" [firmware/nnet_utils/nnet_conv_stream.h:284]   --->   Operation 15 'load' 'pY_4_load' <Predicate = true> <Delay = 0.00>
ST_1 : Operation 16 [1/1] (0.00ns)   --->   "%pX_4_load = load i32 %pX_4" [firmware/nnet_utils/nnet_conv_stream.h:284]   --->   Operation 16 'load' 'pX_4_load' <Predicate = true> <Delay = 0.00>
ST_1 : Operation 17 [1/1] (0.00ns)   --->   "%br_ln284 = br i1 %icmp_ln284, void %if.end, void %land.lhs.true" [firmware/nnet_utils/nnet_conv_stream.h:284]   --->   Operation 17 'br' 'br_ln284' <Predicate = true> <Delay = 0.00>
ST_1 : Operation 18 [1/1] (0.00ns)   --->   "%tmp_531 = partselect i31 @_ssdm_op_PartSelect.i31.i32.i32.i32, i32 %pY_4_load, i32 1, i32 31" [firmware/nnet_utils/nnet_conv_stream.h:284]   --->   Operation 18 'partselect' 'tmp_531' <Predicate = (icmp_ln284)> <Delay = 0.00>
ST_1 : Operation 19 [1/1] (1.48ns)   --->   "%icmp_ln284_12 = icmp_sgt  i31 %tmp_531, i31 0" [firmware/nnet_utils/nnet_conv_stream.h:284]   --->   Operation 19 'icmp' 'icmp_ln284_12' <Predicate = (icmp_ln284)> <Delay = 1.48> <CoreInst = "Cmp">   --->   Core 9 'Cmp' <Latency = 0> <II = 1> <Delay = 1.48> <FuncUnit> <Opcode : 'seteq' 'setne' 'setle' 'setge' 'setlt' 'setgt'> <InPorts = 2> <OutPorts = 1>
ST_1 : Operation 20 [1/1] (0.00ns)   --->   "%tmp_532 = partselect i31 @_ssdm_op_PartSelect.i31.i32.i32.i32, i32 %pX_4_load, i32 1, i32 31" [firmware/nnet_utils/nnet_conv_stream.h:284]   --->   Operation 20 'partselect' 'tmp_532' <Predicate = (icmp_ln284)> <Delay = 0.00>
ST_1 : Operation 21 [1/1] (1.48ns)   --->   "%icmp_ln284_13 = icmp_sgt  i31 %tmp_532, i31 0" [firmware/nnet_utils/nnet_conv_stream.h:284]   --->   Operation 21 'icmp' 'icmp_ln284_13' <Predicate = (icmp_ln284)> <Delay = 1.48> <CoreInst = "Cmp">   --->   Core 9 'Cmp' <Latency = 0> <II = 1> <Delay = 1.48> <FuncUnit> <Opcode : 'seteq' 'setne' 'setle' 'setge' 'setlt' 'setgt'> <InPorts = 2> <OutPorts = 1>
ST_1 : Operation 22 [1/1] (1.48ns)   --->   "%add_ln303 = add i32 %pX_4_load, i32 1" [firmware/nnet_utils/nnet_conv_stream.h:303]   --->   Operation 22 'add' 'add_ln303' <Predicate = true> <Delay = 1.48> <CoreInst = "Adder">   --->   Core 1 'Adder' <Latency = 0> <II = 1> <Delay = 1.48> <FuncUnit> <Opcode : 'add' 'sub'> <InPorts = 2> <OutPorts = 1>
ST_1 : Operation 23 [1/1] (1.48ns)   --->   "%icmp_ln303 = icmp_eq  i32 %add_ln303, i32 130" [firmware/nnet_utils/nnet_conv_stream.h:303]   --->   Operation 23 'icmp' 'icmp_ln303' <Predicate = true> <Delay = 1.48> <CoreInst = "Cmp">   --->   Core 9 'Cmp' <Latency = 0> <II = 1> <Delay = 1.48> <FuncUnit> <Opcode : 'seteq' 'setne' 'setle' 'setge' 'setlt' 'setgt'> <InPorts = 2> <OutPorts = 1>
ST_1 : Operation 24 [1/1] (0.00ns)   --->   "%br_ln303 = br i1 %icmp_ln303, void %if.else20, void %if.then9" [firmware/nnet_utils/nnet_conv_stream.h:303]   --->   Operation 24 'br' 'br_ln303' <Predicate = true> <Delay = 0.00>
ST_1 : Operation 25 [1/1] (0.53ns)   --->   "%store_ln316 = store i32 %add_ln303, i32 %pX_4" [firmware/nnet_utils/nnet_conv_stream.h:316]   --->   Operation 25 'store' 'store_ln316' <Predicate = (!icmp_ln303)> <Delay = 0.53>
ST_1 : Operation 26 [1/1] (1.48ns)   --->   "%add_ln318 = add i32 %sX_4_load, i32 1" [firmware/nnet_utils/nnet_conv_stream.h:318]   --->   Operation 26 'add' 'add_ln318' <Predicate = (!icmp_ln303)> <Delay = 1.48> <CoreInst = "Adder">   --->   Core 1 'Adder' <Latency = 0> <II = 1> <Delay = 1.48> <FuncUnit> <Opcode : 'add' 'sub'> <InPorts = 2> <OutPorts = 1>
ST_1 : Operation 27 [1/1] (0.44ns)   --->   "%select_ln318 = select i1 %icmp_ln284, i32 2, i32 %add_ln318" [firmware/nnet_utils/nnet_conv_stream.h:318]   --->   Operation 27 'select' 'select_ln318' <Predicate = (!icmp_ln303)> <Delay = 0.44> <CoreInst = "Sel">   --->   Core 73 'Sel' <Latency = 0> <II = 1> <Delay = 0.44> <FuncUnit> <Opcode : 'select'> <InPorts = 3> <OutPorts = 1>
ST_1 : Operation 28 [1/1] (0.53ns)   --->   "%store_ln318 = store i32 %select_ln318, i32 %sX_4" [firmware/nnet_utils/nnet_conv_stream.h:318]   --->   Operation 28 'store' 'store_ln318' <Predicate = (!icmp_ln303)> <Delay = 0.53>
ST_1 : Operation 29 [1/1] (0.00ns)   --->   "%br_ln0 = br void %if.end31"   --->   Operation 29 'br' 'br_ln0' <Predicate = (!icmp_ln303)> <Delay = 0.00>
ST_1 : Operation 30 [1/1] (0.53ns)   --->   "%store_ln305 = store i32 0, i32 %pX_4" [firmware/nnet_utils/nnet_conv_stream.h:305]   --->   Operation 30 'store' 'store_ln305' <Predicate = (icmp_ln303)> <Delay = 0.53>
ST_1 : Operation 31 [1/1] (0.53ns)   --->   "%store_ln306 = store i32 0, i32 %sX_4" [firmware/nnet_utils/nnet_conv_stream.h:306]   --->   Operation 31 'store' 'store_ln306' <Predicate = (icmp_ln303)> <Delay = 0.53>
ST_1 : Operation 32 [1/1] (1.48ns)   --->   "%add_ln307 = add i32 %pY_4_load, i32 1" [firmware/nnet_utils/nnet_conv_stream.h:307]   --->   Operation 32 'add' 'add_ln307' <Predicate = (icmp_ln303)> <Delay = 1.48> <CoreInst = "Adder">   --->   Core 1 'Adder' <Latency = 0> <II = 1> <Delay = 1.48> <FuncUnit> <Opcode : 'add' 'sub'> <InPorts = 2> <OutPorts = 1>
ST_1 : Operation 33 [1/1] (1.48ns)   --->   "%icmp_ln307 = icmp_eq  i32 %add_ln307, i32 130" [firmware/nnet_utils/nnet_conv_stream.h:307]   --->   Operation 33 'icmp' 'icmp_ln307' <Predicate = (icmp_ln303)> <Delay = 1.48> <CoreInst = "Cmp">   --->   Core 9 'Cmp' <Latency = 0> <II = 1> <Delay = 1.48> <FuncUnit> <Opcode : 'seteq' 'setne' 'setle' 'setge' 'setlt' 'setgt'> <InPorts = 2> <OutPorts = 1>
ST_1 : Operation 34 [1/1] (0.00ns)   --->   "%br_ln307 = br i1 %icmp_ln307, void %if.else, void %if.then12" [firmware/nnet_utils/nnet_conv_stream.h:307]   --->   Operation 34 'br' 'br_ln307' <Predicate = (icmp_ln303)> <Delay = 0.00>
ST_1 : Operation 35 [1/1] (0.53ns)   --->   "%store_ln311 = store i32 %add_ln307, i32 %pY_4" [firmware/nnet_utils/nnet_conv_stream.h:311]   --->   Operation 35 'store' 'store_ln311' <Predicate = (icmp_ln303 & !icmp_ln307)> <Delay = 0.53>
ST_1 : Operation 36 [1/1] (0.53ns)   --->   "%br_ln0 = br void %if.end19"   --->   Operation 36 'br' 'br_ln0' <Predicate = (icmp_ln303 & !icmp_ln307)> <Delay = 0.53>
ST_1 : Operation 37 [1/1] (0.53ns)   --->   "%store_ln308 = store i32 0, i32 %pY_4" [firmware/nnet_utils/nnet_conv_stream.h:308]   --->   Operation 37 'store' 'store_ln308' <Predicate = (icmp_ln303 & icmp_ln307)> <Delay = 0.53>
ST_1 : Operation 38 [1/1] (0.53ns)   --->   "%br_ln310 = br void %if.end19" [firmware/nnet_utils/nnet_conv_stream.h:310]   --->   Operation 38 'br' 'br_ln310' <Predicate = (icmp_ln303 & icmp_ln307)> <Delay = 0.53>

State 2 <SV = 1> <Delay = 1.92>
ST_2 : Operation 39 [1/1] (0.00ns)   --->   "%specinterface_ln0 = specinterface void @_ssdm_op_SpecInterface, i64 %layer5_out, void @empty_2, i32 0, i32 0, void @empty_1, i32 0, i32 0, void @empty_1, void @empty_1, void @empty_1, i32 0, i32 0, i32 0, i32 0, void @empty_1, void @empty_1, i32 4294967295, i32 0, i32 0, i32 0"   --->   Operation 39 'specinterface' 'specinterface_ln0' <Predicate = true> <Delay = 0.00>
ST_2 : Operation 40 [1/1] (0.00ns)   --->   "%sY_4_load = load i32 %sY_4" [firmware/nnet_utils/nnet_conv_stream.h:284]   --->   Operation 40 'load' 'sY_4_load' <Predicate = true> <Delay = 0.00>
ST_2 : Operation 41 [1/1] (1.48ns)   --->   "%icmp_ln284_10 = icmp_eq  i32 %sY_4_load, i32 2" [firmware/nnet_utils/nnet_conv_stream.h:284]   --->   Operation 41 'icmp' 'icmp_ln284_10' <Predicate = (icmp_ln284)> <Delay = 1.48> <CoreInst = "Cmp">   --->   Core 9 'Cmp' <Latency = 0> <II = 1> <Delay = 1.48> <FuncUnit> <Opcode : 'seteq' 'setne' 'setle' 'setge' 'setlt' 'setgt'> <InPorts = 2> <OutPorts = 1>
ST_2 : Operation 42 [1/1] (0.00ns) (grouped into LUT with out node and_ln284_4)   --->   "%and_ln284 = and i1 %icmp_ln284_12, i1 %icmp_ln284_13" [firmware/nnet_utils/nnet_conv_stream.h:284]   --->   Operation 42 'and' 'and_ln284' <Predicate = (icmp_ln284)> <Delay = 0.00> <CoreInst = "LogicGate">   --->   Core 74 'LogicGate' <Latency = 0> <II = 1> <Delay = 0.33> <FuncUnit> <Opcode : 'and' 'or' 'xor'> <InPorts = 2> <OutPorts = 1>
ST_2 : Operation 43 [1/1] (0.33ns) (out node of the LUT)   --->   "%and_ln284_4 = and i1 %and_ln284, i1 %icmp_ln284_10" [firmware/nnet_utils/nnet_conv_stream.h:284]   --->   Operation 43 'and' 'and_ln284_4' <Predicate = (icmp_ln284)> <Delay = 0.33> <CoreInst = "LogicGate">   --->   Core 74 'LogicGate' <Latency = 0> <II = 1> <Delay = 0.33> <FuncUnit> <Opcode : 'and' 'or' 'xor'> <InPorts = 2> <OutPorts = 1>
ST_2 : Operation 44 [1/1] (0.00ns)   --->   "%br_ln284 = br i1 %and_ln284_4, void %if.end, void %if.then" [firmware/nnet_utils/nnet_conv_stream.h:284]   --->   Operation 44 'br' 'br_ln284' <Predicate = (icmp_ln284)> <Delay = 0.00>
ST_2 : Operation 45 [5/5] (0.00ns)   --->   "%tmp = call i64 @dense_latency<ap_fixed<16, 6, 5, 3, 0>, ap_fixed<16, 6, 5, 3, 0>, config5_mult>, i16 %void_compute_output_buffer_2d_array_const_ap_shift_reg_n_chan_stream_weig_49, i16 %void_compute_output_buffer_2d_array_const_ap_shift_reg_n_chan_stream_weig_48, i16 %void_compute_output_buffer_2d_array_const_ap_shift_reg_n_chan_stream_weig_47, i16 %void_compute_output_buffer_2d_array_const_ap_shift_reg_n_chan_stream_weig_46, i16 %void_compute_output_buffer_2d_array_const_ap_shift_reg_n_chan_stream_weig_45, i16 %void_compute_output_buffer_2d_array_const_ap_shift_reg_n_chan_stream_weig_44, i16 %void_compute_output_buffer_2d_array_const_ap_shift_reg_n_chan_stream_weig_43, i16 %void_compute_output_buffer_2d_array_const_ap_shift_reg_n_chan_stream_weig_42, i16 %void_compute_output_buffer_2d_array_const_ap_shift_reg_n_chan_stream_weig_41, i16 %void_compute_output_buffer_2d_array_const_ap_shift_reg_n_chan_stream_weig_40, i16 %p_ZZN4nnet24compute_output_buffer_2dINS_5arrayI8ap_fixedILi16ELi6EL9ap_q_mode5EL9_227, i16 %p_ZZN4nnet24compute_output_buffer_2dINS_5arrayI8ap_fixedILi16ELi6EL9ap_q_mode5EL9_228, i16 %p_ZZN4nnet24compute_output_buffer_2dINS_5arrayI8ap_fixedILi16ELi6EL9ap_q_mode5EL9_229, i16 %p_ZZN4nnet24compute_output_buffer_2dINS_5arrayI8ap_fixedILi16ELi6EL9ap_q_mode5EL9_230, i16 %p_ZZN4nnet24compute_output_buffer_2dINS_5arrayI8ap_fixedILi16ELi6EL9ap_q_mode5EL9_231, i16 %p_ZZN4nnet24compute_output_buffer_2dINS_5arrayI8ap_fixedILi16ELi6EL9ap_q_mode5EL9_232, i16 %p_ZZN4nnet24compute_output_buffer_2dINS_5arrayI8ap_fixedILi16ELi6EL9ap_q_mode5EL9_233, i16 %p_ZZN4nnet24compute_output_buffer_2dINS_5arrayI8ap_fixedILi16ELi6EL9ap_q_mode5EL9_234, i16 %p_ZZN4nnet24compute_output_buffer_2dINS_5arrayI8ap_fixedILi16ELi6EL9ap_q_mode5EL9_235, i16 %p_ZZN4nnet24compute_output_buffer_2dINS_5arrayI8ap_fixedILi16ELi6EL9ap_q_mode5EL9_236, i16 %p_ZZN4nnet24compute_output_buffer_2dINS_5arrayI8ap_fixedILi16ELi6EL9ap_q_mode5EL9_237, i16 %p_ZZN4nnet24compute_output_buffer_2dINS_5arrayI8ap_fixedILi16ELi6EL9ap_q_mode5EL9_238, i16 %p_ZZN4nnet24compute_output_buffer_2dINS_5arrayI8ap_fixedILi16ELi6EL9ap_q_mode5EL9_239, i16 %p_ZZN4nnet24compute_output_buffer_2dINS_5arrayI8ap_fixedILi16ELi6EL9ap_q_mode5EL9_240, i16 %p_ZZN4nnet24compute_output_buffer_2dINS_5arrayI8ap_fixedILi16ELi6EL9ap_q_mode5EL9_241, i16 %p_ZZN4nnet24compute_output_buffer_2dINS_5arrayI8ap_fixedILi16ELi6EL9ap_q_mode5EL9_242, i16 %p_ZZN4nnet24compute_output_buffer_2dINS_5arrayI8ap_fixedILi16ELi6EL9ap_q_mode5EL9_243, i16 %p_ZZN4nnet24compute_output_buffer_2dINS_5arrayI8ap_fixedILi16ELi6EL9ap_q_mode5EL9_244, i16 %p_ZZN4nnet24compute_output_buffer_2dINS_5arrayI8ap_fixedILi16ELi6EL9ap_q_mode5EL9_245, i16 %p_ZZN4nnet24compute_output_buffer_2dINS_5arrayI8ap_fixedILi16ELi6EL9ap_q_mode5EL9_246, i16 %p_ZZN4nnet24compute_output_buffer_2dINS_5arrayI8ap_fixedILi16ELi6EL9ap_q_mode5EL9_247, i16 %p_ZZN4nnet24compute_output_buffer_2dINS_5arrayI8ap_fixedILi16ELi6EL9ap_q_mode5EL9_248, i16 %p_ZZN4nnet24compute_output_buffer_2dINS_5arrayI8ap_fixedILi16ELi6EL9ap_q_mode5EL9_249, i16 %p_ZZN4nnet24compute_output_buffer_2dINS_5arrayI8ap_fixedILi16ELi6EL9ap_q_mode5EL9_250, i16 %p_ZZN4nnet24compute_output_buffer_2dINS_5arrayI8ap_fixedILi16ELi6EL9ap_q_mode5EL9_251, i16 %p_ZZN4nnet24compute_output_buffer_2dINS_5arrayI8ap_fixedILi16ELi6EL9ap_q_mode5EL9_252" [firmware/nnet_utils/nnet_dense.h:54->firmware/nnet_utils/nnet_conv_stream.h:288]   --->   Operation 45 'call' 'tmp' <Predicate = (icmp_ln284 & and_ln284_4)> <Delay = 0.00> <CoreType = "Generic">   --->   Generic Core
ST_2 : Operation 46 [1/1] (1.48ns)   --->   "%icmp_ln313 = icmp_eq  i32 %sY_4_load, i32 2" [firmware/nnet_utils/nnet_conv_stream.h:313]   --->   Operation 46 'icmp' 'icmp_ln313' <Predicate = (icmp_ln303 & !icmp_ln307)> <Delay = 1.48> <CoreInst = "Cmp">   --->   Core 9 'Cmp' <Latency = 0> <II = 1> <Delay = 1.48> <FuncUnit> <Opcode : 'seteq' 'setne' 'setle' 'setge' 'setlt' 'setgt'> <InPorts = 2> <OutPorts = 1>
ST_2 : Operation 47 [1/1] (1.48ns)   --->   "%add_ln313 = add i32 %sY_4_load, i32 1" [firmware/nnet_utils/nnet_conv_stream.h:313]   --->   Operation 47 'add' 'add_ln313' <Predicate = (icmp_ln303 & !icmp_ln307)> <Delay = 1.48> <CoreInst = "Adder">   --->   Core 1 'Adder' <Latency = 0> <II = 1> <Delay = 1.48> <FuncUnit> <Opcode : 'add' 'sub'> <InPorts = 2> <OutPorts = 1>
ST_2 : Operation 48 [1/1] (0.44ns)   --->   "%select_ln313 = select i1 %icmp_ln313, i32 2, i32 %add_ln313" [firmware/nnet_utils/nnet_conv_stream.h:313]   --->   Operation 48 'select' 'select_ln313' <Predicate = (icmp_ln303 & !icmp_ln307)> <Delay = 0.44> <CoreInst = "Sel">   --->   Core 73 'Sel' <Latency = 0> <II = 1> <Delay = 0.44> <FuncUnit> <Opcode : 'select'> <InPorts = 3> <OutPorts = 1>
ST_2 : Operation 49 [1/1] (0.00ns)   --->   "%storemerge = phi i32 %select_ln313, void %if.else, i32 0, void %if.then12" [firmware/nnet_utils/nnet_conv_stream.h:313]   --->   Operation 49 'phi' 'storemerge' <Predicate = (icmp_ln303)> <Delay = 0.00>
ST_2 : Operation 50 [1/1] (0.00ns)   --->   "%store_ln313 = store i32 %storemerge, i32 %sY_4" [firmware/nnet_utils/nnet_conv_stream.h:313]   --->   Operation 50 'store' 'store_ln313' <Predicate = (icmp_ln303)> <Delay = 0.00>
ST_2 : Operation 51 [1/1] (0.00ns)   --->   "%br_ln315 = br void %if.end31" [firmware/nnet_utils/nnet_conv_stream.h:315]   --->   Operation 51 'br' 'br_ln315' <Predicate = (icmp_ln303)> <Delay = 0.00>

State 3 <SV = 2> <Delay = 3.57>
ST_3 : Operation 52 [4/5] (3.57ns)   --->   "%tmp = call i64 @dense_latency<ap_fixed<16, 6, 5, 3, 0>, ap_fixed<16, 6, 5, 3, 0>, config5_mult>, i16 %void_compute_output_buffer_2d_array_const_ap_shift_reg_n_chan_stream_weig_49, i16 %void_compute_output_buffer_2d_array_const_ap_shift_reg_n_chan_stream_weig_48, i16 %void_compute_output_buffer_2d_array_const_ap_shift_reg_n_chan_stream_weig_47, i16 %void_compute_output_buffer_2d_array_const_ap_shift_reg_n_chan_stream_weig_46, i16 %void_compute_output_buffer_2d_array_const_ap_shift_reg_n_chan_stream_weig_45, i16 %void_compute_output_buffer_2d_array_const_ap_shift_reg_n_chan_stream_weig_44, i16 %void_compute_output_buffer_2d_array_const_ap_shift_reg_n_chan_stream_weig_43, i16 %void_compute_output_buffer_2d_array_const_ap_shift_reg_n_chan_stream_weig_42, i16 %void_compute_output_buffer_2d_array_const_ap_shift_reg_n_chan_stream_weig_41, i16 %void_compute_output_buffer_2d_array_const_ap_shift_reg_n_chan_stream_weig_40, i16 %p_ZZN4nnet24compute_output_buffer_2dINS_5arrayI8ap_fixedILi16ELi6EL9ap_q_mode5EL9_227, i16 %p_ZZN4nnet24compute_output_buffer_2dINS_5arrayI8ap_fixedILi16ELi6EL9ap_q_mode5EL9_228, i16 %p_ZZN4nnet24compute_output_buffer_2dINS_5arrayI8ap_fixedILi16ELi6EL9ap_q_mode5EL9_229, i16 %p_ZZN4nnet24compute_output_buffer_2dINS_5arrayI8ap_fixedILi16ELi6EL9ap_q_mode5EL9_230, i16 %p_ZZN4nnet24compute_output_buffer_2dINS_5arrayI8ap_fixedILi16ELi6EL9ap_q_mode5EL9_231, i16 %p_ZZN4nnet24compute_output_buffer_2dINS_5arrayI8ap_fixedILi16ELi6EL9ap_q_mode5EL9_232, i16 %p_ZZN4nnet24compute_output_buffer_2dINS_5arrayI8ap_fixedILi16ELi6EL9ap_q_mode5EL9_233, i16 %p_ZZN4nnet24compute_output_buffer_2dINS_5arrayI8ap_fixedILi16ELi6EL9ap_q_mode5EL9_234, i16 %p_ZZN4nnet24compute_output_buffer_2dINS_5arrayI8ap_fixedILi16ELi6EL9ap_q_mode5EL9_235, i16 %p_ZZN4nnet24compute_output_buffer_2dINS_5arrayI8ap_fixedILi16ELi6EL9ap_q_mode5EL9_236, i16 %p_ZZN4nnet24compute_output_buffer_2dINS_5arrayI8ap_fixedILi16ELi6EL9ap_q_mode5EL9_237, i16 %p_ZZN4nnet24compute_output_buffer_2dINS_5arrayI8ap_fixedILi16ELi6EL9ap_q_mode5EL9_238, i16 %p_ZZN4nnet24compute_output_buffer_2dINS_5arrayI8ap_fixedILi16ELi6EL9ap_q_mode5EL9_239, i16 %p_ZZN4nnet24compute_output_buffer_2dINS_5arrayI8ap_fixedILi16ELi6EL9ap_q_mode5EL9_240, i16 %p_ZZN4nnet24compute_output_buffer_2dINS_5arrayI8ap_fixedILi16ELi6EL9ap_q_mode5EL9_241, i16 %p_ZZN4nnet24compute_output_buffer_2dINS_5arrayI8ap_fixedILi16ELi6EL9ap_q_mode5EL9_242, i16 %p_ZZN4nnet24compute_output_buffer_2dINS_5arrayI8ap_fixedILi16ELi6EL9ap_q_mode5EL9_243, i16 %p_ZZN4nnet24compute_output_buffer_2dINS_5arrayI8ap_fixedILi16ELi6EL9ap_q_mode5EL9_244, i16 %p_ZZN4nnet24compute_output_buffer_2dINS_5arrayI8ap_fixedILi16ELi6EL9ap_q_mode5EL9_245, i16 %p_ZZN4nnet24compute_output_buffer_2dINS_5arrayI8ap_fixedILi16ELi6EL9ap_q_mode5EL9_246, i16 %p_ZZN4nnet24compute_output_buffer_2dINS_5arrayI8ap_fixedILi16ELi6EL9ap_q_mode5EL9_247, i16 %p_ZZN4nnet24compute_output_buffer_2dINS_5arrayI8ap_fixedILi16ELi6EL9ap_q_mode5EL9_248, i16 %p_ZZN4nnet24compute_output_buffer_2dINS_5arrayI8ap_fixedILi16ELi6EL9ap_q_mode5EL9_249, i16 %p_ZZN4nnet24compute_output_buffer_2dINS_5arrayI8ap_fixedILi16ELi6EL9ap_q_mode5EL9_250, i16 %p_ZZN4nnet24compute_output_buffer_2dINS_5arrayI8ap_fixedILi16ELi6EL9ap_q_mode5EL9_251, i16 %p_ZZN4nnet24compute_output_buffer_2dINS_5arrayI8ap_fixedILi16ELi6EL9ap_q_mode5EL9_252" [firmware/nnet_utils/nnet_dense.h:54->firmware/nnet_utils/nnet_conv_stream.h:288]   --->   Operation 52 'call' 'tmp' <Predicate = (icmp_ln284 & and_ln284_4)> <Delay = 3.57> <CoreType = "Generic">   --->   Generic Core

State 4 <SV = 3> <Delay = 3.57>
ST_4 : Operation 53 [3/5] (3.57ns)   --->   "%tmp = call i64 @dense_latency<ap_fixed<16, 6, 5, 3, 0>, ap_fixed<16, 6, 5, 3, 0>, config5_mult>, i16 %void_compute_output_buffer_2d_array_const_ap_shift_reg_n_chan_stream_weig_49, i16 %void_compute_output_buffer_2d_array_const_ap_shift_reg_n_chan_stream_weig_48, i16 %void_compute_output_buffer_2d_array_const_ap_shift_reg_n_chan_stream_weig_47, i16 %void_compute_output_buffer_2d_array_const_ap_shift_reg_n_chan_stream_weig_46, i16 %void_compute_output_buffer_2d_array_const_ap_shift_reg_n_chan_stream_weig_45, i16 %void_compute_output_buffer_2d_array_const_ap_shift_reg_n_chan_stream_weig_44, i16 %void_compute_output_buffer_2d_array_const_ap_shift_reg_n_chan_stream_weig_43, i16 %void_compute_output_buffer_2d_array_const_ap_shift_reg_n_chan_stream_weig_42, i16 %void_compute_output_buffer_2d_array_const_ap_shift_reg_n_chan_stream_weig_41, i16 %void_compute_output_buffer_2d_array_const_ap_shift_reg_n_chan_stream_weig_40, i16 %p_ZZN4nnet24compute_output_buffer_2dINS_5arrayI8ap_fixedILi16ELi6EL9ap_q_mode5EL9_227, i16 %p_ZZN4nnet24compute_output_buffer_2dINS_5arrayI8ap_fixedILi16ELi6EL9ap_q_mode5EL9_228, i16 %p_ZZN4nnet24compute_output_buffer_2dINS_5arrayI8ap_fixedILi16ELi6EL9ap_q_mode5EL9_229, i16 %p_ZZN4nnet24compute_output_buffer_2dINS_5arrayI8ap_fixedILi16ELi6EL9ap_q_mode5EL9_230, i16 %p_ZZN4nnet24compute_output_buffer_2dINS_5arrayI8ap_fixedILi16ELi6EL9ap_q_mode5EL9_231, i16 %p_ZZN4nnet24compute_output_buffer_2dINS_5arrayI8ap_fixedILi16ELi6EL9ap_q_mode5EL9_232, i16 %p_ZZN4nnet24compute_output_buffer_2dINS_5arrayI8ap_fixedILi16ELi6EL9ap_q_mode5EL9_233, i16 %p_ZZN4nnet24compute_output_buffer_2dINS_5arrayI8ap_fixedILi16ELi6EL9ap_q_mode5EL9_234, i16 %p_ZZN4nnet24compute_output_buffer_2dINS_5arrayI8ap_fixedILi16ELi6EL9ap_q_mode5EL9_235, i16 %p_ZZN4nnet24compute_output_buffer_2dINS_5arrayI8ap_fixedILi16ELi6EL9ap_q_mode5EL9_236, i16 %p_ZZN4nnet24compute_output_buffer_2dINS_5arrayI8ap_fixedILi16ELi6EL9ap_q_mode5EL9_237, i16 %p_ZZN4nnet24compute_output_buffer_2dINS_5arrayI8ap_fixedILi16ELi6EL9ap_q_mode5EL9_238, i16 %p_ZZN4nnet24compute_output_buffer_2dINS_5arrayI8ap_fixedILi16ELi6EL9ap_q_mode5EL9_239, i16 %p_ZZN4nnet24compute_output_buffer_2dINS_5arrayI8ap_fixedILi16ELi6EL9ap_q_mode5EL9_240, i16 %p_ZZN4nnet24compute_output_buffer_2dINS_5arrayI8ap_fixedILi16ELi6EL9ap_q_mode5EL9_241, i16 %p_ZZN4nnet24compute_output_buffer_2dINS_5arrayI8ap_fixedILi16ELi6EL9ap_q_mode5EL9_242, i16 %p_ZZN4nnet24compute_output_buffer_2dINS_5arrayI8ap_fixedILi16ELi6EL9ap_q_mode5EL9_243, i16 %p_ZZN4nnet24compute_output_buffer_2dINS_5arrayI8ap_fixedILi16ELi6EL9ap_q_mode5EL9_244, i16 %p_ZZN4nnet24compute_output_buffer_2dINS_5arrayI8ap_fixedILi16ELi6EL9ap_q_mode5EL9_245, i16 %p_ZZN4nnet24compute_output_buffer_2dINS_5arrayI8ap_fixedILi16ELi6EL9ap_q_mode5EL9_246, i16 %p_ZZN4nnet24compute_output_buffer_2dINS_5arrayI8ap_fixedILi16ELi6EL9ap_q_mode5EL9_247, i16 %p_ZZN4nnet24compute_output_buffer_2dINS_5arrayI8ap_fixedILi16ELi6EL9ap_q_mode5EL9_248, i16 %p_ZZN4nnet24compute_output_buffer_2dINS_5arrayI8ap_fixedILi16ELi6EL9ap_q_mode5EL9_249, i16 %p_ZZN4nnet24compute_output_buffer_2dINS_5arrayI8ap_fixedILi16ELi6EL9ap_q_mode5EL9_250, i16 %p_ZZN4nnet24compute_output_buffer_2dINS_5arrayI8ap_fixedILi16ELi6EL9ap_q_mode5EL9_251, i16 %p_ZZN4nnet24compute_output_buffer_2dINS_5arrayI8ap_fixedILi16ELi6EL9ap_q_mode5EL9_252" [firmware/nnet_utils/nnet_dense.h:54->firmware/nnet_utils/nnet_conv_stream.h:288]   --->   Operation 53 'call' 'tmp' <Predicate = (icmp_ln284 & and_ln284_4)> <Delay = 3.57> <CoreType = "Generic">   --->   Generic Core

State 5 <SV = 4> <Delay = 3.57>
ST_5 : Operation 54 [2/5] (3.57ns)   --->   "%tmp = call i64 @dense_latency<ap_fixed<16, 6, 5, 3, 0>, ap_fixed<16, 6, 5, 3, 0>, config5_mult>, i16 %void_compute_output_buffer_2d_array_const_ap_shift_reg_n_chan_stream_weig_49, i16 %void_compute_output_buffer_2d_array_const_ap_shift_reg_n_chan_stream_weig_48, i16 %void_compute_output_buffer_2d_array_const_ap_shift_reg_n_chan_stream_weig_47, i16 %void_compute_output_buffer_2d_array_const_ap_shift_reg_n_chan_stream_weig_46, i16 %void_compute_output_buffer_2d_array_const_ap_shift_reg_n_chan_stream_weig_45, i16 %void_compute_output_buffer_2d_array_const_ap_shift_reg_n_chan_stream_weig_44, i16 %void_compute_output_buffer_2d_array_const_ap_shift_reg_n_chan_stream_weig_43, i16 %void_compute_output_buffer_2d_array_const_ap_shift_reg_n_chan_stream_weig_42, i16 %void_compute_output_buffer_2d_array_const_ap_shift_reg_n_chan_stream_weig_41, i16 %void_compute_output_buffer_2d_array_const_ap_shift_reg_n_chan_stream_weig_40, i16 %p_ZZN4nnet24compute_output_buffer_2dINS_5arrayI8ap_fixedILi16ELi6EL9ap_q_mode5EL9_227, i16 %p_ZZN4nnet24compute_output_buffer_2dINS_5arrayI8ap_fixedILi16ELi6EL9ap_q_mode5EL9_228, i16 %p_ZZN4nnet24compute_output_buffer_2dINS_5arrayI8ap_fixedILi16ELi6EL9ap_q_mode5EL9_229, i16 %p_ZZN4nnet24compute_output_buffer_2dINS_5arrayI8ap_fixedILi16ELi6EL9ap_q_mode5EL9_230, i16 %p_ZZN4nnet24compute_output_buffer_2dINS_5arrayI8ap_fixedILi16ELi6EL9ap_q_mode5EL9_231, i16 %p_ZZN4nnet24compute_output_buffer_2dINS_5arrayI8ap_fixedILi16ELi6EL9ap_q_mode5EL9_232, i16 %p_ZZN4nnet24compute_output_buffer_2dINS_5arrayI8ap_fixedILi16ELi6EL9ap_q_mode5EL9_233, i16 %p_ZZN4nnet24compute_output_buffer_2dINS_5arrayI8ap_fixedILi16ELi6EL9ap_q_mode5EL9_234, i16 %p_ZZN4nnet24compute_output_buffer_2dINS_5arrayI8ap_fixedILi16ELi6EL9ap_q_mode5EL9_235, i16 %p_ZZN4nnet24compute_output_buffer_2dINS_5arrayI8ap_fixedILi16ELi6EL9ap_q_mode5EL9_236, i16 %p_ZZN4nnet24compute_output_buffer_2dINS_5arrayI8ap_fixedILi16ELi6EL9ap_q_mode5EL9_237, i16 %p_ZZN4nnet24compute_output_buffer_2dINS_5arrayI8ap_fixedILi16ELi6EL9ap_q_mode5EL9_238, i16 %p_ZZN4nnet24compute_output_buffer_2dINS_5arrayI8ap_fixedILi16ELi6EL9ap_q_mode5EL9_239, i16 %p_ZZN4nnet24compute_output_buffer_2dINS_5arrayI8ap_fixedILi16ELi6EL9ap_q_mode5EL9_240, i16 %p_ZZN4nnet24compute_output_buffer_2dINS_5arrayI8ap_fixedILi16ELi6EL9ap_q_mode5EL9_241, i16 %p_ZZN4nnet24compute_output_buffer_2dINS_5arrayI8ap_fixedILi16ELi6EL9ap_q_mode5EL9_242, i16 %p_ZZN4nnet24compute_output_buffer_2dINS_5arrayI8ap_fixedILi16ELi6EL9ap_q_mode5EL9_243, i16 %p_ZZN4nnet24compute_output_buffer_2dINS_5arrayI8ap_fixedILi16ELi6EL9ap_q_mode5EL9_244, i16 %p_ZZN4nnet24compute_output_buffer_2dINS_5arrayI8ap_fixedILi16ELi6EL9ap_q_mode5EL9_245, i16 %p_ZZN4nnet24compute_output_buffer_2dINS_5arrayI8ap_fixedILi16ELi6EL9ap_q_mode5EL9_246, i16 %p_ZZN4nnet24compute_output_buffer_2dINS_5arrayI8ap_fixedILi16ELi6EL9ap_q_mode5EL9_247, i16 %p_ZZN4nnet24compute_output_buffer_2dINS_5arrayI8ap_fixedILi16ELi6EL9ap_q_mode5EL9_248, i16 %p_ZZN4nnet24compute_output_buffer_2dINS_5arrayI8ap_fixedILi16ELi6EL9ap_q_mode5EL9_249, i16 %p_ZZN4nnet24compute_output_buffer_2dINS_5arrayI8ap_fixedILi16ELi6EL9ap_q_mode5EL9_250, i16 %p_ZZN4nnet24compute_output_buffer_2dINS_5arrayI8ap_fixedILi16ELi6EL9ap_q_mode5EL9_251, i16 %p_ZZN4nnet24compute_output_buffer_2dINS_5arrayI8ap_fixedILi16ELi6EL9ap_q_mode5EL9_252" [firmware/nnet_utils/nnet_dense.h:54->firmware/nnet_utils/nnet_conv_stream.h:288]   --->   Operation 54 'call' 'tmp' <Predicate = (icmp_ln284 & and_ln284_4)> <Delay = 3.57> <CoreType = "Generic">   --->   Generic Core

State 6 <SV = 5> <Delay = 3.40>
ST_6 : Operation 55 [1/5] (3.40ns)   --->   "%tmp = call i64 @dense_latency<ap_fixed<16, 6, 5, 3, 0>, ap_fixed<16, 6, 5, 3, 0>, config5_mult>, i16 %void_compute_output_buffer_2d_array_const_ap_shift_reg_n_chan_stream_weig_49, i16 %void_compute_output_buffer_2d_array_const_ap_shift_reg_n_chan_stream_weig_48, i16 %void_compute_output_buffer_2d_array_const_ap_shift_reg_n_chan_stream_weig_47, i16 %void_compute_output_buffer_2d_array_const_ap_shift_reg_n_chan_stream_weig_46, i16 %void_compute_output_buffer_2d_array_const_ap_shift_reg_n_chan_stream_weig_45, i16 %void_compute_output_buffer_2d_array_const_ap_shift_reg_n_chan_stream_weig_44, i16 %void_compute_output_buffer_2d_array_const_ap_shift_reg_n_chan_stream_weig_43, i16 %void_compute_output_buffer_2d_array_const_ap_shift_reg_n_chan_stream_weig_42, i16 %void_compute_output_buffer_2d_array_const_ap_shift_reg_n_chan_stream_weig_41, i16 %void_compute_output_buffer_2d_array_const_ap_shift_reg_n_chan_stream_weig_40, i16 %p_ZZN4nnet24compute_output_buffer_2dINS_5arrayI8ap_fixedILi16ELi6EL9ap_q_mode5EL9_227, i16 %p_ZZN4nnet24compute_output_buffer_2dINS_5arrayI8ap_fixedILi16ELi6EL9ap_q_mode5EL9_228, i16 %p_ZZN4nnet24compute_output_buffer_2dINS_5arrayI8ap_fixedILi16ELi6EL9ap_q_mode5EL9_229, i16 %p_ZZN4nnet24compute_output_buffer_2dINS_5arrayI8ap_fixedILi16ELi6EL9ap_q_mode5EL9_230, i16 %p_ZZN4nnet24compute_output_buffer_2dINS_5arrayI8ap_fixedILi16ELi6EL9ap_q_mode5EL9_231, i16 %p_ZZN4nnet24compute_output_buffer_2dINS_5arrayI8ap_fixedILi16ELi6EL9ap_q_mode5EL9_232, i16 %p_ZZN4nnet24compute_output_buffer_2dINS_5arrayI8ap_fixedILi16ELi6EL9ap_q_mode5EL9_233, i16 %p_ZZN4nnet24compute_output_buffer_2dINS_5arrayI8ap_fixedILi16ELi6EL9ap_q_mode5EL9_234, i16 %p_ZZN4nnet24compute_output_buffer_2dINS_5arrayI8ap_fixedILi16ELi6EL9ap_q_mode5EL9_235, i16 %p_ZZN4nnet24compute_output_buffer_2dINS_5arrayI8ap_fixedILi16ELi6EL9ap_q_mode5EL9_236, i16 %p_ZZN4nnet24compute_output_buffer_2dINS_5arrayI8ap_fixedILi16ELi6EL9ap_q_mode5EL9_237, i16 %p_ZZN4nnet24compute_output_buffer_2dINS_5arrayI8ap_fixedILi16ELi6EL9ap_q_mode5EL9_238, i16 %p_ZZN4nnet24compute_output_buffer_2dINS_5arrayI8ap_fixedILi16ELi6EL9ap_q_mode5EL9_239, i16 %p_ZZN4nnet24compute_output_buffer_2dINS_5arrayI8ap_fixedILi16ELi6EL9ap_q_mode5EL9_240, i16 %p_ZZN4nnet24compute_output_buffer_2dINS_5arrayI8ap_fixedILi16ELi6EL9ap_q_mode5EL9_241, i16 %p_ZZN4nnet24compute_output_buffer_2dINS_5arrayI8ap_fixedILi16ELi6EL9ap_q_mode5EL9_242, i16 %p_ZZN4nnet24compute_output_buffer_2dINS_5arrayI8ap_fixedILi16ELi6EL9ap_q_mode5EL9_243, i16 %p_ZZN4nnet24compute_output_buffer_2dINS_5arrayI8ap_fixedILi16ELi6EL9ap_q_mode5EL9_244, i16 %p_ZZN4nnet24compute_output_buffer_2dINS_5arrayI8ap_fixedILi16ELi6EL9ap_q_mode5EL9_245, i16 %p_ZZN4nnet24compute_output_buffer_2dINS_5arrayI8ap_fixedILi16ELi6EL9ap_q_mode5EL9_246, i16 %p_ZZN4nnet24compute_output_buffer_2dINS_5arrayI8ap_fixedILi16ELi6EL9ap_q_mode5EL9_247, i16 %p_ZZN4nnet24compute_output_buffer_2dINS_5arrayI8ap_fixedILi16ELi6EL9ap_q_mode5EL9_248, i16 %p_ZZN4nnet24compute_output_buffer_2dINS_5arrayI8ap_fixedILi16ELi6EL9ap_q_mode5EL9_249, i16 %p_ZZN4nnet24compute_output_buffer_2dINS_5arrayI8ap_fixedILi16ELi6EL9ap_q_mode5EL9_250, i16 %p_ZZN4nnet24compute_output_buffer_2dINS_5arrayI8ap_fixedILi16ELi6EL9ap_q_mode5EL9_251, i16 %p_ZZN4nnet24compute_output_buffer_2dINS_5arrayI8ap_fixedILi16ELi6EL9ap_q_mode5EL9_252" [firmware/nnet_utils/nnet_dense.h:54->firmware/nnet_utils/nnet_conv_stream.h:288]   --->   Operation 55 'call' 'tmp' <Predicate = (icmp_ln284 & and_ln284_4)> <Delay = 3.40> <CoreType = "Generic">   --->   Generic Core
ST_6 : Operation 56 [1/1] (0.00ns)   --->   "%res_out = extractvalue i64 %tmp" [firmware/nnet_utils/nnet_dense.h:54->firmware/nnet_utils/nnet_conv_stream.h:288]   --->   Operation 56 'extractvalue' 'res_out' <Predicate = (icmp_ln284 & and_ln284_4)> <Delay = 0.00>
ST_6 : Operation 57 [1/1] (0.00ns)   --->   "%res_out_32 = extractvalue i64 %tmp" [firmware/nnet_utils/nnet_dense.h:54->firmware/nnet_utils/nnet_conv_stream.h:288]   --->   Operation 57 'extractvalue' 'res_out_32' <Predicate = (icmp_ln284 & and_ln284_4)> <Delay = 0.00>
ST_6 : Operation 58 [1/1] (0.00ns)   --->   "%res_out_33 = extractvalue i64 %tmp" [firmware/nnet_utils/nnet_dense.h:54->firmware/nnet_utils/nnet_conv_stream.h:288]   --->   Operation 58 'extractvalue' 'res_out_33' <Predicate = (icmp_ln284 & and_ln284_4)> <Delay = 0.00>
ST_6 : Operation 59 [1/1] (0.00ns)   --->   "%res_out_34 = extractvalue i64 %tmp" [firmware/nnet_utils/nnet_dense.h:54->firmware/nnet_utils/nnet_conv_stream.h:288]   --->   Operation 59 'extractvalue' 'res_out_34' <Predicate = (icmp_ln284 & and_ln284_4)> <Delay = 0.00>

State 7 <SV = 6> <Delay = 1.82>
ST_7 : Operation 60 [1/1] (0.00ns)   --->   "%p_0 = bitconcatenate i64 @_ssdm_op_BitConcatenate.i64.i16.i16.i16.i16, i16 %res_out_34, i16 %res_out_33, i16 %res_out_32, i16 %res_out" [firmware/nnet_utils/nnet_conv_stream.h:299]   --->   Operation 60 'bitconcatenate' 'p_0' <Predicate = (icmp_ln284 & and_ln284_4)> <Delay = 0.00>
ST_7 : Operation 61 [1/1] ( I:1.82ns O:1.82ns )   --->   "%write_ln299 = write void @_ssdm_op_Write.ap_fifo.volatile.i64P0A, i64 %layer5_out, i64 %p_0" [firmware/nnet_utils/nnet_conv_stream.h:299]   --->   Operation 61 'write' 'write_ln299' <Predicate = (icmp_ln284 & and_ln284_4)> <Delay = 1.82> <CoreInst = "FIFO_SRL">   --->   Core 80 'FIFO_SRL' <Latency = 0> <II = 1> <Delay = 2.26> <Storage> <Opcode : 'read' 'write' 'nbread' 'nbwrite'> <Ports = 0> <Width = 64> <Depth = 1> <FIFO>
ST_7 : Operation 62 [1/1] (0.00ns)   --->   "%br_ln300 = br void %if.end" [firmware/nnet_utils/nnet_conv_stream.h:300]   --->   Operation 62 'br' 'br_ln300' <Predicate = (icmp_ln284 & and_ln284_4)> <Delay = 0.00>
ST_7 : Operation 63 [1/1] (0.00ns)   --->   "%ret_ln320 = ret" [firmware/nnet_utils/nnet_conv_stream.h:320]   --->   Operation 63 'ret' 'ret_ln320' <Predicate = true> <Delay = 0.00>


============================================================
+ Verbose Summary: Timing violations
============================================================
Target clock period: 5.000ns, clock uncertainty: 1.350ns.

 <State 1>: 3.510ns
The critical path consists of the following:
	'load' operation 32 bit ('pX_4_load', firmware/nnet_utils/nnet_conv_stream.h:284) on static variable 'pX_4' [64]  (0.000 ns)
	'add' operation 32 bit ('add_ln303', firmware/nnet_utils/nnet_conv_stream.h:303) [85]  (1.486 ns)
	'icmp' operation 1 bit ('icmp_ln303', firmware/nnet_utils/nnet_conv_stream.h:303) [86]  (1.486 ns)
	'store' operation ('store_ln316', firmware/nnet_utils/nnet_conv_stream.h:316) of variable 'add_ln303', firmware/nnet_utils/nnet_conv_stream.h:303 32 bit on static variable 'pX_4' [89]  (0.538 ns)

 <State 2>: 1.926ns
The critical path consists of the following:
	'load' operation 32 bit ('sY_4_load', firmware/nnet_utils/nnet_conv_stream.h:284) on static variable 'sY_4' [62]  (0.000 ns)
	'icmp' operation 1 bit ('icmp_ln313', firmware/nnet_utils/nnet_conv_stream.h:313) [102]  (1.486 ns)
	'select' operation 32 bit ('select_ln313', firmware/nnet_utils/nnet_conv_stream.h:313) [104]  (0.440 ns)
	'phi' operation 32 bit ('storemerge', firmware/nnet_utils/nnet_conv_stream.h:313) with incoming values : ('select_ln313', firmware/nnet_utils/nnet_conv_stream.h:313) [110]  (0.000 ns)

 <State 3>: 3.570ns
The critical path consists of the following:
	'call' operation 64 bit ('tmp', firmware/nnet_utils/nnet_dense.h:54->firmware/nnet_utils/nnet_conv_stream.h:288) to 'dense_latency<ap_fixed<16, 6, 5, 3, 0>, ap_fixed<16, 6, 5, 3, 0>, config5_mult>' [76]  (3.570 ns)

 <State 4>: 3.570ns
The critical path consists of the following:
	'call' operation 64 bit ('tmp', firmware/nnet_utils/nnet_dense.h:54->firmware/nnet_utils/nnet_conv_stream.h:288) to 'dense_latency<ap_fixed<16, 6, 5, 3, 0>, ap_fixed<16, 6, 5, 3, 0>, config5_mult>' [76]  (3.570 ns)

 <State 5>: 3.570ns
The critical path consists of the following:
	'call' operation 64 bit ('tmp', firmware/nnet_utils/nnet_dense.h:54->firmware/nnet_utils/nnet_conv_stream.h:288) to 'dense_latency<ap_fixed<16, 6, 5, 3, 0>, ap_fixed<16, 6, 5, 3, 0>, config5_mult>' [76]  (3.570 ns)

 <State 6>: 3.400ns
The critical path consists of the following:
	'call' operation 64 bit ('tmp', firmware/nnet_utils/nnet_dense.h:54->firmware/nnet_utils/nnet_conv_stream.h:288) to 'dense_latency<ap_fixed<16, 6, 5, 3, 0>, ap_fixed<16, 6, 5, 3, 0>, config5_mult>' [76]  (3.400 ns)

 <State 7>: 1.825ns
The critical path consists of the following:
	fifo write operation ('write_ln299', firmware/nnet_utils/nnet_conv_stream.h:299) on port 'layer5_out' (firmware/nnet_utils/nnet_conv_stream.h:299) [82]  (1.825 ns)


============================================================
+ Verbose Summary: Binding
============================================================
N/A
* FSMD analyzer results:
  - Output states:
 - Input state : 
  - Chain level:
	State 1
	State 2
	State 3
	State 4
	State 5
	State 6
	State 7


============================================================
+ Verbose Summary: Datapath Resource usage 
============================================================
N/A
