

================================================================
== Vitis HLS Report for 'conv_2d_cl_array_ap_fixed_4u_array_ap_fixed_12_6_5_3_0_6u_config9_s'
================================================================
* Date:           Wed Apr 22 16:01:57 2026

* Version:        2023.2 (Build 4023990 on Oct 11 2023)
* Project:        folo_prj
* Solution:       solution1 (Vivado IP Flow Target)
* Product family: kintexu
* Target device:  xcku035-fbva676-2-e


================================================================
== Performance Estimates
================================================================
+ Timing: 
    * Summary: 
    +--------+---------+----------+------------+
    |  Clock |  Target | Estimated| Uncertainty|
    +--------+---------+----------+------------+
    |ap_clk  |  5.00 ns|  3.847 ns|     1.35 ns|
    +--------+---------+----------+------------+

+ Latency: 
    * Summary: 
    +---------+---------+----------+----------+-------+--------+---------+
    |  Latency (cycles) |  Latency (absolute) |    Interval    | Pipeline|
    |   min   |   max   |    min   |    max   |  min  |   max  |   Type  |
    +---------+---------+----------+----------+-------+--------+---------+
    |    66565|   416026|  0.333 ms|  2.080 ms|  66565|  416026|       no|
    +---------+---------+----------+----------+-------+--------+---------+

    + Detail: 
        * Instance: 
        +----------------------------------------------------------------------------------+-----------------------------------------------------------------------+---------+---------+-----------+----------+-----+-----+---------+
        |                                                                                  |                                                                       |  Latency (cycles) |  Latency (absolute)  |  Interval | Pipeline|
        |                                     Instance                                     |                                 Module                                |   min   |   max   |    min    |    max   | min | max |   Type  |
        +----------------------------------------------------------------------------------+-----------------------------------------------------------------------+---------+---------+-----------+----------+-----+-----+---------+
        |grp_compute_output_buffer_2d_array_array_ap_fixed_12_6_5_3_0_6u_config9_s_fu_156  |compute_output_buffer_2d_array_array_ap_fixed_12_6_5_3_0_6u_config9_s  |        2|       23|  10.000 ns|  0.115 us|    2|   23|       no|
        +----------------------------------------------------------------------------------+-----------------------------------------------------------------------+---------+---------+-----------+----------+-----+-----+---------+

        * Loop: 
        +----------------------------------+---------+---------+----------+-----------+-----------+-------+----------+
        |                                  |  Latency (cycles) | Iteration|  Initiation Interval  |  Trip |          |
        |             Loop Name            |   min   |   max   |  Latency |  achieved |   target  | Count | Pipelined|
        +----------------------------------+---------+---------+----------+-----------+-----------+-------+----------+
        |- ReadInputHeight_ReadInputWidth  |    66564|   416025|    4 ~ 25|          -|          -|  16641|        no|
        +----------------------------------+---------+---------+----------+-----------+-----------+-------+----------+

============================================================
+ Verbose Summary: Synthesis Manager
============================================================
InlineROM: 1
ExposeGlobal: 0
============================================================
+ Verbose Summary: CDFG Model
============================================================
IsTopModel: 0
ResetActiveHigh: 1
IsCombinational: 2
IsDatapathOnly: 0
HasWiredReturn: 1
HasMFsm: 0
HasVarLatency: 1
IsPipeline: 0
IsRtlPipelined: 0
IsInstanceOverlapped: 0
IsDontTouch: 0
HasImplIP: 0
IsGatedGlobalClock: 0


============================================================
+ Verbose Summary: Schedule
============================================================
* Number of FSM states : 3
* Pipeline : 0
* Dataflow Pipeline: 0

* FSM state transitions: 
1 --> 2 
2 --> 3 
3 --> 2 

* FSM state operations: 

State 1 <SV = 0> <Delay = 0.53>
ST_1 : Operation 4 [1/1] (0.00ns)   --->   "%indvar_flatten = alloca i32 1"   --->   Operation 4 'alloca' 'indvar_flatten' <Predicate = true> <Delay = 0.00>
ST_1 : Operation 5 [1/1] (0.00ns)   --->   "%specinterface_ln0 = specinterface void @_ssdm_op_SpecInterface, i72 %layer9_out, void @empty_13, i32 0, i32 0, void @empty_8, i32 0, i32 0, void @empty_8, void @empty_8, void @empty_8, i32 0, i32 0, i32 0, i32 0, void @empty_8, void @empty_8, i32 4294967295, i32 0"   --->   Operation 5 'specinterface' 'specinterface_ln0' <Predicate = true> <Delay = 0.00>
ST_1 : Operation 6 [1/1] (0.00ns)   --->   "%specinterface_ln0 = specinterface void @_ssdm_op_SpecInterface, i48 %layer32_out, void @empty_13, i32 0, i32 0, void @empty_8, i32 0, i32 0, void @empty_8, void @empty_8, void @empty_8, i32 0, i32 0, i32 0, i32 0, void @empty_8, void @empty_8, i32 4294967295, i32 0"   --->   Operation 6 'specinterface' 'specinterface_ln0' <Predicate = true> <Delay = 0.00>
ST_1 : Operation 7 [1/1] (0.53ns)   --->   "%store_ln0 = store i15 0, i15 %indvar_flatten"   --->   Operation 7 'store' 'store_ln0' <Predicate = true> <Delay = 0.53>
ST_1 : Operation 8 [1/1] (0.00ns)   --->   "%br_ln52 = br void %for.body12.i" [firmware/nnet_utils/nnet_conv2d_stream.h:52->firmware/nnet_utils/nnet_conv2d_stream.h:78]   --->   Operation 8 'br' 'br_ln52' <Predicate = true> <Delay = 0.00>

State 2 <SV = 1> <Delay = 3.22>
ST_2 : Operation 9 [1/1] (0.00ns)   --->   "%indvar_flatten_load = load i15 %indvar_flatten" [firmware/nnet_utils/nnet_conv2d_stream.h:52->firmware/nnet_utils/nnet_conv2d_stream.h:78]   --->   Operation 9 'load' 'indvar_flatten_load' <Predicate = true> <Delay = 0.00>
ST_2 : Operation 10 [1/1] (1.40ns)   --->   "%icmp_ln52 = icmp_eq  i15 %indvar_flatten_load, i15 16641" [firmware/nnet_utils/nnet_conv2d_stream.h:52->firmware/nnet_utils/nnet_conv2d_stream.h:78]   --->   Operation 10 'icmp' 'icmp_ln52' <Predicate = true> <Delay = 1.40> <CoreInst = "Cmp">   --->   Core 9 'Cmp' <Latency = 0> <II = 1> <Delay = 1.40> <FuncUnit> <Opcode : 'icmp'> <InPorts = 2> <OutPorts = 1>
ST_2 : Operation 11 [1/1] (1.40ns)   --->   "%add_ln52 = add i15 %indvar_flatten_load, i15 1" [firmware/nnet_utils/nnet_conv2d_stream.h:52->firmware/nnet_utils/nnet_conv2d_stream.h:78]   --->   Operation 11 'add' 'add_ln52' <Predicate = true> <Delay = 1.40> <CoreInst = "Adder">   --->   Core 1 'Adder' <Latency = 0> <II = 1> <Delay = 1.40> <FuncUnit> <Opcode : 'add' 'sub'> <InPorts = 2> <OutPorts = 1>
ST_2 : Operation 12 [1/1] (0.00ns)   --->   "%br_ln52 = br i1 %icmp_ln52, void %for.cond.cleanup11.i, void %_ZN4nnet26conv_2d_buffer_resource_clINS_5arrayI8ap_fixedILi12ELi6EL9ap_q_mode5EL9ap_o_mode3ELi0EELj4EEENS1_IS5_Lj6EEE7config9EEvRN3hls6streamIT_Li0EEERNSA_IT0_Li0EEEPNT1_8weight_tEPNSH_6bias_tE.18.exit" [firmware/nnet_utils/nnet_conv2d_stream.h:52->firmware/nnet_utils/nnet_conv2d_stream.h:78]   --->   Operation 12 'br' 'br_ln52' <Predicate = true> <Delay = 0.00>
ST_2 : Operation 13 [1/1] (1.82ns)   --->   "%layer32_out_read = read i48 @_ssdm_op_Read.ap_fifo.volatile.i48P0A, i48 %layer32_out" [firmware/nnet_utils/nnet_conv2d_stream.h:58->firmware/nnet_utils/nnet_conv2d_stream.h:78]   --->   Operation 13 'read' 'layer32_out_read' <Predicate = (!icmp_ln52)> <Delay = 1.82> <CoreInst = "FIFO">   --->   Core 78 'FIFO' <Latency = 0> <II = 1> <Delay = 2.16> <Storage> <Opcode : 'read' 'write' 'nbread' 'nbwrite'> <Ports = 0> <Width = 48> <Depth = 16641> <FIFO>
ST_2 : Operation 14 [1/1] (0.00ns)   --->   "%trunc_ln58 = trunc i48 %layer32_out_read" [firmware/nnet_utils/nnet_conv2d_stream.h:58->firmware/nnet_utils/nnet_conv2d_stream.h:78]   --->   Operation 14 'trunc' 'trunc_ln58' <Predicate = (!icmp_ln52)> <Delay = 0.00>
ST_2 : Operation 15 [1/1] (0.00ns)   --->   "%trunc_ln58_s = partselect i12 @_ssdm_op_PartSelect.i12.i48.i32.i32, i48 %layer32_out_read, i32 12, i32 23" [firmware/nnet_utils/nnet_conv2d_stream.h:58->firmware/nnet_utils/nnet_conv2d_stream.h:78]   --->   Operation 15 'partselect' 'trunc_ln58_s' <Predicate = (!icmp_ln52)> <Delay = 0.00>
ST_2 : Operation 16 [1/1] (0.00ns)   --->   "%trunc_ln58_99 = partselect i12 @_ssdm_op_PartSelect.i12.i48.i32.i32, i48 %layer32_out_read, i32 24, i32 35" [firmware/nnet_utils/nnet_conv2d_stream.h:58->firmware/nnet_utils/nnet_conv2d_stream.h:78]   --->   Operation 16 'partselect' 'trunc_ln58_99' <Predicate = (!icmp_ln52)> <Delay = 0.00>
ST_2 : Operation 17 [1/1] (0.00ns)   --->   "%trunc_ln58_100 = partselect i12 @_ssdm_op_PartSelect.i12.i48.i32.i32, i48 %layer32_out_read, i32 36, i32 47" [firmware/nnet_utils/nnet_conv2d_stream.h:58->firmware/nnet_utils/nnet_conv2d_stream.h:78]   --->   Operation 17 'partselect' 'trunc_ln58_100' <Predicate = (!icmp_ln52)> <Delay = 0.00>
ST_2 : Operation 18 [2/2] (0.00ns)   --->   "%call_ln58 = call void @compute_output_buffer_2d<array,array<ap_fixed<12,6,5,3,0>,6u>,config9>, i12 %trunc_ln58, i12 %trunc_ln58_s, i12 %trunc_ln58_99, i12 %trunc_ln58_100, i72 %layer9_out, i12 %void_compute_output_buffer_2d_array_const_ap_shift_reg_n_chan_stream_weig_35, i12 %void_compute_output_buffer_2d_array_const_ap_shift_reg_n_chan_stream_weig_39, i12 %void_compute_output_buffer_2d_array_const_ap_shift_reg_n_chan_stream_weig_34, i12 %void_compute_output_buffer_2d_array_const_ap_shift_reg_n_chan_stream_weig_38, i12 %void_compute_output_buffer_2d_array_const_ap_shift_reg_n_chan_stream_weig_33, i12 %void_compute_output_buffer_2d_array_const_ap_shift_reg_n_chan_stream_weig_37, i12 %void_compute_output_buffer_2d_array_const_ap_shift_reg_n_chan_stream_weig_32, i12 %void_compute_output_buffer_2d_array_const_ap_shift_reg_n_chan_stream_weig_36, i12 %p_ZZN4nnet24compute_output_buffer_2dINS_5arrayI8ap_fixedILi12ELi6EL9ap_q_mode5EL9_207, i12 %p_ZZN4nnet24compute_output_buffer_2dINS_5arrayI8ap_fixedILi12ELi6EL9ap_q_mode5EL9_203, i12 %p_ZZN4nnet24compute_output_buffer_2dINS_5arrayI8ap_fixedILi12ELi6EL9ap_q_mode5EL9_208, i12 %p_ZZN4nnet24compute_output_buffer_2dINS_5arrayI8ap_fixedILi12ELi6EL9ap_q_mode5EL9_204, i12 %p_ZZN4nnet24compute_output_buffer_2dINS_5arrayI8ap_fixedILi12ELi6EL9ap_q_mode5EL9_209, i12 %p_ZZN4nnet24compute_output_buffer_2dINS_5arrayI8ap_fixedILi12ELi6EL9ap_q_mode5EL9_205, i12 %p_ZZN4nnet24compute_output_buffer_2dINS_5arrayI8ap_fixedILi12ELi6EL9ap_q_mode5EL9_210, i12 %p_ZZN4nnet24compute_output_buffer_2dINS_5arrayI8ap_fixedILi12ELi6EL9ap_q_mode5EL9_206, i12 %p_ZZN4nnet24compute_output_buffer_2dINS_5arrayI8ap_fixedILi12ELi6EL9ap_q_mode5EL9_219, i12 %p_ZZN4nnet24compute_output_buffer_2dINS_5arrayI8ap_fixedILi12ELi6EL9ap_q_mode5EL9_215, i12 %p_ZZN4nnet24compute_output_buffer_2dINS_5arrayI8ap_fixedILi12ELi6EL9ap_q_mode5EL9_220, i12 %p_ZZN4nnet24compute_output_buffer_2dINS_5arrayI8ap_fixedILi12ELi6EL9ap_q_mode5EL9_216, i12 %p_ZZN4nnet24compute_output_buffer_2dINS_5arrayI8ap_fixedILi12ELi6EL9ap_q_mode5EL9_221, i12 %p_ZZN4nnet24compute_output_buffer_2dINS_5arrayI8ap_fixedILi12ELi6EL9ap_q_mode5EL9_217, i12 %p_ZZN4nnet24compute_output_buffer_2dINS_5arrayI8ap_fixedILi12ELi6EL9ap_q_mode5EL9_222, i12 %p_ZZN4nnet24compute_output_buffer_2dINS_5arrayI8ap_fixedILi12ELi6EL9ap_q_mode5EL9_218, i12 %void_compute_output_buffer_2d_array_const_ap_shift_reg_n_chan_stream_weig_31, i12 %void_compute_output_buffer_2d_array_const_ap_shift_reg_n_chan_stream_weig_30, i12 %p_ZZN4nnet24compute_output_buffer_2dINS_5arrayI8ap_fixedILi12ELi6EL9ap_q_mode5EL9_201, i12 %p_ZZN4nnet24compute_output_buffer_2dINS_5arrayI8ap_fixedILi12ELi6EL9ap_q_mode5EL9_202, i12 %p_ZZN4nnet24compute_output_buffer_2dINS_5arrayI8ap_fixedILi12ELi6EL9ap_q_mode5EL9_211, i12 %p_ZZN4nnet24compute_output_buffer_2dINS_5arrayI8ap_fixedILi12ELi6EL9ap_q_mode5EL9_212, i12 %p_ZZN4nnet24compute_output_buffer_2dINS_5arrayI8ap_fixedILi12ELi6EL9ap_q_mode5EL9_213, i12 %p_ZZN4nnet24compute_output_buffer_2dINS_5arrayI8ap_fixedILi12ELi6EL9ap_q_mode5EL9_214, i12 %p_ZZN4nnet24compute_output_buffer_2dINS_5arrayI8ap_fixedILi12ELi6EL9ap_q_mode5EL9_223, i12 %p_ZZN4nnet24compute_output_buffer_2dINS_5arrayI8ap_fixedILi12ELi6EL9ap_q_mode5EL9_224, i12 %p_ZZN4nnet24compute_output_buffer_2dINS_5arrayI8ap_fixedILi12ELi6EL9ap_q_mode5EL9_225, i12 %p_ZZN4nnet24compute_output_buffer_2dINS_5arrayI8ap_fixedILi12ELi6EL9ap_q_mode5EL9_226, i12 %p_ZZN4nnet26conv_2d_buffer_resource_clINS_5arrayI8ap_fixedILi12ELi6EL9ap_q_mode5E_55, i12 %p_ZZN4nnet26conv_2d_buffer_resource_clINS_5arrayI8ap_fixedILi12ELi6EL9ap_q_mode5E_51, i12 %p_ZZN4nnet26conv_2d_buffer_resource_clINS_5arrayI8ap_fixedILi12ELi6EL9ap_q_mode5E_54, i12 %p_ZZN4nnet26conv_2d_buffer_resource_clINS_5arrayI8ap_fixedILi12ELi6EL9ap_q_mode5E_50, i12 %p_ZZN4nnet26conv_2d_buffer_resource_clINS_5arrayI8ap_fixedILi12ELi6EL9ap_q_mode5E_53, i12 %p_ZZN4nnet26conv_2d_buffer_resource_clINS_5arrayI8ap_fixedILi12ELi6EL9ap_q_mode5E_49, i12 %p_ZZN4nnet26conv_2d_buffer_resource_clINS_5arrayI8ap_fixedILi12ELi6EL9ap_q_mode5E_52, i12 %p_ZZN4nnet26conv_2d_buffer_resource_clINS_5arrayI8ap_fixedILi12ELi6EL9ap_q_mode5E_48, i32 %sX_3, i32 %sY_3, i32 %pY_3, i32 %pX_3, i138 %w9" [firmware/nnet_utils/nnet_conv2d_stream.h:58->firmware/nnet_utils/nnet_conv2d_stream.h:78]   --->   Operation 18 'call' 'call_ln58' <Predicate = (!icmp_ln52)> <Delay = 0.00> <CoreType = "Generic">   --->   Core 0 '' <Latency = 0> <II = 1> <Delay = 1.00> <Generic> <Opcode : >
ST_2 : Operation 19 [1/1] (0.53ns)   --->   "%store_ln52 = store i15 %add_ln52, i15 %indvar_flatten" [firmware/nnet_utils/nnet_conv2d_stream.h:52->firmware/nnet_utils/nnet_conv2d_stream.h:78]   --->   Operation 19 'store' 'store_ln52' <Predicate = (!icmp_ln52)> <Delay = 0.53>
ST_2 : Operation 20 [1/1] (0.00ns)   --->   "%ret_ln82 = ret" [firmware/nnet_utils/nnet_conv2d_stream.h:82]   --->   Operation 20 'ret' 'ret_ln82' <Predicate = (icmp_ln52)> <Delay = 0.00>

State 3 <SV = 2> <Delay = 0.00>
ST_3 : Operation 21 [1/1] (0.00ns)   --->   "%specloopname_ln0 = specloopname void @_ssdm_op_SpecLoopName, void @ReadInputHeight_ReadInputWidth_str"   --->   Operation 21 'specloopname' 'specloopname_ln0' <Predicate = true> <Delay = 0.00>
ST_3 : Operation 22 [1/1] (0.00ns)   --->   "%speclooptripcount_ln0 = speclooptripcount void @_ssdm_op_SpecLoopTripCount, i64 16641, i64 16641, i64 16641"   --->   Operation 22 'speclooptripcount' 'speclooptripcount_ln0' <Predicate = true> <Delay = 0.00>
ST_3 : Operation 23 [1/2] (0.00ns)   --->   "%call_ln58 = call void @compute_output_buffer_2d<array,array<ap_fixed<12,6,5,3,0>,6u>,config9>, i12 %trunc_ln58, i12 %trunc_ln58_s, i12 %trunc_ln58_99, i12 %trunc_ln58_100, i72 %layer9_out, i12 %void_compute_output_buffer_2d_array_const_ap_shift_reg_n_chan_stream_weig_35, i12 %void_compute_output_buffer_2d_array_const_ap_shift_reg_n_chan_stream_weig_39, i12 %void_compute_output_buffer_2d_array_const_ap_shift_reg_n_chan_stream_weig_34, i12 %void_compute_output_buffer_2d_array_const_ap_shift_reg_n_chan_stream_weig_38, i12 %void_compute_output_buffer_2d_array_const_ap_shift_reg_n_chan_stream_weig_33, i12 %void_compute_output_buffer_2d_array_const_ap_shift_reg_n_chan_stream_weig_37, i12 %void_compute_output_buffer_2d_array_const_ap_shift_reg_n_chan_stream_weig_32, i12 %void_compute_output_buffer_2d_array_const_ap_shift_reg_n_chan_stream_weig_36, i12 %p_ZZN4nnet24compute_output_buffer_2dINS_5arrayI8ap_fixedILi12ELi6EL9ap_q_mode5EL9_207, i12 %p_ZZN4nnet24compute_output_buffer_2dINS_5arrayI8ap_fixedILi12ELi6EL9ap_q_mode5EL9_203, i12 %p_ZZN4nnet24compute_output_buffer_2dINS_5arrayI8ap_fixedILi12ELi6EL9ap_q_mode5EL9_208, i12 %p_ZZN4nnet24compute_output_buffer_2dINS_5arrayI8ap_fixedILi12ELi6EL9ap_q_mode5EL9_204, i12 %p_ZZN4nnet24compute_output_buffer_2dINS_5arrayI8ap_fixedILi12ELi6EL9ap_q_mode5EL9_209, i12 %p_ZZN4nnet24compute_output_buffer_2dINS_5arrayI8ap_fixedILi12ELi6EL9ap_q_mode5EL9_205, i12 %p_ZZN4nnet24compute_output_buffer_2dINS_5arrayI8ap_fixedILi12ELi6EL9ap_q_mode5EL9_210, i12 %p_ZZN4nnet24compute_output_buffer_2dINS_5arrayI8ap_fixedILi12ELi6EL9ap_q_mode5EL9_206, i12 %p_ZZN4nnet24compute_output_buffer_2dINS_5arrayI8ap_fixedILi12ELi6EL9ap_q_mode5EL9_219, i12 %p_ZZN4nnet24compute_output_buffer_2dINS_5arrayI8ap_fixedILi12ELi6EL9ap_q_mode5EL9_215, i12 %p_ZZN4nnet24compute_output_buffer_2dINS_5arrayI8ap_fixedILi12ELi6EL9ap_q_mode5EL9_220, i12 %p_ZZN4nnet24compute_output_buffer_2dINS_5arrayI8ap_fixedILi12ELi6EL9ap_q_mode5EL9_216, i12 %p_ZZN4nnet24compute_output_buffer_2dINS_5arrayI8ap_fixedILi12ELi6EL9ap_q_mode5EL9_221, i12 %p_ZZN4nnet24compute_output_buffer_2dINS_5arrayI8ap_fixedILi12ELi6EL9ap_q_mode5EL9_217, i12 %p_ZZN4nnet24compute_output_buffer_2dINS_5arrayI8ap_fixedILi12ELi6EL9ap_q_mode5EL9_222, i12 %p_ZZN4nnet24compute_output_buffer_2dINS_5arrayI8ap_fixedILi12ELi6EL9ap_q_mode5EL9_218, i12 %void_compute_output_buffer_2d_array_const_ap_shift_reg_n_chan_stream_weig_31, i12 %void_compute_output_buffer_2d_array_const_ap_shift_reg_n_chan_stream_weig_30, i12 %p_ZZN4nnet24compute_output_buffer_2dINS_5arrayI8ap_fixedILi12ELi6EL9ap_q_mode5EL9_201, i12 %p_ZZN4nnet24compute_output_buffer_2dINS_5arrayI8ap_fixedILi12ELi6EL9ap_q_mode5EL9_202, i12 %p_ZZN4nnet24compute_output_buffer_2dINS_5arrayI8ap_fixedILi12ELi6EL9ap_q_mode5EL9_211, i12 %p_ZZN4nnet24compute_output_buffer_2dINS_5arrayI8ap_fixedILi12ELi6EL9ap_q_mode5EL9_212, i12 %p_ZZN4nnet24compute_output_buffer_2dINS_5arrayI8ap_fixedILi12ELi6EL9ap_q_mode5EL9_213, i12 %p_ZZN4nnet24compute_output_buffer_2dINS_5arrayI8ap_fixedILi12ELi6EL9ap_q_mode5EL9_214, i12 %p_ZZN4nnet24compute_output_buffer_2dINS_5arrayI8ap_fixedILi12ELi6EL9ap_q_mode5EL9_223, i12 %p_ZZN4nnet24compute_output_buffer_2dINS_5arrayI8ap_fixedILi12ELi6EL9ap_q_mode5EL9_224, i12 %p_ZZN4nnet24compute_output_buffer_2dINS_5arrayI8ap_fixedILi12ELi6EL9ap_q_mode5EL9_225, i12 %p_ZZN4nnet24compute_output_buffer_2dINS_5arrayI8ap_fixedILi12ELi6EL9ap_q_mode5EL9_226, i12 %p_ZZN4nnet26conv_2d_buffer_resource_clINS_5arrayI8ap_fixedILi12ELi6EL9ap_q_mode5E_55, i12 %p_ZZN4nnet26conv_2d_buffer_resource_clINS_5arrayI8ap_fixedILi12ELi6EL9ap_q_mode5E_51, i12 %p_ZZN4nnet26conv_2d_buffer_resource_clINS_5arrayI8ap_fixedILi12ELi6EL9ap_q_mode5E_54, i12 %p_ZZN4nnet26conv_2d_buffer_resource_clINS_5arrayI8ap_fixedILi12ELi6EL9ap_q_mode5E_50, i12 %p_ZZN4nnet26conv_2d_buffer_resource_clINS_5arrayI8ap_fixedILi12ELi6EL9ap_q_mode5E_53, i12 %p_ZZN4nnet26conv_2d_buffer_resource_clINS_5arrayI8ap_fixedILi12ELi6EL9ap_q_mode5E_49, i12 %p_ZZN4nnet26conv_2d_buffer_resource_clINS_5arrayI8ap_fixedILi12ELi6EL9ap_q_mode5E_52, i12 %p_ZZN4nnet26conv_2d_buffer_resource_clINS_5arrayI8ap_fixedILi12ELi6EL9ap_q_mode5E_48, i32 %sX_3, i32 %sY_3, i32 %pY_3, i32 %pX_3, i138 %w9" [firmware/nnet_utils/nnet_conv2d_stream.h:58->firmware/nnet_utils/nnet_conv2d_stream.h:78]   --->   Operation 23 'call' 'call_ln58' <Predicate = true> <Delay = 0.00> <CoreType = "Generic">   --->   Core 0 '' <Latency = 0> <II = 1> <Delay = 1.00> <Generic> <Opcode : >
ST_3 : Operation 24 [1/1] (0.00ns)   --->   "%br_ln54 = br void %for.body12.i" [firmware/nnet_utils/nnet_conv2d_stream.h:54->firmware/nnet_utils/nnet_conv2d_stream.h:78]   --->   Operation 24 'br' 'br_ln54' <Predicate = true> <Delay = 0.00>


============================================================
+ Verbose Summary: Binding
============================================================
STG Binding: 
---------------- STG Properties BEGIN ----------------
- Is combinational: 0
- Is one-state seq: 0
- Is datapath-only: 0
- Is pipelined: 0
- Is top level: 0
Port [ Return ] is wired: 1; IO mode=ap_ctrl_hs:ce=0
Port [ layer32_out]:  wired=1; compound=1; hidden=0; nouse=0; global=0; static=0; extern=0; dir=0; type=3; pingpong=0; private_global=0; IO mode=ap_fifo:ce=0
Port [ layer9_out]:  wired=1; compound=1; hidden=0; nouse=0; global=0; static=0; extern=0; dir=1; type=3; pingpong=0; private_global=0; IO mode=ap_fifo:ce=0
Port [ void_compute_output_buffer_2d_array_const_ap_shift_reg_n_chan_stream_weig_35]:  wired=0; compound=0; hidden=1; nouse=1; global=1; static=1; extern=0; dir=2; type=0; pingpong=0; private_global=0; IO mode=ap_ovld:ce=0
Port [ void_compute_output_buffer_2d_array_const_ap_shift_reg_n_chan_stream_weig_39]:  wired=0; compound=0; hidden=1; nouse=1; global=1; static=1; extern=0; dir=2; type=0; pingpong=0; private_global=0; IO mode=ap_ovld:ce=0
Port [ void_compute_output_buffer_2d_array_const_ap_shift_reg_n_chan_stream_weig_34]:  wired=0; compound=0; hidden=1; nouse=1; global=1; static=1; extern=0; dir=2; type=0; pingpong=0; private_global=0; IO mode=ap_ovld:ce=0
Port [ void_compute_output_buffer_2d_array_const_ap_shift_reg_n_chan_stream_weig_38]:  wired=0; compound=0; hidden=1; nouse=1; global=1; static=1; extern=0; dir=2; type=0; pingpong=0; private_global=0; IO mode=ap_ovld:ce=0
Port [ void_compute_output_buffer_2d_array_const_ap_shift_reg_n_chan_stream_weig_33]:  wired=0; compound=0; hidden=1; nouse=1; global=1; static=1; extern=0; dir=2; type=0; pingpong=0; private_global=0; IO mode=ap_ovld:ce=0
Port [ void_compute_output_buffer_2d_array_const_ap_shift_reg_n_chan_stream_weig_37]:  wired=0; compound=0; hidden=1; nouse=1; global=1; static=1; extern=0; dir=2; type=0; pingpong=0; private_global=0; IO mode=ap_ovld:ce=0
Port [ void_compute_output_buffer_2d_array_const_ap_shift_reg_n_chan_stream_weig_32]:  wired=0; compound=0; hidden=1; nouse=1; global=1; static=1; extern=0; dir=2; type=0; pingpong=0; private_global=0; IO mode=ap_ovld:ce=0
Port [ void_compute_output_buffer_2d_array_const_ap_shift_reg_n_chan_stream_weig_36]:  wired=0; compound=0; hidden=1; nouse=1; global=1; static=1; extern=0; dir=2; type=0; pingpong=0; private_global=0; IO mode=ap_ovld:ce=0
Port [ p_ZZN4nnet24compute_output_buffer_2dINS_5arrayI8ap_fixedILi12ELi6EL9ap_q_mode5EL9_207]:  wired=0; compound=0; hidden=1; nouse=1; global=1; static=1; extern=0; dir=2; type=0; pingpong=0; private_global=0; IO mode=ap_ovld:ce=0
Port [ p_ZZN4nnet24compute_output_buffer_2dINS_5arrayI8ap_fixedILi12ELi6EL9ap_q_mode5EL9_203]:  wired=0; compound=0; hidden=1; nouse=1; global=1; static=1; extern=0; dir=2; type=0; pingpong=0; private_global=0; IO mode=ap_ovld:ce=0
Port [ p_ZZN4nnet24compute_output_buffer_2dINS_5arrayI8ap_fixedILi12ELi6EL9ap_q_mode5EL9_208]:  wired=0; compound=0; hidden=1; nouse=1; global=1; static=1; extern=0; dir=2; type=0; pingpong=0; private_global=0; IO mode=ap_ovld:ce=0
Port [ p_ZZN4nnet24compute_output_buffer_2dINS_5arrayI8ap_fixedILi12ELi6EL9ap_q_mode5EL9_204]:  wired=0; compound=0; hidden=1; nouse=1; global=1; static=1; extern=0; dir=2; type=0; pingpong=0; private_global=0; IO mode=ap_ovld:ce=0
Port [ p_ZZN4nnet24compute_output_buffer_2dINS_5arrayI8ap_fixedILi12ELi6EL9ap_q_mode5EL9_209]:  wired=0; compound=0; hidden=1; nouse=1; global=1; static=1; extern=0; dir=2; type=0; pingpong=0; private_global=0; IO mode=ap_ovld:ce=0
Port [ p_ZZN4nnet24compute_output_buffer_2dINS_5arrayI8ap_fixedILi12ELi6EL9ap_q_mode5EL9_205]:  wired=0; compound=0; hidden=1; nouse=1; global=1; static=1; extern=0; dir=2; type=0; pingpong=0; private_global=0; IO mode=ap_ovld:ce=0
Port [ p_ZZN4nnet24compute_output_buffer_2dINS_5arrayI8ap_fixedILi12ELi6EL9ap_q_mode5EL9_210]:  wired=0; compound=0; hidden=1; nouse=1; global=1; static=1; extern=0; dir=2; type=0; pingpong=0; private_global=0; IO mode=ap_ovld:ce=0
Port [ p_ZZN4nnet24compute_output_buffer_2dINS_5arrayI8ap_fixedILi12ELi6EL9ap_q_mode5EL9_206]:  wired=0; compound=0; hidden=1; nouse=1; global=1; static=1; extern=0; dir=2; type=0; pingpong=0; private_global=0; IO mode=ap_ovld:ce=0
Port [ p_ZZN4nnet24compute_output_buffer_2dINS_5arrayI8ap_fixedILi12ELi6EL9ap_q_mode5EL9_219]:  wired=0; compound=0; hidden=1; nouse=1; global=1; static=1; extern=0; dir=2; type=0; pingpong=0; private_global=0; IO mode=ap_ovld:ce=0
Port [ p_ZZN4nnet24compute_output_buffer_2dINS_5arrayI8ap_fixedILi12ELi6EL9ap_q_mode5EL9_215]:  wired=0; compound=0; hidden=1; nouse=1; global=1; static=1; extern=0; dir=2; type=0; pingpong=0; private_global=0; IO mode=ap_ovld:ce=0
Port [ p_ZZN4nnet24compute_output_buffer_2dINS_5arrayI8ap_fixedILi12ELi6EL9ap_q_mode5EL9_220]:  wired=0; compound=0; hidden=1; nouse=1; global=1; static=1; extern=0; dir=2; type=0; pingpong=0; private_global=0; IO mode=ap_ovld:ce=0
Port [ p_ZZN4nnet24compute_output_buffer_2dINS_5arrayI8ap_fixedILi12ELi6EL9ap_q_mode5EL9_216]:  wired=0; compound=0; hidden=1; nouse=1; global=1; static=1; extern=0; dir=2; type=0; pingpong=0; private_global=0; IO mode=ap_ovld:ce=0
Port [ p_ZZN4nnet24compute_output_buffer_2dINS_5arrayI8ap_fixedILi12ELi6EL9ap_q_mode5EL9_221]:  wired=0; compound=0; hidden=1; nouse=1; global=1; static=1; extern=0; dir=2; type=0; pingpong=0; private_global=0; IO mode=ap_ovld:ce=0
Port [ p_ZZN4nnet24compute_output_buffer_2dINS_5arrayI8ap_fixedILi12ELi6EL9ap_q_mode5EL9_217]:  wired=0; compound=0; hidden=1; nouse=1; global=1; static=1; extern=0; dir=2; type=0; pingpong=0; private_global=0; IO mode=ap_ovld:ce=0
Port [ p_ZZN4nnet24compute_output_buffer_2dINS_5arrayI8ap_fixedILi12ELi6EL9ap_q_mode5EL9_222]:  wired=0; compound=0; hidden=1; nouse=1; global=1; static=1; extern=0; dir=2; type=0; pingpong=0; private_global=0; IO mode=ap_ovld:ce=0
Port [ p_ZZN4nnet24compute_output_buffer_2dINS_5arrayI8ap_fixedILi12ELi6EL9ap_q_mode5EL9_218]:  wired=0; compound=0; hidden=1; nouse=1; global=1; static=1; extern=0; dir=2; type=0; pingpong=0; private_global=0; IO mode=ap_ovld:ce=0
Port [ void_compute_output_buffer_2d_array_const_ap_shift_reg_n_chan_stream_weig_31]:  wired=0; compound=0; hidden=1; nouse=1; global=1; static=1; extern=0; dir=2; type=0; pingpong=0; private_global=0; IO mode=ap_ovld:ce=0
Port [ void_compute_output_buffer_2d_array_const_ap_shift_reg_n_chan_stream_weig_30]:  wired=0; compound=0; hidden=1; nouse=1; global=1; static=1; extern=0; dir=2; type=0; pingpong=0; private_global=0; IO mode=ap_ovld:ce=0
Port [ p_ZZN4nnet24compute_output_buffer_2dINS_5arrayI8ap_fixedILi12ELi6EL9ap_q_mode5EL9_201]:  wired=0; compound=0; hidden=1; nouse=1; global=1; static=1; extern=0; dir=2; type=0; pingpong=0; private_global=0; IO mode=ap_ovld:ce=0
Port [ p_ZZN4nnet24compute_output_buffer_2dINS_5arrayI8ap_fixedILi12ELi6EL9ap_q_mode5EL9_202]:  wired=0; compound=0; hidden=1; nouse=1; global=1; static=1; extern=0; dir=2; type=0; pingpong=0; private_global=0; IO mode=ap_ovld:ce=0
Port [ p_ZZN4nnet24compute_output_buffer_2dINS_5arrayI8ap_fixedILi12ELi6EL9ap_q_mode5EL9_211]:  wired=0; compound=0; hidden=1; nouse=1; global=1; static=1; extern=0; dir=2; type=0; pingpong=0; private_global=0; IO mode=ap_ovld:ce=0
Port [ p_ZZN4nnet24compute_output_buffer_2dINS_5arrayI8ap_fixedILi12ELi6EL9ap_q_mode5EL9_212]:  wired=0; compound=0; hidden=1; nouse=1; global=1; static=1; extern=0; dir=2; type=0; pingpong=0; private_global=0; IO mode=ap_ovld:ce=0
Port [ p_ZZN4nnet24compute_output_buffer_2dINS_5arrayI8ap_fixedILi12ELi6EL9ap_q_mode5EL9_213]:  wired=0; compound=0; hidden=1; nouse=1; global=1; static=1; extern=0; dir=2; type=0; pingpong=0; private_global=0; IO mode=ap_ovld:ce=0
Port [ p_ZZN4nnet24compute_output_buffer_2dINS_5arrayI8ap_fixedILi12ELi6EL9ap_q_mode5EL9_214]:  wired=0; compound=0; hidden=1; nouse=1; global=1; static=1; extern=0; dir=2; type=0; pingpong=0; private_global=0; IO mode=ap_ovld:ce=0
Port [ p_ZZN4nnet24compute_output_buffer_2dINS_5arrayI8ap_fixedILi12ELi6EL9ap_q_mode5EL9_223]:  wired=0; compound=0; hidden=1; nouse=1; global=1; static=1; extern=0; dir=2; type=0; pingpong=0; private_global=0; IO mode=ap_ovld:ce=0
Port [ p_ZZN4nnet24compute_output_buffer_2dINS_5arrayI8ap_fixedILi12ELi6EL9ap_q_mode5EL9_224]:  wired=0; compound=0; hidden=1; nouse=1; global=1; static=1; extern=0; dir=2; type=0; pingpong=0; private_global=0; IO mode=ap_ovld:ce=0
Port [ p_ZZN4nnet24compute_output_buffer_2dINS_5arrayI8ap_fixedILi12ELi6EL9ap_q_mode5EL9_225]:  wired=0; compound=0; hidden=1; nouse=1; global=1; static=1; extern=0; dir=2; type=0; pingpong=0; private_global=0; IO mode=ap_ovld:ce=0
Port [ p_ZZN4nnet24compute_output_buffer_2dINS_5arrayI8ap_fixedILi12ELi6EL9ap_q_mode5EL9_226]:  wired=0; compound=0; hidden=1; nouse=1; global=1; static=1; extern=0; dir=2; type=0; pingpong=0; private_global=0; IO mode=ap_ovld:ce=0
Port [ p_ZZN4nnet26conv_2d_buffer_resource_clINS_5arrayI8ap_fixedILi12ELi6EL9ap_q_mode5E_55]:  wired=0; compound=1; hidden=1; nouse=1; global=1; static=1; extern=0; dir=3; type=1; pingpong=0; private_global=0; MemPort=[2]; IO mode=ap_memory:ce=0
Port [ p_ZZN4nnet26conv_2d_buffer_resource_clINS_5arrayI8ap_fixedILi12ELi6EL9ap_q_mode5E_51]:  wired=0; compound=1; hidden=1; nouse=1; global=1; static=1; extern=0; dir=3; type=1; pingpong=0; private_global=0; MemPort=[2]; IO mode=ap_memory:ce=0
Port [ p_ZZN4nnet26conv_2d_buffer_resource_clINS_5arrayI8ap_fixedILi12ELi6EL9ap_q_mode5E_54]:  wired=0; compound=1; hidden=1; nouse=1; global=1; static=1; extern=0; dir=3; type=1; pingpong=0; private_global=0; MemPort=[2]; IO mode=ap_memory:ce=0
Port [ p_ZZN4nnet26conv_2d_buffer_resource_clINS_5arrayI8ap_fixedILi12ELi6EL9ap_q_mode5E_50]:  wired=0; compound=1; hidden=1; nouse=1; global=1; static=1; extern=0; dir=3; type=1; pingpong=0; private_global=0; MemPort=[2]; IO mode=ap_memory:ce=0
Port [ p_ZZN4nnet26conv_2d_buffer_resource_clINS_5arrayI8ap_fixedILi12ELi6EL9ap_q_mode5E_53]:  wired=0; compound=1; hidden=1; nouse=1; global=1; static=1; extern=0; dir=3; type=1; pingpong=0; private_global=0; MemPort=[2]; IO mode=ap_memory:ce=0
Port [ p_ZZN4nnet26conv_2d_buffer_resource_clINS_5arrayI8ap_fixedILi12ELi6EL9ap_q_mode5E_49]:  wired=0; compound=1; hidden=1; nouse=1; global=1; static=1; extern=0; dir=3; type=1; pingpong=0; private_global=0; MemPort=[2]; IO mode=ap_memory:ce=0
Port [ p_ZZN4nnet26conv_2d_buffer_resource_clINS_5arrayI8ap_fixedILi12ELi6EL9ap_q_mode5E_52]:  wired=0; compound=1; hidden=1; nouse=1; global=1; static=1; extern=0; dir=3; type=1; pingpong=0; private_global=0; MemPort=[2]; IO mode=ap_memory:ce=0
Port [ p_ZZN4nnet26conv_2d_buffer_resource_clINS_5arrayI8ap_fixedILi12ELi6EL9ap_q_mode5E_48]:  wired=0; compound=1; hidden=1; nouse=1; global=1; static=1; extern=0; dir=3; type=1; pingpong=0; private_global=0; MemPort=[2]; IO mode=ap_memory:ce=0
Port [ sX_3]:  wired=0; compound=0; hidden=1; nouse=1; global=1; static=1; extern=0; dir=2; type=0; pingpong=0; private_global=0; IO mode=ap_ovld:ce=0
Port [ sY_3]:  wired=0; compound=0; hidden=1; nouse=1; global=1; static=1; extern=0; dir=2; type=0; pingpong=0; private_global=0; IO mode=ap_ovld:ce=0
Port [ pY_3]:  wired=0; compound=0; hidden=1; nouse=1; global=1; static=1; extern=0; dir=2; type=0; pingpong=0; private_global=0; IO mode=ap_ovld:ce=0
Port [ pX_3]:  wired=0; compound=0; hidden=1; nouse=1; global=1; static=1; extern=0; dir=2; type=0; pingpong=0; private_global=0; IO mode=ap_ovld:ce=0
Port [ w9]:  wired=0; compound=1; hidden=1; nouse=1; global=1; static=1; extern=0; dir=0; type=1; pingpong=0; private_global=0; MemPort=[1]; IO mode=ap_memory:ce=0
---------------- STG Properties END ------------------

---------------- Datapath Model BEGIN ----------------

<LifeTime>
<method=bitvector/>
indvar_flatten        (alloca           ) [ 0111]
specinterface_ln0     (specinterface    ) [ 0000]
specinterface_ln0     (specinterface    ) [ 0000]
store_ln0             (store            ) [ 0000]
br_ln52               (br               ) [ 0000]
indvar_flatten_load   (load             ) [ 0000]
icmp_ln52             (icmp             ) [ 0011]
add_ln52              (add              ) [ 0000]
br_ln52               (br               ) [ 0000]
layer32_out_read      (read             ) [ 0000]
trunc_ln58            (trunc            ) [ 0001]
trunc_ln58_s          (partselect       ) [ 0001]
trunc_ln58_99         (partselect       ) [ 0001]
trunc_ln58_100        (partselect       ) [ 0001]
store_ln52            (store            ) [ 0000]
ret_ln82              (ret              ) [ 0000]
specloopname_ln0      (specloopname     ) [ 0000]
speclooptripcount_ln0 (speclooptripcount) [ 0000]
call_ln58             (call             ) [ 0000]
br_ln54               (br               ) [ 0000]
</LifeTime>

<model>

<comp_list>
<comp id="0" class="1000" name="layer32_out">
<pin_list>
<pin id="1" dir="1" index="0" bw="1" slack="0"/>
</pin_list>
<bind>
<StgValue><ssdm name="layer32_out"/></StgValue>
</bind>
</comp>

<comp id="2" class="1000" name="layer9_out">
<pin_list>
<pin id="3" dir="1" index="0" bw="1" slack="0"/>
</pin_list>
<bind>
<StgValue><ssdm name="layer9_out"/></StgValue>
</bind>
</comp>

<comp id="4" class="1000" name="void_compute_output_buffer_2d_array_const_ap_shift_reg_n_chan_stream_weig_35">
<pin_list>
<pin id="5" dir="1" index="0" bw="1" slack="0"/>
</pin_list>
<bind>
<StgValue><ssdm name="void_compute_output_buffer_2d_array_const_ap_shift_reg_n_chan_stream_weig_35"/></StgValue>
</bind>
</comp>

<comp id="6" class="1000" name="void_compute_output_buffer_2d_array_const_ap_shift_reg_n_chan_stream_weig_39">
<pin_list>
<pin id="7" dir="1" index="0" bw="1" slack="0"/>
</pin_list>
<bind>
<StgValue><ssdm name="void_compute_output_buffer_2d_array_const_ap_shift_reg_n_chan_stream_weig_39"/></StgValue>
</bind>
</comp>

<comp id="8" class="1000" name="void_compute_output_buffer_2d_array_const_ap_shift_reg_n_chan_stream_weig_34">
<pin_list>
<pin id="9" dir="1" index="0" bw="1" slack="0"/>
</pin_list>
<bind>
<StgValue><ssdm name="void_compute_output_buffer_2d_array_const_ap_shift_reg_n_chan_stream_weig_34"/></StgValue>
</bind>
</comp>

<comp id="10" class="1000" name="void_compute_output_buffer_2d_array_const_ap_shift_reg_n_chan_stream_weig_38">
<pin_list>
<pin id="11" dir="1" index="0" bw="1" slack="0"/>
</pin_list>
<bind>
<StgValue><ssdm name="void_compute_output_buffer_2d_array_const_ap_shift_reg_n_chan_stream_weig_38"/></StgValue>
</bind>
</comp>

<comp id="12" class="1000" name="void_compute_output_buffer_2d_array_const_ap_shift_reg_n_chan_stream_weig_33">
<pin_list>
<pin id="13" dir="1" index="0" bw="1" slack="0"/>
</pin_list>
<bind>
<StgValue><ssdm name="void_compute_output_buffer_2d_array_const_ap_shift_reg_n_chan_stream_weig_33"/></StgValue>
</bind>
</comp>

<comp id="14" class="1000" name="void_compute_output_buffer_2d_array_const_ap_shift_reg_n_chan_stream_weig_37">
<pin_list>
<pin id="15" dir="1" index="0" bw="1" slack="0"/>
</pin_list>
<bind>
<StgValue><ssdm name="void_compute_output_buffer_2d_array_const_ap_shift_reg_n_chan_stream_weig_37"/></StgValue>
</bind>
</comp>

<comp id="16" class="1000" name="void_compute_output_buffer_2d_array_const_ap_shift_reg_n_chan_stream_weig_32">
<pin_list>
<pin id="17" dir="1" index="0" bw="1" slack="0"/>
</pin_list>
<bind>
<StgValue><ssdm name="void_compute_output_buffer_2d_array_const_ap_shift_reg_n_chan_stream_weig_32"/></StgValue>
</bind>
</comp>

<comp id="18" class="1000" name="void_compute_output_buffer_2d_array_const_ap_shift_reg_n_chan_stream_weig_36">
<pin_list>
<pin id="19" dir="1" index="0" bw="1" slack="0"/>
</pin_list>
<bind>
<StgValue><ssdm name="void_compute_output_buffer_2d_array_const_ap_shift_reg_n_chan_stream_weig_36"/></StgValue>
</bind>
</comp>

<comp id="20" class="1000" name="p_ZZN4nnet24compute_output_buffer_2dINS_5arrayI8ap_fixedILi12ELi6EL9ap_q_mode5EL9_207">
<pin_list>
<pin id="21" dir="1" index="0" bw="1" slack="0"/>
</pin_list>
<bind>
<StgValue><ssdm name="p_ZZN4nnet24compute_output_buffer_2dINS_5arrayI8ap_fixedILi12ELi6EL9ap_q_mode5EL9_207"/></StgValue>
</bind>
</comp>

<comp id="22" class="1000" name="p_ZZN4nnet24compute_output_buffer_2dINS_5arrayI8ap_fixedILi12ELi6EL9ap_q_mode5EL9_203">
<pin_list>
<pin id="23" dir="1" index="0" bw="1" slack="0"/>
</pin_list>
<bind>
<StgValue><ssdm name="p_ZZN4nnet24compute_output_buffer_2dINS_5arrayI8ap_fixedILi12ELi6EL9ap_q_mode5EL9_203"/></StgValue>
</bind>
</comp>

<comp id="24" class="1000" name="p_ZZN4nnet24compute_output_buffer_2dINS_5arrayI8ap_fixedILi12ELi6EL9ap_q_mode5EL9_208">
<pin_list>
<pin id="25" dir="1" index="0" bw="1" slack="0"/>
</pin_list>
<bind>
<StgValue><ssdm name="p_ZZN4nnet24compute_output_buffer_2dINS_5arrayI8ap_fixedILi12ELi6EL9ap_q_mode5EL9_208"/></StgValue>
</bind>
</comp>

<comp id="26" class="1000" name="p_ZZN4nnet24compute_output_buffer_2dINS_5arrayI8ap_fixedILi12ELi6EL9ap_q_mode5EL9_204">
<pin_list>
<pin id="27" dir="1" index="0" bw="1" slack="0"/>
</pin_list>
<bind>
<StgValue><ssdm name="p_ZZN4nnet24compute_output_buffer_2dINS_5arrayI8ap_fixedILi12ELi6EL9ap_q_mode5EL9_204"/></StgValue>
</bind>
</comp>

<comp id="28" class="1000" name="p_ZZN4nnet24compute_output_buffer_2dINS_5arrayI8ap_fixedILi12ELi6EL9ap_q_mode5EL9_209">
<pin_list>
<pin id="29" dir="1" index="0" bw="1" slack="0"/>
</pin_list>
<bind>
<StgValue><ssdm name="p_ZZN4nnet24compute_output_buffer_2dINS_5arrayI8ap_fixedILi12ELi6EL9ap_q_mode5EL9_209"/></StgValue>
</bind>
</comp>

<comp id="30" class="1000" name="p_ZZN4nnet24compute_output_buffer_2dINS_5arrayI8ap_fixedILi12ELi6EL9ap_q_mode5EL9_205">
<pin_list>
<pin id="31" dir="1" index="0" bw="1" slack="0"/>
</pin_list>
<bind>
<StgValue><ssdm name="p_ZZN4nnet24compute_output_buffer_2dINS_5arrayI8ap_fixedILi12ELi6EL9ap_q_mode5EL9_205"/></StgValue>
</bind>
</comp>

<comp id="32" class="1000" name="p_ZZN4nnet24compute_output_buffer_2dINS_5arrayI8ap_fixedILi12ELi6EL9ap_q_mode5EL9_210">
<pin_list>
<pin id="33" dir="1" index="0" bw="1" slack="0"/>
</pin_list>
<bind>
<StgValue><ssdm name="p_ZZN4nnet24compute_output_buffer_2dINS_5arrayI8ap_fixedILi12ELi6EL9ap_q_mode5EL9_210"/></StgValue>
</bind>
</comp>

<comp id="34" class="1000" name="p_ZZN4nnet24compute_output_buffer_2dINS_5arrayI8ap_fixedILi12ELi6EL9ap_q_mode5EL9_206">
<pin_list>
<pin id="35" dir="1" index="0" bw="1" slack="0"/>
</pin_list>
<bind>
<StgValue><ssdm name="p_ZZN4nnet24compute_output_buffer_2dINS_5arrayI8ap_fixedILi12ELi6EL9ap_q_mode5EL9_206"/></StgValue>
</bind>
</comp>

<comp id="36" class="1000" name="p_ZZN4nnet24compute_output_buffer_2dINS_5arrayI8ap_fixedILi12ELi6EL9ap_q_mode5EL9_219">
<pin_list>
<pin id="37" dir="1" index="0" bw="1" slack="0"/>
</pin_list>
<bind>
<StgValue><ssdm name="p_ZZN4nnet24compute_output_buffer_2dINS_5arrayI8ap_fixedILi12ELi6EL9ap_q_mode5EL9_219"/></StgValue>
</bind>
</comp>

<comp id="38" class="1000" name="p_ZZN4nnet24compute_output_buffer_2dINS_5arrayI8ap_fixedILi12ELi6EL9ap_q_mode5EL9_215">
<pin_list>
<pin id="39" dir="1" index="0" bw="1" slack="0"/>
</pin_list>
<bind>
<StgValue><ssdm name="p_ZZN4nnet24compute_output_buffer_2dINS_5arrayI8ap_fixedILi12ELi6EL9ap_q_mode5EL9_215"/></StgValue>
</bind>
</comp>

<comp id="40" class="1000" name="p_ZZN4nnet24compute_output_buffer_2dINS_5arrayI8ap_fixedILi12ELi6EL9ap_q_mode5EL9_220">
<pin_list>
<pin id="41" dir="1" index="0" bw="1" slack="0"/>
</pin_list>
<bind>
<StgValue><ssdm name="p_ZZN4nnet24compute_output_buffer_2dINS_5arrayI8ap_fixedILi12ELi6EL9ap_q_mode5EL9_220"/></StgValue>
</bind>
</comp>

<comp id="42" class="1000" name="p_ZZN4nnet24compute_output_buffer_2dINS_5arrayI8ap_fixedILi12ELi6EL9ap_q_mode5EL9_216">
<pin_list>
<pin id="43" dir="1" index="0" bw="1" slack="0"/>
</pin_list>
<bind>
<StgValue><ssdm name="p_ZZN4nnet24compute_output_buffer_2dINS_5arrayI8ap_fixedILi12ELi6EL9ap_q_mode5EL9_216"/></StgValue>
</bind>
</comp>

<comp id="44" class="1000" name="p_ZZN4nnet24compute_output_buffer_2dINS_5arrayI8ap_fixedILi12ELi6EL9ap_q_mode5EL9_221">
<pin_list>
<pin id="45" dir="1" index="0" bw="1" slack="0"/>
</pin_list>
<bind>
<StgValue><ssdm name="p_ZZN4nnet24compute_output_buffer_2dINS_5arrayI8ap_fixedILi12ELi6EL9ap_q_mode5EL9_221"/></StgValue>
</bind>
</comp>

<comp id="46" class="1000" name="p_ZZN4nnet24compute_output_buffer_2dINS_5arrayI8ap_fixedILi12ELi6EL9ap_q_mode5EL9_217">
<pin_list>
<pin id="47" dir="1" index="0" bw="1" slack="0"/>
</pin_list>
<bind>
<StgValue><ssdm name="p_ZZN4nnet24compute_output_buffer_2dINS_5arrayI8ap_fixedILi12ELi6EL9ap_q_mode5EL9_217"/></StgValue>
</bind>
</comp>

<comp id="48" class="1000" name="p_ZZN4nnet24compute_output_buffer_2dINS_5arrayI8ap_fixedILi12ELi6EL9ap_q_mode5EL9_222">
<pin_list>
<pin id="49" dir="1" index="0" bw="1" slack="0"/>
</pin_list>
<bind>
<StgValue><ssdm name="p_ZZN4nnet24compute_output_buffer_2dINS_5arrayI8ap_fixedILi12ELi6EL9ap_q_mode5EL9_222"/></StgValue>
</bind>
</comp>

<comp id="50" class="1000" name="p_ZZN4nnet24compute_output_buffer_2dINS_5arrayI8ap_fixedILi12ELi6EL9ap_q_mode5EL9_218">
<pin_list>
<pin id="51" dir="1" index="0" bw="1" slack="0"/>
</pin_list>
<bind>
<StgValue><ssdm name="p_ZZN4nnet24compute_output_buffer_2dINS_5arrayI8ap_fixedILi12ELi6EL9ap_q_mode5EL9_218"/></StgValue>
</bind>
</comp>

<comp id="52" class="1000" name="void_compute_output_buffer_2d_array_const_ap_shift_reg_n_chan_stream_weig_31">
<pin_list>
<pin id="53" dir="1" index="0" bw="1" slack="0"/>
</pin_list>
<bind>
<StgValue><ssdm name="void_compute_output_buffer_2d_array_const_ap_shift_reg_n_chan_stream_weig_31"/></StgValue>
</bind>
</comp>

<comp id="54" class="1000" name="void_compute_output_buffer_2d_array_const_ap_shift_reg_n_chan_stream_weig_30">
<pin_list>
<pin id="55" dir="1" index="0" bw="1" slack="0"/>
</pin_list>
<bind>
<StgValue><ssdm name="void_compute_output_buffer_2d_array_const_ap_shift_reg_n_chan_stream_weig_30"/></StgValue>
</bind>
</comp>

<comp id="56" class="1000" name="p_ZZN4nnet24compute_output_buffer_2dINS_5arrayI8ap_fixedILi12ELi6EL9ap_q_mode5EL9_201">
<pin_list>
<pin id="57" dir="1" index="0" bw="1" slack="0"/>
</pin_list>
<bind>
<StgValue><ssdm name="p_ZZN4nnet24compute_output_buffer_2dINS_5arrayI8ap_fixedILi12ELi6EL9ap_q_mode5EL9_201"/></StgValue>
</bind>
</comp>

<comp id="58" class="1000" name="p_ZZN4nnet24compute_output_buffer_2dINS_5arrayI8ap_fixedILi12ELi6EL9ap_q_mode5EL9_202">
<pin_list>
<pin id="59" dir="1" index="0" bw="1" slack="0"/>
</pin_list>
<bind>
<StgValue><ssdm name="p_ZZN4nnet24compute_output_buffer_2dINS_5arrayI8ap_fixedILi12ELi6EL9ap_q_mode5EL9_202"/></StgValue>
</bind>
</comp>

<comp id="60" class="1000" name="p_ZZN4nnet24compute_output_buffer_2dINS_5arrayI8ap_fixedILi12ELi6EL9ap_q_mode5EL9_211">
<pin_list>
<pin id="61" dir="1" index="0" bw="1" slack="0"/>
</pin_list>
<bind>
<StgValue><ssdm name="p_ZZN4nnet24compute_output_buffer_2dINS_5arrayI8ap_fixedILi12ELi6EL9ap_q_mode5EL9_211"/></StgValue>
</bind>
</comp>

<comp id="62" class="1000" name="p_ZZN4nnet24compute_output_buffer_2dINS_5arrayI8ap_fixedILi12ELi6EL9ap_q_mode5EL9_212">
<pin_list>
<pin id="63" dir="1" index="0" bw="1" slack="0"/>
</pin_list>
<bind>
<StgValue><ssdm name="p_ZZN4nnet24compute_output_buffer_2dINS_5arrayI8ap_fixedILi12ELi6EL9ap_q_mode5EL9_212"/></StgValue>
</bind>
</comp>

<comp id="64" class="1000" name="p_ZZN4nnet24compute_output_buffer_2dINS_5arrayI8ap_fixedILi12ELi6EL9ap_q_mode5EL9_213">
<pin_list>
<pin id="65" dir="1" index="0" bw="1" slack="0"/>
</pin_list>
<bind>
<StgValue><ssdm name="p_ZZN4nnet24compute_output_buffer_2dINS_5arrayI8ap_fixedILi12ELi6EL9ap_q_mode5EL9_213"/></StgValue>
</bind>
</comp>

<comp id="66" class="1000" name="p_ZZN4nnet24compute_output_buffer_2dINS_5arrayI8ap_fixedILi12ELi6EL9ap_q_mode5EL9_214">
<pin_list>
<pin id="67" dir="1" index="0" bw="1" slack="0"/>
</pin_list>
<bind>
<StgValue><ssdm name="p_ZZN4nnet24compute_output_buffer_2dINS_5arrayI8ap_fixedILi12ELi6EL9ap_q_mode5EL9_214"/></StgValue>
</bind>
</comp>

<comp id="68" class="1000" name="p_ZZN4nnet24compute_output_buffer_2dINS_5arrayI8ap_fixedILi12ELi6EL9ap_q_mode5EL9_223">
<pin_list>
<pin id="69" dir="1" index="0" bw="1" slack="0"/>
</pin_list>
<bind>
<StgValue><ssdm name="p_ZZN4nnet24compute_output_buffer_2dINS_5arrayI8ap_fixedILi12ELi6EL9ap_q_mode5EL9_223"/></StgValue>
</bind>
</comp>

<comp id="70" class="1000" name="p_ZZN4nnet24compute_output_buffer_2dINS_5arrayI8ap_fixedILi12ELi6EL9ap_q_mode5EL9_224">
<pin_list>
<pin id="71" dir="1" index="0" bw="1" slack="0"/>
</pin_list>
<bind>
<StgValue><ssdm name="p_ZZN4nnet24compute_output_buffer_2dINS_5arrayI8ap_fixedILi12ELi6EL9ap_q_mode5EL9_224"/></StgValue>
</bind>
</comp>

<comp id="72" class="1000" name="p_ZZN4nnet24compute_output_buffer_2dINS_5arrayI8ap_fixedILi12ELi6EL9ap_q_mode5EL9_225">
<pin_list>
<pin id="73" dir="1" index="0" bw="1" slack="0"/>
</pin_list>
<bind>
<StgValue><ssdm name="p_ZZN4nnet24compute_output_buffer_2dINS_5arrayI8ap_fixedILi12ELi6EL9ap_q_mode5EL9_225"/></StgValue>
</bind>
</comp>

<comp id="74" class="1000" name="p_ZZN4nnet24compute_output_buffer_2dINS_5arrayI8ap_fixedILi12ELi6EL9ap_q_mode5EL9_226">
<pin_list>
<pin id="75" dir="1" index="0" bw="1" slack="0"/>
</pin_list>
<bind>
<StgValue><ssdm name="p_ZZN4nnet24compute_output_buffer_2dINS_5arrayI8ap_fixedILi12ELi6EL9ap_q_mode5EL9_226"/></StgValue>
</bind>
</comp>

<comp id="76" class="1000" name="p_ZZN4nnet26conv_2d_buffer_resource_clINS_5arrayI8ap_fixedILi12ELi6EL9ap_q_mode5E_55">
<pin_list>
<pin id="77" dir="1" index="0" bw="1" slack="0"/>
</pin_list>
<bind>
<StgValue><ssdm name="p_ZZN4nnet26conv_2d_buffer_resource_clINS_5arrayI8ap_fixedILi12ELi6EL9ap_q_mode5E_55"/><MemPortTyVec>2 </MemPortTyVec>
</StgValue>
</bind>
</comp>

<comp id="78" class="1000" name="p_ZZN4nnet26conv_2d_buffer_resource_clINS_5arrayI8ap_fixedILi12ELi6EL9ap_q_mode5E_51">
<pin_list>
<pin id="79" dir="1" index="0" bw="1" slack="0"/>
</pin_list>
<bind>
<StgValue><ssdm name="p_ZZN4nnet26conv_2d_buffer_resource_clINS_5arrayI8ap_fixedILi12ELi6EL9ap_q_mode5E_51"/><MemPortTyVec>2 </MemPortTyVec>
</StgValue>
</bind>
</comp>

<comp id="80" class="1000" name="p_ZZN4nnet26conv_2d_buffer_resource_clINS_5arrayI8ap_fixedILi12ELi6EL9ap_q_mode5E_54">
<pin_list>
<pin id="81" dir="1" index="0" bw="1" slack="0"/>
</pin_list>
<bind>
<StgValue><ssdm name="p_ZZN4nnet26conv_2d_buffer_resource_clINS_5arrayI8ap_fixedILi12ELi6EL9ap_q_mode5E_54"/><MemPortTyVec>2 </MemPortTyVec>
</StgValue>
</bind>
</comp>

<comp id="82" class="1000" name="p_ZZN4nnet26conv_2d_buffer_resource_clINS_5arrayI8ap_fixedILi12ELi6EL9ap_q_mode5E_50">
<pin_list>
<pin id="83" dir="1" index="0" bw="1" slack="0"/>
</pin_list>
<bind>
<StgValue><ssdm name="p_ZZN4nnet26conv_2d_buffer_resource_clINS_5arrayI8ap_fixedILi12ELi6EL9ap_q_mode5E_50"/><MemPortTyVec>2 </MemPortTyVec>
</StgValue>
</bind>
</comp>

<comp id="84" class="1000" name="p_ZZN4nnet26conv_2d_buffer_resource_clINS_5arrayI8ap_fixedILi12ELi6EL9ap_q_mode5E_53">
<pin_list>
<pin id="85" dir="1" index="0" bw="1" slack="0"/>
</pin_list>
<bind>
<StgValue><ssdm name="p_ZZN4nnet26conv_2d_buffer_resource_clINS_5arrayI8ap_fixedILi12ELi6EL9ap_q_mode5E_53"/><MemPortTyVec>2 </MemPortTyVec>
</StgValue>
</bind>
</comp>

<comp id="86" class="1000" name="p_ZZN4nnet26conv_2d_buffer_resource_clINS_5arrayI8ap_fixedILi12ELi6EL9ap_q_mode5E_49">
<pin_list>
<pin id="87" dir="1" index="0" bw="1" slack="0"/>
</pin_list>
<bind>
<StgValue><ssdm name="p_ZZN4nnet26conv_2d_buffer_resource_clINS_5arrayI8ap_fixedILi12ELi6EL9ap_q_mode5E_49"/><MemPortTyVec>2 </MemPortTyVec>
</StgValue>
</bind>
</comp>

<comp id="88" class="1000" name="p_ZZN4nnet26conv_2d_buffer_resource_clINS_5arrayI8ap_fixedILi12ELi6EL9ap_q_mode5E_52">
<pin_list>
<pin id="89" dir="1" index="0" bw="1" slack="0"/>
</pin_list>
<bind>
<StgValue><ssdm name="p_ZZN4nnet26conv_2d_buffer_resource_clINS_5arrayI8ap_fixedILi12ELi6EL9ap_q_mode5E_52"/><MemPortTyVec>2 </MemPortTyVec>
</StgValue>
</bind>
</comp>

<comp id="90" class="1000" name="p_ZZN4nnet26conv_2d_buffer_resource_clINS_5arrayI8ap_fixedILi12ELi6EL9ap_q_mode5E_48">
<pin_list>
<pin id="91" dir="1" index="0" bw="1" slack="0"/>
</pin_list>
<bind>
<StgValue><ssdm name="p_ZZN4nnet26conv_2d_buffer_resource_clINS_5arrayI8ap_fixedILi12ELi6EL9ap_q_mode5E_48"/><MemPortTyVec>2 </MemPortTyVec>
</StgValue>
</bind>
</comp>

<comp id="92" class="1000" name="sX_3">
<pin_list>
<pin id="93" dir="1" index="0" bw="1" slack="0"/>
</pin_list>
<bind>
<StgValue><ssdm name="sX_3"/></StgValue>
</bind>
</comp>

<comp id="94" class="1000" name="sY_3">
<pin_list>
<pin id="95" dir="1" index="0" bw="1" slack="0"/>
</pin_list>
<bind>
<StgValue><ssdm name="sY_3"/></StgValue>
</bind>
</comp>

<comp id="96" class="1000" name="pY_3">
<pin_list>
<pin id="97" dir="1" index="0" bw="1" slack="0"/>
</pin_list>
<bind>
<StgValue><ssdm name="pY_3"/></StgValue>
</bind>
</comp>

<comp id="98" class="1000" name="pX_3">
<pin_list>
<pin id="99" dir="1" index="0" bw="1" slack="0"/>
</pin_list>
<bind>
<StgValue><ssdm name="pX_3"/></StgValue>
</bind>
</comp>

<comp id="100" class="1000" name="w9">
<pin_list>
<pin id="101" dir="1" index="0" bw="1" slack="0"/>
</pin_list>
<bind>
<StgValue><ssdm name="w9"/><MemPortTyVec>1 </MemPortTyVec>
</StgValue>
</bind>
</comp>

<comp id="102" class="1001" name="const_102">
<pin_list>
<pin id="103" dir="1" index="0" bw="1" slack="0"/>
</pin_list>
<bind>
<StgValue><ssdm name=""/></StgValue>
</bind>
</comp>

<comp id="104" class="1001" name="const_104">
<pin_list>
<pin id="105" dir="1" index="0" bw="1" slack="2147483647"/>
</pin_list>
<bind>
<StgValue><ssdm name="_ssdm_op_SpecInterface"/></StgValue>
</bind>
</comp>

<comp id="106" class="1001" name="const_106">
<pin_list>
<pin id="107" dir="1" index="0" bw="1" slack="2147483647"/>
</pin_list>
<bind>
<StgValue><ssdm name="empty_13"/></StgValue>
</bind>
</comp>

<comp id="108" class="1001" name="const_108">
<pin_list>
<pin id="109" dir="1" index="0" bw="1" slack="2147483647"/>
</pin_list>
<bind>
<StgValue><ssdm name=""/></StgValue>
</bind>
</comp>

<comp id="110" class="1001" name="const_110">
<pin_list>
<pin id="111" dir="1" index="0" bw="1" slack="2147483647"/>
</pin_list>
<bind>
<StgValue><ssdm name="empty_8"/></StgValue>
</bind>
</comp>

<comp id="112" class="1001" name="const_112">
<pin_list>
<pin id="113" dir="1" index="0" bw="1" slack="2147483647"/>
</pin_list>
<bind>
<StgValue><ssdm name=""/></StgValue>
</bind>
</comp>

<comp id="114" class="1001" name="const_114">
<pin_list>
<pin id="115" dir="1" index="0" bw="1" slack="0"/>
</pin_list>
<bind>
<StgValue><ssdm name=""/></StgValue>
</bind>
</comp>

<comp id="116" class="1001" name="const_116">
<pin_list>
<pin id="117" dir="1" index="0" bw="1" slack="0"/>
</pin_list>
<bind>
<StgValue><ssdm name=""/></StgValue>
</bind>
</comp>

<comp id="118" class="1001" name="const_118">
<pin_list>
<pin id="119" dir="1" index="0" bw="1" slack="0"/>
</pin_list>
<bind>
<StgValue><ssdm name=""/></StgValue>
</bind>
</comp>

<comp id="120" class="1001" name="const_120">
<pin_list>
<pin id="121" dir="1" index="0" bw="1" slack="0"/>
</pin_list>
<bind>
<StgValue><ssdm name="_ssdm_op_Read.ap_fifo.volatile.i48P0A"/></StgValue>
</bind>
</comp>

<comp id="122" class="1001" name="const_122">
<pin_list>
<pin id="123" dir="1" index="0" bw="1" slack="0"/>
</pin_list>
<bind>
<StgValue><ssdm name="_ssdm_op_PartSelect.i12.i48.i32.i32"/></StgValue>
</bind>
</comp>

<comp id="124" class="1001" name="const_124">
<pin_list>
<pin id="125" dir="1" index="0" bw="1" slack="0"/>
</pin_list>
<bind>
<StgValue><ssdm name=""/></StgValue>
</bind>
</comp>

<comp id="126" class="1001" name="const_126">
<pin_list>
<pin id="127" dir="1" index="0" bw="1" slack="0"/>
</pin_list>
<bind>
<StgValue><ssdm name=""/></StgValue>
</bind>
</comp>

<comp id="128" class="1001" name="const_128">
<pin_list>
<pin id="129" dir="1" index="0" bw="1" slack="0"/>
</pin_list>
<bind>
<StgValue><ssdm name=""/></StgValue>
</bind>
</comp>

<comp id="130" class="1001" name="const_130">
<pin_list>
<pin id="131" dir="1" index="0" bw="1" slack="0"/>
</pin_list>
<bind>
<StgValue><ssdm name=""/></StgValue>
</bind>
</comp>

<comp id="132" class="1001" name="const_132">
<pin_list>
<pin id="133" dir="1" index="0" bw="1" slack="0"/>
</pin_list>
<bind>
<StgValue><ssdm name=""/></StgValue>
</bind>
</comp>

<comp id="134" class="1001" name="const_134">
<pin_list>
<pin id="135" dir="1" index="0" bw="1" slack="0"/>
</pin_list>
<bind>
<StgValue><ssdm name=""/></StgValue>
</bind>
</comp>

<comp id="136" class="1001" name="const_136">
<pin_list>
<pin id="137" dir="1" index="0" bw="1" slack="0"/>
</pin_list>
<bind>
<StgValue><ssdm name="compute_output_buffer_2d<array,array<ap_fixed<12,6,5,3,0>,6u>,config9>"/></StgValue>
</bind>
</comp>

<comp id="138" class="1001" name="const_138">
<pin_list>
<pin id="139" dir="1" index="0" bw="1" slack="2147483647"/>
</pin_list>
<bind>
<StgValue><ssdm name="_ssdm_op_SpecLoopName"/></StgValue>
</bind>
</comp>

<comp id="140" class="1001" name="const_140">
<pin_list>
<pin id="141" dir="1" index="0" bw="1" slack="2147483647"/>
</pin_list>
<bind>
<StgValue><ssdm name="ReadInputHeight_ReadInputWidth_str"/></StgValue>
</bind>
</comp>

<comp id="142" class="1001" name="const_142">
<pin_list>
<pin id="143" dir="1" index="0" bw="1" slack="2147483647"/>
</pin_list>
<bind>
<StgValue><ssdm name="_ssdm_op_SpecLoopTripCount"/></StgValue>
</bind>
</comp>

<comp id="144" class="1001" name="const_144">
<pin_list>
<pin id="145" dir="1" index="0" bw="1" slack="2147483647"/>
</pin_list>
<bind>
<StgValue><ssdm name=""/></StgValue>
</bind>
</comp>

<comp id="146" class="1004" name="indvar_flatten_fu_146">
<pin_list>
<pin id="147" dir="0" index="0" bw="1" slack="0"/>
<pin id="148" dir="1" index="1" bw="15" slack="0"/>
</pin_list>
<bind>
<opcode="alloca(26) " fcode="alloca"/>
<opset="indvar_flatten/1 "/>
</bind>
</comp>

<comp id="150" class="1004" name="layer32_out_read_read_fu_150">
<pin_list>
<pin id="151" dir="0" index="0" bw="48" slack="0"/>
<pin id="152" dir="0" index="1" bw="48" slack="0"/>
<pin id="153" dir="1" index="2" bw="48" slack="0"/>
</pin_list>
<bind>
<opcode="read(1150) " fcode="read"/>
<opset="layer32_out_read/2 "/>
</bind>
</comp>

<comp id="156" class="1004" name="grp_compute_output_buffer_2d_array_array_ap_fixed_12_6_5_3_0_6u_config9_s_fu_156">
<pin_list>
<pin id="157" dir="0" index="0" bw="0" slack="0"/>
<pin id="158" dir="0" index="1" bw="12" slack="0"/>
<pin id="159" dir="0" index="2" bw="12" slack="0"/>
<pin id="160" dir="0" index="3" bw="12" slack="0"/>
<pin id="161" dir="0" index="4" bw="12" slack="0"/>
<pin id="162" dir="0" index="5" bw="72" slack="0"/>
<pin id="163" dir="0" index="6" bw="12" slack="0"/>
<pin id="164" dir="0" index="7" bw="12" slack="0"/>
<pin id="165" dir="0" index="8" bw="12" slack="0"/>
<pin id="166" dir="0" index="9" bw="12" slack="0"/>
<pin id="167" dir="0" index="10" bw="12" slack="0"/>
<pin id="168" dir="0" index="11" bw="12" slack="0"/>
<pin id="169" dir="0" index="12" bw="12" slack="0"/>
<pin id="170" dir="0" index="13" bw="12" slack="0"/>
<pin id="171" dir="0" index="14" bw="12" slack="0"/>
<pin id="172" dir="0" index="15" bw="12" slack="0"/>
<pin id="173" dir="0" index="16" bw="12" slack="0"/>
<pin id="174" dir="0" index="17" bw="12" slack="0"/>
<pin id="175" dir="0" index="18" bw="12" slack="0"/>
<pin id="176" dir="0" index="19" bw="12" slack="0"/>
<pin id="177" dir="0" index="20" bw="12" slack="0"/>
<pin id="178" dir="0" index="21" bw="12" slack="0"/>
<pin id="179" dir="0" index="22" bw="12" slack="0"/>
<pin id="180" dir="0" index="23" bw="12" slack="0"/>
<pin id="181" dir="0" index="24" bw="12" slack="0"/>
<pin id="182" dir="0" index="25" bw="12" slack="0"/>
<pin id="183" dir="0" index="26" bw="12" slack="0"/>
<pin id="184" dir="0" index="27" bw="12" slack="0"/>
<pin id="185" dir="0" index="28" bw="12" slack="0"/>
<pin id="186" dir="0" index="29" bw="12" slack="0"/>
<pin id="187" dir="0" index="30" bw="12" slack="0"/>
<pin id="188" dir="0" index="31" bw="12" slack="0"/>
<pin id="189" dir="0" index="32" bw="12" slack="0"/>
<pin id="190" dir="0" index="33" bw="12" slack="0"/>
<pin id="191" dir="0" index="34" bw="12" slack="0"/>
<pin id="192" dir="0" index="35" bw="12" slack="0"/>
<pin id="193" dir="0" index="36" bw="12" slack="0"/>
<pin id="194" dir="0" index="37" bw="12" slack="0"/>
<pin id="195" dir="0" index="38" bw="12" slack="0"/>
<pin id="196" dir="0" index="39" bw="12" slack="0"/>
<pin id="197" dir="0" index="40" bw="12" slack="0"/>
<pin id="198" dir="0" index="41" bw="12" slack="0"/>
<pin id="199" dir="0" index="42" bw="12" slack="0"/>
<pin id="200" dir="0" index="43" bw="12" slack="0"/>
<pin id="201" dir="0" index="44" bw="12" slack="0"/>
<pin id="202" dir="0" index="45" bw="12" slack="0"/>
<pin id="203" dir="0" index="46" bw="12" slack="0"/>
<pin id="204" dir="0" index="47" bw="12" slack="0"/>
<pin id="205" dir="0" index="48" bw="12" slack="0"/>
<pin id="206" dir="0" index="49" bw="12" slack="0"/>
<pin id="207" dir="0" index="50" bw="32" slack="0"/>
<pin id="208" dir="0" index="51" bw="32" slack="0"/>
<pin id="209" dir="0" index="52" bw="32" slack="0"/>
<pin id="210" dir="0" index="53" bw="32" slack="0"/>
<pin id="211" dir="0" index="54" bw="138" slack="0"/>
<pin id="212" dir="1" index="55" bw="0" slack="2147483647"/>
</pin_list>
<bind>
<opcode="call(48) " fcode="call"/>
<opset="call_ln58/2 "/>
</bind>
</comp>

<comp id="264" class="1004" name="store_ln0_store_fu_264">
<pin_list>
<pin id="265" dir="0" index="0" bw="1" slack="0"/>
<pin id="266" dir="0" index="1" bw="15" slack="0"/>
<pin id="267" dir="1" index="2" bw="0" slack="2147483647"/>
</pin_list>
<bind>
<opcode="store(28) " fcode="store"/>
<opset="store_ln0/1 "/>
</bind>
</comp>

<comp id="269" class="1004" name="indvar_flatten_load_load_fu_269">
<pin_list>
<pin id="270" dir="0" index="0" bw="15" slack="1"/>
<pin id="271" dir="1" index="1" bw="15" slack="0"/>
</pin_list>
<bind>
<opcode="load(27) " fcode="load"/>
<opset="indvar_flatten_load/2 "/>
</bind>
</comp>

<comp id="272" class="1004" name="icmp_ln52_fu_272">
<pin_list>
<pin id="273" dir="0" index="0" bw="15" slack="0"/>
<pin id="274" dir="0" index="1" bw="15" slack="0"/>
<pin id="275" dir="1" index="2" bw="1" slack="2147483647"/>
</pin_list>
<bind>
<opcode="icmp(45) " fcode="icmp"/>
<opset="icmp_ln52/2 "/>
</bind>
</comp>

<comp id="278" class="1004" name="add_ln52_fu_278">
<pin_list>
<pin id="279" dir="0" index="0" bw="15" slack="0"/>
<pin id="280" dir="0" index="1" bw="1" slack="0"/>
<pin id="281" dir="1" index="2" bw="15" slack="0"/>
</pin_list>
<bind>
<opcode="add(8) " fcode="add"/>
<opset="add_ln52/2 "/>
</bind>
</comp>

<comp id="284" class="1004" name="trunc_ln58_fu_284">
<pin_list>
<pin id="285" dir="0" index="0" bw="48" slack="0"/>
<pin id="286" dir="1" index="1" bw="12" slack="0"/>
</pin_list>
<bind>
<opcode="trunc(33) " fcode="trunc"/>
<opset="trunc_ln58/2 "/>
</bind>
</comp>

<comp id="289" class="1004" name="trunc_ln58_s_fu_289">
<pin_list>
<pin id="290" dir="0" index="0" bw="12" slack="0"/>
<pin id="291" dir="0" index="1" bw="48" slack="0"/>
<pin id="292" dir="0" index="2" bw="5" slack="0"/>
<pin id="293" dir="0" index="3" bw="6" slack="0"/>
<pin id="294" dir="1" index="4" bw="12" slack="0"/>
</pin_list>
<bind>
<opcode="partselect(1002) " fcode="partselect"/>
<opset="trunc_ln58_s/2 "/>
</bind>
</comp>

<comp id="300" class="1004" name="trunc_ln58_99_fu_300">
<pin_list>
<pin id="301" dir="0" index="0" bw="12" slack="0"/>
<pin id="302" dir="0" index="1" bw="48" slack="0"/>
<pin id="303" dir="0" index="2" bw="6" slack="0"/>
<pin id="304" dir="0" index="3" bw="7" slack="0"/>
<pin id="305" dir="1" index="4" bw="12" slack="0"/>
</pin_list>
<bind>
<opcode="partselect(1002) " fcode="partselect"/>
<opset="trunc_ln58_99/2 "/>
</bind>
</comp>

<comp id="311" class="1004" name="trunc_ln58_100_fu_311">
<pin_list>
<pin id="312" dir="0" index="0" bw="12" slack="0"/>
<pin id="313" dir="0" index="1" bw="48" slack="0"/>
<pin id="314" dir="0" index="2" bw="7" slack="0"/>
<pin id="315" dir="0" index="3" bw="7" slack="0"/>
<pin id="316" dir="1" index="4" bw="12" slack="0"/>
</pin_list>
<bind>
<opcode="partselect(1002) " fcode="partselect"/>
<opset="trunc_ln58_100/2 "/>
</bind>
</comp>

<comp id="322" class="1004" name="store_ln52_store_fu_322">
<pin_list>
<pin id="323" dir="0" index="0" bw="15" slack="0"/>
<pin id="324" dir="0" index="1" bw="15" slack="1"/>
<pin id="325" dir="1" index="2" bw="0" slack="2147483647"/>
</pin_list>
<bind>
<opcode="store(28) " fcode="store"/>
<opset="store_ln52/2 "/>
</bind>
</comp>

<comp id="327" class="1005" name="indvar_flatten_reg_327">
<pin_list>
<pin id="328" dir="0" index="0" bw="15" slack="0"/>
<pin id="329" dir="1" index="1" bw="15" slack="0"/>
</pin_list>
<bind>
<opset="indvar_flatten "/>
</bind>
</comp>

<comp id="337" class="1005" name="trunc_ln58_reg_337">
<pin_list>
<pin id="338" dir="0" index="0" bw="12" slack="1"/>
<pin id="339" dir="1" index="1" bw="12" slack="1"/>
</pin_list>
<bind>
<opset="trunc_ln58 "/>
</bind>
</comp>

<comp id="342" class="1005" name="trunc_ln58_s_reg_342">
<pin_list>
<pin id="343" dir="0" index="0" bw="12" slack="1"/>
<pin id="344" dir="1" index="1" bw="12" slack="1"/>
</pin_list>
<bind>
<opset="trunc_ln58_s "/>
</bind>
</comp>

<comp id="347" class="1005" name="trunc_ln58_99_reg_347">
<pin_list>
<pin id="348" dir="0" index="0" bw="12" slack="1"/>
<pin id="349" dir="1" index="1" bw="12" slack="1"/>
</pin_list>
<bind>
<opset="trunc_ln58_99 "/>
</bind>
</comp>

<comp id="352" class="1005" name="trunc_ln58_100_reg_352">
<pin_list>
<pin id="353" dir="0" index="0" bw="12" slack="1"/>
<pin id="354" dir="1" index="1" bw="12" slack="1"/>
</pin_list>
<bind>
<opset="trunc_ln58_100 "/>
</bind>
</comp>

</comp_list>

<net_list>
<net id="149"><net_src comp="102" pin="0"/><net_sink comp="146" pin=0"/></net>

<net id="154"><net_src comp="120" pin="0"/><net_sink comp="150" pin=0"/></net>

<net id="155"><net_src comp="0" pin="0"/><net_sink comp="150" pin=1"/></net>

<net id="213"><net_src comp="136" pin="0"/><net_sink comp="156" pin=0"/></net>

<net id="214"><net_src comp="2" pin="0"/><net_sink comp="156" pin=5"/></net>

<net id="215"><net_src comp="4" pin="0"/><net_sink comp="156" pin=6"/></net>

<net id="216"><net_src comp="6" pin="0"/><net_sink comp="156" pin=7"/></net>

<net id="217"><net_src comp="8" pin="0"/><net_sink comp="156" pin=8"/></net>

<net id="218"><net_src comp="10" pin="0"/><net_sink comp="156" pin=9"/></net>

<net id="219"><net_src comp="12" pin="0"/><net_sink comp="156" pin=10"/></net>

<net id="220"><net_src comp="14" pin="0"/><net_sink comp="156" pin=11"/></net>

<net id="221"><net_src comp="16" pin="0"/><net_sink comp="156" pin=12"/></net>

<net id="222"><net_src comp="18" pin="0"/><net_sink comp="156" pin=13"/></net>

<net id="223"><net_src comp="20" pin="0"/><net_sink comp="156" pin=14"/></net>

<net id="224"><net_src comp="22" pin="0"/><net_sink comp="156" pin=15"/></net>

<net id="225"><net_src comp="24" pin="0"/><net_sink comp="156" pin=16"/></net>

<net id="226"><net_src comp="26" pin="0"/><net_sink comp="156" pin=17"/></net>

<net id="227"><net_src comp="28" pin="0"/><net_sink comp="156" pin=18"/></net>

<net id="228"><net_src comp="30" pin="0"/><net_sink comp="156" pin=19"/></net>

<net id="229"><net_src comp="32" pin="0"/><net_sink comp="156" pin=20"/></net>

<net id="230"><net_src comp="34" pin="0"/><net_sink comp="156" pin=21"/></net>

<net id="231"><net_src comp="36" pin="0"/><net_sink comp="156" pin=22"/></net>

<net id="232"><net_src comp="38" pin="0"/><net_sink comp="156" pin=23"/></net>

<net id="233"><net_src comp="40" pin="0"/><net_sink comp="156" pin=24"/></net>

<net id="234"><net_src comp="42" pin="0"/><net_sink comp="156" pin=25"/></net>

<net id="235"><net_src comp="44" pin="0"/><net_sink comp="156" pin=26"/></net>

<net id="236"><net_src comp="46" pin="0"/><net_sink comp="156" pin=27"/></net>

<net id="237"><net_src comp="48" pin="0"/><net_sink comp="156" pin=28"/></net>

<net id="238"><net_src comp="50" pin="0"/><net_sink comp="156" pin=29"/></net>

<net id="239"><net_src comp="52" pin="0"/><net_sink comp="156" pin=30"/></net>

<net id="240"><net_src comp="54" pin="0"/><net_sink comp="156" pin=31"/></net>

<net id="241"><net_src comp="56" pin="0"/><net_sink comp="156" pin=32"/></net>

<net id="242"><net_src comp="58" pin="0"/><net_sink comp="156" pin=33"/></net>

<net id="243"><net_src comp="60" pin="0"/><net_sink comp="156" pin=34"/></net>

<net id="244"><net_src comp="62" pin="0"/><net_sink comp="156" pin=35"/></net>

<net id="245"><net_src comp="64" pin="0"/><net_sink comp="156" pin=36"/></net>

<net id="246"><net_src comp="66" pin="0"/><net_sink comp="156" pin=37"/></net>

<net id="247"><net_src comp="68" pin="0"/><net_sink comp="156" pin=38"/></net>

<net id="248"><net_src comp="70" pin="0"/><net_sink comp="156" pin=39"/></net>

<net id="249"><net_src comp="72" pin="0"/><net_sink comp="156" pin=40"/></net>

<net id="250"><net_src comp="74" pin="0"/><net_sink comp="156" pin=41"/></net>

<net id="251"><net_src comp="76" pin="0"/><net_sink comp="156" pin=42"/></net>

<net id="252"><net_src comp="78" pin="0"/><net_sink comp="156" pin=43"/></net>

<net id="253"><net_src comp="80" pin="0"/><net_sink comp="156" pin=44"/></net>

<net id="254"><net_src comp="82" pin="0"/><net_sink comp="156" pin=45"/></net>

<net id="255"><net_src comp="84" pin="0"/><net_sink comp="156" pin=46"/></net>

<net id="256"><net_src comp="86" pin="0"/><net_sink comp="156" pin=47"/></net>

<net id="257"><net_src comp="88" pin="0"/><net_sink comp="156" pin=48"/></net>

<net id="258"><net_src comp="90" pin="0"/><net_sink comp="156" pin=49"/></net>

<net id="259"><net_src comp="92" pin="0"/><net_sink comp="156" pin=50"/></net>

<net id="260"><net_src comp="94" pin="0"/><net_sink comp="156" pin=51"/></net>

<net id="261"><net_src comp="96" pin="0"/><net_sink comp="156" pin=52"/></net>

<net id="262"><net_src comp="98" pin="0"/><net_sink comp="156" pin=53"/></net>

<net id="263"><net_src comp="100" pin="0"/><net_sink comp="156" pin=54"/></net>

<net id="268"><net_src comp="114" pin="0"/><net_sink comp="264" pin=0"/></net>

<net id="276"><net_src comp="269" pin="1"/><net_sink comp="272" pin=0"/></net>

<net id="277"><net_src comp="116" pin="0"/><net_sink comp="272" pin=1"/></net>

<net id="282"><net_src comp="269" pin="1"/><net_sink comp="278" pin=0"/></net>

<net id="283"><net_src comp="118" pin="0"/><net_sink comp="278" pin=1"/></net>

<net id="287"><net_src comp="150" pin="2"/><net_sink comp="284" pin=0"/></net>

<net id="288"><net_src comp="284" pin="1"/><net_sink comp="156" pin=1"/></net>

<net id="295"><net_src comp="122" pin="0"/><net_sink comp="289" pin=0"/></net>

<net id="296"><net_src comp="150" pin="2"/><net_sink comp="289" pin=1"/></net>

<net id="297"><net_src comp="124" pin="0"/><net_sink comp="289" pin=2"/></net>

<net id="298"><net_src comp="126" pin="0"/><net_sink comp="289" pin=3"/></net>

<net id="299"><net_src comp="289" pin="4"/><net_sink comp="156" pin=2"/></net>

<net id="306"><net_src comp="122" pin="0"/><net_sink comp="300" pin=0"/></net>

<net id="307"><net_src comp="150" pin="2"/><net_sink comp="300" pin=1"/></net>

<net id="308"><net_src comp="128" pin="0"/><net_sink comp="300" pin=2"/></net>

<net id="309"><net_src comp="130" pin="0"/><net_sink comp="300" pin=3"/></net>

<net id="310"><net_src comp="300" pin="4"/><net_sink comp="156" pin=3"/></net>

<net id="317"><net_src comp="122" pin="0"/><net_sink comp="311" pin=0"/></net>

<net id="318"><net_src comp="150" pin="2"/><net_sink comp="311" pin=1"/></net>

<net id="319"><net_src comp="132" pin="0"/><net_sink comp="311" pin=2"/></net>

<net id="320"><net_src comp="134" pin="0"/><net_sink comp="311" pin=3"/></net>

<net id="321"><net_src comp="311" pin="4"/><net_sink comp="156" pin=4"/></net>

<net id="326"><net_src comp="278" pin="2"/><net_sink comp="322" pin=0"/></net>

<net id="330"><net_src comp="146" pin="1"/><net_sink comp="327" pin=0"/></net>

<net id="331"><net_src comp="327" pin="1"/><net_sink comp="264" pin=1"/></net>

<net id="332"><net_src comp="327" pin="1"/><net_sink comp="269" pin=0"/></net>

<net id="333"><net_src comp="327" pin="1"/><net_sink comp="322" pin=1"/></net>

<net id="340"><net_src comp="284" pin="1"/><net_sink comp="337" pin=0"/></net>

<net id="341"><net_src comp="337" pin="1"/><net_sink comp="156" pin=1"/></net>

<net id="345"><net_src comp="289" pin="4"/><net_sink comp="342" pin=0"/></net>

<net id="346"><net_src comp="342" pin="1"/><net_sink comp="156" pin=2"/></net>

<net id="350"><net_src comp="300" pin="4"/><net_sink comp="347" pin=0"/></net>

<net id="351"><net_src comp="347" pin="1"/><net_sink comp="156" pin=3"/></net>

<net id="355"><net_src comp="311" pin="4"/><net_sink comp="352" pin=0"/></net>

<net id="356"><net_src comp="352" pin="1"/><net_sink comp="156" pin=4"/></net>

</net_list>

</model> 
---------------- Datapath Model END ------------------

* FSMD analyzer results:
  - Output states:
	Port: layer9_out | {2 3 }
	Port: void_compute_output_buffer_2d_array_const_ap_shift_reg_n_chan_stream_weig_35 | {2 3 }
	Port: void_compute_output_buffer_2d_array_const_ap_shift_reg_n_chan_stream_weig_39 | {2 3 }
	Port: void_compute_output_buffer_2d_array_const_ap_shift_reg_n_chan_stream_weig_34 | {2 3 }
	Port: void_compute_output_buffer_2d_array_const_ap_shift_reg_n_chan_stream_weig_38 | {2 3 }
	Port: void_compute_output_buffer_2d_array_const_ap_shift_reg_n_chan_stream_weig_33 | {2 3 }
	Port: void_compute_output_buffer_2d_array_const_ap_shift_reg_n_chan_stream_weig_37 | {2 3 }
	Port: void_compute_output_buffer_2d_array_const_ap_shift_reg_n_chan_stream_weig_32 | {2 3 }
	Port: void_compute_output_buffer_2d_array_const_ap_shift_reg_n_chan_stream_weig_36 | {2 3 }
	Port: p_ZZN4nnet24compute_output_buffer_2dINS_5arrayI8ap_fixedILi12ELi6EL9ap_q_mode5EL9_207 | {2 3 }
	Port: p_ZZN4nnet24compute_output_buffer_2dINS_5arrayI8ap_fixedILi12ELi6EL9ap_q_mode5EL9_203 | {2 3 }
	Port: p_ZZN4nnet24compute_output_buffer_2dINS_5arrayI8ap_fixedILi12ELi6EL9ap_q_mode5EL9_208 | {2 3 }
	Port: p_ZZN4nnet24compute_output_buffer_2dINS_5arrayI8ap_fixedILi12ELi6EL9ap_q_mode5EL9_204 | {2 3 }
	Port: p_ZZN4nnet24compute_output_buffer_2dINS_5arrayI8ap_fixedILi12ELi6EL9ap_q_mode5EL9_209 | {2 3 }
	Port: p_ZZN4nnet24compute_output_buffer_2dINS_5arrayI8ap_fixedILi12ELi6EL9ap_q_mode5EL9_205 | {2 3 }
	Port: p_ZZN4nnet24compute_output_buffer_2dINS_5arrayI8ap_fixedILi12ELi6EL9ap_q_mode5EL9_210 | {2 3 }
	Port: p_ZZN4nnet24compute_output_buffer_2dINS_5arrayI8ap_fixedILi12ELi6EL9ap_q_mode5EL9_206 | {2 3 }
	Port: p_ZZN4nnet24compute_output_buffer_2dINS_5arrayI8ap_fixedILi12ELi6EL9ap_q_mode5EL9_219 | {2 3 }
	Port: p_ZZN4nnet24compute_output_buffer_2dINS_5arrayI8ap_fixedILi12ELi6EL9ap_q_mode5EL9_215 | {2 3 }
	Port: p_ZZN4nnet24compute_output_buffer_2dINS_5arrayI8ap_fixedILi12ELi6EL9ap_q_mode5EL9_220 | {2 3 }
	Port: p_ZZN4nnet24compute_output_buffer_2dINS_5arrayI8ap_fixedILi12ELi6EL9ap_q_mode5EL9_216 | {2 3 }
	Port: p_ZZN4nnet24compute_output_buffer_2dINS_5arrayI8ap_fixedILi12ELi6EL9ap_q_mode5EL9_221 | {2 3 }
	Port: p_ZZN4nnet24compute_output_buffer_2dINS_5arrayI8ap_fixedILi12ELi6EL9ap_q_mode5EL9_217 | {2 3 }
	Port: p_ZZN4nnet24compute_output_buffer_2dINS_5arrayI8ap_fixedILi12ELi6EL9ap_q_mode5EL9_222 | {2 3 }
	Port: p_ZZN4nnet24compute_output_buffer_2dINS_5arrayI8ap_fixedILi12ELi6EL9ap_q_mode5EL9_218 | {2 3 }
	Port: void_compute_output_buffer_2d_array_const_ap_shift_reg_n_chan_stream_weig_31 | {2 3 }
	Port: void_compute_output_buffer_2d_array_const_ap_shift_reg_n_chan_stream_weig_30 | {2 3 }
	Port: p_ZZN4nnet24compute_output_buffer_2dINS_5arrayI8ap_fixedILi12ELi6EL9ap_q_mode5EL9_201 | {2 3 }
	Port: p_ZZN4nnet24compute_output_buffer_2dINS_5arrayI8ap_fixedILi12ELi6EL9ap_q_mode5EL9_202 | {2 3 }
	Port: p_ZZN4nnet24compute_output_buffer_2dINS_5arrayI8ap_fixedILi12ELi6EL9ap_q_mode5EL9_211 | {2 3 }
	Port: p_ZZN4nnet24compute_output_buffer_2dINS_5arrayI8ap_fixedILi12ELi6EL9ap_q_mode5EL9_212 | {2 3 }
	Port: p_ZZN4nnet24compute_output_buffer_2dINS_5arrayI8ap_fixedILi12ELi6EL9ap_q_mode5EL9_213 | {2 3 }
	Port: p_ZZN4nnet24compute_output_buffer_2dINS_5arrayI8ap_fixedILi12ELi6EL9ap_q_mode5EL9_214 | {2 3 }
	Port: p_ZZN4nnet24compute_output_buffer_2dINS_5arrayI8ap_fixedILi12ELi6EL9ap_q_mode5EL9_223 | {2 3 }
	Port: p_ZZN4nnet24compute_output_buffer_2dINS_5arrayI8ap_fixedILi12ELi6EL9ap_q_mode5EL9_224 | {2 3 }
	Port: p_ZZN4nnet24compute_output_buffer_2dINS_5arrayI8ap_fixedILi12ELi6EL9ap_q_mode5EL9_225 | {2 3 }
	Port: p_ZZN4nnet24compute_output_buffer_2dINS_5arrayI8ap_fixedILi12ELi6EL9ap_q_mode5EL9_226 | {2 3 }
	Port: p_ZZN4nnet26conv_2d_buffer_resource_clINS_5arrayI8ap_fixedILi12ELi6EL9ap_q_mode5E_55 | {2 3 }
	Port: p_ZZN4nnet26conv_2d_buffer_resource_clINS_5arrayI8ap_fixedILi12ELi6EL9ap_q_mode5E_51 | {2 3 }
	Port: p_ZZN4nnet26conv_2d_buffer_resource_clINS_5arrayI8ap_fixedILi12ELi6EL9ap_q_mode5E_54 | {2 3 }
	Port: p_ZZN4nnet26conv_2d_buffer_resource_clINS_5arrayI8ap_fixedILi12ELi6EL9ap_q_mode5E_50 | {2 3 }
	Port: p_ZZN4nnet26conv_2d_buffer_resource_clINS_5arrayI8ap_fixedILi12ELi6EL9ap_q_mode5E_53 | {2 3 }
	Port: p_ZZN4nnet26conv_2d_buffer_resource_clINS_5arrayI8ap_fixedILi12ELi6EL9ap_q_mode5E_49 | {2 3 }
	Port: p_ZZN4nnet26conv_2d_buffer_resource_clINS_5arrayI8ap_fixedILi12ELi6EL9ap_q_mode5E_52 | {2 3 }
	Port: p_ZZN4nnet26conv_2d_buffer_resource_clINS_5arrayI8ap_fixedILi12ELi6EL9ap_q_mode5E_48 | {2 3 }
	Port: sX_3 | {2 3 }
	Port: sY_3 | {2 3 }
	Port: pY_3 | {2 3 }
	Port: pX_3 | {2 3 }
 - Input state : 
	Port: conv_2d_cl<array<ap_fixed,4u>,array<ap_fixed<12,6,5,3,0>,6u>,config9> : layer32_out | {2 }
	Port: conv_2d_cl<array<ap_fixed,4u>,array<ap_fixed<12,6,5,3,0>,6u>,config9> : void_compute_output_buffer_2d_array_const_ap_shift_reg_n_chan_stream_weig_35 | {2 3 }
	Port: conv_2d_cl<array<ap_fixed,4u>,array<ap_fixed<12,6,5,3,0>,6u>,config9> : void_compute_output_buffer_2d_array_const_ap_shift_reg_n_chan_stream_weig_39 | {2 3 }
	Port: conv_2d_cl<array<ap_fixed,4u>,array<ap_fixed<12,6,5,3,0>,6u>,config9> : void_compute_output_buffer_2d_array_const_ap_shift_reg_n_chan_stream_weig_34 | {2 3 }
	Port: conv_2d_cl<array<ap_fixed,4u>,array<ap_fixed<12,6,5,3,0>,6u>,config9> : void_compute_output_buffer_2d_array_const_ap_shift_reg_n_chan_stream_weig_38 | {2 3 }
	Port: conv_2d_cl<array<ap_fixed,4u>,array<ap_fixed<12,6,5,3,0>,6u>,config9> : void_compute_output_buffer_2d_array_const_ap_shift_reg_n_chan_stream_weig_33 | {2 3 }
	Port: conv_2d_cl<array<ap_fixed,4u>,array<ap_fixed<12,6,5,3,0>,6u>,config9> : void_compute_output_buffer_2d_array_const_ap_shift_reg_n_chan_stream_weig_37 | {2 3 }
	Port: conv_2d_cl<array<ap_fixed,4u>,array<ap_fixed<12,6,5,3,0>,6u>,config9> : void_compute_output_buffer_2d_array_const_ap_shift_reg_n_chan_stream_weig_32 | {2 3 }
	Port: conv_2d_cl<array<ap_fixed,4u>,array<ap_fixed<12,6,5,3,0>,6u>,config9> : void_compute_output_buffer_2d_array_const_ap_shift_reg_n_chan_stream_weig_36 | {2 3 }
	Port: conv_2d_cl<array<ap_fixed,4u>,array<ap_fixed<12,6,5,3,0>,6u>,config9> : p_ZZN4nnet24compute_output_buffer_2dINS_5arrayI8ap_fixedILi12ELi6EL9ap_q_mode5EL9_207 | {2 3 }
	Port: conv_2d_cl<array<ap_fixed,4u>,array<ap_fixed<12,6,5,3,0>,6u>,config9> : p_ZZN4nnet24compute_output_buffer_2dINS_5arrayI8ap_fixedILi12ELi6EL9ap_q_mode5EL9_203 | {2 3 }
	Port: conv_2d_cl<array<ap_fixed,4u>,array<ap_fixed<12,6,5,3,0>,6u>,config9> : p_ZZN4nnet24compute_output_buffer_2dINS_5arrayI8ap_fixedILi12ELi6EL9ap_q_mode5EL9_208 | {2 3 }
	Port: conv_2d_cl<array<ap_fixed,4u>,array<ap_fixed<12,6,5,3,0>,6u>,config9> : p_ZZN4nnet24compute_output_buffer_2dINS_5arrayI8ap_fixedILi12ELi6EL9ap_q_mode5EL9_204 | {2 3 }
	Port: conv_2d_cl<array<ap_fixed,4u>,array<ap_fixed<12,6,5,3,0>,6u>,config9> : p_ZZN4nnet24compute_output_buffer_2dINS_5arrayI8ap_fixedILi12ELi6EL9ap_q_mode5EL9_209 | {2 3 }
	Port: conv_2d_cl<array<ap_fixed,4u>,array<ap_fixed<12,6,5,3,0>,6u>,config9> : p_ZZN4nnet24compute_output_buffer_2dINS_5arrayI8ap_fixedILi12ELi6EL9ap_q_mode5EL9_205 | {2 3 }
	Port: conv_2d_cl<array<ap_fixed,4u>,array<ap_fixed<12,6,5,3,0>,6u>,config9> : p_ZZN4nnet24compute_output_buffer_2dINS_5arrayI8ap_fixedILi12ELi6EL9ap_q_mode5EL9_210 | {2 3 }
	Port: conv_2d_cl<array<ap_fixed,4u>,array<ap_fixed<12,6,5,3,0>,6u>,config9> : p_ZZN4nnet24compute_output_buffer_2dINS_5arrayI8ap_fixedILi12ELi6EL9ap_q_mode5EL9_206 | {2 3 }
	Port: conv_2d_cl<array<ap_fixed,4u>,array<ap_fixed<12,6,5,3,0>,6u>,config9> : p_ZZN4nnet24compute_output_buffer_2dINS_5arrayI8ap_fixedILi12ELi6EL9ap_q_mode5EL9_219 | {2 3 }
	Port: conv_2d_cl<array<ap_fixed,4u>,array<ap_fixed<12,6,5,3,0>,6u>,config9> : p_ZZN4nnet24compute_output_buffer_2dINS_5arrayI8ap_fixedILi12ELi6EL9ap_q_mode5EL9_215 | {2 3 }
	Port: conv_2d_cl<array<ap_fixed,4u>,array<ap_fixed<12,6,5,3,0>,6u>,config9> : p_ZZN4nnet24compute_output_buffer_2dINS_5arrayI8ap_fixedILi12ELi6EL9ap_q_mode5EL9_220 | {2 3 }
	Port: conv_2d_cl<array<ap_fixed,4u>,array<ap_fixed<12,6,5,3,0>,6u>,config9> : p_ZZN4nnet24compute_output_buffer_2dINS_5arrayI8ap_fixedILi12ELi6EL9ap_q_mode5EL9_216 | {2 3 }
	Port: conv_2d_cl<array<ap_fixed,4u>,array<ap_fixed<12,6,5,3,0>,6u>,config9> : p_ZZN4nnet24compute_output_buffer_2dINS_5arrayI8ap_fixedILi12ELi6EL9ap_q_mode5EL9_221 | {2 3 }
	Port: conv_2d_cl<array<ap_fixed,4u>,array<ap_fixed<12,6,5,3,0>,6u>,config9> : p_ZZN4nnet24compute_output_buffer_2dINS_5arrayI8ap_fixedILi12ELi6EL9ap_q_mode5EL9_217 | {2 3 }
	Port: conv_2d_cl<array<ap_fixed,4u>,array<ap_fixed<12,6,5,3,0>,6u>,config9> : p_ZZN4nnet24compute_output_buffer_2dINS_5arrayI8ap_fixedILi12ELi6EL9ap_q_mode5EL9_222 | {2 3 }
	Port: conv_2d_cl<array<ap_fixed,4u>,array<ap_fixed<12,6,5,3,0>,6u>,config9> : p_ZZN4nnet24compute_output_buffer_2dINS_5arrayI8ap_fixedILi12ELi6EL9ap_q_mode5EL9_218 | {2 3 }
	Port: conv_2d_cl<array<ap_fixed,4u>,array<ap_fixed<12,6,5,3,0>,6u>,config9> : void_compute_output_buffer_2d_array_const_ap_shift_reg_n_chan_stream_weig_31 | {2 3 }
	Port: conv_2d_cl<array<ap_fixed,4u>,array<ap_fixed<12,6,5,3,0>,6u>,config9> : void_compute_output_buffer_2d_array_const_ap_shift_reg_n_chan_stream_weig_30 | {2 3 }
	Port: conv_2d_cl<array<ap_fixed,4u>,array<ap_fixed<12,6,5,3,0>,6u>,config9> : p_ZZN4nnet24compute_output_buffer_2dINS_5arrayI8ap_fixedILi12ELi6EL9ap_q_mode5EL9_201 | {2 3 }
	Port: conv_2d_cl<array<ap_fixed,4u>,array<ap_fixed<12,6,5,3,0>,6u>,config9> : p_ZZN4nnet24compute_output_buffer_2dINS_5arrayI8ap_fixedILi12ELi6EL9ap_q_mode5EL9_202 | {2 3 }
	Port: conv_2d_cl<array<ap_fixed,4u>,array<ap_fixed<12,6,5,3,0>,6u>,config9> : p_ZZN4nnet24compute_output_buffer_2dINS_5arrayI8ap_fixedILi12ELi6EL9ap_q_mode5EL9_211 | {2 3 }
	Port: conv_2d_cl<array<ap_fixed,4u>,array<ap_fixed<12,6,5,3,0>,6u>,config9> : p_ZZN4nnet24compute_output_buffer_2dINS_5arrayI8ap_fixedILi12ELi6EL9ap_q_mode5EL9_212 | {2 3 }
	Port: conv_2d_cl<array<ap_fixed,4u>,array<ap_fixed<12,6,5,3,0>,6u>,config9> : p_ZZN4nnet24compute_output_buffer_2dINS_5arrayI8ap_fixedILi12ELi6EL9ap_q_mode5EL9_213 | {2 3 }
	Port: conv_2d_cl<array<ap_fixed,4u>,array<ap_fixed<12,6,5,3,0>,6u>,config9> : p_ZZN4nnet24compute_output_buffer_2dINS_5arrayI8ap_fixedILi12ELi6EL9ap_q_mode5EL9_214 | {2 3 }
	Port: conv_2d_cl<array<ap_fixed,4u>,array<ap_fixed<12,6,5,3,0>,6u>,config9> : p_ZZN4nnet24compute_output_buffer_2dINS_5arrayI8ap_fixedILi12ELi6EL9ap_q_mode5EL9_223 | {2 3 }
	Port: conv_2d_cl<array<ap_fixed,4u>,array<ap_fixed<12,6,5,3,0>,6u>,config9> : p_ZZN4nnet24compute_output_buffer_2dINS_5arrayI8ap_fixedILi12ELi6EL9ap_q_mode5EL9_224 | {2 3 }
	Port: conv_2d_cl<array<ap_fixed,4u>,array<ap_fixed<12,6,5,3,0>,6u>,config9> : p_ZZN4nnet24compute_output_buffer_2dINS_5arrayI8ap_fixedILi12ELi6EL9ap_q_mode5EL9_225 | {2 3 }
	Port: conv_2d_cl<array<ap_fixed,4u>,array<ap_fixed<12,6,5,3,0>,6u>,config9> : p_ZZN4nnet24compute_output_buffer_2dINS_5arrayI8ap_fixedILi12ELi6EL9ap_q_mode5EL9_226 | {2 3 }
	Port: conv_2d_cl<array<ap_fixed,4u>,array<ap_fixed<12,6,5,3,0>,6u>,config9> : p_ZZN4nnet26conv_2d_buffer_resource_clINS_5arrayI8ap_fixedILi12ELi6EL9ap_q_mode5E_55 | {2 3 }
	Port: conv_2d_cl<array<ap_fixed,4u>,array<ap_fixed<12,6,5,3,0>,6u>,config9> : p_ZZN4nnet26conv_2d_buffer_resource_clINS_5arrayI8ap_fixedILi12ELi6EL9ap_q_mode5E_51 | {2 3 }
	Port: conv_2d_cl<array<ap_fixed,4u>,array<ap_fixed<12,6,5,3,0>,6u>,config9> : p_ZZN4nnet26conv_2d_buffer_resource_clINS_5arrayI8ap_fixedILi12ELi6EL9ap_q_mode5E_54 | {2 3 }
	Port: conv_2d_cl<array<ap_fixed,4u>,array<ap_fixed<12,6,5,3,0>,6u>,config9> : p_ZZN4nnet26conv_2d_buffer_resource_clINS_5arrayI8ap_fixedILi12ELi6EL9ap_q_mode5E_50 | {2 3 }
	Port: conv_2d_cl<array<ap_fixed,4u>,array<ap_fixed<12,6,5,3,0>,6u>,config9> : p_ZZN4nnet26conv_2d_buffer_resource_clINS_5arrayI8ap_fixedILi12ELi6EL9ap_q_mode5E_53 | {2 3 }
	Port: conv_2d_cl<array<ap_fixed,4u>,array<ap_fixed<12,6,5,3,0>,6u>,config9> : p_ZZN4nnet26conv_2d_buffer_resource_clINS_5arrayI8ap_fixedILi12ELi6EL9ap_q_mode5E_49 | {2 3 }
	Port: conv_2d_cl<array<ap_fixed,4u>,array<ap_fixed<12,6,5,3,0>,6u>,config9> : p_ZZN4nnet26conv_2d_buffer_resource_clINS_5arrayI8ap_fixedILi12ELi6EL9ap_q_mode5E_52 | {2 3 }
	Port: conv_2d_cl<array<ap_fixed,4u>,array<ap_fixed<12,6,5,3,0>,6u>,config9> : p_ZZN4nnet26conv_2d_buffer_resource_clINS_5arrayI8ap_fixedILi12ELi6EL9ap_q_mode5E_48 | {2 3 }
	Port: conv_2d_cl<array<ap_fixed,4u>,array<ap_fixed<12,6,5,3,0>,6u>,config9> : sX_3 | {2 3 }
	Port: conv_2d_cl<array<ap_fixed,4u>,array<ap_fixed<12,6,5,3,0>,6u>,config9> : sY_3 | {2 3 }
	Port: conv_2d_cl<array<ap_fixed,4u>,array<ap_fixed<12,6,5,3,0>,6u>,config9> : pY_3 | {2 3 }
	Port: conv_2d_cl<array<ap_fixed,4u>,array<ap_fixed<12,6,5,3,0>,6u>,config9> : pX_3 | {2 3 }
	Port: conv_2d_cl<array<ap_fixed,4u>,array<ap_fixed<12,6,5,3,0>,6u>,config9> : w9 | {2 3 }
  - Chain level:
	State 1
		store_ln0 : 1
	State 2
		icmp_ln52 : 1
		add_ln52 : 1
		br_ln52 : 2
		call_ln58 : 1
		store_ln52 : 2
	State 3


============================================================
+ Verbose Summary: Datapath Resource usage 
============================================================

* Functional unit list:
|----------|----------------------------------------------------------------------------------|---------|---------|---------|---------|
| Operation|                                  Functional Unit                                 |   DSP   |  Delay  |    FF   |   LUT   |
|----------|----------------------------------------------------------------------------------|---------|---------|---------|---------|
|   call   | grp_compute_output_buffer_2d_array_array_ap_fixed_12_6_5_3_0_6u_config9_s_fu_156 |    12   |  0.538  |   1797  |   962   |
|----------|----------------------------------------------------------------------------------|---------|---------|---------|---------|
|   icmp   |                                 icmp_ln52_fu_272                                 |    0    |    0    |    0    |    22   |
|----------|----------------------------------------------------------------------------------|---------|---------|---------|---------|
|    add   |                                  add_ln52_fu_278                                 |    0    |    0    |    0    |    22   |
|----------|----------------------------------------------------------------------------------|---------|---------|---------|---------|
|   read   |                           layer32_out_read_read_fu_150                           |    0    |    0    |    0    |    0    |
|----------|----------------------------------------------------------------------------------|---------|---------|---------|---------|
|   trunc  |                                 trunc_ln58_fu_284                                |    0    |    0    |    0    |    0    |
|----------|----------------------------------------------------------------------------------|---------|---------|---------|---------|
|          |                                trunc_ln58_s_fu_289                               |    0    |    0    |    0    |    0    |
|partselect|                               trunc_ln58_99_fu_300                               |    0    |    0    |    0    |    0    |
|          |                               trunc_ln58_100_fu_311                              |    0    |    0    |    0    |    0    |
|----------|----------------------------------------------------------------------------------|---------|---------|---------|---------|
|   Total  |                                                                                  |    12   |  0.538  |   1797  |   1006  |
|----------|----------------------------------------------------------------------------------|---------|---------|---------|---------|

Memories:
N/A

* Register list:
+----------------------+--------+
|                      |   FF   |
+----------------------+--------+
|indvar_flatten_reg_327|   15   |
|trunc_ln58_100_reg_352|   12   |
| trunc_ln58_99_reg_347|   12   |
|  trunc_ln58_reg_337  |   12   |
| trunc_ln58_s_reg_342 |   12   |
+----------------------+--------+
|         Total        |   63   |
+----------------------+--------+

* Multiplexer (MUX) list: 
|----------------------------------------------------------------------------------|------|------|------|--------||---------||---------|
|                                       Comp                                       |  Pin | Size |  BW  | S x BW ||  Delay  ||   LUT   |
|----------------------------------------------------------------------------------|------|------|------|--------||---------||---------|
| grp_compute_output_buffer_2d_array_array_ap_fixed_12_6_5_3_0_6u_config9_s_fu_156 |  p1  |   2  |  12  |   24   ||    9    |
| grp_compute_output_buffer_2d_array_array_ap_fixed_12_6_5_3_0_6u_config9_s_fu_156 |  p2  |   2  |  12  |   24   ||    9    |
| grp_compute_output_buffer_2d_array_array_ap_fixed_12_6_5_3_0_6u_config9_s_fu_156 |  p3  |   2  |  12  |   24   ||    9    |
| grp_compute_output_buffer_2d_array_array_ap_fixed_12_6_5_3_0_6u_config9_s_fu_156 |  p4  |   2  |  12  |   24   ||    9    |
|----------------------------------------------------------------------------------|------|------|------|--------||---------||---------|
|                                       Total                                      |      |      |      |   96   ||  2.152  ||    36   |
|----------------------------------------------------------------------------------|------|------|------|--------||---------||---------|



* Summary:
+-----------+--------+--------+--------+--------+
|           |   DSP  |  Delay |   FF   |   LUT  |
+-----------+--------+--------+--------+--------+
|  Function |   12   |    0   |  1797  |  1006  |
|   Memory  |    -   |    -   |    -   |    -   |
|Multiplexer|    -   |    2   |    -   |   36   |
|  Register |    -   |    -   |   63   |    -   |
+-----------+--------+--------+--------+--------+
|   Total   |   12   |    2   |  1860  |  1042  |
+-----------+--------+--------+--------+--------+
