

================================================================
== Vitis HLS Report for 'conv_2d_cl_array_ap_fixed_1u_array_ap_fixed_12_6_5_3_0_4u_config2_s'
================================================================
* Date:           Wed Apr 22 16:01:55 2026

* Version:        2023.2 (Build 4023990 on Oct 11 2023)
* Project:        folo_prj
* Solution:       solution1 (Vivado IP Flow Target)
* Product family: kintexu
* Target device:  xcku035-fbva676-2-e


================================================================
== Performance Estimates
================================================================
+ Timing: 
    * Summary: 
    +--------+---------+----------+------------+
    |  Clock |  Target | Estimated| Uncertainty|
    +--------+---------+----------+------------+
    |ap_clk  |  5.00 ns|  3.847 ns|     1.35 ns|
    +--------+---------+----------+------------+

+ Latency: 
    * Summary: 
    +---------+---------+----------+----------+--------+---------+---------+
    |  Latency (cycles) |  Latency (absolute) |     Interval     | Pipeline|
    |   min   |   max   |    min   |    max   |   min  |   max   |   Type  |
    +---------+---------+----------+----------+--------+---------+---------+
    |   264197|  1717275|  1.321 ms|  8.586 ms|  264197|  1717275|       no|
    +---------+---------+----------+----------+--------+---------+---------+

    + Detail: 
        * Instance: 
        N/A

        * Loop: 
        +----------------------------------+---------+---------+----------+-----------+-----------+-------+----------+
        |                                  |  Latency (cycles) | Iteration|  Initiation Interval  |  Trip |          |
        |             Loop Name            |   min   |   max   |  Latency |  achieved |   target  | Count | Pipelined|
        +----------------------------------+---------+---------+----------+-----------+-----------+-------+----------+
        |- ReadInputHeight_ReadInputWidth  |   264196|  1717274|    4 ~ 26|          -|          -|  66049|        no|
        +----------------------------------+---------+---------+----------+-----------+-----------+-------+----------+

============================================================
+ Verbose Summary: Synthesis Manager
============================================================
InlineROM: 1
ExposeGlobal: 0
============================================================
+ Verbose Summary: CDFG Model
============================================================
IsTopModel: 0
ResetActiveHigh: 1
IsCombinational: 2
IsDatapathOnly: 0
HasWiredReturn: 1
HasMFsm: 0
HasVarLatency: 1
IsPipeline: 0
IsRtlPipelined: 0
IsInstanceOverlapped: 0
IsDontTouch: 0
HasImplIP: 0
IsGatedGlobalClock: 0


============================================================
+ Verbose Summary: Schedule
============================================================
* Number of FSM states : 3
* Pipeline : 0
* Dataflow Pipeline: 0

* FSM state transitions: 
1 --> 2 
2 --> 3 
3 --> 2 

* FSM state operations: 

State 1 <SV = 0> <Delay = 0.53>
ST_1 : Operation 4 [1/1] (0.00ns)   --->   "%indvar_flatten = alloca i32 1"   --->   Operation 4 'alloca' 'indvar_flatten' <Predicate = true> <Delay = 0.00>
ST_1 : Operation 5 [1/1] (0.00ns)   --->   "%specinterface_ln0 = specinterface void @_ssdm_op_SpecInterface, i48 %layer2_out, void @empty_13, i32 0, i32 0, void @empty_8, i32 0, i32 0, void @empty_8, void @empty_8, void @empty_8, i32 0, i32 0, i32 0, i32 0, void @empty_8, void @empty_8, i32 4294967295, i32 0"   --->   Operation 5 'specinterface' 'specinterface_ln0' <Predicate = true> <Delay = 0.00>
ST_1 : Operation 6 [1/1] (0.00ns)   --->   "%specinterface_ln0 = specinterface void @_ssdm_op_SpecInterface, i12 %layer30_out, void @empty_13, i32 0, i32 0, void @empty_8, i32 0, i32 0, void @empty_8, void @empty_8, void @empty_8, i32 0, i32 0, i32 0, i32 0, void @empty_8, void @empty_8, i32 4294967295, i32 0"   --->   Operation 6 'specinterface' 'specinterface_ln0' <Predicate = true> <Delay = 0.00>
ST_1 : Operation 7 [1/1] (0.53ns)   --->   "%store_ln0 = store i17 0, i17 %indvar_flatten"   --->   Operation 7 'store' 'store_ln0' <Predicate = true> <Delay = 0.53>
ST_1 : Operation 8 [1/1] (0.00ns)   --->   "%br_ln52 = br void %for.body12.i" [firmware/nnet_utils/nnet_conv2d_stream.h:52->firmware/nnet_utils/nnet_conv2d_stream.h:78]   --->   Operation 8 'br' 'br_ln52' <Predicate = true> <Delay = 0.00>

State 2 <SV = 1> <Delay = 3.24>
ST_2 : Operation 9 [1/1] (0.00ns)   --->   "%indvar_flatten_load = load i17 %indvar_flatten" [firmware/nnet_utils/nnet_conv2d_stream.h:52->firmware/nnet_utils/nnet_conv2d_stream.h:78]   --->   Operation 9 'load' 'indvar_flatten_load' <Predicate = true> <Delay = 0.00>
ST_2 : Operation 10 [1/1] (1.42ns)   --->   "%icmp_ln52 = icmp_eq  i17 %indvar_flatten_load, i17 66049" [firmware/nnet_utils/nnet_conv2d_stream.h:52->firmware/nnet_utils/nnet_conv2d_stream.h:78]   --->   Operation 10 'icmp' 'icmp_ln52' <Predicate = true> <Delay = 1.42> <CoreInst = "Cmp">   --->   Core 9 'Cmp' <Latency = 0> <II = 1> <Delay = 1.42> <FuncUnit> <Opcode : 'icmp'> <InPorts = 2> <OutPorts = 1>
ST_2 : Operation 11 [1/1] (1.42ns)   --->   "%add_ln52 = add i17 %indvar_flatten_load, i17 1" [firmware/nnet_utils/nnet_conv2d_stream.h:52->firmware/nnet_utils/nnet_conv2d_stream.h:78]   --->   Operation 11 'add' 'add_ln52' <Predicate = true> <Delay = 1.42> <CoreInst = "Adder">   --->   Core 1 'Adder' <Latency = 0> <II = 1> <Delay = 1.42> <FuncUnit> <Opcode : 'add' 'sub'> <InPorts = 2> <OutPorts = 1>
ST_2 : Operation 12 [1/1] (0.00ns)   --->   "%br_ln52 = br i1 %icmp_ln52, void %for.cond.cleanup11.i, void %_ZN4nnet26conv_2d_buffer_resource_clINS_5arrayI8ap_fixedILi12ELi6EL9ap_q_mode5EL9ap_o_mode3ELi0EELj1EEENS1_IS5_Lj4EEE7config2EEvRN3hls6streamIT_Li0EEERNSA_IT0_Li0EEEPNT1_8weight_tEPNSH_6bias_tE.24.exit" [firmware/nnet_utils/nnet_conv2d_stream.h:52->firmware/nnet_utils/nnet_conv2d_stream.h:78]   --->   Operation 12 'br' 'br_ln52' <Predicate = true> <Delay = 0.00>
ST_2 : Operation 13 [1/1] (1.82ns)   --->   "%layer30_out_read = read i12 @_ssdm_op_Read.ap_fifo.volatile.i12P0A, i12 %layer30_out" [firmware/nnet_utils/nnet_conv2d_stream.h:58->firmware/nnet_utils/nnet_conv2d_stream.h:78]   --->   Operation 13 'read' 'layer30_out_read' <Predicate = (!icmp_ln52)> <Delay = 1.82> <CoreInst = "FIFO">   --->   Core 78 'FIFO' <Latency = 0> <II = 1> <Delay = 2.16> <Storage> <Opcode : 'read' 'write' 'nbread' 'nbwrite'> <Ports = 0> <Width = 12> <Depth = 66049> <FIFO>
ST_2 : Operation 14 [2/2] (0.00ns)   --->   "%call_ln58 = call void @compute_output_buffer_2d<array,array<ap_fixed<12,6,5,3,0>,4u>,config2>, i12 %layer30_out_read, i48 %layer2_out, i12 %void_compute_output_buffer_2d_array_const_ap_shift_reg_n_chan_stream_weig_57, i12 %void_compute_output_buffer_2d_array_const_ap_shift_reg_n_chan_stream_weig_58, i12 %void_compute_output_buffer_2d_array_const_ap_shift_reg_n_chan_stream_weig_54, i12 %void_compute_output_buffer_2d_array_const_ap_shift_reg_n_chan_stream_weig_55, i12 %void_compute_output_buffer_2d_array_const_ap_shift_reg_n_chan_stream_weig_51, i12 %void_compute_output_buffer_2d_array_const_ap_shift_reg_n_chan_stream_weig_52, i12 %void_compute_output_buffer_2d_array_const_ap_shift_reg_n_chan_stream_weig_56, i12 %void_compute_output_buffer_2d_array_const_ap_shift_reg_n_chan_stream_weig_53, i12 %void_compute_output_buffer_2d_array_const_ap_shift_reg_n_chan_stream_weig_50, i12 %void_conv_2d_buffer_resource_cl_stream_stream_weight_t_bias_t_line_buffer_1, i12 %void_conv_2d_buffer_resource_cl_stream_stream_weight_t_bias_t_line_buffer, i32 %sX_5, i32 %sY_5, i32 %pY_5, i32 %pX_5, i1 %outidx_1, i17 %w2" [firmware/nnet_utils/nnet_conv2d_stream.h:58->firmware/nnet_utils/nnet_conv2d_stream.h:78]   --->   Operation 14 'call' 'call_ln58' <Predicate = (!icmp_ln52)> <Delay = 0.00> <CoreType = "Generic">   --->   Core 0 '' <Latency = 0> <II = 1> <Delay = 1.00> <Generic> <Opcode : >
ST_2 : Operation 15 [1/1] (0.53ns)   --->   "%store_ln52 = store i17 %add_ln52, i17 %indvar_flatten" [firmware/nnet_utils/nnet_conv2d_stream.h:52->firmware/nnet_utils/nnet_conv2d_stream.h:78]   --->   Operation 15 'store' 'store_ln52' <Predicate = (!icmp_ln52)> <Delay = 0.53>
ST_2 : Operation 16 [1/1] (0.00ns)   --->   "%ret_ln82 = ret" [firmware/nnet_utils/nnet_conv2d_stream.h:82]   --->   Operation 16 'ret' 'ret_ln82' <Predicate = (icmp_ln52)> <Delay = 0.00>

State 3 <SV = 2> <Delay = 0.00>
ST_3 : Operation 17 [1/1] (0.00ns)   --->   "%specloopname_ln0 = specloopname void @_ssdm_op_SpecLoopName, void @ReadInputHeight_ReadInputWidth_str"   --->   Operation 17 'specloopname' 'specloopname_ln0' <Predicate = true> <Delay = 0.00>
ST_3 : Operation 18 [1/1] (0.00ns)   --->   "%speclooptripcount_ln0 = speclooptripcount void @_ssdm_op_SpecLoopTripCount, i64 66049, i64 66049, i64 66049"   --->   Operation 18 'speclooptripcount' 'speclooptripcount_ln0' <Predicate = true> <Delay = 0.00>
ST_3 : Operation 19 [1/2] (0.00ns)   --->   "%call_ln58 = call void @compute_output_buffer_2d<array,array<ap_fixed<12,6,5,3,0>,4u>,config2>, i12 %layer30_out_read, i48 %layer2_out, i12 %void_compute_output_buffer_2d_array_const_ap_shift_reg_n_chan_stream_weig_57, i12 %void_compute_output_buffer_2d_array_const_ap_shift_reg_n_chan_stream_weig_58, i12 %void_compute_output_buffer_2d_array_const_ap_shift_reg_n_chan_stream_weig_54, i12 %void_compute_output_buffer_2d_array_const_ap_shift_reg_n_chan_stream_weig_55, i12 %void_compute_output_buffer_2d_array_const_ap_shift_reg_n_chan_stream_weig_51, i12 %void_compute_output_buffer_2d_array_const_ap_shift_reg_n_chan_stream_weig_52, i12 %void_compute_output_buffer_2d_array_const_ap_shift_reg_n_chan_stream_weig_56, i12 %void_compute_output_buffer_2d_array_const_ap_shift_reg_n_chan_stream_weig_53, i12 %void_compute_output_buffer_2d_array_const_ap_shift_reg_n_chan_stream_weig_50, i12 %void_conv_2d_buffer_resource_cl_stream_stream_weight_t_bias_t_line_buffer_1, i12 %void_conv_2d_buffer_resource_cl_stream_stream_weight_t_bias_t_line_buffer, i32 %sX_5, i32 %sY_5, i32 %pY_5, i32 %pX_5, i1 %outidx_1, i17 %w2" [firmware/nnet_utils/nnet_conv2d_stream.h:58->firmware/nnet_utils/nnet_conv2d_stream.h:78]   --->   Operation 19 'call' 'call_ln58' <Predicate = true> <Delay = 0.00> <CoreType = "Generic">   --->   Core 0 '' <Latency = 0> <II = 1> <Delay = 1.00> <Generic> <Opcode : >
ST_3 : Operation 20 [1/1] (0.00ns)   --->   "%br_ln54 = br void %for.body12.i" [firmware/nnet_utils/nnet_conv2d_stream.h:54->firmware/nnet_utils/nnet_conv2d_stream.h:78]   --->   Operation 20 'br' 'br_ln54' <Predicate = true> <Delay = 0.00>


============================================================
+ Verbose Summary: Timing violations
============================================================
Target clock period: 5.000ns, clock uncertainty: 1.350ns.

 <State 1>: 0.538ns
The critical path consists of the following:
	'alloca' operation 17 bit ('indvar_flatten') [20]  (0.000 ns)
	'store' operation 0 bit ('store_ln0') of constant 0 on local variable 'indvar_flatten' [23]  (0.538 ns)

 <State 2>: 3.248ns
The critical path consists of the following:
	'load' operation 17 bit ('indvar_flatten_load', firmware/nnet_utils/nnet_conv2d_stream.h:52->firmware/nnet_utils/nnet_conv2d_stream.h:78) on local variable 'indvar_flatten' [26]  (0.000 ns)
	'icmp' operation 1 bit ('icmp_ln52', firmware/nnet_utils/nnet_conv2d_stream.h:52->firmware/nnet_utils/nnet_conv2d_stream.h:78) [27]  (1.423 ns)
	fifo read operation ('layer30_out_read', firmware/nnet_utils/nnet_conv2d_stream.h:58->firmware/nnet_utils/nnet_conv2d_stream.h:78) on port 'layer30_out' (firmware/nnet_utils/nnet_conv2d_stream.h:58->firmware/nnet_utils/nnet_conv2d_stream.h:78) [33]  (1.825 ns)
	'call' operation 0 bit ('call_ln58', firmware/nnet_utils/nnet_conv2d_stream.h:58->firmware/nnet_utils/nnet_conv2d_stream.h:78) to 'compute_output_buffer_2d<array,array<ap_fixed<12,6,5,3,0>,4u>,config2>' [34]  (0.000 ns)

 <State 3>: 0.000ns
The critical path consists of the following:


============================================================
+ Verbose Summary: Binding
============================================================
N/A
* FSMD analyzer results:
  - Output states:
 - Input state : 
  - Chain level:
	State 1
	State 2
	State 3


============================================================
+ Verbose Summary: Datapath Resource usage 
============================================================
N/A
