

================================================================
== Vitis HLS Report for 'conv_2d_cl_array_ap_fixed_6u_array_ap_fixed_12_6_5_3_0_8u_config16_s'
================================================================
* Date:           Wed Apr 22 16:02:02 2026

* Version:        2023.2 (Build 4023990 on Oct 11 2023)
* Project:        folo_prj
* Solution:       solution1 (Vivado IP Flow Target)
* Product family: kintexu
* Target device:  xcku035-fbva676-2-e


================================================================
== Performance Estimates
================================================================
+ Timing: 
    * Summary: 
    +--------+---------+----------+------------+
    |  Clock |  Target | Estimated| Uncertainty|
    +--------+---------+----------+------------+
    |ap_clk  |  5.00 ns|  3.847 ns|     1.35 ns|
    +--------+---------+----------+------------+

+ Latency: 
    * Summary: 
    +---------+---------+-----------+----------+-------+--------+---------+
    |  Latency (cycles) |  Latency (absolute)  |    Interval    | Pipeline|
    |   min   |   max   |    min    |    max   |  min  |   max  |   Type  |
    +---------+---------+-----------+----------+-------+--------+---------+
    |    16901|   109851|  84.505 us|  0.549 ms|  16901|  109851|       no|
    +---------+---------+-----------+----------+-------+--------+---------+

    + Detail: 
        * Instance: 
        N/A

        * Loop: 
        +----------------------------------+---------+---------+----------+-----------+-----------+------+----------+
        |                                  |  Latency (cycles) | Iteration|  Initiation Interval  | Trip |          |
        |             Loop Name            |   min   |   max   |  Latency |  achieved |   target  | Count| Pipelined|
        +----------------------------------+---------+---------+----------+-----------+-----------+------+----------+
        |- ReadInputHeight_ReadInputWidth  |    16900|   109850|    4 ~ 26|          -|          -|  4225|        no|
        +----------------------------------+---------+---------+----------+-----------+-----------+------+----------+

============================================================
+ Verbose Summary: Synthesis Manager
============================================================
InlineROM: 1
ExposeGlobal: 0
============================================================
+ Verbose Summary: CDFG Model
============================================================
IsTopModel: 0
ResetActiveHigh: 1
IsCombinational: 2
IsDatapathOnly: 0
HasWiredReturn: 1
HasMFsm: 0
HasVarLatency: 1
IsPipeline: 0
IsRtlPipelined: 0
IsInstanceOverlapped: 0
IsDontTouch: 0
HasImplIP: 0
IsGatedGlobalClock: 0


============================================================
+ Verbose Summary: Schedule
============================================================
* Number of FSM states : 3
* Pipeline : 0
* Dataflow Pipeline: 0

* FSM state transitions: 
1 --> 2 
2 --> 3 
3 --> 2 

* FSM state operations: 

State 1 <SV = 0> <Delay = 0.53>
ST_1 : Operation 4 [1/1] (0.00ns)   --->   "%indvar_flatten = alloca i32 1"   --->   Operation 4 'alloca' 'indvar_flatten' <Predicate = true> <Delay = 0.00>
ST_1 : Operation 5 [1/1] (0.00ns)   --->   "%specinterface_ln0 = specinterface void @_ssdm_op_SpecInterface, i96 %layer16_out, void @empty_13, i32 0, i32 0, void @empty_8, i32 0, i32 0, void @empty_8, void @empty_8, void @empty_8, i32 0, i32 0, i32 0, i32 0, void @empty_8, void @empty_8, i32 4294967295, i32 0"   --->   Operation 5 'specinterface' 'specinterface_ln0' <Predicate = true> <Delay = 0.00>
ST_1 : Operation 6 [1/1] (0.00ns)   --->   "%specinterface_ln0 = specinterface void @_ssdm_op_SpecInterface, i72 %layer34_out, void @empty_13, i32 0, i32 0, void @empty_8, i32 0, i32 0, void @empty_8, void @empty_8, void @empty_8, i32 0, i32 0, i32 0, i32 0, void @empty_8, void @empty_8, i32 4294967295, i32 0"   --->   Operation 6 'specinterface' 'specinterface_ln0' <Predicate = true> <Delay = 0.00>
ST_1 : Operation 7 [1/1] (0.53ns)   --->   "%store_ln0 = store i13 0, i13 %indvar_flatten"   --->   Operation 7 'store' 'store_ln0' <Predicate = true> <Delay = 0.53>
ST_1 : Operation 8 [1/1] (0.00ns)   --->   "%br_ln52 = br void %for.body12.i" [firmware/nnet_utils/nnet_conv2d_stream.h:52->firmware/nnet_utils/nnet_conv2d_stream.h:78]   --->   Operation 8 'br' 'br_ln52' <Predicate = true> <Delay = 0.00>

State 2 <SV = 1> <Delay = 3.19>
ST_2 : Operation 9 [1/1] (0.00ns)   --->   "%indvar_flatten_load = load i13 %indvar_flatten" [firmware/nnet_utils/nnet_conv2d_stream.h:52->firmware/nnet_utils/nnet_conv2d_stream.h:78]   --->   Operation 9 'load' 'indvar_flatten_load' <Predicate = true> <Delay = 0.00>
ST_2 : Operation 10 [1/1] (1.36ns)   --->   "%icmp_ln52 = icmp_eq  i13 %indvar_flatten_load, i13 4225" [firmware/nnet_utils/nnet_conv2d_stream.h:52->firmware/nnet_utils/nnet_conv2d_stream.h:78]   --->   Operation 10 'icmp' 'icmp_ln52' <Predicate = true> <Delay = 1.36> <CoreInst = "Cmp">   --->   Core 9 'Cmp' <Latency = 0> <II = 1> <Delay = 1.36> <FuncUnit> <Opcode : 'icmp'> <InPorts = 2> <OutPorts = 1>
ST_2 : Operation 11 [1/1] (1.36ns)   --->   "%add_ln52 = add i13 %indvar_flatten_load, i13 1" [firmware/nnet_utils/nnet_conv2d_stream.h:52->firmware/nnet_utils/nnet_conv2d_stream.h:78]   --->   Operation 11 'add' 'add_ln52' <Predicate = true> <Delay = 1.36> <CoreInst = "Adder">   --->   Core 1 'Adder' <Latency = 0> <II = 1> <Delay = 1.36> <FuncUnit> <Opcode : 'add' 'sub'> <InPorts = 2> <OutPorts = 1>
ST_2 : Operation 12 [1/1] (0.00ns)   --->   "%br_ln52 = br i1 %icmp_ln52, void %for.cond.cleanup11.i, void %_ZN4nnet26conv_2d_buffer_resource_clINS_5arrayI8ap_fixedILi12ELi6EL9ap_q_mode5EL9ap_o_mode3ELi0EELj6EEENS1_IS5_Lj8EEE8config16EEvRN3hls6streamIT_Li0EEERNSA_IT0_Li0EEEPNT1_8weight_tEPNSH_6bias_tE.12.exit" [firmware/nnet_utils/nnet_conv2d_stream.h:52->firmware/nnet_utils/nnet_conv2d_stream.h:78]   --->   Operation 12 'br' 'br_ln52' <Predicate = true> <Delay = 0.00>
ST_2 : Operation 13 [1/1] (1.82ns)   --->   "%layer34_out_read = read i72 @_ssdm_op_Read.ap_fifo.volatile.i72P0A, i72 %layer34_out" [firmware/nnet_utils/nnet_conv2d_stream.h:58->firmware/nnet_utils/nnet_conv2d_stream.h:78]   --->   Operation 13 'read' 'layer34_out_read' <Predicate = (!icmp_ln52)> <Delay = 1.82> <CoreInst = "FIFO">   --->   Core 78 'FIFO' <Latency = 0> <II = 1> <Delay = 2.16> <Storage> <Opcode : 'read' 'write' 'nbread' 'nbwrite'> <Ports = 0> <Width = 72> <Depth = 4225> <FIFO>
ST_2 : Operation 14 [1/1] (0.00ns)   --->   "%trunc_ln58 = trunc i72 %layer34_out_read" [firmware/nnet_utils/nnet_conv2d_stream.h:58->firmware/nnet_utils/nnet_conv2d_stream.h:78]   --->   Operation 14 'trunc' 'trunc_ln58' <Predicate = (!icmp_ln52)> <Delay = 0.00>
ST_2 : Operation 15 [1/1] (0.00ns)   --->   "%trunc_ln58_s = partselect i12 @_ssdm_op_PartSelect.i12.i72.i32.i32, i72 %layer34_out_read, i32 12, i32 23" [firmware/nnet_utils/nnet_conv2d_stream.h:58->firmware/nnet_utils/nnet_conv2d_stream.h:78]   --->   Operation 15 'partselect' 'trunc_ln58_s' <Predicate = (!icmp_ln52)> <Delay = 0.00>
ST_2 : Operation 16 [1/1] (0.00ns)   --->   "%trunc_ln58_91 = partselect i12 @_ssdm_op_PartSelect.i12.i72.i32.i32, i72 %layer34_out_read, i32 24, i32 35" [firmware/nnet_utils/nnet_conv2d_stream.h:58->firmware/nnet_utils/nnet_conv2d_stream.h:78]   --->   Operation 16 'partselect' 'trunc_ln58_91' <Predicate = (!icmp_ln52)> <Delay = 0.00>
ST_2 : Operation 17 [1/1] (0.00ns)   --->   "%trunc_ln58_92 = partselect i12 @_ssdm_op_PartSelect.i12.i72.i32.i32, i72 %layer34_out_read, i32 36, i32 47" [firmware/nnet_utils/nnet_conv2d_stream.h:58->firmware/nnet_utils/nnet_conv2d_stream.h:78]   --->   Operation 17 'partselect' 'trunc_ln58_92' <Predicate = (!icmp_ln52)> <Delay = 0.00>
ST_2 : Operation 18 [1/1] (0.00ns)   --->   "%trunc_ln58_93 = partselect i12 @_ssdm_op_PartSelect.i12.i72.i32.i32, i72 %layer34_out_read, i32 48, i32 59" [firmware/nnet_utils/nnet_conv2d_stream.h:58->firmware/nnet_utils/nnet_conv2d_stream.h:78]   --->   Operation 18 'partselect' 'trunc_ln58_93' <Predicate = (!icmp_ln52)> <Delay = 0.00>
ST_2 : Operation 19 [1/1] (0.00ns)   --->   "%trunc_ln58_94 = partselect i12 @_ssdm_op_PartSelect.i12.i72.i32.i32, i72 %layer34_out_read, i32 60, i32 71" [firmware/nnet_utils/nnet_conv2d_stream.h:58->firmware/nnet_utils/nnet_conv2d_stream.h:78]   --->   Operation 19 'partselect' 'trunc_ln58_94' <Predicate = (!icmp_ln52)> <Delay = 0.00>
ST_2 : Operation 20 [2/2] (0.00ns)   --->   "%call_ln58 = call void @compute_output_buffer_2d<array,array<ap_fixed<12,6,5,3,0>,8u>,config16>, i12 %trunc_ln58, i12 %trunc_ln58_s, i12 %trunc_ln58_91, i12 %trunc_ln58_92, i12 %trunc_ln58_93, i12 %trunc_ln58_94, i96 %layer16_out, i12 %void_compute_output_buffer_2d_array_const_ap_shift_reg_n_chan_stream_weig_13, i12 %void_compute_output_buffer_2d_array_const_ap_shift_reg_n_chan_stream_weig_19, i12 %void_compute_output_buffer_2d_array_const_ap_shift_reg_n_chan_stream_weig_12, i12 %void_compute_output_buffer_2d_array_const_ap_shift_reg_n_chan_stream_weig_18, i12 %void_compute_output_buffer_2d_array_const_ap_shift_reg_n_chan_stream_weig_11, i12 %void_compute_output_buffer_2d_array_const_ap_shift_reg_n_chan_stream_weig_17, i12 %void_compute_output_buffer_2d_array_const_ap_shift_reg_n_chan_stream_weig_10, i12 %void_compute_output_buffer_2d_array_const_ap_shift_reg_n_chan_stream_weig_16, i12 %p_ZZN4nnet24compute_output_buffer_2dINS_5arrayI8ap_fixedILi12ELi6EL9ap_q_mode5EL9_253, i12 %void_compute_output_buffer_2d_array_const_ap_shift_reg_n_chan_stream_weig_15, i12 %p_ZZN4nnet24compute_output_buffer_2dINS_5arrayI8ap_fixedILi12ELi6EL9ap_q_mode5EL9_254, i12 %void_compute_output_buffer_2d_array_const_ap_shift_reg_n_chan_stream_weig_14, i12 %p_ZZN4nnet24compute_output_buffer_2dINS_5arrayI8ap_fixedILi12ELi6EL9ap_q_mode5EL9_267, i12 %p_ZZN4nnet24compute_output_buffer_2dINS_5arrayI8ap_fixedILi12ELi6EL9ap_q_mode5EL9_261, i12 %p_ZZN4nnet24compute_output_buffer_2dINS_5arrayI8ap_fixedILi12ELi6EL9ap_q_mode5EL9_268, i12 %p_ZZN4nnet24compute_output_buffer_2dINS_5arrayI8ap_fixedILi12ELi6EL9ap_q_mode5EL9_262, i12 %p_ZZN4nnet24compute_output_buffer_2dINS_5arrayI8ap_fixedILi12ELi6EL9ap_q_mode5EL9_269, i12 %p_ZZN4nnet24compute_output_buffer_2dINS_5arrayI8ap_fixedILi12ELi6EL9ap_q_mode5EL9_263, i12 %p_ZZN4nnet24compute_output_buffer_2dINS_5arrayI8ap_fixedILi12ELi6EL9ap_q_mode5EL9_270, i12 %p_ZZN4nnet24compute_output_buffer_2dINS_5arrayI8ap_fixedILi12ELi6EL9ap_q_mode5EL9_264, i12 %p_ZZN4nnet24compute_output_buffer_2dINS_5arrayI8ap_fixedILi12ELi6EL9ap_q_mode5EL9_271, i12 %p_ZZN4nnet24compute_output_buffer_2dINS_5arrayI8ap_fixedILi12ELi6EL9ap_q_mode5EL9_265, i12 %p_ZZN4nnet24compute_output_buffer_2dINS_5arrayI8ap_fixedILi12ELi6EL9ap_q_mode5EL9_272, i12 %p_ZZN4nnet24compute_output_buffer_2dINS_5arrayI8ap_fixedILi12ELi6EL9ap_q_mode5EL9_266, i12 %p_ZZN4nnet24compute_output_buffer_2dINS_5arrayI8ap_fixedILi12ELi6EL9ap_q_mode5EL9_285, i12 %p_ZZN4nnet24compute_output_buffer_2dINS_5arrayI8ap_fixedILi12ELi6EL9ap_q_mode5EL9_279, i12 %p_ZZN4nnet24compute_output_buffer_2dINS_5arrayI8ap_fixedILi12ELi6EL9ap_q_mode5EL9_286, i12 %p_ZZN4nnet24compute_output_buffer_2dINS_5arrayI8ap_fixedILi12ELi6EL9ap_q_mode5EL9_280, i12 %p_ZZN4nnet24compute_output_buffer_2dINS_5arrayI8ap_fixedILi12ELi6EL9ap_q_mode5EL9_287, i12 %p_ZZN4nnet24compute_output_buffer_2dINS_5arrayI8ap_fixedILi12ELi6EL9ap_q_mode5EL9_281, i12 %p_ZZN4nnet24compute_output_buffer_2dINS_5arrayI8ap_fixedILi12ELi6EL9ap_q_mode5EL9_288, i12 %p_ZZN4nnet24compute_output_buffer_2dINS_5arrayI8ap_fixedILi12ELi6EL9ap_q_mode5EL9_282, i12 %p_ZZN4nnet24compute_output_buffer_2dINS_5arrayI8ap_fixedILi12ELi6EL9ap_q_mode5EL9_289, i12 %p_ZZN4nnet24compute_output_buffer_2dINS_5arrayI8ap_fixedILi12ELi6EL9ap_q_mode5EL9_283, i12 %p_ZZN4nnet24compute_output_buffer_2dINS_5arrayI8ap_fixedILi12ELi6EL9ap_q_mode5EL9_290, i12 %p_ZZN4nnet24compute_output_buffer_2dINS_5arrayI8ap_fixedILi12ELi6EL9ap_q_mode5EL9_284, i12 %p_ZZN4nnet24compute_output_buffer_2dINS_5arrayI8ap_fixedILi12ELi6EL9ap_q_mode5EL9_255, i12 %p_ZZN4nnet24compute_output_buffer_2dINS_5arrayI8ap_fixedILi12ELi6EL9ap_q_mode5EL9_256, i12 %p_ZZN4nnet24compute_output_buffer_2dINS_5arrayI8ap_fixedILi12ELi6EL9ap_q_mode5EL9_257, i12 %p_ZZN4nnet24compute_output_buffer_2dINS_5arrayI8ap_fixedILi12ELi6EL9ap_q_mode5EL9_258, i12 %p_ZZN4nnet24compute_output_buffer_2dINS_5arrayI8ap_fixedILi12ELi6EL9ap_q_mode5EL9_259, i12 %p_ZZN4nnet24compute_output_buffer_2dINS_5arrayI8ap_fixedILi12ELi6EL9ap_q_mode5EL9_260, i12 %p_ZZN4nnet24compute_output_buffer_2dINS_5arrayI8ap_fixedILi12ELi6EL9ap_q_mode5EL9_273, i12 %p_ZZN4nnet24compute_output_buffer_2dINS_5arrayI8ap_fixedILi12ELi6EL9ap_q_mode5EL9_274, i12 %p_ZZN4nnet24compute_output_buffer_2dINS_5arrayI8ap_fixedILi12ELi6EL9ap_q_mode5EL9_275, i12 %p_ZZN4nnet24compute_output_buffer_2dINS_5arrayI8ap_fixedILi12ELi6EL9ap_q_mode5EL9_276, i12 %p_ZZN4nnet24compute_output_buffer_2dINS_5arrayI8ap_fixedILi12ELi6EL9ap_q_mode5EL9_277, i12 %p_ZZN4nnet24compute_output_buffer_2dINS_5arrayI8ap_fixedILi12ELi6EL9ap_q_mode5EL9_278, i12 %p_ZZN4nnet24compute_output_buffer_2dINS_5arrayI8ap_fixedILi12ELi6EL9ap_q_mode5EL9_291, i12 %p_ZZN4nnet24compute_output_buffer_2dINS_5arrayI8ap_fixedILi12ELi6EL9ap_q_mode5EL9_292, i12 %p_ZZN4nnet24compute_output_buffer_2dINS_5arrayI8ap_fixedILi12ELi6EL9ap_q_mode5EL9_293, i12 %p_ZZN4nnet24compute_output_buffer_2dINS_5arrayI8ap_fixedILi12ELi6EL9ap_q_mode5EL9_294, i12 %p_ZZN4nnet24compute_output_buffer_2dINS_5arrayI8ap_fixedILi12ELi6EL9ap_q_mode5EL9_295, i12 %p_ZZN4nnet24compute_output_buffer_2dINS_5arrayI8ap_fixedILi12ELi6EL9ap_q_mode5EL9_296, i12 %p_ZZN4nnet26conv_2d_buffer_resource_clINS_5arrayI8ap_fixedILi12ELi6EL9ap_q_mode5E_39, i12 %p_ZZN4nnet26conv_2d_buffer_resource_clINS_5arrayI8ap_fixedILi12ELi6EL9ap_q_mode5E_33, i12 %p_ZZN4nnet26conv_2d_buffer_resource_clINS_5arrayI8ap_fixedILi12ELi6EL9ap_q_mode5E_38, i12 %p_ZZN4nnet26conv_2d_buffer_resource_clINS_5arrayI8ap_fixedILi12ELi6EL9ap_q_mode5E_32, i12 %p_ZZN4nnet26conv_2d_buffer_resource_clINS_5arrayI8ap_fixedILi12ELi6EL9ap_q_mode5E_37, i12 %p_ZZN4nnet26conv_2d_buffer_resource_clINS_5arrayI8ap_fixedILi12ELi6EL9ap_q_mode5E_31, i12 %p_ZZN4nnet26conv_2d_buffer_resource_clINS_5arrayI8ap_fixedILi12ELi6EL9ap_q_mode5E_36, i12 %p_ZZN4nnet26conv_2d_buffer_resource_clINS_5arrayI8ap_fixedILi12ELi6EL9ap_q_mode5E_30, i12 %p_ZZN4nnet26conv_2d_buffer_resource_clINS_5arrayI8ap_fixedILi12ELi6EL9ap_q_mode5E_35, i12 %p_ZZN4nnet26conv_2d_buffer_resource_clINS_5arrayI8ap_fixedILi12ELi6EL9ap_q_mode5E_29, i12 %p_ZZN4nnet26conv_2d_buffer_resource_clINS_5arrayI8ap_fixedILi12ELi6EL9ap_q_mode5E_34, i12 %p_ZZN4nnet26conv_2d_buffer_resource_clINS_5arrayI8ap_fixedILi12ELi6EL9ap_q_mode5E_28, i32 %sX_1, i32 %sY_1, i32 %pY_1, i32 %pX_1, i282 %w16" [firmware/nnet_utils/nnet_conv2d_stream.h:58->firmware/nnet_utils/nnet_conv2d_stream.h:78]   --->   Operation 20 'call' 'call_ln58' <Predicate = (!icmp_ln52)> <Delay = 0.00> <CoreType = "Generic">   --->   Core 0 '' <Latency = 0> <II = 1> <Delay = 1.00> <Generic> <Opcode : >
ST_2 : Operation 21 [1/1] (0.53ns)   --->   "%store_ln52 = store i13 %add_ln52, i13 %indvar_flatten" [firmware/nnet_utils/nnet_conv2d_stream.h:52->firmware/nnet_utils/nnet_conv2d_stream.h:78]   --->   Operation 21 'store' 'store_ln52' <Predicate = (!icmp_ln52)> <Delay = 0.53>
ST_2 : Operation 22 [1/1] (0.00ns)   --->   "%ret_ln82 = ret" [firmware/nnet_utils/nnet_conv2d_stream.h:82]   --->   Operation 22 'ret' 'ret_ln82' <Predicate = (icmp_ln52)> <Delay = 0.00>

State 3 <SV = 2> <Delay = 0.00>
ST_3 : Operation 23 [1/1] (0.00ns)   --->   "%specloopname_ln0 = specloopname void @_ssdm_op_SpecLoopName, void @ReadInputHeight_ReadInputWidth_str"   --->   Operation 23 'specloopname' 'specloopname_ln0' <Predicate = true> <Delay = 0.00>
ST_3 : Operation 24 [1/1] (0.00ns)   --->   "%speclooptripcount_ln0 = speclooptripcount void @_ssdm_op_SpecLoopTripCount, i64 4225, i64 4225, i64 4225"   --->   Operation 24 'speclooptripcount' 'speclooptripcount_ln0' <Predicate = true> <Delay = 0.00>
ST_3 : Operation 25 [1/2] (0.00ns)   --->   "%call_ln58 = call void @compute_output_buffer_2d<array,array<ap_fixed<12,6,5,3,0>,8u>,config16>, i12 %trunc_ln58, i12 %trunc_ln58_s, i12 %trunc_ln58_91, i12 %trunc_ln58_92, i12 %trunc_ln58_93, i12 %trunc_ln58_94, i96 %layer16_out, i12 %void_compute_output_buffer_2d_array_const_ap_shift_reg_n_chan_stream_weig_13, i12 %void_compute_output_buffer_2d_array_const_ap_shift_reg_n_chan_stream_weig_19, i12 %void_compute_output_buffer_2d_array_const_ap_shift_reg_n_chan_stream_weig_12, i12 %void_compute_output_buffer_2d_array_const_ap_shift_reg_n_chan_stream_weig_18, i12 %void_compute_output_buffer_2d_array_const_ap_shift_reg_n_chan_stream_weig_11, i12 %void_compute_output_buffer_2d_array_const_ap_shift_reg_n_chan_stream_weig_17, i12 %void_compute_output_buffer_2d_array_const_ap_shift_reg_n_chan_stream_weig_10, i12 %void_compute_output_buffer_2d_array_const_ap_shift_reg_n_chan_stream_weig_16, i12 %p_ZZN4nnet24compute_output_buffer_2dINS_5arrayI8ap_fixedILi12ELi6EL9ap_q_mode5EL9_253, i12 %void_compute_output_buffer_2d_array_const_ap_shift_reg_n_chan_stream_weig_15, i12 %p_ZZN4nnet24compute_output_buffer_2dINS_5arrayI8ap_fixedILi12ELi6EL9ap_q_mode5EL9_254, i12 %void_compute_output_buffer_2d_array_const_ap_shift_reg_n_chan_stream_weig_14, i12 %p_ZZN4nnet24compute_output_buffer_2dINS_5arrayI8ap_fixedILi12ELi6EL9ap_q_mode5EL9_267, i12 %p_ZZN4nnet24compute_output_buffer_2dINS_5arrayI8ap_fixedILi12ELi6EL9ap_q_mode5EL9_261, i12 %p_ZZN4nnet24compute_output_buffer_2dINS_5arrayI8ap_fixedILi12ELi6EL9ap_q_mode5EL9_268, i12 %p_ZZN4nnet24compute_output_buffer_2dINS_5arrayI8ap_fixedILi12ELi6EL9ap_q_mode5EL9_262, i12 %p_ZZN4nnet24compute_output_buffer_2dINS_5arrayI8ap_fixedILi12ELi6EL9ap_q_mode5EL9_269, i12 %p_ZZN4nnet24compute_output_buffer_2dINS_5arrayI8ap_fixedILi12ELi6EL9ap_q_mode5EL9_263, i12 %p_ZZN4nnet24compute_output_buffer_2dINS_5arrayI8ap_fixedILi12ELi6EL9ap_q_mode5EL9_270, i12 %p_ZZN4nnet24compute_output_buffer_2dINS_5arrayI8ap_fixedILi12ELi6EL9ap_q_mode5EL9_264, i12 %p_ZZN4nnet24compute_output_buffer_2dINS_5arrayI8ap_fixedILi12ELi6EL9ap_q_mode5EL9_271, i12 %p_ZZN4nnet24compute_output_buffer_2dINS_5arrayI8ap_fixedILi12ELi6EL9ap_q_mode5EL9_265, i12 %p_ZZN4nnet24compute_output_buffer_2dINS_5arrayI8ap_fixedILi12ELi6EL9ap_q_mode5EL9_272, i12 %p_ZZN4nnet24compute_output_buffer_2dINS_5arrayI8ap_fixedILi12ELi6EL9ap_q_mode5EL9_266, i12 %p_ZZN4nnet24compute_output_buffer_2dINS_5arrayI8ap_fixedILi12ELi6EL9ap_q_mode5EL9_285, i12 %p_ZZN4nnet24compute_output_buffer_2dINS_5arrayI8ap_fixedILi12ELi6EL9ap_q_mode5EL9_279, i12 %p_ZZN4nnet24compute_output_buffer_2dINS_5arrayI8ap_fixedILi12ELi6EL9ap_q_mode5EL9_286, i12 %p_ZZN4nnet24compute_output_buffer_2dINS_5arrayI8ap_fixedILi12ELi6EL9ap_q_mode5EL9_280, i12 %p_ZZN4nnet24compute_output_buffer_2dINS_5arrayI8ap_fixedILi12ELi6EL9ap_q_mode5EL9_287, i12 %p_ZZN4nnet24compute_output_buffer_2dINS_5arrayI8ap_fixedILi12ELi6EL9ap_q_mode5EL9_281, i12 %p_ZZN4nnet24compute_output_buffer_2dINS_5arrayI8ap_fixedILi12ELi6EL9ap_q_mode5EL9_288, i12 %p_ZZN4nnet24compute_output_buffer_2dINS_5arrayI8ap_fixedILi12ELi6EL9ap_q_mode5EL9_282, i12 %p_ZZN4nnet24compute_output_buffer_2dINS_5arrayI8ap_fixedILi12ELi6EL9ap_q_mode5EL9_289, i12 %p_ZZN4nnet24compute_output_buffer_2dINS_5arrayI8ap_fixedILi12ELi6EL9ap_q_mode5EL9_283, i12 %p_ZZN4nnet24compute_output_buffer_2dINS_5arrayI8ap_fixedILi12ELi6EL9ap_q_mode5EL9_290, i12 %p_ZZN4nnet24compute_output_buffer_2dINS_5arrayI8ap_fixedILi12ELi6EL9ap_q_mode5EL9_284, i12 %p_ZZN4nnet24compute_output_buffer_2dINS_5arrayI8ap_fixedILi12ELi6EL9ap_q_mode5EL9_255, i12 %p_ZZN4nnet24compute_output_buffer_2dINS_5arrayI8ap_fixedILi12ELi6EL9ap_q_mode5EL9_256, i12 %p_ZZN4nnet24compute_output_buffer_2dINS_5arrayI8ap_fixedILi12ELi6EL9ap_q_mode5EL9_257, i12 %p_ZZN4nnet24compute_output_buffer_2dINS_5arrayI8ap_fixedILi12ELi6EL9ap_q_mode5EL9_258, i12 %p_ZZN4nnet24compute_output_buffer_2dINS_5arrayI8ap_fixedILi12ELi6EL9ap_q_mode5EL9_259, i12 %p_ZZN4nnet24compute_output_buffer_2dINS_5arrayI8ap_fixedILi12ELi6EL9ap_q_mode5EL9_260, i12 %p_ZZN4nnet24compute_output_buffer_2dINS_5arrayI8ap_fixedILi12ELi6EL9ap_q_mode5EL9_273, i12 %p_ZZN4nnet24compute_output_buffer_2dINS_5arrayI8ap_fixedILi12ELi6EL9ap_q_mode5EL9_274, i12 %p_ZZN4nnet24compute_output_buffer_2dINS_5arrayI8ap_fixedILi12ELi6EL9ap_q_mode5EL9_275, i12 %p_ZZN4nnet24compute_output_buffer_2dINS_5arrayI8ap_fixedILi12ELi6EL9ap_q_mode5EL9_276, i12 %p_ZZN4nnet24compute_output_buffer_2dINS_5arrayI8ap_fixedILi12ELi6EL9ap_q_mode5EL9_277, i12 %p_ZZN4nnet24compute_output_buffer_2dINS_5arrayI8ap_fixedILi12ELi6EL9ap_q_mode5EL9_278, i12 %p_ZZN4nnet24compute_output_buffer_2dINS_5arrayI8ap_fixedILi12ELi6EL9ap_q_mode5EL9_291, i12 %p_ZZN4nnet24compute_output_buffer_2dINS_5arrayI8ap_fixedILi12ELi6EL9ap_q_mode5EL9_292, i12 %p_ZZN4nnet24compute_output_buffer_2dINS_5arrayI8ap_fixedILi12ELi6EL9ap_q_mode5EL9_293, i12 %p_ZZN4nnet24compute_output_buffer_2dINS_5arrayI8ap_fixedILi12ELi6EL9ap_q_mode5EL9_294, i12 %p_ZZN4nnet24compute_output_buffer_2dINS_5arrayI8ap_fixedILi12ELi6EL9ap_q_mode5EL9_295, i12 %p_ZZN4nnet24compute_output_buffer_2dINS_5arrayI8ap_fixedILi12ELi6EL9ap_q_mode5EL9_296, i12 %p_ZZN4nnet26conv_2d_buffer_resource_clINS_5arrayI8ap_fixedILi12ELi6EL9ap_q_mode5E_39, i12 %p_ZZN4nnet26conv_2d_buffer_resource_clINS_5arrayI8ap_fixedILi12ELi6EL9ap_q_mode5E_33, i12 %p_ZZN4nnet26conv_2d_buffer_resource_clINS_5arrayI8ap_fixedILi12ELi6EL9ap_q_mode5E_38, i12 %p_ZZN4nnet26conv_2d_buffer_resource_clINS_5arrayI8ap_fixedILi12ELi6EL9ap_q_mode5E_32, i12 %p_ZZN4nnet26conv_2d_buffer_resource_clINS_5arrayI8ap_fixedILi12ELi6EL9ap_q_mode5E_37, i12 %p_ZZN4nnet26conv_2d_buffer_resource_clINS_5arrayI8ap_fixedILi12ELi6EL9ap_q_mode5E_31, i12 %p_ZZN4nnet26conv_2d_buffer_resource_clINS_5arrayI8ap_fixedILi12ELi6EL9ap_q_mode5E_36, i12 %p_ZZN4nnet26conv_2d_buffer_resource_clINS_5arrayI8ap_fixedILi12ELi6EL9ap_q_mode5E_30, i12 %p_ZZN4nnet26conv_2d_buffer_resource_clINS_5arrayI8ap_fixedILi12ELi6EL9ap_q_mode5E_35, i12 %p_ZZN4nnet26conv_2d_buffer_resource_clINS_5arrayI8ap_fixedILi12ELi6EL9ap_q_mode5E_29, i12 %p_ZZN4nnet26conv_2d_buffer_resource_clINS_5arrayI8ap_fixedILi12ELi6EL9ap_q_mode5E_34, i12 %p_ZZN4nnet26conv_2d_buffer_resource_clINS_5arrayI8ap_fixedILi12ELi6EL9ap_q_mode5E_28, i32 %sX_1, i32 %sY_1, i32 %pY_1, i32 %pX_1, i282 %w16" [firmware/nnet_utils/nnet_conv2d_stream.h:58->firmware/nnet_utils/nnet_conv2d_stream.h:78]   --->   Operation 25 'call' 'call_ln58' <Predicate = true> <Delay = 0.00> <CoreType = "Generic">   --->   Core 0 '' <Latency = 0> <II = 1> <Delay = 1.00> <Generic> <Opcode : >
ST_3 : Operation 26 [1/1] (0.00ns)   --->   "%br_ln54 = br void %for.body12.i" [firmware/nnet_utils/nnet_conv2d_stream.h:54->firmware/nnet_utils/nnet_conv2d_stream.h:78]   --->   Operation 26 'br' 'br_ln54' <Predicate = true> <Delay = 0.00>


============================================================
+ Verbose Summary: Timing violations
============================================================
Target clock period: 5.000ns, clock uncertainty: 1.350ns.

 <State 1>: 0.538ns
The critical path consists of the following:
	'alloca' operation 13 bit ('indvar_flatten') [74]  (0.000 ns)
	'store' operation 0 bit ('store_ln0') of constant 0 on local variable 'indvar_flatten' [77]  (0.538 ns)

 <State 2>: 3.194ns
The critical path consists of the following:
	'load' operation 13 bit ('indvar_flatten_load', firmware/nnet_utils/nnet_conv2d_stream.h:52->firmware/nnet_utils/nnet_conv2d_stream.h:78) on local variable 'indvar_flatten' [80]  (0.000 ns)
	'icmp' operation 1 bit ('icmp_ln52', firmware/nnet_utils/nnet_conv2d_stream.h:52->firmware/nnet_utils/nnet_conv2d_stream.h:78) [81]  (1.369 ns)
	fifo read operation ('layer34_out_read', firmware/nnet_utils/nnet_conv2d_stream.h:58->firmware/nnet_utils/nnet_conv2d_stream.h:78) on port 'layer34_out' (firmware/nnet_utils/nnet_conv2d_stream.h:58->firmware/nnet_utils/nnet_conv2d_stream.h:78) [87]  (1.825 ns)

 <State 3>: 0.000ns
The critical path consists of the following:


============================================================
+ Verbose Summary: Binding
============================================================
N/A
* FSMD analyzer results:
  - Output states:
 - Input state : 
  - Chain level:
	State 1
	State 2
	State 3


============================================================
+ Verbose Summary: Datapath Resource usage 
============================================================
N/A
