

================================================================
== Vitis HLS Report for 'dense_latency_ap_fixed_ap_fixed_36_16_5_3_0_config37_mult_s'
================================================================
* Date:           Fri Apr 24 00:22:59 2026

* Version:        2025.2 (Build 6295257 on Nov 14 2025)
* Project:        folo_prj
* Solution:       solution1 (Vivado IP Flow Target)
* Product family: kintexu
* Target device:  xcku035-fbva676-2-e


================================================================
== Performance Estimates
================================================================
+ Timing: 
    * Summary: 
    +--------+---------+----------+------------+
    |  Clock |  Target | Estimated| Uncertainty|
    +--------+---------+----------+------------+
    |ap_clk  |  5.00 ns|  3.570 ns|     1.35 ns|
    +--------+---------+----------+------------+

+ Latency: 
    * Summary: 
    +---------+---------+-----------+-----------+-----+-----+---------+
    |  Latency (cycles) |   Latency (absolute)  |  Interval | Pipeline|
    |   min   |   max   |    min    |    max    | min | max |   Type  |
    +---------+---------+-----------+-----------+-----+-----+---------+
    |        8|        8|  40.000 ns|  40.000 ns|    8|    8|      yes|
    +---------+---------+-----------+-----------+-----+-----+---------+

    + Detail: 
        * Instance: 
        N/A

        * Loop: 
        N/A

============================================================
+ Verbose Summary: Synthesis Manager
============================================================
InlineROM: 1
ExposeGlobal: 0
============================================================
+ Verbose Summary: CDFG Model
============================================================
IsTopModel: 0
ResetActiveHigh: 1
IsCombinational: 0
IsDatapathOnly: 0
HasWiredReturn: 1
HasMFsm: 2
HasVarLatency: 0
IsPipeline: 1
IsRtlPipelined: 1
IsInstanceOverlapped: 0
IsDontTouch: 0
HasImplIP: 0
IsGatedGlobalClock: 0

+ Individual pipeline summary: 
  * Pipeline-0: initiation interval (II) = 8, depth = 9


============================================================
+ Verbose Summary: Schedule
============================================================
* Number of FSM states : 9
* Pipeline : 1
  Pipeline-0 : II = 8, D = 9, States = { 1 2 3 4 5 6 7 8 9 }
* Dataflow Pipeline: 0

* FSM state transitions: 
1 --> 2 
2 --> 3 
3 --> 4 
4 --> 5 
5 --> 6 
6 --> 7 
7 --> 8 
8 --> 9 
9 --> 

* FSM state operations: 

State 1 <SV = 0> <Delay = 3.57>
ST_1 : Operation 10 [1/1] (0.00ns)   --->   "%data_0_val_read = read i16 @_ssdm_op_Read.ap_auto.i16, i16 %data_0_val" [firmware/nnet_utils/nnet_mult.h:73->firmware/nnet_utils/nnet_dense_latency.h:42]   --->   Operation 10 'read' 'data_0_val_read' <Predicate = true> <Delay = 0.00>
ST_1 : Operation 11 [1/1] (0.00ns)   --->   "%sext_ln73 = sext i16 %data_0_val_read" [firmware/nnet_utils/nnet_mult.h:73->firmware/nnet_utils/nnet_dense_latency.h:42]   --->   Operation 11 'sext' 'sext_ln73' <Predicate = true> <Delay = 0.00>
ST_1 : Operation 12 [1/1] (3.57ns)   --->   "%mul_ln73 = mul i25 %sext_ln73, i25 377" [firmware/nnet_utils/nnet_mult.h:73->firmware/nnet_utils/nnet_dense_latency.h:42]   --->   Operation 12 'mul' 'mul_ln73' <Predicate = true> <Delay = 3.57> <CoreInst = "Multiplier">   --->   Core 3 'Multiplier' <Latency = 0> <II = 1> <Delay = 3.57> <FuncUnit> <Opcode : 'mul'> <InPorts = 2> <OutPorts = 1>

State 2 <SV = 1> <Delay = 3.57>
ST_2 : Operation 13 [1/1] (0.00ns)   --->   "%data_1_val_read = read i16 @_ssdm_op_Read.ap_auto.i16, i16 %data_1_val" [firmware/nnet_utils/nnet_mult.h:73->firmware/nnet_utils/nnet_dense_latency.h:42]   --->   Operation 13 'read' 'data_1_val_read' <Predicate = true> <Delay = 0.00>
ST_2 : Operation 14 [1/1] (0.00ns)   --->   "%sext_ln70 = sext i16 %data_1_val_read" [firmware/nnet_utils/nnet_mult.h:70->firmware/nnet_utils/nnet_dense_latency.h:42]   --->   Operation 14 'sext' 'sext_ln70' <Predicate = true> <Delay = 0.00>
ST_2 : Operation 15 [1/1] (3.57ns)   --->   "%mul_ln73_6 = mul i26 %sext_ln70, i26 280" [firmware/nnet_utils/nnet_mult.h:73->firmware/nnet_utils/nnet_dense_latency.h:42]   --->   Operation 15 'mul' 'mul_ln73_6' <Predicate = true> <Delay = 3.57> <CoreInst = "Multiplier">   --->   Core 3 'Multiplier' <Latency = 0> <II = 1> <Delay = 3.57> <FuncUnit> <Opcode : 'mul'> <InPorts = 2> <OutPorts = 1>

State 3 <SV = 2> <Delay = 3.57>
ST_3 : Operation 16 [1/1] (0.00ns)   --->   "%data_3_val_read = read i16 @_ssdm_op_Read.ap_auto.i16, i16 %data_3_val" [firmware/nnet_utils/nnet_mult.h:73->firmware/nnet_utils/nnet_dense_latency.h:42]   --->   Operation 16 'read' 'data_3_val_read' <Predicate = true> <Delay = 0.00>
ST_3 : Operation 17 [1/1] (0.00ns)   --->   "%sext_ln70_26 = sext i16 %data_3_val_read" [firmware/nnet_utils/nnet_mult.h:70->firmware/nnet_utils/nnet_dense_latency.h:42]   --->   Operation 17 'sext' 'sext_ln70_26' <Predicate = true> <Delay = 0.00>
ST_3 : Operation 18 [1/1] (3.57ns)   --->   "%mul_ln73_8 = mul i27 %sext_ln70_26, i27 134217111" [firmware/nnet_utils/nnet_mult.h:73->firmware/nnet_utils/nnet_dense_latency.h:42]   --->   Operation 18 'mul' 'mul_ln73_8' <Predicate = true> <Delay = 3.57> <CoreInst = "Multiplier">   --->   Core 3 'Multiplier' <Latency = 0> <II = 1> <Delay = 3.57> <FuncUnit> <Opcode : 'mul'> <InPorts = 2> <OutPorts = 1>
ST_3 : Operation 19 [1/1] (1.45ns)   --->   "%add_ln58 = add i25 %mul_ln73, i25 33258496" [firmware/nnet_utils/nnet_dense_latency.h:58]   --->   Operation 19 'add' 'add_ln58' <Predicate = true> <Delay = 1.45> <CoreInst = "Adder">   --->   Core 1 'Adder' <Latency = 0> <II = 1> <Delay = 1.45> <FuncUnit> <Opcode : 'add' 'sub'> <InPorts = 2> <OutPorts = 1>
ST_3 : Operation 20 [1/1] (0.00ns)   --->   "%sext_ln58_1 = sext i25 %add_ln58" [firmware/nnet_utils/nnet_dense_latency.h:58]   --->   Operation 20 'sext' 'sext_ln58_1' <Predicate = true> <Delay = 0.00>
ST_3 : Operation 21 [1/1] (1.46ns)   --->   "%add_ln58_1 = add i26 %mul_ln73_6, i26 %sext_ln58_1" [firmware/nnet_utils/nnet_dense_latency.h:58]   --->   Operation 21 'add' 'add_ln58_1' <Predicate = true> <Delay = 1.46> <CoreInst = "Adder">   --->   Core 1 'Adder' <Latency = 0> <II = 1> <Delay = 1.46> <FuncUnit> <Opcode : 'add' 'sub'> <InPorts = 2> <OutPorts = 1>

State 4 <SV = 3> <Delay = 3.57>
ST_4 : Operation 22 [1/1] (0.00ns)   --->   "%data_4_val_read = read i16 @_ssdm_op_Read.ap_auto.i16, i16 %data_4_val" [firmware/nnet_utils/nnet_mult.h:73->firmware/nnet_utils/nnet_dense_latency.h:42]   --->   Operation 22 'read' 'data_4_val_read' <Predicate = true> <Delay = 0.00>
ST_4 : Operation 23 [1/1] (0.00ns)   --->   "%sext_ln70_27 = sext i16 %data_4_val_read" [firmware/nnet_utils/nnet_mult.h:70->firmware/nnet_utils/nnet_dense_latency.h:42]   --->   Operation 23 'sext' 'sext_ln70_27' <Predicate = true> <Delay = 0.00>
ST_4 : Operation 24 [1/1] (3.57ns)   --->   "%mul_ln73_9 = mul i25 %sext_ln70_27, i25 33554194" [firmware/nnet_utils/nnet_mult.h:73->firmware/nnet_utils/nnet_dense_latency.h:42]   --->   Operation 24 'mul' 'mul_ln73_9' <Predicate = true> <Delay = 3.57> <CoreInst = "Multiplier">   --->   Core 3 'Multiplier' <Latency = 0> <II = 1> <Delay = 3.57> <FuncUnit> <Opcode : 'mul'> <InPorts = 2> <OutPorts = 1>
ST_4 : Operation 25 [1/1] (0.00ns)   --->   "%sext_ln58_2 = sext i26 %add_ln58_1" [firmware/nnet_utils/nnet_dense_latency.h:58]   --->   Operation 25 'sext' 'sext_ln58_2' <Predicate = true> <Delay = 0.00>
ST_4 : Operation 26 [1/1] (1.46ns)   --->   "%add_ln58_2 = add i27 %mul_ln73_8, i27 %sext_ln58_2" [firmware/nnet_utils/nnet_dense_latency.h:58]   --->   Operation 26 'add' 'add_ln58_2' <Predicate = true> <Delay = 1.46> <CoreInst = "Adder">   --->   Core 1 'Adder' <Latency = 0> <II = 1> <Delay = 1.46> <FuncUnit> <Opcode : 'add' 'sub'> <InPorts = 2> <OutPorts = 1>

State 5 <SV = 4> <Delay = 3.57>
ST_5 : Operation 27 [1/1] (0.00ns)   --->   "%data_5_val_read = read i16 @_ssdm_op_Read.ap_auto.i16, i16 %data_5_val" [firmware/nnet_utils/nnet_mult.h:73->firmware/nnet_utils/nnet_dense_latency.h:42]   --->   Operation 27 'read' 'data_5_val_read' <Predicate = true> <Delay = 0.00>
ST_5 : Operation 28 [1/1] (0.00ns)   --->   "%sext_ln70_28 = sext i16 %data_5_val_read" [firmware/nnet_utils/nnet_mult.h:70->firmware/nnet_utils/nnet_dense_latency.h:42]   --->   Operation 28 'sext' 'sext_ln70_28' <Predicate = true> <Delay = 0.00>
ST_5 : Operation 29 [1/1] (3.57ns)   --->   "%mul_ln73_10 = mul i26 %sext_ln70_28, i26 67108390" [firmware/nnet_utils/nnet_mult.h:73->firmware/nnet_utils/nnet_dense_latency.h:42]   --->   Operation 29 'mul' 'mul_ln73_10' <Predicate = true> <Delay = 3.57> <CoreInst = "Multiplier">   --->   Core 3 'Multiplier' <Latency = 0> <II = 1> <Delay = 3.57> <FuncUnit> <Opcode : 'mul'> <InPorts = 2> <OutPorts = 1>

State 6 <SV = 5> <Delay = 3.57>
ST_6 : Operation 30 [1/1] (0.00ns)   --->   "%data_6_val_read = read i16 @_ssdm_op_Read.ap_auto.i16, i16 %data_6_val" [firmware/nnet_utils/nnet_mult.h:73->firmware/nnet_utils/nnet_dense_latency.h:42]   --->   Operation 30 'read' 'data_6_val_read' <Predicate = true> <Delay = 0.00>
ST_6 : Operation 31 [1/1] (0.00ns)   --->   "%sext_ln70_29 = sext i16 %data_6_val_read" [firmware/nnet_utils/nnet_mult.h:70->firmware/nnet_utils/nnet_dense_latency.h:42]   --->   Operation 31 'sext' 'sext_ln70_29' <Predicate = true> <Delay = 0.00>
ST_6 : Operation 32 [1/1] (3.57ns)   --->   "%mul_ln73_11 = mul i26 %sext_ln70_29, i26 67108464" [firmware/nnet_utils/nnet_mult.h:73->firmware/nnet_utils/nnet_dense_latency.h:42]   --->   Operation 32 'mul' 'mul_ln73_11' <Predicate = true> <Delay = 3.57> <CoreInst = "Multiplier">   --->   Core 3 'Multiplier' <Latency = 0> <II = 1> <Delay = 3.57> <FuncUnit> <Opcode : 'mul'> <InPorts = 2> <OutPorts = 1>

State 7 <SV = 6> <Delay = 3.57>
ST_7 : Operation 33 [1/1] (0.00ns)   --->   "%data_2_val_read = read i16 @_ssdm_op_Read.ap_auto.i16, i16 %data_2_val" [firmware/nnet_utils/nnet_mult.h:73->firmware/nnet_utils/nnet_dense_latency.h:42]   --->   Operation 33 'read' 'data_2_val_read' <Predicate = true> <Delay = 0.00>
ST_7 : Operation 34 [1/1] (0.00ns)   --->   "%sext_ln70_25 = sext i16 %data_2_val_read" [firmware/nnet_utils/nnet_mult.h:70->firmware/nnet_utils/nnet_dense_latency.h:42]   --->   Operation 34 'sext' 'sext_ln70_25' <Predicate = true> <Delay = 0.00>
ST_7 : Operation 35 [1/1] (3.57ns)   --->   "%mul_ln73_7 = mul i28 %sext_ln70_25, i28 268434023" [firmware/nnet_utils/nnet_mult.h:73->firmware/nnet_utils/nnet_dense_latency.h:42]   --->   Operation 35 'mul' 'mul_ln73_7' <Predicate = true> <Delay = 3.57> <CoreInst = "Multiplier">   --->   Core 3 'Multiplier' <Latency = 0> <II = 1> <Delay = 3.57> <FuncUnit> <Opcode : 'mul'> <InPorts = 2> <OutPorts = 1>
ST_7 : Operation 36 [1/1] (0.00ns)   --->   "%sext_ln70_31 = sext i25 %mul_ln73_9" [firmware/nnet_utils/nnet_mult.h:70->firmware/nnet_utils/nnet_dense_latency.h:42]   --->   Operation 36 'sext' 'sext_ln70_31' <Predicate = true> <Delay = 0.00>
ST_7 : Operation 37 [1/1] (0.00ns)   --->   "%sext_ln70_32 = sext i26 %mul_ln73_10" [firmware/nnet_utils/nnet_mult.h:70->firmware/nnet_utils/nnet_dense_latency.h:42]   --->   Operation 37 'sext' 'sext_ln70_32' <Predicate = true> <Delay = 0.00>
ST_7 : Operation 38 [1/1] (1.46ns)   --->   "%add_ln58_4 = add i26 %mul_ln73_11, i26 %sext_ln70_31" [firmware/nnet_utils/nnet_dense_latency.h:58]   --->   Operation 38 'add' 'add_ln58_4' <Predicate = true> <Delay = 1.46> <CoreInst = "Adder">   --->   Core 1 'Adder' <Latency = 0> <II = 1> <Delay = 1.46> <FuncUnit> <Opcode : 'add' 'sub'> <InPorts = 2> <OutPorts = 1>
ST_7 : Operation 39 [1/1] (0.00ns)   --->   "%sext_ln58_5 = sext i26 %add_ln58_4" [firmware/nnet_utils/nnet_dense_latency.h:58]   --->   Operation 39 'sext' 'sext_ln58_5' <Predicate = true> <Delay = 0.00>
ST_7 : Operation 40 [1/1] (1.46ns)   --->   "%add_ln58_5 = add i27 %sext_ln58_5, i27 %sext_ln70_32" [firmware/nnet_utils/nnet_dense_latency.h:58]   --->   Operation 40 'add' 'add_ln58_5' <Predicate = true> <Delay = 1.46> <CoreInst = "Adder">   --->   Core 1 'Adder' <Latency = 0> <II = 1> <Delay = 1.46> <FuncUnit> <Opcode : 'add' 'sub'> <InPorts = 2> <OutPorts = 1>

State 8 <SV = 7> <Delay = 3.57>
ST_8 : Operation 41 [1/1] (0.00ns)   --->   "%data_7_val_read = read i16 @_ssdm_op_Read.ap_auto.i16, i16 %data_7_val" [firmware/nnet_utils/nnet_mult.h:73->firmware/nnet_utils/nnet_dense_latency.h:42]   --->   Operation 41 'read' 'data_7_val_read' <Predicate = true> <Delay = 0.00>
ST_8 : Operation 42 [1/1] (0.00ns)   --->   "%sext_ln70_30 = sext i16 %data_7_val_read" [firmware/nnet_utils/nnet_mult.h:70->firmware/nnet_utils/nnet_dense_latency.h:42]   --->   Operation 42 'sext' 'sext_ln70_30' <Predicate = true> <Delay = 0.00>
ST_8 : Operation 43 [1/1] (3.57ns)   --->   "%mul_ln73_12 = mul i27 %sext_ln70_30, i27 134217083" [firmware/nnet_utils/nnet_mult.h:73->firmware/nnet_utils/nnet_dense_latency.h:42]   --->   Operation 43 'mul' 'mul_ln73_12' <Predicate = true> <Delay = 3.57> <CoreInst = "Multiplier">   --->   Core 3 'Multiplier' <Latency = 0> <II = 1> <Delay = 3.57> <FuncUnit> <Opcode : 'mul'> <InPorts = 2> <OutPorts = 1>
ST_8 : Operation 44 [1/1] (0.00ns)   --->   "%sext_ln58_4 = sext i27 %add_ln58_2" [firmware/nnet_utils/nnet_dense_latency.h:58]   --->   Operation 44 'sext' 'sext_ln58_4' <Predicate = true> <Delay = 0.00>
ST_8 : Operation 45 [1/1] (0.00ns) (grouped into TernaryAdder)   --->   "%add_ln58_3 = add i28 %sext_ln58_4, i28 %mul_ln73_7" [firmware/nnet_utils/nnet_dense_latency.h:58]   --->   Operation 45 'add' 'add_ln58_3' <Predicate = true> <Delay = 0.00> <CoreInst = "TAddSub">   --->   Core 10 'TAddSub' <Latency = 0> <II = 1> <Delay = 0.52> <IPBlock> <Opcode : 'add' 'sub'> <InPorts = 3> <OutPorts = 1> <Sync> <CReg>
ST_8 : Operation 46 [1/1] (0.00ns)   --->   "%sext_ln58_6 = sext i27 %add_ln58_5" [firmware/nnet_utils/nnet_dense_latency.h:58]   --->   Operation 46 'sext' 'sext_ln58_6' <Predicate = true> <Delay = 0.00>
ST_8 : Operation 47 [1/1] (1.05ns) (root node of TernaryAdder)   --->   "%add_ln58_6 = add i28 %sext_ln58_6, i28 %add_ln58_3" [firmware/nnet_utils/nnet_dense_latency.h:58]   --->   Operation 47 'add' 'add_ln58_6' <Predicate = true> <Delay = 1.05> <CoreInst = "TAddSub">   --->   Core 10 'TAddSub' <Latency = 0> <II = 1> <Delay = 0.52> <IPBlock> <Opcode : 'add' 'sub'> <InPorts = 3> <OutPorts = 1> <Sync> <CReg>

State 9 <SV = 8> <Delay = 1.46>
ST_9 : Operation 48 [1/1] (0.00ns)   --->   "%specpipeline_ln26 = specpipeline void @_ssdm_op_SpecPipeline, i32 8, i32 0, i32 0, i32 0, i32 4294967295, void @empty_1" [firmware/nnet_utils/nnet_dense_latency.h:26]   --->   Operation 48 'specpipeline' 'specpipeline_ln26' <Predicate = true> <Delay = 0.00>
ST_9 : Operation 49 [1/1] (0.00ns)   --->   "%specresourcelimit_ln33 = specresourcelimit void @_ssdm_op_SpecResourceLimit, i64 1, void @empty_3, void @empty_1, void @empty_1, void @empty_1" [firmware/nnet_utils/nnet_dense_latency.h:33]   --->   Operation 49 'specresourcelimit' 'specresourcelimit_ln33' <Predicate = true> <Delay = 0.00>
ST_9 : Operation 50 [1/1] (0.00ns)   --->   "%sext_ln58 = sext i27 %mul_ln73_12" [firmware/nnet_utils/nnet_dense_latency.h:58]   --->   Operation 50 'sext' 'sext_ln58' <Predicate = true> <Delay = 0.00>
ST_9 : Operation 51 [1/1] (0.00ns)   --->   "%sext_ln58_3 = sext i28 %add_ln58_6" [firmware/nnet_utils/nnet_dense_latency.h:58]   --->   Operation 51 'sext' 'sext_ln58_3' <Predicate = true> <Delay = 0.00>
ST_9 : Operation 52 [1/1] (1.46ns)   --->   "%add_ln58_7 = add i29 %sext_ln58_3, i29 %sext_ln58" [firmware/nnet_utils/nnet_dense_latency.h:58]   --->   Operation 52 'add' 'add_ln58_7' <Predicate = true> <Delay = 1.46> <CoreInst = "Adder">   --->   Core 1 'Adder' <Latency = 0> <II = 1> <Delay = 1.46> <FuncUnit> <Opcode : 'add' 'sub'> <InPorts = 2> <OutPorts = 1>
ST_9 : Operation 53 [1/1] (0.00ns)   --->   "%ret_ln68 = ret i29 %add_ln58_7" [firmware/nnet_utils/nnet_dense_latency.h:68]   --->   Operation 53 'ret' 'ret_ln68' <Predicate = true> <Delay = 0.00>


============================================================
+ Verbose Summary: Timing violations
============================================================
Target clock period: 5.000ns, clock uncertainty: 1.350ns.

 <State 1>: 3.570ns
The critical path consists of the following:
	wire read operation ('data_0_val_read', firmware/nnet_utils/nnet_mult.h:73->firmware/nnet_utils/nnet_dense_latency.h:42) on port 'data_0_val' (firmware/nnet_utils/nnet_mult.h:73->firmware/nnet_utils/nnet_dense_latency.h:42) [18]  (0.000 ns)
	'mul' operation 25 bit ('mul_ln73', firmware/nnet_utils/nnet_mult.h:73->firmware/nnet_utils/nnet_dense_latency.h:42) [20]  (3.570 ns)

 <State 2>: 3.570ns
The critical path consists of the following:
	wire read operation ('data_1_val_read', firmware/nnet_utils/nnet_mult.h:73->firmware/nnet_utils/nnet_dense_latency.h:42) on port 'data_1_val' (firmware/nnet_utils/nnet_mult.h:73->firmware/nnet_utils/nnet_dense_latency.h:42) [17]  (0.000 ns)
	'mul' operation 26 bit ('mul_ln73_6', firmware/nnet_utils/nnet_mult.h:73->firmware/nnet_utils/nnet_dense_latency.h:42) [22]  (3.570 ns)

 <State 3>: 3.570ns
The critical path consists of the following:
	wire read operation ('data_3_val_read', firmware/nnet_utils/nnet_mult.h:73->firmware/nnet_utils/nnet_dense_latency.h:42) on port 'data_3_val' (firmware/nnet_utils/nnet_mult.h:73->firmware/nnet_utils/nnet_dense_latency.h:42) [15]  (0.000 ns)
	'mul' operation 27 bit ('mul_ln73_8', firmware/nnet_utils/nnet_mult.h:73->firmware/nnet_utils/nnet_dense_latency.h:42) [26]  (3.570 ns)

 <State 4>: 3.570ns
The critical path consists of the following:
	wire read operation ('data_4_val_read', firmware/nnet_utils/nnet_mult.h:73->firmware/nnet_utils/nnet_dense_latency.h:42) on port 'data_4_val' (firmware/nnet_utils/nnet_mult.h:73->firmware/nnet_utils/nnet_dense_latency.h:42) [14]  (0.000 ns)
	'mul' operation 25 bit ('mul_ln73_9', firmware/nnet_utils/nnet_mult.h:73->firmware/nnet_utils/nnet_dense_latency.h:42) [28]  (3.570 ns)

 <State 5>: 3.570ns
The critical path consists of the following:
	wire read operation ('data_5_val_read', firmware/nnet_utils/nnet_mult.h:73->firmware/nnet_utils/nnet_dense_latency.h:42) on port 'data_5_val' (firmware/nnet_utils/nnet_mult.h:73->firmware/nnet_utils/nnet_dense_latency.h:42) [13]  (0.000 ns)
	'mul' operation 26 bit ('mul_ln73_10', firmware/nnet_utils/nnet_mult.h:73->firmware/nnet_utils/nnet_dense_latency.h:42) [31]  (3.570 ns)

 <State 6>: 3.570ns
The critical path consists of the following:
	wire read operation ('data_6_val_read', firmware/nnet_utils/nnet_mult.h:73->firmware/nnet_utils/nnet_dense_latency.h:42) on port 'data_6_val' (firmware/nnet_utils/nnet_mult.h:73->firmware/nnet_utils/nnet_dense_latency.h:42) [12]  (0.000 ns)
	'mul' operation 26 bit ('mul_ln73_11', firmware/nnet_utils/nnet_mult.h:73->firmware/nnet_utils/nnet_dense_latency.h:42) [34]  (3.570 ns)

 <State 7>: 3.570ns
The critical path consists of the following:
	wire read operation ('data_2_val_read', firmware/nnet_utils/nnet_mult.h:73->firmware/nnet_utils/nnet_dense_latency.h:42) on port 'data_2_val' (firmware/nnet_utils/nnet_mult.h:73->firmware/nnet_utils/nnet_dense_latency.h:42) [16]  (0.000 ns)
	'mul' operation 28 bit ('mul_ln73_7', firmware/nnet_utils/nnet_mult.h:73->firmware/nnet_utils/nnet_dense_latency.h:42) [24]  (3.570 ns)

 <State 8>: 3.570ns
The critical path consists of the following:
	wire read operation ('data_7_val_read', firmware/nnet_utils/nnet_mult.h:73->firmware/nnet_utils/nnet_dense_latency.h:42) on port 'data_7_val' (firmware/nnet_utils/nnet_mult.h:73->firmware/nnet_utils/nnet_dense_latency.h:42) [11]  (0.000 ns)
	'mul' operation 27 bit ('mul_ln73_12', firmware/nnet_utils/nnet_mult.h:73->firmware/nnet_utils/nnet_dense_latency.h:42) [36]  (3.570 ns)

 <State 9>: 1.469ns
The critical path consists of the following:
	'add' operation 29 bit ('add_ln58_7', firmware/nnet_utils/nnet_dense_latency.h:58) [51]  (1.469 ns)


============================================================
+ Verbose Summary: Binding
============================================================
N/A
* FSMD analyzer results:
  - Output states:
 - Input state : 
  - Chain level:
	State 1
	State 2
	State 3
	State 4
	State 5
	State 6
	State 7
	State 8
	State 9


============================================================
+ Verbose Summary: Datapath Resource usage 
============================================================
N/A
