

================================================================
== Vitis HLS Report for 'dense_resource_rf_leq_nin_ap_fixed_ap_fixed_12_6_5_3_0_config37_mult_s'
================================================================
* Date:           Wed Apr 22 16:02:16 2026

* Version:        2023.2 (Build 4023990 on Oct 11 2023)
* Project:        folo_prj
* Solution:       solution1 (Vivado IP Flow Target)
* Product family: kintexu
* Target device:  xcku035-fbva676-2-e


================================================================
== Performance Estimates
================================================================
+ Timing: 
    * Summary: 
    +--------+---------+----------+------------+
    |  Clock |  Target | Estimated| Uncertainty|
    +--------+---------+----------+------------+
    |ap_clk  |  5.00 ns|  3.434 ns|     1.35 ns|
    +--------+---------+----------+------------+

+ Latency: 
    * Summary: 
    +---------+---------+-----------+-----------+-----+-----+------------------------------------------+
    |  Latency (cycles) |   Latency (absolute)  |  Interval |                 Pipeline                 |
    |   min   |   max   |    min    |    max    | min | max |                   Type                   |
    +---------+---------+-----------+-----------+-----+-----+------------------------------------------+
    |        9|       10|  45.000 ns|  50.000 ns|    8|    8|  loop rewind stp(delay=0 clock cycles(s))|
    +---------+---------+-----------+-----------+-----+-----+------------------------------------------+

    + Detail: 
        * Instance: 
        N/A

        * Loop: 
        +-------------+---------+---------+----------+-----------+-----------+------+----------+
        |             |  Latency (cycles) | Iteration|  Initiation Interval  | Trip |          |
        |  Loop Name  |   min   |   max   |  Latency |  achieved |   target  | Count| Pipelined|
        +-------------+---------+---------+----------+-----------+-----------+------+----------+
        |- ReuseLoop  |        9|        9|         3|          1|          1|     8|       yes|
        +-------------+---------+---------+----------+-----------+-----------+------+----------+



================================================================
== Utilization Estimates
================================================================
* Summary: 
+-----------------+---------+------+--------+--------+-----+
|       Name      | BRAM_18K|  DSP |   FF   |   LUT  | URAM|
+-----------------+---------+------+--------+--------+-----+
|DSP              |        -|     -|       -|       -|    -|
|Expression       |        -|     -|       0|      43|    -|
|FIFO             |        -|     -|       -|       -|    -|
|Instance         |        -|     1|       0|      91|    -|
|Memory           |        -|     -|       -|       -|    -|
|Multiplexer      |        -|     -|       -|     306|    -|
|Register         |        -|     -|     169|       -|    -|
+-----------------+---------+------+--------+--------+-----+
|Total            |        0|     1|     169|     440|    0|
+-----------------+---------+------+--------+--------+-----+
|Available        |     1080|  1700|  406256|  203128|    0|
+-----------------+---------+------+--------+--------+-----+
|Utilization (%)  |        0|    ~0|      ~0|      ~0|    0|
+-----------------+---------+------+--------+--------+-----+

+ Detail: 
    * Instance: 
    +----------------------------+-----------------------+---------+----+---+----+-----+
    |          Instance          |         Module        | BRAM_18K| DSP| FF| LUT| URAM|
    +----------------------------+-----------------------+---------+----+---+----+-----+
    |mul_12s_8s_18_1_1_U864      |mul_12s_8s_18_1_1      |        0|   1|  0|   5|    0|
    |sparsemux_17_3_12_1_1_U862  |sparsemux_17_3_12_1_1  |        0|   0|  0|  43|    0|
    |sparsemux_17_3_8_1_1_U863   |sparsemux_17_3_8_1_1   |        0|   0|  0|  43|    0|
    +----------------------------+-----------------------+---------+----+---+----+-----+
    |Total                       |                       |        0|   1|  0|  91|    0|
    +----------------------------+-----------------------+---------+----+---+----+-----+

    * DSP: 
    N/A

    * Memory: 
    N/A

    * FIFO: 
    N/A

    * Expression: 
    +---------------------+----------+----+---+----+------------+------------+
    |    Variable Name    | Operation| DSP| FF| LUT| Bitwidth P0| Bitwidth P1|
    +---------------------+----------+----+---+----+------------+------------+
    |add_ln58_fu_498_p2   |         +|   0|  0|  19|          12|          12|
    |w_index_fu_464_p2    |         +|   0|  0|  10|           3|           1|
    |ap_condition_105     |       and|   0|  0|   2|           1|           1|
    |icmp_ln46_fu_470_p2  |      icmp|   0|  0|  10|           3|           2|
    |ap_enable_pp0        |       xor|   0|  0|   2|           1|           2|
    +---------------------+----------+----+---+----+------------+------------+
    |Total                |          |   0|  0|  43|          20|          18|
    +---------------------+----------+----+---+----+------------+------------+

    * Multiplexer: 
    +-------------------------------------------+----+-----------+-----+-----------+
    |                    Name                   | LUT| Input Size| Bits| Total Bits|
    +-------------------------------------------+----+-----------+-----+-----------+
    |ap_done_int                                |   9|          2|    1|          2|
    |ap_loop_exit_ready_pp0_iter2_reg           |   9|          2|    1|          2|
    |ap_phi_mux_data_0_val4_phi_phi_fu_270_p4   |  14|          3|   12|         36|
    |ap_phi_mux_data_1_val5_phi_phi_fu_283_p4   |  14|          3|   12|         36|
    |ap_phi_mux_data_2_val6_phi_phi_fu_296_p4   |  14|          3|   12|         36|
    |ap_phi_mux_data_3_val7_phi_phi_fu_309_p4   |  14|          3|   12|         36|
    |ap_phi_mux_data_4_val8_phi_phi_fu_322_p4   |  14|          3|   12|         36|
    |ap_phi_mux_data_5_val9_phi_phi_fu_335_p4   |  14|          3|   12|         36|
    |ap_phi_mux_data_6_val10_phi_phi_fu_348_p4  |  14|          3|   12|         36|
    |ap_phi_mux_data_7_val11_phi_phi_fu_361_p4  |  14|          3|   12|         36|
    |ap_phi_mux_do_init_phi_fu_137_p6           |  14|          3|    1|          3|
    |ap_phi_mux_phi_ln49_phi_fu_256_p6          |  14|          3|    3|          9|
    |ap_phi_mux_res_02_phi_fu_374_p6            |   9|          2|   12|         24|
    |ap_return                                  |   9|          2|   12|         24|
    |data_0_val4_phi_reg_266                    |  14|          3|   12|         36|
    |data_1_val5_phi_reg_279                    |  14|          3|   12|         36|
    |data_2_val6_phi_reg_292                    |  14|          3|   12|         36|
    |data_3_val7_phi_reg_305                    |  14|          3|   12|         36|
    |data_4_val8_phi_reg_318                    |  14|          3|   12|         36|
    |data_5_val9_phi_reg_331                    |  14|          3|   12|         36|
    |data_6_val10_phi_reg_344                   |  14|          3|   12|         36|
    |data_7_val11_phi_reg_357                   |  14|          3|   12|         36|
    |phi_ln49_reg_253                           |   9|          2|    3|          6|
    |res_02_reg_370                             |   9|          2|   12|         24|
    +-------------------------------------------+----+-----------+-----+-----------+
    |Total                                      | 306|         66|  237|        670|
    +-------------------------------------------+----+-----------+-----+-----------+

    * Register: 
    +----------------------------------+----+----+-----+-----------+
    |               Name               | FF | LUT| Bits| Const Bits|
    +----------------------------------+----+----+-----+-----------+
    |a_reg_507                         |  12|   0|   12|          0|
    |ap_CS_fsm                         |   1|   0|    1|          0|
    |ap_done_reg                       |   1|   0|    1|          0|
    |ap_enable_reg_pp0_iter1           |   1|   0|    1|          0|
    |ap_enable_reg_pp0_iter2           |   1|   0|    1|          0|
    |ap_loop_exit_ready_pp0_iter1_reg  |   1|   0|    1|          0|
    |ap_loop_exit_ready_pp0_iter2_reg  |   1|   0|    1|          0|
    |ap_loop_init_pp0_iter1_reg        |   1|   0|    1|          0|
    |ap_loop_init_pp0_iter2_reg        |   1|   0|    1|          0|
    |ap_return_preg                    |  12|   0|   12|          0|
    |data_0_val4_phi_reg_266           |  12|   0|   12|          0|
    |data_1_val5_phi_reg_279           |  12|   0|   12|          0|
    |data_2_val6_phi_reg_292           |  12|   0|   12|          0|
    |data_3_val7_phi_reg_305           |  12|   0|   12|          0|
    |data_4_val8_phi_reg_318           |  12|   0|   12|          0|
    |data_5_val9_phi_reg_331           |  12|   0|   12|          0|
    |data_6_val10_phi_reg_344          |  12|   0|   12|          0|
    |data_7_val11_phi_reg_357          |  12|   0|   12|          0|
    |do_init_reg_134                   |   1|   0|    1|          0|
    |icmp_ln46_reg_522                 |   1|   0|    1|          0|
    |icmp_ln46_reg_522_pp0_iter1_reg   |   1|   0|    1|          0|
    |phi_ln49_reg_253                  |   3|   0|    3|          0|
    |res_02_reg_370                    |  12|   0|   12|          0|
    |trunc_ln3_reg_526                 |  12|   0|   12|          0|
    |w_index_reg_517                   |   3|   0|    3|          0|
    |w_reg_512                         |   8|   0|    8|          0|
    +----------------------------------+----+----+-----+-----------+
    |Total                             | 169|   0|  169|          0|
    +----------------------------------+----+----+-----+-----------+



================================================================
== Interface
================================================================
* Summary: 
+------------+-----+-----+------------+------------------------------------------------------------------------+--------------+
|  RTL Ports | Dir | Bits|  Protocol  |                              Source Object                             |    C Type    |
+------------+-----+-----+------------+------------------------------------------------------------------------+--------------+
|ap_clk      |   in|    1|  ap_ctrl_hs|  dense_resource_rf_leq_nin<ap_fixed,ap_fixed<12,6,5,3,0>,config37_mult>|  return value|
|ap_rst      |   in|    1|  ap_ctrl_hs|  dense_resource_rf_leq_nin<ap_fixed,ap_fixed<12,6,5,3,0>,config37_mult>|  return value|
|ap_start    |   in|    1|  ap_ctrl_hs|  dense_resource_rf_leq_nin<ap_fixed,ap_fixed<12,6,5,3,0>,config37_mult>|  return value|
|ap_done     |  out|    1|  ap_ctrl_hs|  dense_resource_rf_leq_nin<ap_fixed,ap_fixed<12,6,5,3,0>,config37_mult>|  return value|
|ap_idle     |  out|    1|  ap_ctrl_hs|  dense_resource_rf_leq_nin<ap_fixed,ap_fixed<12,6,5,3,0>,config37_mult>|  return value|
|ap_ready    |  out|    1|  ap_ctrl_hs|  dense_resource_rf_leq_nin<ap_fixed,ap_fixed<12,6,5,3,0>,config37_mult>|  return value|
|ap_return   |  out|   12|  ap_ctrl_hs|  dense_resource_rf_leq_nin<ap_fixed,ap_fixed<12,6,5,3,0>,config37_mult>|  return value|
|data_0_val  |   in|   12|     ap_none|                                                              data_0_val|        scalar|
|data_1_val  |   in|   12|     ap_none|                                                              data_1_val|        scalar|
|data_2_val  |   in|   12|     ap_none|                                                              data_2_val|        scalar|
|data_3_val  |   in|   12|     ap_none|                                                              data_3_val|        scalar|
|data_4_val  |   in|   12|     ap_none|                                                              data_4_val|        scalar|
|data_5_val  |   in|   12|     ap_none|                                                              data_5_val|        scalar|
|data_6_val  |   in|   12|     ap_none|                                                              data_6_val|        scalar|
|data_7_val  |   in|   12|     ap_none|                                                              data_7_val|        scalar|
+------------+-----+-----+------------+------------------------------------------------------------------------+--------------+

============================================================
+ Verbose Summary: Synthesis Manager
============================================================
InlineROM: 1
ExposeGlobal: 0
============================================================
+ Verbose Summary: CDFG Model
============================================================
IsTopModel: 0
ResetActiveHigh: 1
IsCombinational: 2
IsDatapathOnly: 2
HasWiredReturn: 1
HasMFsm: 2
HasVarLatency: 1
IsPipeline: 0
IsRtlPipelined: 0
IsInstanceOverlapped: 0
IsDontTouch: 0
HasImplIP: 0
IsGatedGlobalClock: 0

+ Individual pipeline summary: 
  * Pipeline-0: initiation interval (II) = 1, depth = 3


============================================================
+ Verbose Summary: Schedule
============================================================
* Number of FSM states : 3
* Pipeline : 1
  Pipeline-0 : II = 1, D = 3, States = { 1 2 3 }
* Dataflow Pipeline: 0

* FSM state transitions: 
1 --> 2 
2 --> 3 
3 --> 

* FSM state operations: 

State 1 <SV = 0> <Delay = 1.91>
ST_1 : Operation 5 [1/1] (0.53ns)   --->   "%br_ln46 = br void %rewind_header" [firmware/nnet_utils/nnet_dense_resource.h:46]   --->   Operation 5 'br' 'br_ln46' <Predicate = true> <Delay = 0.53>
ST_1 : Operation 6 [1/1] (0.00ns)   --->   "%do_init = phi i1 1, void %entry, i1 0, void %MultLoop.split, i1 1, void %Result"   --->   Operation 6 'phi' 'do_init' <Predicate = true> <Delay = 0.00>
ST_1 : Operation 7 [1/1] (0.00ns)   --->   "%data_0_val4_rewind = phi i12 0, void %entry, i12 %data_0_val4_phi, void %MultLoop.split, i12 0, void %Result" [firmware/nnet_utils/nnet_dense_resource.h:46]   --->   Operation 7 'phi' 'data_0_val4_rewind' <Predicate = true> <Delay = 0.00>
ST_1 : Operation 8 [1/1] (0.00ns)   --->   "%data_1_val5_rewind = phi i12 0, void %entry, i12 %data_1_val5_phi, void %MultLoop.split, i12 0, void %Result" [firmware/nnet_utils/nnet_dense_resource.h:46]   --->   Operation 8 'phi' 'data_1_val5_rewind' <Predicate = true> <Delay = 0.00>
ST_1 : Operation 9 [1/1] (0.00ns)   --->   "%data_2_val6_rewind = phi i12 0, void %entry, i12 %data_2_val6_phi, void %MultLoop.split, i12 0, void %Result" [firmware/nnet_utils/nnet_dense_resource.h:46]   --->   Operation 9 'phi' 'data_2_val6_rewind' <Predicate = true> <Delay = 0.00>
ST_1 : Operation 10 [1/1] (0.00ns)   --->   "%data_3_val7_rewind = phi i12 0, void %entry, i12 %data_3_val7_phi, void %MultLoop.split, i12 0, void %Result" [firmware/nnet_utils/nnet_dense_resource.h:46]   --->   Operation 10 'phi' 'data_3_val7_rewind' <Predicate = true> <Delay = 0.00>
ST_1 : Operation 11 [1/1] (0.00ns)   --->   "%data_4_val8_rewind = phi i12 0, void %entry, i12 %data_4_val8_phi, void %MultLoop.split, i12 0, void %Result" [firmware/nnet_utils/nnet_dense_resource.h:46]   --->   Operation 11 'phi' 'data_4_val8_rewind' <Predicate = true> <Delay = 0.00>
ST_1 : Operation 12 [1/1] (0.00ns)   --->   "%data_5_val9_rewind = phi i12 0, void %entry, i12 %data_5_val9_phi, void %MultLoop.split, i12 0, void %Result" [firmware/nnet_utils/nnet_dense_resource.h:46]   --->   Operation 12 'phi' 'data_5_val9_rewind' <Predicate = true> <Delay = 0.00>
ST_1 : Operation 13 [1/1] (0.00ns)   --->   "%data_6_val10_rewind = phi i12 0, void %entry, i12 %data_6_val10_phi, void %MultLoop.split, i12 0, void %Result" [firmware/nnet_utils/nnet_dense_resource.h:46]   --->   Operation 13 'phi' 'data_6_val10_rewind' <Predicate = true> <Delay = 0.00>
ST_1 : Operation 14 [1/1] (0.00ns)   --->   "%data_7_val11_rewind = phi i12 0, void %entry, i12 %data_7_val11_phi, void %MultLoop.split, i12 0, void %Result" [firmware/nnet_utils/nnet_dense_resource.h:46]   --->   Operation 14 'phi' 'data_7_val11_rewind' <Predicate = true> <Delay = 0.00>
ST_1 : Operation 15 [1/1] (0.00ns)   --->   "%phi_ln49 = phi i3 0, void %entry, i3 %w_index, void %MultLoop.split, i3 0, void %Result"   --->   Operation 15 'phi' 'phi_ln49' <Predicate = true> <Delay = 0.00>
ST_1 : Operation 16 [1/1] (0.53ns)   --->   "%br_ln0 = br i1 %do_init, void %MultLoop.split, void %rewind_init"   --->   Operation 16 'br' 'br_ln0' <Predicate = true> <Delay = 0.53>
ST_1 : Operation 17 [1/1] (0.00ns)   --->   "%data_7_val_read = read i12 @_ssdm_op_Read.ap_auto.i12, i12 %data_7_val" [firmware/nnet_utils/nnet_dense_resource.h:46]   --->   Operation 17 'read' 'data_7_val_read' <Predicate = (do_init)> <Delay = 0.00>
ST_1 : Operation 18 [1/1] (0.00ns)   --->   "%data_6_val_read = read i12 @_ssdm_op_Read.ap_auto.i12, i12 %data_6_val" [firmware/nnet_utils/nnet_dense_resource.h:46]   --->   Operation 18 'read' 'data_6_val_read' <Predicate = (do_init)> <Delay = 0.00>
ST_1 : Operation 19 [1/1] (0.00ns)   --->   "%data_5_val_read = read i12 @_ssdm_op_Read.ap_auto.i12, i12 %data_5_val" [firmware/nnet_utils/nnet_dense_resource.h:46]   --->   Operation 19 'read' 'data_5_val_read' <Predicate = (do_init)> <Delay = 0.00>
ST_1 : Operation 20 [1/1] (0.00ns)   --->   "%data_4_val_read = read i12 @_ssdm_op_Read.ap_auto.i12, i12 %data_4_val" [firmware/nnet_utils/nnet_dense_resource.h:46]   --->   Operation 20 'read' 'data_4_val_read' <Predicate = (do_init)> <Delay = 0.00>
ST_1 : Operation 21 [1/1] (0.00ns)   --->   "%data_3_val_read = read i12 @_ssdm_op_Read.ap_auto.i12, i12 %data_3_val" [firmware/nnet_utils/nnet_dense_resource.h:46]   --->   Operation 21 'read' 'data_3_val_read' <Predicate = (do_init)> <Delay = 0.00>
ST_1 : Operation 22 [1/1] (0.00ns)   --->   "%data_2_val_read = read i12 @_ssdm_op_Read.ap_auto.i12, i12 %data_2_val" [firmware/nnet_utils/nnet_dense_resource.h:46]   --->   Operation 22 'read' 'data_2_val_read' <Predicate = (do_init)> <Delay = 0.00>
ST_1 : Operation 23 [1/1] (0.00ns)   --->   "%data_1_val_read = read i12 @_ssdm_op_Read.ap_auto.i12, i12 %data_1_val" [firmware/nnet_utils/nnet_dense_resource.h:46]   --->   Operation 23 'read' 'data_1_val_read' <Predicate = (do_init)> <Delay = 0.00>
ST_1 : Operation 24 [1/1] (0.00ns)   --->   "%data_0_val_read = read i12 @_ssdm_op_Read.ap_auto.i12, i12 %data_0_val" [firmware/nnet_utils/nnet_dense_resource.h:46]   --->   Operation 24 'read' 'data_0_val_read' <Predicate = (do_init)> <Delay = 0.00>
ST_1 : Operation 25 [1/1] (0.53ns)   --->   "%br_ln46 = br void %MultLoop.split" [firmware/nnet_utils/nnet_dense_resource.h:46]   --->   Operation 25 'br' 'br_ln46' <Predicate = (do_init)> <Delay = 0.53>
ST_1 : Operation 26 [1/1] (0.00ns)   --->   "%data_0_val4_phi = phi i12 %data_0_val_read, void %rewind_init, i12 %data_0_val4_rewind, void %rewind_header" [firmware/nnet_utils/nnet_dense_resource.h:46]   --->   Operation 26 'phi' 'data_0_val4_phi' <Predicate = true> <Delay = 0.00>
ST_1 : Operation 27 [1/1] (0.00ns)   --->   "%data_1_val5_phi = phi i12 %data_1_val_read, void %rewind_init, i12 %data_1_val5_rewind, void %rewind_header" [firmware/nnet_utils/nnet_dense_resource.h:46]   --->   Operation 27 'phi' 'data_1_val5_phi' <Predicate = true> <Delay = 0.00>
ST_1 : Operation 28 [1/1] (0.00ns)   --->   "%data_2_val6_phi = phi i12 %data_2_val_read, void %rewind_init, i12 %data_2_val6_rewind, void %rewind_header" [firmware/nnet_utils/nnet_dense_resource.h:46]   --->   Operation 28 'phi' 'data_2_val6_phi' <Predicate = true> <Delay = 0.00>
ST_1 : Operation 29 [1/1] (0.00ns)   --->   "%data_3_val7_phi = phi i12 %data_3_val_read, void %rewind_init, i12 %data_3_val7_rewind, void %rewind_header" [firmware/nnet_utils/nnet_dense_resource.h:46]   --->   Operation 29 'phi' 'data_3_val7_phi' <Predicate = true> <Delay = 0.00>
ST_1 : Operation 30 [1/1] (0.00ns)   --->   "%data_4_val8_phi = phi i12 %data_4_val_read, void %rewind_init, i12 %data_4_val8_rewind, void %rewind_header" [firmware/nnet_utils/nnet_dense_resource.h:46]   --->   Operation 30 'phi' 'data_4_val8_phi' <Predicate = true> <Delay = 0.00>
ST_1 : Operation 31 [1/1] (0.00ns)   --->   "%data_5_val9_phi = phi i12 %data_5_val_read, void %rewind_init, i12 %data_5_val9_rewind, void %rewind_header" [firmware/nnet_utils/nnet_dense_resource.h:46]   --->   Operation 31 'phi' 'data_5_val9_phi' <Predicate = true> <Delay = 0.00>
ST_1 : Operation 32 [1/1] (0.00ns)   --->   "%data_6_val10_phi = phi i12 %data_6_val_read, void %rewind_init, i12 %data_6_val10_rewind, void %rewind_header" [firmware/nnet_utils/nnet_dense_resource.h:46]   --->   Operation 32 'phi' 'data_6_val10_phi' <Predicate = true> <Delay = 0.00>
ST_1 : Operation 33 [1/1] (0.00ns)   --->   "%data_7_val11_phi = phi i12 %data_7_val_read, void %rewind_init, i12 %data_7_val11_rewind, void %rewind_header" [firmware/nnet_utils/nnet_dense_resource.h:46]   --->   Operation 33 'phi' 'data_7_val11_phi' <Predicate = true> <Delay = 0.00>
ST_1 : Operation 34 [1/1] (0.84ns)   --->   "%a = sparsemux i12 @_ssdm_op_SparseMux.ap_auto.8i12.i12.i3, i3 0, i12 %data_0_val4_phi, i3 1, i12 %data_1_val5_phi, i3 2, i12 %data_2_val6_phi, i3 3, i12 %data_3_val7_phi, i3 4, i12 %data_4_val8_phi, i3 5, i12 %data_5_val9_phi, i3 6, i12 %data_6_val10_phi, i3 7, i12 %data_7_val11_phi, i12 0, i3 %phi_ln49" [firmware/nnet_utils/nnet_dense_resource.h:46]   --->   Operation 34 'sparsemux' 'a' <Predicate = true> <Delay = 0.84> <CoreInst = "SparseMux">   --->   Core 143 'SparseMux' <Latency = 0> <II = 1> <Delay = 0.84> <FuncUnit> <Opcode : 'sparsemux'> <InPorts = 2> <OutPorts = 1>
ST_1 : Operation 35 [1/1] (0.84ns)   --->   "%w = sparsemux i8 @_ssdm_op_SparseMux.ap_auto.8i8.i8.i3, i3 0, i8 245, i3 1, i8 189, i3 2, i8 15, i3 3, i8 46, i3 4, i8 208, i3 5, i8 227, i3 6, i8 3, i3 7, i8 193, i8 0, i3 %phi_ln49" [firmware/nnet_utils/nnet_dense_resource.h:49]   --->   Operation 35 'sparsemux' 'w' <Predicate = true> <Delay = 0.84> <CoreInst = "SparseMux">   --->   Core 143 'SparseMux' <Latency = 0> <II = 1> <Delay = 0.84> <FuncUnit> <Opcode : 'sparsemux'> <InPorts = 2> <OutPorts = 1>
ST_1 : Operation 36 [1/1] (0.83ns)   --->   "%w_index = add i3 %phi_ln49, i3 1" [firmware/nnet_utils/nnet_dense_resource.h:46]   --->   Operation 36 'add' 'w_index' <Predicate = true> <Delay = 0.83> <CoreInst = "Adder">   --->   Core 1 'Adder' <Latency = 0> <II = 1> <Delay = 0.83> <FuncUnit> <Opcode : 'add' 'sub'> <InPorts = 2> <OutPorts = 1>
ST_1 : Operation 37 [1/1] (0.83ns)   --->   "%icmp_ln46 = icmp_eq  i3 %phi_ln49, i3 7" [firmware/nnet_utils/nnet_dense_resource.h:46]   --->   Operation 37 'icmp' 'icmp_ln46' <Predicate = true> <Delay = 0.83> <CoreInst = "Cmp">   --->   Core 9 'Cmp' <Latency = 0> <II = 1> <Delay = 0.83> <FuncUnit> <Opcode : 'icmp'> <InPorts = 2> <OutPorts = 1>
ST_1 : Operation 38 [1/1] (0.00ns)   --->   "%br_ln46 = br i1 %icmp_ln46, void %rewind_header, void %Result" [firmware/nnet_utils/nnet_dense_resource.h:46]   --->   Operation 38 'br' 'br_ln46' <Predicate = true> <Delay = 0.00>
ST_1 : Operation 39 [1/1] (0.00ns)   --->   "%br_ln84 = br void %rewind_header" [firmware/nnet_utils/nnet_dense_resource.h:84]   --->   Operation 39 'br' 'br_ln84' <Predicate = (icmp_ln46)> <Delay = 0.00>

State 2 <SV = 1> <Delay = 3.43>
ST_2 : Operation 40 [1/1] (0.00ns)   --->   "%sext_ln58 = sext i12 %a" [firmware/nnet_utils/nnet_dense_resource.h:58]   --->   Operation 40 'sext' 'sext_ln58' <Predicate = true> <Delay = 0.00>
ST_2 : Operation 41 [1/1] (0.00ns)   --->   "%sext_ln58_1 = sext i8 %w" [firmware/nnet_utils/nnet_dense_resource.h:58]   --->   Operation 41 'sext' 'sext_ln58_1' <Predicate = true> <Delay = 0.00>
ST_2 : Operation 42 [1/1] (3.43ns)   --->   "%mul_ln58 = mul i18 %sext_ln58, i18 %sext_ln58_1" [firmware/nnet_utils/nnet_dense_resource.h:58]   --->   Operation 42 'mul' 'mul_ln58' <Predicate = true> <Delay = 3.43> <CoreInst = "Multiplier">   --->   Core 3 'Multiplier' <Latency = 0> <II = 1> <Delay = 3.43> <FuncUnit> <Opcode : 'mul'> <InPorts = 2> <OutPorts = 1>
ST_2 : Operation 43 [1/1] (0.00ns)   --->   "%trunc_ln3 = partselect i12 @_ssdm_op_PartSelect.i12.i18.i32.i32, i18 %mul_ln58, i32 6, i32 17" [firmware/nnet_utils/nnet_dense_resource.h:58]   --->   Operation 43 'partselect' 'trunc_ln3' <Predicate = true> <Delay = 0.00>

State 3 <SV = 2> <Delay = 1.35>
ST_3 : Operation 44 [1/1] (0.00ns)   --->   "%res_02 = phi i12 4078, void %entry, i12 %add_ln58, void %MultLoop.split, i12 4078, void %Result" [firmware/nnet_utils/nnet_dense_resource.h:58]   --->   Operation 44 'phi' 'res_02' <Predicate = true> <Delay = 0.00>
ST_3 : Operation 45 [1/1] (0.00ns)   --->   "%specpipeline_ln47 = specpipeline void @_ssdm_op_SpecPipeline, i32 1, i32 0, i32 0, i32 1, void @empty_8" [firmware/nnet_utils/nnet_dense_resource.h:47]   --->   Operation 45 'specpipeline' 'specpipeline_ln47' <Predicate = true> <Delay = 0.00>
ST_3 : Operation 46 [1/1] (0.00ns)   --->   "%speclooptripcount_ln49 = speclooptripcount void @_ssdm_op_SpecLoopTripCount, i64 8, i64 8, i64 8" [firmware/nnet_utils/nnet_dense_resource.h:49]   --->   Operation 46 'speclooptripcount' 'speclooptripcount_ln49' <Predicate = true> <Delay = 0.00>
ST_3 : Operation 47 [1/1] (0.00ns)   --->   "%specloopname_ln46 = specloopname void @_ssdm_op_SpecLoopName, void @empty_9" [firmware/nnet_utils/nnet_dense_resource.h:46]   --->   Operation 47 'specloopname' 'specloopname_ln46' <Predicate = true> <Delay = 0.00>
ST_3 : Operation 48 [1/1] (1.35ns)   --->   "%add_ln58 = add i12 %trunc_ln3, i12 %res_02" [firmware/nnet_utils/nnet_dense_resource.h:58]   --->   Operation 48 'add' 'add_ln58' <Predicate = true> <Delay = 1.35> <CoreInst = "Adder">   --->   Core 1 'Adder' <Latency = 0> <II = 1> <Delay = 1.35> <FuncUnit> <Opcode : 'add' 'sub'> <InPorts = 2> <OutPorts = 1>
ST_3 : Operation 49 [1/1] (0.00ns)   --->   "%return_ln84 = return void @_ssdm_op_Return, i12 %add_ln58" [firmware/nnet_utils/nnet_dense_resource.h:84]   --->   Operation 49 'return' 'return_ln84' <Predicate = (icmp_ln46)> <Delay = 0.00>


============================================================
+ Verbose Summary: Binding
============================================================
STG Binding: 
---------------- STG Properties BEGIN ----------------
- Is combinational: 0
- Is one-state seq: 0
- Is datapath-only: 0
- Is pipelined: 0
- Is top level: 0
Port [ Return ] is wired: 1; IO mode=ap_ctrl_hs:ce=0
Port [ data_0_val]:  wired=1; compound=0; hidden=0; nouse=0; global=0; static=0; extern=0; dir=0; type=0; pingpong=0; private_global=0; IO mode=ap_none:ce=0
Port [ data_1_val]:  wired=1; compound=0; hidden=0; nouse=0; global=0; static=0; extern=0; dir=0; type=0; pingpong=0; private_global=0; IO mode=ap_none:ce=0
Port [ data_2_val]:  wired=1; compound=0; hidden=0; nouse=0; global=0; static=0; extern=0; dir=0; type=0; pingpong=0; private_global=0; IO mode=ap_none:ce=0
Port [ data_3_val]:  wired=1; compound=0; hidden=0; nouse=0; global=0; static=0; extern=0; dir=0; type=0; pingpong=0; private_global=0; IO mode=ap_none:ce=0
Port [ data_4_val]:  wired=1; compound=0; hidden=0; nouse=0; global=0; static=0; extern=0; dir=0; type=0; pingpong=0; private_global=0; IO mode=ap_none:ce=0
Port [ data_5_val]:  wired=1; compound=0; hidden=0; nouse=0; global=0; static=0; extern=0; dir=0; type=0; pingpong=0; private_global=0; IO mode=ap_none:ce=0
Port [ data_6_val]:  wired=1; compound=0; hidden=0; nouse=0; global=0; static=0; extern=0; dir=0; type=0; pingpong=0; private_global=0; IO mode=ap_none:ce=0
Port [ data_7_val]:  wired=1; compound=0; hidden=0; nouse=0; global=0; static=0; extern=0; dir=0; type=0; pingpong=0; private_global=0; IO mode=ap_none:ce=0
---------------- STG Properties END ------------------

---------------- Datapath Model BEGIN ----------------

<LifeTime>
<method=bitvector/>
br_ln46                (br               ) [ 0111]
do_init                (phi              ) [ 0111]
data_0_val4_rewind     (phi              ) [ 0100]
data_1_val5_rewind     (phi              ) [ 0100]
data_2_val6_rewind     (phi              ) [ 0100]
data_3_val7_rewind     (phi              ) [ 0100]
data_4_val8_rewind     (phi              ) [ 0100]
data_5_val9_rewind     (phi              ) [ 0100]
data_6_val10_rewind    (phi              ) [ 0100]
data_7_val11_rewind    (phi              ) [ 0100]
phi_ln49               (phi              ) [ 0100]
br_ln0                 (br               ) [ 0000]
data_7_val_read        (read             ) [ 0000]
data_6_val_read        (read             ) [ 0000]
data_5_val_read        (read             ) [ 0000]
data_4_val_read        (read             ) [ 0000]
data_3_val_read        (read             ) [ 0000]
data_2_val_read        (read             ) [ 0000]
data_1_val_read        (read             ) [ 0000]
data_0_val_read        (read             ) [ 0000]
br_ln46                (br               ) [ 0000]
data_0_val4_phi        (phi              ) [ 0100]
data_1_val5_phi        (phi              ) [ 0100]
data_2_val6_phi        (phi              ) [ 0100]
data_3_val7_phi        (phi              ) [ 0100]
data_4_val8_phi        (phi              ) [ 0100]
data_5_val9_phi        (phi              ) [ 0100]
data_6_val10_phi       (phi              ) [ 0100]
data_7_val11_phi       (phi              ) [ 0100]
a                      (sparsemux        ) [ 0110]
w                      (sparsemux        ) [ 0110]
w_index                (add              ) [ 0100]
icmp_ln46              (icmp             ) [ 0111]
br_ln46                (br               ) [ 0111]
br_ln84                (br               ) [ 0111]
sext_ln58              (sext             ) [ 0000]
sext_ln58_1            (sext             ) [ 0000]
mul_ln58               (mul              ) [ 0000]
trunc_ln3              (partselect       ) [ 0101]
res_02                 (phi              ) [ 0111]
specpipeline_ln47      (specpipeline     ) [ 0000]
speclooptripcount_ln49 (speclooptripcount) [ 0000]
specloopname_ln46      (specloopname     ) [ 0000]
add_ln58               (add              ) [ 0101]
return_ln84            (return           ) [ 0000]
</LifeTime>

<model>

<comp_list>
<comp id="0" class="1000" name="data_0_val">
<pin_list>
<pin id="1" dir="1" index="0" bw="1" slack="0"/>
</pin_list>
<bind>
<StgValue><ssdm name="data_0_val"/></StgValue>
</bind>
</comp>

<comp id="2" class="1000" name="data_1_val">
<pin_list>
<pin id="3" dir="1" index="0" bw="1" slack="0"/>
</pin_list>
<bind>
<StgValue><ssdm name="data_1_val"/></StgValue>
</bind>
</comp>

<comp id="4" class="1000" name="data_2_val">
<pin_list>
<pin id="5" dir="1" index="0" bw="1" slack="0"/>
</pin_list>
<bind>
<StgValue><ssdm name="data_2_val"/></StgValue>
</bind>
</comp>

<comp id="6" class="1000" name="data_3_val">
<pin_list>
<pin id="7" dir="1" index="0" bw="1" slack="0"/>
</pin_list>
<bind>
<StgValue><ssdm name="data_3_val"/></StgValue>
</bind>
</comp>

<comp id="8" class="1000" name="data_4_val">
<pin_list>
<pin id="9" dir="1" index="0" bw="1" slack="0"/>
</pin_list>
<bind>
<StgValue><ssdm name="data_4_val"/></StgValue>
</bind>
</comp>

<comp id="10" class="1000" name="data_5_val">
<pin_list>
<pin id="11" dir="1" index="0" bw="1" slack="0"/>
</pin_list>
<bind>
<StgValue><ssdm name="data_5_val"/></StgValue>
</bind>
</comp>

<comp id="12" class="1000" name="data_6_val">
<pin_list>
<pin id="13" dir="1" index="0" bw="1" slack="0"/>
</pin_list>
<bind>
<StgValue><ssdm name="data_6_val"/></StgValue>
</bind>
</comp>

<comp id="14" class="1000" name="data_7_val">
<pin_list>
<pin id="15" dir="1" index="0" bw="1" slack="0"/>
</pin_list>
<bind>
<StgValue><ssdm name="data_7_val"/></StgValue>
</bind>
</comp>

<comp id="16" class="1001" name="const_16">
<pin_list>
<pin id="17" dir="1" index="0" bw="1" slack="0"/>
</pin_list>
<bind>
<StgValue><ssdm name=""/></StgValue>
</bind>
</comp>

<comp id="18" class="1001" name="const_18">
<pin_list>
<pin id="19" dir="1" index="0" bw="1" slack="0"/>
</pin_list>
<bind>
<StgValue><ssdm name=""/></StgValue>
</bind>
</comp>

<comp id="20" class="1001" name="const_20">
<pin_list>
<pin id="21" dir="1" index="0" bw="1" slack="0"/>
</pin_list>
<bind>
<StgValue><ssdm name=""/></StgValue>
</bind>
</comp>

<comp id="22" class="1001" name="const_22">
<pin_list>
<pin id="23" dir="1" index="0" bw="1" slack="0"/>
</pin_list>
<bind>
<StgValue><ssdm name=""/></StgValue>
</bind>
</comp>

<comp id="24" class="1001" name="const_24">
<pin_list>
<pin id="25" dir="1" index="0" bw="1" slack="0"/>
</pin_list>
<bind>
<StgValue><ssdm name="_ssdm_op_Read.ap_auto.i12"/></StgValue>
</bind>
</comp>

<comp id="26" class="1001" name="const_26">
<pin_list>
<pin id="27" dir="1" index="0" bw="1" slack="0"/>
</pin_list>
<bind>
<StgValue><ssdm name="_ssdm_op_SparseMux.ap_auto.8i12.i12.i3"/></StgValue>
</bind>
</comp>

<comp id="28" class="1001" name="const_28">
<pin_list>
<pin id="29" dir="1" index="0" bw="1" slack="0"/>
</pin_list>
<bind>
<StgValue><ssdm name=""/></StgValue>
</bind>
</comp>

<comp id="30" class="1001" name="const_30">
<pin_list>
<pin id="31" dir="1" index="0" bw="1" slack="0"/>
</pin_list>
<bind>
<StgValue><ssdm name=""/></StgValue>
</bind>
</comp>

<comp id="32" class="1001" name="const_32">
<pin_list>
<pin id="33" dir="1" index="0" bw="1" slack="0"/>
</pin_list>
<bind>
<StgValue><ssdm name=""/></StgValue>
</bind>
</comp>

<comp id="34" class="1001" name="const_34">
<pin_list>
<pin id="35" dir="1" index="0" bw="1" slack="0"/>
</pin_list>
<bind>
<StgValue><ssdm name=""/></StgValue>
</bind>
</comp>

<comp id="36" class="1001" name="const_36">
<pin_list>
<pin id="37" dir="1" index="0" bw="1" slack="0"/>
</pin_list>
<bind>
<StgValue><ssdm name=""/></StgValue>
</bind>
</comp>

<comp id="38" class="1001" name="const_38">
<pin_list>
<pin id="39" dir="1" index="0" bw="1" slack="0"/>
</pin_list>
<bind>
<StgValue><ssdm name=""/></StgValue>
</bind>
</comp>

<comp id="40" class="1001" name="const_40">
<pin_list>
<pin id="41" dir="1" index="0" bw="1" slack="0"/>
</pin_list>
<bind>
<StgValue><ssdm name=""/></StgValue>
</bind>
</comp>

<comp id="42" class="1001" name="const_42">
<pin_list>
<pin id="43" dir="1" index="0" bw="1" slack="0"/>
</pin_list>
<bind>
<StgValue><ssdm name="_ssdm_op_SparseMux.ap_auto.8i8.i8.i3"/></StgValue>
</bind>
</comp>

<comp id="44" class="1001" name="const_44">
<pin_list>
<pin id="45" dir="1" index="0" bw="1" slack="0"/>
</pin_list>
<bind>
<StgValue><ssdm name=""/></StgValue>
</bind>
</comp>

<comp id="46" class="1001" name="const_46">
<pin_list>
<pin id="47" dir="1" index="0" bw="1" slack="0"/>
</pin_list>
<bind>
<StgValue><ssdm name=""/></StgValue>
</bind>
</comp>

<comp id="48" class="1001" name="const_48">
<pin_list>
<pin id="49" dir="1" index="0" bw="1" slack="0"/>
</pin_list>
<bind>
<StgValue><ssdm name=""/></StgValue>
</bind>
</comp>

<comp id="50" class="1001" name="const_50">
<pin_list>
<pin id="51" dir="1" index="0" bw="1" slack="0"/>
</pin_list>
<bind>
<StgValue><ssdm name=""/></StgValue>
</bind>
</comp>

<comp id="52" class="1001" name="const_52">
<pin_list>
<pin id="53" dir="1" index="0" bw="1" slack="0"/>
</pin_list>
<bind>
<StgValue><ssdm name=""/></StgValue>
</bind>
</comp>

<comp id="54" class="1001" name="const_54">
<pin_list>
<pin id="55" dir="1" index="0" bw="1" slack="0"/>
</pin_list>
<bind>
<StgValue><ssdm name=""/></StgValue>
</bind>
</comp>

<comp id="56" class="1001" name="const_56">
<pin_list>
<pin id="57" dir="1" index="0" bw="1" slack="0"/>
</pin_list>
<bind>
<StgValue><ssdm name=""/></StgValue>
</bind>
</comp>

<comp id="58" class="1001" name="const_58">
<pin_list>
<pin id="59" dir="1" index="0" bw="1" slack="0"/>
</pin_list>
<bind>
<StgValue><ssdm name=""/></StgValue>
</bind>
</comp>

<comp id="60" class="1001" name="const_60">
<pin_list>
<pin id="61" dir="1" index="0" bw="1" slack="0"/>
</pin_list>
<bind>
<StgValue><ssdm name=""/></StgValue>
</bind>
</comp>

<comp id="62" class="1001" name="const_62">
<pin_list>
<pin id="63" dir="1" index="0" bw="1" slack="0"/>
</pin_list>
<bind>
<StgValue><ssdm name="_ssdm_op_PartSelect.i12.i18.i32.i32"/></StgValue>
</bind>
</comp>

<comp id="64" class="1001" name="const_64">
<pin_list>
<pin id="65" dir="1" index="0" bw="1" slack="0"/>
</pin_list>
<bind>
<StgValue><ssdm name=""/></StgValue>
</bind>
</comp>

<comp id="66" class="1001" name="const_66">
<pin_list>
<pin id="67" dir="1" index="0" bw="1" slack="0"/>
</pin_list>
<bind>
<StgValue><ssdm name=""/></StgValue>
</bind>
</comp>

<comp id="68" class="1001" name="const_68">
<pin_list>
<pin id="69" dir="1" index="0" bw="1" slack="2"/>
</pin_list>
<bind>
<StgValue><ssdm name=""/></StgValue>
</bind>
</comp>

<comp id="70" class="1001" name="const_70">
<pin_list>
<pin id="71" dir="1" index="0" bw="1" slack="2147483647"/>
</pin_list>
<bind>
<StgValue><ssdm name="_ssdm_op_SpecPipeline"/></StgValue>
</bind>
</comp>

<comp id="72" class="1001" name="const_72">
<pin_list>
<pin id="73" dir="1" index="0" bw="1" slack="2147483647"/>
</pin_list>
<bind>
<StgValue><ssdm name=""/></StgValue>
</bind>
</comp>

<comp id="74" class="1001" name="const_74">
<pin_list>
<pin id="75" dir="1" index="0" bw="1" slack="2147483647"/>
</pin_list>
<bind>
<StgValue><ssdm name=""/></StgValue>
</bind>
</comp>

<comp id="76" class="1001" name="const_76">
<pin_list>
<pin id="77" dir="1" index="0" bw="1" slack="2147483647"/>
</pin_list>
<bind>
<StgValue><ssdm name="empty_8"/></StgValue>
</bind>
</comp>

<comp id="78" class="1001" name="const_78">
<pin_list>
<pin id="79" dir="1" index="0" bw="1" slack="2147483647"/>
</pin_list>
<bind>
<StgValue><ssdm name="_ssdm_op_SpecLoopTripCount"/></StgValue>
</bind>
</comp>

<comp id="80" class="1001" name="const_80">
<pin_list>
<pin id="81" dir="1" index="0" bw="1" slack="2147483647"/>
</pin_list>
<bind>
<StgValue><ssdm name=""/></StgValue>
</bind>
</comp>

<comp id="82" class="1001" name="const_82">
<pin_list>
<pin id="83" dir="1" index="0" bw="1" slack="2147483647"/>
</pin_list>
<bind>
<StgValue><ssdm name="_ssdm_op_SpecLoopName"/></StgValue>
</bind>
</comp>

<comp id="84" class="1001" name="const_84">
<pin_list>
<pin id="85" dir="1" index="0" bw="1" slack="2147483647"/>
</pin_list>
<bind>
<StgValue><ssdm name="empty_9"/></StgValue>
</bind>
</comp>

<comp id="86" class="1004" name="data_7_val_read_read_fu_86">
<pin_list>
<pin id="87" dir="0" index="0" bw="12" slack="0"/>
<pin id="88" dir="0" index="1" bw="12" slack="0"/>
<pin id="89" dir="1" index="2" bw="12" slack="0"/>
</pin_list>
<bind>
<opcode="read(1150) " fcode="read"/>
<opset="data_7_val_read/1 "/>
</bind>
</comp>

<comp id="92" class="1004" name="data_6_val_read_read_fu_92">
<pin_list>
<pin id="93" dir="0" index="0" bw="12" slack="0"/>
<pin id="94" dir="0" index="1" bw="12" slack="0"/>
<pin id="95" dir="1" index="2" bw="12" slack="0"/>
</pin_list>
<bind>
<opcode="read(1150) " fcode="read"/>
<opset="data_6_val_read/1 "/>
</bind>
</comp>

<comp id="98" class="1004" name="data_5_val_read_read_fu_98">
<pin_list>
<pin id="99" dir="0" index="0" bw="12" slack="0"/>
<pin id="100" dir="0" index="1" bw="12" slack="0"/>
<pin id="101" dir="1" index="2" bw="12" slack="0"/>
</pin_list>
<bind>
<opcode="read(1150) " fcode="read"/>
<opset="data_5_val_read/1 "/>
</bind>
</comp>

<comp id="104" class="1004" name="data_4_val_read_read_fu_104">
<pin_list>
<pin id="105" dir="0" index="0" bw="12" slack="0"/>
<pin id="106" dir="0" index="1" bw="12" slack="0"/>
<pin id="107" dir="1" index="2" bw="12" slack="0"/>
</pin_list>
<bind>
<opcode="read(1150) " fcode="read"/>
<opset="data_4_val_read/1 "/>
</bind>
</comp>

<comp id="110" class="1004" name="data_3_val_read_read_fu_110">
<pin_list>
<pin id="111" dir="0" index="0" bw="12" slack="0"/>
<pin id="112" dir="0" index="1" bw="12" slack="0"/>
<pin id="113" dir="1" index="2" bw="12" slack="0"/>
</pin_list>
<bind>
<opcode="read(1150) " fcode="read"/>
<opset="data_3_val_read/1 "/>
</bind>
</comp>

<comp id="116" class="1004" name="data_2_val_read_read_fu_116">
<pin_list>
<pin id="117" dir="0" index="0" bw="12" slack="0"/>
<pin id="118" dir="0" index="1" bw="12" slack="0"/>
<pin id="119" dir="1" index="2" bw="12" slack="0"/>
</pin_list>
<bind>
<opcode="read(1150) " fcode="read"/>
<opset="data_2_val_read/1 "/>
</bind>
</comp>

<comp id="122" class="1004" name="data_1_val_read_read_fu_122">
<pin_list>
<pin id="123" dir="0" index="0" bw="12" slack="0"/>
<pin id="124" dir="0" index="1" bw="12" slack="0"/>
<pin id="125" dir="1" index="2" bw="12" slack="0"/>
</pin_list>
<bind>
<opcode="read(1150) " fcode="read"/>
<opset="data_1_val_read/1 "/>
</bind>
</comp>

<comp id="128" class="1004" name="data_0_val_read_read_fu_128">
<pin_list>
<pin id="129" dir="0" index="0" bw="12" slack="0"/>
<pin id="130" dir="0" index="1" bw="12" slack="0"/>
<pin id="131" dir="1" index="2" bw="12" slack="0"/>
</pin_list>
<bind>
<opcode="read(1150) " fcode="read"/>
<opset="data_0_val_read/1 "/>
</bind>
</comp>

<comp id="134" class="1005" name="do_init_reg_134">
<pin_list>
<pin id="135" dir="0" index="0" bw="1" slack="1"/>
<pin id="136" dir="1" index="1" bw="1" slack="2147483647"/>
</pin_list>
<bind>
<opset="do_init (phireg) "/>
</bind>
</comp>

<comp id="137" class="1004" name="do_init_phi_fu_137">
<pin_list>
<pin id="138" dir="0" index="0" bw="1" slack="0"/>
<pin id="139" dir="0" index="1" bw="0" slack="2147483647"/>
<pin id="140" dir="0" index="2" bw="1" slack="0"/>
<pin id="141" dir="0" index="3" bw="0" slack="2147483647"/>
<pin id="142" dir="0" index="4" bw="1" slack="0"/>
<pin id="143" dir="0" index="5" bw="0" slack="2147483647"/>
<pin id="144" dir="1" index="6" bw="1" slack="1"/>
</pin_list>
<bind>
<opcode="phi(47) " fcode="phi"/>
<opset="do_init/1 "/>
</bind>
</comp>

<comp id="149" class="1005" name="data_0_val4_rewind_reg_149">
<pin_list>
<pin id="150" dir="0" index="0" bw="12" slack="2147483647"/>
<pin id="151" dir="1" index="1" bw="12" slack="2147483647"/>
</pin_list>
<bind>
<opset="data_0_val4_rewind (phireg) "/>
</bind>
</comp>

<comp id="152" class="1004" name="data_0_val4_rewind_phi_fu_152">
<pin_list>
<pin id="153" dir="0" index="0" bw="1" slack="0"/>
<pin id="154" dir="0" index="1" bw="0" slack="2147483647"/>
<pin id="155" dir="0" index="2" bw="12" slack="0"/>
<pin id="156" dir="0" index="3" bw="0" slack="2147483647"/>
<pin id="157" dir="0" index="4" bw="1" slack="0"/>
<pin id="158" dir="0" index="5" bw="0" slack="2147483647"/>
<pin id="159" dir="1" index="6" bw="12" slack="0"/>
</pin_list>
<bind>
<opcode="phi(47) " fcode="phi"/>
<opset="data_0_val4_rewind/1 "/>
</bind>
</comp>

<comp id="162" class="1005" name="data_1_val5_rewind_reg_162">
<pin_list>
<pin id="163" dir="0" index="0" bw="12" slack="2147483647"/>
<pin id="164" dir="1" index="1" bw="12" slack="2147483647"/>
</pin_list>
<bind>
<opset="data_1_val5_rewind (phireg) "/>
</bind>
</comp>

<comp id="165" class="1004" name="data_1_val5_rewind_phi_fu_165">
<pin_list>
<pin id="166" dir="0" index="0" bw="1" slack="0"/>
<pin id="167" dir="0" index="1" bw="0" slack="2147483647"/>
<pin id="168" dir="0" index="2" bw="12" slack="0"/>
<pin id="169" dir="0" index="3" bw="0" slack="2147483647"/>
<pin id="170" dir="0" index="4" bw="1" slack="0"/>
<pin id="171" dir="0" index="5" bw="0" slack="2147483647"/>
<pin id="172" dir="1" index="6" bw="12" slack="0"/>
</pin_list>
<bind>
<opcode="phi(47) " fcode="phi"/>
<opset="data_1_val5_rewind/1 "/>
</bind>
</comp>

<comp id="175" class="1005" name="data_2_val6_rewind_reg_175">
<pin_list>
<pin id="176" dir="0" index="0" bw="12" slack="2147483647"/>
<pin id="177" dir="1" index="1" bw="12" slack="2147483647"/>
</pin_list>
<bind>
<opset="data_2_val6_rewind (phireg) "/>
</bind>
</comp>

<comp id="178" class="1004" name="data_2_val6_rewind_phi_fu_178">
<pin_list>
<pin id="179" dir="0" index="0" bw="1" slack="0"/>
<pin id="180" dir="0" index="1" bw="0" slack="2147483647"/>
<pin id="181" dir="0" index="2" bw="12" slack="0"/>
<pin id="182" dir="0" index="3" bw="0" slack="2147483647"/>
<pin id="183" dir="0" index="4" bw="1" slack="0"/>
<pin id="184" dir="0" index="5" bw="0" slack="2147483647"/>
<pin id="185" dir="1" index="6" bw="12" slack="0"/>
</pin_list>
<bind>
<opcode="phi(47) " fcode="phi"/>
<opset="data_2_val6_rewind/1 "/>
</bind>
</comp>

<comp id="188" class="1005" name="data_3_val7_rewind_reg_188">
<pin_list>
<pin id="189" dir="0" index="0" bw="12" slack="2147483647"/>
<pin id="190" dir="1" index="1" bw="12" slack="2147483647"/>
</pin_list>
<bind>
<opset="data_3_val7_rewind (phireg) "/>
</bind>
</comp>

<comp id="191" class="1004" name="data_3_val7_rewind_phi_fu_191">
<pin_list>
<pin id="192" dir="0" index="0" bw="1" slack="0"/>
<pin id="193" dir="0" index="1" bw="0" slack="2147483647"/>
<pin id="194" dir="0" index="2" bw="12" slack="0"/>
<pin id="195" dir="0" index="3" bw="0" slack="2147483647"/>
<pin id="196" dir="0" index="4" bw="1" slack="0"/>
<pin id="197" dir="0" index="5" bw="0" slack="2147483647"/>
<pin id="198" dir="1" index="6" bw="12" slack="0"/>
</pin_list>
<bind>
<opcode="phi(47) " fcode="phi"/>
<opset="data_3_val7_rewind/1 "/>
</bind>
</comp>

<comp id="201" class="1005" name="data_4_val8_rewind_reg_201">
<pin_list>
<pin id="202" dir="0" index="0" bw="12" slack="2147483647"/>
<pin id="203" dir="1" index="1" bw="12" slack="2147483647"/>
</pin_list>
<bind>
<opset="data_4_val8_rewind (phireg) "/>
</bind>
</comp>

<comp id="204" class="1004" name="data_4_val8_rewind_phi_fu_204">
<pin_list>
<pin id="205" dir="0" index="0" bw="1" slack="0"/>
<pin id="206" dir="0" index="1" bw="0" slack="2147483647"/>
<pin id="207" dir="0" index="2" bw="12" slack="0"/>
<pin id="208" dir="0" index="3" bw="0" slack="2147483647"/>
<pin id="209" dir="0" index="4" bw="1" slack="0"/>
<pin id="210" dir="0" index="5" bw="0" slack="2147483647"/>
<pin id="211" dir="1" index="6" bw="12" slack="0"/>
</pin_list>
<bind>
<opcode="phi(47) " fcode="phi"/>
<opset="data_4_val8_rewind/1 "/>
</bind>
</comp>

<comp id="214" class="1005" name="data_5_val9_rewind_reg_214">
<pin_list>
<pin id="215" dir="0" index="0" bw="12" slack="2147483647"/>
<pin id="216" dir="1" index="1" bw="12" slack="2147483647"/>
</pin_list>
<bind>
<opset="data_5_val9_rewind (phireg) "/>
</bind>
</comp>

<comp id="217" class="1004" name="data_5_val9_rewind_phi_fu_217">
<pin_list>
<pin id="218" dir="0" index="0" bw="1" slack="0"/>
<pin id="219" dir="0" index="1" bw="0" slack="2147483647"/>
<pin id="220" dir="0" index="2" bw="12" slack="0"/>
<pin id="221" dir="0" index="3" bw="0" slack="2147483647"/>
<pin id="222" dir="0" index="4" bw="1" slack="0"/>
<pin id="223" dir="0" index="5" bw="0" slack="2147483647"/>
<pin id="224" dir="1" index="6" bw="12" slack="0"/>
</pin_list>
<bind>
<opcode="phi(47) " fcode="phi"/>
<opset="data_5_val9_rewind/1 "/>
</bind>
</comp>

<comp id="227" class="1005" name="data_6_val10_rewind_reg_227">
<pin_list>
<pin id="228" dir="0" index="0" bw="12" slack="2147483647"/>
<pin id="229" dir="1" index="1" bw="12" slack="2147483647"/>
</pin_list>
<bind>
<opset="data_6_val10_rewind (phireg) "/>
</bind>
</comp>

<comp id="230" class="1004" name="data_6_val10_rewind_phi_fu_230">
<pin_list>
<pin id="231" dir="0" index="0" bw="1" slack="0"/>
<pin id="232" dir="0" index="1" bw="0" slack="2147483647"/>
<pin id="233" dir="0" index="2" bw="12" slack="0"/>
<pin id="234" dir="0" index="3" bw="0" slack="2147483647"/>
<pin id="235" dir="0" index="4" bw="1" slack="0"/>
<pin id="236" dir="0" index="5" bw="0" slack="2147483647"/>
<pin id="237" dir="1" index="6" bw="12" slack="0"/>
</pin_list>
<bind>
<opcode="phi(47) " fcode="phi"/>
<opset="data_6_val10_rewind/1 "/>
</bind>
</comp>

<comp id="240" class="1005" name="data_7_val11_rewind_reg_240">
<pin_list>
<pin id="241" dir="0" index="0" bw="12" slack="2147483647"/>
<pin id="242" dir="1" index="1" bw="12" slack="2147483647"/>
</pin_list>
<bind>
<opset="data_7_val11_rewind (phireg) "/>
</bind>
</comp>

<comp id="243" class="1004" name="data_7_val11_rewind_phi_fu_243">
<pin_list>
<pin id="244" dir="0" index="0" bw="1" slack="0"/>
<pin id="245" dir="0" index="1" bw="0" slack="2147483647"/>
<pin id="246" dir="0" index="2" bw="12" slack="0"/>
<pin id="247" dir="0" index="3" bw="0" slack="2147483647"/>
<pin id="248" dir="0" index="4" bw="1" slack="0"/>
<pin id="249" dir="0" index="5" bw="0" slack="2147483647"/>
<pin id="250" dir="1" index="6" bw="12" slack="0"/>
</pin_list>
<bind>
<opcode="phi(47) " fcode="phi"/>
<opset="data_7_val11_rewind/1 "/>
</bind>
</comp>

<comp id="253" class="1005" name="phi_ln49_reg_253">
<pin_list>
<pin id="254" dir="0" index="0" bw="3" slack="2147483647"/>
<pin id="255" dir="1" index="1" bw="3" slack="2147483647"/>
</pin_list>
<bind>
<opset="phi_ln49 (phireg) "/>
</bind>
</comp>

<comp id="256" class="1004" name="phi_ln49_phi_fu_256">
<pin_list>
<pin id="257" dir="0" index="0" bw="1" slack="0"/>
<pin id="258" dir="0" index="1" bw="0" slack="2147483647"/>
<pin id="259" dir="0" index="2" bw="3" slack="0"/>
<pin id="260" dir="0" index="3" bw="0" slack="2147483647"/>
<pin id="261" dir="0" index="4" bw="1" slack="0"/>
<pin id="262" dir="0" index="5" bw="0" slack="2147483647"/>
<pin id="263" dir="1" index="6" bw="3" slack="0"/>
</pin_list>
<bind>
<opcode="phi(47) " fcode="phi"/>
<opset="phi_ln49/1 "/>
</bind>
</comp>

<comp id="266" class="1005" name="data_0_val4_phi_reg_266">
<pin_list>
<pin id="267" dir="0" index="0" bw="12" slack="0"/>
<pin id="268" dir="1" index="1" bw="12" slack="0"/>
</pin_list>
<bind>
<opset="data_0_val4_phi (phireg) "/>
</bind>
</comp>

<comp id="270" class="1004" name="data_0_val4_phi_phi_fu_270">
<pin_list>
<pin id="271" dir="0" index="0" bw="12" slack="0"/>
<pin id="272" dir="0" index="1" bw="0" slack="2147483647"/>
<pin id="273" dir="0" index="2" bw="12" slack="0"/>
<pin id="274" dir="0" index="3" bw="0" slack="2147483647"/>
<pin id="275" dir="1" index="4" bw="12" slack="0"/>
</pin_list>
<bind>
<opcode="phi(47) " fcode="phi"/>
<opset="data_0_val4_phi/1 "/>
</bind>
</comp>

<comp id="279" class="1005" name="data_1_val5_phi_reg_279">
<pin_list>
<pin id="280" dir="0" index="0" bw="12" slack="0"/>
<pin id="281" dir="1" index="1" bw="12" slack="0"/>
</pin_list>
<bind>
<opset="data_1_val5_phi (phireg) "/>
</bind>
</comp>

<comp id="283" class="1004" name="data_1_val5_phi_phi_fu_283">
<pin_list>
<pin id="284" dir="0" index="0" bw="12" slack="0"/>
<pin id="285" dir="0" index="1" bw="0" slack="2147483647"/>
<pin id="286" dir="0" index="2" bw="12" slack="0"/>
<pin id="287" dir="0" index="3" bw="0" slack="2147483647"/>
<pin id="288" dir="1" index="4" bw="12" slack="0"/>
</pin_list>
<bind>
<opcode="phi(47) " fcode="phi"/>
<opset="data_1_val5_phi/1 "/>
</bind>
</comp>

<comp id="292" class="1005" name="data_2_val6_phi_reg_292">
<pin_list>
<pin id="293" dir="0" index="0" bw="12" slack="0"/>
<pin id="294" dir="1" index="1" bw="12" slack="0"/>
</pin_list>
<bind>
<opset="data_2_val6_phi (phireg) "/>
</bind>
</comp>

<comp id="296" class="1004" name="data_2_val6_phi_phi_fu_296">
<pin_list>
<pin id="297" dir="0" index="0" bw="12" slack="0"/>
<pin id="298" dir="0" index="1" bw="0" slack="2147483647"/>
<pin id="299" dir="0" index="2" bw="12" slack="0"/>
<pin id="300" dir="0" index="3" bw="0" slack="2147483647"/>
<pin id="301" dir="1" index="4" bw="12" slack="0"/>
</pin_list>
<bind>
<opcode="phi(47) " fcode="phi"/>
<opset="data_2_val6_phi/1 "/>
</bind>
</comp>

<comp id="305" class="1005" name="data_3_val7_phi_reg_305">
<pin_list>
<pin id="306" dir="0" index="0" bw="12" slack="0"/>
<pin id="307" dir="1" index="1" bw="12" slack="0"/>
</pin_list>
<bind>
<opset="data_3_val7_phi (phireg) "/>
</bind>
</comp>

<comp id="309" class="1004" name="data_3_val7_phi_phi_fu_309">
<pin_list>
<pin id="310" dir="0" index="0" bw="12" slack="0"/>
<pin id="311" dir="0" index="1" bw="0" slack="2147483647"/>
<pin id="312" dir="0" index="2" bw="12" slack="0"/>
<pin id="313" dir="0" index="3" bw="0" slack="2147483647"/>
<pin id="314" dir="1" index="4" bw="12" slack="0"/>
</pin_list>
<bind>
<opcode="phi(47) " fcode="phi"/>
<opset="data_3_val7_phi/1 "/>
</bind>
</comp>

<comp id="318" class="1005" name="data_4_val8_phi_reg_318">
<pin_list>
<pin id="319" dir="0" index="0" bw="12" slack="0"/>
<pin id="320" dir="1" index="1" bw="12" slack="0"/>
</pin_list>
<bind>
<opset="data_4_val8_phi (phireg) "/>
</bind>
</comp>

<comp id="322" class="1004" name="data_4_val8_phi_phi_fu_322">
<pin_list>
<pin id="323" dir="0" index="0" bw="12" slack="0"/>
<pin id="324" dir="0" index="1" bw="0" slack="2147483647"/>
<pin id="325" dir="0" index="2" bw="12" slack="0"/>
<pin id="326" dir="0" index="3" bw="0" slack="2147483647"/>
<pin id="327" dir="1" index="4" bw="12" slack="0"/>
</pin_list>
<bind>
<opcode="phi(47) " fcode="phi"/>
<opset="data_4_val8_phi/1 "/>
</bind>
</comp>

<comp id="331" class="1005" name="data_5_val9_phi_reg_331">
<pin_list>
<pin id="332" dir="0" index="0" bw="12" slack="0"/>
<pin id="333" dir="1" index="1" bw="12" slack="0"/>
</pin_list>
<bind>
<opset="data_5_val9_phi (phireg) "/>
</bind>
</comp>

<comp id="335" class="1004" name="data_5_val9_phi_phi_fu_335">
<pin_list>
<pin id="336" dir="0" index="0" bw="12" slack="0"/>
<pin id="337" dir="0" index="1" bw="0" slack="2147483647"/>
<pin id="338" dir="0" index="2" bw="12" slack="0"/>
<pin id="339" dir="0" index="3" bw="0" slack="2147483647"/>
<pin id="340" dir="1" index="4" bw="12" slack="0"/>
</pin_list>
<bind>
<opcode="phi(47) " fcode="phi"/>
<opset="data_5_val9_phi/1 "/>
</bind>
</comp>

<comp id="344" class="1005" name="data_6_val10_phi_reg_344">
<pin_list>
<pin id="345" dir="0" index="0" bw="12" slack="0"/>
<pin id="346" dir="1" index="1" bw="12" slack="0"/>
</pin_list>
<bind>
<opset="data_6_val10_phi (phireg) "/>
</bind>
</comp>

<comp id="348" class="1004" name="data_6_val10_phi_phi_fu_348">
<pin_list>
<pin id="349" dir="0" index="0" bw="12" slack="0"/>
<pin id="350" dir="0" index="1" bw="0" slack="2147483647"/>
<pin id="351" dir="0" index="2" bw="12" slack="0"/>
<pin id="352" dir="0" index="3" bw="0" slack="2147483647"/>
<pin id="353" dir="1" index="4" bw="12" slack="0"/>
</pin_list>
<bind>
<opcode="phi(47) " fcode="phi"/>
<opset="data_6_val10_phi/1 "/>
</bind>
</comp>

<comp id="357" class="1005" name="data_7_val11_phi_reg_357">
<pin_list>
<pin id="358" dir="0" index="0" bw="12" slack="0"/>
<pin id="359" dir="1" index="1" bw="12" slack="0"/>
</pin_list>
<bind>
<opset="data_7_val11_phi (phireg) "/>
</bind>
</comp>

<comp id="361" class="1004" name="data_7_val11_phi_phi_fu_361">
<pin_list>
<pin id="362" dir="0" index="0" bw="12" slack="0"/>
<pin id="363" dir="0" index="1" bw="0" slack="2147483647"/>
<pin id="364" dir="0" index="2" bw="12" slack="0"/>
<pin id="365" dir="0" index="3" bw="0" slack="2147483647"/>
<pin id="366" dir="1" index="4" bw="12" slack="0"/>
</pin_list>
<bind>
<opcode="phi(47) " fcode="phi"/>
<opset="data_7_val11_phi/1 "/>
</bind>
</comp>

<comp id="370" class="1005" name="res_02_reg_370">
<pin_list>
<pin id="371" dir="0" index="0" bw="12" slack="2"/>
<pin id="372" dir="1" index="1" bw="12" slack="2"/>
</pin_list>
<bind>
<opset="res_02 (phireg) "/>
</bind>
</comp>

<comp id="374" class="1004" name="res_02_phi_fu_374">
<pin_list>
<pin id="375" dir="0" index="0" bw="6" slack="2"/>
<pin id="376" dir="0" index="1" bw="0" slack="2147483647"/>
<pin id="377" dir="0" index="2" bw="12" slack="0"/>
<pin id="378" dir="0" index="3" bw="0" slack="2147483647"/>
<pin id="379" dir="0" index="4" bw="6" slack="2"/>
<pin id="380" dir="0" index="5" bw="0" slack="2147483647"/>
<pin id="381" dir="1" index="6" bw="12" slack="0"/>
</pin_list>
<bind>
<opcode="phi(47) " fcode="phi"/>
<opset="res_02/3 "/>
</bind>
</comp>

<comp id="384" class="1004" name="a_fu_384">
<pin_list>
<pin id="385" dir="0" index="0" bw="12" slack="0"/>
<pin id="386" dir="0" index="1" bw="1" slack="0"/>
<pin id="387" dir="0" index="2" bw="12" slack="0"/>
<pin id="388" dir="0" index="3" bw="1" slack="0"/>
<pin id="389" dir="0" index="4" bw="12" slack="0"/>
<pin id="390" dir="0" index="5" bw="3" slack="0"/>
<pin id="391" dir="0" index="6" bw="12" slack="0"/>
<pin id="392" dir="0" index="7" bw="3" slack="0"/>
<pin id="393" dir="0" index="8" bw="12" slack="0"/>
<pin id="394" dir="0" index="9" bw="3" slack="0"/>
<pin id="395" dir="0" index="10" bw="12" slack="0"/>
<pin id="396" dir="0" index="11" bw="3" slack="0"/>
<pin id="397" dir="0" index="12" bw="12" slack="0"/>
<pin id="398" dir="0" index="13" bw="2" slack="0"/>
<pin id="399" dir="0" index="14" bw="12" slack="0"/>
<pin id="400" dir="0" index="15" bw="1" slack="0"/>
<pin id="401" dir="0" index="16" bw="12" slack="0"/>
<pin id="402" dir="0" index="17" bw="1" slack="0"/>
<pin id="403" dir="0" index="18" bw="3" slack="0"/>
<pin id="404" dir="1" index="19" bw="12" slack="1"/>
</pin_list>
<bind>
<opcode="sparsemux(1197) " fcode="sparsemux"/>
<opset="a/1 "/>
</bind>
</comp>

<comp id="424" class="1004" name="w_fu_424">
<pin_list>
<pin id="425" dir="0" index="0" bw="8" slack="0"/>
<pin id="426" dir="0" index="1" bw="1" slack="0"/>
<pin id="427" dir="0" index="2" bw="5" slack="0"/>
<pin id="428" dir="0" index="3" bw="1" slack="0"/>
<pin id="429" dir="0" index="4" bw="8" slack="0"/>
<pin id="430" dir="0" index="5" bw="3" slack="0"/>
<pin id="431" dir="0" index="6" bw="5" slack="0"/>
<pin id="432" dir="0" index="7" bw="3" slack="0"/>
<pin id="433" dir="0" index="8" bw="7" slack="0"/>
<pin id="434" dir="0" index="9" bw="3" slack="0"/>
<pin id="435" dir="0" index="10" bw="7" slack="0"/>
<pin id="436" dir="0" index="11" bw="3" slack="0"/>
<pin id="437" dir="0" index="12" bw="6" slack="0"/>
<pin id="438" dir="0" index="13" bw="2" slack="0"/>
<pin id="439" dir="0" index="14" bw="3" slack="0"/>
<pin id="440" dir="0" index="15" bw="1" slack="0"/>
<pin id="441" dir="0" index="16" bw="7" slack="0"/>
<pin id="442" dir="0" index="17" bw="1" slack="0"/>
<pin id="443" dir="0" index="18" bw="3" slack="0"/>
<pin id="444" dir="1" index="19" bw="8" slack="1"/>
</pin_list>
<bind>
<opcode="sparsemux(1197) " fcode="sparsemux"/>
<opset="w/1 "/>
</bind>
</comp>

<comp id="464" class="1004" name="w_index_fu_464">
<pin_list>
<pin id="465" dir="0" index="0" bw="3" slack="0"/>
<pin id="466" dir="0" index="1" bw="1" slack="0"/>
<pin id="467" dir="1" index="2" bw="3" slack="0"/>
</pin_list>
<bind>
<opcode="add(8) " fcode="add"/>
<opset="w_index/1 "/>
</bind>
</comp>

<comp id="470" class="1004" name="icmp_ln46_fu_470">
<pin_list>
<pin id="471" dir="0" index="0" bw="3" slack="0"/>
<pin id="472" dir="0" index="1" bw="3" slack="0"/>
<pin id="473" dir="1" index="2" bw="1" slack="1"/>
</pin_list>
<bind>
<opcode="icmp(45) " fcode="icmp"/>
<opset="icmp_ln46/1 "/>
</bind>
</comp>

<comp id="476" class="1004" name="sext_ln58_fu_476">
<pin_list>
<pin id="477" dir="0" index="0" bw="12" slack="1"/>
<pin id="478" dir="1" index="1" bw="18" slack="0"/>
</pin_list>
<bind>
<opcode="sext(35) " fcode="sext"/>
<opset="sext_ln58/2 "/>
</bind>
</comp>

<comp id="479" class="1004" name="sext_ln58_1_fu_479">
<pin_list>
<pin id="480" dir="0" index="0" bw="8" slack="1"/>
<pin id="481" dir="1" index="1" bw="18" slack="0"/>
</pin_list>
<bind>
<opcode="sext(35) " fcode="sext"/>
<opset="sext_ln58_1/2 "/>
</bind>
</comp>

<comp id="482" class="1004" name="mul_ln58_fu_482">
<pin_list>
<pin id="483" dir="0" index="0" bw="12" slack="0"/>
<pin id="484" dir="0" index="1" bw="8" slack="0"/>
<pin id="485" dir="1" index="2" bw="18" slack="0"/>
</pin_list>
<bind>
<opcode="mul(12) " fcode="mul"/>
<opset="mul_ln58/2 "/>
</bind>
</comp>

<comp id="488" class="1004" name="trunc_ln3_fu_488">
<pin_list>
<pin id="489" dir="0" index="0" bw="12" slack="0"/>
<pin id="490" dir="0" index="1" bw="18" slack="0"/>
<pin id="491" dir="0" index="2" bw="4" slack="0"/>
<pin id="492" dir="0" index="3" bw="6" slack="0"/>
<pin id="493" dir="1" index="4" bw="12" slack="1"/>
</pin_list>
<bind>
<opcode="partselect(1002) " fcode="partselect"/>
<opset="trunc_ln3/2 "/>
</bind>
</comp>

<comp id="498" class="1004" name="add_ln58_fu_498">
<pin_list>
<pin id="499" dir="0" index="0" bw="12" slack="1"/>
<pin id="500" dir="0" index="1" bw="12" slack="0"/>
<pin id="501" dir="1" index="2" bw="12" slack="0"/>
</pin_list>
<bind>
<opcode="add(8) " fcode="add"/>
<opset="add_ln58/3 "/>
</bind>
</comp>

<comp id="503" class="1004" name="return_ln84_fu_503">
<pin_list>
<pin id="504" dir="0" index="0" bw="12" slack="0"/>
<pin id="505" dir="1" index="1" bw="0" slack="2147483647"/>
</pin_list>
<bind>
<opcode="return(1203) " fcode="return"/>
<opset="return_ln84/3 "/>
</bind>
</comp>

<comp id="507" class="1005" name="a_reg_507">
<pin_list>
<pin id="508" dir="0" index="0" bw="12" slack="1"/>
<pin id="509" dir="1" index="1" bw="12" slack="1"/>
</pin_list>
<bind>
<opset="a "/>
</bind>
</comp>

<comp id="512" class="1005" name="w_reg_512">
<pin_list>
<pin id="513" dir="0" index="0" bw="8" slack="1"/>
<pin id="514" dir="1" index="1" bw="8" slack="1"/>
</pin_list>
<bind>
<opset="w "/>
</bind>
</comp>

<comp id="517" class="1005" name="w_index_reg_517">
<pin_list>
<pin id="518" dir="0" index="0" bw="3" slack="0"/>
<pin id="519" dir="1" index="1" bw="3" slack="0"/>
</pin_list>
<bind>
<opset="w_index "/>
</bind>
</comp>

<comp id="522" class="1005" name="icmp_ln46_reg_522">
<pin_list>
<pin id="523" dir="0" index="0" bw="1" slack="1"/>
<pin id="524" dir="1" index="1" bw="1" slack="2147483647"/>
</pin_list>
<bind>
<opset="icmp_ln46 "/>
</bind>
</comp>

<comp id="526" class="1005" name="trunc_ln3_reg_526">
<pin_list>
<pin id="527" dir="0" index="0" bw="12" slack="1"/>
<pin id="528" dir="1" index="1" bw="12" slack="1"/>
</pin_list>
<bind>
<opset="trunc_ln3 "/>
</bind>
</comp>

<comp id="531" class="1005" name="add_ln58_reg_531">
<pin_list>
<pin id="532" dir="0" index="0" bw="12" slack="0"/>
<pin id="533" dir="1" index="1" bw="12" slack="0"/>
</pin_list>
<bind>
<opset="add_ln58 "/>
</bind>
</comp>

</comp_list>

<net_list>
<net id="90"><net_src comp="24" pin="0"/><net_sink comp="86" pin=0"/></net>

<net id="91"><net_src comp="14" pin="0"/><net_sink comp="86" pin=1"/></net>

<net id="96"><net_src comp="24" pin="0"/><net_sink comp="92" pin=0"/></net>

<net id="97"><net_src comp="12" pin="0"/><net_sink comp="92" pin=1"/></net>

<net id="102"><net_src comp="24" pin="0"/><net_sink comp="98" pin=0"/></net>

<net id="103"><net_src comp="10" pin="0"/><net_sink comp="98" pin=1"/></net>

<net id="108"><net_src comp="24" pin="0"/><net_sink comp="104" pin=0"/></net>

<net id="109"><net_src comp="8" pin="0"/><net_sink comp="104" pin=1"/></net>

<net id="114"><net_src comp="24" pin="0"/><net_sink comp="110" pin=0"/></net>

<net id="115"><net_src comp="6" pin="0"/><net_sink comp="110" pin=1"/></net>

<net id="120"><net_src comp="24" pin="0"/><net_sink comp="116" pin=0"/></net>

<net id="121"><net_src comp="4" pin="0"/><net_sink comp="116" pin=1"/></net>

<net id="126"><net_src comp="24" pin="0"/><net_sink comp="122" pin=0"/></net>

<net id="127"><net_src comp="2" pin="0"/><net_sink comp="122" pin=1"/></net>

<net id="132"><net_src comp="24" pin="0"/><net_sink comp="128" pin=0"/></net>

<net id="133"><net_src comp="0" pin="0"/><net_sink comp="128" pin=1"/></net>

<net id="145"><net_src comp="16" pin="0"/><net_sink comp="137" pin=0"/></net>

<net id="146"><net_src comp="18" pin="0"/><net_sink comp="137" pin=2"/></net>

<net id="147"><net_src comp="16" pin="0"/><net_sink comp="137" pin=4"/></net>

<net id="148"><net_src comp="137" pin="6"/><net_sink comp="134" pin=0"/></net>

<net id="160"><net_src comp="20" pin="0"/><net_sink comp="152" pin=0"/></net>

<net id="161"><net_src comp="20" pin="0"/><net_sink comp="152" pin=4"/></net>

<net id="173"><net_src comp="20" pin="0"/><net_sink comp="165" pin=0"/></net>

<net id="174"><net_src comp="20" pin="0"/><net_sink comp="165" pin=4"/></net>

<net id="186"><net_src comp="20" pin="0"/><net_sink comp="178" pin=0"/></net>

<net id="187"><net_src comp="20" pin="0"/><net_sink comp="178" pin=4"/></net>

<net id="199"><net_src comp="20" pin="0"/><net_sink comp="191" pin=0"/></net>

<net id="200"><net_src comp="20" pin="0"/><net_sink comp="191" pin=4"/></net>

<net id="212"><net_src comp="20" pin="0"/><net_sink comp="204" pin=0"/></net>

<net id="213"><net_src comp="20" pin="0"/><net_sink comp="204" pin=4"/></net>

<net id="225"><net_src comp="20" pin="0"/><net_sink comp="217" pin=0"/></net>

<net id="226"><net_src comp="20" pin="0"/><net_sink comp="217" pin=4"/></net>

<net id="238"><net_src comp="20" pin="0"/><net_sink comp="230" pin=0"/></net>

<net id="239"><net_src comp="20" pin="0"/><net_sink comp="230" pin=4"/></net>

<net id="251"><net_src comp="20" pin="0"/><net_sink comp="243" pin=0"/></net>

<net id="252"><net_src comp="20" pin="0"/><net_sink comp="243" pin=4"/></net>

<net id="264"><net_src comp="22" pin="0"/><net_sink comp="256" pin=0"/></net>

<net id="265"><net_src comp="22" pin="0"/><net_sink comp="256" pin=4"/></net>

<net id="269"><net_src comp="266" pin="1"/><net_sink comp="152" pin=2"/></net>

<net id="276"><net_src comp="128" pin="2"/><net_sink comp="270" pin=0"/></net>

<net id="277"><net_src comp="152" pin="6"/><net_sink comp="270" pin=2"/></net>

<net id="278"><net_src comp="270" pin="4"/><net_sink comp="266" pin=0"/></net>

<net id="282"><net_src comp="279" pin="1"/><net_sink comp="165" pin=2"/></net>

<net id="289"><net_src comp="122" pin="2"/><net_sink comp="283" pin=0"/></net>

<net id="290"><net_src comp="165" pin="6"/><net_sink comp="283" pin=2"/></net>

<net id="291"><net_src comp="283" pin="4"/><net_sink comp="279" pin=0"/></net>

<net id="295"><net_src comp="292" pin="1"/><net_sink comp="178" pin=2"/></net>

<net id="302"><net_src comp="116" pin="2"/><net_sink comp="296" pin=0"/></net>

<net id="303"><net_src comp="178" pin="6"/><net_sink comp="296" pin=2"/></net>

<net id="304"><net_src comp="296" pin="4"/><net_sink comp="292" pin=0"/></net>

<net id="308"><net_src comp="305" pin="1"/><net_sink comp="191" pin=2"/></net>

<net id="315"><net_src comp="110" pin="2"/><net_sink comp="309" pin=0"/></net>

<net id="316"><net_src comp="191" pin="6"/><net_sink comp="309" pin=2"/></net>

<net id="317"><net_src comp="309" pin="4"/><net_sink comp="305" pin=0"/></net>

<net id="321"><net_src comp="318" pin="1"/><net_sink comp="204" pin=2"/></net>

<net id="328"><net_src comp="104" pin="2"/><net_sink comp="322" pin=0"/></net>

<net id="329"><net_src comp="204" pin="6"/><net_sink comp="322" pin=2"/></net>

<net id="330"><net_src comp="322" pin="4"/><net_sink comp="318" pin=0"/></net>

<net id="334"><net_src comp="331" pin="1"/><net_sink comp="217" pin=2"/></net>

<net id="341"><net_src comp="98" pin="2"/><net_sink comp="335" pin=0"/></net>

<net id="342"><net_src comp="217" pin="6"/><net_sink comp="335" pin=2"/></net>

<net id="343"><net_src comp="335" pin="4"/><net_sink comp="331" pin=0"/></net>

<net id="347"><net_src comp="344" pin="1"/><net_sink comp="230" pin=2"/></net>

<net id="354"><net_src comp="92" pin="2"/><net_sink comp="348" pin=0"/></net>

<net id="355"><net_src comp="230" pin="6"/><net_sink comp="348" pin=2"/></net>

<net id="356"><net_src comp="348" pin="4"/><net_sink comp="344" pin=0"/></net>

<net id="360"><net_src comp="357" pin="1"/><net_sink comp="243" pin=2"/></net>

<net id="367"><net_src comp="86" pin="2"/><net_sink comp="361" pin=0"/></net>

<net id="368"><net_src comp="243" pin="6"/><net_sink comp="361" pin=2"/></net>

<net id="369"><net_src comp="361" pin="4"/><net_sink comp="357" pin=0"/></net>

<net id="373"><net_src comp="68" pin="0"/><net_sink comp="370" pin=0"/></net>

<net id="382"><net_src comp="370" pin="1"/><net_sink comp="374" pin=0"/></net>

<net id="383"><net_src comp="370" pin="1"/><net_sink comp="374" pin=4"/></net>

<net id="405"><net_src comp="26" pin="0"/><net_sink comp="384" pin=0"/></net>

<net id="406"><net_src comp="22" pin="0"/><net_sink comp="384" pin=1"/></net>

<net id="407"><net_src comp="270" pin="4"/><net_sink comp="384" pin=2"/></net>

<net id="408"><net_src comp="28" pin="0"/><net_sink comp="384" pin=3"/></net>

<net id="409"><net_src comp="283" pin="4"/><net_sink comp="384" pin=4"/></net>

<net id="410"><net_src comp="30" pin="0"/><net_sink comp="384" pin=5"/></net>

<net id="411"><net_src comp="296" pin="4"/><net_sink comp="384" pin=6"/></net>

<net id="412"><net_src comp="32" pin="0"/><net_sink comp="384" pin=7"/></net>

<net id="413"><net_src comp="309" pin="4"/><net_sink comp="384" pin=8"/></net>

<net id="414"><net_src comp="34" pin="0"/><net_sink comp="384" pin=9"/></net>

<net id="415"><net_src comp="322" pin="4"/><net_sink comp="384" pin=10"/></net>

<net id="416"><net_src comp="36" pin="0"/><net_sink comp="384" pin=11"/></net>

<net id="417"><net_src comp="335" pin="4"/><net_sink comp="384" pin=12"/></net>

<net id="418"><net_src comp="38" pin="0"/><net_sink comp="384" pin=13"/></net>

<net id="419"><net_src comp="348" pin="4"/><net_sink comp="384" pin=14"/></net>

<net id="420"><net_src comp="40" pin="0"/><net_sink comp="384" pin=15"/></net>

<net id="421"><net_src comp="361" pin="4"/><net_sink comp="384" pin=16"/></net>

<net id="422"><net_src comp="20" pin="0"/><net_sink comp="384" pin=17"/></net>

<net id="423"><net_src comp="256" pin="6"/><net_sink comp="384" pin=18"/></net>

<net id="445"><net_src comp="42" pin="0"/><net_sink comp="424" pin=0"/></net>

<net id="446"><net_src comp="22" pin="0"/><net_sink comp="424" pin=1"/></net>

<net id="447"><net_src comp="44" pin="0"/><net_sink comp="424" pin=2"/></net>

<net id="448"><net_src comp="28" pin="0"/><net_sink comp="424" pin=3"/></net>

<net id="449"><net_src comp="46" pin="0"/><net_sink comp="424" pin=4"/></net>

<net id="450"><net_src comp="30" pin="0"/><net_sink comp="424" pin=5"/></net>

<net id="451"><net_src comp="48" pin="0"/><net_sink comp="424" pin=6"/></net>

<net id="452"><net_src comp="32" pin="0"/><net_sink comp="424" pin=7"/></net>

<net id="453"><net_src comp="50" pin="0"/><net_sink comp="424" pin=8"/></net>

<net id="454"><net_src comp="34" pin="0"/><net_sink comp="424" pin=9"/></net>

<net id="455"><net_src comp="52" pin="0"/><net_sink comp="424" pin=10"/></net>

<net id="456"><net_src comp="36" pin="0"/><net_sink comp="424" pin=11"/></net>

<net id="457"><net_src comp="54" pin="0"/><net_sink comp="424" pin=12"/></net>

<net id="458"><net_src comp="38" pin="0"/><net_sink comp="424" pin=13"/></net>

<net id="459"><net_src comp="56" pin="0"/><net_sink comp="424" pin=14"/></net>

<net id="460"><net_src comp="40" pin="0"/><net_sink comp="424" pin=15"/></net>

<net id="461"><net_src comp="58" pin="0"/><net_sink comp="424" pin=16"/></net>

<net id="462"><net_src comp="60" pin="0"/><net_sink comp="424" pin=17"/></net>

<net id="463"><net_src comp="256" pin="6"/><net_sink comp="424" pin=18"/></net>

<net id="468"><net_src comp="256" pin="6"/><net_sink comp="464" pin=0"/></net>

<net id="469"><net_src comp="28" pin="0"/><net_sink comp="464" pin=1"/></net>

<net id="474"><net_src comp="256" pin="6"/><net_sink comp="470" pin=0"/></net>

<net id="475"><net_src comp="40" pin="0"/><net_sink comp="470" pin=1"/></net>

<net id="486"><net_src comp="476" pin="1"/><net_sink comp="482" pin=0"/></net>

<net id="487"><net_src comp="479" pin="1"/><net_sink comp="482" pin=1"/></net>

<net id="494"><net_src comp="62" pin="0"/><net_sink comp="488" pin=0"/></net>

<net id="495"><net_src comp="482" pin="2"/><net_sink comp="488" pin=1"/></net>

<net id="496"><net_src comp="64" pin="0"/><net_sink comp="488" pin=2"/></net>

<net id="497"><net_src comp="66" pin="0"/><net_sink comp="488" pin=3"/></net>

<net id="502"><net_src comp="374" pin="6"/><net_sink comp="498" pin=1"/></net>

<net id="506"><net_src comp="498" pin="2"/><net_sink comp="503" pin=0"/></net>

<net id="510"><net_src comp="384" pin="19"/><net_sink comp="507" pin=0"/></net>

<net id="511"><net_src comp="507" pin="1"/><net_sink comp="476" pin=0"/></net>

<net id="515"><net_src comp="424" pin="19"/><net_sink comp="512" pin=0"/></net>

<net id="516"><net_src comp="512" pin="1"/><net_sink comp="479" pin=0"/></net>

<net id="520"><net_src comp="464" pin="2"/><net_sink comp="517" pin=0"/></net>

<net id="521"><net_src comp="517" pin="1"/><net_sink comp="256" pin=2"/></net>

<net id="525"><net_src comp="470" pin="2"/><net_sink comp="522" pin=0"/></net>

<net id="529"><net_src comp="488" pin="4"/><net_sink comp="526" pin=0"/></net>

<net id="530"><net_src comp="526" pin="1"/><net_sink comp="498" pin=0"/></net>

<net id="534"><net_src comp="498" pin="2"/><net_sink comp="531" pin=0"/></net>

<net id="535"><net_src comp="531" pin="1"/><net_sink comp="374" pin=2"/></net>

</net_list>

</model> 
---------------- Datapath Model END ------------------

* FSMD analyzer results:
  - Output states:
 - Input state : 
	Port: dense_resource_rf_leq_nin<ap_fixed,ap_fixed<12,6,5,3,0>,config37_mult> : data_0_val | {1 }
	Port: dense_resource_rf_leq_nin<ap_fixed,ap_fixed<12,6,5,3,0>,config37_mult> : data_1_val | {1 }
	Port: dense_resource_rf_leq_nin<ap_fixed,ap_fixed<12,6,5,3,0>,config37_mult> : data_2_val | {1 }
	Port: dense_resource_rf_leq_nin<ap_fixed,ap_fixed<12,6,5,3,0>,config37_mult> : data_3_val | {1 }
	Port: dense_resource_rf_leq_nin<ap_fixed,ap_fixed<12,6,5,3,0>,config37_mult> : data_4_val | {1 }
	Port: dense_resource_rf_leq_nin<ap_fixed,ap_fixed<12,6,5,3,0>,config37_mult> : data_5_val | {1 }
	Port: dense_resource_rf_leq_nin<ap_fixed,ap_fixed<12,6,5,3,0>,config37_mult> : data_6_val | {1 }
	Port: dense_resource_rf_leq_nin<ap_fixed,ap_fixed<12,6,5,3,0>,config37_mult> : data_7_val | {1 }
  - Chain level:
	State 1
		do_init : 1
		data_0_val4_rewind : 1
		data_1_val5_rewind : 1
		data_2_val6_rewind : 1
		data_3_val7_rewind : 1
		data_4_val8_rewind : 1
		data_5_val9_rewind : 1
		data_6_val10_rewind : 1
		data_7_val11_rewind : 1
		phi_ln49 : 1
		br_ln0 : 2
		data_0_val4_phi : 3
		data_1_val5_phi : 3
		data_2_val6_phi : 3
		data_3_val7_phi : 3
		data_4_val8_phi : 3
		data_5_val9_phi : 3
		data_6_val10_phi : 3
		data_7_val11_phi : 3
		a : 4
		w : 2
		w_index : 2
		icmp_ln46 : 2
		br_ln46 : 3
	State 2
		mul_ln58 : 1
		trunc_ln3 : 2
	State 3
		add_ln58 : 1
		return_ln84 : 2


============================================================
+ Verbose Summary: Datapath Resource usage 
============================================================

* Functional unit list:
|----------|-----------------------------|---------|---------|---------|
| Operation|       Functional Unit       |   DSP   |    FF   |   LUT   |
|----------|-----------------------------|---------|---------|---------|
| sparsemux|           a_fu_384          |    0    |    0    |    43   |
|          |           w_fu_424          |    0    |    0    |    43   |
|----------|-----------------------------|---------|---------|---------|
|    add   |        w_index_fu_464       |    0    |    0    |    10   |
|          |       add_ln58_fu_498       |    0    |    0    |    19   |
|----------|-----------------------------|---------|---------|---------|
|   icmp   |       icmp_ln46_fu_470      |    0    |    0    |    10   |
|----------|-----------------------------|---------|---------|---------|
|    mul   |       mul_ln58_fu_482       |    1    |    0    |    5    |
|----------|-----------------------------|---------|---------|---------|
|          |  data_7_val_read_read_fu_86 |    0    |    0    |    0    |
|          |  data_6_val_read_read_fu_92 |    0    |    0    |    0    |
|          |  data_5_val_read_read_fu_98 |    0    |    0    |    0    |
|   read   | data_4_val_read_read_fu_104 |    0    |    0    |    0    |
|          | data_3_val_read_read_fu_110 |    0    |    0    |    0    |
|          | data_2_val_read_read_fu_116 |    0    |    0    |    0    |
|          | data_1_val_read_read_fu_122 |    0    |    0    |    0    |
|          | data_0_val_read_read_fu_128 |    0    |    0    |    0    |
|----------|-----------------------------|---------|---------|---------|
|   sext   |       sext_ln58_fu_476      |    0    |    0    |    0    |
|          |      sext_ln58_1_fu_479     |    0    |    0    |    0    |
|----------|-----------------------------|---------|---------|---------|
|partselect|       trunc_ln3_fu_488      |    0    |    0    |    0    |
|----------|-----------------------------|---------|---------|---------|
|  return  |      return_ln84_fu_503     |    0    |    0    |    0    |
|----------|-----------------------------|---------|---------|---------|
|   Total  |                             |    1    |    0    |   130   |
|----------|-----------------------------|---------|---------|---------|

Memories:
N/A

* Register list:
+---------------------------+--------+
|                           |   FF   |
+---------------------------+--------+
|         a_reg_507         |   12   |
|      add_ln58_reg_531     |   12   |
|  data_0_val4_phi_reg_266  |   12   |
| data_0_val4_rewind_reg_149|   12   |
|  data_1_val5_phi_reg_279  |   12   |
| data_1_val5_rewind_reg_162|   12   |
|  data_2_val6_phi_reg_292  |   12   |
| data_2_val6_rewind_reg_175|   12   |
|  data_3_val7_phi_reg_305  |   12   |
| data_3_val7_rewind_reg_188|   12   |
|  data_4_val8_phi_reg_318  |   12   |
| data_4_val8_rewind_reg_201|   12   |
|  data_5_val9_phi_reg_331  |   12   |
| data_5_val9_rewind_reg_214|   12   |
|  data_6_val10_phi_reg_344 |   12   |
|data_6_val10_rewind_reg_227|   12   |
|  data_7_val11_phi_reg_357 |   12   |
|data_7_val11_rewind_reg_240|   12   |
|      do_init_reg_134      |    1   |
|     icmp_ln46_reg_522     |    1   |
|      phi_ln49_reg_253     |    3   |
|       res_02_reg_370      |   12   |
|     trunc_ln3_reg_526     |   12   |
|      w_index_reg_517      |    3   |
|         w_reg_512         |    8   |
+---------------------------+--------+
|           Total           |   256  |
+---------------------------+--------+

* Multiplexer (MUX) list: 
|--------|------|------|------|--------|
|  Comp  |  Pin | Size |  BW  | S x BW |
|--------|------|------|------|--------|
|  Total |      |      |      |    0   |
|--------|------|------|------|--------|



* Summary:
+-----------+--------+--------+--------+
|           |   DSP  |   FF   |   LUT  |
+-----------+--------+--------+--------+
|  Function |    1   |    0   |   130  |
|   Memory  |    -   |    -   |    -   |
|Multiplexer|    -   |    -   |    -   |
|  Register |    -   |   256  |    -   |
+-----------+--------+--------+--------+
|   Total   |    1   |   256  |   130  |
+-----------+--------+--------+--------+
