

================================================================
== Vitis HLS Report for 'dense_resource_rf_leq_nin_ap_fixed_ap_fixed_12_6_5_3_0_config9_mult_s'
================================================================
* Date:           Wed Apr 22 16:01:57 2026

* Version:        2023.2 (Build 4023990 on Oct 11 2023)
* Project:        folo_prj
* Solution:       solution1 (Vivado IP Flow Target)
* Product family: kintexu
* Target device:  xcku035-fbva676-2-e


================================================================
== Performance Estimates
================================================================
+ Timing: 
    * Summary: 
    +--------+---------+----------+------------+
    |  Clock |  Target | Estimated| Uncertainty|
    +--------+---------+----------+------------+
    |ap_clk  |  5.00 ns|  3.434 ns|     1.35 ns|
    +--------+---------+----------+------------+

+ Latency: 
    * Summary: 
    +---------+---------+----------+----------+-----+-----+------------------------------------------+
    |  Latency (cycles) |  Latency (absolute) |  Interval |                 Pipeline                 |
    |   min   |   max   |    min   |    max   | min | max |                   Type                   |
    +---------+---------+----------+----------+-----+-----+------------------------------------------+
    |       20|       21|  0.100 us|  0.105 us|   18|   18|  loop rewind stp(delay=0 clock cycles(s))|
    +---------+---------+----------+----------+-----+-----+------------------------------------------+

    + Detail: 
        * Instance: 
        N/A

        * Loop: 
        +-------------+---------+---------+----------+-----------+-----------+------+----------+
        |             |  Latency (cycles) | Iteration|  Initiation Interval  | Trip |          |
        |  Loop Name  |   min   |   max   |  Latency |  achieved |   target  | Count| Pipelined|
        +-------------+---------+---------+----------+-----------+-----------+------+----------+
        |- ReuseLoop  |       20|       20|         4|          1|          1|    18|       yes|
        +-------------+---------+---------+----------+-----------+-----------+------+----------+

============================================================
+ Verbose Summary: Synthesis Manager
============================================================
InlineROM: 1
ExposeGlobal: 0
============================================================
+ Verbose Summary: CDFG Model
============================================================
IsTopModel: 0
ResetActiveHigh: 1
IsCombinational: 0
IsDatapathOnly: 0
HasWiredReturn: 1
HasMFsm: 2
HasVarLatency: 1
IsPipeline: 0
IsRtlPipelined: 0
IsInstanceOverlapped: 0
IsDontTouch: 0
HasImplIP: 0
IsGatedGlobalClock: 0

+ Individual pipeline summary: 
  * Pipeline-0: initiation interval (II) = 1, depth = 4


============================================================
+ Verbose Summary: Schedule
============================================================
* Number of FSM states : 4
* Pipeline : 1
  Pipeline-0 : II = 1, D = 4, States = { 1 2 3 4 }
* Dataflow Pipeline: 0

* FSM state transitions: 
1 --> 2 
2 --> 3 
3 --> 4 
4 --> 

* FSM state operations: 

State 1 <SV = 0> <Delay = 2.30>
ST_1 : Operation 6 [1/1] (0.53ns)   --->   "%br_ln46 = br void %rewind_header" [firmware/nnet_utils/nnet_dense_resource.h:46]   --->   Operation 6 'br' 'br_ln46' <Predicate = true> <Delay = 0.53>
ST_1 : Operation 7 [1/1] (0.00ns)   --->   "%do_init = phi i1 1, void %entry, i1 0, void %MultLoop.split.i, i1 1, void %dense_resource_rf_leq_nin<ap_fixed<12, 6, 5, 3, 0>, ap_fixed<12, 6, 5, 3, 0>, config9_mult>.exit"   --->   Operation 7 'phi' 'do_init' <Predicate = true> <Delay = 0.00>
ST_1 : Operation 8 [1/1] (0.00ns)   --->   "%w_index3 = phi i5 0, void %entry, i5 %w_index, void %MultLoop.split.i, i5 0, void %dense_resource_rf_leq_nin<ap_fixed<12, 6, 5, 3, 0>, ap_fixed<12, 6, 5, 3, 0>, config9_mult>.exit"   --->   Operation 8 'phi' 'w_index3' <Predicate = true> <Delay = 0.00>
ST_1 : Operation 9 [1/1] (0.00ns)   --->   "%specmemcore_ln0 = specmemcore void @_ssdm_op_SpecMemCore, i138 %w9, i64 666, i64 38, i64 18446744073709551615"   --->   Operation 9 'specmemcore' 'specmemcore_ln0' <Predicate = (do_init)> <Delay = 0.00>
ST_1 : Operation 10 [1/1] (0.00ns)   --->   "%void_compute_output_buffer_2d_array_const_ap_shift_reg_n_chan_stream_weig_97 = load i12 %void_compute_output_buffer_2d_array_const_ap_shift_reg_n_chan_stream_weig_39"   --->   Operation 10 'load' 'void_compute_output_buffer_2d_array_const_ap_shift_reg_n_chan_stream_weig_97' <Predicate = (do_init)> <Delay = 0.00>
ST_1 : Operation 11 [1/1] (0.00ns)   --->   "%void_compute_output_buffer_2d_array_const_ap_shift_reg_n_chan_stream_weig_98 = load i12 %void_compute_output_buffer_2d_array_const_ap_shift_reg_n_chan_stream_weig_38"   --->   Operation 11 'load' 'void_compute_output_buffer_2d_array_const_ap_shift_reg_n_chan_stream_weig_98' <Predicate = (do_init)> <Delay = 0.00>
ST_1 : Operation 12 [1/1] (0.00ns)   --->   "%void_compute_output_buffer_2d_array_const_ap_shift_reg_n_chan_stream_weig_99 = load i12 %void_compute_output_buffer_2d_array_const_ap_shift_reg_n_chan_stream_weig_37"   --->   Operation 12 'load' 'void_compute_output_buffer_2d_array_const_ap_shift_reg_n_chan_stream_weig_99' <Predicate = (do_init)> <Delay = 0.00>
ST_1 : Operation 13 [1/1] (0.00ns)   --->   "%void_compute_output_buffer_2d_array_const_ap_shift_reg_n_chan_stream_weig_100 = load i12 %void_compute_output_buffer_2d_array_const_ap_shift_reg_n_chan_stream_weig_36"   --->   Operation 13 'load' 'void_compute_output_buffer_2d_array_const_ap_shift_reg_n_chan_stream_weig_100' <Predicate = (do_init)> <Delay = 0.00>
ST_1 : Operation 14 [1/1] (0.00ns)   --->   "%void_compute_output_buffer_2d_array_const_ap_shift_reg_n_chan_stream_weig_101 = load i12 %void_compute_output_buffer_2d_array_const_ap_shift_reg_n_chan_stream_weig_35"   --->   Operation 14 'load' 'void_compute_output_buffer_2d_array_const_ap_shift_reg_n_chan_stream_weig_101' <Predicate = (do_init)> <Delay = 0.00>
ST_1 : Operation 15 [1/1] (0.00ns)   --->   "%void_compute_output_buffer_2d_array_const_ap_shift_reg_n_chan_stream_weig_102 = load i12 %void_compute_output_buffer_2d_array_const_ap_shift_reg_n_chan_stream_weig_34"   --->   Operation 15 'load' 'void_compute_output_buffer_2d_array_const_ap_shift_reg_n_chan_stream_weig_102' <Predicate = (do_init)> <Delay = 0.00>
ST_1 : Operation 16 [1/1] (0.00ns)   --->   "%void_compute_output_buffer_2d_array_const_ap_shift_reg_n_chan_stream_weig_103 = load i12 %void_compute_output_buffer_2d_array_const_ap_shift_reg_n_chan_stream_weig_33"   --->   Operation 16 'load' 'void_compute_output_buffer_2d_array_const_ap_shift_reg_n_chan_stream_weig_103' <Predicate = (do_init)> <Delay = 0.00>
ST_1 : Operation 17 [1/1] (0.00ns)   --->   "%void_compute_output_buffer_2d_array_const_ap_shift_reg_n_chan_stream_weig_104 = load i12 %void_compute_output_buffer_2d_array_const_ap_shift_reg_n_chan_stream_weig_32"   --->   Operation 17 'load' 'void_compute_output_buffer_2d_array_const_ap_shift_reg_n_chan_stream_weig_104' <Predicate = (do_init)> <Delay = 0.00>
ST_1 : Operation 18 [1/1] (0.00ns)   --->   "%void_compute_output_buffer_2d_array_const_ap_shift_reg_n_chan_stream_weig_105 = load i12 %void_compute_output_buffer_2d_array_const_ap_shift_reg_n_chan_stream_weig_31"   --->   Operation 18 'load' 'void_compute_output_buffer_2d_array_const_ap_shift_reg_n_chan_stream_weig_105' <Predicate = (do_init)> <Delay = 0.00>
ST_1 : Operation 19 [1/1] (0.00ns)   --->   "%void_compute_output_buffer_2d_array_const_ap_shift_reg_n_chan_stream_weig_106 = load i12 %void_compute_output_buffer_2d_array_const_ap_shift_reg_n_chan_stream_weig_30"   --->   Operation 19 'load' 'void_compute_output_buffer_2d_array_const_ap_shift_reg_n_chan_stream_weig_106' <Predicate = (do_init)> <Delay = 0.00>
ST_1 : Operation 20 [1/1] (0.00ns)   --->   "%p_ZZN4nnet24compute_output_buffer_2dINS_5arrayI8ap_fixedILi12ELi6EL9ap_q_mode5EL9_475 = load i12 %p_ZZN4nnet24compute_output_buffer_2dINS_5arrayI8ap_fixedILi12ELi6EL9ap_q_mode5EL9_201"   --->   Operation 20 'load' 'p_ZZN4nnet24compute_output_buffer_2dINS_5arrayI8ap_fixedILi12ELi6EL9ap_q_mode5EL9_475' <Predicate = (do_init)> <Delay = 0.00>
ST_1 : Operation 21 [1/1] (0.00ns)   --->   "%p_ZZN4nnet24compute_output_buffer_2dINS_5arrayI8ap_fixedILi12ELi6EL9ap_q_mode5EL9_476 = load i12 %p_ZZN4nnet24compute_output_buffer_2dINS_5arrayI8ap_fixedILi12ELi6EL9ap_q_mode5EL9_202"   --->   Operation 21 'load' 'p_ZZN4nnet24compute_output_buffer_2dINS_5arrayI8ap_fixedILi12ELi6EL9ap_q_mode5EL9_476' <Predicate = (do_init)> <Delay = 0.00>
ST_1 : Operation 22 [1/1] (0.00ns)   --->   "%p_ZZN4nnet24compute_output_buffer_2dINS_5arrayI8ap_fixedILi12ELi6EL9ap_q_mode5EL9_477 = load i12 %p_ZZN4nnet24compute_output_buffer_2dINS_5arrayI8ap_fixedILi12ELi6EL9ap_q_mode5EL9_203"   --->   Operation 22 'load' 'p_ZZN4nnet24compute_output_buffer_2dINS_5arrayI8ap_fixedILi12ELi6EL9ap_q_mode5EL9_477' <Predicate = (do_init)> <Delay = 0.00>
ST_1 : Operation 23 [1/1] (0.00ns)   --->   "%p_ZZN4nnet24compute_output_buffer_2dINS_5arrayI8ap_fixedILi12ELi6EL9ap_q_mode5EL9_478 = load i12 %p_ZZN4nnet24compute_output_buffer_2dINS_5arrayI8ap_fixedILi12ELi6EL9ap_q_mode5EL9_204"   --->   Operation 23 'load' 'p_ZZN4nnet24compute_output_buffer_2dINS_5arrayI8ap_fixedILi12ELi6EL9ap_q_mode5EL9_478' <Predicate = (do_init)> <Delay = 0.00>
ST_1 : Operation 24 [1/1] (0.00ns)   --->   "%p_ZZN4nnet24compute_output_buffer_2dINS_5arrayI8ap_fixedILi12ELi6EL9ap_q_mode5EL9_479 = load i12 %p_ZZN4nnet24compute_output_buffer_2dINS_5arrayI8ap_fixedILi12ELi6EL9ap_q_mode5EL9_205"   --->   Operation 24 'load' 'p_ZZN4nnet24compute_output_buffer_2dINS_5arrayI8ap_fixedILi12ELi6EL9ap_q_mode5EL9_479' <Predicate = (do_init)> <Delay = 0.00>
ST_1 : Operation 25 [1/1] (0.00ns)   --->   "%p_ZZN4nnet24compute_output_buffer_2dINS_5arrayI8ap_fixedILi12ELi6EL9ap_q_mode5EL9_480 = load i12 %p_ZZN4nnet24compute_output_buffer_2dINS_5arrayI8ap_fixedILi12ELi6EL9ap_q_mode5EL9_206"   --->   Operation 25 'load' 'p_ZZN4nnet24compute_output_buffer_2dINS_5arrayI8ap_fixedILi12ELi6EL9ap_q_mode5EL9_480' <Predicate = (do_init)> <Delay = 0.00>
ST_1 : Operation 26 [1/1] (0.00ns)   --->   "%p_ZZN4nnet24compute_output_buffer_2dINS_5arrayI8ap_fixedILi12ELi6EL9ap_q_mode5EL9_481 = load i12 %p_ZZN4nnet24compute_output_buffer_2dINS_5arrayI8ap_fixedILi12ELi6EL9ap_q_mode5EL9_207"   --->   Operation 26 'load' 'p_ZZN4nnet24compute_output_buffer_2dINS_5arrayI8ap_fixedILi12ELi6EL9ap_q_mode5EL9_481' <Predicate = (do_init)> <Delay = 0.00>
ST_1 : Operation 27 [1/1] (0.00ns)   --->   "%p_ZZN4nnet24compute_output_buffer_2dINS_5arrayI8ap_fixedILi12ELi6EL9ap_q_mode5EL9_482 = load i12 %p_ZZN4nnet24compute_output_buffer_2dINS_5arrayI8ap_fixedILi12ELi6EL9ap_q_mode5EL9_208"   --->   Operation 27 'load' 'p_ZZN4nnet24compute_output_buffer_2dINS_5arrayI8ap_fixedILi12ELi6EL9ap_q_mode5EL9_482' <Predicate = (do_init)> <Delay = 0.00>
ST_1 : Operation 28 [1/1] (0.00ns)   --->   "%p_ZZN4nnet24compute_output_buffer_2dINS_5arrayI8ap_fixedILi12ELi6EL9ap_q_mode5EL9_483 = load i12 %p_ZZN4nnet24compute_output_buffer_2dINS_5arrayI8ap_fixedILi12ELi6EL9ap_q_mode5EL9_209"   --->   Operation 28 'load' 'p_ZZN4nnet24compute_output_buffer_2dINS_5arrayI8ap_fixedILi12ELi6EL9ap_q_mode5EL9_483' <Predicate = (do_init)> <Delay = 0.00>
ST_1 : Operation 29 [1/1] (0.00ns)   --->   "%p_ZZN4nnet24compute_output_buffer_2dINS_5arrayI8ap_fixedILi12ELi6EL9ap_q_mode5EL9_484 = load i12 %p_ZZN4nnet24compute_output_buffer_2dINS_5arrayI8ap_fixedILi12ELi6EL9ap_q_mode5EL9_210"   --->   Operation 29 'load' 'p_ZZN4nnet24compute_output_buffer_2dINS_5arrayI8ap_fixedILi12ELi6EL9ap_q_mode5EL9_484' <Predicate = (do_init)> <Delay = 0.00>
ST_1 : Operation 30 [1/1] (0.00ns)   --->   "%p_ZZN4nnet24compute_output_buffer_2dINS_5arrayI8ap_fixedILi12ELi6EL9ap_q_mode5EL9_485 = load i12 %p_ZZN4nnet24compute_output_buffer_2dINS_5arrayI8ap_fixedILi12ELi6EL9ap_q_mode5EL9_211"   --->   Operation 30 'load' 'p_ZZN4nnet24compute_output_buffer_2dINS_5arrayI8ap_fixedILi12ELi6EL9ap_q_mode5EL9_485' <Predicate = (do_init)> <Delay = 0.00>
ST_1 : Operation 31 [1/1] (0.00ns)   --->   "%p_ZZN4nnet24compute_output_buffer_2dINS_5arrayI8ap_fixedILi12ELi6EL9ap_q_mode5EL9_486 = load i12 %p_ZZN4nnet24compute_output_buffer_2dINS_5arrayI8ap_fixedILi12ELi6EL9ap_q_mode5EL9_212"   --->   Operation 31 'load' 'p_ZZN4nnet24compute_output_buffer_2dINS_5arrayI8ap_fixedILi12ELi6EL9ap_q_mode5EL9_486' <Predicate = (do_init)> <Delay = 0.00>
ST_1 : Operation 32 [1/1] (0.00ns)   --->   "%p_ZZN4nnet24compute_output_buffer_2dINS_5arrayI8ap_fixedILi12ELi6EL9ap_q_mode5EL9_487 = load i12 %p_ZZN4nnet24compute_output_buffer_2dINS_5arrayI8ap_fixedILi12ELi6EL9ap_q_mode5EL9_213"   --->   Operation 32 'load' 'p_ZZN4nnet24compute_output_buffer_2dINS_5arrayI8ap_fixedILi12ELi6EL9ap_q_mode5EL9_487' <Predicate = (do_init)> <Delay = 0.00>
ST_1 : Operation 33 [1/1] (0.00ns)   --->   "%p_ZZN4nnet24compute_output_buffer_2dINS_5arrayI8ap_fixedILi12ELi6EL9ap_q_mode5EL9_488 = load i12 %p_ZZN4nnet24compute_output_buffer_2dINS_5arrayI8ap_fixedILi12ELi6EL9ap_q_mode5EL9_214"   --->   Operation 33 'load' 'p_ZZN4nnet24compute_output_buffer_2dINS_5arrayI8ap_fixedILi12ELi6EL9ap_q_mode5EL9_488' <Predicate = (do_init)> <Delay = 0.00>
ST_1 : Operation 34 [1/1] (0.00ns)   --->   "%p_ZZN4nnet24compute_output_buffer_2dINS_5arrayI8ap_fixedILi12ELi6EL9ap_q_mode5EL9_489 = load i12 %p_ZZN4nnet24compute_output_buffer_2dINS_5arrayI8ap_fixedILi12ELi6EL9ap_q_mode5EL9_215"   --->   Operation 34 'load' 'p_ZZN4nnet24compute_output_buffer_2dINS_5arrayI8ap_fixedILi12ELi6EL9ap_q_mode5EL9_489' <Predicate = (do_init)> <Delay = 0.00>
ST_1 : Operation 35 [1/1] (0.00ns)   --->   "%p_ZZN4nnet24compute_output_buffer_2dINS_5arrayI8ap_fixedILi12ELi6EL9ap_q_mode5EL9_490 = load i12 %p_ZZN4nnet24compute_output_buffer_2dINS_5arrayI8ap_fixedILi12ELi6EL9ap_q_mode5EL9_216"   --->   Operation 35 'load' 'p_ZZN4nnet24compute_output_buffer_2dINS_5arrayI8ap_fixedILi12ELi6EL9ap_q_mode5EL9_490' <Predicate = (do_init)> <Delay = 0.00>
ST_1 : Operation 36 [1/1] (0.00ns)   --->   "%p_ZZN4nnet24compute_output_buffer_2dINS_5arrayI8ap_fixedILi12ELi6EL9ap_q_mode5EL9_491 = load i12 %p_ZZN4nnet24compute_output_buffer_2dINS_5arrayI8ap_fixedILi12ELi6EL9ap_q_mode5EL9_217"   --->   Operation 36 'load' 'p_ZZN4nnet24compute_output_buffer_2dINS_5arrayI8ap_fixedILi12ELi6EL9ap_q_mode5EL9_491' <Predicate = (do_init)> <Delay = 0.00>
ST_1 : Operation 37 [1/1] (0.00ns)   --->   "%p_ZZN4nnet24compute_output_buffer_2dINS_5arrayI8ap_fixedILi12ELi6EL9ap_q_mode5EL9_492 = load i12 %p_ZZN4nnet24compute_output_buffer_2dINS_5arrayI8ap_fixedILi12ELi6EL9ap_q_mode5EL9_218"   --->   Operation 37 'load' 'p_ZZN4nnet24compute_output_buffer_2dINS_5arrayI8ap_fixedILi12ELi6EL9ap_q_mode5EL9_492' <Predicate = (do_init)> <Delay = 0.00>
ST_1 : Operation 38 [1/1] (0.00ns)   --->   "%p_ZZN4nnet24compute_output_buffer_2dINS_5arrayI8ap_fixedILi12ELi6EL9ap_q_mode5EL9_493 = load i12 %p_ZZN4nnet24compute_output_buffer_2dINS_5arrayI8ap_fixedILi12ELi6EL9ap_q_mode5EL9_219"   --->   Operation 38 'load' 'p_ZZN4nnet24compute_output_buffer_2dINS_5arrayI8ap_fixedILi12ELi6EL9ap_q_mode5EL9_493' <Predicate = (do_init)> <Delay = 0.00>
ST_1 : Operation 39 [1/1] (0.00ns)   --->   "%p_ZZN4nnet24compute_output_buffer_2dINS_5arrayI8ap_fixedILi12ELi6EL9ap_q_mode5EL9_494 = load i12 %p_ZZN4nnet24compute_output_buffer_2dINS_5arrayI8ap_fixedILi12ELi6EL9ap_q_mode5EL9_220"   --->   Operation 39 'load' 'p_ZZN4nnet24compute_output_buffer_2dINS_5arrayI8ap_fixedILi12ELi6EL9ap_q_mode5EL9_494' <Predicate = (do_init)> <Delay = 0.00>
ST_1 : Operation 40 [1/1] (0.00ns)   --->   "%p_ZZN4nnet24compute_output_buffer_2dINS_5arrayI8ap_fixedILi12ELi6EL9ap_q_mode5EL9_495 = load i12 %p_ZZN4nnet24compute_output_buffer_2dINS_5arrayI8ap_fixedILi12ELi6EL9ap_q_mode5EL9_221"   --->   Operation 40 'load' 'p_ZZN4nnet24compute_output_buffer_2dINS_5arrayI8ap_fixedILi12ELi6EL9ap_q_mode5EL9_495' <Predicate = (do_init)> <Delay = 0.00>
ST_1 : Operation 41 [1/1] (0.00ns)   --->   "%p_ZZN4nnet24compute_output_buffer_2dINS_5arrayI8ap_fixedILi12ELi6EL9ap_q_mode5EL9_496 = load i12 %p_ZZN4nnet24compute_output_buffer_2dINS_5arrayI8ap_fixedILi12ELi6EL9ap_q_mode5EL9_222"   --->   Operation 41 'load' 'p_ZZN4nnet24compute_output_buffer_2dINS_5arrayI8ap_fixedILi12ELi6EL9ap_q_mode5EL9_496' <Predicate = (do_init)> <Delay = 0.00>
ST_1 : Operation 42 [1/1] (0.00ns)   --->   "%p_ZZN4nnet24compute_output_buffer_2dINS_5arrayI8ap_fixedILi12ELi6EL9ap_q_mode5EL9_497 = load i12 %p_ZZN4nnet24compute_output_buffer_2dINS_5arrayI8ap_fixedILi12ELi6EL9ap_q_mode5EL9_223"   --->   Operation 42 'load' 'p_ZZN4nnet24compute_output_buffer_2dINS_5arrayI8ap_fixedILi12ELi6EL9ap_q_mode5EL9_497' <Predicate = (do_init)> <Delay = 0.00>
ST_1 : Operation 43 [1/1] (0.00ns)   --->   "%p_ZZN4nnet24compute_output_buffer_2dINS_5arrayI8ap_fixedILi12ELi6EL9ap_q_mode5EL9_498 = load i12 %p_ZZN4nnet24compute_output_buffer_2dINS_5arrayI8ap_fixedILi12ELi6EL9ap_q_mode5EL9_224"   --->   Operation 43 'load' 'p_ZZN4nnet24compute_output_buffer_2dINS_5arrayI8ap_fixedILi12ELi6EL9ap_q_mode5EL9_498' <Predicate = (do_init)> <Delay = 0.00>
ST_1 : Operation 44 [1/1] (0.00ns)   --->   "%p_ZZN4nnet24compute_output_buffer_2dINS_5arrayI8ap_fixedILi12ELi6EL9ap_q_mode5EL9_499 = load i12 %p_ZZN4nnet24compute_output_buffer_2dINS_5arrayI8ap_fixedILi12ELi6EL9ap_q_mode5EL9_225"   --->   Operation 44 'load' 'p_ZZN4nnet24compute_output_buffer_2dINS_5arrayI8ap_fixedILi12ELi6EL9ap_q_mode5EL9_499' <Predicate = (do_init)> <Delay = 0.00>
ST_1 : Operation 45 [1/1] (0.00ns)   --->   "%p_ZZN4nnet24compute_output_buffer_2dINS_5arrayI8ap_fixedILi12ELi6EL9ap_q_mode5EL9_500 = load i12 %p_ZZN4nnet24compute_output_buffer_2dINS_5arrayI8ap_fixedILi12ELi6EL9ap_q_mode5EL9_226"   --->   Operation 45 'load' 'p_ZZN4nnet24compute_output_buffer_2dINS_5arrayI8ap_fixedILi12ELi6EL9ap_q_mode5EL9_500' <Predicate = (do_init)> <Delay = 0.00>
ST_1 : Operation 46 [1/1] (0.53ns)   --->   "%br_ln46 = br void %MultLoop.split.i" [firmware/nnet_utils/nnet_dense_resource.h:46]   --->   Operation 46 'br' 'br_ln46' <Predicate = (do_init)> <Delay = 0.53>
ST_1 : Operation 47 [1/1] (0.00ns)   --->   "%zext_ln46 = zext i5 %w_index3" [firmware/nnet_utils/nnet_dense_resource.h:46]   --->   Operation 47 'zext' 'zext_ln46' <Predicate = true> <Delay = 0.00>
ST_1 : Operation 48 [1/1] (0.00ns)   --->   "%w9_addr = getelementptr i138 %w9, i64 0, i64 %zext_ln46" [firmware/nnet_utils/nnet_dense_resource.h:59]   --->   Operation 48 'getelementptr' 'w9_addr' <Predicate = true> <Delay = 0.00>
ST_1 : Operation 49 [2/2] (1.77ns)   --->   "%w9_load = load i5 %w9_addr" [firmware/nnet_utils/nnet_dense_resource.h:59]   --->   Operation 49 'load' 'w9_load' <Predicate = true> <Delay = 1.77> <CoreInst = "ROM_nP_BRAM">   --->   Core 109 'ROM_nP_BRAM' <Latency = 1> <II = 1> <Delay = 1.77> <Storage> <Opcode : 'load'> <Ports = 0> <Width = 138> <Depth = 18> <ROM>
ST_1 : Operation 50 [1/1] (1.03ns)   --->   "%w_index = add i5 %w_index3, i5 1" [firmware/nnet_utils/nnet_dense_resource.h:46]   --->   Operation 50 'add' 'w_index' <Predicate = true> <Delay = 1.03> <CoreInst = "Adder">   --->   Core 1 'Adder' <Latency = 0> <II = 1> <Delay = 1.03> <FuncUnit> <Opcode : 'add' 'sub'> <InPorts = 2> <OutPorts = 1>
ST_1 : Operation 51 [1/1] (1.03ns)   --->   "%icmp_ln46 = icmp_eq  i5 %w_index3, i5 17" [firmware/nnet_utils/nnet_dense_resource.h:46]   --->   Operation 51 'icmp' 'icmp_ln46' <Predicate = true> <Delay = 1.03> <CoreInst = "Cmp">   --->   Core 9 'Cmp' <Latency = 0> <II = 1> <Delay = 1.03> <FuncUnit> <Opcode : 'icmp'> <InPorts = 2> <OutPorts = 1>
ST_1 : Operation 52 [1/1] (0.00ns)   --->   "%br_ln46 = br i1 %icmp_ln46, void %rewind_header, void %dense_resource_rf_leq_nin<ap_fixed<12, 6, 5, 3, 0>, ap_fixed<12, 6, 5, 3, 0>, config9_mult>.exit" [firmware/nnet_utils/nnet_dense_resource.h:46]   --->   Operation 52 'br' 'br_ln46' <Predicate = true> <Delay = 0.00>
ST_1 : Operation 53 [1/1] (0.00ns)   --->   "%br_ln0 = br void %rewind_header"   --->   Operation 53 'br' 'br_ln0' <Predicate = (icmp_ln46)> <Delay = 0.00>

State 2 <SV = 1> <Delay = 1.77>
ST_2 : Operation 54 [1/1] (0.00ns)   --->   "%p_ZZN4nnet24compute_output_buffer_2dINS_5arrayI8ap_fixedILi12ELi6EL9ap_q_mode5EL9_501 = phi i12 0, void %entry, i12 %p_ZZN4nnet24compute_output_buffer_2dINS_5arrayI8ap_fixedILi12ELi6EL9ap_q_mode5EL9_449, void %MultLoop.split.i, i12 0, void %dense_resource_rf_leq_nin<ap_fixed<12, 6, 5, 3, 0>, ap_fixed<12, 6, 5, 3, 0>, config9_mult>.exit"   --->   Operation 54 'phi' 'p_ZZN4nnet24compute_output_buffer_2dINS_5arrayI8ap_fixedILi12ELi6EL9ap_q_mode5EL9_501' <Predicate = true> <Delay = 0.00>
ST_2 : Operation 55 [1/1] (0.00ns)   --->   "%p_ZZN4nnet24compute_output_buffer_2dINS_5arrayI8ap_fixedILi12ELi6EL9ap_q_mode5EL9_502 = phi i12 0, void %entry, i12 %p_ZZN4nnet24compute_output_buffer_2dINS_5arrayI8ap_fixedILi12ELi6EL9ap_q_mode5EL9_450, void %MultLoop.split.i, i12 0, void %dense_resource_rf_leq_nin<ap_fixed<12, 6, 5, 3, 0>, ap_fixed<12, 6, 5, 3, 0>, config9_mult>.exit"   --->   Operation 55 'phi' 'p_ZZN4nnet24compute_output_buffer_2dINS_5arrayI8ap_fixedILi12ELi6EL9ap_q_mode5EL9_502' <Predicate = true> <Delay = 0.00>
ST_2 : Operation 56 [1/1] (0.00ns)   --->   "%p_ZZN4nnet24compute_output_buffer_2dINS_5arrayI8ap_fixedILi12ELi6EL9ap_q_mode5EL9_503 = phi i12 0, void %entry, i12 %p_ZZN4nnet24compute_output_buffer_2dINS_5arrayI8ap_fixedILi12ELi6EL9ap_q_mode5EL9_451, void %MultLoop.split.i, i12 0, void %dense_resource_rf_leq_nin<ap_fixed<12, 6, 5, 3, 0>, ap_fixed<12, 6, 5, 3, 0>, config9_mult>.exit"   --->   Operation 56 'phi' 'p_ZZN4nnet24compute_output_buffer_2dINS_5arrayI8ap_fixedILi12ELi6EL9ap_q_mode5EL9_503' <Predicate = true> <Delay = 0.00>
ST_2 : Operation 57 [1/1] (0.00ns)   --->   "%p_ZZN4nnet24compute_output_buffer_2dINS_5arrayI8ap_fixedILi12ELi6EL9ap_q_mode5EL9_504 = phi i12 0, void %entry, i12 %p_ZZN4nnet24compute_output_buffer_2dINS_5arrayI8ap_fixedILi12ELi6EL9ap_q_mode5EL9_452, void %MultLoop.split.i, i12 0, void %dense_resource_rf_leq_nin<ap_fixed<12, 6, 5, 3, 0>, ap_fixed<12, 6, 5, 3, 0>, config9_mult>.exit"   --->   Operation 57 'phi' 'p_ZZN4nnet24compute_output_buffer_2dINS_5arrayI8ap_fixedILi12ELi6EL9ap_q_mode5EL9_504' <Predicate = true> <Delay = 0.00>
ST_2 : Operation 58 [1/1] (0.00ns)   --->   "%p_ZZN4nnet24compute_output_buffer_2dINS_5arrayI8ap_fixedILi12ELi6EL9ap_q_mode5EL9_505 = phi i12 0, void %entry, i12 %p_ZZN4nnet24compute_output_buffer_2dINS_5arrayI8ap_fixedILi12ELi6EL9ap_q_mode5EL9_453, void %MultLoop.split.i, i12 0, void %dense_resource_rf_leq_nin<ap_fixed<12, 6, 5, 3, 0>, ap_fixed<12, 6, 5, 3, 0>, config9_mult>.exit"   --->   Operation 58 'phi' 'p_ZZN4nnet24compute_output_buffer_2dINS_5arrayI8ap_fixedILi12ELi6EL9ap_q_mode5EL9_505' <Predicate = true> <Delay = 0.00>
ST_2 : Operation 59 [1/1] (0.00ns)   --->   "%p_ZZN4nnet24compute_output_buffer_2dINS_5arrayI8ap_fixedILi12ELi6EL9ap_q_mode5EL9_506 = phi i12 0, void %entry, i12 %p_ZZN4nnet24compute_output_buffer_2dINS_5arrayI8ap_fixedILi12ELi6EL9ap_q_mode5EL9_454, void %MultLoop.split.i, i12 0, void %dense_resource_rf_leq_nin<ap_fixed<12, 6, 5, 3, 0>, ap_fixed<12, 6, 5, 3, 0>, config9_mult>.exit"   --->   Operation 59 'phi' 'p_ZZN4nnet24compute_output_buffer_2dINS_5arrayI8ap_fixedILi12ELi6EL9ap_q_mode5EL9_506' <Predicate = true> <Delay = 0.00>
ST_2 : Operation 60 [1/1] (0.00ns)   --->   "%p_ZZN4nnet24compute_output_buffer_2dINS_5arrayI8ap_fixedILi12ELi6EL9ap_q_mode5EL9_507 = phi i12 0, void %entry, i12 %p_ZZN4nnet24compute_output_buffer_2dINS_5arrayI8ap_fixedILi12ELi6EL9ap_q_mode5EL9_455, void %MultLoop.split.i, i12 0, void %dense_resource_rf_leq_nin<ap_fixed<12, 6, 5, 3, 0>, ap_fixed<12, 6, 5, 3, 0>, config9_mult>.exit"   --->   Operation 60 'phi' 'p_ZZN4nnet24compute_output_buffer_2dINS_5arrayI8ap_fixedILi12ELi6EL9ap_q_mode5EL9_507' <Predicate = true> <Delay = 0.00>
ST_2 : Operation 61 [1/1] (0.00ns)   --->   "%p_ZZN4nnet24compute_output_buffer_2dINS_5arrayI8ap_fixedILi12ELi6EL9ap_q_mode5EL9_508 = phi i12 0, void %entry, i12 %p_ZZN4nnet24compute_output_buffer_2dINS_5arrayI8ap_fixedILi12ELi6EL9ap_q_mode5EL9_456, void %MultLoop.split.i, i12 0, void %dense_resource_rf_leq_nin<ap_fixed<12, 6, 5, 3, 0>, ap_fixed<12, 6, 5, 3, 0>, config9_mult>.exit"   --->   Operation 61 'phi' 'p_ZZN4nnet24compute_output_buffer_2dINS_5arrayI8ap_fixedILi12ELi6EL9ap_q_mode5EL9_508' <Predicate = true> <Delay = 0.00>
ST_2 : Operation 62 [1/1] (0.00ns)   --->   "%p_ZZN4nnet24compute_output_buffer_2dINS_5arrayI8ap_fixedILi12ELi6EL9ap_q_mode5EL9_509 = phi i12 0, void %entry, i12 %p_ZZN4nnet24compute_output_buffer_2dINS_5arrayI8ap_fixedILi12ELi6EL9ap_q_mode5EL9_457, void %MultLoop.split.i, i12 0, void %dense_resource_rf_leq_nin<ap_fixed<12, 6, 5, 3, 0>, ap_fixed<12, 6, 5, 3, 0>, config9_mult>.exit"   --->   Operation 62 'phi' 'p_ZZN4nnet24compute_output_buffer_2dINS_5arrayI8ap_fixedILi12ELi6EL9ap_q_mode5EL9_509' <Predicate = true> <Delay = 0.00>
ST_2 : Operation 63 [1/1] (0.00ns)   --->   "%p_ZZN4nnet24compute_output_buffer_2dINS_5arrayI8ap_fixedILi12ELi6EL9ap_q_mode5EL9_510 = phi i12 0, void %entry, i12 %p_ZZN4nnet24compute_output_buffer_2dINS_5arrayI8ap_fixedILi12ELi6EL9ap_q_mode5EL9_458, void %MultLoop.split.i, i12 0, void %dense_resource_rf_leq_nin<ap_fixed<12, 6, 5, 3, 0>, ap_fixed<12, 6, 5, 3, 0>, config9_mult>.exit"   --->   Operation 63 'phi' 'p_ZZN4nnet24compute_output_buffer_2dINS_5arrayI8ap_fixedILi12ELi6EL9ap_q_mode5EL9_510' <Predicate = true> <Delay = 0.00>
ST_2 : Operation 64 [1/1] (0.00ns)   --->   "%p_ZZN4nnet24compute_output_buffer_2dINS_5arrayI8ap_fixedILi12ELi6EL9ap_q_mode5EL9_511 = phi i12 0, void %entry, i12 %p_ZZN4nnet24compute_output_buffer_2dINS_5arrayI8ap_fixedILi12ELi6EL9ap_q_mode5EL9_459, void %MultLoop.split.i, i12 0, void %dense_resource_rf_leq_nin<ap_fixed<12, 6, 5, 3, 0>, ap_fixed<12, 6, 5, 3, 0>, config9_mult>.exit"   --->   Operation 64 'phi' 'p_ZZN4nnet24compute_output_buffer_2dINS_5arrayI8ap_fixedILi12ELi6EL9ap_q_mode5EL9_511' <Predicate = true> <Delay = 0.00>
ST_2 : Operation 65 [1/1] (0.00ns)   --->   "%p_ZZN4nnet24compute_output_buffer_2dINS_5arrayI8ap_fixedILi12ELi6EL9ap_q_mode5EL9_512 = phi i12 0, void %entry, i12 %p_ZZN4nnet24compute_output_buffer_2dINS_5arrayI8ap_fixedILi12ELi6EL9ap_q_mode5EL9_460, void %MultLoop.split.i, i12 0, void %dense_resource_rf_leq_nin<ap_fixed<12, 6, 5, 3, 0>, ap_fixed<12, 6, 5, 3, 0>, config9_mult>.exit"   --->   Operation 65 'phi' 'p_ZZN4nnet24compute_output_buffer_2dINS_5arrayI8ap_fixedILi12ELi6EL9ap_q_mode5EL9_512' <Predicate = true> <Delay = 0.00>
ST_2 : Operation 66 [1/1] (0.00ns)   --->   "%p_ZZN4nnet24compute_output_buffer_2dINS_5arrayI8ap_fixedILi12ELi6EL9ap_q_mode5EL9_513 = phi i12 0, void %entry, i12 %p_ZZN4nnet24compute_output_buffer_2dINS_5arrayI8ap_fixedILi12ELi6EL9ap_q_mode5EL9_461, void %MultLoop.split.i, i12 0, void %dense_resource_rf_leq_nin<ap_fixed<12, 6, 5, 3, 0>, ap_fixed<12, 6, 5, 3, 0>, config9_mult>.exit"   --->   Operation 66 'phi' 'p_ZZN4nnet24compute_output_buffer_2dINS_5arrayI8ap_fixedILi12ELi6EL9ap_q_mode5EL9_513' <Predicate = true> <Delay = 0.00>
ST_2 : Operation 67 [1/1] (0.00ns)   --->   "%p_ZZN4nnet24compute_output_buffer_2dINS_5arrayI8ap_fixedILi12ELi6EL9ap_q_mode5EL9_514 = phi i12 0, void %entry, i12 %p_ZZN4nnet24compute_output_buffer_2dINS_5arrayI8ap_fixedILi12ELi6EL9ap_q_mode5EL9_462, void %MultLoop.split.i, i12 0, void %dense_resource_rf_leq_nin<ap_fixed<12, 6, 5, 3, 0>, ap_fixed<12, 6, 5, 3, 0>, config9_mult>.exit"   --->   Operation 67 'phi' 'p_ZZN4nnet24compute_output_buffer_2dINS_5arrayI8ap_fixedILi12ELi6EL9ap_q_mode5EL9_514' <Predicate = true> <Delay = 0.00>
ST_2 : Operation 68 [1/1] (0.00ns)   --->   "%p_ZZN4nnet24compute_output_buffer_2dINS_5arrayI8ap_fixedILi12ELi6EL9ap_q_mode5EL9_515 = phi i12 0, void %entry, i12 %p_ZZN4nnet24compute_output_buffer_2dINS_5arrayI8ap_fixedILi12ELi6EL9ap_q_mode5EL9_463, void %MultLoop.split.i, i12 0, void %dense_resource_rf_leq_nin<ap_fixed<12, 6, 5, 3, 0>, ap_fixed<12, 6, 5, 3, 0>, config9_mult>.exit"   --->   Operation 68 'phi' 'p_ZZN4nnet24compute_output_buffer_2dINS_5arrayI8ap_fixedILi12ELi6EL9ap_q_mode5EL9_515' <Predicate = true> <Delay = 0.00>
ST_2 : Operation 69 [1/1] (0.00ns)   --->   "%p_ZZN4nnet24compute_output_buffer_2dINS_5arrayI8ap_fixedILi12ELi6EL9ap_q_mode5EL9_516 = phi i12 0, void %entry, i12 %p_ZZN4nnet24compute_output_buffer_2dINS_5arrayI8ap_fixedILi12ELi6EL9ap_q_mode5EL9_464, void %MultLoop.split.i, i12 0, void %dense_resource_rf_leq_nin<ap_fixed<12, 6, 5, 3, 0>, ap_fixed<12, 6, 5, 3, 0>, config9_mult>.exit"   --->   Operation 69 'phi' 'p_ZZN4nnet24compute_output_buffer_2dINS_5arrayI8ap_fixedILi12ELi6EL9ap_q_mode5EL9_516' <Predicate = true> <Delay = 0.00>
ST_2 : Operation 70 [1/1] (0.00ns)   --->   "%p_ZZN4nnet24compute_output_buffer_2dINS_5arrayI8ap_fixedILi12ELi6EL9ap_q_mode5EL9_517 = phi i12 0, void %entry, i12 %p_ZZN4nnet24compute_output_buffer_2dINS_5arrayI8ap_fixedILi12ELi6EL9ap_q_mode5EL9_465, void %MultLoop.split.i, i12 0, void %dense_resource_rf_leq_nin<ap_fixed<12, 6, 5, 3, 0>, ap_fixed<12, 6, 5, 3, 0>, config9_mult>.exit"   --->   Operation 70 'phi' 'p_ZZN4nnet24compute_output_buffer_2dINS_5arrayI8ap_fixedILi12ELi6EL9ap_q_mode5EL9_517' <Predicate = true> <Delay = 0.00>
ST_2 : Operation 71 [1/1] (0.00ns)   --->   "%p_ZZN4nnet24compute_output_buffer_2dINS_5arrayI8ap_fixedILi12ELi6EL9ap_q_mode5EL9_518 = phi i12 0, void %entry, i12 %p_ZZN4nnet24compute_output_buffer_2dINS_5arrayI8ap_fixedILi12ELi6EL9ap_q_mode5EL9_466, void %MultLoop.split.i, i12 0, void %dense_resource_rf_leq_nin<ap_fixed<12, 6, 5, 3, 0>, ap_fixed<12, 6, 5, 3, 0>, config9_mult>.exit"   --->   Operation 71 'phi' 'p_ZZN4nnet24compute_output_buffer_2dINS_5arrayI8ap_fixedILi12ELi6EL9ap_q_mode5EL9_518' <Predicate = true> <Delay = 0.00>
ST_2 : Operation 72 [1/1] (0.00ns)   --->   "%p_ZZN4nnet24compute_output_buffer_2dINS_5arrayI8ap_fixedILi12ELi6EL9ap_q_mode5EL9_519 = phi i12 0, void %entry, i12 %p_ZZN4nnet24compute_output_buffer_2dINS_5arrayI8ap_fixedILi12ELi6EL9ap_q_mode5EL9_467, void %MultLoop.split.i, i12 0, void %dense_resource_rf_leq_nin<ap_fixed<12, 6, 5, 3, 0>, ap_fixed<12, 6, 5, 3, 0>, config9_mult>.exit"   --->   Operation 72 'phi' 'p_ZZN4nnet24compute_output_buffer_2dINS_5arrayI8ap_fixedILi12ELi6EL9ap_q_mode5EL9_519' <Predicate = true> <Delay = 0.00>
ST_2 : Operation 73 [1/1] (0.00ns)   --->   "%p_ZZN4nnet24compute_output_buffer_2dINS_5arrayI8ap_fixedILi12ELi6EL9ap_q_mode5EL9_520 = phi i12 0, void %entry, i12 %p_ZZN4nnet24compute_output_buffer_2dINS_5arrayI8ap_fixedILi12ELi6EL9ap_q_mode5EL9_468, void %MultLoop.split.i, i12 0, void %dense_resource_rf_leq_nin<ap_fixed<12, 6, 5, 3, 0>, ap_fixed<12, 6, 5, 3, 0>, config9_mult>.exit"   --->   Operation 73 'phi' 'p_ZZN4nnet24compute_output_buffer_2dINS_5arrayI8ap_fixedILi12ELi6EL9ap_q_mode5EL9_520' <Predicate = true> <Delay = 0.00>
ST_2 : Operation 74 [1/1] (0.00ns)   --->   "%p_ZZN4nnet24compute_output_buffer_2dINS_5arrayI8ap_fixedILi12ELi6EL9ap_q_mode5EL9_521 = phi i12 0, void %entry, i12 %p_ZZN4nnet24compute_output_buffer_2dINS_5arrayI8ap_fixedILi12ELi6EL9ap_q_mode5EL9_469, void %MultLoop.split.i, i12 0, void %dense_resource_rf_leq_nin<ap_fixed<12, 6, 5, 3, 0>, ap_fixed<12, 6, 5, 3, 0>, config9_mult>.exit"   --->   Operation 74 'phi' 'p_ZZN4nnet24compute_output_buffer_2dINS_5arrayI8ap_fixedILi12ELi6EL9ap_q_mode5EL9_521' <Predicate = true> <Delay = 0.00>
ST_2 : Operation 75 [1/1] (0.00ns)   --->   "%p_ZZN4nnet24compute_output_buffer_2dINS_5arrayI8ap_fixedILi12ELi6EL9ap_q_mode5EL9_522 = phi i12 0, void %entry, i12 %p_ZZN4nnet24compute_output_buffer_2dINS_5arrayI8ap_fixedILi12ELi6EL9ap_q_mode5EL9_470, void %MultLoop.split.i, i12 0, void %dense_resource_rf_leq_nin<ap_fixed<12, 6, 5, 3, 0>, ap_fixed<12, 6, 5, 3, 0>, config9_mult>.exit"   --->   Operation 75 'phi' 'p_ZZN4nnet24compute_output_buffer_2dINS_5arrayI8ap_fixedILi12ELi6EL9ap_q_mode5EL9_522' <Predicate = true> <Delay = 0.00>
ST_2 : Operation 76 [1/1] (0.00ns)   --->   "%p_ZZN4nnet24compute_output_buffer_2dINS_5arrayI8ap_fixedILi12ELi6EL9ap_q_mode5EL9_523 = phi i12 0, void %entry, i12 %p_ZZN4nnet24compute_output_buffer_2dINS_5arrayI8ap_fixedILi12ELi6EL9ap_q_mode5EL9_471, void %MultLoop.split.i, i12 0, void %dense_resource_rf_leq_nin<ap_fixed<12, 6, 5, 3, 0>, ap_fixed<12, 6, 5, 3, 0>, config9_mult>.exit"   --->   Operation 76 'phi' 'p_ZZN4nnet24compute_output_buffer_2dINS_5arrayI8ap_fixedILi12ELi6EL9ap_q_mode5EL9_523' <Predicate = true> <Delay = 0.00>
ST_2 : Operation 77 [1/1] (0.00ns)   --->   "%p_ZZN4nnet24compute_output_buffer_2dINS_5arrayI8ap_fixedILi12ELi6EL9ap_q_mode5EL9_524 = phi i12 0, void %entry, i12 %p_ZZN4nnet24compute_output_buffer_2dINS_5arrayI8ap_fixedILi12ELi6EL9ap_q_mode5EL9_472, void %MultLoop.split.i, i12 0, void %dense_resource_rf_leq_nin<ap_fixed<12, 6, 5, 3, 0>, ap_fixed<12, 6, 5, 3, 0>, config9_mult>.exit"   --->   Operation 77 'phi' 'p_ZZN4nnet24compute_output_buffer_2dINS_5arrayI8ap_fixedILi12ELi6EL9ap_q_mode5EL9_524' <Predicate = true> <Delay = 0.00>
ST_2 : Operation 78 [1/1] (0.00ns)   --->   "%p_ZZN4nnet24compute_output_buffer_2dINS_5arrayI8ap_fixedILi12ELi6EL9ap_q_mode5EL9_525 = phi i12 0, void %entry, i12 %p_ZZN4nnet24compute_output_buffer_2dINS_5arrayI8ap_fixedILi12ELi6EL9ap_q_mode5EL9_473, void %MultLoop.split.i, i12 0, void %dense_resource_rf_leq_nin<ap_fixed<12, 6, 5, 3, 0>, ap_fixed<12, 6, 5, 3, 0>, config9_mult>.exit"   --->   Operation 78 'phi' 'p_ZZN4nnet24compute_output_buffer_2dINS_5arrayI8ap_fixedILi12ELi6EL9ap_q_mode5EL9_525' <Predicate = true> <Delay = 0.00>
ST_2 : Operation 79 [1/1] (0.00ns)   --->   "%p_ZZN4nnet24compute_output_buffer_2dINS_5arrayI8ap_fixedILi12ELi6EL9ap_q_mode5EL9_526 = phi i12 0, void %entry, i12 %p_ZZN4nnet24compute_output_buffer_2dINS_5arrayI8ap_fixedILi12ELi6EL9ap_q_mode5EL9_474, void %MultLoop.split.i, i12 0, void %dense_resource_rf_leq_nin<ap_fixed<12, 6, 5, 3, 0>, ap_fixed<12, 6, 5, 3, 0>, config9_mult>.exit"   --->   Operation 79 'phi' 'p_ZZN4nnet24compute_output_buffer_2dINS_5arrayI8ap_fixedILi12ELi6EL9ap_q_mode5EL9_526' <Predicate = true> <Delay = 0.00>
ST_2 : Operation 80 [1/1] (0.00ns)   --->   "%void_compute_output_buffer_2d_array_const_ap_shift_reg_n_chan_stream_weig_107 = phi i12 0, void %entry, i12 %void_compute_output_buffer_2d_array_const_ap_shift_reg_n_chan_stream_weig_87, void %MultLoop.split.i, i12 0, void %dense_resource_rf_leq_nin<ap_fixed<12, 6, 5, 3, 0>, ap_fixed<12, 6, 5, 3, 0>, config9_mult>.exit"   --->   Operation 80 'phi' 'void_compute_output_buffer_2d_array_const_ap_shift_reg_n_chan_stream_weig_107' <Predicate = true> <Delay = 0.00>
ST_2 : Operation 81 [1/1] (0.00ns)   --->   "%void_compute_output_buffer_2d_array_const_ap_shift_reg_n_chan_stream_weig_108 = phi i12 0, void %entry, i12 %void_compute_output_buffer_2d_array_const_ap_shift_reg_n_chan_stream_weig_88, void %MultLoop.split.i, i12 0, void %dense_resource_rf_leq_nin<ap_fixed<12, 6, 5, 3, 0>, ap_fixed<12, 6, 5, 3, 0>, config9_mult>.exit"   --->   Operation 81 'phi' 'void_compute_output_buffer_2d_array_const_ap_shift_reg_n_chan_stream_weig_108' <Predicate = true> <Delay = 0.00>
ST_2 : Operation 82 [1/1] (0.00ns)   --->   "%void_compute_output_buffer_2d_array_const_ap_shift_reg_n_chan_stream_weig_109 = phi i12 0, void %entry, i12 %void_compute_output_buffer_2d_array_const_ap_shift_reg_n_chan_stream_weig_89, void %MultLoop.split.i, i12 0, void %dense_resource_rf_leq_nin<ap_fixed<12, 6, 5, 3, 0>, ap_fixed<12, 6, 5, 3, 0>, config9_mult>.exit"   --->   Operation 82 'phi' 'void_compute_output_buffer_2d_array_const_ap_shift_reg_n_chan_stream_weig_109' <Predicate = true> <Delay = 0.00>
ST_2 : Operation 83 [1/1] (0.00ns)   --->   "%void_compute_output_buffer_2d_array_const_ap_shift_reg_n_chan_stream_weig_110 = phi i12 0, void %entry, i12 %void_compute_output_buffer_2d_array_const_ap_shift_reg_n_chan_stream_weig_90, void %MultLoop.split.i, i12 0, void %dense_resource_rf_leq_nin<ap_fixed<12, 6, 5, 3, 0>, ap_fixed<12, 6, 5, 3, 0>, config9_mult>.exit"   --->   Operation 83 'phi' 'void_compute_output_buffer_2d_array_const_ap_shift_reg_n_chan_stream_weig_110' <Predicate = true> <Delay = 0.00>
ST_2 : Operation 84 [1/1] (0.00ns)   --->   "%void_compute_output_buffer_2d_array_const_ap_shift_reg_n_chan_stream_weig_111 = phi i12 0, void %entry, i12 %void_compute_output_buffer_2d_array_const_ap_shift_reg_n_chan_stream_weig_91, void %MultLoop.split.i, i12 0, void %dense_resource_rf_leq_nin<ap_fixed<12, 6, 5, 3, 0>, ap_fixed<12, 6, 5, 3, 0>, config9_mult>.exit"   --->   Operation 84 'phi' 'void_compute_output_buffer_2d_array_const_ap_shift_reg_n_chan_stream_weig_111' <Predicate = true> <Delay = 0.00>
ST_2 : Operation 85 [1/1] (0.00ns)   --->   "%void_compute_output_buffer_2d_array_const_ap_shift_reg_n_chan_stream_weig_112 = phi i12 0, void %entry, i12 %void_compute_output_buffer_2d_array_const_ap_shift_reg_n_chan_stream_weig_92, void %MultLoop.split.i, i12 0, void %dense_resource_rf_leq_nin<ap_fixed<12, 6, 5, 3, 0>, ap_fixed<12, 6, 5, 3, 0>, config9_mult>.exit"   --->   Operation 85 'phi' 'void_compute_output_buffer_2d_array_const_ap_shift_reg_n_chan_stream_weig_112' <Predicate = true> <Delay = 0.00>
ST_2 : Operation 86 [1/1] (0.00ns)   --->   "%void_compute_output_buffer_2d_array_const_ap_shift_reg_n_chan_stream_weig_113 = phi i12 0, void %entry, i12 %void_compute_output_buffer_2d_array_const_ap_shift_reg_n_chan_stream_weig_93, void %MultLoop.split.i, i12 0, void %dense_resource_rf_leq_nin<ap_fixed<12, 6, 5, 3, 0>, ap_fixed<12, 6, 5, 3, 0>, config9_mult>.exit"   --->   Operation 86 'phi' 'void_compute_output_buffer_2d_array_const_ap_shift_reg_n_chan_stream_weig_113' <Predicate = true> <Delay = 0.00>
ST_2 : Operation 87 [1/1] (0.00ns)   --->   "%void_compute_output_buffer_2d_array_const_ap_shift_reg_n_chan_stream_weig_114 = phi i12 0, void %entry, i12 %void_compute_output_buffer_2d_array_const_ap_shift_reg_n_chan_stream_weig_94, void %MultLoop.split.i, i12 0, void %dense_resource_rf_leq_nin<ap_fixed<12, 6, 5, 3, 0>, ap_fixed<12, 6, 5, 3, 0>, config9_mult>.exit"   --->   Operation 87 'phi' 'void_compute_output_buffer_2d_array_const_ap_shift_reg_n_chan_stream_weig_114' <Predicate = true> <Delay = 0.00>
ST_2 : Operation 88 [1/1] (0.00ns)   --->   "%void_compute_output_buffer_2d_array_const_ap_shift_reg_n_chan_stream_weig_115 = phi i12 0, void %entry, i12 %void_compute_output_buffer_2d_array_const_ap_shift_reg_n_chan_stream_weig_95, void %MultLoop.split.i, i12 0, void %dense_resource_rf_leq_nin<ap_fixed<12, 6, 5, 3, 0>, ap_fixed<12, 6, 5, 3, 0>, config9_mult>.exit"   --->   Operation 88 'phi' 'void_compute_output_buffer_2d_array_const_ap_shift_reg_n_chan_stream_weig_115' <Predicate = true> <Delay = 0.00>
ST_2 : Operation 89 [1/1] (0.00ns)   --->   "%void_compute_output_buffer_2d_array_const_ap_shift_reg_n_chan_stream_weig_116 = phi i12 0, void %entry, i12 %void_compute_output_buffer_2d_array_const_ap_shift_reg_n_chan_stream_weig_96, void %MultLoop.split.i, i12 0, void %dense_resource_rf_leq_nin<ap_fixed<12, 6, 5, 3, 0>, ap_fixed<12, 6, 5, 3, 0>, config9_mult>.exit"   --->   Operation 89 'phi' 'void_compute_output_buffer_2d_array_const_ap_shift_reg_n_chan_stream_weig_116' <Predicate = true> <Delay = 0.00>
ST_2 : Operation 90 [1/1] (0.53ns)   --->   "%br_ln0 = br i1 %do_init, void %MultLoop.split.i, void %rewind_init"   --->   Operation 90 'br' 'br_ln0' <Predicate = true> <Delay = 0.53>
ST_2 : Operation 91 [1/1] (0.00ns)   --->   "%p_ZZN4nnet24compute_output_buffer_2dINS_5arrayI8ap_fixedILi12ELi6EL9ap_q_mode5EL9_449 = phi i12 %p_ZZN4nnet24compute_output_buffer_2dINS_5arrayI8ap_fixedILi12ELi6EL9ap_q_mode5EL9_500, void %rewind_init, i12 %p_ZZN4nnet24compute_output_buffer_2dINS_5arrayI8ap_fixedILi12ELi6EL9ap_q_mode5EL9_501, void %rewind_header"   --->   Operation 91 'phi' 'p_ZZN4nnet24compute_output_buffer_2dINS_5arrayI8ap_fixedILi12ELi6EL9ap_q_mode5EL9_449' <Predicate = true> <Delay = 0.00>
ST_2 : Operation 92 [1/1] (0.00ns)   --->   "%p_ZZN4nnet24compute_output_buffer_2dINS_5arrayI8ap_fixedILi12ELi6EL9ap_q_mode5EL9_450 = phi i12 %p_ZZN4nnet24compute_output_buffer_2dINS_5arrayI8ap_fixedILi12ELi6EL9ap_q_mode5EL9_499, void %rewind_init, i12 %p_ZZN4nnet24compute_output_buffer_2dINS_5arrayI8ap_fixedILi12ELi6EL9ap_q_mode5EL9_502, void %rewind_header"   --->   Operation 92 'phi' 'p_ZZN4nnet24compute_output_buffer_2dINS_5arrayI8ap_fixedILi12ELi6EL9ap_q_mode5EL9_450' <Predicate = true> <Delay = 0.00>
ST_2 : Operation 93 [1/1] (0.00ns)   --->   "%p_ZZN4nnet24compute_output_buffer_2dINS_5arrayI8ap_fixedILi12ELi6EL9ap_q_mode5EL9_451 = phi i12 %p_ZZN4nnet24compute_output_buffer_2dINS_5arrayI8ap_fixedILi12ELi6EL9ap_q_mode5EL9_498, void %rewind_init, i12 %p_ZZN4nnet24compute_output_buffer_2dINS_5arrayI8ap_fixedILi12ELi6EL9ap_q_mode5EL9_503, void %rewind_header"   --->   Operation 93 'phi' 'p_ZZN4nnet24compute_output_buffer_2dINS_5arrayI8ap_fixedILi12ELi6EL9ap_q_mode5EL9_451' <Predicate = true> <Delay = 0.00>
ST_2 : Operation 94 [1/1] (0.00ns)   --->   "%p_ZZN4nnet24compute_output_buffer_2dINS_5arrayI8ap_fixedILi12ELi6EL9ap_q_mode5EL9_452 = phi i12 %p_ZZN4nnet24compute_output_buffer_2dINS_5arrayI8ap_fixedILi12ELi6EL9ap_q_mode5EL9_497, void %rewind_init, i12 %p_ZZN4nnet24compute_output_buffer_2dINS_5arrayI8ap_fixedILi12ELi6EL9ap_q_mode5EL9_504, void %rewind_header"   --->   Operation 94 'phi' 'p_ZZN4nnet24compute_output_buffer_2dINS_5arrayI8ap_fixedILi12ELi6EL9ap_q_mode5EL9_452' <Predicate = true> <Delay = 0.00>
ST_2 : Operation 95 [1/1] (0.00ns)   --->   "%p_ZZN4nnet24compute_output_buffer_2dINS_5arrayI8ap_fixedILi12ELi6EL9ap_q_mode5EL9_453 = phi i12 %p_ZZN4nnet24compute_output_buffer_2dINS_5arrayI8ap_fixedILi12ELi6EL9ap_q_mode5EL9_496, void %rewind_init, i12 %p_ZZN4nnet24compute_output_buffer_2dINS_5arrayI8ap_fixedILi12ELi6EL9ap_q_mode5EL9_505, void %rewind_header"   --->   Operation 95 'phi' 'p_ZZN4nnet24compute_output_buffer_2dINS_5arrayI8ap_fixedILi12ELi6EL9ap_q_mode5EL9_453' <Predicate = true> <Delay = 0.00>
ST_2 : Operation 96 [1/1] (0.00ns)   --->   "%p_ZZN4nnet24compute_output_buffer_2dINS_5arrayI8ap_fixedILi12ELi6EL9ap_q_mode5EL9_454 = phi i12 %p_ZZN4nnet24compute_output_buffer_2dINS_5arrayI8ap_fixedILi12ELi6EL9ap_q_mode5EL9_495, void %rewind_init, i12 %p_ZZN4nnet24compute_output_buffer_2dINS_5arrayI8ap_fixedILi12ELi6EL9ap_q_mode5EL9_506, void %rewind_header"   --->   Operation 96 'phi' 'p_ZZN4nnet24compute_output_buffer_2dINS_5arrayI8ap_fixedILi12ELi6EL9ap_q_mode5EL9_454' <Predicate = true> <Delay = 0.00>
ST_2 : Operation 97 [1/1] (0.00ns)   --->   "%p_ZZN4nnet24compute_output_buffer_2dINS_5arrayI8ap_fixedILi12ELi6EL9ap_q_mode5EL9_455 = phi i12 %p_ZZN4nnet24compute_output_buffer_2dINS_5arrayI8ap_fixedILi12ELi6EL9ap_q_mode5EL9_494, void %rewind_init, i12 %p_ZZN4nnet24compute_output_buffer_2dINS_5arrayI8ap_fixedILi12ELi6EL9ap_q_mode5EL9_507, void %rewind_header"   --->   Operation 97 'phi' 'p_ZZN4nnet24compute_output_buffer_2dINS_5arrayI8ap_fixedILi12ELi6EL9ap_q_mode5EL9_455' <Predicate = true> <Delay = 0.00>
ST_2 : Operation 98 [1/1] (0.00ns)   --->   "%p_ZZN4nnet24compute_output_buffer_2dINS_5arrayI8ap_fixedILi12ELi6EL9ap_q_mode5EL9_456 = phi i12 %p_ZZN4nnet24compute_output_buffer_2dINS_5arrayI8ap_fixedILi12ELi6EL9ap_q_mode5EL9_493, void %rewind_init, i12 %p_ZZN4nnet24compute_output_buffer_2dINS_5arrayI8ap_fixedILi12ELi6EL9ap_q_mode5EL9_508, void %rewind_header"   --->   Operation 98 'phi' 'p_ZZN4nnet24compute_output_buffer_2dINS_5arrayI8ap_fixedILi12ELi6EL9ap_q_mode5EL9_456' <Predicate = true> <Delay = 0.00>
ST_2 : Operation 99 [1/1] (0.00ns)   --->   "%p_ZZN4nnet24compute_output_buffer_2dINS_5arrayI8ap_fixedILi12ELi6EL9ap_q_mode5EL9_457 = phi i12 %p_ZZN4nnet24compute_output_buffer_2dINS_5arrayI8ap_fixedILi12ELi6EL9ap_q_mode5EL9_492, void %rewind_init, i12 %p_ZZN4nnet24compute_output_buffer_2dINS_5arrayI8ap_fixedILi12ELi6EL9ap_q_mode5EL9_509, void %rewind_header"   --->   Operation 99 'phi' 'p_ZZN4nnet24compute_output_buffer_2dINS_5arrayI8ap_fixedILi12ELi6EL9ap_q_mode5EL9_457' <Predicate = true> <Delay = 0.00>
ST_2 : Operation 100 [1/1] (0.00ns)   --->   "%p_ZZN4nnet24compute_output_buffer_2dINS_5arrayI8ap_fixedILi12ELi6EL9ap_q_mode5EL9_458 = phi i12 %p_ZZN4nnet24compute_output_buffer_2dINS_5arrayI8ap_fixedILi12ELi6EL9ap_q_mode5EL9_491, void %rewind_init, i12 %p_ZZN4nnet24compute_output_buffer_2dINS_5arrayI8ap_fixedILi12ELi6EL9ap_q_mode5EL9_510, void %rewind_header"   --->   Operation 100 'phi' 'p_ZZN4nnet24compute_output_buffer_2dINS_5arrayI8ap_fixedILi12ELi6EL9ap_q_mode5EL9_458' <Predicate = true> <Delay = 0.00>
ST_2 : Operation 101 [1/1] (0.00ns)   --->   "%p_ZZN4nnet24compute_output_buffer_2dINS_5arrayI8ap_fixedILi12ELi6EL9ap_q_mode5EL9_459 = phi i12 %p_ZZN4nnet24compute_output_buffer_2dINS_5arrayI8ap_fixedILi12ELi6EL9ap_q_mode5EL9_490, void %rewind_init, i12 %p_ZZN4nnet24compute_output_buffer_2dINS_5arrayI8ap_fixedILi12ELi6EL9ap_q_mode5EL9_511, void %rewind_header"   --->   Operation 101 'phi' 'p_ZZN4nnet24compute_output_buffer_2dINS_5arrayI8ap_fixedILi12ELi6EL9ap_q_mode5EL9_459' <Predicate = true> <Delay = 0.00>
ST_2 : Operation 102 [1/1] (0.00ns)   --->   "%p_ZZN4nnet24compute_output_buffer_2dINS_5arrayI8ap_fixedILi12ELi6EL9ap_q_mode5EL9_460 = phi i12 %p_ZZN4nnet24compute_output_buffer_2dINS_5arrayI8ap_fixedILi12ELi6EL9ap_q_mode5EL9_489, void %rewind_init, i12 %p_ZZN4nnet24compute_output_buffer_2dINS_5arrayI8ap_fixedILi12ELi6EL9ap_q_mode5EL9_512, void %rewind_header"   --->   Operation 102 'phi' 'p_ZZN4nnet24compute_output_buffer_2dINS_5arrayI8ap_fixedILi12ELi6EL9ap_q_mode5EL9_460' <Predicate = true> <Delay = 0.00>
ST_2 : Operation 103 [1/1] (0.00ns)   --->   "%p_ZZN4nnet24compute_output_buffer_2dINS_5arrayI8ap_fixedILi12ELi6EL9ap_q_mode5EL9_461 = phi i12 %p_ZZN4nnet24compute_output_buffer_2dINS_5arrayI8ap_fixedILi12ELi6EL9ap_q_mode5EL9_488, void %rewind_init, i12 %p_ZZN4nnet24compute_output_buffer_2dINS_5arrayI8ap_fixedILi12ELi6EL9ap_q_mode5EL9_513, void %rewind_header"   --->   Operation 103 'phi' 'p_ZZN4nnet24compute_output_buffer_2dINS_5arrayI8ap_fixedILi12ELi6EL9ap_q_mode5EL9_461' <Predicate = true> <Delay = 0.00>
ST_2 : Operation 104 [1/1] (0.00ns)   --->   "%p_ZZN4nnet24compute_output_buffer_2dINS_5arrayI8ap_fixedILi12ELi6EL9ap_q_mode5EL9_462 = phi i12 %p_ZZN4nnet24compute_output_buffer_2dINS_5arrayI8ap_fixedILi12ELi6EL9ap_q_mode5EL9_487, void %rewind_init, i12 %p_ZZN4nnet24compute_output_buffer_2dINS_5arrayI8ap_fixedILi12ELi6EL9ap_q_mode5EL9_514, void %rewind_header"   --->   Operation 104 'phi' 'p_ZZN4nnet24compute_output_buffer_2dINS_5arrayI8ap_fixedILi12ELi6EL9ap_q_mode5EL9_462' <Predicate = true> <Delay = 0.00>
ST_2 : Operation 105 [1/1] (0.00ns)   --->   "%p_ZZN4nnet24compute_output_buffer_2dINS_5arrayI8ap_fixedILi12ELi6EL9ap_q_mode5EL9_463 = phi i12 %p_ZZN4nnet24compute_output_buffer_2dINS_5arrayI8ap_fixedILi12ELi6EL9ap_q_mode5EL9_486, void %rewind_init, i12 %p_ZZN4nnet24compute_output_buffer_2dINS_5arrayI8ap_fixedILi12ELi6EL9ap_q_mode5EL9_515, void %rewind_header"   --->   Operation 105 'phi' 'p_ZZN4nnet24compute_output_buffer_2dINS_5arrayI8ap_fixedILi12ELi6EL9ap_q_mode5EL9_463' <Predicate = true> <Delay = 0.00>
ST_2 : Operation 106 [1/1] (0.00ns)   --->   "%p_ZZN4nnet24compute_output_buffer_2dINS_5arrayI8ap_fixedILi12ELi6EL9ap_q_mode5EL9_464 = phi i12 %p_ZZN4nnet24compute_output_buffer_2dINS_5arrayI8ap_fixedILi12ELi6EL9ap_q_mode5EL9_485, void %rewind_init, i12 %p_ZZN4nnet24compute_output_buffer_2dINS_5arrayI8ap_fixedILi12ELi6EL9ap_q_mode5EL9_516, void %rewind_header"   --->   Operation 106 'phi' 'p_ZZN4nnet24compute_output_buffer_2dINS_5arrayI8ap_fixedILi12ELi6EL9ap_q_mode5EL9_464' <Predicate = true> <Delay = 0.00>
ST_2 : Operation 107 [1/1] (0.00ns)   --->   "%p_ZZN4nnet24compute_output_buffer_2dINS_5arrayI8ap_fixedILi12ELi6EL9ap_q_mode5EL9_465 = phi i12 %p_ZZN4nnet24compute_output_buffer_2dINS_5arrayI8ap_fixedILi12ELi6EL9ap_q_mode5EL9_484, void %rewind_init, i12 %p_ZZN4nnet24compute_output_buffer_2dINS_5arrayI8ap_fixedILi12ELi6EL9ap_q_mode5EL9_517, void %rewind_header"   --->   Operation 107 'phi' 'p_ZZN4nnet24compute_output_buffer_2dINS_5arrayI8ap_fixedILi12ELi6EL9ap_q_mode5EL9_465' <Predicate = true> <Delay = 0.00>
ST_2 : Operation 108 [1/1] (0.00ns)   --->   "%p_ZZN4nnet24compute_output_buffer_2dINS_5arrayI8ap_fixedILi12ELi6EL9ap_q_mode5EL9_466 = phi i12 %p_ZZN4nnet24compute_output_buffer_2dINS_5arrayI8ap_fixedILi12ELi6EL9ap_q_mode5EL9_483, void %rewind_init, i12 %p_ZZN4nnet24compute_output_buffer_2dINS_5arrayI8ap_fixedILi12ELi6EL9ap_q_mode5EL9_518, void %rewind_header"   --->   Operation 108 'phi' 'p_ZZN4nnet24compute_output_buffer_2dINS_5arrayI8ap_fixedILi12ELi6EL9ap_q_mode5EL9_466' <Predicate = true> <Delay = 0.00>
ST_2 : Operation 109 [1/1] (0.00ns)   --->   "%p_ZZN4nnet24compute_output_buffer_2dINS_5arrayI8ap_fixedILi12ELi6EL9ap_q_mode5EL9_467 = phi i12 %p_ZZN4nnet24compute_output_buffer_2dINS_5arrayI8ap_fixedILi12ELi6EL9ap_q_mode5EL9_482, void %rewind_init, i12 %p_ZZN4nnet24compute_output_buffer_2dINS_5arrayI8ap_fixedILi12ELi6EL9ap_q_mode5EL9_519, void %rewind_header"   --->   Operation 109 'phi' 'p_ZZN4nnet24compute_output_buffer_2dINS_5arrayI8ap_fixedILi12ELi6EL9ap_q_mode5EL9_467' <Predicate = true> <Delay = 0.00>
ST_2 : Operation 110 [1/1] (0.00ns)   --->   "%p_ZZN4nnet24compute_output_buffer_2dINS_5arrayI8ap_fixedILi12ELi6EL9ap_q_mode5EL9_468 = phi i12 %p_ZZN4nnet24compute_output_buffer_2dINS_5arrayI8ap_fixedILi12ELi6EL9ap_q_mode5EL9_481, void %rewind_init, i12 %p_ZZN4nnet24compute_output_buffer_2dINS_5arrayI8ap_fixedILi12ELi6EL9ap_q_mode5EL9_520, void %rewind_header"   --->   Operation 110 'phi' 'p_ZZN4nnet24compute_output_buffer_2dINS_5arrayI8ap_fixedILi12ELi6EL9ap_q_mode5EL9_468' <Predicate = true> <Delay = 0.00>
ST_2 : Operation 111 [1/1] (0.00ns)   --->   "%p_ZZN4nnet24compute_output_buffer_2dINS_5arrayI8ap_fixedILi12ELi6EL9ap_q_mode5EL9_469 = phi i12 %p_ZZN4nnet24compute_output_buffer_2dINS_5arrayI8ap_fixedILi12ELi6EL9ap_q_mode5EL9_480, void %rewind_init, i12 %p_ZZN4nnet24compute_output_buffer_2dINS_5arrayI8ap_fixedILi12ELi6EL9ap_q_mode5EL9_521, void %rewind_header"   --->   Operation 111 'phi' 'p_ZZN4nnet24compute_output_buffer_2dINS_5arrayI8ap_fixedILi12ELi6EL9ap_q_mode5EL9_469' <Predicate = true> <Delay = 0.00>
ST_2 : Operation 112 [1/1] (0.00ns)   --->   "%p_ZZN4nnet24compute_output_buffer_2dINS_5arrayI8ap_fixedILi12ELi6EL9ap_q_mode5EL9_470 = phi i12 %p_ZZN4nnet24compute_output_buffer_2dINS_5arrayI8ap_fixedILi12ELi6EL9ap_q_mode5EL9_479, void %rewind_init, i12 %p_ZZN4nnet24compute_output_buffer_2dINS_5arrayI8ap_fixedILi12ELi6EL9ap_q_mode5EL9_522, void %rewind_header"   --->   Operation 112 'phi' 'p_ZZN4nnet24compute_output_buffer_2dINS_5arrayI8ap_fixedILi12ELi6EL9ap_q_mode5EL9_470' <Predicate = true> <Delay = 0.00>
ST_2 : Operation 113 [1/1] (0.00ns)   --->   "%p_ZZN4nnet24compute_output_buffer_2dINS_5arrayI8ap_fixedILi12ELi6EL9ap_q_mode5EL9_471 = phi i12 %p_ZZN4nnet24compute_output_buffer_2dINS_5arrayI8ap_fixedILi12ELi6EL9ap_q_mode5EL9_478, void %rewind_init, i12 %p_ZZN4nnet24compute_output_buffer_2dINS_5arrayI8ap_fixedILi12ELi6EL9ap_q_mode5EL9_523, void %rewind_header"   --->   Operation 113 'phi' 'p_ZZN4nnet24compute_output_buffer_2dINS_5arrayI8ap_fixedILi12ELi6EL9ap_q_mode5EL9_471' <Predicate = true> <Delay = 0.00>
ST_2 : Operation 114 [1/1] (0.00ns)   --->   "%p_ZZN4nnet24compute_output_buffer_2dINS_5arrayI8ap_fixedILi12ELi6EL9ap_q_mode5EL9_472 = phi i12 %p_ZZN4nnet24compute_output_buffer_2dINS_5arrayI8ap_fixedILi12ELi6EL9ap_q_mode5EL9_477, void %rewind_init, i12 %p_ZZN4nnet24compute_output_buffer_2dINS_5arrayI8ap_fixedILi12ELi6EL9ap_q_mode5EL9_524, void %rewind_header"   --->   Operation 114 'phi' 'p_ZZN4nnet24compute_output_buffer_2dINS_5arrayI8ap_fixedILi12ELi6EL9ap_q_mode5EL9_472' <Predicate = true> <Delay = 0.00>
ST_2 : Operation 115 [1/1] (0.00ns)   --->   "%p_ZZN4nnet24compute_output_buffer_2dINS_5arrayI8ap_fixedILi12ELi6EL9ap_q_mode5EL9_473 = phi i12 %p_ZZN4nnet24compute_output_buffer_2dINS_5arrayI8ap_fixedILi12ELi6EL9ap_q_mode5EL9_476, void %rewind_init, i12 %p_ZZN4nnet24compute_output_buffer_2dINS_5arrayI8ap_fixedILi12ELi6EL9ap_q_mode5EL9_525, void %rewind_header"   --->   Operation 115 'phi' 'p_ZZN4nnet24compute_output_buffer_2dINS_5arrayI8ap_fixedILi12ELi6EL9ap_q_mode5EL9_473' <Predicate = true> <Delay = 0.00>
ST_2 : Operation 116 [1/1] (0.00ns)   --->   "%p_ZZN4nnet24compute_output_buffer_2dINS_5arrayI8ap_fixedILi12ELi6EL9ap_q_mode5EL9_474 = phi i12 %p_ZZN4nnet24compute_output_buffer_2dINS_5arrayI8ap_fixedILi12ELi6EL9ap_q_mode5EL9_475, void %rewind_init, i12 %p_ZZN4nnet24compute_output_buffer_2dINS_5arrayI8ap_fixedILi12ELi6EL9ap_q_mode5EL9_526, void %rewind_header"   --->   Operation 116 'phi' 'p_ZZN4nnet24compute_output_buffer_2dINS_5arrayI8ap_fixedILi12ELi6EL9ap_q_mode5EL9_474' <Predicate = true> <Delay = 0.00>
ST_2 : Operation 117 [1/1] (0.00ns)   --->   "%void_compute_output_buffer_2d_array_const_ap_shift_reg_n_chan_stream_weig_87 = phi i12 %void_compute_output_buffer_2d_array_const_ap_shift_reg_n_chan_stream_weig_106, void %rewind_init, i12 %void_compute_output_buffer_2d_array_const_ap_shift_reg_n_chan_stream_weig_107, void %rewind_header"   --->   Operation 117 'phi' 'void_compute_output_buffer_2d_array_const_ap_shift_reg_n_chan_stream_weig_87' <Predicate = true> <Delay = 0.00>
ST_2 : Operation 118 [1/1] (0.00ns)   --->   "%void_compute_output_buffer_2d_array_const_ap_shift_reg_n_chan_stream_weig_88 = phi i12 %void_compute_output_buffer_2d_array_const_ap_shift_reg_n_chan_stream_weig_105, void %rewind_init, i12 %void_compute_output_buffer_2d_array_const_ap_shift_reg_n_chan_stream_weig_108, void %rewind_header"   --->   Operation 118 'phi' 'void_compute_output_buffer_2d_array_const_ap_shift_reg_n_chan_stream_weig_88' <Predicate = true> <Delay = 0.00>
ST_2 : Operation 119 [1/1] (0.00ns)   --->   "%void_compute_output_buffer_2d_array_const_ap_shift_reg_n_chan_stream_weig_89 = phi i12 %void_compute_output_buffer_2d_array_const_ap_shift_reg_n_chan_stream_weig_104, void %rewind_init, i12 %void_compute_output_buffer_2d_array_const_ap_shift_reg_n_chan_stream_weig_109, void %rewind_header"   --->   Operation 119 'phi' 'void_compute_output_buffer_2d_array_const_ap_shift_reg_n_chan_stream_weig_89' <Predicate = true> <Delay = 0.00>
ST_2 : Operation 120 [1/1] (0.00ns)   --->   "%void_compute_output_buffer_2d_array_const_ap_shift_reg_n_chan_stream_weig_90 = phi i12 %void_compute_output_buffer_2d_array_const_ap_shift_reg_n_chan_stream_weig_103, void %rewind_init, i12 %void_compute_output_buffer_2d_array_const_ap_shift_reg_n_chan_stream_weig_110, void %rewind_header"   --->   Operation 120 'phi' 'void_compute_output_buffer_2d_array_const_ap_shift_reg_n_chan_stream_weig_90' <Predicate = true> <Delay = 0.00>
ST_2 : Operation 121 [1/1] (0.00ns)   --->   "%void_compute_output_buffer_2d_array_const_ap_shift_reg_n_chan_stream_weig_91 = phi i12 %void_compute_output_buffer_2d_array_const_ap_shift_reg_n_chan_stream_weig_102, void %rewind_init, i12 %void_compute_output_buffer_2d_array_const_ap_shift_reg_n_chan_stream_weig_111, void %rewind_header"   --->   Operation 121 'phi' 'void_compute_output_buffer_2d_array_const_ap_shift_reg_n_chan_stream_weig_91' <Predicate = true> <Delay = 0.00>
ST_2 : Operation 122 [1/1] (0.00ns)   --->   "%void_compute_output_buffer_2d_array_const_ap_shift_reg_n_chan_stream_weig_92 = phi i12 %void_compute_output_buffer_2d_array_const_ap_shift_reg_n_chan_stream_weig_101, void %rewind_init, i12 %void_compute_output_buffer_2d_array_const_ap_shift_reg_n_chan_stream_weig_112, void %rewind_header"   --->   Operation 122 'phi' 'void_compute_output_buffer_2d_array_const_ap_shift_reg_n_chan_stream_weig_92' <Predicate = true> <Delay = 0.00>
ST_2 : Operation 123 [1/1] (0.00ns)   --->   "%void_compute_output_buffer_2d_array_const_ap_shift_reg_n_chan_stream_weig_93 = phi i12 %void_compute_output_buffer_2d_array_const_ap_shift_reg_n_chan_stream_weig_100, void %rewind_init, i12 %void_compute_output_buffer_2d_array_const_ap_shift_reg_n_chan_stream_weig_113, void %rewind_header"   --->   Operation 123 'phi' 'void_compute_output_buffer_2d_array_const_ap_shift_reg_n_chan_stream_weig_93' <Predicate = true> <Delay = 0.00>
ST_2 : Operation 124 [1/1] (0.00ns)   --->   "%void_compute_output_buffer_2d_array_const_ap_shift_reg_n_chan_stream_weig_94 = phi i12 %void_compute_output_buffer_2d_array_const_ap_shift_reg_n_chan_stream_weig_99, void %rewind_init, i12 %void_compute_output_buffer_2d_array_const_ap_shift_reg_n_chan_stream_weig_114, void %rewind_header"   --->   Operation 124 'phi' 'void_compute_output_buffer_2d_array_const_ap_shift_reg_n_chan_stream_weig_94' <Predicate = true> <Delay = 0.00>
ST_2 : Operation 125 [1/1] (0.00ns)   --->   "%void_compute_output_buffer_2d_array_const_ap_shift_reg_n_chan_stream_weig_95 = phi i12 %void_compute_output_buffer_2d_array_const_ap_shift_reg_n_chan_stream_weig_98, void %rewind_init, i12 %void_compute_output_buffer_2d_array_const_ap_shift_reg_n_chan_stream_weig_115, void %rewind_header"   --->   Operation 125 'phi' 'void_compute_output_buffer_2d_array_const_ap_shift_reg_n_chan_stream_weig_95' <Predicate = true> <Delay = 0.00>
ST_2 : Operation 126 [1/1] (0.00ns)   --->   "%void_compute_output_buffer_2d_array_const_ap_shift_reg_n_chan_stream_weig_96 = phi i12 %void_compute_output_buffer_2d_array_const_ap_shift_reg_n_chan_stream_weig_97, void %rewind_init, i12 %void_compute_output_buffer_2d_array_const_ap_shift_reg_n_chan_stream_weig_116, void %rewind_header"   --->   Operation 126 'phi' 'void_compute_output_buffer_2d_array_const_ap_shift_reg_n_chan_stream_weig_96' <Predicate = true> <Delay = 0.00>
ST_2 : Operation 127 [1/1] (0.92ns)   --->   "%a = sparsemux i12 @_ssdm_op_SparseMux.ap_auto.18i12.i12.i5, i5 0, i12 %void_compute_output_buffer_2d_array_const_ap_shift_reg_n_chan_stream_weig_96, i5 1, i12 %void_compute_output_buffer_2d_array_const_ap_shift_reg_n_chan_stream_weig_95, i5 2, i12 %void_compute_output_buffer_2d_array_const_ap_shift_reg_n_chan_stream_weig_94, i5 3, i12 %void_compute_output_buffer_2d_array_const_ap_shift_reg_n_chan_stream_weig_93, i5 4, i12 %void_compute_output_buffer_2d_array_const_ap_shift_reg_n_chan_stream_weig_92, i5 5, i12 %void_compute_output_buffer_2d_array_const_ap_shift_reg_n_chan_stream_weig_91, i5 6, i12 %void_compute_output_buffer_2d_array_const_ap_shift_reg_n_chan_stream_weig_90, i5 7, i12 %void_compute_output_buffer_2d_array_const_ap_shift_reg_n_chan_stream_weig_89, i5 8, i12 %void_compute_output_buffer_2d_array_const_ap_shift_reg_n_chan_stream_weig_88, i5 9, i12 %void_compute_output_buffer_2d_array_const_ap_shift_reg_n_chan_stream_weig_87, i5 10, i12 %p_ZZN4nnet24compute_output_buffer_2dINS_5arrayI8ap_fixedILi12ELi6EL9ap_q_mode5EL9_474, i5 11, i12 %p_ZZN4nnet24compute_output_buffer_2dINS_5arrayI8ap_fixedILi12ELi6EL9ap_q_mode5EL9_473, i5 12, i12 %p_ZZN4nnet24compute_output_buffer_2dINS_5arrayI8ap_fixedILi12ELi6EL9ap_q_mode5EL9_472, i5 13, i12 %p_ZZN4nnet24compute_output_buffer_2dINS_5arrayI8ap_fixedILi12ELi6EL9ap_q_mode5EL9_471, i5 14, i12 %p_ZZN4nnet24compute_output_buffer_2dINS_5arrayI8ap_fixedILi12ELi6EL9ap_q_mode5EL9_470, i5 15, i12 %p_ZZN4nnet24compute_output_buffer_2dINS_5arrayI8ap_fixedILi12ELi6EL9ap_q_mode5EL9_469, i5 16, i12 %p_ZZN4nnet24compute_output_buffer_2dINS_5arrayI8ap_fixedILi12ELi6EL9ap_q_mode5EL9_468, i5 17, i12 %p_ZZN4nnet24compute_output_buffer_2dINS_5arrayI8ap_fixedILi12ELi6EL9ap_q_mode5EL9_467, i12 0, i5 %w_index3" [firmware/nnet_utils/nnet_dense_resource.h:46]   --->   Operation 127 'sparsemux' 'a' <Predicate = true> <Delay = 0.92> <CoreInst = "SparseMux">   --->   Core 143 'SparseMux' <Latency = 0> <II = 1> <Delay = 0.92> <FuncUnit> <Opcode : 'sparsemux'> <InPorts = 2> <OutPorts = 1>
ST_2 : Operation 128 [1/2] (1.77ns)   --->   "%w9_load = load i5 %w9_addr" [firmware/nnet_utils/nnet_dense_resource.h:59]   --->   Operation 128 'load' 'w9_load' <Predicate = true> <Delay = 1.77> <CoreInst = "ROM_nP_BRAM">   --->   Core 109 'ROM_nP_BRAM' <Latency = 1> <II = 1> <Delay = 1.77> <Storage> <Opcode : 'load'> <Ports = 0> <Width = 138> <Depth = 18> <ROM>
ST_2 : Operation 129 [1/1] (0.00ns)   --->   "%w = trunc i138 %w9_load" [firmware/nnet_utils/nnet_dense_resource.h:59]   --->   Operation 129 'trunc' 'w' <Predicate = true> <Delay = 0.00>
ST_2 : Operation 130 [1/1] (0.92ns)   --->   "%a_12 = sparsemux i12 @_ssdm_op_SparseMux.ap_auto.18i12.i12.i5, i5 0, i12 %p_ZZN4nnet24compute_output_buffer_2dINS_5arrayI8ap_fixedILi12ELi6EL9ap_q_mode5EL9_466, i5 1, i12 %p_ZZN4nnet24compute_output_buffer_2dINS_5arrayI8ap_fixedILi12ELi6EL9ap_q_mode5EL9_465, i5 2, i12 %p_ZZN4nnet24compute_output_buffer_2dINS_5arrayI8ap_fixedILi12ELi6EL9ap_q_mode5EL9_464, i5 3, i12 %p_ZZN4nnet24compute_output_buffer_2dINS_5arrayI8ap_fixedILi12ELi6EL9ap_q_mode5EL9_463, i5 4, i12 %p_ZZN4nnet24compute_output_buffer_2dINS_5arrayI8ap_fixedILi12ELi6EL9ap_q_mode5EL9_462, i5 5, i12 %p_ZZN4nnet24compute_output_buffer_2dINS_5arrayI8ap_fixedILi12ELi6EL9ap_q_mode5EL9_461, i5 6, i12 %p_ZZN4nnet24compute_output_buffer_2dINS_5arrayI8ap_fixedILi12ELi6EL9ap_q_mode5EL9_460, i5 7, i12 %p_ZZN4nnet24compute_output_buffer_2dINS_5arrayI8ap_fixedILi12ELi6EL9ap_q_mode5EL9_459, i5 8, i12 %p_ZZN4nnet24compute_output_buffer_2dINS_5arrayI8ap_fixedILi12ELi6EL9ap_q_mode5EL9_458, i5 9, i12 %p_ZZN4nnet24compute_output_buffer_2dINS_5arrayI8ap_fixedILi12ELi6EL9ap_q_mode5EL9_457, i5 10, i12 %p_ZZN4nnet24compute_output_buffer_2dINS_5arrayI8ap_fixedILi12ELi6EL9ap_q_mode5EL9_456, i5 11, i12 %p_ZZN4nnet24compute_output_buffer_2dINS_5arrayI8ap_fixedILi12ELi6EL9ap_q_mode5EL9_455, i5 12, i12 %p_ZZN4nnet24compute_output_buffer_2dINS_5arrayI8ap_fixedILi12ELi6EL9ap_q_mode5EL9_454, i5 13, i12 %p_ZZN4nnet24compute_output_buffer_2dINS_5arrayI8ap_fixedILi12ELi6EL9ap_q_mode5EL9_453, i5 14, i12 %p_ZZN4nnet24compute_output_buffer_2dINS_5arrayI8ap_fixedILi12ELi6EL9ap_q_mode5EL9_452, i5 15, i12 %p_ZZN4nnet24compute_output_buffer_2dINS_5arrayI8ap_fixedILi12ELi6EL9ap_q_mode5EL9_451, i5 16, i12 %p_ZZN4nnet24compute_output_buffer_2dINS_5arrayI8ap_fixedILi12ELi6EL9ap_q_mode5EL9_450, i5 17, i12 %p_ZZN4nnet24compute_output_buffer_2dINS_5arrayI8ap_fixedILi12ELi6EL9ap_q_mode5EL9_449, i12 0, i5 %w_index3" [firmware/nnet_utils/nnet_dense_resource.h:46]   --->   Operation 130 'sparsemux' 'a_12' <Predicate = true> <Delay = 0.92> <CoreInst = "SparseMux">   --->   Core 143 'SparseMux' <Latency = 0> <II = 1> <Delay = 0.92> <FuncUnit> <Opcode : 'sparsemux'> <InPorts = 2> <OutPorts = 1>
ST_2 : Operation 131 [1/1] (0.00ns)   --->   "%w_1 = partselect i12 @_ssdm_op_PartSelect.i12.i138.i32.i32, i138 %w9_load, i32 12, i32 23" [firmware/nnet_utils/nnet_dense_resource.h:59]   --->   Operation 131 'partselect' 'w_1' <Predicate = true> <Delay = 0.00>
ST_2 : Operation 132 [1/1] (0.00ns)   --->   "%w_2 = partselect i12 @_ssdm_op_PartSelect.i12.i138.i32.i32, i138 %w9_load, i32 24, i32 35" [firmware/nnet_utils/nnet_dense_resource.h:59]   --->   Operation 132 'partselect' 'w_2' <Predicate = true> <Delay = 0.00>
ST_2 : Operation 133 [1/1] (0.00ns)   --->   "%w_3 = partselect i12 @_ssdm_op_PartSelect.i12.i138.i32.i32, i138 %w9_load, i32 36, i32 47" [firmware/nnet_utils/nnet_dense_resource.h:59]   --->   Operation 133 'partselect' 'w_3' <Predicate = true> <Delay = 0.00>
ST_2 : Operation 134 [1/1] (0.00ns)   --->   "%w_4 = partselect i12 @_ssdm_op_PartSelect.i12.i138.i32.i32, i138 %w9_load, i32 48, i32 59" [firmware/nnet_utils/nnet_dense_resource.h:59]   --->   Operation 134 'partselect' 'w_4' <Predicate = true> <Delay = 0.00>
ST_2 : Operation 135 [1/1] (0.00ns)   --->   "%w_5 = partselect i12 @_ssdm_op_PartSelect.i12.i138.i32.i32, i138 %w9_load, i32 60, i32 71" [firmware/nnet_utils/nnet_dense_resource.h:59]   --->   Operation 135 'partselect' 'w_5' <Predicate = true> <Delay = 0.00>
ST_2 : Operation 136 [1/1] (0.00ns)   --->   "%w_6 = partselect i12 @_ssdm_op_PartSelect.i12.i138.i32.i32, i138 %w9_load, i32 72, i32 83" [firmware/nnet_utils/nnet_dense_resource.h:59]   --->   Operation 136 'partselect' 'w_6' <Predicate = true> <Delay = 0.00>
ST_2 : Operation 137 [1/1] (0.00ns)   --->   "%w_7 = partselect i12 @_ssdm_op_PartSelect.i12.i138.i32.i32, i138 %w9_load, i32 84, i32 95" [firmware/nnet_utils/nnet_dense_resource.h:59]   --->   Operation 137 'partselect' 'w_7' <Predicate = true> <Delay = 0.00>
ST_2 : Operation 138 [1/1] (0.00ns)   --->   "%w_8 = partselect i12 @_ssdm_op_PartSelect.i12.i138.i32.i32, i138 %w9_load, i32 96, i32 107" [firmware/nnet_utils/nnet_dense_resource.h:59]   --->   Operation 138 'partselect' 'w_8' <Predicate = true> <Delay = 0.00>
ST_2 : Operation 139 [1/1] (0.00ns)   --->   "%w_9 = partselect i12 @_ssdm_op_PartSelect.i12.i138.i32.i32, i138 %w9_load, i32 108, i32 119" [firmware/nnet_utils/nnet_dense_resource.h:59]   --->   Operation 139 'partselect' 'w_9' <Predicate = true> <Delay = 0.00>
ST_2 : Operation 140 [1/1] (0.00ns)   --->   "%w_10 = partselect i12 @_ssdm_op_PartSelect.i12.i138.i32.i32, i138 %w9_load, i32 120, i32 131" [firmware/nnet_utils/nnet_dense_resource.h:59]   --->   Operation 140 'partselect' 'w_10' <Predicate = true> <Delay = 0.00>
ST_2 : Operation 141 [1/1] (0.00ns)   --->   "%tmp = partselect i6 @_ssdm_op_PartSelect.i6.i138.i32.i32, i138 %w9_load, i32 132, i32 137" [firmware/nnet_utils/nnet_dense_resource.h:59]   --->   Operation 141 'partselect' 'tmp' <Predicate = true> <Delay = 0.00>

State 3 <SV = 2> <Delay = 3.43>
ST_3 : Operation 142 [1/1] (0.00ns)   --->   "%sext_ln73 = sext i12 %w" [firmware/nnet_utils/nnet_mult.h:73->firmware/nnet_utils/nnet_dense_resource.h:59]   --->   Operation 142 'sext' 'sext_ln73' <Predicate = true> <Delay = 0.00>
ST_3 : Operation 143 [1/1] (0.00ns)   --->   "%sext_ln73_7 = sext i12 %a" [firmware/nnet_utils/nnet_mult.h:73->firmware/nnet_utils/nnet_dense_resource.h:59]   --->   Operation 143 'sext' 'sext_ln73_7' <Predicate = true> <Delay = 0.00>
ST_3 : Operation 144 [1/1] (3.43ns)   --->   "%mul_ln58 = mul i18 %sext_ln73, i18 %sext_ln73_7" [firmware/nnet_utils/nnet_dense_resource.h:58]   --->   Operation 144 'mul' 'mul_ln58' <Predicate = true> <Delay = 3.43> <CoreInst = "Multiplier">   --->   Core 3 'Multiplier' <Latency = 0> <II = 1> <Delay = 3.43> <FuncUnit> <Opcode : 'mul'> <InPorts = 2> <OutPorts = 1>
ST_3 : Operation 145 [1/1] (0.00ns)   --->   "%trunc_ln = partselect i12 @_ssdm_op_PartSelect.i12.i18.i32.i32, i18 %mul_ln58, i32 6, i32 17" [firmware/nnet_utils/nnet_dense_resource.h:58]   --->   Operation 145 'partselect' 'trunc_ln' <Predicate = true> <Delay = 0.00>
ST_3 : Operation 146 [1/1] (0.00ns)   --->   "%sext_ln73_8 = sext i12 %w_1" [firmware/nnet_utils/nnet_mult.h:73->firmware/nnet_utils/nnet_dense_resource.h:59]   --->   Operation 146 'sext' 'sext_ln73_8' <Predicate = true> <Delay = 0.00>
ST_3 : Operation 147 [1/1] (0.00ns)   --->   "%sext_ln73_9 = sext i12 %a_12" [firmware/nnet_utils/nnet_mult.h:73->firmware/nnet_utils/nnet_dense_resource.h:59]   --->   Operation 147 'sext' 'sext_ln73_9' <Predicate = true> <Delay = 0.00>
ST_3 : Operation 148 [1/1] (3.43ns)   --->   "%mul_ln58_1 = mul i18 %sext_ln73_8, i18 %sext_ln73_9" [firmware/nnet_utils/nnet_dense_resource.h:58]   --->   Operation 148 'mul' 'mul_ln58_1' <Predicate = true> <Delay = 3.43> <CoreInst = "Multiplier">   --->   Core 3 'Multiplier' <Latency = 0> <II = 1> <Delay = 3.43> <FuncUnit> <Opcode : 'mul'> <InPorts = 2> <OutPorts = 1>
ST_3 : Operation 149 [1/1] (0.00ns)   --->   "%trunc_ln58_1 = partselect i12 @_ssdm_op_PartSelect.i12.i18.i32.i32, i18 %mul_ln58_1, i32 6, i32 17" [firmware/nnet_utils/nnet_dense_resource.h:58]   --->   Operation 149 'partselect' 'trunc_ln58_1' <Predicate = true> <Delay = 0.00>
ST_3 : Operation 150 [1/1] (0.00ns)   --->   "%sext_ln73_10 = sext i12 %w_2" [firmware/nnet_utils/nnet_mult.h:73->firmware/nnet_utils/nnet_dense_resource.h:59]   --->   Operation 150 'sext' 'sext_ln73_10' <Predicate = true> <Delay = 0.00>
ST_3 : Operation 151 [1/1] (3.43ns)   --->   "%mul_ln58_2 = mul i18 %sext_ln73_10, i18 %sext_ln73_7" [firmware/nnet_utils/nnet_dense_resource.h:58]   --->   Operation 151 'mul' 'mul_ln58_2' <Predicate = true> <Delay = 3.43> <CoreInst = "Multiplier">   --->   Core 3 'Multiplier' <Latency = 0> <II = 1> <Delay = 3.43> <FuncUnit> <Opcode : 'mul'> <InPorts = 2> <OutPorts = 1>
ST_3 : Operation 152 [1/1] (0.00ns)   --->   "%trunc_ln58_2 = partselect i12 @_ssdm_op_PartSelect.i12.i18.i32.i32, i18 %mul_ln58_2, i32 6, i32 17" [firmware/nnet_utils/nnet_dense_resource.h:58]   --->   Operation 152 'partselect' 'trunc_ln58_2' <Predicate = true> <Delay = 0.00>
ST_3 : Operation 153 [1/1] (0.00ns)   --->   "%sext_ln73_11 = sext i12 %w_3" [firmware/nnet_utils/nnet_mult.h:73->firmware/nnet_utils/nnet_dense_resource.h:59]   --->   Operation 153 'sext' 'sext_ln73_11' <Predicate = true> <Delay = 0.00>
ST_3 : Operation 154 [1/1] (3.43ns)   --->   "%mul_ln58_3 = mul i18 %sext_ln73_11, i18 %sext_ln73_9" [firmware/nnet_utils/nnet_dense_resource.h:58]   --->   Operation 154 'mul' 'mul_ln58_3' <Predicate = true> <Delay = 3.43> <CoreInst = "Multiplier">   --->   Core 3 'Multiplier' <Latency = 0> <II = 1> <Delay = 3.43> <FuncUnit> <Opcode : 'mul'> <InPorts = 2> <OutPorts = 1>
ST_3 : Operation 155 [1/1] (0.00ns)   --->   "%trunc_ln58_3 = partselect i12 @_ssdm_op_PartSelect.i12.i18.i32.i32, i18 %mul_ln58_3, i32 6, i32 17" [firmware/nnet_utils/nnet_dense_resource.h:58]   --->   Operation 155 'partselect' 'trunc_ln58_3' <Predicate = true> <Delay = 0.00>
ST_3 : Operation 156 [1/1] (0.00ns)   --->   "%sext_ln73_12 = sext i12 %w_4" [firmware/nnet_utils/nnet_mult.h:73->firmware/nnet_utils/nnet_dense_resource.h:59]   --->   Operation 156 'sext' 'sext_ln73_12' <Predicate = true> <Delay = 0.00>
ST_3 : Operation 157 [1/1] (3.43ns)   --->   "%mul_ln58_4 = mul i18 %sext_ln73_12, i18 %sext_ln73_7" [firmware/nnet_utils/nnet_dense_resource.h:58]   --->   Operation 157 'mul' 'mul_ln58_4' <Predicate = true> <Delay = 3.43> <CoreInst = "Multiplier">   --->   Core 3 'Multiplier' <Latency = 0> <II = 1> <Delay = 3.43> <FuncUnit> <Opcode : 'mul'> <InPorts = 2> <OutPorts = 1>
ST_3 : Operation 158 [1/1] (0.00ns)   --->   "%trunc_ln58_4 = partselect i12 @_ssdm_op_PartSelect.i12.i18.i32.i32, i18 %mul_ln58_4, i32 6, i32 17" [firmware/nnet_utils/nnet_dense_resource.h:58]   --->   Operation 158 'partselect' 'trunc_ln58_4' <Predicate = true> <Delay = 0.00>
ST_3 : Operation 159 [1/1] (0.00ns)   --->   "%sext_ln73_13 = sext i12 %w_5" [firmware/nnet_utils/nnet_mult.h:73->firmware/nnet_utils/nnet_dense_resource.h:59]   --->   Operation 159 'sext' 'sext_ln73_13' <Predicate = true> <Delay = 0.00>
ST_3 : Operation 160 [1/1] (3.43ns)   --->   "%mul_ln58_5 = mul i18 %sext_ln73_13, i18 %sext_ln73_9" [firmware/nnet_utils/nnet_dense_resource.h:58]   --->   Operation 160 'mul' 'mul_ln58_5' <Predicate = true> <Delay = 3.43> <CoreInst = "Multiplier">   --->   Core 3 'Multiplier' <Latency = 0> <II = 1> <Delay = 3.43> <FuncUnit> <Opcode : 'mul'> <InPorts = 2> <OutPorts = 1>
ST_3 : Operation 161 [1/1] (0.00ns)   --->   "%trunc_ln58_5 = partselect i12 @_ssdm_op_PartSelect.i12.i18.i32.i32, i18 %mul_ln58_5, i32 6, i32 17" [firmware/nnet_utils/nnet_dense_resource.h:58]   --->   Operation 161 'partselect' 'trunc_ln58_5' <Predicate = true> <Delay = 0.00>
ST_3 : Operation 162 [1/1] (0.00ns)   --->   "%sext_ln73_14 = sext i12 %w_6" [firmware/nnet_utils/nnet_mult.h:73->firmware/nnet_utils/nnet_dense_resource.h:59]   --->   Operation 162 'sext' 'sext_ln73_14' <Predicate = true> <Delay = 0.00>
ST_3 : Operation 163 [1/1] (3.43ns)   --->   "%mul_ln58_6 = mul i18 %sext_ln73_14, i18 %sext_ln73_7" [firmware/nnet_utils/nnet_dense_resource.h:58]   --->   Operation 163 'mul' 'mul_ln58_6' <Predicate = true> <Delay = 3.43> <CoreInst = "Multiplier">   --->   Core 3 'Multiplier' <Latency = 0> <II = 1> <Delay = 3.43> <FuncUnit> <Opcode : 'mul'> <InPorts = 2> <OutPorts = 1>
ST_3 : Operation 164 [1/1] (0.00ns)   --->   "%trunc_ln58_6 = partselect i12 @_ssdm_op_PartSelect.i12.i18.i32.i32, i18 %mul_ln58_6, i32 6, i32 17" [firmware/nnet_utils/nnet_dense_resource.h:58]   --->   Operation 164 'partselect' 'trunc_ln58_6' <Predicate = true> <Delay = 0.00>
ST_3 : Operation 165 [1/1] (0.00ns)   --->   "%sext_ln73_15 = sext i12 %w_7" [firmware/nnet_utils/nnet_mult.h:73->firmware/nnet_utils/nnet_dense_resource.h:59]   --->   Operation 165 'sext' 'sext_ln73_15' <Predicate = true> <Delay = 0.00>
ST_3 : Operation 166 [1/1] (3.43ns)   --->   "%mul_ln58_7 = mul i18 %sext_ln73_15, i18 %sext_ln73_9" [firmware/nnet_utils/nnet_dense_resource.h:58]   --->   Operation 166 'mul' 'mul_ln58_7' <Predicate = true> <Delay = 3.43> <CoreInst = "Multiplier">   --->   Core 3 'Multiplier' <Latency = 0> <II = 1> <Delay = 3.43> <FuncUnit> <Opcode : 'mul'> <InPorts = 2> <OutPorts = 1>
ST_3 : Operation 167 [1/1] (0.00ns)   --->   "%trunc_ln58_7 = partselect i12 @_ssdm_op_PartSelect.i12.i18.i32.i32, i18 %mul_ln58_7, i32 6, i32 17" [firmware/nnet_utils/nnet_dense_resource.h:58]   --->   Operation 167 'partselect' 'trunc_ln58_7' <Predicate = true> <Delay = 0.00>
ST_3 : Operation 168 [1/1] (0.00ns)   --->   "%sext_ln73_16 = sext i12 %w_8" [firmware/nnet_utils/nnet_mult.h:73->firmware/nnet_utils/nnet_dense_resource.h:59]   --->   Operation 168 'sext' 'sext_ln73_16' <Predicate = true> <Delay = 0.00>
ST_3 : Operation 169 [1/1] (3.43ns)   --->   "%mul_ln58_8 = mul i18 %sext_ln73_16, i18 %sext_ln73_7" [firmware/nnet_utils/nnet_dense_resource.h:58]   --->   Operation 169 'mul' 'mul_ln58_8' <Predicate = true> <Delay = 3.43> <CoreInst = "Multiplier">   --->   Core 3 'Multiplier' <Latency = 0> <II = 1> <Delay = 3.43> <FuncUnit> <Opcode : 'mul'> <InPorts = 2> <OutPorts = 1>
ST_3 : Operation 170 [1/1] (0.00ns)   --->   "%trunc_ln58_8 = partselect i12 @_ssdm_op_PartSelect.i12.i18.i32.i32, i18 %mul_ln58_8, i32 6, i32 17" [firmware/nnet_utils/nnet_dense_resource.h:58]   --->   Operation 170 'partselect' 'trunc_ln58_8' <Predicate = true> <Delay = 0.00>
ST_3 : Operation 171 [1/1] (0.00ns)   --->   "%sext_ln73_17 = sext i12 %w_9" [firmware/nnet_utils/nnet_mult.h:73->firmware/nnet_utils/nnet_dense_resource.h:59]   --->   Operation 171 'sext' 'sext_ln73_17' <Predicate = true> <Delay = 0.00>
ST_3 : Operation 172 [1/1] (3.43ns)   --->   "%mul_ln58_9 = mul i18 %sext_ln73_17, i18 %sext_ln73_9" [firmware/nnet_utils/nnet_dense_resource.h:58]   --->   Operation 172 'mul' 'mul_ln58_9' <Predicate = true> <Delay = 3.43> <CoreInst = "Multiplier">   --->   Core 3 'Multiplier' <Latency = 0> <II = 1> <Delay = 3.43> <FuncUnit> <Opcode : 'mul'> <InPorts = 2> <OutPorts = 1>
ST_3 : Operation 173 [1/1] (0.00ns)   --->   "%trunc_ln58_9 = partselect i12 @_ssdm_op_PartSelect.i12.i18.i32.i32, i18 %mul_ln58_9, i32 6, i32 17" [firmware/nnet_utils/nnet_dense_resource.h:58]   --->   Operation 173 'partselect' 'trunc_ln58_9' <Predicate = true> <Delay = 0.00>
ST_3 : Operation 174 [1/1] (0.00ns)   --->   "%sext_ln73_18 = sext i12 %w_10" [firmware/nnet_utils/nnet_mult.h:73->firmware/nnet_utils/nnet_dense_resource.h:59]   --->   Operation 174 'sext' 'sext_ln73_18' <Predicate = true> <Delay = 0.00>
ST_3 : Operation 175 [1/1] (3.43ns)   --->   "%mul_ln58_10 = mul i18 %sext_ln73_18, i18 %sext_ln73_7" [firmware/nnet_utils/nnet_dense_resource.h:58]   --->   Operation 175 'mul' 'mul_ln58_10' <Predicate = true> <Delay = 3.43> <CoreInst = "Multiplier">   --->   Core 3 'Multiplier' <Latency = 0> <II = 1> <Delay = 3.43> <FuncUnit> <Opcode : 'mul'> <InPorts = 2> <OutPorts = 1>
ST_3 : Operation 176 [1/1] (0.00ns)   --->   "%trunc_ln58_s = partselect i12 @_ssdm_op_PartSelect.i12.i18.i32.i32, i18 %mul_ln58_10, i32 6, i32 17" [firmware/nnet_utils/nnet_dense_resource.h:58]   --->   Operation 176 'partselect' 'trunc_ln58_s' <Predicate = true> <Delay = 0.00>
ST_3 : Operation 177 [1/1] (0.00ns)   --->   "%sext_ln73_19 = sext i6 %tmp" [firmware/nnet_utils/nnet_mult.h:73->firmware/nnet_utils/nnet_dense_resource.h:59]   --->   Operation 177 'sext' 'sext_ln73_19' <Predicate = true> <Delay = 0.00>
ST_3 : Operation 178 [1/1] (3.43ns)   --->   "%mul_ln58_11 = mul i18 %sext_ln73_9, i18 %sext_ln73_19" [firmware/nnet_utils/nnet_dense_resource.h:58]   --->   Operation 178 'mul' 'mul_ln58_11' <Predicate = true> <Delay = 3.43> <CoreInst = "Multiplier">   --->   Core 3 'Multiplier' <Latency = 0> <II = 1> <Delay = 3.43> <FuncUnit> <Opcode : 'mul'> <InPorts = 2> <OutPorts = 1>
ST_3 : Operation 179 [1/1] (0.00ns)   --->   "%trunc_ln58_10 = partselect i12 @_ssdm_op_PartSelect.i12.i18.i32.i32, i18 %mul_ln58_11, i32 6, i32 17" [firmware/nnet_utils/nnet_dense_resource.h:58]   --->   Operation 179 'partselect' 'trunc_ln58_10' <Predicate = true> <Delay = 0.00>

State 4 <SV = 3> <Delay = 1.10>
ST_4 : Operation 180 [1/1] (0.00ns)   --->   "%res_0_0_i14 = phi i12 0, void %entry, i12 %add_ln58_1, void %MultLoop.split.i, i12 0, void %dense_resource_rf_leq_nin<ap_fixed<12, 6, 5, 3, 0>, ap_fixed<12, 6, 5, 3, 0>, config9_mult>.exit" [firmware/nnet_utils/nnet_dense_resource.h:58]   --->   Operation 180 'phi' 'res_0_0_i14' <Predicate = true> <Delay = 0.00>
ST_4 : Operation 181 [1/1] (0.00ns)   --->   "%res_1_0_i12 = phi i12 0, void %entry, i12 %add_ln58_3, void %MultLoop.split.i, i12 0, void %dense_resource_rf_leq_nin<ap_fixed<12, 6, 5, 3, 0>, ap_fixed<12, 6, 5, 3, 0>, config9_mult>.exit" [firmware/nnet_utils/nnet_dense_resource.h:58]   --->   Operation 181 'phi' 'res_1_0_i12' <Predicate = true> <Delay = 0.00>
ST_4 : Operation 182 [1/1] (0.00ns)   --->   "%res_2_0_i10 = phi i12 0, void %entry, i12 %add_ln58_5, void %MultLoop.split.i, i12 0, void %dense_resource_rf_leq_nin<ap_fixed<12, 6, 5, 3, 0>, ap_fixed<12, 6, 5, 3, 0>, config9_mult>.exit" [firmware/nnet_utils/nnet_dense_resource.h:58]   --->   Operation 182 'phi' 'res_2_0_i10' <Predicate = true> <Delay = 0.00>
ST_4 : Operation 183 [1/1] (0.00ns)   --->   "%res_3_0_i8 = phi i12 0, void %entry, i12 %add_ln58_7, void %MultLoop.split.i, i12 0, void %dense_resource_rf_leq_nin<ap_fixed<12, 6, 5, 3, 0>, ap_fixed<12, 6, 5, 3, 0>, config9_mult>.exit" [firmware/nnet_utils/nnet_dense_resource.h:58]   --->   Operation 183 'phi' 'res_3_0_i8' <Predicate = true> <Delay = 0.00>
ST_4 : Operation 184 [1/1] (0.00ns)   --->   "%res_4_0_i6 = phi i12 0, void %entry, i12 %add_ln58_9, void %MultLoop.split.i, i12 0, void %dense_resource_rf_leq_nin<ap_fixed<12, 6, 5, 3, 0>, ap_fixed<12, 6, 5, 3, 0>, config9_mult>.exit" [firmware/nnet_utils/nnet_dense_resource.h:58]   --->   Operation 184 'phi' 'res_4_0_i6' <Predicate = true> <Delay = 0.00>
ST_4 : Operation 185 [1/1] (0.00ns)   --->   "%res_5_0_i4 = phi i12 0, void %entry, i12 %add_ln58_11, void %MultLoop.split.i, i12 0, void %dense_resource_rf_leq_nin<ap_fixed<12, 6, 5, 3, 0>, ap_fixed<12, 6, 5, 3, 0>, config9_mult>.exit" [firmware/nnet_utils/nnet_dense_resource.h:58]   --->   Operation 185 'phi' 'res_5_0_i4' <Predicate = true> <Delay = 0.00>
ST_4 : Operation 186 [1/1] (0.00ns)   --->   "%specpipeline_ln47 = specpipeline void @_ssdm_op_SpecPipeline, i32 1, i32 0, i32 0, i32 1, void @empty_8" [firmware/nnet_utils/nnet_dense_resource.h:47]   --->   Operation 186 'specpipeline' 'specpipeline_ln47' <Predicate = true> <Delay = 0.00>
ST_4 : Operation 187 [1/1] (0.00ns)   --->   "%speclooptripcount_ln49 = speclooptripcount void @_ssdm_op_SpecLoopTripCount, i64 18, i64 18, i64 18" [firmware/nnet_utils/nnet_dense_resource.h:49]   --->   Operation 187 'speclooptripcount' 'speclooptripcount_ln49' <Predicate = true> <Delay = 0.00>
ST_4 : Operation 188 [1/1] (0.00ns)   --->   "%specloopname_ln46 = specloopname void @_ssdm_op_SpecLoopName, void @empty_9" [firmware/nnet_utils/nnet_dense_resource.h:46]   --->   Operation 188 'specloopname' 'specloopname_ln46' <Predicate = true> <Delay = 0.00>
ST_4 : Operation 189 [1/1] (0.00ns) (grouped into TernaryAdder)   --->   "%add_ln58 = add i12 %trunc_ln58_1, i12 %trunc_ln" [firmware/nnet_utils/nnet_dense_resource.h:58]   --->   Operation 189 'add' 'add_ln58' <Predicate = true> <Delay = 0.00> <CoreInst = "TAddSub">   --->   Core 10 'TAddSub' <Latency = 0> <II = 1> <Delay = 0.55> <IPBlock> <Opcode : '' 'add' 'sub'> <InPorts = 3> <OutPorts = 1> <Sync> <CReg>
ST_4 : Operation 190 [1/1] (1.10ns) (root node of TernaryAdder)   --->   "%add_ln58_1 = add i12 %res_0_0_i14, i12 %add_ln58" [firmware/nnet_utils/nnet_dense_resource.h:58]   --->   Operation 190 'add' 'add_ln58_1' <Predicate = true> <Delay = 1.10> <CoreInst = "TAddSub">   --->   Core 10 'TAddSub' <Latency = 0> <II = 1> <Delay = 0.55> <IPBlock> <Opcode : '' 'add' 'sub'> <InPorts = 3> <OutPorts = 1> <Sync> <CReg>
ST_4 : Operation 191 [1/1] (0.00ns) (grouped into TernaryAdder)   --->   "%add_ln58_2 = add i12 %trunc_ln58_3, i12 %trunc_ln58_2" [firmware/nnet_utils/nnet_dense_resource.h:58]   --->   Operation 191 'add' 'add_ln58_2' <Predicate = true> <Delay = 0.00> <CoreInst = "TAddSub">   --->   Core 10 'TAddSub' <Latency = 0> <II = 1> <Delay = 0.55> <IPBlock> <Opcode : '' 'add' 'sub'> <InPorts = 3> <OutPorts = 1> <Sync> <CReg>
ST_4 : Operation 192 [1/1] (1.10ns) (root node of TernaryAdder)   --->   "%add_ln58_3 = add i12 %res_1_0_i12, i12 %add_ln58_2" [firmware/nnet_utils/nnet_dense_resource.h:58]   --->   Operation 192 'add' 'add_ln58_3' <Predicate = true> <Delay = 1.10> <CoreInst = "TAddSub">   --->   Core 10 'TAddSub' <Latency = 0> <II = 1> <Delay = 0.55> <IPBlock> <Opcode : '' 'add' 'sub'> <InPorts = 3> <OutPorts = 1> <Sync> <CReg>
ST_4 : Operation 193 [1/1] (0.00ns) (grouped into TernaryAdder)   --->   "%add_ln58_4 = add i12 %trunc_ln58_5, i12 %trunc_ln58_4" [firmware/nnet_utils/nnet_dense_resource.h:58]   --->   Operation 193 'add' 'add_ln58_4' <Predicate = true> <Delay = 0.00> <CoreInst = "TAddSub">   --->   Core 10 'TAddSub' <Latency = 0> <II = 1> <Delay = 0.55> <IPBlock> <Opcode : '' 'add' 'sub'> <InPorts = 3> <OutPorts = 1> <Sync> <CReg>
ST_4 : Operation 194 [1/1] (1.10ns) (root node of TernaryAdder)   --->   "%add_ln58_5 = add i12 %res_2_0_i10, i12 %add_ln58_4" [firmware/nnet_utils/nnet_dense_resource.h:58]   --->   Operation 194 'add' 'add_ln58_5' <Predicate = true> <Delay = 1.10> <CoreInst = "TAddSub">   --->   Core 10 'TAddSub' <Latency = 0> <II = 1> <Delay = 0.55> <IPBlock> <Opcode : '' 'add' 'sub'> <InPorts = 3> <OutPorts = 1> <Sync> <CReg>
ST_4 : Operation 195 [1/1] (0.00ns) (grouped into TernaryAdder)   --->   "%add_ln58_6 = add i12 %trunc_ln58_7, i12 %trunc_ln58_6" [firmware/nnet_utils/nnet_dense_resource.h:58]   --->   Operation 195 'add' 'add_ln58_6' <Predicate = true> <Delay = 0.00> <CoreInst = "TAddSub">   --->   Core 10 'TAddSub' <Latency = 0> <II = 1> <Delay = 0.55> <IPBlock> <Opcode : '' 'add' 'sub'> <InPorts = 3> <OutPorts = 1> <Sync> <CReg>
ST_4 : Operation 196 [1/1] (1.10ns) (root node of TernaryAdder)   --->   "%add_ln58_7 = add i12 %res_3_0_i8, i12 %add_ln58_6" [firmware/nnet_utils/nnet_dense_resource.h:58]   --->   Operation 196 'add' 'add_ln58_7' <Predicate = true> <Delay = 1.10> <CoreInst = "TAddSub">   --->   Core 10 'TAddSub' <Latency = 0> <II = 1> <Delay = 0.55> <IPBlock> <Opcode : '' 'add' 'sub'> <InPorts = 3> <OutPorts = 1> <Sync> <CReg>
ST_4 : Operation 197 [1/1] (0.00ns) (grouped into TernaryAdder)   --->   "%add_ln58_8 = add i12 %trunc_ln58_9, i12 %trunc_ln58_8" [firmware/nnet_utils/nnet_dense_resource.h:58]   --->   Operation 197 'add' 'add_ln58_8' <Predicate = true> <Delay = 0.00> <CoreInst = "TAddSub">   --->   Core 10 'TAddSub' <Latency = 0> <II = 1> <Delay = 0.55> <IPBlock> <Opcode : '' 'add' 'sub'> <InPorts = 3> <OutPorts = 1> <Sync> <CReg>
ST_4 : Operation 198 [1/1] (1.10ns) (root node of TernaryAdder)   --->   "%add_ln58_9 = add i12 %res_4_0_i6, i12 %add_ln58_8" [firmware/nnet_utils/nnet_dense_resource.h:58]   --->   Operation 198 'add' 'add_ln58_9' <Predicate = true> <Delay = 1.10> <CoreInst = "TAddSub">   --->   Core 10 'TAddSub' <Latency = 0> <II = 1> <Delay = 0.55> <IPBlock> <Opcode : '' 'add' 'sub'> <InPorts = 3> <OutPorts = 1> <Sync> <CReg>
ST_4 : Operation 199 [1/1] (0.00ns) (grouped into TernaryAdder)   --->   "%add_ln58_10 = add i12 %trunc_ln58_10, i12 %trunc_ln58_s" [firmware/nnet_utils/nnet_dense_resource.h:58]   --->   Operation 199 'add' 'add_ln58_10' <Predicate = true> <Delay = 0.00> <CoreInst = "TAddSub">   --->   Core 10 'TAddSub' <Latency = 0> <II = 1> <Delay = 0.55> <IPBlock> <Opcode : '' 'add' 'sub'> <InPorts = 3> <OutPorts = 1> <Sync> <CReg>
ST_4 : Operation 200 [1/1] (1.10ns) (root node of TernaryAdder)   --->   "%add_ln58_11 = add i12 %res_5_0_i4, i12 %add_ln58_10" [firmware/nnet_utils/nnet_dense_resource.h:58]   --->   Operation 200 'add' 'add_ln58_11' <Predicate = true> <Delay = 1.10> <CoreInst = "TAddSub">   --->   Core 10 'TAddSub' <Latency = 0> <II = 1> <Delay = 0.55> <IPBlock> <Opcode : '' 'add' 'sub'> <InPorts = 3> <OutPorts = 1> <Sync> <CReg>
ST_4 : Operation 201 [1/1] (0.00ns)   --->   "%mrv_i = insertvalue i72 <undef>, i12 %add_ln58_1" [firmware/nnet_utils/nnet_dense_resource.h:84]   --->   Operation 201 'insertvalue' 'mrv_i' <Predicate = (icmp_ln46)> <Delay = 0.00>
ST_4 : Operation 202 [1/1] (0.00ns)   --->   "%mrv_1_i = insertvalue i72 %mrv_i, i12 %add_ln58_3" [firmware/nnet_utils/nnet_dense_resource.h:84]   --->   Operation 202 'insertvalue' 'mrv_1_i' <Predicate = (icmp_ln46)> <Delay = 0.00>
ST_4 : Operation 203 [1/1] (0.00ns)   --->   "%mrv_2_i = insertvalue i72 %mrv_1_i, i12 %add_ln58_5" [firmware/nnet_utils/nnet_dense_resource.h:84]   --->   Operation 203 'insertvalue' 'mrv_2_i' <Predicate = (icmp_ln46)> <Delay = 0.00>
ST_4 : Operation 204 [1/1] (0.00ns)   --->   "%mrv_3_i = insertvalue i72 %mrv_2_i, i12 %add_ln58_7" [firmware/nnet_utils/nnet_dense_resource.h:84]   --->   Operation 204 'insertvalue' 'mrv_3_i' <Predicate = (icmp_ln46)> <Delay = 0.00>
ST_4 : Operation 205 [1/1] (0.00ns)   --->   "%mrv_4_i = insertvalue i72 %mrv_3_i, i12 %add_ln58_9" [firmware/nnet_utils/nnet_dense_resource.h:84]   --->   Operation 205 'insertvalue' 'mrv_4_i' <Predicate = (icmp_ln46)> <Delay = 0.00>
ST_4 : Operation 206 [1/1] (0.00ns)   --->   "%mrv_5_i = insertvalue i72 %mrv_4_i, i12 %add_ln58_11" [firmware/nnet_utils/nnet_dense_resource.h:84]   --->   Operation 206 'insertvalue' 'mrv_5_i' <Predicate = (icmp_ln46)> <Delay = 0.00>
ST_4 : Operation 207 [1/1] (0.00ns)   --->   "%return_ln84 = return void @_ssdm_op_Return, i72 %mrv_5_i" [firmware/nnet_utils/nnet_dense_resource.h:84]   --->   Operation 207 'return' 'return_ln84' <Predicate = (icmp_ln46)> <Delay = 0.00>


============================================================
+ Verbose Summary: Timing violations
============================================================
Target clock period: 5.000ns, clock uncertainty: 1.350ns.

 <State 1>: 2.309ns
The critical path consists of the following:
	multiplexor before 'phi' operation 5 bit ('w_index') with incoming values : ('w_index', firmware/nnet_utils/nnet_dense_resource.h:46) [83]  (0.538 ns)
	'phi' operation 5 bit ('w_index') with incoming values : ('w_index', firmware/nnet_utils/nnet_dense_resource.h:46) [83]  (0.000 ns)
	'getelementptr' operation 5 bit ('w9_addr', firmware/nnet_utils/nnet_dense_resource.h:59) [166]  (0.000 ns)
	'load' operation 138 bit ('w9_load', firmware/nnet_utils/nnet_dense_resource.h:59) on array 'w9' [167]  (1.771 ns)

 <State 2>: 1.771ns
The critical path consists of the following:
	'load' operation 138 bit ('w9_load', firmware/nnet_utils/nnet_dense_resource.h:59) on array 'w9' [167]  (1.771 ns)

 <State 3>: 3.434ns
The critical path consists of the following:
	'mul' operation 18 bit ('mul_ln58', firmware/nnet_utils/nnet_dense_resource.h:58) [171]  (3.434 ns)

 <State 4>: 1.107ns
The critical path consists of the following:
	'phi' operation 12 bit ('res_0_0_i14', firmware/nnet_utils/nnet_dense_resource.h:58) with incoming values : ('add_ln58_1', firmware/nnet_utils/nnet_dense_resource.h:58) [77]  (0.000 ns)
	'add' operation 12 bit ('add_ln58_1', firmware/nnet_utils/nnet_dense_resource.h:58) [180]  (1.107 ns)
	'insertvalue' operation 72 bit ('mrv_i', firmware/nnet_utils/nnet_dense_resource.h:84) [235]  (0.000 ns)


============================================================
+ Verbose Summary: Binding
============================================================
N/A
* FSMD analyzer results:
  - Output states:
 - Input state : 
  - Chain level:
	State 1
	State 2
	State 3
	State 4


============================================================
+ Verbose Summary: Datapath Resource usage 
============================================================
N/A
