

================================================================
== Vitis HLS Report for 'dense_latency_ap_fixed_16_6_5_3_0_ap_fixed_16_6_5_3_0_config2_mult_s'
================================================================
* Date:           Sun Apr 26 02:59:42 2026

* Version:        2025.2 (Build 6295257 on Nov 14 2025)
* Project:        folo_prj
* Solution:       solution1 (Vivado IP Flow Target)
* Product family: kintexu
* Target device:  xcku035-fbva676-2-e


================================================================
== Performance Estimates
================================================================
+ Timing: 
    * Summary: 
    +--------+---------+----------+------------+
    |  Clock |  Target | Estimated| Uncertainty|
    +--------+---------+----------+------------+
    |ap_clk  |  5.00 ns|  3.570 ns|     1.35 ns|
    +--------+---------+----------+------------+

+ Latency: 
    * Summary: 
    +---------+---------+----------+----------+-----+-----+---------+
    |  Latency (cycles) |  Latency (absolute) |  Interval | Pipeline|
    |   min   |   max   |    min   |    max   | min | max |   Type  |
    +---------+---------+----------+----------+-----+-----+---------+
    |        1|        1|  5.000 ns|  5.000 ns|    1|    1|      yes|
    +---------+---------+----------+----------+-----+-----+---------+

    + Detail: 
        * Instance: 
        N/A

        * Loop: 
        N/A

============================================================
+ Verbose Summary: Synthesis Manager
============================================================
InlineROM: 1
ExposeGlobal: 0
============================================================
+ Verbose Summary: CDFG Model
============================================================
IsTopModel: 0
ResetActiveHigh: 1
IsCombinational: 0
IsDatapathOnly: 0
HasWiredReturn: 1
HasMFsm: 2
HasVarLatency: 0
IsPipeline: 1
IsRtlPipelined: 1
IsInstanceOverlapped: 0
IsDontTouch: 0
HasImplIP: 0
IsGatedGlobalClock: 0

+ Individual pipeline summary: 
  * Pipeline-0: initiation interval (II) = 1, depth = 2


============================================================
+ Verbose Summary: Schedule
============================================================
* Number of FSM states : 2
* Pipeline : 1
  Pipeline-0 : II = 1, D = 2, States = { 1 2 }
* Dataflow Pipeline: 0

* FSM state transitions: 
1 --> 2 
2 --> 

* FSM state operations: 

State 1 <SV = 0> <Delay = 3.57>
ST_1 : Operation 3 [1/1] (0.00ns)   --->   "%a = load i16 %void_compute_output_buffer_2d_array_const_ap_shift_reg_n_chan_stream_weig_58"   --->   Operation 3 'load' 'a' <Predicate = true> <Delay = 0.00>
ST_1 : Operation 4 [1/1] (0.00ns)   --->   "%sext_ln73 = sext i16 %a" [firmware/nnet_utils/nnet_mult.h:73->firmware/nnet_utils/nnet_dense_latency.h:42]   --->   Operation 4 'sext' 'sext_ln73' <Predicate = true> <Delay = 0.00>
ST_1 : Operation 5 [1/1] (0.00ns)   --->   "%sext_ln73_165 = sext i16 %a" [firmware/nnet_utils/nnet_mult.h:73->firmware/nnet_utils/nnet_dense_latency.h:42]   --->   Operation 5 'sext' 'sext_ln73_165' <Predicate = true> <Delay = 0.00>
ST_1 : Operation 6 [1/1] (3.57ns)   --->   "%mul_ln42 = mul i23 %sext_ln73_165, i23 91" [firmware/nnet_utils/nnet_dense_latency.h:42]   --->   Operation 6 'mul' 'mul_ln42' <Predicate = true> <Delay = 3.57> <CoreInst = "Multiplier">   --->   Core 3 'Multiplier' <Latency = 0> <II = 1> <Delay = 3.57> <FuncUnit> <Opcode : 'mul'> <InPorts = 2> <OutPorts = 1>
ST_1 : Operation 7 [1/1] (0.00ns)   --->   "%trunc_ln = partselect i16 @_ssdm_op_PartSelect.i16.i23.i32.i32, i23 %mul_ln42, i32 7, i32 22" [firmware/nnet_utils/nnet_dense_latency.h:42]   --->   Operation 7 'partselect' 'trunc_ln' <Predicate = true> <Delay = 0.00>
ST_1 : Operation 8 [1/1] (0.00ns)   --->   "%tmp = bitconcatenate i21 @_ssdm_op_BitConcatenate.i21.i16.i5, i16 %a, i5 0" [firmware/nnet_utils/nnet_mult.h:73->firmware/nnet_utils/nnet_dense_latency.h:42]   --->   Operation 8 'bitconcatenate' 'tmp' <Predicate = true> <Delay = 0.00>
ST_1 : Operation 9 [1/1] (0.00ns)   --->   "%sext_ln73_268 = sext i21 %tmp" [firmware/nnet_utils/nnet_mult.h:73->firmware/nnet_utils/nnet_dense_latency.h:42]   --->   Operation 9 'sext' 'sext_ln73_268' <Predicate = true> <Delay = 0.00>
ST_1 : Operation 10 [1/1] (1.43ns)   --->   "%sub_ln73 = sub i22 0, i22 %sext_ln73_268" [firmware/nnet_utils/nnet_mult.h:73->firmware/nnet_utils/nnet_dense_latency.h:42]   --->   Operation 10 'sub' 'sub_ln73' <Predicate = true> <Delay = 1.43> <CoreInst = "Adder">   --->   Core 1 'Adder' <Latency = 0> <II = 1> <Delay = 1.43> <FuncUnit> <Opcode : 'add' 'sub'> <InPorts = 2> <OutPorts = 1>
ST_1 : Operation 11 [1/1] (0.00ns)   --->   "%trunc_ln42_s = partselect i15 @_ssdm_op_PartSelect.i15.i22.i32.i32, i22 %sub_ln73, i32 7, i32 21" [firmware/nnet_utils/nnet_dense_latency.h:42]   --->   Operation 11 'partselect' 'trunc_ln42_s' <Predicate = true> <Delay = 0.00>
ST_1 : Operation 12 [1/1] (0.00ns)   --->   "%tmp_191 = bitconcatenate i19 @_ssdm_op_BitConcatenate.i19.i16.i3, i16 %a, i3 0" [firmware/nnet_utils/nnet_mult.h:73->firmware/nnet_utils/nnet_dense_latency.h:42]   --->   Operation 12 'bitconcatenate' 'tmp_191' <Predicate = true> <Delay = 0.00>
ST_1 : Operation 13 [1/1] (0.00ns)   --->   "%sext_ln73_269 = sext i19 %tmp_191" [firmware/nnet_utils/nnet_mult.h:73->firmware/nnet_utils/nnet_dense_latency.h:42]   --->   Operation 13 'sext' 'sext_ln73_269' <Predicate = true> <Delay = 0.00>
ST_1 : Operation 14 [1/1] (1.43ns)   --->   "%sub_ln73_125 = sub i20 %sext_ln73, i20 %sext_ln73_269" [firmware/nnet_utils/nnet_mult.h:73->firmware/nnet_utils/nnet_dense_latency.h:42]   --->   Operation 14 'sub' 'sub_ln73_125' <Predicate = true> <Delay = 1.43> <CoreInst = "Adder">   --->   Core 1 'Adder' <Latency = 0> <II = 1> <Delay = 1.43> <FuncUnit> <Opcode : 'add' 'sub'> <InPorts = 2> <OutPorts = 1>
ST_1 : Operation 15 [1/1] (0.00ns)   --->   "%trunc_ln42_209 = partselect i13 @_ssdm_op_PartSelect.i13.i20.i32.i32, i20 %sub_ln73_125, i32 7, i32 19" [firmware/nnet_utils/nnet_dense_latency.h:42]   --->   Operation 15 'partselect' 'trunc_ln42_209' <Predicate = true> <Delay = 0.00>
ST_1 : Operation 16 [1/1] (0.00ns)   --->   "%sext_ln42_134 = sext i13 %trunc_ln42_209" [firmware/nnet_utils/nnet_dense_latency.h:42]   --->   Operation 16 'sext' 'sext_ln42_134' <Predicate = true> <Delay = 0.00>
ST_1 : Operation 17 [1/1] (0.00ns)   --->   "%p_shl27 = bitconcatenate i23 @_ssdm_op_BitConcatenate.i23.i16.i7, i16 %a, i7 0" [firmware/nnet_utils/nnet_dense_latency.h:42]   --->   Operation 17 'bitconcatenate' 'p_shl27' <Predicate = true> <Delay = 0.00>
ST_1 : Operation 18 [1/1] (0.00ns)   --->   "%tmp_192 = bitconcatenate i20 @_ssdm_op_BitConcatenate.i20.i16.i4, i16 %a, i4 0" [firmware/nnet_utils/nnet_dense_latency.h:42]   --->   Operation 18 'bitconcatenate' 'tmp_192' <Predicate = true> <Delay = 0.00>
ST_1 : Operation 19 [1/1] (0.00ns)   --->   "%sext_ln42_147 = sext i20 %tmp_192" [firmware/nnet_utils/nnet_dense_latency.h:42]   --->   Operation 19 'sext' 'sext_ln42_147' <Predicate = true> <Delay = 0.00>
ST_1 : Operation 20 [1/1] (1.44ns)   --->   "%sub_ln42 = sub i23 %p_shl27, i23 %sext_ln42_147" [firmware/nnet_utils/nnet_dense_latency.h:42]   --->   Operation 20 'sub' 'sub_ln42' <Predicate = true> <Delay = 1.44> <CoreInst = "Adder">   --->   Core 1 'Adder' <Latency = 0> <II = 1> <Delay = 1.44> <FuncUnit> <Opcode : 'add' 'sub'> <InPorts = 2> <OutPorts = 1>
ST_1 : Operation 21 [1/1] (0.00ns)   --->   "%trunc_ln42_210 = partselect i16 @_ssdm_op_PartSelect.i16.i23.i32.i32, i23 %sub_ln42, i32 7, i32 22" [firmware/nnet_utils/nnet_dense_latency.h:42]   --->   Operation 21 'partselect' 'trunc_ln42_210' <Predicate = true> <Delay = 0.00>
ST_1 : Operation 22 [1/1] (0.00ns)   --->   "%a_85 = load i16 %void_compute_output_buffer_2d_array_const_ap_shift_reg_n_chan_stream_weig_57"   --->   Operation 22 'load' 'a_85' <Predicate = true> <Delay = 0.00>
ST_1 : Operation 23 [1/1] (0.00ns)   --->   "%sext_ln42_135 = sext i16 %a_85" [firmware/nnet_utils/nnet_dense_latency.h:42]   --->   Operation 23 'sext' 'sext_ln42_135' <Predicate = true> <Delay = 0.00>
ST_1 : Operation 24 [1/1] (0.00ns)   --->   "%sext_ln73_166 = sext i16 %a_85" [firmware/nnet_utils/nnet_mult.h:73->firmware/nnet_utils/nnet_dense_latency.h:42]   --->   Operation 24 'sext' 'sext_ln73_166' <Predicate = true> <Delay = 0.00>
ST_1 : Operation 25 [1/1] (3.57ns)   --->   "%mul_ln73 = mul i23 %sext_ln42_135, i23 41" [firmware/nnet_utils/nnet_mult.h:73->firmware/nnet_utils/nnet_dense_latency.h:42]   --->   Operation 25 'mul' 'mul_ln73' <Predicate = true> <Delay = 3.57> <CoreInst = "Multiplier">   --->   Core 3 'Multiplier' <Latency = 0> <II = 1> <Delay = 3.57> <FuncUnit> <Opcode : 'mul'> <InPorts = 2> <OutPorts = 1>
ST_1 : Operation 26 [1/1] (0.00ns)   --->   "%trunc_ln42_211 = partselect i16 @_ssdm_op_PartSelect.i16.i23.i32.i32, i23 %mul_ln73, i32 7, i32 22" [firmware/nnet_utils/nnet_dense_latency.h:42]   --->   Operation 26 'partselect' 'trunc_ln42_211' <Predicate = true> <Delay = 0.00>
ST_1 : Operation 27 [1/1] (0.00ns)   --->   "%tmp_193 = bitconcatenate i21 @_ssdm_op_BitConcatenate.i21.i16.i5, i16 %a_85, i5 0" [firmware/nnet_utils/nnet_mult.h:73->firmware/nnet_utils/nnet_dense_latency.h:42]   --->   Operation 27 'bitconcatenate' 'tmp_193' <Predicate = true> <Delay = 0.00>
ST_1 : Operation 28 [1/1] (0.00ns)   --->   "%sext_ln73_270 = sext i21 %tmp_193" [firmware/nnet_utils/nnet_mult.h:73->firmware/nnet_utils/nnet_dense_latency.h:42]   --->   Operation 28 'sext' 'sext_ln73_270' <Predicate = true> <Delay = 0.00>
ST_1 : Operation 29 [1/1] (1.43ns)   --->   "%sub_ln73_126 = sub i22 %sext_ln73_166, i22 %sext_ln73_270" [firmware/nnet_utils/nnet_mult.h:73->firmware/nnet_utils/nnet_dense_latency.h:42]   --->   Operation 29 'sub' 'sub_ln73_126' <Predicate = true> <Delay = 1.43> <CoreInst = "Adder">   --->   Core 1 'Adder' <Latency = 0> <II = 1> <Delay = 1.43> <FuncUnit> <Opcode : 'add' 'sub'> <InPorts = 2> <OutPorts = 1>
ST_1 : Operation 30 [1/1] (0.00ns)   --->   "%trunc_ln42_212 = partselect i15 @_ssdm_op_PartSelect.i15.i22.i32.i32, i22 %sub_ln73_126, i32 7, i32 21" [firmware/nnet_utils/nnet_dense_latency.h:42]   --->   Operation 30 'partselect' 'trunc_ln42_212' <Predicate = true> <Delay = 0.00>
ST_1 : Operation 31 [1/1] (0.00ns)   --->   "%sext_ln42_136 = sext i15 %trunc_ln42_212" [firmware/nnet_utils/nnet_dense_latency.h:42]   --->   Operation 31 'sext' 'sext_ln42_136' <Predicate = true> <Delay = 0.00>
ST_1 : Operation 32 [1/1] (3.57ns)   --->   "%mul_ln73_161 = mul i23 %sext_ln42_135, i23 53" [firmware/nnet_utils/nnet_mult.h:73->firmware/nnet_utils/nnet_dense_latency.h:42]   --->   Operation 32 'mul' 'mul_ln73_161' <Predicate = true> <Delay = 3.57> <CoreInst = "Multiplier">   --->   Core 3 'Multiplier' <Latency = 0> <II = 1> <Delay = 3.57> <FuncUnit> <Opcode : 'mul'> <InPorts = 2> <OutPorts = 1>
ST_1 : Operation 33 [1/1] (0.00ns)   --->   "%trunc_ln42_213 = partselect i16 @_ssdm_op_PartSelect.i16.i23.i32.i32, i23 %mul_ln73_161, i32 7, i32 22" [firmware/nnet_utils/nnet_dense_latency.h:42]   --->   Operation 33 'partselect' 'trunc_ln42_213' <Predicate = true> <Delay = 0.00>
ST_1 : Operation 34 [1/1] (3.57ns)   --->   "%mul_ln42_76 = mul i23 %sext_ln42_135, i23 104" [firmware/nnet_utils/nnet_dense_latency.h:42]   --->   Operation 34 'mul' 'mul_ln42_76' <Predicate = true> <Delay = 3.57> <CoreInst = "Multiplier">   --->   Core 3 'Multiplier' <Latency = 0> <II = 1> <Delay = 3.57> <FuncUnit> <Opcode : 'mul'> <InPorts = 2> <OutPorts = 1>
ST_1 : Operation 35 [1/1] (0.00ns)   --->   "%trunc_ln42_214 = partselect i16 @_ssdm_op_PartSelect.i16.i23.i32.i32, i23 %mul_ln42_76, i32 7, i32 22" [firmware/nnet_utils/nnet_dense_latency.h:42]   --->   Operation 35 'partselect' 'trunc_ln42_214' <Predicate = true> <Delay = 0.00>
ST_1 : Operation 36 [1/1] (0.00ns)   --->   "%a_86 = load i16 %void_compute_output_buffer_2d_array_const_ap_shift_reg_n_chan_stream_weig_56"   --->   Operation 36 'load' 'a_86' <Predicate = true> <Delay = 0.00>
ST_1 : Operation 37 [1/1] (0.00ns)   --->   "%sext_ln42_137 = sext i16 %a_86" [firmware/nnet_utils/nnet_dense_latency.h:42]   --->   Operation 37 'sext' 'sext_ln42_137' <Predicate = true> <Delay = 0.00>
ST_1 : Operation 38 [1/1] (0.00ns)   --->   "%sext_ln73_167 = sext i16 %a_86" [firmware/nnet_utils/nnet_mult.h:73->firmware/nnet_utils/nnet_dense_latency.h:42]   --->   Operation 38 'sext' 'sext_ln73_167' <Predicate = true> <Delay = 0.00>
ST_1 : Operation 39 [1/1] (0.00ns)   --->   "%sext_ln73_168 = sext i16 %a_86" [firmware/nnet_utils/nnet_mult.h:73->firmware/nnet_utils/nnet_dense_latency.h:42]   --->   Operation 39 'sext' 'sext_ln73_168' <Predicate = true> <Delay = 0.00>
ST_1 : Operation 40 [1/1] (3.57ns)   --->   "%mul_ln73_162 = mul i22 %sext_ln73_168, i22 4194281" [firmware/nnet_utils/nnet_mult.h:73->firmware/nnet_utils/nnet_dense_latency.h:42]   --->   Operation 40 'mul' 'mul_ln73_162' <Predicate = true> <Delay = 3.57> <CoreInst = "Multiplier">   --->   Core 3 'Multiplier' <Latency = 0> <II = 1> <Delay = 3.57> <FuncUnit> <Opcode : 'mul'> <InPorts = 2> <OutPorts = 1>
ST_1 : Operation 41 [1/1] (0.00ns)   --->   "%trunc_ln42_215 = partselect i15 @_ssdm_op_PartSelect.i15.i22.i32.i32, i22 %mul_ln73_162, i32 7, i32 21" [firmware/nnet_utils/nnet_dense_latency.h:42]   --->   Operation 41 'partselect' 'trunc_ln42_215' <Predicate = true> <Delay = 0.00>
ST_1 : Operation 42 [1/1] (0.00ns)   --->   "%tmp_194 = bitconcatenate i20 @_ssdm_op_BitConcatenate.i20.i16.i4, i16 %a_86, i4 0" [firmware/nnet_utils/nnet_mult.h:73->firmware/nnet_utils/nnet_dense_latency.h:42]   --->   Operation 42 'bitconcatenate' 'tmp_194' <Predicate = true> <Delay = 0.00>
ST_1 : Operation 43 [1/1] (0.00ns)   --->   "%sext_ln73_271 = sext i20 %tmp_194" [firmware/nnet_utils/nnet_mult.h:73->firmware/nnet_utils/nnet_dense_latency.h:42]   --->   Operation 43 'sext' 'sext_ln73_271' <Predicate = true> <Delay = 0.00>
ST_1 : Operation 44 [1/1] (0.00ns) (grouped into TernaryAdder)   --->   "%sub_ln73_127 = sub i22 0, i22 %sext_ln73_271" [firmware/nnet_utils/nnet_mult.h:73->firmware/nnet_utils/nnet_dense_latency.h:42]   --->   Operation 44 'sub' 'sub_ln73_127' <Predicate = true> <Delay = 0.00> <CoreInst = "TAddSub">   --->   Core 10 'TAddSub' <Latency = 0> <II = 1> <Delay = 0.49> <IPBlock> <Opcode : 'add' 'sub'> <InPorts = 3> <OutPorts = 1> <Sync> <CReg>
ST_1 : Operation 45 [1/1] (1.02ns) (root node of TernaryAdder)   --->   "%sub_ln73_128 = sub i22 %sub_ln73_127, i22 %sext_ln73_168" [firmware/nnet_utils/nnet_mult.h:73->firmware/nnet_utils/nnet_dense_latency.h:42]   --->   Operation 45 'sub' 'sub_ln73_128' <Predicate = true> <Delay = 1.02> <CoreInst = "TAddSub">   --->   Core 10 'TAddSub' <Latency = 0> <II = 1> <Delay = 0.49> <IPBlock> <Opcode : 'add' 'sub'> <InPorts = 3> <OutPorts = 1> <Sync> <CReg>
ST_1 : Operation 46 [1/1] (0.00ns)   --->   "%trunc_ln42_216 = partselect i15 @_ssdm_op_PartSelect.i15.i22.i32.i32, i22 %sub_ln73_128, i32 7, i32 21" [firmware/nnet_utils/nnet_dense_latency.h:42]   --->   Operation 46 'partselect' 'trunc_ln42_216' <Predicate = true> <Delay = 0.00>
ST_1 : Operation 47 [1/1] (3.57ns)   --->   "%mul_ln42_77 = mul i23 %sext_ln42_137, i23 77" [firmware/nnet_utils/nnet_dense_latency.h:42]   --->   Operation 47 'mul' 'mul_ln42_77' <Predicate = true> <Delay = 3.57> <CoreInst = "Multiplier">   --->   Core 3 'Multiplier' <Latency = 0> <II = 1> <Delay = 3.57> <FuncUnit> <Opcode : 'mul'> <InPorts = 2> <OutPorts = 1>
ST_1 : Operation 48 [1/1] (0.00ns)   --->   "%trunc_ln42_217 = partselect i16 @_ssdm_op_PartSelect.i16.i23.i32.i32, i23 %mul_ln42_77, i32 7, i32 22" [firmware/nnet_utils/nnet_dense_latency.h:42]   --->   Operation 48 'partselect' 'trunc_ln42_217' <Predicate = true> <Delay = 0.00>
ST_1 : Operation 49 [1/1] (0.00ns)   --->   "%tmp_195 = bitconcatenate i18 @_ssdm_op_BitConcatenate.i18.i16.i2, i16 %a_86, i2 0" [firmware/nnet_utils/nnet_mult.h:73->firmware/nnet_utils/nnet_dense_latency.h:42]   --->   Operation 49 'bitconcatenate' 'tmp_195' <Predicate = true> <Delay = 0.00>
ST_1 : Operation 50 [1/1] (0.00ns)   --->   "%sext_ln73_272 = sext i18 %tmp_195" [firmware/nnet_utils/nnet_mult.h:73->firmware/nnet_utils/nnet_dense_latency.h:42]   --->   Operation 50 'sext' 'sext_ln73_272' <Predicate = true> <Delay = 0.00>
ST_1 : Operation 51 [1/1] (1.42ns)   --->   "%add_ln73 = add i20 %sext_ln73_272, i20 %sext_ln73_167" [firmware/nnet_utils/nnet_mult.h:73->firmware/nnet_utils/nnet_dense_latency.h:42]   --->   Operation 51 'add' 'add_ln73' <Predicate = true> <Delay = 1.42> <CoreInst = "Adder">   --->   Core 1 'Adder' <Latency = 0> <II = 1> <Delay = 1.42> <FuncUnit> <Opcode : 'add' 'sub'> <InPorts = 2> <OutPorts = 1>
ST_1 : Operation 52 [1/1] (0.00ns)   --->   "%trunc_ln42_218 = partselect i13 @_ssdm_op_PartSelect.i13.i20.i32.i32, i20 %add_ln73, i32 7, i32 19" [firmware/nnet_utils/nnet_dense_latency.h:42]   --->   Operation 52 'partselect' 'trunc_ln42_218' <Predicate = true> <Delay = 0.00>
ST_1 : Operation 53 [1/1] (0.00ns)   --->   "%p_cast32_cast = sext i13 %trunc_ln42_218" [firmware/nnet_utils/nnet_dense_latency.h:42]   --->   Operation 53 'sext' 'p_cast32_cast' <Predicate = true> <Delay = 0.00>
ST_1 : Operation 54 [1/1] (0.00ns)   --->   "%a_87 = load i16 %void_compute_output_buffer_2d_array_const_ap_shift_reg_n_chan_stream_weig_55"   --->   Operation 54 'load' 'a_87' <Predicate = true> <Delay = 0.00>
ST_1 : Operation 55 [1/1] (0.00ns)   --->   "%sext_ln73_169 = sext i16 %a_87" [firmware/nnet_utils/nnet_mult.h:73->firmware/nnet_utils/nnet_dense_latency.h:42]   --->   Operation 55 'sext' 'sext_ln73_169' <Predicate = true> <Delay = 0.00>
ST_1 : Operation 56 [1/1] (0.00ns)   --->   "%tmp_196 = bitconcatenate i21 @_ssdm_op_BitConcatenate.i21.i16.i5, i16 %a_87, i5 0" [firmware/nnet_utils/nnet_mult.h:73->firmware/nnet_utils/nnet_dense_latency.h:42]   --->   Operation 56 'bitconcatenate' 'tmp_196' <Predicate = true> <Delay = 0.00>
ST_1 : Operation 57 [1/1] (0.00ns)   --->   "%sext_ln73_273 = sext i21 %tmp_196" [firmware/nnet_utils/nnet_mult.h:73->firmware/nnet_utils/nnet_dense_latency.h:42]   --->   Operation 57 'sext' 'sext_ln73_273' <Predicate = true> <Delay = 0.00>
ST_1 : Operation 58 [1/1] (0.00ns)   --->   "%tmp_197 = bitconcatenate i17 @_ssdm_op_BitConcatenate.i17.i16.i1, i16 %a_87, i1 0" [firmware/nnet_utils/nnet_mult.h:73->firmware/nnet_utils/nnet_dense_latency.h:42]   --->   Operation 58 'bitconcatenate' 'tmp_197' <Predicate = true> <Delay = 0.00>
ST_1 : Operation 59 [1/1] (0.00ns)   --->   "%sext_ln73_274 = sext i17 %tmp_197" [firmware/nnet_utils/nnet_mult.h:73->firmware/nnet_utils/nnet_dense_latency.h:42]   --->   Operation 59 'sext' 'sext_ln73_274' <Predicate = true> <Delay = 0.00>
ST_1 : Operation 60 [1/1] (1.43ns)   --->   "%add_ln73_31 = add i23 %sext_ln73_273, i23 %sext_ln73_274" [firmware/nnet_utils/nnet_mult.h:73->firmware/nnet_utils/nnet_dense_latency.h:42]   --->   Operation 60 'add' 'add_ln73_31' <Predicate = true> <Delay = 1.43> <CoreInst = "Adder">   --->   Core 1 'Adder' <Latency = 0> <II = 1> <Delay = 1.43> <FuncUnit> <Opcode : 'add' 'sub'> <InPorts = 2> <OutPorts = 1>
ST_1 : Operation 61 [1/1] (0.00ns)   --->   "%trunc_ln42_219 = partselect i16 @_ssdm_op_PartSelect.i16.i23.i32.i32, i23 %add_ln73_31, i32 7, i32 22" [firmware/nnet_utils/nnet_dense_latency.h:42]   --->   Operation 61 'partselect' 'trunc_ln42_219' <Predicate = true> <Delay = 0.00>
ST_1 : Operation 62 [1/1] (0.00ns)   --->   "%tmp_198 = bitconcatenate i22 @_ssdm_op_BitConcatenate.i22.i16.i6, i16 %a_87, i6 0" [firmware/nnet_utils/nnet_mult.h:73->firmware/nnet_utils/nnet_dense_latency.h:42]   --->   Operation 62 'bitconcatenate' 'tmp_198' <Predicate = true> <Delay = 0.00>
ST_1 : Operation 63 [1/1] (0.00ns)   --->   "%sext_ln73_275 = sext i22 %tmp_198" [firmware/nnet_utils/nnet_mult.h:73->firmware/nnet_utils/nnet_dense_latency.h:42]   --->   Operation 63 'sext' 'sext_ln73_275' <Predicate = true> <Delay = 0.00>
ST_1 : Operation 64 [1/1] (0.00ns)   --->   "%tmp_199 = bitconcatenate i20 @_ssdm_op_BitConcatenate.i20.i16.i4, i16 %a_87, i4 0" [firmware/nnet_utils/nnet_mult.h:73->firmware/nnet_utils/nnet_dense_latency.h:42]   --->   Operation 64 'bitconcatenate' 'tmp_199' <Predicate = true> <Delay = 0.00>
ST_1 : Operation 65 [1/1] (0.00ns)   --->   "%sext_ln73_276 = sext i20 %tmp_199" [firmware/nnet_utils/nnet_mult.h:73->firmware/nnet_utils/nnet_dense_latency.h:42]   --->   Operation 65 'sext' 'sext_ln73_276' <Predicate = true> <Delay = 0.00>
ST_1 : Operation 66 [1/1] (1.44ns)   --->   "%sub_ln73_129 = sub i23 %sext_ln73_275, i23 %sext_ln73_276" [firmware/nnet_utils/nnet_mult.h:73->firmware/nnet_utils/nnet_dense_latency.h:42]   --->   Operation 66 'sub' 'sub_ln73_129' <Predicate = true> <Delay = 1.44> <CoreInst = "Adder">   --->   Core 1 'Adder' <Latency = 0> <II = 1> <Delay = 1.44> <FuncUnit> <Opcode : 'add' 'sub'> <InPorts = 2> <OutPorts = 1>
ST_1 : Operation 67 [1/1] (0.00ns)   --->   "%trunc_ln42_220 = partselect i16 @_ssdm_op_PartSelect.i16.i23.i32.i32, i23 %sub_ln73_129, i32 7, i32 22" [firmware/nnet_utils/nnet_dense_latency.h:42]   --->   Operation 67 'partselect' 'trunc_ln42_220' <Predicate = true> <Delay = 0.00>
ST_1 : Operation 68 [1/1] (3.57ns)   --->   "%mul_ln73_163 = mul i22 %sext_ln73_169, i22 26" [firmware/nnet_utils/nnet_mult.h:73->firmware/nnet_utils/nnet_dense_latency.h:42]   --->   Operation 68 'mul' 'mul_ln73_163' <Predicate = true> <Delay = 3.57> <CoreInst = "Multiplier">   --->   Core 3 'Multiplier' <Latency = 0> <II = 1> <Delay = 3.57> <FuncUnit> <Opcode : 'mul'> <InPorts = 2> <OutPorts = 1>
ST_1 : Operation 69 [1/1] (0.00ns)   --->   "%trunc_ln42_221 = partselect i15 @_ssdm_op_PartSelect.i15.i22.i32.i32, i22 %mul_ln73_163, i32 7, i32 21" [firmware/nnet_utils/nnet_dense_latency.h:42]   --->   Operation 69 'partselect' 'trunc_ln42_221' <Predicate = true> <Delay = 0.00>
ST_1 : Operation 70 [1/1] (0.00ns)   --->   "%sext_ln73_277 = sext i20 %tmp_199" [firmware/nnet_utils/nnet_mult.h:73->firmware/nnet_utils/nnet_dense_latency.h:42]   --->   Operation 70 'sext' 'sext_ln73_277' <Predicate = true> <Delay = 0.00>
ST_1 : Operation 71 [1/1] (1.43ns)   --->   "%add_ln73_32 = add i22 %sext_ln73_277, i22 %sext_ln73_169" [firmware/nnet_utils/nnet_mult.h:73->firmware/nnet_utils/nnet_dense_latency.h:42]   --->   Operation 71 'add' 'add_ln73_32' <Predicate = true> <Delay = 1.43> <CoreInst = "Adder">   --->   Core 1 'Adder' <Latency = 0> <II = 1> <Delay = 1.43> <FuncUnit> <Opcode : 'add' 'sub'> <InPorts = 2> <OutPorts = 1>
ST_1 : Operation 72 [1/1] (0.00ns)   --->   "%trunc_ln42_222 = partselect i15 @_ssdm_op_PartSelect.i15.i22.i32.i32, i22 %add_ln73_32, i32 7, i32 21" [firmware/nnet_utils/nnet_dense_latency.h:42]   --->   Operation 72 'partselect' 'trunc_ln42_222' <Predicate = true> <Delay = 0.00>
ST_1 : Operation 73 [1/1] (0.00ns)   --->   "%a_88 = load i16 %void_compute_output_buffer_2d_array_const_ap_shift_reg_n_chan_stream_weig_54"   --->   Operation 73 'load' 'a_88' <Predicate = true> <Delay = 0.00>
ST_1 : Operation 74 [1/1] (0.00ns)   --->   "%sext_ln73_171 = sext i16 %a_88" [firmware/nnet_utils/nnet_mult.h:73->firmware/nnet_utils/nnet_dense_latency.h:42]   --->   Operation 74 'sext' 'sext_ln73_171' <Predicate = true> <Delay = 0.00>
ST_1 : Operation 75 [1/1] (0.00ns)   --->   "%sext_ln73_172 = sext i16 %a_88" [firmware/nnet_utils/nnet_mult.h:73->firmware/nnet_utils/nnet_dense_latency.h:42]   --->   Operation 75 'sext' 'sext_ln73_172' <Predicate = true> <Delay = 0.00>
ST_1 : Operation 76 [1/1] (0.00ns)   --->   "%sext_ln73_173 = sext i16 %a_88" [firmware/nnet_utils/nnet_mult.h:73->firmware/nnet_utils/nnet_dense_latency.h:42]   --->   Operation 76 'sext' 'sext_ln73_173' <Predicate = true> <Delay = 0.00>
ST_1 : Operation 77 [1/1] (3.57ns)   --->   "%mul_ln73_164 = mul i23 %sext_ln73_173, i23 50" [firmware/nnet_utils/nnet_mult.h:73->firmware/nnet_utils/nnet_dense_latency.h:42]   --->   Operation 77 'mul' 'mul_ln73_164' <Predicate = true> <Delay = 3.57> <CoreInst = "Multiplier">   --->   Core 3 'Multiplier' <Latency = 0> <II = 1> <Delay = 3.57> <FuncUnit> <Opcode : 'mul'> <InPorts = 2> <OutPorts = 1>
ST_1 : Operation 78 [1/1] (0.00ns)   --->   "%trunc_ln42_223 = partselect i16 @_ssdm_op_PartSelect.i16.i23.i32.i32, i23 %mul_ln73_164, i32 7, i32 22" [firmware/nnet_utils/nnet_dense_latency.h:42]   --->   Operation 78 'partselect' 'trunc_ln42_223' <Predicate = true> <Delay = 0.00>
ST_1 : Operation 79 [1/1] (3.57ns)   --->   "%mul_ln73_165 = mul i22 %sext_ln73_172, i22 25" [firmware/nnet_utils/nnet_mult.h:73->firmware/nnet_utils/nnet_dense_latency.h:42]   --->   Operation 79 'mul' 'mul_ln73_165' <Predicate = true> <Delay = 3.57> <CoreInst = "Multiplier">   --->   Core 3 'Multiplier' <Latency = 0> <II = 1> <Delay = 3.57> <FuncUnit> <Opcode : 'mul'> <InPorts = 2> <OutPorts = 1>
ST_1 : Operation 80 [1/1] (0.00ns)   --->   "%trunc_ln42_224 = partselect i15 @_ssdm_op_PartSelect.i15.i22.i32.i32, i22 %mul_ln73_165, i32 7, i32 21" [firmware/nnet_utils/nnet_dense_latency.h:42]   --->   Operation 80 'partselect' 'trunc_ln42_224' <Predicate = true> <Delay = 0.00>
ST_1 : Operation 81 [1/1] (0.00ns)   --->   "%tmp_200 = bitconcatenate i19 @_ssdm_op_BitConcatenate.i19.i16.i3, i16 %a_88, i3 0" [firmware/nnet_utils/nnet_mult.h:73->firmware/nnet_utils/nnet_dense_latency.h:42]   --->   Operation 81 'bitconcatenate' 'tmp_200' <Predicate = true> <Delay = 0.00>
ST_1 : Operation 82 [1/1] (0.00ns)   --->   "%sext_ln73_278 = sext i19 %tmp_200" [firmware/nnet_utils/nnet_mult.h:73->firmware/nnet_utils/nnet_dense_latency.h:42]   --->   Operation 82 'sext' 'sext_ln73_278' <Predicate = true> <Delay = 0.00>
ST_1 : Operation 83 [1/1] (0.00ns)   --->   "%tmp_201 = bitconcatenate i17 @_ssdm_op_BitConcatenate.i17.i16.i1, i16 %a_88, i1 0" [firmware/nnet_utils/nnet_mult.h:73->firmware/nnet_utils/nnet_dense_latency.h:42]   --->   Operation 83 'bitconcatenate' 'tmp_201' <Predicate = true> <Delay = 0.00>
ST_1 : Operation 84 [1/1] (0.00ns)   --->   "%sext_ln73_279 = sext i17 %tmp_201" [firmware/nnet_utils/nnet_mult.h:73->firmware/nnet_utils/nnet_dense_latency.h:42]   --->   Operation 84 'sext' 'sext_ln73_279' <Predicate = true> <Delay = 0.00>
ST_1 : Operation 85 [1/1] (1.43ns)   --->   "%add_ln73_33 = add i21 %sext_ln73_278, i21 %sext_ln73_279" [firmware/nnet_utils/nnet_mult.h:73->firmware/nnet_utils/nnet_dense_latency.h:42]   --->   Operation 85 'add' 'add_ln73_33' <Predicate = true> <Delay = 1.43> <CoreInst = "Adder">   --->   Core 1 'Adder' <Latency = 0> <II = 1> <Delay = 1.43> <FuncUnit> <Opcode : 'add' 'sub'> <InPorts = 2> <OutPorts = 1>
ST_1 : Operation 86 [1/1] (0.00ns)   --->   "%trunc_ln42_225 = partselect i14 @_ssdm_op_PartSelect.i14.i21.i32.i32, i21 %add_ln73_33, i32 7, i32 20" [firmware/nnet_utils/nnet_dense_latency.h:42]   --->   Operation 86 'partselect' 'trunc_ln42_225' <Predicate = true> <Delay = 0.00>
ST_1 : Operation 87 [1/1] (0.00ns)   --->   "%sext_ln73_186 = sext i14 %trunc_ln42_225" [firmware/nnet_utils/nnet_mult.h:73->firmware/nnet_utils/nnet_dense_latency.h:42]   --->   Operation 87 'sext' 'sext_ln73_186' <Predicate = true> <Delay = 0.00>
ST_1 : Operation 88 [1/1] (0.00ns)   --->   "%tmp_202 = bitconcatenate i20 @_ssdm_op_BitConcatenate.i20.i16.i4, i16 %a_88, i4 0" [firmware/nnet_utils/nnet_mult.h:73->firmware/nnet_utils/nnet_dense_latency.h:42]   --->   Operation 88 'bitconcatenate' 'tmp_202' <Predicate = true> <Delay = 0.00>
ST_1 : Operation 89 [1/1] (0.00ns)   --->   "%sext_ln73_280 = sext i20 %tmp_202" [firmware/nnet_utils/nnet_mult.h:73->firmware/nnet_utils/nnet_dense_latency.h:42]   --->   Operation 89 'sext' 'sext_ln73_280' <Predicate = true> <Delay = 0.00>
ST_1 : Operation 90 [1/1] (1.43ns)   --->   "%sub_ln73_130 = sub i21 %sext_ln73_280, i21 %sext_ln73_171" [firmware/nnet_utils/nnet_mult.h:73->firmware/nnet_utils/nnet_dense_latency.h:42]   --->   Operation 90 'sub' 'sub_ln73_130' <Predicate = true> <Delay = 1.43> <CoreInst = "Adder">   --->   Core 1 'Adder' <Latency = 0> <II = 1> <Delay = 1.43> <FuncUnit> <Opcode : 'add' 'sub'> <InPorts = 2> <OutPorts = 1>
ST_1 : Operation 91 [1/1] (0.00ns)   --->   "%trunc_ln42_226 = partselect i14 @_ssdm_op_PartSelect.i14.i21.i32.i32, i21 %sub_ln73_130, i32 7, i32 20" [firmware/nnet_utils/nnet_dense_latency.h:42]   --->   Operation 91 'partselect' 'trunc_ln42_226' <Predicate = true> <Delay = 0.00>
ST_1 : Operation 92 [1/1] (0.00ns)   --->   "%p_cast37_cast = sext i14 %trunc_ln42_226" [firmware/nnet_utils/nnet_dense_latency.h:42]   --->   Operation 92 'sext' 'p_cast37_cast' <Predicate = true> <Delay = 0.00>
ST_1 : Operation 93 [1/1] (0.00ns)   --->   "%a_89 = load i16 %void_compute_output_buffer_2d_array_const_ap_shift_reg_n_chan_stream_weig_53"   --->   Operation 93 'load' 'a_89' <Predicate = true> <Delay = 0.00>
ST_1 : Operation 94 [1/1] (0.00ns)   --->   "%sext_ln73_176 = sext i16 %a_89" [firmware/nnet_utils/nnet_mult.h:73->firmware/nnet_utils/nnet_dense_latency.h:42]   --->   Operation 94 'sext' 'sext_ln73_176' <Predicate = true> <Delay = 0.00>
ST_1 : Operation 95 [1/1] (3.57ns)   --->   "%mul_ln73_166 = mul i23 %sext_ln73_176, i23 53" [firmware/nnet_utils/nnet_mult.h:73->firmware/nnet_utils/nnet_dense_latency.h:42]   --->   Operation 95 'mul' 'mul_ln73_166' <Predicate = true> <Delay = 3.57> <CoreInst = "Multiplier">   --->   Core 3 'Multiplier' <Latency = 0> <II = 1> <Delay = 3.57> <FuncUnit> <Opcode : 'mul'> <InPorts = 2> <OutPorts = 1>
ST_1 : Operation 96 [1/1] (0.00ns)   --->   "%trunc_ln42_227 = partselect i16 @_ssdm_op_PartSelect.i16.i23.i32.i32, i23 %mul_ln73_166, i32 7, i32 22" [firmware/nnet_utils/nnet_dense_latency.h:42]   --->   Operation 96 'partselect' 'trunc_ln42_227' <Predicate = true> <Delay = 0.00>
ST_1 : Operation 97 [1/1] (0.00ns)   --->   "%tmp_203 = bitconcatenate i20 @_ssdm_op_BitConcatenate.i20.i16.i4, i16 %a_89, i4 0" [firmware/nnet_utils/nnet_mult.h:73->firmware/nnet_utils/nnet_dense_latency.h:42]   --->   Operation 97 'bitconcatenate' 'tmp_203' <Predicate = true> <Delay = 0.00>
ST_1 : Operation 98 [1/1] (0.00ns)   --->   "%sext_ln73_281 = sext i20 %tmp_203" [firmware/nnet_utils/nnet_mult.h:73->firmware/nnet_utils/nnet_dense_latency.h:42]   --->   Operation 98 'sext' 'sext_ln73_281' <Predicate = true> <Delay = 0.00>
ST_1 : Operation 99 [1/1] (0.00ns)   --->   "%tmp_204 = bitconcatenate i17 @_ssdm_op_BitConcatenate.i17.i16.i1, i16 %a_89, i1 0" [firmware/nnet_utils/nnet_mult.h:73->firmware/nnet_utils/nnet_dense_latency.h:42]   --->   Operation 99 'bitconcatenate' 'tmp_204' <Predicate = true> <Delay = 0.00>
ST_1 : Operation 100 [1/1] (0.00ns)   --->   "%sext_ln73_282 = sext i17 %tmp_204" [firmware/nnet_utils/nnet_mult.h:73->firmware/nnet_utils/nnet_dense_latency.h:42]   --->   Operation 100 'sext' 'sext_ln73_282' <Predicate = true> <Delay = 0.00>
ST_1 : Operation 101 [1/1] (1.43ns)   --->   "%sub_ln73_131 = sub i21 %sext_ln73_281, i21 %sext_ln73_282" [firmware/nnet_utils/nnet_mult.h:73->firmware/nnet_utils/nnet_dense_latency.h:42]   --->   Operation 101 'sub' 'sub_ln73_131' <Predicate = true> <Delay = 1.43> <CoreInst = "Adder">   --->   Core 1 'Adder' <Latency = 0> <II = 1> <Delay = 1.43> <FuncUnit> <Opcode : 'add' 'sub'> <InPorts = 2> <OutPorts = 1>
ST_1 : Operation 102 [1/1] (0.00ns)   --->   "%trunc_ln42_228 = partselect i14 @_ssdm_op_PartSelect.i14.i21.i32.i32, i21 %sub_ln73_131, i32 7, i32 20" [firmware/nnet_utils/nnet_dense_latency.h:42]   --->   Operation 102 'partselect' 'trunc_ln42_228' <Predicate = true> <Delay = 0.00>
ST_1 : Operation 103 [1/1] (0.00ns)   --->   "%sext_ln73_187 = sext i14 %trunc_ln42_228" [firmware/nnet_utils/nnet_mult.h:73->firmware/nnet_utils/nnet_dense_latency.h:42]   --->   Operation 103 'sext' 'sext_ln73_187' <Predicate = true> <Delay = 0.00>
ST_1 : Operation 104 [1/1] (0.00ns)   --->   "%tmp_205 = bitconcatenate i21 @_ssdm_op_BitConcatenate.i21.i16.i5, i16 %a_89, i5 0" [firmware/nnet_utils/nnet_mult.h:73->firmware/nnet_utils/nnet_dense_latency.h:42]   --->   Operation 104 'bitconcatenate' 'tmp_205' <Predicate = true> <Delay = 0.00>
ST_1 : Operation 105 [1/1] (0.00ns)   --->   "%sext_ln73_283 = sext i21 %tmp_205" [firmware/nnet_utils/nnet_mult.h:73->firmware/nnet_utils/nnet_dense_latency.h:42]   --->   Operation 105 'sext' 'sext_ln73_283' <Predicate = true> <Delay = 0.00>
ST_1 : Operation 106 [1/1] (0.00ns)   --->   "%tmp_206 = bitconcatenate i19 @_ssdm_op_BitConcatenate.i19.i16.i3, i16 %a_89, i3 0" [firmware/nnet_utils/nnet_mult.h:73->firmware/nnet_utils/nnet_dense_latency.h:42]   --->   Operation 106 'bitconcatenate' 'tmp_206' <Predicate = true> <Delay = 0.00>
ST_1 : Operation 107 [1/1] (0.00ns)   --->   "%sext_ln73_284 = sext i19 %tmp_206" [firmware/nnet_utils/nnet_mult.h:73->firmware/nnet_utils/nnet_dense_latency.h:42]   --->   Operation 107 'sext' 'sext_ln73_284' <Predicate = true> <Delay = 0.00>
ST_1 : Operation 108 [1/1] (1.43ns)   --->   "%sub_ln73_132 = sub i22 %sext_ln73_283, i22 %sext_ln73_284" [firmware/nnet_utils/nnet_mult.h:73->firmware/nnet_utils/nnet_dense_latency.h:42]   --->   Operation 108 'sub' 'sub_ln73_132' <Predicate = true> <Delay = 1.43> <CoreInst = "Adder">   --->   Core 1 'Adder' <Latency = 0> <II = 1> <Delay = 1.43> <FuncUnit> <Opcode : 'add' 'sub'> <InPorts = 2> <OutPorts = 1>
ST_1 : Operation 109 [1/1] (0.00ns)   --->   "%trunc_ln42_229 = partselect i15 @_ssdm_op_PartSelect.i15.i22.i32.i32, i22 %sub_ln73_132, i32 7, i32 21" [firmware/nnet_utils/nnet_dense_latency.h:42]   --->   Operation 109 'partselect' 'trunc_ln42_229' <Predicate = true> <Delay = 0.00>
ST_1 : Operation 110 [1/1] (3.57ns)   --->   "%mul_ln73_167 = mul i23 %sext_ln73_176, i23 8388561" [firmware/nnet_utils/nnet_mult.h:73->firmware/nnet_utils/nnet_dense_latency.h:42]   --->   Operation 110 'mul' 'mul_ln73_167' <Predicate = true> <Delay = 3.57> <CoreInst = "Multiplier">   --->   Core 3 'Multiplier' <Latency = 0> <II = 1> <Delay = 3.57> <FuncUnit> <Opcode : 'mul'> <InPorts = 2> <OutPorts = 1>
ST_1 : Operation 111 [1/1] (0.00ns)   --->   "%trunc_ln42_230 = partselect i16 @_ssdm_op_PartSelect.i16.i23.i32.i32, i23 %mul_ln73_167, i32 7, i32 22" [firmware/nnet_utils/nnet_dense_latency.h:42]   --->   Operation 111 'partselect' 'trunc_ln42_230' <Predicate = true> <Delay = 0.00>
ST_1 : Operation 112 [1/1] (0.00ns)   --->   "%a_90 = load i16 %void_compute_output_buffer_2d_array_const_ap_shift_reg_n_chan_stream_weig_52"   --->   Operation 112 'load' 'a_90' <Predicate = true> <Delay = 0.00>
ST_1 : Operation 113 [1/1] (0.00ns)   --->   "%sext_ln42_144 = sext i16 %a_90" [firmware/nnet_utils/nnet_dense_latency.h:42]   --->   Operation 113 'sext' 'sext_ln42_144' <Predicate = true> <Delay = 0.00>
ST_1 : Operation 114 [1/1] (3.57ns)   --->   "%mul_ln73_168 = mul i23 %sext_ln42_144, i23 49" [firmware/nnet_utils/nnet_mult.h:73->firmware/nnet_utils/nnet_dense_latency.h:42]   --->   Operation 114 'mul' 'mul_ln73_168' <Predicate = true> <Delay = 3.57> <CoreInst = "Multiplier">   --->   Core 3 'Multiplier' <Latency = 0> <II = 1> <Delay = 3.57> <FuncUnit> <Opcode : 'mul'> <InPorts = 2> <OutPorts = 1>
ST_1 : Operation 115 [1/1] (0.00ns)   --->   "%trunc_ln42_231 = partselect i16 @_ssdm_op_PartSelect.i16.i23.i32.i32, i23 %mul_ln73_168, i32 7, i32 22" [firmware/nnet_utils/nnet_dense_latency.h:42]   --->   Operation 115 'partselect' 'trunc_ln42_231' <Predicate = true> <Delay = 0.00>
ST_1 : Operation 116 [1/1] (0.00ns)   --->   "%p_shl8 = bitconcatenate i23 @_ssdm_op_BitConcatenate.i23.i16.i7, i16 %a_90, i7 0" [firmware/nnet_utils/nnet_dense_latency.h:42]   --->   Operation 116 'bitconcatenate' 'p_shl8' <Predicate = true> <Delay = 0.00>
ST_1 : Operation 117 [1/1] (0.00ns)   --->   "%tmp_207 = bitconcatenate i21 @_ssdm_op_BitConcatenate.i21.i16.i5, i16 %a_90, i5 0" [firmware/nnet_utils/nnet_dense_latency.h:42]   --->   Operation 117 'bitconcatenate' 'tmp_207' <Predicate = true> <Delay = 0.00>
ST_1 : Operation 118 [1/1] (0.00ns)   --->   "%sext_ln42_148 = sext i21 %tmp_207" [firmware/nnet_utils/nnet_dense_latency.h:42]   --->   Operation 118 'sext' 'sext_ln42_148' <Predicate = true> <Delay = 0.00>
ST_1 : Operation 119 [1/1] (1.44ns)   --->   "%sub_ln42_12 = sub i23 %p_shl8, i23 %sext_ln42_148" [firmware/nnet_utils/nnet_dense_latency.h:42]   --->   Operation 119 'sub' 'sub_ln42_12' <Predicate = true> <Delay = 1.44> <CoreInst = "Adder">   --->   Core 1 'Adder' <Latency = 0> <II = 1> <Delay = 1.44> <FuncUnit> <Opcode : 'add' 'sub'> <InPorts = 2> <OutPorts = 1>
ST_1 : Operation 120 [1/1] (0.00ns)   --->   "%trunc_ln42_232 = partselect i16 @_ssdm_op_PartSelect.i16.i23.i32.i32, i23 %sub_ln42_12, i32 7, i32 22" [firmware/nnet_utils/nnet_dense_latency.h:42]   --->   Operation 120 'partselect' 'trunc_ln42_232' <Predicate = true> <Delay = 0.00>
ST_1 : Operation 121 [1/1] (3.57ns)   --->   "%mul_ln73_169 = mul i23 %sext_ln42_144, i23 58" [firmware/nnet_utils/nnet_mult.h:73->firmware/nnet_utils/nnet_dense_latency.h:42]   --->   Operation 121 'mul' 'mul_ln73_169' <Predicate = true> <Delay = 3.57> <CoreInst = "Multiplier">   --->   Core 3 'Multiplier' <Latency = 0> <II = 1> <Delay = 3.57> <FuncUnit> <Opcode : 'mul'> <InPorts = 2> <OutPorts = 1>
ST_1 : Operation 122 [1/1] (0.00ns)   --->   "%trunc_ln42_233 = partselect i16 @_ssdm_op_PartSelect.i16.i23.i32.i32, i23 %mul_ln73_169, i32 7, i32 22" [firmware/nnet_utils/nnet_dense_latency.h:42]   --->   Operation 122 'partselect' 'trunc_ln42_233' <Predicate = true> <Delay = 0.00>
ST_1 : Operation 123 [1/1] (0.00ns) (grouped into TernaryAdder)   --->   "%sub_ln73_133 = sub i23 0, i23 %sext_ln42_148" [firmware/nnet_utils/nnet_mult.h:73->firmware/nnet_utils/nnet_dense_latency.h:42]   --->   Operation 123 'sub' 'sub_ln73_133' <Predicate = true> <Delay = 0.00> <CoreInst = "TAddSub">   --->   Core 10 'TAddSub' <Latency = 0> <II = 1> <Delay = 0.49> <IPBlock> <Opcode : 'add' 'sub'> <InPorts = 3> <OutPorts = 1> <Sync> <CReg>
ST_1 : Operation 124 [1/1] (0.00ns)   --->   "%tmp_208 = bitconcatenate i17 @_ssdm_op_BitConcatenate.i17.i16.i1, i16 %a_90, i1 0" [firmware/nnet_utils/nnet_mult.h:73->firmware/nnet_utils/nnet_dense_latency.h:42]   --->   Operation 124 'bitconcatenate' 'tmp_208' <Predicate = true> <Delay = 0.00>
ST_1 : Operation 125 [1/1] (0.00ns)   --->   "%sext_ln73_285 = sext i17 %tmp_208" [firmware/nnet_utils/nnet_mult.h:73->firmware/nnet_utils/nnet_dense_latency.h:42]   --->   Operation 125 'sext' 'sext_ln73_285' <Predicate = true> <Delay = 0.00>
ST_1 : Operation 126 [1/1] (1.03ns) (root node of TernaryAdder)   --->   "%sub_ln73_134 = sub i23 %sub_ln73_133, i23 %sext_ln73_285" [firmware/nnet_utils/nnet_mult.h:73->firmware/nnet_utils/nnet_dense_latency.h:42]   --->   Operation 126 'sub' 'sub_ln73_134' <Predicate = true> <Delay = 1.03> <CoreInst = "TAddSub">   --->   Core 10 'TAddSub' <Latency = 0> <II = 1> <Delay = 0.49> <IPBlock> <Opcode : 'add' 'sub'> <InPorts = 3> <OutPorts = 1> <Sync> <CReg>
ST_1 : Operation 127 [1/1] (0.00ns)   --->   "%trunc_ln42_234 = partselect i16 @_ssdm_op_PartSelect.i16.i23.i32.i32, i23 %sub_ln73_134, i32 7, i32 22" [firmware/nnet_utils/nnet_dense_latency.h:42]   --->   Operation 127 'partselect' 'trunc_ln42_234' <Predicate = true> <Delay = 0.00>
ST_1 : Operation 128 [1/1] (0.00ns)   --->   "%a_91 = load i16 %void_compute_output_buffer_2d_array_const_ap_shift_reg_n_chan_stream_weig_51"   --->   Operation 128 'load' 'a_91' <Predicate = true> <Delay = 0.00>
ST_1 : Operation 129 [1/1] (0.00ns)   --->   "%sext_ln73_177 = sext i16 %a_91" [firmware/nnet_utils/nnet_mult.h:73->firmware/nnet_utils/nnet_dense_latency.h:42]   --->   Operation 129 'sext' 'sext_ln73_177' <Predicate = true> <Delay = 0.00>
ST_1 : Operation 130 [1/1] (0.00ns)   --->   "%sext_ln73_178 = sext i16 %a_91" [firmware/nnet_utils/nnet_mult.h:73->firmware/nnet_utils/nnet_dense_latency.h:42]   --->   Operation 130 'sext' 'sext_ln73_178' <Predicate = true> <Delay = 0.00>
ST_1 : Operation 131 [1/1] (0.00ns)   --->   "%tmp_209 = bitconcatenate i19 @_ssdm_op_BitConcatenate.i19.i16.i3, i16 %a_91, i3 0" [firmware/nnet_utils/nnet_mult.h:73->firmware/nnet_utils/nnet_dense_latency.h:42]   --->   Operation 131 'bitconcatenate' 'tmp_209' <Predicate = true> <Delay = 0.00>
ST_1 : Operation 132 [1/1] (0.00ns)   --->   "%sext_ln73_286 = sext i19 %tmp_209" [firmware/nnet_utils/nnet_mult.h:73->firmware/nnet_utils/nnet_dense_latency.h:42]   --->   Operation 132 'sext' 'sext_ln73_286' <Predicate = true> <Delay = 0.00>
ST_1 : Operation 133 [1/1] (1.43ns)   --->   "%sub_ln73_135 = sub i20 %sext_ln73_178, i20 %sext_ln73_286" [firmware/nnet_utils/nnet_mult.h:73->firmware/nnet_utils/nnet_dense_latency.h:42]   --->   Operation 133 'sub' 'sub_ln73_135' <Predicate = true> <Delay = 1.43> <CoreInst = "Adder">   --->   Core 1 'Adder' <Latency = 0> <II = 1> <Delay = 1.43> <FuncUnit> <Opcode : 'add' 'sub'> <InPorts = 2> <OutPorts = 1>
ST_1 : Operation 134 [1/1] (0.00ns)   --->   "%trunc_ln42_235 = partselect i13 @_ssdm_op_PartSelect.i13.i20.i32.i32, i20 %sub_ln73_135, i32 7, i32 19" [firmware/nnet_utils/nnet_dense_latency.h:42]   --->   Operation 134 'partselect' 'trunc_ln42_235' <Predicate = true> <Delay = 0.00>
ST_1 : Operation 135 [1/1] (0.00ns)   --->   "%tmp_210 = bitconcatenate i22 @_ssdm_op_BitConcatenate.i22.i16.i6, i16 %a_91, i6 0" [firmware/nnet_utils/nnet_dense_latency.h:42]   --->   Operation 135 'bitconcatenate' 'tmp_210' <Predicate = true> <Delay = 0.00>
ST_1 : Operation 136 [1/1] (0.00ns)   --->   "%sext_ln42_149 = sext i22 %tmp_210" [firmware/nnet_utils/nnet_dense_latency.h:42]   --->   Operation 136 'sext' 'sext_ln42_149' <Predicate = true> <Delay = 0.00>
ST_1 : Operation 137 [1/1] (0.00ns)   --->   "%tmp_211 = bitconcatenate i20 @_ssdm_op_BitConcatenate.i20.i16.i4, i16 %a_91, i4 0" [firmware/nnet_utils/nnet_dense_latency.h:42]   --->   Operation 137 'bitconcatenate' 'tmp_211' <Predicate = true> <Delay = 0.00>
ST_1 : Operation 138 [1/1] (0.00ns)   --->   "%sext_ln42_150 = sext i20 %tmp_211" [firmware/nnet_utils/nnet_dense_latency.h:42]   --->   Operation 138 'sext' 'sext_ln42_150' <Predicate = true> <Delay = 0.00>
ST_1 : Operation 139 [1/1] (1.44ns)   --->   "%add_ln42 = add i23 %sext_ln42_149, i23 %sext_ln42_150" [firmware/nnet_utils/nnet_dense_latency.h:42]   --->   Operation 139 'add' 'add_ln42' <Predicate = true> <Delay = 1.44> <CoreInst = "Adder">   --->   Core 1 'Adder' <Latency = 0> <II = 1> <Delay = 1.44> <FuncUnit> <Opcode : 'add' 'sub'> <InPorts = 2> <OutPorts = 1>
ST_1 : Operation 140 [1/1] (0.00ns)   --->   "%trunc_ln42_236 = partselect i16 @_ssdm_op_PartSelect.i16.i23.i32.i32, i23 %add_ln42, i32 7, i32 22" [firmware/nnet_utils/nnet_dense_latency.h:42]   --->   Operation 140 'partselect' 'trunc_ln42_236' <Predicate = true> <Delay = 0.00>
ST_1 : Operation 141 [1/1] (3.57ns)   --->   "%mul_ln73_170 = mul i23 %sext_ln73_177, i23 8388562" [firmware/nnet_utils/nnet_mult.h:73->firmware/nnet_utils/nnet_dense_latency.h:42]   --->   Operation 141 'mul' 'mul_ln73_170' <Predicate = true> <Delay = 3.57> <CoreInst = "Multiplier">   --->   Core 3 'Multiplier' <Latency = 0> <II = 1> <Delay = 3.57> <FuncUnit> <Opcode : 'mul'> <InPorts = 2> <OutPorts = 1>
ST_1 : Operation 142 [1/1] (0.00ns)   --->   "%trunc_ln42_237 = partselect i16 @_ssdm_op_PartSelect.i16.i23.i32.i32, i23 %mul_ln73_170, i32 7, i32 22" [firmware/nnet_utils/nnet_dense_latency.h:42]   --->   Operation 142 'partselect' 'trunc_ln42_237' <Predicate = true> <Delay = 0.00>
ST_1 : Operation 143 [1/1] (3.57ns)   --->   "%mul_ln42_78 = mul i23 %sext_ln73_177, i23 8388531" [firmware/nnet_utils/nnet_dense_latency.h:42]   --->   Operation 143 'mul' 'mul_ln42_78' <Predicate = true> <Delay = 3.57> <CoreInst = "Multiplier">   --->   Core 3 'Multiplier' <Latency = 0> <II = 1> <Delay = 3.57> <FuncUnit> <Opcode : 'mul'> <InPorts = 2> <OutPorts = 1>
ST_1 : Operation 144 [1/1] (0.00ns)   --->   "%trunc_ln42_238 = partselect i16 @_ssdm_op_PartSelect.i16.i23.i32.i32, i23 %mul_ln42_78, i32 7, i32 22" [firmware/nnet_utils/nnet_dense_latency.h:42]   --->   Operation 144 'partselect' 'trunc_ln42_238' <Predicate = true> <Delay = 0.00>
ST_1 : Operation 145 [1/1] (0.00ns)   --->   "%a_92 = load i16 %void_compute_output_buffer_2d_array_const_ap_shift_reg_n_chan_stream_weig_50"   --->   Operation 145 'load' 'a_92' <Predicate = true> <Delay = 0.00>
ST_1 : Operation 146 [1/1] (0.00ns)   --->   "%sext_ln73_179 = sext i16 %a_92" [firmware/nnet_utils/nnet_mult.h:73->firmware/nnet_utils/nnet_dense_latency.h:42]   --->   Operation 146 'sext' 'sext_ln73_179' <Predicate = true> <Delay = 0.00>
ST_1 : Operation 147 [1/1] (0.00ns)   --->   "%sext_ln73_181 = sext i16 %a_92" [firmware/nnet_utils/nnet_mult.h:73->firmware/nnet_utils/nnet_dense_latency.h:42]   --->   Operation 147 'sext' 'sext_ln73_181' <Predicate = true> <Delay = 0.00>
ST_1 : Operation 148 [1/1] (3.57ns)   --->   "%mul_ln42_79 = mul i23 %sext_ln73_181, i23 8388535" [firmware/nnet_utils/nnet_dense_latency.h:42]   --->   Operation 148 'mul' 'mul_ln42_79' <Predicate = true> <Delay = 3.57> <CoreInst = "Multiplier">   --->   Core 3 'Multiplier' <Latency = 0> <II = 1> <Delay = 3.57> <FuncUnit> <Opcode : 'mul'> <InPorts = 2> <OutPorts = 1>
ST_1 : Operation 149 [1/1] (0.00ns)   --->   "%trunc_ln42_239 = partselect i16 @_ssdm_op_PartSelect.i16.i23.i32.i32, i23 %mul_ln42_79, i32 7, i32 22" [firmware/nnet_utils/nnet_dense_latency.h:42]   --->   Operation 149 'partselect' 'trunc_ln42_239' <Predicate = true> <Delay = 0.00>
ST_1 : Operation 150 [1/1] (0.00ns)   --->   "%tmp_212 = bitconcatenate i18 @_ssdm_op_BitConcatenate.i18.i16.i2, i16 %a_92, i2 0" [firmware/nnet_utils/nnet_mult.h:73->firmware/nnet_utils/nnet_dense_latency.h:42]   --->   Operation 150 'bitconcatenate' 'tmp_212' <Predicate = true> <Delay = 0.00>
ST_1 : Operation 151 [1/1] (0.00ns)   --->   "%sext_ln73_287 = sext i18 %tmp_212" [firmware/nnet_utils/nnet_mult.h:73->firmware/nnet_utils/nnet_dense_latency.h:42]   --->   Operation 151 'sext' 'sext_ln73_287' <Predicate = true> <Delay = 0.00>
ST_1 : Operation 152 [1/1] (1.42ns)   --->   "%sub_ln73_136 = sub i19 0, i19 %sext_ln73_287" [firmware/nnet_utils/nnet_mult.h:73->firmware/nnet_utils/nnet_dense_latency.h:42]   --->   Operation 152 'sub' 'sub_ln73_136' <Predicate = true> <Delay = 1.42> <CoreInst = "Adder">   --->   Core 1 'Adder' <Latency = 0> <II = 1> <Delay = 1.42> <FuncUnit> <Opcode : 'add' 'sub'> <InPorts = 2> <OutPorts = 1>
ST_1 : Operation 153 [1/1] (0.00ns)   --->   "%trunc_ln42_240 = partselect i12 @_ssdm_op_PartSelect.i12.i19.i32.i32, i19 %sub_ln73_136, i32 7, i32 18" [firmware/nnet_utils/nnet_dense_latency.h:42]   --->   Operation 153 'partselect' 'trunc_ln42_240' <Predicate = true> <Delay = 0.00>
ST_1 : Operation 154 [1/1] (0.00ns)   --->   "%sext_ln73_188 = sext i12 %trunc_ln42_240" [firmware/nnet_utils/nnet_mult.h:73->firmware/nnet_utils/nnet_dense_latency.h:42]   --->   Operation 154 'sext' 'sext_ln73_188' <Predicate = true> <Delay = 0.00>
ST_1 : Operation 155 [1/1] (0.00ns)   --->   "%tmp_213 = bitconcatenate i20 @_ssdm_op_BitConcatenate.i20.i16.i4, i16 %a_92, i4 0" [firmware/nnet_utils/nnet_mult.h:73->firmware/nnet_utils/nnet_dense_latency.h:42]   --->   Operation 155 'bitconcatenate' 'tmp_213' <Predicate = true> <Delay = 0.00>
ST_1 : Operation 156 [1/1] (0.00ns)   --->   "%sext_ln73_288 = sext i20 %tmp_213" [firmware/nnet_utils/nnet_mult.h:73->firmware/nnet_utils/nnet_dense_latency.h:42]   --->   Operation 156 'sext' 'sext_ln73_288' <Predicate = true> <Delay = 0.00>
ST_1 : Operation 157 [1/1] (1.43ns)   --->   "%add_ln73_34 = add i22 %sext_ln73_288, i22 %sext_ln73_179" [firmware/nnet_utils/nnet_mult.h:73->firmware/nnet_utils/nnet_dense_latency.h:42]   --->   Operation 157 'add' 'add_ln73_34' <Predicate = true> <Delay = 1.43> <CoreInst = "Adder">   --->   Core 1 'Adder' <Latency = 0> <II = 1> <Delay = 1.43> <FuncUnit> <Opcode : 'add' 'sub'> <InPorts = 2> <OutPorts = 1>
ST_1 : Operation 158 [1/1] (0.00ns)   --->   "%trunc_ln42_241 = partselect i15 @_ssdm_op_PartSelect.i15.i22.i32.i32, i22 %add_ln73_34, i32 7, i32 21" [firmware/nnet_utils/nnet_dense_latency.h:42]   --->   Operation 158 'partselect' 'trunc_ln42_241' <Predicate = true> <Delay = 0.00>
ST_1 : Operation 159 [1/1] (3.57ns)   --->   "%mul_ln42_80 = mul i23 %sext_ln73_181, i23 82" [firmware/nnet_utils/nnet_dense_latency.h:42]   --->   Operation 159 'mul' 'mul_ln42_80' <Predicate = true> <Delay = 3.57> <CoreInst = "Multiplier">   --->   Core 3 'Multiplier' <Latency = 0> <II = 1> <Delay = 3.57> <FuncUnit> <Opcode : 'mul'> <InPorts = 2> <OutPorts = 1>
ST_1 : Operation 160 [1/1] (0.00ns)   --->   "%trunc_ln42_242 = partselect i16 @_ssdm_op_PartSelect.i16.i23.i32.i32, i23 %mul_ln42_80, i32 7, i32 22" [firmware/nnet_utils/nnet_dense_latency.h:42]   --->   Operation 160 'partselect' 'trunc_ln42_242' <Predicate = true> <Delay = 0.00>
ST_1 : Operation 161 [1/1] (1.41ns)   --->   "%add_ln58_423 = add i16 %trunc_ln42_220, i16 %trunc_ln42_232" [firmware/nnet_utils/nnet_dense_latency.h:58]   --->   Operation 161 'add' 'add_ln58_423' <Predicate = true> <Delay = 1.41> <CoreInst = "Adder">   --->   Core 1 'Adder' <Latency = 0> <II = 1> <Delay = 1.41> <FuncUnit> <Opcode : 'add' 'sub'> <InPorts = 2> <OutPorts = 1>
ST_1 : Operation 162 [1/1] (1.41ns)   --->   "%add_ln58_424 = add i16 %trunc_ln42_236, i16 %sext_ln42_136" [firmware/nnet_utils/nnet_dense_latency.h:58]   --->   Operation 162 'add' 'add_ln58_424' <Predicate = true> <Delay = 1.41> <CoreInst = "Adder">   --->   Core 1 'Adder' <Latency = 0> <II = 1> <Delay = 1.41> <FuncUnit> <Opcode : 'add' 'sub'> <InPorts = 2> <OutPorts = 1>
ST_1 : Operation 163 [1/1] (1.38ns)   --->   "%add_ln58_427 = add i15 %sext_ln73_187, i15 %sext_ln73_188" [firmware/nnet_utils/nnet_dense_latency.h:58]   --->   Operation 163 'add' 'add_ln58_427' <Predicate = true> <Delay = 1.38> <CoreInst = "Adder">   --->   Core 1 'Adder' <Latency = 0> <II = 1> <Delay = 1.38> <FuncUnit> <Opcode : 'add' 'sub'> <InPorts = 2> <OutPorts = 1>
ST_1 : Operation 164 [1/1] (1.38ns)   --->   "%add_ln58_435 = add i15 %sext_ln73_186, i15 %sext_ln42_134" [firmware/nnet_utils/nnet_dense_latency.h:58]   --->   Operation 164 'add' 'add_ln58_435' <Predicate = true> <Delay = 1.38> <CoreInst = "Adder">   --->   Core 1 'Adder' <Latency = 0> <II = 1> <Delay = 1.38> <FuncUnit> <Opcode : 'add' 'sub'> <InPorts = 2> <OutPorts = 1>
ST_1 : Operation 165 [1/1] (1.38ns)   --->   "%add_ln58_443 = add i15 %p_cast37_cast, i15 %p_cast32_cast" [firmware/nnet_utils/nnet_dense_latency.h:58]   --->   Operation 165 'add' 'add_ln58_443' <Predicate = true> <Delay = 1.38> <CoreInst = "Adder">   --->   Core 1 'Adder' <Latency = 0> <II = 1> <Delay = 1.38> <FuncUnit> <Opcode : 'add' 'sub'> <InPorts = 2> <OutPorts = 1>

State 2 <SV = 1> <Delay = 3.40>
ST_2 : Operation 166 [1/1] (0.00ns)   --->   "%specpipeline_ln26 = specpipeline void @_ssdm_op_SpecPipeline, i32 1, i32 0, i32 0, i32 0, i32 4294967295, void @empty_11" [firmware/nnet_utils/nnet_dense_latency.h:26]   --->   Operation 166 'specpipeline' 'specpipeline_ln26' <Predicate = true> <Delay = 0.00>
ST_2 : Operation 167 [1/1] (0.00ns)   --->   "%specresourcelimit_ln33 = specresourcelimit void @_ssdm_op_SpecResourceLimit, i64 36, void @empty_9, void @empty_11, void @empty_11, void @empty_11" [firmware/nnet_utils/nnet_dense_latency.h:33]   --->   Operation 167 'specresourcelimit' 'specresourcelimit_ln33' <Predicate = true> <Delay = 0.00>
ST_2 : Operation 168 [1/1] (0.00ns)   --->   "%sext_ln42 = sext i15 %trunc_ln42_s" [firmware/nnet_utils/nnet_dense_latency.h:42]   --->   Operation 168 'sext' 'sext_ln42' <Predicate = true> <Delay = 0.00>
ST_2 : Operation 169 [1/1] (0.00ns)   --->   "%sext_ln42_138 = sext i15 %trunc_ln42_215" [firmware/nnet_utils/nnet_dense_latency.h:42]   --->   Operation 169 'sext' 'sext_ln42_138' <Predicate = true> <Delay = 0.00>
ST_2 : Operation 170 [1/1] (0.00ns)   --->   "%sext_ln42_139 = sext i15 %trunc_ln42_216" [firmware/nnet_utils/nnet_dense_latency.h:42]   --->   Operation 170 'sext' 'sext_ln42_139' <Predicate = true> <Delay = 0.00>
ST_2 : Operation 171 [1/1] (0.00ns)   --->   "%sext_ln42_140 = sext i15 %trunc_ln42_221" [firmware/nnet_utils/nnet_dense_latency.h:42]   --->   Operation 171 'sext' 'sext_ln42_140' <Predicate = true> <Delay = 0.00>
ST_2 : Operation 172 [1/1] (0.00ns)   --->   "%sext_ln42_141 = sext i15 %trunc_ln42_222" [firmware/nnet_utils/nnet_dense_latency.h:42]   --->   Operation 172 'sext' 'sext_ln42_141' <Predicate = true> <Delay = 0.00>
ST_2 : Operation 173 [1/1] (0.00ns)   --->   "%sext_ln42_142 = sext i15 %trunc_ln42_224" [firmware/nnet_utils/nnet_dense_latency.h:42]   --->   Operation 173 'sext' 'sext_ln42_142' <Predicate = true> <Delay = 0.00>
ST_2 : Operation 174 [1/1] (0.00ns)   --->   "%sext_ln42_143 = sext i15 %trunc_ln42_229" [firmware/nnet_utils/nnet_dense_latency.h:42]   --->   Operation 174 'sext' 'sext_ln42_143' <Predicate = true> <Delay = 0.00>
ST_2 : Operation 175 [1/1] (0.00ns)   --->   "%sext_ln42_145 = sext i13 %trunc_ln42_235" [firmware/nnet_utils/nnet_dense_latency.h:42]   --->   Operation 175 'sext' 'sext_ln42_145' <Predicate = true> <Delay = 0.00>
ST_2 : Operation 176 [1/1] (0.00ns)   --->   "%sext_ln42_146 = sext i15 %trunc_ln42_241" [firmware/nnet_utils/nnet_dense_latency.h:42]   --->   Operation 176 'sext' 'sext_ln42_146' <Predicate = true> <Delay = 0.00>
ST_2 : Operation 177 [1/1] (1.41ns)   --->   "%add_ln58 = add i16 %trunc_ln42_211, i16 %trunc_ln" [firmware/nnet_utils/nnet_dense_latency.h:58]   --->   Operation 177 'add' 'add_ln58' <Predicate = true> <Delay = 1.41> <CoreInst = "Adder">   --->   Core 1 'Adder' <Latency = 0> <II = 1> <Delay = 1.41> <FuncUnit> <Opcode : 'add' 'sub'> <InPorts = 2> <OutPorts = 1>
ST_2 : Operation 178 [1/1] (1.41ns)   --->   "%add_ln58_416 = add i16 %trunc_ln42_219, i16 %trunc_ln42_223" [firmware/nnet_utils/nnet_dense_latency.h:58]   --->   Operation 178 'add' 'add_ln58_416' <Predicate = true> <Delay = 1.41> <CoreInst = "Adder">   --->   Core 1 'Adder' <Latency = 0> <II = 1> <Delay = 1.41> <FuncUnit> <Opcode : 'add' 'sub'> <InPorts = 2> <OutPorts = 1>
ST_2 : Operation 179 [1/1] (0.00ns) (grouped into TernaryAdder)   --->   "%add_ln58_417 = add i16 %add_ln58_416, i16 %add_ln58" [firmware/nnet_utils/nnet_dense_latency.h:58]   --->   Operation 179 'add' 'add_ln58_417' <Predicate = true> <Delay = 0.00> <CoreInst = "TAddSub">   --->   Core 10 'TAddSub' <Latency = 0> <II = 1> <Delay = 0.49> <IPBlock> <Opcode : 'add' 'sub'> <InPorts = 3> <OutPorts = 1> <Sync> <CReg>
ST_2 : Operation 180 [1/1] (0.00ns) (grouped into TernaryAdder)   --->   "%add_ln58_418 = add i16 %trunc_ln42_227, i16 %trunc_ln42_231" [firmware/nnet_utils/nnet_dense_latency.h:58]   --->   Operation 180 'add' 'add_ln58_418' <Predicate = true> <Delay = 0.00> <CoreInst = "TAddSub">   --->   Core 10 'TAddSub' <Latency = 0> <II = 1> <Delay = 0.49> <IPBlock> <Opcode : 'add' 'sub'> <InPorts = 3> <OutPorts = 1> <Sync> <CReg>
ST_2 : Operation 181 [1/1] (0.00ns) (grouped into TernaryAdder)   --->   "%add_ln58_419 = add i16 %sext_ln42_138, i16 %sext_ln42_145" [firmware/nnet_utils/nnet_dense_latency.h:58]   --->   Operation 181 'add' 'add_ln58_419' <Predicate = true> <Delay = 0.00> <CoreInst = "TAddSub">   --->   Core 10 'TAddSub' <Latency = 0> <II = 1> <Delay = 0.49> <IPBlock> <Opcode : 'add' 'sub'> <InPorts = 3> <OutPorts = 1> <Sync> <CReg>
ST_2 : Operation 182 [1/1] (0.99ns) (root node of TernaryAdder)   --->   "%add_ln58_420 = add i16 %add_ln58_419, i16 %trunc_ln42_239" [firmware/nnet_utils/nnet_dense_latency.h:58]   --->   Operation 182 'add' 'add_ln58_420' <Predicate = true> <Delay = 0.99> <CoreInst = "TAddSub">   --->   Core 10 'TAddSub' <Latency = 0> <II = 1> <Delay = 0.49> <IPBlock> <Opcode : 'add' 'sub'> <InPorts = 3> <OutPorts = 1> <Sync> <CReg>
ST_2 : Operation 183 [1/1] (0.99ns) (root node of TernaryAdder)   --->   "%add_ln58_421 = add i16 %add_ln58_420, i16 %add_ln58_418" [firmware/nnet_utils/nnet_dense_latency.h:58]   --->   Operation 183 'add' 'add_ln58_421' <Predicate = true> <Delay = 0.99> <CoreInst = "TAddSub">   --->   Core 10 'TAddSub' <Latency = 0> <II = 1> <Delay = 0.49> <IPBlock> <Opcode : 'add' 'sub'> <InPorts = 3> <OutPorts = 1> <Sync> <CReg>
ST_2 : Operation 184 [1/1] (0.99ns) (root node of TernaryAdder)   --->   "%add_ln58_422 = add i16 %add_ln58_421, i16 %add_ln58_417" [firmware/nnet_utils/nnet_dense_latency.h:58]   --->   Operation 184 'add' 'add_ln58_422' <Predicate = true> <Delay = 0.99> <CoreInst = "TAddSub">   --->   Core 10 'TAddSub' <Latency = 0> <II = 1> <Delay = 0.49> <IPBlock> <Opcode : 'add' 'sub'> <InPorts = 3> <OutPorts = 1> <Sync> <CReg>
ST_2 : Operation 185 [1/1] (0.00ns) (grouped into TernaryAdder)   --->   "%add_ln58_425 = add i16 %add_ln58_424, i16 %add_ln58_423" [firmware/nnet_utils/nnet_dense_latency.h:58]   --->   Operation 185 'add' 'add_ln58_425' <Predicate = true> <Delay = 0.00> <CoreInst = "TAddSub">   --->   Core 10 'TAddSub' <Latency = 0> <II = 1> <Delay = 0.49> <IPBlock> <Opcode : 'add' 'sub'> <InPorts = 3> <OutPorts = 1> <Sync> <CReg>
ST_2 : Operation 186 [1/1] (0.00ns) (grouped into TernaryAdder)   --->   "%add_ln58_426 = add i16 %sext_ln42, i16 %sext_ln42_139" [firmware/nnet_utils/nnet_dense_latency.h:58]   --->   Operation 186 'add' 'add_ln58_426' <Predicate = true> <Delay = 0.00> <CoreInst = "TAddSub">   --->   Core 10 'TAddSub' <Latency = 0> <II = 1> <Delay = 0.49> <IPBlock> <Opcode : 'add' 'sub'> <InPorts = 3> <OutPorts = 1> <Sync> <CReg>
ST_2 : Operation 187 [1/1] (0.00ns)   --->   "%sext_ln58 = sext i15 %add_ln58_427" [firmware/nnet_utils/nnet_dense_latency.h:58]   --->   Operation 187 'sext' 'sext_ln58' <Predicate = true> <Delay = 0.00>
ST_2 : Operation 188 [1/1] (1.40ns)   --->   "%add_ln58_428 = add i16 %sext_ln58, i16 %sext_ln42_142" [firmware/nnet_utils/nnet_dense_latency.h:58]   --->   Operation 188 'add' 'add_ln58_428' <Predicate = true> <Delay = 1.40> <CoreInst = "Adder">   --->   Core 1 'Adder' <Latency = 0> <II = 1> <Delay = 1.40> <FuncUnit> <Opcode : 'add' 'sub'> <InPorts = 2> <OutPorts = 1>
ST_2 : Operation 189 [1/1] (0.99ns) (root node of TernaryAdder)   --->   "%add_ln58_429 = add i16 %add_ln58_428, i16 %add_ln58_426" [firmware/nnet_utils/nnet_dense_latency.h:58]   --->   Operation 189 'add' 'add_ln58_429' <Predicate = true> <Delay = 0.99> <CoreInst = "TAddSub">   --->   Core 10 'TAddSub' <Latency = 0> <II = 1> <Delay = 0.49> <IPBlock> <Opcode : 'add' 'sub'> <InPorts = 3> <OutPorts = 1> <Sync> <CReg>
ST_2 : Operation 190 [1/1] (0.99ns) (root node of TernaryAdder)   --->   "%add_ln58_430 = add i16 %add_ln58_429, i16 %add_ln58_425" [firmware/nnet_utils/nnet_dense_latency.h:58]   --->   Operation 190 'add' 'add_ln58_430' <Predicate = true> <Delay = 0.99> <CoreInst = "TAddSub">   --->   Core 10 'TAddSub' <Latency = 0> <II = 1> <Delay = 0.49> <IPBlock> <Opcode : 'add' 'sub'> <InPorts = 3> <OutPorts = 1> <Sync> <CReg>
ST_2 : Operation 191 [1/1] (1.41ns)   --->   "%add_ln58_431 = add i16 %trunc_ln42_213, i16 %trunc_ln42_217" [firmware/nnet_utils/nnet_dense_latency.h:58]   --->   Operation 191 'add' 'add_ln58_431' <Predicate = true> <Delay = 1.41> <CoreInst = "Adder">   --->   Core 1 'Adder' <Latency = 0> <II = 1> <Delay = 1.41> <FuncUnit> <Opcode : 'add' 'sub'> <InPorts = 2> <OutPorts = 1>
ST_2 : Operation 192 [1/1] (1.41ns)   --->   "%add_ln58_432 = add i16 %trunc_ln42_233, i16 %trunc_ln42_237" [firmware/nnet_utils/nnet_dense_latency.h:58]   --->   Operation 192 'add' 'add_ln58_432' <Predicate = true> <Delay = 1.41> <CoreInst = "Adder">   --->   Core 1 'Adder' <Latency = 0> <II = 1> <Delay = 1.41> <FuncUnit> <Opcode : 'add' 'sub'> <InPorts = 2> <OutPorts = 1>
ST_2 : Operation 193 [1/1] (0.00ns) (grouped into TernaryAdder)   --->   "%add_ln58_433 = add i16 %add_ln58_432, i16 %add_ln58_431" [firmware/nnet_utils/nnet_dense_latency.h:58]   --->   Operation 193 'add' 'add_ln58_433' <Predicate = true> <Delay = 0.00> <CoreInst = "TAddSub">   --->   Core 10 'TAddSub' <Latency = 0> <II = 1> <Delay = 0.49> <IPBlock> <Opcode : 'add' 'sub'> <InPorts = 3> <OutPorts = 1> <Sync> <CReg>
ST_2 : Operation 194 [1/1] (0.00ns) (grouped into TernaryAdder)   --->   "%add_ln58_434 = add i16 %sext_ln42_140, i16 %sext_ln42_143" [firmware/nnet_utils/nnet_dense_latency.h:58]   --->   Operation 194 'add' 'add_ln58_434' <Predicate = true> <Delay = 0.00> <CoreInst = "TAddSub">   --->   Core 10 'TAddSub' <Latency = 0> <II = 1> <Delay = 0.49> <IPBlock> <Opcode : 'add' 'sub'> <InPorts = 3> <OutPorts = 1> <Sync> <CReg>
ST_2 : Operation 195 [1/1] (0.00ns)   --->   "%sext_ln58_66 = sext i15 %add_ln58_435" [firmware/nnet_utils/nnet_dense_latency.h:58]   --->   Operation 195 'sext' 'sext_ln58_66' <Predicate = true> <Delay = 0.00>
ST_2 : Operation 196 [1/1] (1.40ns)   --->   "%add_ln58_436 = add i16 %sext_ln58_66, i16 %sext_ln42_146" [firmware/nnet_utils/nnet_dense_latency.h:58]   --->   Operation 196 'add' 'add_ln58_436' <Predicate = true> <Delay = 1.40> <CoreInst = "Adder">   --->   Core 1 'Adder' <Latency = 0> <II = 1> <Delay = 1.40> <FuncUnit> <Opcode : 'add' 'sub'> <InPorts = 2> <OutPorts = 1>
ST_2 : Operation 197 [1/1] (0.99ns) (root node of TernaryAdder)   --->   "%add_ln58_437 = add i16 %add_ln58_436, i16 %add_ln58_434" [firmware/nnet_utils/nnet_dense_latency.h:58]   --->   Operation 197 'add' 'add_ln58_437' <Predicate = true> <Delay = 0.99> <CoreInst = "TAddSub">   --->   Core 10 'TAddSub' <Latency = 0> <II = 1> <Delay = 0.49> <IPBlock> <Opcode : 'add' 'sub'> <InPorts = 3> <OutPorts = 1> <Sync> <CReg>
ST_2 : Operation 198 [1/1] (0.99ns) (root node of TernaryAdder)   --->   "%add_ln58_438 = add i16 %add_ln58_437, i16 %add_ln58_433" [firmware/nnet_utils/nnet_dense_latency.h:58]   --->   Operation 198 'add' 'add_ln58_438' <Predicate = true> <Delay = 0.99> <CoreInst = "TAddSub">   --->   Core 10 'TAddSub' <Latency = 0> <II = 1> <Delay = 0.49> <IPBlock> <Opcode : 'add' 'sub'> <InPorts = 3> <OutPorts = 1> <Sync> <CReg>
ST_2 : Operation 199 [1/1] (1.41ns)   --->   "%add_ln58_439 = add i16 %trunc_ln42_214, i16 %trunc_ln42_210" [firmware/nnet_utils/nnet_dense_latency.h:58]   --->   Operation 199 'add' 'add_ln58_439' <Predicate = true> <Delay = 1.41> <CoreInst = "Adder">   --->   Core 1 'Adder' <Latency = 0> <II = 1> <Delay = 1.41> <FuncUnit> <Opcode : 'add' 'sub'> <InPorts = 2> <OutPorts = 1>
ST_2 : Operation 200 [1/1] (1.41ns)   --->   "%add_ln58_440 = add i16 %trunc_ln42_230, i16 %trunc_ln42_234" [firmware/nnet_utils/nnet_dense_latency.h:58]   --->   Operation 200 'add' 'add_ln58_440' <Predicate = true> <Delay = 1.41> <CoreInst = "Adder">   --->   Core 1 'Adder' <Latency = 0> <II = 1> <Delay = 1.41> <FuncUnit> <Opcode : 'add' 'sub'> <InPorts = 2> <OutPorts = 1>
ST_2 : Operation 201 [1/1] (0.00ns) (grouped into TernaryAdder)   --->   "%add_ln58_441 = add i16 %add_ln58_440, i16 %add_ln58_439" [firmware/nnet_utils/nnet_dense_latency.h:58]   --->   Operation 201 'add' 'add_ln58_441' <Predicate = true> <Delay = 0.00> <CoreInst = "TAddSub">   --->   Core 10 'TAddSub' <Latency = 0> <II = 1> <Delay = 0.49> <IPBlock> <Opcode : 'add' 'sub'> <InPorts = 3> <OutPorts = 1> <Sync> <CReg>
ST_2 : Operation 202 [1/1] (0.00ns) (grouped into TernaryAdder)   --->   "%add_ln58_442 = add i16 %trunc_ln42_238, i16 %trunc_ln42_242" [firmware/nnet_utils/nnet_dense_latency.h:58]   --->   Operation 202 'add' 'add_ln58_442' <Predicate = true> <Delay = 0.00> <CoreInst = "TAddSub">   --->   Core 10 'TAddSub' <Latency = 0> <II = 1> <Delay = 0.49> <IPBlock> <Opcode : 'add' 'sub'> <InPorts = 3> <OutPorts = 1> <Sync> <CReg>
ST_2 : Operation 203 [1/1] (0.00ns)   --->   "%sext_ln58_67 = sext i15 %add_ln58_443" [firmware/nnet_utils/nnet_dense_latency.h:58]   --->   Operation 203 'sext' 'sext_ln58_67' <Predicate = true> <Delay = 0.00>
ST_2 : Operation 204 [1/1] (1.40ns)   --->   "%add_ln58_444 = add i16 %sext_ln58_67, i16 %sext_ln42_141" [firmware/nnet_utils/nnet_dense_latency.h:58]   --->   Operation 204 'add' 'add_ln58_444' <Predicate = true> <Delay = 1.40> <CoreInst = "Adder">   --->   Core 1 'Adder' <Latency = 0> <II = 1> <Delay = 1.40> <FuncUnit> <Opcode : 'add' 'sub'> <InPorts = 2> <OutPorts = 1>
ST_2 : Operation 205 [1/1] (0.99ns) (root node of TernaryAdder)   --->   "%add_ln58_445 = add i16 %add_ln58_444, i16 %add_ln58_442" [firmware/nnet_utils/nnet_dense_latency.h:58]   --->   Operation 205 'add' 'add_ln58_445' <Predicate = true> <Delay = 0.99> <CoreInst = "TAddSub">   --->   Core 10 'TAddSub' <Latency = 0> <II = 1> <Delay = 0.49> <IPBlock> <Opcode : 'add' 'sub'> <InPorts = 3> <OutPorts = 1> <Sync> <CReg>
ST_2 : Operation 206 [1/1] (0.99ns) (root node of TernaryAdder)   --->   "%add_ln58_446 = add i16 %add_ln58_445, i16 %add_ln58_441" [firmware/nnet_utils/nnet_dense_latency.h:58]   --->   Operation 206 'add' 'add_ln58_446' <Predicate = true> <Delay = 0.99> <CoreInst = "TAddSub">   --->   Core 10 'TAddSub' <Latency = 0> <II = 1> <Delay = 0.49> <IPBlock> <Opcode : 'add' 'sub'> <InPorts = 3> <OutPorts = 1> <Sync> <CReg>
ST_2 : Operation 207 [1/1] (0.00ns)   --->   "%mrv_i = insertvalue i64 <undef>, i16 %add_ln58_422" [firmware/nnet_utils/nnet_dense_latency.h:68]   --->   Operation 207 'insertvalue' 'mrv_i' <Predicate = true> <Delay = 0.00>
ST_2 : Operation 208 [1/1] (0.00ns)   --->   "%mrv_1_i = insertvalue i64 %mrv_i, i16 %add_ln58_430" [firmware/nnet_utils/nnet_dense_latency.h:68]   --->   Operation 208 'insertvalue' 'mrv_1_i' <Predicate = true> <Delay = 0.00>
ST_2 : Operation 209 [1/1] (0.00ns)   --->   "%mrv_2_i = insertvalue i64 %mrv_1_i, i16 %add_ln58_438" [firmware/nnet_utils/nnet_dense_latency.h:68]   --->   Operation 209 'insertvalue' 'mrv_2_i' <Predicate = true> <Delay = 0.00>
ST_2 : Operation 210 [1/1] (0.00ns)   --->   "%mrv_3_i = insertvalue i64 %mrv_2_i, i16 %add_ln58_446" [firmware/nnet_utils/nnet_dense_latency.h:68]   --->   Operation 210 'insertvalue' 'mrv_3_i' <Predicate = true> <Delay = 0.00>
ST_2 : Operation 211 [1/1] (0.00ns)   --->   "%ret_ln26 = ret i64 %mrv_3_i" [firmware/nnet_utils/nnet_dense_latency.h:26]   --->   Operation 211 'ret' 'ret_ln26' <Predicate = true> <Delay = 0.00>


============================================================
+ Verbose Summary: Timing violations
============================================================
Target clock period: 5.000ns, clock uncertainty: 1.350ns.

 <State 1>: 3.570ns
The critical path consists of the following:
	'load' operation 16 bit ('a') on static variable 'void_compute_output_buffer_2d_array_const_ap_shift_reg_n_chan_stream_weig_58' [12]  (0.000 ns)
	'mul' operation 23 bit ('mul_ln42', firmware/nnet_utils/nnet_dense_latency.h:42) [15]  (3.570 ns)

 <State 2>: 3.400ns
The critical path consists of the following:
	'add' operation 16 bit ('add_ln58_428', firmware/nnet_utils/nnet_dense_latency.h:58) [193]  (1.402 ns)
	'add' operation 16 bit ('add_ln58_429', firmware/nnet_utils/nnet_dense_latency.h:58) [194]  (0.999 ns)
	'add' operation 16 bit ('add_ln58_430', firmware/nnet_utils/nnet_dense_latency.h:58) [195]  (0.999 ns)


============================================================
+ Verbose Summary: Binding
============================================================
N/A
* FSMD analyzer results:
  - Output states:
 - Input state : 
  - Chain level:
	State 1
	State 2


============================================================
+ Verbose Summary: Datapath Resource usage 
============================================================
N/A
