

================================================================
== Vitis HLS Report for 'normalize_array_ap_fixed_4u_array_ap_fixed_12_6_5_3_0_4u_config6_s'
================================================================
* Date:           Wed Apr 22 16:01:56 2026

* Version:        2023.2 (Build 4023990 on Oct 11 2023)
* Project:        folo_prj
* Solution:       solution1 (Vivado IP Flow Target)
* Product family: kintexu
* Target device:  xcku035-fbva676-2-e


================================================================
== Performance Estimates
================================================================
+ Timing: 
    * Summary: 
    +--------+---------+----------+------------+
    |  Clock |  Target | Estimated| Uncertainty|
    +--------+---------+----------+------------+
    |ap_clk  |  5.00 ns|  3.434 ns|     1.35 ns|
    +--------+---------+----------+------------+

+ Latency: 
    * Summary: 
    +---------+---------+----------+----------+-------+-------+---------+
    |  Latency (cycles) |  Latency (absolute) |    Interval   | Pipeline|
    |   min   |   max   |    min   |    max   |  min  |  max  |   Type  |
    +---------+---------+----------+----------+-------+-------+---------+
    |    65538|    65538|  0.328 ms|  0.328 ms|  65538|  65538|       no|
    +---------+---------+----------+----------+-------+-------+---------+

    + Detail: 
        * Instance: 
        N/A

        * Loop: 
        +-----------------+---------+---------+----------+-----------+-----------+-------+----------+
        |                 |  Latency (cycles) | Iteration|  Initiation Interval  |  Trip |          |
        |    Loop Name    |   min   |   max   |  Latency |  achieved |   target  | Count | Pipelined|
        +-----------------+---------+---------+----------+-----------+-----------+-------+----------+
        |- BatchNormLoop  |    65536|    65536|         4|          4|         16|  16384|       yes|
        +-----------------+---------+---------+----------+-----------+-----------+-------+----------+

============================================================
+ Verbose Summary: Synthesis Manager
============================================================
InlineROM: 1
ExposeGlobal: 0
============================================================
+ Verbose Summary: CDFG Model
============================================================
IsTopModel: 0
ResetActiveHigh: 1
IsCombinational: 2
IsDatapathOnly: 0
HasWiredReturn: 1
HasMFsm: 2
HasVarLatency: 1
IsPipeline: 0
IsRtlPipelined: 0
IsInstanceOverlapped: 0
IsDontTouch: 0
HasImplIP: 0
IsGatedGlobalClock: 0

+ Individual pipeline summary: 
  * Pipeline-0: initiation interval (II) = 4, depth = 4


============================================================
+ Verbose Summary: Schedule
============================================================
* Number of FSM states : 4
* Pipeline : 1
  Pipeline-0 : II = 4, D = 4, States = { 1 2 3 4 }
* Dataflow Pipeline: 0

* FSM state transitions: 
1 --> 2 
2 --> 3 
3 --> 4 
4 --> 

* FSM state operations: 

State 1 <SV = 0> <Delay = 2.47>
ST_1 : Operation 7 [1/1] (0.00ns)   --->   "%i_02 = alloca i32 1" [firmware/nnet_utils/nnet_batchnorm_stream.h:25]   --->   Operation 7 'alloca' 'i_02' <Predicate = true> <Delay = 0.00>
ST_1 : Operation 8 [1/1] (0.00ns)   --->   "%specinterface_ln0 = specinterface void @_ssdm_op_SpecInterface, i48 %layer6_out, void @empty_13, i32 0, i32 0, void @empty_8, i32 0, i32 0, void @empty_8, void @empty_8, void @empty_8, i32 0, i32 0, i32 0, i32 0, void @empty_8, void @empty_8, i32 4294967295, i32 0"   --->   Operation 8 'specinterface' 'specinterface_ln0' <Predicate = true> <Delay = 0.00>
ST_1 : Operation 9 [1/1] (0.00ns)   --->   "%specinterface_ln0 = specinterface void @_ssdm_op_SpecInterface, i48 %layer5_out, void @empty_13, i32 0, i32 0, void @empty_8, i32 0, i32 0, void @empty_8, void @empty_8, void @empty_8, i32 0, i32 0, i32 0, i32 0, void @empty_8, void @empty_8, i32 4294967295, i32 0"   --->   Operation 9 'specinterface' 'specinterface_ln0' <Predicate = true> <Delay = 0.00>
ST_1 : Operation 10 [1/1] (0.00ns)   --->   "%specresourcelimit_ln22 = specresourcelimit void @_ssdm_op_SpecResourceLimit, i64 4096, void @empty_7, void @empty_8, void @empty_8, void @empty_8" [firmware/nnet_utils/nnet_batchnorm_stream.h:22]   --->   Operation 10 'specresourcelimit' 'specresourcelimit_ln22' <Predicate = true> <Delay = 0.00>
ST_1 : Operation 11 [1/1] (0.53ns)   --->   "%store_ln25 = store i15 0, i15 %i_02" [firmware/nnet_utils/nnet_batchnorm_stream.h:25]   --->   Operation 11 'store' 'store_ln25' <Predicate = true> <Delay = 0.53>
ST_1 : Operation 12 [1/1] (0.00ns)   --->   "%br_ln25 = br void %BatchNormpack" [firmware/nnet_utils/nnet_batchnorm_stream.h:25]   --->   Operation 12 'br' 'br_ln25' <Predicate = true> <Delay = 0.00>
ST_1 : Operation 13 [1/1] (0.00ns)   --->   "%i = load i15 %i_02" [firmware/nnet_utils/nnet_batchnorm_stream.h:25]   --->   Operation 13 'load' 'i' <Predicate = true> <Delay = 0.00>
ST_1 : Operation 14 [1/1] (1.40ns)   --->   "%icmp_ln25 = icmp_eq  i15 %i, i15 16384" [firmware/nnet_utils/nnet_batchnorm_stream.h:25]   --->   Operation 14 'icmp' 'icmp_ln25' <Predicate = true> <Delay = 1.40> <CoreInst = "Cmp">   --->   Core 9 'Cmp' <Latency = 0> <II = 1> <Delay = 1.40> <FuncUnit> <Opcode : 'icmp'> <InPorts = 2> <OutPorts = 1>
ST_1 : Operation 15 [1/1] (1.40ns)   --->   "%i_21 = add i15 %i, i15 1" [firmware/nnet_utils/nnet_batchnorm_stream.h:25]   --->   Operation 15 'add' 'i_21' <Predicate = true> <Delay = 1.40> <CoreInst = "Adder">   --->   Core 1 'Adder' <Latency = 0> <II = 1> <Delay = 1.40> <FuncUnit> <Opcode : 'add' 'sub'> <InPorts = 2> <OutPorts = 1>
ST_1 : Operation 16 [1/1] (0.00ns)   --->   "%br_ln25 = br i1 %icmp_ln25, void %BatchNormpack.split, void %for.end13" [firmware/nnet_utils/nnet_batchnorm_stream.h:25]   --->   Operation 16 'br' 'br_ln25' <Predicate = true> <Delay = 0.00>
ST_1 : Operation 17 [1/1] (0.53ns)   --->   "%store_ln25 = store i15 %i_21, i15 %i_02" [firmware/nnet_utils/nnet_batchnorm_stream.h:25]   --->   Operation 17 'store' 'store_ln25' <Predicate = (!icmp_ln25)> <Delay = 0.53>
ST_1 : Operation 45 [1/1] (0.00ns)   --->   "%ret_ln48 = ret" [firmware/nnet_utils/nnet_batchnorm_stream.h:48]   --->   Operation 45 'ret' 'ret_ln48' <Predicate = (icmp_ln25)> <Delay = 0.00>

State 2 <SV = 1> <Delay = 1.82>
ST_2 : Operation 18 [1/1] (1.82ns)   --->   "%layer5_out_read = read i48 @_ssdm_op_Read.ap_fifo.volatile.i48P0A, i48 %layer5_out" [firmware/nnet_utils/nnet_batchnorm_stream.h:28]   --->   Operation 18 'read' 'layer5_out_read' <Predicate = true> <Delay = 1.82> <CoreInst = "FIFO">   --->   Core 78 'FIFO' <Latency = 0> <II = 1> <Delay = 2.16> <Storage> <Opcode : 'read' 'write' 'nbread' 'nbwrite'> <Ports = 0> <Width = 48> <Depth = 16384> <FIFO>
ST_2 : Operation 19 [1/1] (0.00ns)   --->   "%a = trunc i48 %layer5_out_read" [firmware/nnet_utils/nnet_batchnorm_stream.h:28]   --->   Operation 19 'trunc' 'a' <Predicate = true> <Delay = 0.00>
ST_2 : Operation 20 [1/1] (0.00ns)   --->   "%a_10 = partselect i12 @_ssdm_op_PartSelect.i12.i48.i32.i32, i48 %layer5_out_read, i32 12, i32 23" [firmware/nnet_utils/nnet_batchnorm_stream.h:28]   --->   Operation 20 'partselect' 'a_10' <Predicate = true> <Delay = 0.00>
ST_2 : Operation 21 [1/1] (0.00ns)   --->   "%a_6 = partselect i12 @_ssdm_op_PartSelect.i12.i48.i32.i32, i48 %layer5_out_read, i32 24, i32 35" [firmware/nnet_utils/nnet_batchnorm_stream.h:28]   --->   Operation 21 'partselect' 'a_6' <Predicate = true> <Delay = 0.00>
ST_2 : Operation 22 [1/1] (0.00ns)   --->   "%a_7 = partselect i12 @_ssdm_op_PartSelect.i12.i48.i32.i32, i48 %layer5_out_read, i32 36, i32 47" [firmware/nnet_utils/nnet_batchnorm_stream.h:28]   --->   Operation 22 'partselect' 'a_7' <Predicate = true> <Delay = 0.00>

State 3 <SV = 2> <Delay = 3.43>
ST_3 : Operation 23 [1/1] (0.00ns)   --->   "%sext_ln42 = sext i12 %a" [firmware/nnet_utils/nnet_batchnorm_stream.h:42]   --->   Operation 23 'sext' 'sext_ln42' <Predicate = true> <Delay = 0.00>
ST_3 : Operation 24 [1/1] (3.43ns)   --->   "%mul_ln42 = mul i18 %sext_ln42, i18 805" [firmware/nnet_utils/nnet_batchnorm_stream.h:42]   --->   Operation 24 'mul' 'mul_ln42' <Predicate = true> <Delay = 3.43> <CoreInst = "Multiplier">   --->   Core 3 'Multiplier' <Latency = 0> <II = 1> <Delay = 3.43> <FuncUnit> <Opcode : 'mul'> <InPorts = 2> <OutPorts = 1>
ST_3 : Operation 25 [1/1] (0.00ns)   --->   "%sext_ln42_14 = sext i12 %a_10" [firmware/nnet_utils/nnet_batchnorm_stream.h:42]   --->   Operation 25 'sext' 'sext_ln42_14' <Predicate = true> <Delay = 0.00>
ST_3 : Operation 26 [1/1] (3.43ns)   --->   "%mul_ln42_14 = mul i18 %sext_ln42_14, i18 1515" [firmware/nnet_utils/nnet_batchnorm_stream.h:42]   --->   Operation 26 'mul' 'mul_ln42_14' <Predicate = true> <Delay = 3.43> <CoreInst = "Multiplier">   --->   Core 3 'Multiplier' <Latency = 0> <II = 1> <Delay = 3.43> <FuncUnit> <Opcode : 'mul'> <InPorts = 2> <OutPorts = 1>
ST_3 : Operation 27 [1/1] (0.00ns)   --->   "%sext_ln42_15 = sext i12 %a_6" [firmware/nnet_utils/nnet_batchnorm_stream.h:42]   --->   Operation 27 'sext' 'sext_ln42_15' <Predicate = true> <Delay = 0.00>
ST_3 : Operation 28 [1/1] (3.43ns)   --->   "%mul_ln42_15 = mul i18 %sext_ln42_15, i18 923" [firmware/nnet_utils/nnet_batchnorm_stream.h:42]   --->   Operation 28 'mul' 'mul_ln42_15' <Predicate = true> <Delay = 3.43> <CoreInst = "Multiplier">   --->   Core 3 'Multiplier' <Latency = 0> <II = 1> <Delay = 3.43> <FuncUnit> <Opcode : 'mul'> <InPorts = 2> <OutPorts = 1>
ST_3 : Operation 29 [1/1] (0.00ns)   --->   "%sext_ln42_16 = sext i12 %a_7" [firmware/nnet_utils/nnet_batchnorm_stream.h:42]   --->   Operation 29 'sext' 'sext_ln42_16' <Predicate = true> <Delay = 0.00>
ST_3 : Operation 30 [1/1] (3.43ns)   --->   "%mul_ln42_16 = mul i18 %sext_ln42_16, i18 713" [firmware/nnet_utils/nnet_batchnorm_stream.h:42]   --->   Operation 30 'mul' 'mul_ln42_16' <Predicate = true> <Delay = 3.43> <CoreInst = "Multiplier">   --->   Core 3 'Multiplier' <Latency = 0> <II = 1> <Delay = 3.43> <FuncUnit> <Opcode : 'mul'> <InPorts = 2> <OutPorts = 1>

State 4 <SV = 3> <Delay = 3.25>
ST_4 : Operation 31 [1/1] (0.00ns)   --->   "%specpipeline_ln26 = specpipeline void @_ssdm_op_SpecPipeline, i32 16, i32 0, i32 0, i32 0, void @empty_8" [firmware/nnet_utils/nnet_batchnorm_stream.h:26]   --->   Operation 31 'specpipeline' 'specpipeline_ln26' <Predicate = true> <Delay = 0.00>
ST_4 : Operation 32 [1/1] (0.00ns)   --->   "%speclooptripcount_ln25 = speclooptripcount void @_ssdm_op_SpecLoopTripCount, i64 16384, i64 16384, i64 16384" [firmware/nnet_utils/nnet_batchnorm_stream.h:25]   --->   Operation 32 'speclooptripcount' 'speclooptripcount_ln25' <Predicate = true> <Delay = 0.00>
ST_4 : Operation 33 [1/1] (0.00ns)   --->   "%specloopname_ln25 = specloopname void @_ssdm_op_SpecLoopName, void @empty_5" [firmware/nnet_utils/nnet_batchnorm_stream.h:25]   --->   Operation 33 'specloopname' 'specloopname_ln25' <Predicate = true> <Delay = 0.00>
ST_4 : Operation 34 [1/1] (1.42ns)   --->   "%add_ln42 = add i18 %mul_ln42, i18 25984" [firmware/nnet_utils/nnet_batchnorm_stream.h:42]   --->   Operation 34 'add' 'add_ln42' <Predicate = true> <Delay = 1.42> <CoreInst = "Adder">   --->   Core 1 'Adder' <Latency = 0> <II = 1> <Delay = 1.42> <FuncUnit> <Opcode : 'add' 'sub'> <InPorts = 2> <OutPorts = 1>
ST_4 : Operation 35 [1/1] (0.00ns)   --->   "%trunc_ln = partselect i12 @_ssdm_op_PartSelect.i12.i18.i32.i32, i18 %add_ln42, i32 6, i32 17" [firmware/nnet_utils/nnet_batchnorm_stream.h:41]   --->   Operation 35 'partselect' 'trunc_ln' <Predicate = true> <Delay = 0.00>
ST_4 : Operation 36 [1/1] (1.42ns)   --->   "%add_ln42_23 = add i18 %mul_ln42_14, i18 245056" [firmware/nnet_utils/nnet_batchnorm_stream.h:42]   --->   Operation 36 'add' 'add_ln42_23' <Predicate = true> <Delay = 1.42> <CoreInst = "Adder">   --->   Core 1 'Adder' <Latency = 0> <II = 1> <Delay = 1.42> <FuncUnit> <Opcode : 'add' 'sub'> <InPorts = 2> <OutPorts = 1>
ST_4 : Operation 37 [1/1] (0.00ns)   --->   "%trunc_ln41_s = partselect i12 @_ssdm_op_PartSelect.i12.i18.i32.i32, i18 %add_ln42_23, i32 6, i32 17" [firmware/nnet_utils/nnet_batchnorm_stream.h:41]   --->   Operation 37 'partselect' 'trunc_ln41_s' <Predicate = true> <Delay = 0.00>
ST_4 : Operation 38 [1/1] (1.42ns)   --->   "%add_ln42_24 = add i18 %mul_ln42_15, i18 8448" [firmware/nnet_utils/nnet_batchnorm_stream.h:42]   --->   Operation 38 'add' 'add_ln42_24' <Predicate = true> <Delay = 1.42> <CoreInst = "Adder">   --->   Core 1 'Adder' <Latency = 0> <II = 1> <Delay = 1.42> <FuncUnit> <Opcode : 'add' 'sub'> <InPorts = 2> <OutPorts = 1>
ST_4 : Operation 39 [1/1] (0.00ns)   --->   "%trunc_ln41_1 = partselect i12 @_ssdm_op_PartSelect.i12.i18.i32.i32, i18 %add_ln42_24, i32 6, i32 17" [firmware/nnet_utils/nnet_batchnorm_stream.h:41]   --->   Operation 39 'partselect' 'trunc_ln41_1' <Predicate = true> <Delay = 0.00>
ST_4 : Operation 40 [1/1] (1.42ns)   --->   "%add_ln42_25 = add i18 %mul_ln42_16, i18 15936" [firmware/nnet_utils/nnet_batchnorm_stream.h:42]   --->   Operation 40 'add' 'add_ln42_25' <Predicate = true> <Delay = 1.42> <CoreInst = "Adder">   --->   Core 1 'Adder' <Latency = 0> <II = 1> <Delay = 1.42> <FuncUnit> <Opcode : 'add' 'sub'> <InPorts = 2> <OutPorts = 1>
ST_4 : Operation 41 [1/1] (0.00ns)   --->   "%trunc_ln41_2 = partselect i12 @_ssdm_op_PartSelect.i12.i18.i32.i32, i18 %add_ln42_25, i32 6, i32 17" [firmware/nnet_utils/nnet_batchnorm_stream.h:41]   --->   Operation 41 'partselect' 'trunc_ln41_2' <Predicate = true> <Delay = 0.00>
ST_4 : Operation 42 [1/1] (0.00ns)   --->   "%or_ln46_s = bitconcatenate i48 @_ssdm_op_BitConcatenate.i48.i12.i12.i12.i12, i12 %trunc_ln41_2, i12 %trunc_ln41_1, i12 %trunc_ln41_s, i12 %trunc_ln" [firmware/nnet_utils/nnet_batchnorm_stream.h:46]   --->   Operation 42 'bitconcatenate' 'or_ln46_s' <Predicate = true> <Delay = 0.00>
ST_4 : Operation 43 [1/1] (1.82ns)   --->   "%write_ln46 = write void @_ssdm_op_Write.ap_fifo.volatile.i48P0A, i48 %layer6_out, i48 %or_ln46_s" [firmware/nnet_utils/nnet_batchnorm_stream.h:46]   --->   Operation 43 'write' 'write_ln46' <Predicate = true> <Delay = 1.82> <CoreInst = "FIFO">   --->   Core 78 'FIFO' <Latency = 0> <II = 1> <Delay = 2.16> <Storage> <Opcode : 'read' 'write' 'nbread' 'nbwrite'> <Ports = 0> <Width = 48> <Depth = 16384> <FIFO>
ST_4 : Operation 44 [1/1] (0.00ns)   --->   "%br_ln25 = br void %BatchNormpack" [firmware/nnet_utils/nnet_batchnorm_stream.h:25]   --->   Operation 44 'br' 'br_ln25' <Predicate = true> <Delay = 0.00>


============================================================
+ Verbose Summary: Binding
============================================================
STG Binding: 
---------------- STG Properties BEGIN ----------------
- Is combinational: 0
- Is one-state seq: 0
- Is datapath-only: 0
- Is pipelined: 0
- Is top level: 0
Port [ Return ] is wired: 1; IO mode=ap_ctrl_hs:ce=0
Port [ layer5_out]:  wired=1; compound=1; hidden=0; nouse=0; global=0; static=0; extern=0; dir=0; type=3; pingpong=0; private_global=0; IO mode=ap_fifo:ce=0
Port [ layer6_out]:  wired=1; compound=1; hidden=0; nouse=0; global=0; static=0; extern=0; dir=1; type=3; pingpong=0; private_global=0; IO mode=ap_fifo:ce=0
---------------- STG Properties END ------------------

---------------- Datapath Model BEGIN ----------------

<LifeTime>
<method=bitvector/>
i_02                   (alloca           ) [ 01000]
specinterface_ln0      (specinterface    ) [ 00000]
specinterface_ln0      (specinterface    ) [ 00000]
specresourcelimit_ln22 (specresourcelimit) [ 00000]
store_ln25             (store            ) [ 00000]
br_ln25                (br               ) [ 00000]
i                      (load             ) [ 00000]
icmp_ln25              (icmp             ) [ 01000]
i_21                   (add              ) [ 00000]
br_ln25                (br               ) [ 00000]
store_ln25             (store            ) [ 00000]
layer5_out_read        (read             ) [ 00000]
a                      (trunc            ) [ 00010]
a_10                   (partselect       ) [ 00010]
a_6                    (partselect       ) [ 00010]
a_7                    (partselect       ) [ 00010]
sext_ln42              (sext             ) [ 00000]
mul_ln42               (mul              ) [ 00001]
sext_ln42_14           (sext             ) [ 00000]
mul_ln42_14            (mul              ) [ 00001]
sext_ln42_15           (sext             ) [ 00000]
mul_ln42_15            (mul              ) [ 00001]
sext_ln42_16           (sext             ) [ 00000]
mul_ln42_16            (mul              ) [ 00001]
specpipeline_ln26      (specpipeline     ) [ 00000]
speclooptripcount_ln25 (speclooptripcount) [ 00000]
specloopname_ln25      (specloopname     ) [ 00000]
add_ln42               (add              ) [ 00000]
trunc_ln               (partselect       ) [ 00000]
add_ln42_23            (add              ) [ 00000]
trunc_ln41_s           (partselect       ) [ 00000]
add_ln42_24            (add              ) [ 00000]
trunc_ln41_1           (partselect       ) [ 00000]
add_ln42_25            (add              ) [ 00000]
trunc_ln41_2           (partselect       ) [ 00000]
or_ln46_s              (bitconcatenate   ) [ 00000]
write_ln46             (write            ) [ 00000]
br_ln25                (br               ) [ 00000]
ret_ln48               (ret              ) [ 00000]
</LifeTime>

<model>

<comp_list>
<comp id="0" class="1000" name="layer5_out">
<pin_list>
<pin id="1" dir="1" index="0" bw="1" slack="0"/>
</pin_list>
<bind>
<StgValue><ssdm name="layer5_out"/></StgValue>
</bind>
</comp>

<comp id="2" class="1000" name="layer6_out">
<pin_list>
<pin id="3" dir="1" index="0" bw="1" slack="0"/>
</pin_list>
<bind>
<StgValue><ssdm name="layer6_out"/></StgValue>
</bind>
</comp>

<comp id="4" class="1001" name="const_4">
<pin_list>
<pin id="5" dir="1" index="0" bw="1" slack="0"/>
</pin_list>
<bind>
<StgValue><ssdm name=""/></StgValue>
</bind>
</comp>

<comp id="6" class="1001" name="const_6">
<pin_list>
<pin id="7" dir="1" index="0" bw="1" slack="2147483647"/>
</pin_list>
<bind>
<StgValue><ssdm name="_ssdm_op_SpecInterface"/></StgValue>
</bind>
</comp>

<comp id="8" class="1001" name="const_8">
<pin_list>
<pin id="9" dir="1" index="0" bw="1" slack="2147483647"/>
</pin_list>
<bind>
<StgValue><ssdm name="empty_13"/></StgValue>
</bind>
</comp>

<comp id="10" class="1001" name="const_10">
<pin_list>
<pin id="11" dir="1" index="0" bw="1" slack="2147483647"/>
</pin_list>
<bind>
<StgValue><ssdm name=""/></StgValue>
</bind>
</comp>

<comp id="12" class="1001" name="const_12">
<pin_list>
<pin id="13" dir="1" index="0" bw="1" slack="2147483647"/>
</pin_list>
<bind>
<StgValue><ssdm name="empty_8"/></StgValue>
</bind>
</comp>

<comp id="14" class="1001" name="const_14">
<pin_list>
<pin id="15" dir="1" index="0" bw="1" slack="2147483647"/>
</pin_list>
<bind>
<StgValue><ssdm name=""/></StgValue>
</bind>
</comp>

<comp id="16" class="1001" name="const_16">
<pin_list>
<pin id="17" dir="1" index="0" bw="1" slack="2147483647"/>
</pin_list>
<bind>
<StgValue><ssdm name="_ssdm_op_SpecResourceLimit"/></StgValue>
</bind>
</comp>

<comp id="18" class="1001" name="const_18">
<pin_list>
<pin id="19" dir="1" index="0" bw="1" slack="2147483647"/>
</pin_list>
<bind>
<StgValue><ssdm name=""/></StgValue>
</bind>
</comp>

<comp id="20" class="1001" name="const_20">
<pin_list>
<pin id="21" dir="1" index="0" bw="1" slack="2147483647"/>
</pin_list>
<bind>
<StgValue><ssdm name="empty_7"/></StgValue>
</bind>
</comp>

<comp id="22" class="1001" name="const_22">
<pin_list>
<pin id="23" dir="1" index="0" bw="1" slack="0"/>
</pin_list>
<bind>
<StgValue><ssdm name=""/></StgValue>
</bind>
</comp>

<comp id="24" class="1001" name="const_24">
<pin_list>
<pin id="25" dir="1" index="0" bw="1" slack="0"/>
</pin_list>
<bind>
<StgValue><ssdm name=""/></StgValue>
</bind>
</comp>

<comp id="26" class="1001" name="const_26">
<pin_list>
<pin id="27" dir="1" index="0" bw="1" slack="0"/>
</pin_list>
<bind>
<StgValue><ssdm name=""/></StgValue>
</bind>
</comp>

<comp id="28" class="1001" name="const_28">
<pin_list>
<pin id="29" dir="1" index="0" bw="1" slack="0"/>
</pin_list>
<bind>
<StgValue><ssdm name="_ssdm_op_Read.ap_fifo.volatile.i48P0A"/></StgValue>
</bind>
</comp>

<comp id="30" class="1001" name="const_30">
<pin_list>
<pin id="31" dir="1" index="0" bw="1" slack="0"/>
</pin_list>
<bind>
<StgValue><ssdm name="_ssdm_op_PartSelect.i12.i48.i32.i32"/></StgValue>
</bind>
</comp>

<comp id="32" class="1001" name="const_32">
<pin_list>
<pin id="33" dir="1" index="0" bw="1" slack="0"/>
</pin_list>
<bind>
<StgValue><ssdm name=""/></StgValue>
</bind>
</comp>

<comp id="34" class="1001" name="const_34">
<pin_list>
<pin id="35" dir="1" index="0" bw="1" slack="0"/>
</pin_list>
<bind>
<StgValue><ssdm name=""/></StgValue>
</bind>
</comp>

<comp id="36" class="1001" name="const_36">
<pin_list>
<pin id="37" dir="1" index="0" bw="1" slack="0"/>
</pin_list>
<bind>
<StgValue><ssdm name=""/></StgValue>
</bind>
</comp>

<comp id="38" class="1001" name="const_38">
<pin_list>
<pin id="39" dir="1" index="0" bw="1" slack="0"/>
</pin_list>
<bind>
<StgValue><ssdm name=""/></StgValue>
</bind>
</comp>

<comp id="40" class="1001" name="const_40">
<pin_list>
<pin id="41" dir="1" index="0" bw="1" slack="0"/>
</pin_list>
<bind>
<StgValue><ssdm name=""/></StgValue>
</bind>
</comp>

<comp id="42" class="1001" name="const_42">
<pin_list>
<pin id="43" dir="1" index="0" bw="1" slack="0"/>
</pin_list>
<bind>
<StgValue><ssdm name=""/></StgValue>
</bind>
</comp>

<comp id="44" class="1001" name="const_44">
<pin_list>
<pin id="45" dir="1" index="0" bw="1" slack="0"/>
</pin_list>
<bind>
<StgValue><ssdm name=""/></StgValue>
</bind>
</comp>

<comp id="46" class="1001" name="const_46">
<pin_list>
<pin id="47" dir="1" index="0" bw="1" slack="0"/>
</pin_list>
<bind>
<StgValue><ssdm name=""/></StgValue>
</bind>
</comp>

<comp id="48" class="1001" name="const_48">
<pin_list>
<pin id="49" dir="1" index="0" bw="1" slack="0"/>
</pin_list>
<bind>
<StgValue><ssdm name=""/></StgValue>
</bind>
</comp>

<comp id="50" class="1001" name="const_50">
<pin_list>
<pin id="51" dir="1" index="0" bw="1" slack="0"/>
</pin_list>
<bind>
<StgValue><ssdm name=""/></StgValue>
</bind>
</comp>

<comp id="52" class="1001" name="const_52">
<pin_list>
<pin id="53" dir="1" index="0" bw="1" slack="2147483647"/>
</pin_list>
<bind>
<StgValue><ssdm name="_ssdm_op_SpecPipeline"/></StgValue>
</bind>
</comp>

<comp id="54" class="1001" name="const_54">
<pin_list>
<pin id="55" dir="1" index="0" bw="1" slack="2147483647"/>
</pin_list>
<bind>
<StgValue><ssdm name=""/></StgValue>
</bind>
</comp>

<comp id="56" class="1001" name="const_56">
<pin_list>
<pin id="57" dir="1" index="0" bw="1" slack="2147483647"/>
</pin_list>
<bind>
<StgValue><ssdm name="_ssdm_op_SpecLoopTripCount"/></StgValue>
</bind>
</comp>

<comp id="58" class="1001" name="const_58">
<pin_list>
<pin id="59" dir="1" index="0" bw="1" slack="2147483647"/>
</pin_list>
<bind>
<StgValue><ssdm name=""/></StgValue>
</bind>
</comp>

<comp id="60" class="1001" name="const_60">
<pin_list>
<pin id="61" dir="1" index="0" bw="1" slack="2147483647"/>
</pin_list>
<bind>
<StgValue><ssdm name="_ssdm_op_SpecLoopName"/></StgValue>
</bind>
</comp>

<comp id="62" class="1001" name="const_62">
<pin_list>
<pin id="63" dir="1" index="0" bw="1" slack="2147483647"/>
</pin_list>
<bind>
<StgValue><ssdm name="empty_5"/></StgValue>
</bind>
</comp>

<comp id="64" class="1001" name="const_64">
<pin_list>
<pin id="65" dir="1" index="0" bw="1" slack="0"/>
</pin_list>
<bind>
<StgValue><ssdm name=""/></StgValue>
</bind>
</comp>

<comp id="66" class="1001" name="const_66">
<pin_list>
<pin id="67" dir="1" index="0" bw="1" slack="0"/>
</pin_list>
<bind>
<StgValue><ssdm name="_ssdm_op_PartSelect.i12.i18.i32.i32"/></StgValue>
</bind>
</comp>

<comp id="68" class="1001" name="const_68">
<pin_list>
<pin id="69" dir="1" index="0" bw="1" slack="0"/>
</pin_list>
<bind>
<StgValue><ssdm name=""/></StgValue>
</bind>
</comp>

<comp id="70" class="1001" name="const_70">
<pin_list>
<pin id="71" dir="1" index="0" bw="1" slack="0"/>
</pin_list>
<bind>
<StgValue><ssdm name=""/></StgValue>
</bind>
</comp>

<comp id="72" class="1001" name="const_72">
<pin_list>
<pin id="73" dir="1" index="0" bw="1" slack="0"/>
</pin_list>
<bind>
<StgValue><ssdm name=""/></StgValue>
</bind>
</comp>

<comp id="74" class="1001" name="const_74">
<pin_list>
<pin id="75" dir="1" index="0" bw="1" slack="0"/>
</pin_list>
<bind>
<StgValue><ssdm name=""/></StgValue>
</bind>
</comp>

<comp id="76" class="1001" name="const_76">
<pin_list>
<pin id="77" dir="1" index="0" bw="1" slack="0"/>
</pin_list>
<bind>
<StgValue><ssdm name=""/></StgValue>
</bind>
</comp>

<comp id="78" class="1001" name="const_78">
<pin_list>
<pin id="79" dir="1" index="0" bw="1" slack="0"/>
</pin_list>
<bind>
<StgValue><ssdm name="_ssdm_op_BitConcatenate.i48.i12.i12.i12.i12"/></StgValue>
</bind>
</comp>

<comp id="80" class="1001" name="const_80">
<pin_list>
<pin id="81" dir="1" index="0" bw="1" slack="0"/>
</pin_list>
<bind>
<StgValue><ssdm name="_ssdm_op_Write.ap_fifo.volatile.i48P0A"/></StgValue>
</bind>
</comp>

<comp id="82" class="1004" name="i_02_fu_82">
<pin_list>
<pin id="83" dir="0" index="0" bw="1" slack="0"/>
<pin id="84" dir="1" index="1" bw="15" slack="0"/>
</pin_list>
<bind>
<opcode="alloca(26) " fcode="alloca"/>
<opset="i_02/1 "/>
</bind>
</comp>

<comp id="86" class="1004" name="layer5_out_read_read_fu_86">
<pin_list>
<pin id="87" dir="0" index="0" bw="48" slack="0"/>
<pin id="88" dir="0" index="1" bw="48" slack="0"/>
<pin id="89" dir="1" index="2" bw="48" slack="0"/>
</pin_list>
<bind>
<opcode="read(1150) " fcode="read"/>
<opset="layer5_out_read/2 "/>
</bind>
</comp>

<comp id="92" class="1004" name="write_ln46_write_fu_92">
<pin_list>
<pin id="93" dir="0" index="0" bw="0" slack="0"/>
<pin id="94" dir="0" index="1" bw="48" slack="0"/>
<pin id="95" dir="0" index="2" bw="48" slack="0"/>
<pin id="96" dir="1" index="3" bw="0" slack="2147483647"/>
</pin_list>
<bind>
<opcode="write(1151) " fcode="write"/>
<opset="write_ln46/4 "/>
</bind>
</comp>

<comp id="356" class="1004" name="mul_ln42_fu_356">
<pin_list>
<pin id="69731" dir="0" index="0" bw="12" slack="0"/>
<pin id="69732" dir="0" index="1" bw="11" slack="0"/>
<pin id="69733" dir="1" index="2" bw="18" slack="1"/>
</pin_list>
<bind>
<opcode="mul(12) " fcode="mul"/>
<opset="mul_ln42/3 "/>
</bind>
</comp>

<comp id="466" class="1004" name="mul_ln42_15_fu_466">
<pin_list>
<pin id="69739" dir="0" index="0" bw="12" slack="0"/>
<pin id="69740" dir="0" index="1" bw="11" slack="0"/>
<pin id="69741" dir="1" index="2" bw="18" slack="1"/>
</pin_list>
<bind>
<opcode="mul(12) " fcode="mul"/>
<opset="mul_ln42_15/3 "/>
</bind>
</comp>

<comp id="2614" class="1004" name="mul_ln42_14_fu_2614">
<pin_list>
<pin id="69735" dir="0" index="0" bw="12" slack="0"/>
<pin id="69736" dir="0" index="1" bw="12" slack="0"/>
<pin id="69737" dir="1" index="2" bw="18" slack="1"/>
</pin_list>
<bind>
<opcode="mul(12) " fcode="mul"/>
<opset="mul_ln42_14/3 "/>
</bind>
</comp>

<comp id="3942" class="1004" name="mul_ln42_16_fu_3942">
<pin_list>
<pin id="69743" dir="0" index="0" bw="12" slack="0"/>
<pin id="69744" dir="0" index="1" bw="11" slack="0"/>
<pin id="69745" dir="1" index="2" bw="18" slack="1"/>
</pin_list>
<bind>
<opcode="mul(12) " fcode="mul"/>
<opset="mul_ln42_16/3 "/>
</bind>
</comp>

<comp id="69747" class="1005" name="mul_ln42_reg_69747">
<pin_list>
<pin id="69748" dir="0" index="0" bw="18" slack="1"/>
<pin id="69749" dir="1" index="1" bw="18" slack="1"/>
</pin_list>
<bind>
<opset="mul_ln42 "/>
</bind>
</comp>

<comp id="69751" class="1005" name="mul_ln42_14_reg_69751">
<pin_list>
<pin id="69752" dir="0" index="0" bw="18" slack="1"/>
<pin id="69753" dir="1" index="1" bw="18" slack="1"/>
</pin_list>
<bind>
<opset="mul_ln42_14 "/>
</bind>
</comp>

<comp id="69755" class="1005" name="mul_ln42_15_reg_69755">
<pin_list>
<pin id="69756" dir="0" index="0" bw="18" slack="1"/>
<pin id="69757" dir="1" index="1" bw="18" slack="1"/>
</pin_list>
<bind>
<opset="mul_ln42_15 "/>
</bind>
</comp>

<comp id="69759" class="1005" name="mul_ln42_16_reg_69759">
<pin_list>
<pin id="69760" dir="0" index="0" bw="18" slack="1"/>
<pin id="69761" dir="1" index="1" bw="18" slack="1"/>
</pin_list>
<bind>
<opset="mul_ln42_16 "/>
</bind>
</comp>

<comp id="69764" class="1004" name="store_ln25_store_fu_69764">
<pin_list>
<pin id="69765" dir="0" index="0" bw="1" slack="0"/>
<pin id="69766" dir="0" index="1" bw="15" slack="0"/>
<pin id="69767" dir="1" index="2" bw="0" slack="2147483647"/>
</pin_list>
<bind>
<opcode="store(28) " fcode="store"/>
<opset="store_ln25/1 "/>
</bind>
</comp>

<comp id="69769" class="1004" name="i_load_fu_69769">
<pin_list>
<pin id="69770" dir="0" index="0" bw="15" slack="0"/>
<pin id="69771" dir="1" index="1" bw="15" slack="0"/>
</pin_list>
<bind>
<opcode="load(27) " fcode="load"/>
<opset="i/1 "/>
</bind>
</comp>

<comp id="69772" class="1004" name="icmp_ln25_fu_69772">
<pin_list>
<pin id="69773" dir="0" index="0" bw="15" slack="0"/>
<pin id="69774" dir="0" index="1" bw="15" slack="0"/>
<pin id="69775" dir="1" index="2" bw="1" slack="2147483647"/>
</pin_list>
<bind>
<opcode="icmp(45) " fcode="icmp"/>
<opset="icmp_ln25/1 "/>
</bind>
</comp>

<comp id="69778" class="1004" name="i_21_fu_69778">
<pin_list>
<pin id="69779" dir="0" index="0" bw="15" slack="0"/>
<pin id="69780" dir="0" index="1" bw="1" slack="0"/>
<pin id="69781" dir="1" index="2" bw="15" slack="0"/>
</pin_list>
<bind>
<opcode="add(8) " fcode="add"/>
<opset="i_21/1 "/>
</bind>
</comp>

<comp id="69784" class="1004" name="store_ln25_store_fu_69784">
<pin_list>
<pin id="69785" dir="0" index="0" bw="15" slack="0"/>
<pin id="69786" dir="0" index="1" bw="15" slack="0"/>
<pin id="69787" dir="1" index="2" bw="0" slack="2147483647"/>
</pin_list>
<bind>
<opcode="store(28) " fcode="store"/>
<opset="store_ln25/1 "/>
</bind>
</comp>

<comp id="69789" class="1004" name="a_fu_69789">
<pin_list>
<pin id="69790" dir="0" index="0" bw="48" slack="0"/>
<pin id="69791" dir="1" index="1" bw="12" slack="1"/>
</pin_list>
<bind>
<opcode="trunc(33) " fcode="trunc"/>
<opset="a/2 "/>
</bind>
</comp>

<comp id="69793" class="1004" name="a_10_fu_69793">
<pin_list>
<pin id="69794" dir="0" index="0" bw="12" slack="0"/>
<pin id="69795" dir="0" index="1" bw="48" slack="0"/>
<pin id="69796" dir="0" index="2" bw="5" slack="0"/>
<pin id="69797" dir="0" index="3" bw="6" slack="0"/>
<pin id="69798" dir="1" index="4" bw="12" slack="1"/>
</pin_list>
<bind>
<opcode="partselect(1002) " fcode="partselect"/>
<opset="a_10/2 "/>
</bind>
</comp>

<comp id="69803" class="1004" name="a_6_fu_69803">
<pin_list>
<pin id="69804" dir="0" index="0" bw="12" slack="0"/>
<pin id="69805" dir="0" index="1" bw="48" slack="0"/>
<pin id="69806" dir="0" index="2" bw="6" slack="0"/>
<pin id="69807" dir="0" index="3" bw="7" slack="0"/>
<pin id="69808" dir="1" index="4" bw="12" slack="1"/>
</pin_list>
<bind>
<opcode="partselect(1002) " fcode="partselect"/>
<opset="a_6/2 "/>
</bind>
</comp>

<comp id="69813" class="1004" name="a_7_fu_69813">
<pin_list>
<pin id="69814" dir="0" index="0" bw="12" slack="0"/>
<pin id="69815" dir="0" index="1" bw="48" slack="0"/>
<pin id="69816" dir="0" index="2" bw="7" slack="0"/>
<pin id="69817" dir="0" index="3" bw="7" slack="0"/>
<pin id="69818" dir="1" index="4" bw="12" slack="1"/>
</pin_list>
<bind>
<opcode="partselect(1002) " fcode="partselect"/>
<opset="a_7/2 "/>
</bind>
</comp>

<comp id="69823" class="1004" name="sext_ln42_fu_69823">
<pin_list>
<pin id="69824" dir="0" index="0" bw="12" slack="1"/>
<pin id="69825" dir="1" index="1" bw="18" slack="0"/>
</pin_list>
<bind>
<opcode="sext(35) " fcode="sext"/>
<opset="sext_ln42/3 "/>
</bind>
</comp>

<comp id="69827" class="1004" name="sext_ln42_14_fu_69827">
<pin_list>
<pin id="69828" dir="0" index="0" bw="12" slack="1"/>
<pin id="69829" dir="1" index="1" bw="18" slack="0"/>
</pin_list>
<bind>
<opcode="sext(35) " fcode="sext"/>
<opset="sext_ln42_14/3 "/>
</bind>
</comp>

<comp id="69831" class="1004" name="sext_ln42_15_fu_69831">
<pin_list>
<pin id="69832" dir="0" index="0" bw="12" slack="1"/>
<pin id="69833" dir="1" index="1" bw="18" slack="0"/>
</pin_list>
<bind>
<opcode="sext(35) " fcode="sext"/>
<opset="sext_ln42_15/3 "/>
</bind>
</comp>

<comp id="69835" class="1004" name="sext_ln42_16_fu_69835">
<pin_list>
<pin id="69836" dir="0" index="0" bw="12" slack="1"/>
<pin id="69837" dir="1" index="1" bw="18" slack="0"/>
</pin_list>
<bind>
<opcode="sext(35) " fcode="sext"/>
<opset="sext_ln42_16/3 "/>
</bind>
</comp>

<comp id="69839" class="1004" name="add_ln42_fu_69839">
<pin_list>
<pin id="69840" dir="0" index="0" bw="18" slack="1"/>
<pin id="69841" dir="0" index="1" bw="16" slack="0"/>
<pin id="69842" dir="1" index="2" bw="18" slack="0"/>
</pin_list>
<bind>
<opcode="add(8) " fcode="add"/>
<opset="add_ln42/4 "/>
</bind>
</comp>

<comp id="69845" class="1004" name="trunc_ln_fu_69845">
<pin_list>
<pin id="69846" dir="0" index="0" bw="12" slack="0"/>
<pin id="69847" dir="0" index="1" bw="18" slack="0"/>
<pin id="69848" dir="0" index="2" bw="4" slack="0"/>
<pin id="69849" dir="0" index="3" bw="6" slack="0"/>
<pin id="69850" dir="1" index="4" bw="12" slack="0"/>
</pin_list>
<bind>
<opcode="partselect(1002) " fcode="partselect"/>
<opset="trunc_ln/4 "/>
</bind>
</comp>

<comp id="69855" class="1004" name="add_ln42_23_fu_69855">
<pin_list>
<pin id="69856" dir="0" index="0" bw="18" slack="1"/>
<pin id="69857" dir="0" index="1" bw="16" slack="0"/>
<pin id="69858" dir="1" index="2" bw="18" slack="0"/>
</pin_list>
<bind>
<opcode="add(8) " fcode="add"/>
<opset="add_ln42_23/4 "/>
</bind>
</comp>

<comp id="69861" class="1004" name="trunc_ln41_s_fu_69861">
<pin_list>
<pin id="69862" dir="0" index="0" bw="12" slack="0"/>
<pin id="69863" dir="0" index="1" bw="18" slack="0"/>
<pin id="69864" dir="0" index="2" bw="4" slack="0"/>
<pin id="69865" dir="0" index="3" bw="6" slack="0"/>
<pin id="69866" dir="1" index="4" bw="12" slack="0"/>
</pin_list>
<bind>
<opcode="partselect(1002) " fcode="partselect"/>
<opset="trunc_ln41_s/4 "/>
</bind>
</comp>

<comp id="69871" class="1004" name="add_ln42_24_fu_69871">
<pin_list>
<pin id="69872" dir="0" index="0" bw="18" slack="1"/>
<pin id="69873" dir="0" index="1" bw="15" slack="0"/>
<pin id="69874" dir="1" index="2" bw="18" slack="0"/>
</pin_list>
<bind>
<opcode="add(8) " fcode="add"/>
<opset="add_ln42_24/4 "/>
</bind>
</comp>

<comp id="69877" class="1004" name="trunc_ln41_1_fu_69877">
<pin_list>
<pin id="69878" dir="0" index="0" bw="12" slack="0"/>
<pin id="69879" dir="0" index="1" bw="18" slack="0"/>
<pin id="69880" dir="0" index="2" bw="4" slack="0"/>
<pin id="69881" dir="0" index="3" bw="6" slack="0"/>
<pin id="69882" dir="1" index="4" bw="12" slack="0"/>
</pin_list>
<bind>
<opcode="partselect(1002) " fcode="partselect"/>
<opset="trunc_ln41_1/4 "/>
</bind>
</comp>

<comp id="69887" class="1004" name="add_ln42_25_fu_69887">
<pin_list>
<pin id="69888" dir="0" index="0" bw="18" slack="1"/>
<pin id="69889" dir="0" index="1" bw="15" slack="0"/>
<pin id="69890" dir="1" index="2" bw="18" slack="0"/>
</pin_list>
<bind>
<opcode="add(8) " fcode="add"/>
<opset="add_ln42_25/4 "/>
</bind>
</comp>

<comp id="69893" class="1004" name="trunc_ln41_2_fu_69893">
<pin_list>
<pin id="69894" dir="0" index="0" bw="12" slack="0"/>
<pin id="69895" dir="0" index="1" bw="18" slack="0"/>
<pin id="69896" dir="0" index="2" bw="4" slack="0"/>
<pin id="69897" dir="0" index="3" bw="6" slack="0"/>
<pin id="69898" dir="1" index="4" bw="12" slack="0"/>
</pin_list>
<bind>
<opcode="partselect(1002) " fcode="partselect"/>
<opset="trunc_ln41_2/4 "/>
</bind>
</comp>

<comp id="69903" class="1004" name="or_ln46_s_fu_69903">
<pin_list>
<pin id="69904" dir="0" index="0" bw="48" slack="0"/>
<pin id="69905" dir="0" index="1" bw="12" slack="0"/>
<pin id="69906" dir="0" index="2" bw="12" slack="0"/>
<pin id="69907" dir="0" index="3" bw="12" slack="0"/>
<pin id="69908" dir="0" index="4" bw="12" slack="0"/>
<pin id="69909" dir="1" index="5" bw="48" slack="0"/>
</pin_list>
<bind>
<opcode="bitconcatenate(1004) " fcode="bitconcatenate"/>
<opset="or_ln46_s/4 "/>
</bind>
</comp>

<comp id="69916" class="1005" name="i_02_reg_69916">
<pin_list>
<pin id="69917" dir="0" index="0" bw="15" slack="0"/>
<pin id="69918" dir="1" index="1" bw="15" slack="0"/>
</pin_list>
<bind>
<opset="i_02 "/>
</bind>
</comp>

<comp id="69926" class="1005" name="a_reg_69926">
<pin_list>
<pin id="69927" dir="0" index="0" bw="12" slack="1"/>
<pin id="69928" dir="1" index="1" bw="12" slack="1"/>
</pin_list>
<bind>
<opset="a "/>
</bind>
</comp>

<comp id="69931" class="1005" name="a_10_reg_69931">
<pin_list>
<pin id="69932" dir="0" index="0" bw="12" slack="1"/>
<pin id="69933" dir="1" index="1" bw="12" slack="1"/>
</pin_list>
<bind>
<opset="a_10 "/>
</bind>
</comp>

<comp id="69936" class="1005" name="a_6_reg_69936">
<pin_list>
<pin id="69937" dir="0" index="0" bw="12" slack="1"/>
<pin id="69938" dir="1" index="1" bw="12" slack="1"/>
</pin_list>
<bind>
<opset="a_6 "/>
</bind>
</comp>

<comp id="69941" class="1005" name="a_7_reg_69941">
<pin_list>
<pin id="69942" dir="0" index="0" bw="12" slack="1"/>
<pin id="69943" dir="1" index="1" bw="12" slack="1"/>
</pin_list>
<bind>
<opset="a_7 "/>
</bind>
</comp>

</comp_list>

<net_list>
<net id="85"><net_src comp="4" pin="0"/><net_sink comp="82" pin=0"/></net>

<net id="90"><net_src comp="28" pin="0"/><net_sink comp="86" pin=0"/></net>

<net id="91"><net_src comp="0" pin="0"/><net_sink comp="86" pin=1"/></net>

<net id="97"><net_src comp="80" pin="0"/><net_sink comp="92" pin=0"/></net>

<net id="98"><net_src comp="2" pin="0"/><net_sink comp="92" pin=1"/></net>

<net id="69734"><net_src comp="44" pin="0"/><net_sink comp="356" pin=1"/></net>

<net id="69738"><net_src comp="46" pin="0"/><net_sink comp="2614" pin=1"/></net>

<net id="69742"><net_src comp="48" pin="0"/><net_sink comp="466" pin=1"/></net>

<net id="69746"><net_src comp="50" pin="0"/><net_sink comp="3942" pin=1"/></net>

<net id="69750"><net_src comp="356" pin="2"/><net_sink comp="69747" pin=0"/></net>

<net id="69754"><net_src comp="2614" pin="2"/><net_sink comp="69751" pin=0"/></net>

<net id="69758"><net_src comp="466" pin="2"/><net_sink comp="69755" pin=0"/></net>

<net id="69762"><net_src comp="3942" pin="2"/><net_sink comp="69759" pin=0"/></net>

<net id="69768"><net_src comp="22" pin="0"/><net_sink comp="69764" pin=0"/></net>

<net id="69776"><net_src comp="69769" pin="1"/><net_sink comp="69772" pin=0"/></net>

<net id="69777"><net_src comp="24" pin="0"/><net_sink comp="69772" pin=1"/></net>

<net id="69782"><net_src comp="69769" pin="1"/><net_sink comp="69778" pin=0"/></net>

<net id="69783"><net_src comp="26" pin="0"/><net_sink comp="69778" pin=1"/></net>

<net id="69788"><net_src comp="69778" pin="2"/><net_sink comp="69784" pin=0"/></net>

<net id="69792"><net_src comp="86" pin="2"/><net_sink comp="69789" pin=0"/></net>

<net id="69799"><net_src comp="30" pin="0"/><net_sink comp="69793" pin=0"/></net>

<net id="69800"><net_src comp="86" pin="2"/><net_sink comp="69793" pin=1"/></net>

<net id="69801"><net_src comp="32" pin="0"/><net_sink comp="69793" pin=2"/></net>

<net id="69802"><net_src comp="34" pin="0"/><net_sink comp="69793" pin=3"/></net>

<net id="69809"><net_src comp="30" pin="0"/><net_sink comp="69803" pin=0"/></net>

<net id="69810"><net_src comp="86" pin="2"/><net_sink comp="69803" pin=1"/></net>

<net id="69811"><net_src comp="36" pin="0"/><net_sink comp="69803" pin=2"/></net>

<net id="69812"><net_src comp="38" pin="0"/><net_sink comp="69803" pin=3"/></net>

<net id="69819"><net_src comp="30" pin="0"/><net_sink comp="69813" pin=0"/></net>

<net id="69820"><net_src comp="86" pin="2"/><net_sink comp="69813" pin=1"/></net>

<net id="69821"><net_src comp="40" pin="0"/><net_sink comp="69813" pin=2"/></net>

<net id="69822"><net_src comp="42" pin="0"/><net_sink comp="69813" pin=3"/></net>

<net id="69826"><net_src comp="69823" pin="1"/><net_sink comp="356" pin=0"/></net>

<net id="69830"><net_src comp="69827" pin="1"/><net_sink comp="2614" pin=0"/></net>

<net id="69834"><net_src comp="69831" pin="1"/><net_sink comp="466" pin=0"/></net>

<net id="69838"><net_src comp="69835" pin="1"/><net_sink comp="3942" pin=0"/></net>

<net id="69843"><net_src comp="69747" pin="1"/><net_sink comp="69839" pin=0"/></net>

<net id="69844"><net_src comp="64" pin="0"/><net_sink comp="69839" pin=1"/></net>

<net id="69851"><net_src comp="66" pin="0"/><net_sink comp="69845" pin=0"/></net>

<net id="69852"><net_src comp="69839" pin="2"/><net_sink comp="69845" pin=1"/></net>

<net id="69853"><net_src comp="68" pin="0"/><net_sink comp="69845" pin=2"/></net>

<net id="69854"><net_src comp="70" pin="0"/><net_sink comp="69845" pin=3"/></net>

<net id="69859"><net_src comp="69751" pin="1"/><net_sink comp="69855" pin=0"/></net>

<net id="69860"><net_src comp="72" pin="0"/><net_sink comp="69855" pin=1"/></net>

<net id="69867"><net_src comp="66" pin="0"/><net_sink comp="69861" pin=0"/></net>

<net id="69868"><net_src comp="69855" pin="2"/><net_sink comp="69861" pin=1"/></net>

<net id="69869"><net_src comp="68" pin="0"/><net_sink comp="69861" pin=2"/></net>

<net id="69870"><net_src comp="70" pin="0"/><net_sink comp="69861" pin=3"/></net>

<net id="69875"><net_src comp="69755" pin="1"/><net_sink comp="69871" pin=0"/></net>

<net id="69876"><net_src comp="74" pin="0"/><net_sink comp="69871" pin=1"/></net>

<net id="69883"><net_src comp="66" pin="0"/><net_sink comp="69877" pin=0"/></net>

<net id="69884"><net_src comp="69871" pin="2"/><net_sink comp="69877" pin=1"/></net>

<net id="69885"><net_src comp="68" pin="0"/><net_sink comp="69877" pin=2"/></net>

<net id="69886"><net_src comp="70" pin="0"/><net_sink comp="69877" pin=3"/></net>

<net id="69891"><net_src comp="69759" pin="1"/><net_sink comp="69887" pin=0"/></net>

<net id="69892"><net_src comp="76" pin="0"/><net_sink comp="69887" pin=1"/></net>

<net id="69899"><net_src comp="66" pin="0"/><net_sink comp="69893" pin=0"/></net>

<net id="69900"><net_src comp="69887" pin="2"/><net_sink comp="69893" pin=1"/></net>

<net id="69901"><net_src comp="68" pin="0"/><net_sink comp="69893" pin=2"/></net>

<net id="69902"><net_src comp="70" pin="0"/><net_sink comp="69893" pin=3"/></net>

<net id="69910"><net_src comp="78" pin="0"/><net_sink comp="69903" pin=0"/></net>

<net id="69911"><net_src comp="69893" pin="4"/><net_sink comp="69903" pin=1"/></net>

<net id="69912"><net_src comp="69877" pin="4"/><net_sink comp="69903" pin=2"/></net>

<net id="69913"><net_src comp="69861" pin="4"/><net_sink comp="69903" pin=3"/></net>

<net id="69914"><net_src comp="69845" pin="4"/><net_sink comp="69903" pin=4"/></net>

<net id="69915"><net_src comp="69903" pin="5"/><net_sink comp="92" pin=2"/></net>

<net id="69919"><net_src comp="82" pin="1"/><net_sink comp="69916" pin=0"/></net>

<net id="69920"><net_src comp="69916" pin="1"/><net_sink comp="69764" pin=1"/></net>

<net id="69921"><net_src comp="69916" pin="1"/><net_sink comp="69769" pin=0"/></net>

<net id="69922"><net_src comp="69916" pin="1"/><net_sink comp="69784" pin=1"/></net>

<net id="69929"><net_src comp="69789" pin="1"/><net_sink comp="69926" pin=0"/></net>

<net id="69930"><net_src comp="69926" pin="1"/><net_sink comp="69823" pin=0"/></net>

<net id="69934"><net_src comp="69793" pin="4"/><net_sink comp="69931" pin=0"/></net>

<net id="69935"><net_src comp="69931" pin="1"/><net_sink comp="69827" pin=0"/></net>

<net id="69939"><net_src comp="69803" pin="4"/><net_sink comp="69936" pin=0"/></net>

<net id="69940"><net_src comp="69936" pin="1"/><net_sink comp="69831" pin=0"/></net>

<net id="69944"><net_src comp="69813" pin="4"/><net_sink comp="69941" pin=0"/></net>

<net id="69945"><net_src comp="69941" pin="1"/><net_sink comp="69835" pin=0"/></net>

</net_list>

</model> 
---------------- Datapath Model END ------------------

* FSMD analyzer results:
  - Output states:
	Port: layer6_out | {4 }
 - Input state : 
	Port: normalize<array<ap_fixed,4u>,array<ap_fixed<12,6,5,3,0>,4u>,config6> : layer5_out | {2 }
  - Chain level:
	State 1
		store_ln25 : 1
		i : 1
		icmp_ln25 : 2
		i_21 : 2
		br_ln25 : 3
		store_ln25 : 3
	State 2
	State 3
		mul_ln42 : 1
		mul_ln42_14 : 1
		mul_ln42_15 : 1
		mul_ln42_16 : 1
	State 4
		trunc_ln : 1
		trunc_ln41_s : 1
		trunc_ln41_1 : 1
		trunc_ln41_2 : 1
		or_ln46_s : 2
		write_ln46 : 3


============================================================
+ Verbose Summary: Datapath Resource usage 
============================================================

* Functional unit list:
|----------|----------------------------|---------|---------|---------|
| Operation|       Functional Unit      |   DSP   |    FF   |   LUT   |
|----------|----------------------------|---------|---------|---------|
|          |        i_21_fu_69778       |    0    |    0    |    22   |
|          |      add_ln42_fu_69839     |    0    |    0    |    25   |
|    add   |    add_ln42_23_fu_69855    |    0    |    0    |    25   |
|          |    add_ln42_24_fu_69871    |    0    |    0    |    25   |
|          |    add_ln42_25_fu_69887    |    0    |    0    |    25   |
|----------|----------------------------|---------|---------|---------|
|          |       mul_ln42_fu_356      |    1    |    0    |    5    |
|    mul   |     mul_ln42_15_fu_466     |    1    |    0    |    5    |
|          |     mul_ln42_14_fu_2614    |    1    |    0    |    5    |
|          |     mul_ln42_16_fu_3942    |    1    |    0    |    5    |
|----------|----------------------------|---------|---------|---------|
|   icmp   |     icmp_ln25_fu_69772     |    0    |    0    |    22   |
|----------|----------------------------|---------|---------|---------|
|   read   | layer5_out_read_read_fu_86 |    0    |    0    |    0    |
|----------|----------------------------|---------|---------|---------|
|   write  |   write_ln46_write_fu_92   |    0    |    0    |    0    |
|----------|----------------------------|---------|---------|---------|
|   trunc  |         a_fu_69789         |    0    |    0    |    0    |
|----------|----------------------------|---------|---------|---------|
|          |        a_10_fu_69793       |    0    |    0    |    0    |
|          |        a_6_fu_69803        |    0    |    0    |    0    |
|          |        a_7_fu_69813        |    0    |    0    |    0    |
|partselect|      trunc_ln_fu_69845     |    0    |    0    |    0    |
|          |    trunc_ln41_s_fu_69861   |    0    |    0    |    0    |
|          |    trunc_ln41_1_fu_69877   |    0    |    0    |    0    |
|          |    trunc_ln41_2_fu_69893   |    0    |    0    |    0    |
|----------|----------------------------|---------|---------|---------|
|          |     sext_ln42_fu_69823     |    0    |    0    |    0    |
|   sext   |    sext_ln42_14_fu_69827   |    0    |    0    |    0    |
|          |    sext_ln42_15_fu_69831   |    0    |    0    |    0    |
|          |    sext_ln42_16_fu_69835   |    0    |    0    |    0    |
|----------|----------------------------|---------|---------|---------|
|bitconcatenate|     or_ln46_s_fu_69903     |    0    |    0    |    0    |
|----------|----------------------------|---------|---------|---------|
|   Total  |                            |    4    |    0    |   164   |
|----------|----------------------------|---------|---------|---------|

Memories:
N/A

* Register list:
+---------------------+--------+
|                     |   FF   |
+---------------------+--------+
|    a_10_reg_69931   |   12   |
|    a_6_reg_69936    |   12   |
|    a_7_reg_69941    |   12   |
|     a_reg_69926     |   12   |
|    i_02_reg_69916   |   15   |
|mul_ln42_14_reg_69751|   18   |
|mul_ln42_15_reg_69755|   18   |
|mul_ln42_16_reg_69759|   18   |
|  mul_ln42_reg_69747 |   18   |
+---------------------+--------+
|        Total        |   135  |
+---------------------+--------+

* Multiplexer (MUX) list: 
|--------|------|------|------|--------|
|  Comp  |  Pin | Size |  BW  | S x BW |
|--------|------|------|------|--------|
|  Total |      |      |      |    0   |
|--------|------|------|------|--------|



* Summary:
+-----------+--------+--------+--------+
|           |   DSP  |   FF   |   LUT  |
+-----------+--------+--------+--------+
|  Function |    4   |    0   |   164  |
|   Memory  |    -   |    -   |    -   |
|Multiplexer|    -   |    -   |    -   |
|  Register |    -   |   135  |    -   |
+-----------+--------+--------+--------+
|   Total   |    4   |   135  |   164  |
+-----------+--------+--------+--------+
