

================================================================
== Vitis HLS Report for 'normalize_array_ap_fixed_8u_array_ap_fixed_16_6_5_3_0_8u_config20_s'
================================================================
* Date:           Thu Apr 23 22:46:37 2026

* Version:        2025.2 (Build 6295257 on Nov 14 2025)
* Project:        folo_prj
* Solution:       solution1 (Vivado IP Flow Target)
* Product family: kintexu
* Target device:  xcku035-fbva676-2-e


================================================================
== Performance Estimates
================================================================
+ Timing: 
    * Summary: 
    +--------+---------+----------+------------+
    |  Clock |  Target | Estimated| Uncertainty|
    +--------+---------+----------+------------+
    |ap_clk  |  5.00 ns|  3.570 ns|     1.35 ns|
    +--------+---------+----------+------------+

+ Latency: 
    * Summary: 
    +---------+---------+----------+----------+------+------+------------------------------------------------+
    |  Latency (cycles) |  Latency (absolute) |   Interval  |                    Pipeline                    |
    |   min   |   max   |    min   |    max   |  min |  max |                      Type                      |
    +---------+---------+----------+----------+------+------+------------------------------------------------+
    |     1027|     1027|  5.135 us|  5.135 us|  1024|  1024|  loop auto-rewind stp (delay=0 clock cycles(s))|
    +---------+---------+----------+----------+------+------+------------------------------------------------+

    + Detail: 
        * Instance: 
        N/A

        * Loop: 
        +-----------------+---------+---------+----------+-----------+-----------+------+----------+
        |                 |  Latency (cycles) | Iteration|  Initiation Interval  | Trip |          |
        |    Loop Name    |   min   |   max   |  Latency |  achieved |   target  | Count| Pipelined|
        +-----------------+---------+---------+----------+-----------+-----------+------+----------+
        |- BatchNormLoop  |     1025|     1025|         3|          1|          1|  1024|       yes|
        +-----------------+---------+---------+----------+-----------+-----------+------+----------+

============================================================
+ Verbose Summary: Synthesis Manager
============================================================
InlineROM: 1
ExposeGlobal: 0
============================================================
+ Verbose Summary: CDFG Model
============================================================
IsTopModel: 0
ResetActiveHigh: 1
IsCombinational: 2
IsDatapathOnly: 0
HasWiredReturn: 1
HasMFsm: 2
HasVarLatency: 1
IsPipeline: 0
IsRtlPipelined: 0
IsInstanceOverlapped: 0
IsDontTouch: 0
HasImplIP: 0
IsGatedGlobalClock: 0

+ Individual pipeline summary: 
  * Pipeline-0: initiation interval (II) = 1, depth = 3


============================================================
+ Verbose Summary: Schedule
============================================================
* Number of FSM states : 3
* Pipeline : 1
  Pipeline-0 : II = 1, D = 3, States = { 1 2 3 }
* Dataflow Pipeline: 0

* FSM state transitions: 
1 --> 2 
2 --> 3 
3 --> 

* FSM state operations: 

State 1 <SV = 0> <Delay = 2.39>
ST_1 : Operation 6 [1/1] (0.00ns)   --->   "%i_021 = alloca i32 1" [firmware/nnet_utils/nnet_batchnorm_stream.h:25]   --->   Operation 6 'alloca' 'i_021' <Predicate = true> <Delay = 0.00>
ST_1 : Operation 7 [1/1] (0.00ns)   --->   "%specinterface_ln0 = specinterface void @_ssdm_op_SpecInterface, i128 %layer20_out, void @empty_2, i32 0, i32 0, void @empty_1, i32 0, i32 0, void @empty_1, void @empty_1, void @empty_1, i32 0, i32 0, i32 0, i32 0, void @empty_1, void @empty_1, i32 4294967295, i32 0, i32 0, i32 0"   --->   Operation 7 'specinterface' 'specinterface_ln0' <Predicate = true> <Delay = 0.00>
ST_1 : Operation 8 [1/1] (0.00ns)   --->   "%specinterface_ln0 = specinterface void @_ssdm_op_SpecInterface, i128 %layer19_out, void @empty_2, i32 0, i32 0, void @empty_1, i32 0, i32 0, void @empty_1, void @empty_1, void @empty_1, i32 0, i32 0, i32 0, i32 0, void @empty_1, void @empty_1, i32 4294967295, i32 0, i32 0, i32 0"   --->   Operation 8 'specinterface' 'specinterface_ln0' <Predicate = true> <Delay = 0.00>
ST_1 : Operation 9 [1/1] (0.00ns)   --->   "%specresourcelimit_ln22 = specresourcelimit void @_ssdm_op_SpecResourceLimit, i64 8192, void @empty_3, void @empty_1, void @empty_1, void @empty_1" [firmware/nnet_utils/nnet_batchnorm_stream.h:22]   --->   Operation 9 'specresourcelimit' 'specresourcelimit_ln22' <Predicate = true> <Delay = 0.00>
ST_1 : Operation 10 [1/1] (0.53ns)   --->   "%store_ln25 = store i10 0, i10 %i_021" [firmware/nnet_utils/nnet_batchnorm_stream.h:25]   --->   Operation 10 'store' 'store_ln25' <Predicate = true> <Delay = 0.53>
ST_1 : Operation 11 [1/1] (0.00ns)   --->   "%br_ln25 = br void %BatchNormpack.split" [firmware/nnet_utils/nnet_batchnorm_stream.h:25]   --->   Operation 11 'br' 'br_ln25' <Predicate = true> <Delay = 0.00>
ST_1 : Operation 12 [1/1] (0.00ns)   --->   "%i_29 = load i10 %i_021" [firmware/nnet_utils/nnet_batchnorm_stream.h:25]   --->   Operation 12 'load' 'i_29' <Predicate = true> <Delay = 0.00>
ST_1 : Operation 13 [1/1] ( I:1.82ns O:1.82ns )   --->   "%layer19_out_read = read i128 @_ssdm_op_Read.ap_fifo.volatile.i128P0A, i128 %layer19_out" [firmware/nnet_utils/nnet_batchnorm_stream.h:28]   --->   Operation 13 'read' 'layer19_out_read' <Predicate = true> <Delay = 1.82> <CoreInst = "FIFO_SRL">   --->   Core 80 'FIFO_SRL' <Latency = 0> <II = 1> <Delay = 2.26> <Storage> <Opcode : 'read' 'write' 'nbread' 'nbwrite'> <Ports = 0> <Width = 128> <Depth = 1> <FIFO>
ST_1 : Operation 14 [1/1] (0.00ns)   --->   "%a = trunc i128 %layer19_out_read" [firmware/nnet_utils/nnet_batchnorm_stream.h:28]   --->   Operation 14 'trunc' 'a' <Predicate = true> <Delay = 0.00>
ST_1 : Operation 15 [1/1] (0.00ns)   --->   "%a_15 = partselect i16 @_ssdm_op_PartSelect.i16.i128.i32.i32, i128 %layer19_out_read, i32 16, i32 31" [firmware/nnet_utils/nnet_batchnorm_stream.h:28]   --->   Operation 15 'partselect' 'a_15' <Predicate = true> <Delay = 0.00>
ST_1 : Operation 16 [1/1] (0.00ns)   --->   "%a_1 = partselect i16 @_ssdm_op_PartSelect.i16.i128.i32.i32, i128 %layer19_out_read, i32 32, i32 47" [firmware/nnet_utils/nnet_batchnorm_stream.h:28]   --->   Operation 16 'partselect' 'a_1' <Predicate = true> <Delay = 0.00>
ST_1 : Operation 17 [1/1] (0.00ns)   --->   "%a_2 = partselect i16 @_ssdm_op_PartSelect.i16.i128.i32.i32, i128 %layer19_out_read, i32 48, i32 63" [firmware/nnet_utils/nnet_batchnorm_stream.h:28]   --->   Operation 17 'partselect' 'a_2' <Predicate = true> <Delay = 0.00>
ST_1 : Operation 18 [1/1] (0.00ns)   --->   "%a_3 = partselect i16 @_ssdm_op_PartSelect.i16.i128.i32.i32, i128 %layer19_out_read, i32 64, i32 79" [firmware/nnet_utils/nnet_batchnorm_stream.h:28]   --->   Operation 18 'partselect' 'a_3' <Predicate = true> <Delay = 0.00>
ST_1 : Operation 19 [1/1] (0.00ns)   --->   "%a_4 = partselect i16 @_ssdm_op_PartSelect.i16.i128.i32.i32, i128 %layer19_out_read, i32 80, i32 95" [firmware/nnet_utils/nnet_batchnorm_stream.h:28]   --->   Operation 19 'partselect' 'a_4' <Predicate = true> <Delay = 0.00>
ST_1 : Operation 20 [1/1] (0.00ns)   --->   "%a_5 = partselect i16 @_ssdm_op_PartSelect.i16.i128.i32.i32, i128 %layer19_out_read, i32 96, i32 111" [firmware/nnet_utils/nnet_batchnorm_stream.h:28]   --->   Operation 20 'partselect' 'a_5' <Predicate = true> <Delay = 0.00>
ST_1 : Operation 21 [1/1] (0.00ns)   --->   "%a_6 = partselect i16 @_ssdm_op_PartSelect.i16.i128.i32.i32, i128 %layer19_out_read, i32 112, i32 127" [firmware/nnet_utils/nnet_batchnorm_stream.h:28]   --->   Operation 21 'partselect' 'a_6' <Predicate = true> <Delay = 0.00>
ST_1 : Operation 22 [1/1] (1.31ns)   --->   "%i = add i10 %i_29, i10 1" [firmware/nnet_utils/nnet_batchnorm_stream.h:25]   --->   Operation 22 'add' 'i' <Predicate = true> <Delay = 1.31> <CoreInst = "Adder">   --->   Core 1 'Adder' <Latency = 0> <II = 1> <Delay = 1.31> <FuncUnit> <Opcode : 'add' 'sub'> <InPorts = 2> <OutPorts = 1>
ST_1 : Operation 23 [1/1] (1.31ns)   --->   "%icmp_ln25 = icmp_eq  i10 %i_29, i10 1023" [firmware/nnet_utils/nnet_batchnorm_stream.h:25]   --->   Operation 23 'icmp' 'icmp_ln25' <Predicate = true> <Delay = 1.31> <CoreInst = "Cmp">   --->   Core 9 'Cmp' <Latency = 0> <II = 1> <Delay = 1.31> <FuncUnit> <Opcode : 'seteq' 'setne' 'setle' 'setge' 'setlt' 'setgt'> <InPorts = 2> <OutPorts = 1>
ST_1 : Operation 24 [1/1] (0.53ns)   --->   "%store_ln25 = store i10 %i, i10 %i_021" [firmware/nnet_utils/nnet_batchnorm_stream.h:25]   --->   Operation 24 'store' 'store_ln25' <Predicate = true> <Delay = 0.53>
ST_1 : Operation 25 [1/1] (0.00ns)   --->   "%br_ln25 = br i1 %icmp_ln25, void %BatchNormpack.split, void %for.end14" [firmware/nnet_utils/nnet_batchnorm_stream.h:25]   --->   Operation 25 'br' 'br_ln25' <Predicate = true> <Delay = 0.00>

State 2 <SV = 1> <Delay = 3.57>
ST_2 : Operation 26 [1/1] (0.00ns)   --->   "%sext_ln42 = sext i16 %a" [firmware/nnet_utils/nnet_batchnorm_stream.h:42]   --->   Operation 26 'sext' 'sext_ln42' <Predicate = true> <Delay = 0.00>
ST_2 : Operation 27 [1/1] (3.57ns)   --->   "%mul_ln42 = mul i26 %sext_ln42, i26 985" [firmware/nnet_utils/nnet_batchnorm_stream.h:42]   --->   Operation 27 'mul' 'mul_ln42' <Predicate = true> <Delay = 3.57> <CoreInst = "Multiplier">   --->   Core 3 'Multiplier' <Latency = 0> <II = 1> <Delay = 3.57> <FuncUnit> <Opcode : 'mul'> <InPorts = 2> <OutPorts = 1>
ST_2 : Operation 28 [1/1] (0.00ns)   --->   "%sext_ln42_19 = sext i16 %a_15" [firmware/nnet_utils/nnet_batchnorm_stream.h:42]   --->   Operation 28 'sext' 'sext_ln42_19' <Predicate = true> <Delay = 0.00>
ST_2 : Operation 29 [1/1] (3.57ns)   --->   "%mul_ln42_24 = mul i26 %sext_ln42_19, i26 624" [firmware/nnet_utils/nnet_batchnorm_stream.h:42]   --->   Operation 29 'mul' 'mul_ln42_24' <Predicate = true> <Delay = 3.57> <CoreInst = "Multiplier">   --->   Core 3 'Multiplier' <Latency = 0> <II = 1> <Delay = 3.57> <FuncUnit> <Opcode : 'mul'> <InPorts = 2> <OutPorts = 1>
ST_2 : Operation 30 [1/1] (0.00ns)   --->   "%sext_ln42_20 = sext i16 %a_1" [firmware/nnet_utils/nnet_batchnorm_stream.h:42]   --->   Operation 30 'sext' 'sext_ln42_20' <Predicate = true> <Delay = 0.00>
ST_2 : Operation 31 [1/1] (3.57ns)   --->   "%mul_ln42_25 = mul i26 %sext_ln42_20, i26 671" [firmware/nnet_utils/nnet_batchnorm_stream.h:42]   --->   Operation 31 'mul' 'mul_ln42_25' <Predicate = true> <Delay = 3.57> <CoreInst = "Multiplier">   --->   Core 3 'Multiplier' <Latency = 0> <II = 1> <Delay = 3.57> <FuncUnit> <Opcode : 'mul'> <InPorts = 2> <OutPorts = 1>
ST_2 : Operation 32 [1/1] (0.00ns)   --->   "%sext_ln42_21 = sext i16 %a_2" [firmware/nnet_utils/nnet_batchnorm_stream.h:42]   --->   Operation 32 'sext' 'sext_ln42_21' <Predicate = true> <Delay = 0.00>
ST_2 : Operation 33 [1/1] (3.57ns)   --->   "%mul_ln42_26 = mul i26 %sext_ln42_21, i26 855" [firmware/nnet_utils/nnet_batchnorm_stream.h:42]   --->   Operation 33 'mul' 'mul_ln42_26' <Predicate = true> <Delay = 3.57> <CoreInst = "Multiplier">   --->   Core 3 'Multiplier' <Latency = 0> <II = 1> <Delay = 3.57> <FuncUnit> <Opcode : 'mul'> <InPorts = 2> <OutPorts = 1>
ST_2 : Operation 34 [1/1] (0.00ns)   --->   "%sext_ln42_22 = sext i16 %a_3" [firmware/nnet_utils/nnet_batchnorm_stream.h:42]   --->   Operation 34 'sext' 'sext_ln42_22' <Predicate = true> <Delay = 0.00>
ST_2 : Operation 35 [1/1] (3.57ns)   --->   "%mul_ln42_27 = mul i26 %sext_ln42_22, i26 1440" [firmware/nnet_utils/nnet_batchnorm_stream.h:42]   --->   Operation 35 'mul' 'mul_ln42_27' <Predicate = true> <Delay = 3.57> <CoreInst = "Multiplier">   --->   Core 3 'Multiplier' <Latency = 0> <II = 1> <Delay = 3.57> <FuncUnit> <Opcode : 'mul'> <InPorts = 2> <OutPorts = 1>
ST_2 : Operation 36 [1/1] (0.00ns)   --->   "%sext_ln42_23 = sext i16 %a_4" [firmware/nnet_utils/nnet_batchnorm_stream.h:42]   --->   Operation 36 'sext' 'sext_ln42_23' <Predicate = true> <Delay = 0.00>
ST_2 : Operation 37 [1/1] (3.57ns)   --->   "%mul_ln42_28 = mul i26 %sext_ln42_23, i26 727" [firmware/nnet_utils/nnet_batchnorm_stream.h:42]   --->   Operation 37 'mul' 'mul_ln42_28' <Predicate = true> <Delay = 3.57> <CoreInst = "Multiplier">   --->   Core 3 'Multiplier' <Latency = 0> <II = 1> <Delay = 3.57> <FuncUnit> <Opcode : 'mul'> <InPorts = 2> <OutPorts = 1>
ST_2 : Operation 38 [1/1] (0.00ns)   --->   "%sext_ln42_24 = sext i16 %a_5" [firmware/nnet_utils/nnet_batchnorm_stream.h:42]   --->   Operation 38 'sext' 'sext_ln42_24' <Predicate = true> <Delay = 0.00>
ST_2 : Operation 39 [1/1] (3.57ns)   --->   "%mul_ln42_29 = mul i26 %sext_ln42_24, i26 1065" [firmware/nnet_utils/nnet_batchnorm_stream.h:42]   --->   Operation 39 'mul' 'mul_ln42_29' <Predicate = true> <Delay = 3.57> <CoreInst = "Multiplier">   --->   Core 3 'Multiplier' <Latency = 0> <II = 1> <Delay = 3.57> <FuncUnit> <Opcode : 'mul'> <InPorts = 2> <OutPorts = 1>
ST_2 : Operation 40 [1/1] (0.00ns)   --->   "%sext_ln42_25 = sext i16 %a_6" [firmware/nnet_utils/nnet_batchnorm_stream.h:42]   --->   Operation 40 'sext' 'sext_ln42_25' <Predicate = true> <Delay = 0.00>
ST_2 : Operation 41 [1/1] (3.57ns)   --->   "%mul_ln42_30 = mul i26 %sext_ln42_25, i26 556" [firmware/nnet_utils/nnet_batchnorm_stream.h:42]   --->   Operation 41 'mul' 'mul_ln42_30' <Predicate = true> <Delay = 3.57> <CoreInst = "Multiplier">   --->   Core 3 'Multiplier' <Latency = 0> <II = 1> <Delay = 3.57> <FuncUnit> <Opcode : 'mul'> <InPorts = 2> <OutPorts = 1>

State 3 <SV = 2> <Delay = 3.28>
ST_3 : Operation 42 [1/1] (0.00ns)   --->   "%specpipeline_ln26 = specpipeline void @_ssdm_op_SpecPipeline, i32 1, i32 0, i32 0, i32 0, i32 4294967295, void @empty_1" [firmware/nnet_utils/nnet_batchnorm_stream.h:26]   --->   Operation 42 'specpipeline' 'specpipeline_ln26' <Predicate = true> <Delay = 0.00>
ST_3 : Operation 43 [1/1] (0.00ns)   --->   "%speclooptripcount_ln25 = speclooptripcount void @_ssdm_op_SpecLoopTripCount, i64 1024, i64 1024, i64 1024" [firmware/nnet_utils/nnet_batchnorm_stream.h:25]   --->   Operation 43 'speclooptripcount' 'speclooptripcount_ln25' <Predicate = true> <Delay = 0.00>
ST_3 : Operation 44 [1/1] (0.00ns)   --->   "%specloopname_ln25 = specloopname void @_ssdm_op_SpecLoopName, void @empty_5" [firmware/nnet_utils/nnet_batchnorm_stream.h:25]   --->   Operation 44 'specloopname' 'specloopname_ln25' <Predicate = true> <Delay = 0.00>
ST_3 : Operation 45 [1/1] (1.46ns)   --->   "%add_ln42 = add i26 %mul_ln42, i26 66601984" [firmware/nnet_utils/nnet_batchnorm_stream.h:42]   --->   Operation 45 'add' 'add_ln42' <Predicate = true> <Delay = 1.46> <CoreInst = "Adder">   --->   Core 1 'Adder' <Latency = 0> <II = 1> <Delay = 1.46> <FuncUnit> <Opcode : 'add' 'sub'> <InPorts = 2> <OutPorts = 1>
ST_3 : Operation 46 [1/1] (0.00ns)   --->   "%trunc_ln = partselect i16 @_ssdm_op_PartSelect.i16.i26.i32.i32, i26 %add_ln42, i32 10, i32 25" [firmware/nnet_utils/nnet_batchnorm_stream.h:41]   --->   Operation 46 'partselect' 'trunc_ln' <Predicate = true> <Delay = 0.00>
ST_3 : Operation 47 [1/1] (1.46ns)   --->   "%add_ln42_1 = add i26 %mul_ln42_24, i26 771072" [firmware/nnet_utils/nnet_batchnorm_stream.h:42]   --->   Operation 47 'add' 'add_ln42_1' <Predicate = true> <Delay = 1.46> <CoreInst = "Adder">   --->   Core 1 'Adder' <Latency = 0> <II = 1> <Delay = 1.46> <FuncUnit> <Opcode : 'add' 'sub'> <InPorts = 2> <OutPorts = 1>
ST_3 : Operation 48 [1/1] (0.00ns)   --->   "%trunc_ln41_1 = partselect i16 @_ssdm_op_PartSelect.i16.i26.i32.i32, i26 %add_ln42_1, i32 10, i32 25" [firmware/nnet_utils/nnet_batchnorm_stream.h:41]   --->   Operation 48 'partselect' 'trunc_ln41_1' <Predicate = true> <Delay = 0.00>
ST_3 : Operation 49 [1/1] (1.46ns)   --->   "%add_ln42_2 = add i26 %mul_ln42_25, i26 926720" [firmware/nnet_utils/nnet_batchnorm_stream.h:42]   --->   Operation 49 'add' 'add_ln42_2' <Predicate = true> <Delay = 1.46> <CoreInst = "Adder">   --->   Core 1 'Adder' <Latency = 0> <II = 1> <Delay = 1.46> <FuncUnit> <Opcode : 'add' 'sub'> <InPorts = 2> <OutPorts = 1>
ST_3 : Operation 50 [1/1] (0.00ns)   --->   "%trunc_ln41_2 = partselect i16 @_ssdm_op_PartSelect.i16.i26.i32.i32, i26 %add_ln42_2, i32 10, i32 25" [firmware/nnet_utils/nnet_batchnorm_stream.h:41]   --->   Operation 50 'partselect' 'trunc_ln41_2' <Predicate = true> <Delay = 0.00>
ST_3 : Operation 51 [1/1] (1.46ns)   --->   "%add_ln42_3 = add i26 %mul_ln42_26, i26 1520640" [firmware/nnet_utils/nnet_batchnorm_stream.h:42]   --->   Operation 51 'add' 'add_ln42_3' <Predicate = true> <Delay = 1.46> <CoreInst = "Adder">   --->   Core 1 'Adder' <Latency = 0> <II = 1> <Delay = 1.46> <FuncUnit> <Opcode : 'add' 'sub'> <InPorts = 2> <OutPorts = 1>
ST_3 : Operation 52 [1/1] (0.00ns)   --->   "%trunc_ln41_3 = partselect i16 @_ssdm_op_PartSelect.i16.i26.i32.i32, i26 %add_ln42_3, i32 10, i32 25" [firmware/nnet_utils/nnet_batchnorm_stream.h:41]   --->   Operation 52 'partselect' 'trunc_ln41_3' <Predicate = true> <Delay = 0.00>
ST_3 : Operation 53 [1/1] (1.46ns)   --->   "%add_ln42_4 = add i26 %mul_ln42_27, i26 1872896" [firmware/nnet_utils/nnet_batchnorm_stream.h:42]   --->   Operation 53 'add' 'add_ln42_4' <Predicate = true> <Delay = 1.46> <CoreInst = "Adder">   --->   Core 1 'Adder' <Latency = 0> <II = 1> <Delay = 1.46> <FuncUnit> <Opcode : 'add' 'sub'> <InPorts = 2> <OutPorts = 1>
ST_3 : Operation 54 [1/1] (0.00ns)   --->   "%trunc_ln41_4 = partselect i16 @_ssdm_op_PartSelect.i16.i26.i32.i32, i26 %add_ln42_4, i32 10, i32 25" [firmware/nnet_utils/nnet_batchnorm_stream.h:41]   --->   Operation 54 'partselect' 'trunc_ln41_4' <Predicate = true> <Delay = 0.00>
ST_3 : Operation 55 [1/1] (1.46ns)   --->   "%add_ln42_5 = add i26 %mul_ln42_28, i26 381952" [firmware/nnet_utils/nnet_batchnorm_stream.h:42]   --->   Operation 55 'add' 'add_ln42_5' <Predicate = true> <Delay = 1.46> <CoreInst = "Adder">   --->   Core 1 'Adder' <Latency = 0> <II = 1> <Delay = 1.46> <FuncUnit> <Opcode : 'add' 'sub'> <InPorts = 2> <OutPorts = 1>
ST_3 : Operation 56 [1/1] (0.00ns)   --->   "%trunc_ln41_5 = partselect i16 @_ssdm_op_PartSelect.i16.i26.i32.i32, i26 %add_ln42_5, i32 10, i32 25" [firmware/nnet_utils/nnet_batchnorm_stream.h:41]   --->   Operation 56 'partselect' 'trunc_ln41_5' <Predicate = true> <Delay = 0.00>
ST_3 : Operation 57 [1/1] (1.46ns)   --->   "%add_ln42_6 = add i26 %mul_ln42_29, i26 65686528" [firmware/nnet_utils/nnet_batchnorm_stream.h:42]   --->   Operation 57 'add' 'add_ln42_6' <Predicate = true> <Delay = 1.46> <CoreInst = "Adder">   --->   Core 1 'Adder' <Latency = 0> <II = 1> <Delay = 1.46> <FuncUnit> <Opcode : 'add' 'sub'> <InPorts = 2> <OutPorts = 1>
ST_3 : Operation 58 [1/1] (0.00ns)   --->   "%trunc_ln41_6 = partselect i16 @_ssdm_op_PartSelect.i16.i26.i32.i32, i26 %add_ln42_6, i32 10, i32 25" [firmware/nnet_utils/nnet_batchnorm_stream.h:41]   --->   Operation 58 'partselect' 'trunc_ln41_6' <Predicate = true> <Delay = 0.00>
ST_3 : Operation 59 [1/1] (1.46ns)   --->   "%add_ln42_7 = add i26 %mul_ln42_30, i26 66640896" [firmware/nnet_utils/nnet_batchnorm_stream.h:42]   --->   Operation 59 'add' 'add_ln42_7' <Predicate = true> <Delay = 1.46> <CoreInst = "Adder">   --->   Core 1 'Adder' <Latency = 0> <II = 1> <Delay = 1.46> <FuncUnit> <Opcode : 'add' 'sub'> <InPorts = 2> <OutPorts = 1>
ST_3 : Operation 60 [1/1] (0.00ns)   --->   "%trunc_ln41_7 = partselect i16 @_ssdm_op_PartSelect.i16.i26.i32.i32, i26 %add_ln42_7, i32 10, i32 25" [firmware/nnet_utils/nnet_batchnorm_stream.h:41]   --->   Operation 60 'partselect' 'trunc_ln41_7' <Predicate = true> <Delay = 0.00>
ST_3 : Operation 61 [1/1] (0.00ns)   --->   "%or_ln46_s = bitconcatenate i128 @_ssdm_op_BitConcatenate.i128.i16.i16.i16.i16.i16.i16.i16.i16, i16 %trunc_ln41_7, i16 %trunc_ln41_6, i16 %trunc_ln41_5, i16 %trunc_ln41_4, i16 %trunc_ln41_3, i16 %trunc_ln41_2, i16 %trunc_ln41_1, i16 %trunc_ln" [firmware/nnet_utils/nnet_batchnorm_stream.h:46]   --->   Operation 61 'bitconcatenate' 'or_ln46_s' <Predicate = true> <Delay = 0.00>
ST_3 : Operation 62 [1/1] ( I:1.82ns O:1.82ns )   --->   "%write_ln46 = write void @_ssdm_op_Write.ap_fifo.volatile.i128P0A, i128 %layer20_out, i128 %or_ln46_s" [firmware/nnet_utils/nnet_batchnorm_stream.h:46]   --->   Operation 62 'write' 'write_ln46' <Predicate = true> <Delay = 1.82> <CoreInst = "FIFO_SRL">   --->   Core 80 'FIFO_SRL' <Latency = 0> <II = 1> <Delay = 2.26> <Storage> <Opcode : 'read' 'write' 'nbread' 'nbwrite'> <Ports = 0> <Width = 128> <Depth = 2> <FIFO>
ST_3 : Operation 63 [1/1] (0.53ns)   --->   "%ret_ln48 = ret" [firmware/nnet_utils/nnet_batchnorm_stream.h:48]   --->   Operation 63 'ret' 'ret_ln48' <Predicate = (icmp_ln25)> <Delay = 0.53>


============================================================
+ Verbose Summary: Timing violations
============================================================
Target clock period: 5.000ns, clock uncertainty: 1.350ns.

 <State 1>: 2.394ns
The critical path consists of the following:
	'store' operation ('store_ln25', firmware/nnet_utils/nnet_batchnorm_stream.h:25) of constant 0 10 bit on local variable 'i', firmware/nnet_utils/nnet_batchnorm_stream.h:25 [7]  (0.538 ns)
	'load' operation 10 bit ('i', firmware/nnet_utils/nnet_batchnorm_stream.h:25) on local variable 'i', firmware/nnet_utils/nnet_batchnorm_stream.h:25 [10]  (0.000 ns)
	'add' operation 10 bit ('i', firmware/nnet_utils/nnet_batchnorm_stream.h:25) [57]  (1.319 ns)
	'store' operation ('store_ln25', firmware/nnet_utils/nnet_batchnorm_stream.h:25) of variable 'i', firmware/nnet_utils/nnet_batchnorm_stream.h:25 10 bit on local variable 'i', firmware/nnet_utils/nnet_batchnorm_stream.h:25 [59]  (0.538 ns)

 <State 2>: 3.570ns
The critical path consists of the following:
	'mul' operation 26 bit ('mul_ln42', firmware/nnet_utils/nnet_batchnorm_stream.h:42) [24]  (3.570 ns)

 <State 3>: 3.286ns
The critical path consists of the following:
	'add' operation 26 bit ('add_ln42', firmware/nnet_utils/nnet_batchnorm_stream.h:42) [25]  (1.461 ns)
	fifo write operation ('write_ln46', firmware/nnet_utils/nnet_batchnorm_stream.h:46) on port 'layer20_out' (firmware/nnet_utils/nnet_batchnorm_stream.h:46) [56]  (1.825 ns)


============================================================
+ Verbose Summary: Binding
============================================================
N/A
* FSMD analyzer results:
  - Output states:
 - Input state : 
  - Chain level:
	State 1
	State 2
	State 3


============================================================
+ Verbose Summary: Datapath Resource usage 
============================================================
N/A
