

================================================================
== Vitis HLS Report for 'normalize_array_ap_fixed_6u_array_ap_fixed_16_6_5_3_0_6u_config10_s'
================================================================
* Date:           Thu Apr 23 22:46:31 2026

* Version:        2025.2 (Build 6295257 on Nov 14 2025)
* Project:        folo_prj
* Solution:       solution1 (Vivado IP Flow Target)
* Product family: kintexu
* Target device:  xcku035-fbva676-2-e


================================================================
== Performance Estimates
================================================================
+ Timing: 
    * Summary: 
    +--------+---------+----------+------------+
    |  Clock |  Target | Estimated| Uncertainty|
    +--------+---------+----------+------------+
    |ap_clk  |  5.00 ns|  3.570 ns|     1.35 ns|
    +--------+---------+----------+------------+

+ Latency: 
    * Summary: 
    +---------+---------+-----------+-----------+------+------+------------------------------------------------+
    |  Latency (cycles) |   Latency (absolute)  |   Interval  |                    Pipeline                    |
    |   min   |   max   |    min    |    max    |  min |  max |                      Type                      |
    +---------+---------+-----------+-----------+------+------+------------------------------------------------+
    |     4099|     4099|  20.495 us|  20.495 us|  4096|  4096|  loop auto-rewind stp (delay=0 clock cycles(s))|
    +---------+---------+-----------+-----------+------+------+------------------------------------------------+

    + Detail: 
        * Instance: 
        N/A

        * Loop: 
        +-----------------+---------+---------+----------+-----------+-----------+------+----------+
        |                 |  Latency (cycles) | Iteration|  Initiation Interval  | Trip |          |
        |    Loop Name    |   min   |   max   |  Latency |  achieved |   target  | Count| Pipelined|
        +-----------------+---------+---------+----------+-----------+-----------+------+----------+
        |- BatchNormLoop  |     4097|     4097|         3|          1|          1|  4096|       yes|
        +-----------------+---------+---------+----------+-----------+-----------+------+----------+

============================================================
+ Verbose Summary: Synthesis Manager
============================================================
InlineROM: 1
ExposeGlobal: 0
============================================================
+ Verbose Summary: CDFG Model
============================================================
IsTopModel: 0
ResetActiveHigh: 1
IsCombinational: 2
IsDatapathOnly: 0
HasWiredReturn: 1
HasMFsm: 2
HasVarLatency: 1
IsPipeline: 0
IsRtlPipelined: 0
IsInstanceOverlapped: 0
IsDontTouch: 0
HasImplIP: 0
IsGatedGlobalClock: 0

+ Individual pipeline summary: 
  * Pipeline-0: initiation interval (II) = 1, depth = 3


============================================================
+ Verbose Summary: Schedule
============================================================
* Number of FSM states : 3
* Pipeline : 1
  Pipeline-0 : II = 1, D = 3, States = { 1 2 3 }
* Dataflow Pipeline: 0

* FSM state transitions: 
1 --> 2 
2 --> 3 
3 --> 

* FSM state operations: 

State 1 <SV = 0> <Delay = 2.42>
ST_1 : Operation 6 [1/1] (0.00ns)   --->   "%i_021 = alloca i32 1" [firmware/nnet_utils/nnet_batchnorm_stream.h:25]   --->   Operation 6 'alloca' 'i_021' <Predicate = true> <Delay = 0.00>
ST_1 : Operation 7 [1/1] (0.00ns)   --->   "%specinterface_ln0 = specinterface void @_ssdm_op_SpecInterface, i96 %layer10_out, void @empty_2, i32 0, i32 0, void @empty_1, i32 0, i32 0, void @empty_1, void @empty_1, void @empty_1, i32 0, i32 0, i32 0, i32 0, void @empty_1, void @empty_1, i32 4294967295, i32 0, i32 0, i32 0"   --->   Operation 7 'specinterface' 'specinterface_ln0' <Predicate = true> <Delay = 0.00>
ST_1 : Operation 8 [1/1] (0.00ns)   --->   "%specinterface_ln0 = specinterface void @_ssdm_op_SpecInterface, i96 %layer9_out, void @empty_2, i32 0, i32 0, void @empty_1, i32 0, i32 0, void @empty_1, void @empty_1, void @empty_1, i32 0, i32 0, i32 0, i32 0, void @empty_1, void @empty_1, i32 4294967295, i32 0, i32 0, i32 0"   --->   Operation 8 'specinterface' 'specinterface_ln0' <Predicate = true> <Delay = 0.00>
ST_1 : Operation 9 [1/1] (0.00ns)   --->   "%specresourcelimit_ln22 = specresourcelimit void @_ssdm_op_SpecResourceLimit, i64 24576, void @empty_3, void @empty_1, void @empty_1, void @empty_1" [firmware/nnet_utils/nnet_batchnorm_stream.h:22]   --->   Operation 9 'specresourcelimit' 'specresourcelimit_ln22' <Predicate = true> <Delay = 0.00>
ST_1 : Operation 10 [1/1] (0.53ns)   --->   "%store_ln25 = store i12 0, i12 %i_021" [firmware/nnet_utils/nnet_batchnorm_stream.h:25]   --->   Operation 10 'store' 'store_ln25' <Predicate = true> <Delay = 0.53>
ST_1 : Operation 11 [1/1] (0.00ns)   --->   "%br_ln25 = br void %BatchNormpack.split" [firmware/nnet_utils/nnet_batchnorm_stream.h:25]   --->   Operation 11 'br' 'br_ln25' <Predicate = true> <Delay = 0.00>
ST_1 : Operation 12 [1/1] (0.00ns)   --->   "%i_32 = load i12 %i_021" [firmware/nnet_utils/nnet_batchnorm_stream.h:25]   --->   Operation 12 'load' 'i_32' <Predicate = true> <Delay = 0.00>
ST_1 : Operation 13 [1/1] ( I:1.82ns O:1.82ns )   --->   "%layer9_out_read = read i96 @_ssdm_op_Read.ap_fifo.volatile.i96P0A, i96 %layer9_out" [firmware/nnet_utils/nnet_batchnorm_stream.h:28]   --->   Operation 13 'read' 'layer9_out_read' <Predicate = true> <Delay = 1.82> <CoreInst = "FIFO_SRL">   --->   Core 80 'FIFO_SRL' <Latency = 0> <II = 1> <Delay = 2.26> <Storage> <Opcode : 'read' 'write' 'nbread' 'nbwrite'> <Ports = 0> <Width = 96> <Depth = 1> <FIFO>
ST_1 : Operation 14 [1/1] (0.00ns)   --->   "%a = trunc i96 %layer9_out_read" [firmware/nnet_utils/nnet_batchnorm_stream.h:28]   --->   Operation 14 'trunc' 'a' <Predicate = true> <Delay = 0.00>
ST_1 : Operation 15 [1/1] (0.00ns)   --->   "%a_18 = partselect i16 @_ssdm_op_PartSelect.i16.i96.i32.i32, i96 %layer9_out_read, i32 16, i32 31" [firmware/nnet_utils/nnet_batchnorm_stream.h:28]   --->   Operation 15 'partselect' 'a_18' <Predicate = true> <Delay = 0.00>
ST_1 : Operation 16 [1/1] (0.00ns)   --->   "%a_8 = partselect i16 @_ssdm_op_PartSelect.i16.i96.i32.i32, i96 %layer9_out_read, i32 32, i32 47" [firmware/nnet_utils/nnet_batchnorm_stream.h:28]   --->   Operation 16 'partselect' 'a_8' <Predicate = true> <Delay = 0.00>
ST_1 : Operation 17 [1/1] (0.00ns)   --->   "%a_9 = partselect i16 @_ssdm_op_PartSelect.i16.i96.i32.i32, i96 %layer9_out_read, i32 48, i32 63" [firmware/nnet_utils/nnet_batchnorm_stream.h:28]   --->   Operation 17 'partselect' 'a_9' <Predicate = true> <Delay = 0.00>
ST_1 : Operation 18 [1/1] (0.00ns)   --->   "%a_10 = partselect i16 @_ssdm_op_PartSelect.i16.i96.i32.i32, i96 %layer9_out_read, i32 64, i32 79" [firmware/nnet_utils/nnet_batchnorm_stream.h:28]   --->   Operation 18 'partselect' 'a_10' <Predicate = true> <Delay = 0.00>
ST_1 : Operation 19 [1/1] (0.00ns)   --->   "%a_11 = partselect i16 @_ssdm_op_PartSelect.i16.i96.i32.i32, i96 %layer9_out_read, i32 80, i32 95" [firmware/nnet_utils/nnet_batchnorm_stream.h:28]   --->   Operation 19 'partselect' 'a_11' <Predicate = true> <Delay = 0.00>
ST_1 : Operation 20 [1/1] (1.35ns)   --->   "%i = add i12 %i_32, i12 1" [firmware/nnet_utils/nnet_batchnorm_stream.h:25]   --->   Operation 20 'add' 'i' <Predicate = true> <Delay = 1.35> <CoreInst = "Adder">   --->   Core 1 'Adder' <Latency = 0> <II = 1> <Delay = 1.35> <FuncUnit> <Opcode : 'add' 'sub'> <InPorts = 2> <OutPorts = 1>
ST_1 : Operation 21 [1/1] (1.35ns)   --->   "%icmp_ln25 = icmp_eq  i12 %i_32, i12 4095" [firmware/nnet_utils/nnet_batchnorm_stream.h:25]   --->   Operation 21 'icmp' 'icmp_ln25' <Predicate = true> <Delay = 1.35> <CoreInst = "Cmp">   --->   Core 9 'Cmp' <Latency = 0> <II = 1> <Delay = 1.35> <FuncUnit> <Opcode : 'seteq' 'setne' 'setle' 'setge' 'setlt' 'setgt'> <InPorts = 2> <OutPorts = 1>
ST_1 : Operation 22 [1/1] (0.53ns)   --->   "%store_ln25 = store i12 %i, i12 %i_021" [firmware/nnet_utils/nnet_batchnorm_stream.h:25]   --->   Operation 22 'store' 'store_ln25' <Predicate = true> <Delay = 0.53>
ST_1 : Operation 23 [1/1] (0.00ns)   --->   "%br_ln25 = br i1 %icmp_ln25, void %BatchNormpack.split, void %for.end14" [firmware/nnet_utils/nnet_batchnorm_stream.h:25]   --->   Operation 23 'br' 'br_ln25' <Predicate = true> <Delay = 0.00>

State 2 <SV = 1> <Delay = 3.57>
ST_2 : Operation 24 [1/1] (0.00ns)   --->   "%sext_ln42 = sext i16 %a" [firmware/nnet_utils/nnet_batchnorm_stream.h:42]   --->   Operation 24 'sext' 'sext_ln42' <Predicate = true> <Delay = 0.00>
ST_2 : Operation 25 [1/1] (3.57ns)   --->   "%mul_ln42 = mul i26 %sext_ln42, i26 1265" [firmware/nnet_utils/nnet_batchnorm_stream.h:42]   --->   Operation 25 'mul' 'mul_ln42' <Predicate = true> <Delay = 3.57> <CoreInst = "Multiplier">   --->   Core 3 'Multiplier' <Latency = 0> <II = 1> <Delay = 3.57> <FuncUnit> <Opcode : 'mul'> <InPorts = 2> <OutPorts = 1>
ST_2 : Operation 26 [1/1] (0.00ns)   --->   "%sext_ln42_38 = sext i16 %a_18" [firmware/nnet_utils/nnet_batchnorm_stream.h:42]   --->   Operation 26 'sext' 'sext_ln42_38' <Predicate = true> <Delay = 0.00>
ST_2 : Operation 27 [1/1] (3.57ns)   --->   "%mul_ln42_43 = mul i26 %sext_ln42_38, i26 697" [firmware/nnet_utils/nnet_batchnorm_stream.h:42]   --->   Operation 27 'mul' 'mul_ln42_43' <Predicate = true> <Delay = 3.57> <CoreInst = "Multiplier">   --->   Core 3 'Multiplier' <Latency = 0> <II = 1> <Delay = 3.57> <FuncUnit> <Opcode : 'mul'> <InPorts = 2> <OutPorts = 1>
ST_2 : Operation 28 [1/1] (0.00ns)   --->   "%sext_ln42_39 = sext i16 %a_8" [firmware/nnet_utils/nnet_batchnorm_stream.h:42]   --->   Operation 28 'sext' 'sext_ln42_39' <Predicate = true> <Delay = 0.00>
ST_2 : Operation 29 [1/1] (3.57ns)   --->   "%mul_ln42_44 = mul i26 %sext_ln42_39, i26 734" [firmware/nnet_utils/nnet_batchnorm_stream.h:42]   --->   Operation 29 'mul' 'mul_ln42_44' <Predicate = true> <Delay = 3.57> <CoreInst = "Multiplier">   --->   Core 3 'Multiplier' <Latency = 0> <II = 1> <Delay = 3.57> <FuncUnit> <Opcode : 'mul'> <InPorts = 2> <OutPorts = 1>
ST_2 : Operation 30 [1/1] (0.00ns)   --->   "%sext_ln42_40 = sext i16 %a_9" [firmware/nnet_utils/nnet_batchnorm_stream.h:42]   --->   Operation 30 'sext' 'sext_ln42_40' <Predicate = true> <Delay = 0.00>
ST_2 : Operation 31 [1/1] (3.57ns)   --->   "%mul_ln42_45 = mul i26 %sext_ln42_40, i26 2430" [firmware/nnet_utils/nnet_batchnorm_stream.h:42]   --->   Operation 31 'mul' 'mul_ln42_45' <Predicate = true> <Delay = 3.57> <CoreInst = "Multiplier">   --->   Core 3 'Multiplier' <Latency = 0> <II = 1> <Delay = 3.57> <FuncUnit> <Opcode : 'mul'> <InPorts = 2> <OutPorts = 1>
ST_2 : Operation 32 [1/1] (0.00ns)   --->   "%sext_ln42_41 = sext i16 %a_10" [firmware/nnet_utils/nnet_batchnorm_stream.h:42]   --->   Operation 32 'sext' 'sext_ln42_41' <Predicate = true> <Delay = 0.00>
ST_2 : Operation 33 [1/1] (3.57ns)   --->   "%mul_ln42_46 = mul i26 %sext_ln42_41, i26 799" [firmware/nnet_utils/nnet_batchnorm_stream.h:42]   --->   Operation 33 'mul' 'mul_ln42_46' <Predicate = true> <Delay = 3.57> <CoreInst = "Multiplier">   --->   Core 3 'Multiplier' <Latency = 0> <II = 1> <Delay = 3.57> <FuncUnit> <Opcode : 'mul'> <InPorts = 2> <OutPorts = 1>
ST_2 : Operation 34 [1/1] (0.00ns)   --->   "%sext_ln42_42 = sext i16 %a_11" [firmware/nnet_utils/nnet_batchnorm_stream.h:42]   --->   Operation 34 'sext' 'sext_ln42_42' <Predicate = true> <Delay = 0.00>
ST_2 : Operation 35 [1/1] (3.57ns)   --->   "%mul_ln42_47 = mul i26 %sext_ln42_42, i26 1429" [firmware/nnet_utils/nnet_batchnorm_stream.h:42]   --->   Operation 35 'mul' 'mul_ln42_47' <Predicate = true> <Delay = 3.57> <CoreInst = "Multiplier">   --->   Core 3 'Multiplier' <Latency = 0> <II = 1> <Delay = 3.57> <FuncUnit> <Opcode : 'mul'> <InPorts = 2> <OutPorts = 1>

State 3 <SV = 2> <Delay = 3.28>
ST_3 : Operation 36 [1/1] (0.00ns)   --->   "%specpipeline_ln26 = specpipeline void @_ssdm_op_SpecPipeline, i32 1, i32 0, i32 0, i32 0, i32 4294967295, void @empty_1" [firmware/nnet_utils/nnet_batchnorm_stream.h:26]   --->   Operation 36 'specpipeline' 'specpipeline_ln26' <Predicate = true> <Delay = 0.00>
ST_3 : Operation 37 [1/1] (0.00ns)   --->   "%speclooptripcount_ln25 = speclooptripcount void @_ssdm_op_SpecLoopTripCount, i64 4096, i64 4096, i64 4096" [firmware/nnet_utils/nnet_batchnorm_stream.h:25]   --->   Operation 37 'speclooptripcount' 'speclooptripcount_ln25' <Predicate = true> <Delay = 0.00>
ST_3 : Operation 38 [1/1] (0.00ns)   --->   "%specloopname_ln25 = specloopname void @_ssdm_op_SpecLoopName, void @empty_5" [firmware/nnet_utils/nnet_batchnorm_stream.h:25]   --->   Operation 38 'specloopname' 'specloopname_ln25' <Predicate = true> <Delay = 0.00>
ST_3 : Operation 39 [1/1] (1.46ns)   --->   "%add_ln42 = add i26 %mul_ln42, i26 67003392" [firmware/nnet_utils/nnet_batchnorm_stream.h:42]   --->   Operation 39 'add' 'add_ln42' <Predicate = true> <Delay = 1.46> <CoreInst = "Adder">   --->   Core 1 'Adder' <Latency = 0> <II = 1> <Delay = 1.46> <FuncUnit> <Opcode : 'add' 'sub'> <InPorts = 2> <OutPorts = 1>
ST_3 : Operation 40 [1/1] (0.00ns)   --->   "%trunc_ln = partselect i16 @_ssdm_op_PartSelect.i16.i26.i32.i32, i26 %add_ln42, i32 10, i32 25" [firmware/nnet_utils/nnet_batchnorm_stream.h:41]   --->   Operation 40 'partselect' 'trunc_ln' <Predicate = true> <Delay = 0.00>
ST_3 : Operation 41 [1/1] (1.46ns)   --->   "%add_ln42_20 = add i26 %mul_ln42_43, i26 313344" [firmware/nnet_utils/nnet_batchnorm_stream.h:42]   --->   Operation 41 'add' 'add_ln42_20' <Predicate = true> <Delay = 1.46> <CoreInst = "Adder">   --->   Core 1 'Adder' <Latency = 0> <II = 1> <Delay = 1.46> <FuncUnit> <Opcode : 'add' 'sub'> <InPorts = 2> <OutPorts = 1>
ST_3 : Operation 42 [1/1] (0.00ns)   --->   "%trunc_ln41_s = partselect i16 @_ssdm_op_PartSelect.i16.i26.i32.i32, i26 %add_ln42_20, i32 10, i32 25" [firmware/nnet_utils/nnet_batchnorm_stream.h:41]   --->   Operation 42 'partselect' 'trunc_ln41_s' <Predicate = true> <Delay = 0.00>
ST_3 : Operation 43 [1/1] (1.46ns)   --->   "%add_ln42_21 = add i26 %mul_ln42_44, i26 66707456" [firmware/nnet_utils/nnet_batchnorm_stream.h:42]   --->   Operation 43 'add' 'add_ln42_21' <Predicate = true> <Delay = 1.46> <CoreInst = "Adder">   --->   Core 1 'Adder' <Latency = 0> <II = 1> <Delay = 1.46> <FuncUnit> <Opcode : 'add' 'sub'> <InPorts = 2> <OutPorts = 1>
ST_3 : Operation 44 [1/1] (0.00ns)   --->   "%trunc_ln41_9 = partselect i16 @_ssdm_op_PartSelect.i16.i26.i32.i32, i26 %add_ln42_21, i32 10, i32 25" [firmware/nnet_utils/nnet_batchnorm_stream.h:41]   --->   Operation 44 'partselect' 'trunc_ln41_9' <Predicate = true> <Delay = 0.00>
ST_3 : Operation 45 [1/1] (1.46ns)   --->   "%add_ln42_22 = add i26 %mul_ln42_45, i26 66370560" [firmware/nnet_utils/nnet_batchnorm_stream.h:42]   --->   Operation 45 'add' 'add_ln42_22' <Predicate = true> <Delay = 1.46> <CoreInst = "Adder">   --->   Core 1 'Adder' <Latency = 0> <II = 1> <Delay = 1.46> <FuncUnit> <Opcode : 'add' 'sub'> <InPorts = 2> <OutPorts = 1>
ST_3 : Operation 46 [1/1] (0.00ns)   --->   "%trunc_ln41_1 = partselect i16 @_ssdm_op_PartSelect.i16.i26.i32.i32, i26 %add_ln42_22, i32 10, i32 25" [firmware/nnet_utils/nnet_batchnorm_stream.h:41]   --->   Operation 46 'partselect' 'trunc_ln41_1' <Predicate = true> <Delay = 0.00>
ST_3 : Operation 47 [1/1] (1.46ns)   --->   "%add_ln42_23 = add i26 %mul_ln42_46, i26 66851840" [firmware/nnet_utils/nnet_batchnorm_stream.h:42]   --->   Operation 47 'add' 'add_ln42_23' <Predicate = true> <Delay = 1.46> <CoreInst = "Adder">   --->   Core 1 'Adder' <Latency = 0> <II = 1> <Delay = 1.46> <FuncUnit> <Opcode : 'add' 'sub'> <InPorts = 2> <OutPorts = 1>
ST_3 : Operation 48 [1/1] (0.00ns)   --->   "%trunc_ln41_2 = partselect i16 @_ssdm_op_PartSelect.i16.i26.i32.i32, i26 %add_ln42_23, i32 10, i32 25" [firmware/nnet_utils/nnet_batchnorm_stream.h:41]   --->   Operation 48 'partselect' 'trunc_ln41_2' <Predicate = true> <Delay = 0.00>
ST_3 : Operation 49 [1/1] (1.46ns)   --->   "%add_ln42_24 = add i26 %mul_ln42_47, i26 66921472" [firmware/nnet_utils/nnet_batchnorm_stream.h:42]   --->   Operation 49 'add' 'add_ln42_24' <Predicate = true> <Delay = 1.46> <CoreInst = "Adder">   --->   Core 1 'Adder' <Latency = 0> <II = 1> <Delay = 1.46> <FuncUnit> <Opcode : 'add' 'sub'> <InPorts = 2> <OutPorts = 1>
ST_3 : Operation 50 [1/1] (0.00ns)   --->   "%trunc_ln41_3 = partselect i16 @_ssdm_op_PartSelect.i16.i26.i32.i32, i26 %add_ln42_24, i32 10, i32 25" [firmware/nnet_utils/nnet_batchnorm_stream.h:41]   --->   Operation 50 'partselect' 'trunc_ln41_3' <Predicate = true> <Delay = 0.00>
ST_3 : Operation 51 [1/1] (0.00ns)   --->   "%or_ln46_s = bitconcatenate i96 @_ssdm_op_BitConcatenate.i96.i16.i16.i16.i16.i16.i16, i16 %trunc_ln41_3, i16 %trunc_ln41_2, i16 %trunc_ln41_1, i16 %trunc_ln41_9, i16 %trunc_ln41_s, i16 %trunc_ln" [firmware/nnet_utils/nnet_batchnorm_stream.h:46]   --->   Operation 51 'bitconcatenate' 'or_ln46_s' <Predicate = true> <Delay = 0.00>
ST_3 : Operation 52 [1/1] ( I:1.82ns O:1.82ns )   --->   "%write_ln46 = write void @_ssdm_op_Write.ap_fifo.volatile.i96P0A, i96 %layer10_out, i96 %or_ln46_s" [firmware/nnet_utils/nnet_batchnorm_stream.h:46]   --->   Operation 52 'write' 'write_ln46' <Predicate = true> <Delay = 1.82> <CoreInst = "FIFO_SRL">   --->   Core 80 'FIFO_SRL' <Latency = 0> <II = 1> <Delay = 2.26> <Storage> <Opcode : 'read' 'write' 'nbread' 'nbwrite'> <Ports = 0> <Width = 96> <Depth = 2> <FIFO>
ST_3 : Operation 53 [1/1] (0.53ns)   --->   "%ret_ln48 = ret" [firmware/nnet_utils/nnet_batchnorm_stream.h:48]   --->   Operation 53 'ret' 'ret_ln48' <Predicate = (icmp_ln25)> <Delay = 0.53>


============================================================
+ Verbose Summary: Binding
============================================================
STG Binding: 
---------------- STG Properties BEGIN ----------------
- Is combinational: 0
- Is one-state seq: 0
- Is datapath-only: 0
- Is pipelined: 0
- Is top level: 0
Port [ Return ] is wired: 1; IO mode=ap_ctrl_hs:ce=0
Port [ layer9_out]:  wired=1; compound=1; hidden=0; nouse=0; global=0; static=0; extern=0; dir=0; type=3; pingpong=0; private_global=0; IO mode=ap_fifo:ce=0
Port [ layer10_out]:  wired=1; compound=1; hidden=0; nouse=0; global=0; static=0; extern=0; dir=1; type=3; pingpong=0; private_global=0; IO mode=ap_fifo:ce=0
---------------- STG Properties END ------------------

---------------- Datapath Model BEGIN ----------------

<LifeTime>
<method=bitvector/>
i_021                  (alloca           ) [ 0100]
specinterface_ln0      (specinterface    ) [ 0000]
specinterface_ln0      (specinterface    ) [ 0000]
specresourcelimit_ln22 (specresourcelimit) [ 0000]
store_ln25             (store            ) [ 0000]
br_ln25                (br               ) [ 0000]
i_32                   (load             ) [ 0000]
layer9_out_read        (read             ) [ 0000]
a                      (trunc            ) [ 0110]
a_18                   (partselect       ) [ 0110]
a_8                    (partselect       ) [ 0110]
a_9                    (partselect       ) [ 0110]
a_10                   (partselect       ) [ 0110]
a_11                   (partselect       ) [ 0110]
i                      (add              ) [ 0000]
icmp_ln25              (icmp             ) [ 0111]
store_ln25             (store            ) [ 0000]
br_ln25                (br               ) [ 0000]
sext_ln42              (sext             ) [ 0000]
mul_ln42               (mul              ) [ 0101]
sext_ln42_38           (sext             ) [ 0000]
mul_ln42_43            (mul              ) [ 0101]
sext_ln42_39           (sext             ) [ 0000]
mul_ln42_44            (mul              ) [ 0101]
sext_ln42_40           (sext             ) [ 0000]
mul_ln42_45            (mul              ) [ 0101]
sext_ln42_41           (sext             ) [ 0000]
mul_ln42_46            (mul              ) [ 0101]
sext_ln42_42           (sext             ) [ 0000]
mul_ln42_47            (mul              ) [ 0101]
specpipeline_ln26      (specpipeline     ) [ 0000]
speclooptripcount_ln25 (speclooptripcount) [ 0000]
specloopname_ln25      (specloopname     ) [ 0000]
add_ln42               (add              ) [ 0000]
trunc_ln               (partselect       ) [ 0000]
add_ln42_20            (add              ) [ 0000]
trunc_ln41_s           (partselect       ) [ 0000]
add_ln42_21            (add              ) [ 0000]
trunc_ln41_9           (partselect       ) [ 0000]
add_ln42_22            (add              ) [ 0000]
trunc_ln41_1           (partselect       ) [ 0000]
add_ln42_23            (add              ) [ 0000]
trunc_ln41_2           (partselect       ) [ 0000]
add_ln42_24            (add              ) [ 0000]
trunc_ln41_3           (partselect       ) [ 0000]
or_ln46_s              (bitconcatenate   ) [ 0000]
write_ln46             (write            ) [ 0000]
ret_ln48               (ret              ) [ 0000]
</LifeTime>

<model>

<comp_list>
<comp id="0" class="1000" name="layer9_out">
<pin_list>
<pin id="1" dir="1" index="0" bw="1" slack="0"/>
</pin_list>
<bind>
<StgValue><ssdm name="layer9_out"/></StgValue>
</bind>
</comp>

<comp id="2" class="1000" name="layer10_out">
<pin_list>
<pin id="3" dir="1" index="0" bw="1" slack="0"/>
</pin_list>
<bind>
<StgValue><ssdm name="layer10_out"/></StgValue>
</bind>
</comp>

<comp id="4" class="1001" name="const_4">
<pin_list>
<pin id="5" dir="1" index="0" bw="1" slack="0"/>
</pin_list>
<bind>
<StgValue><ssdm name=""/></StgValue>
</bind>
</comp>

<comp id="6" class="1001" name="const_6">
<pin_list>
<pin id="7" dir="1" index="0" bw="1" slack="2147483647"/>
</pin_list>
<bind>
<StgValue><ssdm name="_ssdm_op_SpecInterface"/></StgValue>
</bind>
</comp>

<comp id="8" class="1001" name="const_8">
<pin_list>
<pin id="9" dir="1" index="0" bw="1" slack="2147483647"/>
</pin_list>
<bind>
<StgValue><ssdm name="empty_2"/></StgValue>
</bind>
</comp>

<comp id="10" class="1001" name="const_10">
<pin_list>
<pin id="11" dir="1" index="0" bw="1" slack="2147483647"/>
</pin_list>
<bind>
<StgValue><ssdm name=""/></StgValue>
</bind>
</comp>

<comp id="12" class="1001" name="const_12">
<pin_list>
<pin id="13" dir="1" index="0" bw="1" slack="2147483647"/>
</pin_list>
<bind>
<StgValue><ssdm name="empty_1"/></StgValue>
</bind>
</comp>

<comp id="14" class="1001" name="const_14">
<pin_list>
<pin id="15" dir="1" index="0" bw="1" slack="2147483647"/>
</pin_list>
<bind>
<StgValue><ssdm name=""/></StgValue>
</bind>
</comp>

<comp id="16" class="1001" name="const_16">
<pin_list>
<pin id="17" dir="1" index="0" bw="1" slack="2147483647"/>
</pin_list>
<bind>
<StgValue><ssdm name="_ssdm_op_SpecResourceLimit"/></StgValue>
</bind>
</comp>

<comp id="18" class="1001" name="const_18">
<pin_list>
<pin id="19" dir="1" index="0" bw="1" slack="2147483647"/>
</pin_list>
<bind>
<StgValue><ssdm name=""/></StgValue>
</bind>
</comp>

<comp id="20" class="1001" name="const_20">
<pin_list>
<pin id="21" dir="1" index="0" bw="1" slack="2147483647"/>
</pin_list>
<bind>
<StgValue><ssdm name="empty_3"/></StgValue>
</bind>
</comp>

<comp id="22" class="1001" name="const_22">
<pin_list>
<pin id="23" dir="1" index="0" bw="1" slack="0"/>
</pin_list>
<bind>
<StgValue><ssdm name=""/></StgValue>
</bind>
</comp>

<comp id="24" class="1001" name="const_24">
<pin_list>
<pin id="25" dir="1" index="0" bw="1" slack="0"/>
</pin_list>
<bind>
<StgValue><ssdm name="_ssdm_op_Read.ap_fifo.volatile.i96P0A"/></StgValue>
</bind>
</comp>

<comp id="26" class="1001" name="const_26">
<pin_list>
<pin id="27" dir="1" index="0" bw="1" slack="0"/>
</pin_list>
<bind>
<StgValue><ssdm name="_ssdm_op_PartSelect.i16.i96.i32.i32"/></StgValue>
</bind>
</comp>

<comp id="28" class="1001" name="const_28">
<pin_list>
<pin id="29" dir="1" index="0" bw="1" slack="0"/>
</pin_list>
<bind>
<StgValue><ssdm name=""/></StgValue>
</bind>
</comp>

<comp id="30" class="1001" name="const_30">
<pin_list>
<pin id="31" dir="1" index="0" bw="1" slack="0"/>
</pin_list>
<bind>
<StgValue><ssdm name=""/></StgValue>
</bind>
</comp>

<comp id="32" class="1001" name="const_32">
<pin_list>
<pin id="33" dir="1" index="0" bw="1" slack="0"/>
</pin_list>
<bind>
<StgValue><ssdm name=""/></StgValue>
</bind>
</comp>

<comp id="34" class="1001" name="const_34">
<pin_list>
<pin id="35" dir="1" index="0" bw="1" slack="0"/>
</pin_list>
<bind>
<StgValue><ssdm name=""/></StgValue>
</bind>
</comp>

<comp id="36" class="1001" name="const_36">
<pin_list>
<pin id="37" dir="1" index="0" bw="1" slack="0"/>
</pin_list>
<bind>
<StgValue><ssdm name=""/></StgValue>
</bind>
</comp>

<comp id="38" class="1001" name="const_38">
<pin_list>
<pin id="39" dir="1" index="0" bw="1" slack="0"/>
</pin_list>
<bind>
<StgValue><ssdm name=""/></StgValue>
</bind>
</comp>

<comp id="40" class="1001" name="const_40">
<pin_list>
<pin id="41" dir="1" index="0" bw="1" slack="0"/>
</pin_list>
<bind>
<StgValue><ssdm name=""/></StgValue>
</bind>
</comp>

<comp id="42" class="1001" name="const_42">
<pin_list>
<pin id="43" dir="1" index="0" bw="1" slack="0"/>
</pin_list>
<bind>
<StgValue><ssdm name=""/></StgValue>
</bind>
</comp>

<comp id="44" class="1001" name="const_44">
<pin_list>
<pin id="45" dir="1" index="0" bw="1" slack="0"/>
</pin_list>
<bind>
<StgValue><ssdm name=""/></StgValue>
</bind>
</comp>

<comp id="46" class="1001" name="const_46">
<pin_list>
<pin id="47" dir="1" index="0" bw="1" slack="0"/>
</pin_list>
<bind>
<StgValue><ssdm name=""/></StgValue>
</bind>
</comp>

<comp id="48" class="1001" name="const_48">
<pin_list>
<pin id="49" dir="1" index="0" bw="1" slack="0"/>
</pin_list>
<bind>
<StgValue><ssdm name=""/></StgValue>
</bind>
</comp>

<comp id="50" class="1001" name="const_50">
<pin_list>
<pin id="51" dir="1" index="0" bw="1" slack="0"/>
</pin_list>
<bind>
<StgValue><ssdm name=""/></StgValue>
</bind>
</comp>

<comp id="52" class="1001" name="const_52">
<pin_list>
<pin id="53" dir="1" index="0" bw="1" slack="0"/>
</pin_list>
<bind>
<StgValue><ssdm name=""/></StgValue>
</bind>
</comp>

<comp id="54" class="1001" name="const_54">
<pin_list>
<pin id="55" dir="1" index="0" bw="1" slack="0"/>
</pin_list>
<bind>
<StgValue><ssdm name=""/></StgValue>
</bind>
</comp>

<comp id="56" class="1001" name="const_56">
<pin_list>
<pin id="57" dir="1" index="0" bw="1" slack="0"/>
</pin_list>
<bind>
<StgValue><ssdm name=""/></StgValue>
</bind>
</comp>

<comp id="58" class="1001" name="const_58">
<pin_list>
<pin id="59" dir="1" index="0" bw="1" slack="0"/>
</pin_list>
<bind>
<StgValue><ssdm name=""/></StgValue>
</bind>
</comp>

<comp id="60" class="1001" name="const_60">
<pin_list>
<pin id="61" dir="1" index="0" bw="1" slack="0"/>
</pin_list>
<bind>
<StgValue><ssdm name=""/></StgValue>
</bind>
</comp>

<comp id="62" class="1001" name="const_62">
<pin_list>
<pin id="63" dir="1" index="0" bw="1" slack="0"/>
</pin_list>
<bind>
<StgValue><ssdm name=""/></StgValue>
</bind>
</comp>

<comp id="64" class="1001" name="const_64">
<pin_list>
<pin id="65" dir="1" index="0" bw="1" slack="2147483647"/>
</pin_list>
<bind>
<StgValue><ssdm name="_ssdm_op_SpecPipeline"/></StgValue>
</bind>
</comp>

<comp id="66" class="1001" name="const_66">
<pin_list>
<pin id="67" dir="1" index="0" bw="1" slack="2147483647"/>
</pin_list>
<bind>
<StgValue><ssdm name="_ssdm_op_SpecLoopTripCount"/></StgValue>
</bind>
</comp>

<comp id="68" class="1001" name="const_68">
<pin_list>
<pin id="69" dir="1" index="0" bw="1" slack="2147483647"/>
</pin_list>
<bind>
<StgValue><ssdm name=""/></StgValue>
</bind>
</comp>

<comp id="70" class="1001" name="const_70">
<pin_list>
<pin id="71" dir="1" index="0" bw="1" slack="2147483647"/>
</pin_list>
<bind>
<StgValue><ssdm name="_ssdm_op_SpecLoopName"/></StgValue>
</bind>
</comp>

<comp id="72" class="1001" name="const_72">
<pin_list>
<pin id="73" dir="1" index="0" bw="1" slack="2147483647"/>
</pin_list>
<bind>
<StgValue><ssdm name="empty_5"/></StgValue>
</bind>
</comp>

<comp id="74" class="1001" name="const_74">
<pin_list>
<pin id="75" dir="1" index="0" bw="1" slack="0"/>
</pin_list>
<bind>
<StgValue><ssdm name=""/></StgValue>
</bind>
</comp>

<comp id="76" class="1001" name="const_76">
<pin_list>
<pin id="77" dir="1" index="0" bw="1" slack="0"/>
</pin_list>
<bind>
<StgValue><ssdm name="_ssdm_op_PartSelect.i16.i26.i32.i32"/></StgValue>
</bind>
</comp>

<comp id="78" class="1001" name="const_78">
<pin_list>
<pin id="79" dir="1" index="0" bw="1" slack="0"/>
</pin_list>
<bind>
<StgValue><ssdm name=""/></StgValue>
</bind>
</comp>

<comp id="80" class="1001" name="const_80">
<pin_list>
<pin id="81" dir="1" index="0" bw="1" slack="0"/>
</pin_list>
<bind>
<StgValue><ssdm name=""/></StgValue>
</bind>
</comp>

<comp id="82" class="1001" name="const_82">
<pin_list>
<pin id="83" dir="1" index="0" bw="1" slack="0"/>
</pin_list>
<bind>
<StgValue><ssdm name=""/></StgValue>
</bind>
</comp>

<comp id="84" class="1001" name="const_84">
<pin_list>
<pin id="85" dir="1" index="0" bw="1" slack="0"/>
</pin_list>
<bind>
<StgValue><ssdm name=""/></StgValue>
</bind>
</comp>

<comp id="86" class="1001" name="const_86">
<pin_list>
<pin id="87" dir="1" index="0" bw="1" slack="0"/>
</pin_list>
<bind>
<StgValue><ssdm name=""/></StgValue>
</bind>
</comp>

<comp id="88" class="1001" name="const_88">
<pin_list>
<pin id="89" dir="1" index="0" bw="1" slack="0"/>
</pin_list>
<bind>
<StgValue><ssdm name=""/></StgValue>
</bind>
</comp>

<comp id="90" class="1001" name="const_90">
<pin_list>
<pin id="91" dir="1" index="0" bw="1" slack="0"/>
</pin_list>
<bind>
<StgValue><ssdm name=""/></StgValue>
</bind>
</comp>

<comp id="92" class="1001" name="const_92">
<pin_list>
<pin id="93" dir="1" index="0" bw="1" slack="0"/>
</pin_list>
<bind>
<StgValue><ssdm name="_ssdm_op_BitConcatenate.i96.i16.i16.i16.i16.i16.i16"/></StgValue>
</bind>
</comp>

<comp id="94" class="1001" name="const_94">
<pin_list>
<pin id="95" dir="1" index="0" bw="1" slack="0"/>
</pin_list>
<bind>
<StgValue><ssdm name="_ssdm_op_Write.ap_fifo.volatile.i96P0A"/></StgValue>
</bind>
</comp>

<comp id="96" class="1004" name="i_021_fu_96">
<pin_list>
<pin id="97" dir="0" index="0" bw="1" slack="0"/>
<pin id="98" dir="1" index="1" bw="12" slack="0"/>
</pin_list>
<bind>
<opcode="alloca(26) " fcode="alloca"/>
<opset="i_021/1 "/>
</bind>
</comp>

<comp id="100" class="1004" name="layer9_out_read_read_fu_100">
<pin_list>
<pin id="101" dir="0" index="0" bw="96" slack="0"/>
<pin id="102" dir="0" index="1" bw="96" slack="0"/>
<pin id="103" dir="1" index="2" bw="96" slack="0"/>
</pin_list>
<bind>
<opcode="read(1150) " fcode="read"/>
<opset="layer9_out_read/1 "/>
</bind>
</comp>

<comp id="106" class="1004" name="write_ln46_write_fu_106">
<pin_list>
<pin id="107" dir="0" index="0" bw="0" slack="0"/>
<pin id="108" dir="0" index="1" bw="96" slack="0"/>
<pin id="109" dir="0" index="2" bw="96" slack="0"/>
<pin id="110" dir="1" index="3" bw="0" slack="2147483647"/>
</pin_list>
<bind>
<opcode="write(1151) " fcode="write"/>
<opset="write_ln46/3 "/>
</bind>
</comp>

<comp id="4709" class="1004" name="mul_ln42_45_fu_4709">
<pin_list>
<pin id="614525" dir="0" index="0" bw="16" slack="0"/>
<pin id="614526" dir="0" index="1" bw="13" slack="0"/>
<pin id="614527" dir="1" index="2" bw="26" slack="1"/>
</pin_list>
<bind>
<opcode="mul(12) " fcode="mul"/>
<opset="mul_ln42_45/2 "/>
</bind>
</comp>

<comp id="5033" class="1004" name="mul_ln42_47_fu_5033">
<pin_list>
<pin id="614533" dir="0" index="0" bw="16" slack="0"/>
<pin id="614534" dir="0" index="1" bw="12" slack="0"/>
<pin id="614535" dir="1" index="2" bw="26" slack="1"/>
</pin_list>
<bind>
<opcode="mul(12) " fcode="mul"/>
<opset="mul_ln42_47/2 "/>
</bind>
</comp>

<comp id="5246" class="1004" name="mul_ln42_46_fu_5246">
<pin_list>
<pin id="614529" dir="0" index="0" bw="16" slack="0"/>
<pin id="614530" dir="0" index="1" bw="11" slack="0"/>
<pin id="614531" dir="1" index="2" bw="26" slack="1"/>
</pin_list>
<bind>
<opcode="mul(12) " fcode="mul"/>
<opset="mul_ln42_46/2 "/>
</bind>
</comp>

<comp id="11111" class="1004" name="mul_ln42_44_fu_11111">
<pin_list>
<pin id="614521" dir="0" index="0" bw="16" slack="0"/>
<pin id="614522" dir="0" index="1" bw="11" slack="0"/>
<pin id="614523" dir="1" index="2" bw="26" slack="1"/>
</pin_list>
<bind>
<opcode="mul(12) " fcode="mul"/>
<opset="mul_ln42_44/2 "/>
</bind>
</comp>

<comp id="18039" class="1004" name="mul_ln42_fu_18039">
<pin_list>
<pin id="614513" dir="0" index="0" bw="16" slack="0"/>
<pin id="614514" dir="0" index="1" bw="12" slack="0"/>
<pin id="614515" dir="1" index="2" bw="26" slack="1"/>
</pin_list>
<bind>
<opcode="mul(12) " fcode="mul"/>
<opset="mul_ln42/2 "/>
</bind>
</comp>

<comp id="21177" class="1004" name="mul_ln42_43_fu_21177">
<pin_list>
<pin id="614517" dir="0" index="0" bw="16" slack="0"/>
<pin id="614518" dir="0" index="1" bw="11" slack="0"/>
<pin id="614519" dir="1" index="2" bw="26" slack="1"/>
</pin_list>
<bind>
<opcode="mul(12) " fcode="mul"/>
<opset="mul_ln42_43/2 "/>
</bind>
</comp>

<comp id="614537" class="1005" name="mul_ln42_reg_614537">
<pin_list>
<pin id="614538" dir="0" index="0" bw="26" slack="1"/>
<pin id="614539" dir="1" index="1" bw="26" slack="1"/>
</pin_list>
<bind>
<opset="mul_ln42 "/>
</bind>
</comp>

<comp id="614541" class="1005" name="mul_ln42_43_reg_614541">
<pin_list>
<pin id="614542" dir="0" index="0" bw="26" slack="1"/>
<pin id="614543" dir="1" index="1" bw="26" slack="1"/>
</pin_list>
<bind>
<opset="mul_ln42_43 "/>
</bind>
</comp>

<comp id="614545" class="1005" name="mul_ln42_44_reg_614545">
<pin_list>
<pin id="614546" dir="0" index="0" bw="26" slack="1"/>
<pin id="614547" dir="1" index="1" bw="26" slack="1"/>
</pin_list>
<bind>
<opset="mul_ln42_44 "/>
</bind>
</comp>

<comp id="614549" class="1005" name="mul_ln42_45_reg_614549">
<pin_list>
<pin id="614550" dir="0" index="0" bw="26" slack="1"/>
<pin id="614551" dir="1" index="1" bw="26" slack="1"/>
</pin_list>
<bind>
<opset="mul_ln42_45 "/>
</bind>
</comp>

<comp id="614553" class="1005" name="mul_ln42_46_reg_614553">
<pin_list>
<pin id="614554" dir="0" index="0" bw="26" slack="1"/>
<pin id="614555" dir="1" index="1" bw="26" slack="1"/>
</pin_list>
<bind>
<opset="mul_ln42_46 "/>
</bind>
</comp>

<comp id="614557" class="1005" name="mul_ln42_47_reg_614557">
<pin_list>
<pin id="614558" dir="0" index="0" bw="26" slack="1"/>
<pin id="614559" dir="1" index="1" bw="26" slack="1"/>
</pin_list>
<bind>
<opset="mul_ln42_47 "/>
</bind>
</comp>

<comp id="614562" class="1004" name="store_ln25_store_fu_614562">
<pin_list>
<pin id="614563" dir="0" index="0" bw="1" slack="0"/>
<pin id="614564" dir="0" index="1" bw="12" slack="0"/>
<pin id="614565" dir="1" index="2" bw="0" slack="2147483647"/>
</pin_list>
<bind>
<opcode="store(28) " fcode="store"/>
<opset="store_ln25/1 "/>
</bind>
</comp>

<comp id="614567" class="1004" name="i_32_load_fu_614567">
<pin_list>
<pin id="614568" dir="0" index="0" bw="12" slack="0"/>
<pin id="614569" dir="1" index="1" bw="12" slack="0"/>
</pin_list>
<bind>
<opcode="load(27) " fcode="load"/>
<opset="i_32/1 "/>
</bind>
</comp>

<comp id="614570" class="1004" name="a_fu_614570">
<pin_list>
<pin id="614571" dir="0" index="0" bw="96" slack="0"/>
<pin id="614572" dir="1" index="1" bw="16" slack="1"/>
</pin_list>
<bind>
<opcode="trunc(33) " fcode="trunc"/>
<opset="a/1 "/>
</bind>
</comp>

<comp id="614574" class="1004" name="a_18_fu_614574">
<pin_list>
<pin id="614575" dir="0" index="0" bw="16" slack="0"/>
<pin id="614576" dir="0" index="1" bw="96" slack="0"/>
<pin id="614577" dir="0" index="2" bw="6" slack="0"/>
<pin id="614578" dir="0" index="3" bw="6" slack="0"/>
<pin id="614579" dir="1" index="4" bw="16" slack="1"/>
</pin_list>
<bind>
<opcode="partselect(1002) " fcode="partselect"/>
<opset="a_18/1 "/>
</bind>
</comp>

<comp id="614584" class="1004" name="a_8_fu_614584">
<pin_list>
<pin id="614585" dir="0" index="0" bw="16" slack="0"/>
<pin id="614586" dir="0" index="1" bw="96" slack="0"/>
<pin id="614587" dir="0" index="2" bw="7" slack="0"/>
<pin id="614588" dir="0" index="3" bw="7" slack="0"/>
<pin id="614589" dir="1" index="4" bw="16" slack="1"/>
</pin_list>
<bind>
<opcode="partselect(1002) " fcode="partselect"/>
<opset="a_8/1 "/>
</bind>
</comp>

<comp id="614594" class="1004" name="a_9_fu_614594">
<pin_list>
<pin id="614595" dir="0" index="0" bw="16" slack="0"/>
<pin id="614596" dir="0" index="1" bw="96" slack="0"/>
<pin id="614597" dir="0" index="2" bw="7" slack="0"/>
<pin id="614598" dir="0" index="3" bw="7" slack="0"/>
<pin id="614599" dir="1" index="4" bw="16" slack="1"/>
</pin_list>
<bind>
<opcode="partselect(1002) " fcode="partselect"/>
<opset="a_9/1 "/>
</bind>
</comp>

<comp id="614604" class="1004" name="a_10_fu_614604">
<pin_list>
<pin id="614605" dir="0" index="0" bw="16" slack="0"/>
<pin id="614606" dir="0" index="1" bw="96" slack="0"/>
<pin id="614607" dir="0" index="2" bw="8" slack="0"/>
<pin id="614608" dir="0" index="3" bw="8" slack="0"/>
<pin id="614609" dir="1" index="4" bw="16" slack="1"/>
</pin_list>
<bind>
<opcode="partselect(1002) " fcode="partselect"/>
<opset="a_10/1 "/>
</bind>
</comp>

<comp id="614614" class="1004" name="a_11_fu_614614">
<pin_list>
<pin id="614615" dir="0" index="0" bw="16" slack="0"/>
<pin id="614616" dir="0" index="1" bw="96" slack="0"/>
<pin id="614617" dir="0" index="2" bw="8" slack="0"/>
<pin id="614618" dir="0" index="3" bw="8" slack="0"/>
<pin id="614619" dir="1" index="4" bw="16" slack="1"/>
</pin_list>
<bind>
<opcode="partselect(1002) " fcode="partselect"/>
<opset="a_11/1 "/>
</bind>
</comp>

<comp id="614624" class="1004" name="i_fu_614624">
<pin_list>
<pin id="614625" dir="0" index="0" bw="12" slack="0"/>
<pin id="614626" dir="0" index="1" bw="1" slack="0"/>
<pin id="614627" dir="1" index="2" bw="12" slack="0"/>
</pin_list>
<bind>
<opcode="add(8) " fcode="add"/>
<opset="i/1 "/>
</bind>
</comp>

<comp id="614630" class="1004" name="icmp_ln25_fu_614630">
<pin_list>
<pin id="614631" dir="0" index="0" bw="12" slack="0"/>
<pin id="614632" dir="0" index="1" bw="1" slack="0"/>
<pin id="614633" dir="1" index="2" bw="1" slack="2"/>
</pin_list>
<bind>
<opcode="icmp(45) " fcode="icmp"/>
<opset="icmp_ln25/1 "/>
</bind>
</comp>

<comp id="614636" class="1004" name="store_ln25_store_fu_614636">
<pin_list>
<pin id="614637" dir="0" index="0" bw="12" slack="0"/>
<pin id="614638" dir="0" index="1" bw="12" slack="0"/>
<pin id="614639" dir="1" index="2" bw="0" slack="2147483647"/>
</pin_list>
<bind>
<opcode="store(28) " fcode="store"/>
<opset="store_ln25/1 "/>
</bind>
</comp>

<comp id="614641" class="1004" name="sext_ln42_fu_614641">
<pin_list>
<pin id="614642" dir="0" index="0" bw="16" slack="1"/>
<pin id="614643" dir="1" index="1" bw="26" slack="0"/>
</pin_list>
<bind>
<opcode="sext(35) " fcode="sext"/>
<opset="sext_ln42/2 "/>
</bind>
</comp>

<comp id="614645" class="1004" name="sext_ln42_38_fu_614645">
<pin_list>
<pin id="614646" dir="0" index="0" bw="16" slack="1"/>
<pin id="614647" dir="1" index="1" bw="26" slack="0"/>
</pin_list>
<bind>
<opcode="sext(35) " fcode="sext"/>
<opset="sext_ln42_38/2 "/>
</bind>
</comp>

<comp id="614649" class="1004" name="sext_ln42_39_fu_614649">
<pin_list>
<pin id="614650" dir="0" index="0" bw="16" slack="1"/>
<pin id="614651" dir="1" index="1" bw="26" slack="0"/>
</pin_list>
<bind>
<opcode="sext(35) " fcode="sext"/>
<opset="sext_ln42_39/2 "/>
</bind>
</comp>

<comp id="614653" class="1004" name="sext_ln42_40_fu_614653">
<pin_list>
<pin id="614654" dir="0" index="0" bw="16" slack="1"/>
<pin id="614655" dir="1" index="1" bw="26" slack="0"/>
</pin_list>
<bind>
<opcode="sext(35) " fcode="sext"/>
<opset="sext_ln42_40/2 "/>
</bind>
</comp>

<comp id="614657" class="1004" name="sext_ln42_41_fu_614657">
<pin_list>
<pin id="614658" dir="0" index="0" bw="16" slack="1"/>
<pin id="614659" dir="1" index="1" bw="26" slack="0"/>
</pin_list>
<bind>
<opcode="sext(35) " fcode="sext"/>
<opset="sext_ln42_41/2 "/>
</bind>
</comp>

<comp id="614661" class="1004" name="sext_ln42_42_fu_614661">
<pin_list>
<pin id="614662" dir="0" index="0" bw="16" slack="1"/>
<pin id="614663" dir="1" index="1" bw="26" slack="0"/>
</pin_list>
<bind>
<opcode="sext(35) " fcode="sext"/>
<opset="sext_ln42_42/2 "/>
</bind>
</comp>

<comp id="614665" class="1004" name="add_ln42_fu_614665">
<pin_list>
<pin id="614666" dir="0" index="0" bw="26" slack="1"/>
<pin id="614667" dir="0" index="1" bw="18" slack="0"/>
<pin id="614668" dir="1" index="2" bw="26" slack="0"/>
</pin_list>
<bind>
<opcode="add(8) " fcode="add"/>
<opset="add_ln42/3 "/>
</bind>
</comp>

<comp id="614671" class="1004" name="trunc_ln_fu_614671">
<pin_list>
<pin id="614672" dir="0" index="0" bw="16" slack="0"/>
<pin id="614673" dir="0" index="1" bw="26" slack="0"/>
<pin id="614674" dir="0" index="2" bw="5" slack="0"/>
<pin id="614675" dir="0" index="3" bw="6" slack="0"/>
<pin id="614676" dir="1" index="4" bw="16" slack="0"/>
</pin_list>
<bind>
<opcode="partselect(1002) " fcode="partselect"/>
<opset="trunc_ln/3 "/>
</bind>
</comp>

<comp id="614681" class="1004" name="add_ln42_20_fu_614681">
<pin_list>
<pin id="614682" dir="0" index="0" bw="26" slack="1"/>
<pin id="614683" dir="0" index="1" bw="20" slack="0"/>
<pin id="614684" dir="1" index="2" bw="26" slack="0"/>
</pin_list>
<bind>
<opcode="add(8) " fcode="add"/>
<opset="add_ln42_20/3 "/>
</bind>
</comp>

<comp id="614687" class="1004" name="trunc_ln41_s_fu_614687">
<pin_list>
<pin id="614688" dir="0" index="0" bw="16" slack="0"/>
<pin id="614689" dir="0" index="1" bw="26" slack="0"/>
<pin id="614690" dir="0" index="2" bw="5" slack="0"/>
<pin id="614691" dir="0" index="3" bw="6" slack="0"/>
<pin id="614692" dir="1" index="4" bw="16" slack="0"/>
</pin_list>
<bind>
<opcode="partselect(1002) " fcode="partselect"/>
<opset="trunc_ln41_s/3 "/>
</bind>
</comp>

<comp id="614697" class="1004" name="add_ln42_21_fu_614697">
<pin_list>
<pin id="614698" dir="0" index="0" bw="26" slack="1"/>
<pin id="614699" dir="0" index="1" bw="20" slack="0"/>
<pin id="614700" dir="1" index="2" bw="26" slack="0"/>
</pin_list>
<bind>
<opcode="add(8) " fcode="add"/>
<opset="add_ln42_21/3 "/>
</bind>
</comp>

<comp id="614703" class="1004" name="trunc_ln41_9_fu_614703">
<pin_list>
<pin id="614704" dir="0" index="0" bw="16" slack="0"/>
<pin id="614705" dir="0" index="1" bw="26" slack="0"/>
<pin id="614706" dir="0" index="2" bw="5" slack="0"/>
<pin id="614707" dir="0" index="3" bw="6" slack="0"/>
<pin id="614708" dir="1" index="4" bw="16" slack="0"/>
</pin_list>
<bind>
<opcode="partselect(1002) " fcode="partselect"/>
<opset="trunc_ln41_9/3 "/>
</bind>
</comp>

<comp id="614713" class="1004" name="add_ln42_22_fu_614713">
<pin_list>
<pin id="614714" dir="0" index="0" bw="26" slack="1"/>
<pin id="614715" dir="0" index="1" bw="21" slack="0"/>
<pin id="614716" dir="1" index="2" bw="26" slack="0"/>
</pin_list>
<bind>
<opcode="add(8) " fcode="add"/>
<opset="add_ln42_22/3 "/>
</bind>
</comp>

<comp id="614719" class="1004" name="trunc_ln41_1_fu_614719">
<pin_list>
<pin id="614720" dir="0" index="0" bw="16" slack="0"/>
<pin id="614721" dir="0" index="1" bw="26" slack="0"/>
<pin id="614722" dir="0" index="2" bw="5" slack="0"/>
<pin id="614723" dir="0" index="3" bw="6" slack="0"/>
<pin id="614724" dir="1" index="4" bw="16" slack="0"/>
</pin_list>
<bind>
<opcode="partselect(1002) " fcode="partselect"/>
<opset="trunc_ln41_1/3 "/>
</bind>
</comp>

<comp id="614729" class="1004" name="add_ln42_23_fu_614729">
<pin_list>
<pin id="614730" dir="0" index="0" bw="26" slack="1"/>
<pin id="614731" dir="0" index="1" bw="19" slack="0"/>
<pin id="614732" dir="1" index="2" bw="26" slack="0"/>
</pin_list>
<bind>
<opcode="add(8) " fcode="add"/>
<opset="add_ln42_23/3 "/>
</bind>
</comp>

<comp id="614735" class="1004" name="trunc_ln41_2_fu_614735">
<pin_list>
<pin id="614736" dir="0" index="0" bw="16" slack="0"/>
<pin id="614737" dir="0" index="1" bw="26" slack="0"/>
<pin id="614738" dir="0" index="2" bw="5" slack="0"/>
<pin id="614739" dir="0" index="3" bw="6" slack="0"/>
<pin id="614740" dir="1" index="4" bw="16" slack="0"/>
</pin_list>
<bind>
<opcode="partselect(1002) " fcode="partselect"/>
<opset="trunc_ln41_2/3 "/>
</bind>
</comp>

<comp id="614745" class="1004" name="add_ln42_24_fu_614745">
<pin_list>
<pin id="614746" dir="0" index="0" bw="26" slack="1"/>
<pin id="614747" dir="0" index="1" bw="19" slack="0"/>
<pin id="614748" dir="1" index="2" bw="26" slack="0"/>
</pin_list>
<bind>
<opcode="add(8) " fcode="add"/>
<opset="add_ln42_24/3 "/>
</bind>
</comp>

<comp id="614751" class="1004" name="trunc_ln41_3_fu_614751">
<pin_list>
<pin id="614752" dir="0" index="0" bw="16" slack="0"/>
<pin id="614753" dir="0" index="1" bw="26" slack="0"/>
<pin id="614754" dir="0" index="2" bw="5" slack="0"/>
<pin id="614755" dir="0" index="3" bw="6" slack="0"/>
<pin id="614756" dir="1" index="4" bw="16" slack="0"/>
</pin_list>
<bind>
<opcode="partselect(1002) " fcode="partselect"/>
<opset="trunc_ln41_3/3 "/>
</bind>
</comp>

<comp id="614761" class="1004" name="or_ln46_s_fu_614761">
<pin_list>
<pin id="614762" dir="0" index="0" bw="96" slack="0"/>
<pin id="614763" dir="0" index="1" bw="16" slack="0"/>
<pin id="614764" dir="0" index="2" bw="16" slack="0"/>
<pin id="614765" dir="0" index="3" bw="16" slack="0"/>
<pin id="614766" dir="0" index="4" bw="16" slack="0"/>
<pin id="614767" dir="0" index="5" bw="16" slack="0"/>
<pin id="614768" dir="0" index="6" bw="16" slack="0"/>
<pin id="614769" dir="1" index="7" bw="96" slack="0"/>
</pin_list>
<bind>
<opcode="bitconcatenate(1004) " fcode="bitconcatenate"/>
<opset="or_ln46_s/3 "/>
</bind>
</comp>

<comp id="614778" class="1005" name="i_021_reg_614778">
<pin_list>
<pin id="614779" dir="0" index="0" bw="12" slack="0"/>
<pin id="614780" dir="1" index="1" bw="12" slack="0"/>
</pin_list>
<bind>
<opset="i_021 "/>
</bind>
</comp>

<comp id="614785" class="1005" name="a_reg_614785">
<pin_list>
<pin id="614786" dir="0" index="0" bw="16" slack="1"/>
<pin id="614787" dir="1" index="1" bw="16" slack="1"/>
</pin_list>
<bind>
<opset="a "/>
</bind>
</comp>

<comp id="614790" class="1005" name="a_18_reg_614790">
<pin_list>
<pin id="614791" dir="0" index="0" bw="16" slack="1"/>
<pin id="614792" dir="1" index="1" bw="16" slack="1"/>
</pin_list>
<bind>
<opset="a_18 "/>
</bind>
</comp>

<comp id="614795" class="1005" name="a_8_reg_614795">
<pin_list>
<pin id="614796" dir="0" index="0" bw="16" slack="1"/>
<pin id="614797" dir="1" index="1" bw="16" slack="1"/>
</pin_list>
<bind>
<opset="a_8 "/>
</bind>
</comp>

<comp id="614800" class="1005" name="a_9_reg_614800">
<pin_list>
<pin id="614801" dir="0" index="0" bw="16" slack="1"/>
<pin id="614802" dir="1" index="1" bw="16" slack="1"/>
</pin_list>
<bind>
<opset="a_9 "/>
</bind>
</comp>

<comp id="614805" class="1005" name="a_10_reg_614805">
<pin_list>
<pin id="614806" dir="0" index="0" bw="16" slack="1"/>
<pin id="614807" dir="1" index="1" bw="16" slack="1"/>
</pin_list>
<bind>
<opset="a_10 "/>
</bind>
</comp>

<comp id="614810" class="1005" name="a_11_reg_614810">
<pin_list>
<pin id="614811" dir="0" index="0" bw="16" slack="1"/>
<pin id="614812" dir="1" index="1" bw="16" slack="1"/>
</pin_list>
<bind>
<opset="a_11 "/>
</bind>
</comp>

<comp id="614815" class="1005" name="icmp_ln25_reg_614815">
<pin_list>
<pin id="614816" dir="0" index="0" bw="1" slack="2"/>
<pin id="614817" dir="1" index="1" bw="1" slack="2147483647"/>
</pin_list>
<bind>
<opset="icmp_ln25 "/>
</bind>
</comp>

</comp_list>

<net_list>
<net id="99"><net_src comp="4" pin="0"/><net_sink comp="96" pin=0"/></net>

<net id="104"><net_src comp="24" pin="0"/><net_sink comp="100" pin=0"/></net>

<net id="105"><net_src comp="0" pin="0"/><net_sink comp="100" pin=1"/></net>

<net id="111"><net_src comp="94" pin="0"/><net_sink comp="106" pin=0"/></net>

<net id="112"><net_src comp="2" pin="0"/><net_sink comp="106" pin=1"/></net>

<net id="614516"><net_src comp="52" pin="0"/><net_sink comp="18039" pin=1"/></net>

<net id="614520"><net_src comp="54" pin="0"/><net_sink comp="21177" pin=1"/></net>

<net id="614524"><net_src comp="56" pin="0"/><net_sink comp="11111" pin=1"/></net>

<net id="614528"><net_src comp="58" pin="0"/><net_sink comp="4709" pin=1"/></net>

<net id="614532"><net_src comp="60" pin="0"/><net_sink comp="5246" pin=1"/></net>

<net id="614536"><net_src comp="62" pin="0"/><net_sink comp="5033" pin=1"/></net>

<net id="614540"><net_src comp="18039" pin="2"/><net_sink comp="614537" pin=0"/></net>

<net id="614544"><net_src comp="21177" pin="2"/><net_sink comp="614541" pin=0"/></net>

<net id="614548"><net_src comp="11111" pin="2"/><net_sink comp="614545" pin=0"/></net>

<net id="614552"><net_src comp="4709" pin="2"/><net_sink comp="614549" pin=0"/></net>

<net id="614556"><net_src comp="5246" pin="2"/><net_sink comp="614553" pin=0"/></net>

<net id="614560"><net_src comp="5033" pin="2"/><net_sink comp="614557" pin=0"/></net>

<net id="614566"><net_src comp="22" pin="0"/><net_sink comp="614562" pin=0"/></net>

<net id="614573"><net_src comp="100" pin="2"/><net_sink comp="614570" pin=0"/></net>

<net id="614580"><net_src comp="26" pin="0"/><net_sink comp="614574" pin=0"/></net>

<net id="614581"><net_src comp="100" pin="2"/><net_sink comp="614574" pin=1"/></net>

<net id="614582"><net_src comp="28" pin="0"/><net_sink comp="614574" pin=2"/></net>

<net id="614583"><net_src comp="30" pin="0"/><net_sink comp="614574" pin=3"/></net>

<net id="614590"><net_src comp="26" pin="0"/><net_sink comp="614584" pin=0"/></net>

<net id="614591"><net_src comp="100" pin="2"/><net_sink comp="614584" pin=1"/></net>

<net id="614592"><net_src comp="32" pin="0"/><net_sink comp="614584" pin=2"/></net>

<net id="614593"><net_src comp="34" pin="0"/><net_sink comp="614584" pin=3"/></net>

<net id="614600"><net_src comp="26" pin="0"/><net_sink comp="614594" pin=0"/></net>

<net id="614601"><net_src comp="100" pin="2"/><net_sink comp="614594" pin=1"/></net>

<net id="614602"><net_src comp="36" pin="0"/><net_sink comp="614594" pin=2"/></net>

<net id="614603"><net_src comp="38" pin="0"/><net_sink comp="614594" pin=3"/></net>

<net id="614610"><net_src comp="26" pin="0"/><net_sink comp="614604" pin=0"/></net>

<net id="614611"><net_src comp="100" pin="2"/><net_sink comp="614604" pin=1"/></net>

<net id="614612"><net_src comp="40" pin="0"/><net_sink comp="614604" pin=2"/></net>

<net id="614613"><net_src comp="42" pin="0"/><net_sink comp="614604" pin=3"/></net>

<net id="614620"><net_src comp="26" pin="0"/><net_sink comp="614614" pin=0"/></net>

<net id="614621"><net_src comp="100" pin="2"/><net_sink comp="614614" pin=1"/></net>

<net id="614622"><net_src comp="44" pin="0"/><net_sink comp="614614" pin=2"/></net>

<net id="614623"><net_src comp="46" pin="0"/><net_sink comp="614614" pin=3"/></net>

<net id="614628"><net_src comp="614567" pin="1"/><net_sink comp="614624" pin=0"/></net>

<net id="614629"><net_src comp="48" pin="0"/><net_sink comp="614624" pin=1"/></net>

<net id="614634"><net_src comp="614567" pin="1"/><net_sink comp="614630" pin=0"/></net>

<net id="614635"><net_src comp="50" pin="0"/><net_sink comp="614630" pin=1"/></net>

<net id="614640"><net_src comp="614624" pin="2"/><net_sink comp="614636" pin=0"/></net>

<net id="614644"><net_src comp="614641" pin="1"/><net_sink comp="18039" pin=0"/></net>

<net id="614648"><net_src comp="614645" pin="1"/><net_sink comp="21177" pin=0"/></net>

<net id="614652"><net_src comp="614649" pin="1"/><net_sink comp="11111" pin=0"/></net>

<net id="614656"><net_src comp="614653" pin="1"/><net_sink comp="4709" pin=0"/></net>

<net id="614660"><net_src comp="614657" pin="1"/><net_sink comp="5246" pin=0"/></net>

<net id="614664"><net_src comp="614661" pin="1"/><net_sink comp="5033" pin=0"/></net>

<net id="614669"><net_src comp="614537" pin="1"/><net_sink comp="614665" pin=0"/></net>

<net id="614670"><net_src comp="74" pin="0"/><net_sink comp="614665" pin=1"/></net>

<net id="614677"><net_src comp="76" pin="0"/><net_sink comp="614671" pin=0"/></net>

<net id="614678"><net_src comp="614665" pin="2"/><net_sink comp="614671" pin=1"/></net>

<net id="614679"><net_src comp="78" pin="0"/><net_sink comp="614671" pin=2"/></net>

<net id="614680"><net_src comp="80" pin="0"/><net_sink comp="614671" pin=3"/></net>

<net id="614685"><net_src comp="614541" pin="1"/><net_sink comp="614681" pin=0"/></net>

<net id="614686"><net_src comp="82" pin="0"/><net_sink comp="614681" pin=1"/></net>

<net id="614693"><net_src comp="76" pin="0"/><net_sink comp="614687" pin=0"/></net>

<net id="614694"><net_src comp="614681" pin="2"/><net_sink comp="614687" pin=1"/></net>

<net id="614695"><net_src comp="78" pin="0"/><net_sink comp="614687" pin=2"/></net>

<net id="614696"><net_src comp="80" pin="0"/><net_sink comp="614687" pin=3"/></net>

<net id="614701"><net_src comp="614545" pin="1"/><net_sink comp="614697" pin=0"/></net>

<net id="614702"><net_src comp="84" pin="0"/><net_sink comp="614697" pin=1"/></net>

<net id="614709"><net_src comp="76" pin="0"/><net_sink comp="614703" pin=0"/></net>

<net id="614710"><net_src comp="614697" pin="2"/><net_sink comp="614703" pin=1"/></net>

<net id="614711"><net_src comp="78" pin="0"/><net_sink comp="614703" pin=2"/></net>

<net id="614712"><net_src comp="80" pin="0"/><net_sink comp="614703" pin=3"/></net>

<net id="614717"><net_src comp="614549" pin="1"/><net_sink comp="614713" pin=0"/></net>

<net id="614718"><net_src comp="86" pin="0"/><net_sink comp="614713" pin=1"/></net>

<net id="614725"><net_src comp="76" pin="0"/><net_sink comp="614719" pin=0"/></net>

<net id="614726"><net_src comp="614713" pin="2"/><net_sink comp="614719" pin=1"/></net>

<net id="614727"><net_src comp="78" pin="0"/><net_sink comp="614719" pin=2"/></net>

<net id="614728"><net_src comp="80" pin="0"/><net_sink comp="614719" pin=3"/></net>

<net id="614733"><net_src comp="614553" pin="1"/><net_sink comp="614729" pin=0"/></net>

<net id="614734"><net_src comp="88" pin="0"/><net_sink comp="614729" pin=1"/></net>

<net id="614741"><net_src comp="76" pin="0"/><net_sink comp="614735" pin=0"/></net>

<net id="614742"><net_src comp="614729" pin="2"/><net_sink comp="614735" pin=1"/></net>

<net id="614743"><net_src comp="78" pin="0"/><net_sink comp="614735" pin=2"/></net>

<net id="614744"><net_src comp="80" pin="0"/><net_sink comp="614735" pin=3"/></net>

<net id="614749"><net_src comp="614557" pin="1"/><net_sink comp="614745" pin=0"/></net>

<net id="614750"><net_src comp="90" pin="0"/><net_sink comp="614745" pin=1"/></net>

<net id="614757"><net_src comp="76" pin="0"/><net_sink comp="614751" pin=0"/></net>

<net id="614758"><net_src comp="614745" pin="2"/><net_sink comp="614751" pin=1"/></net>

<net id="614759"><net_src comp="78" pin="0"/><net_sink comp="614751" pin=2"/></net>

<net id="614760"><net_src comp="80" pin="0"/><net_sink comp="614751" pin=3"/></net>

<net id="614770"><net_src comp="92" pin="0"/><net_sink comp="614761" pin=0"/></net>

<net id="614771"><net_src comp="614751" pin="4"/><net_sink comp="614761" pin=1"/></net>

<net id="614772"><net_src comp="614735" pin="4"/><net_sink comp="614761" pin=2"/></net>

<net id="614773"><net_src comp="614719" pin="4"/><net_sink comp="614761" pin=3"/></net>

<net id="614774"><net_src comp="614703" pin="4"/><net_sink comp="614761" pin=4"/></net>

<net id="614775"><net_src comp="614687" pin="4"/><net_sink comp="614761" pin=5"/></net>

<net id="614776"><net_src comp="614671" pin="4"/><net_sink comp="614761" pin=6"/></net>

<net id="614777"><net_src comp="614761" pin="7"/><net_sink comp="106" pin=2"/></net>

<net id="614781"><net_src comp="96" pin="1"/><net_sink comp="614778" pin=0"/></net>

<net id="614782"><net_src comp="614778" pin="1"/><net_sink comp="614562" pin=1"/></net>

<net id="614783"><net_src comp="614778" pin="1"/><net_sink comp="614567" pin=0"/></net>

<net id="614784"><net_src comp="614778" pin="1"/><net_sink comp="614636" pin=1"/></net>

<net id="614788"><net_src comp="614570" pin="1"/><net_sink comp="614785" pin=0"/></net>

<net id="614789"><net_src comp="614785" pin="1"/><net_sink comp="614641" pin=0"/></net>

<net id="614793"><net_src comp="614574" pin="4"/><net_sink comp="614790" pin=0"/></net>

<net id="614794"><net_src comp="614790" pin="1"/><net_sink comp="614645" pin=0"/></net>

<net id="614798"><net_src comp="614584" pin="4"/><net_sink comp="614795" pin=0"/></net>

<net id="614799"><net_src comp="614795" pin="1"/><net_sink comp="614649" pin=0"/></net>

<net id="614803"><net_src comp="614594" pin="4"/><net_sink comp="614800" pin=0"/></net>

<net id="614804"><net_src comp="614800" pin="1"/><net_sink comp="614653" pin=0"/></net>

<net id="614808"><net_src comp="614604" pin="4"/><net_sink comp="614805" pin=0"/></net>

<net id="614809"><net_src comp="614805" pin="1"/><net_sink comp="614657" pin=0"/></net>

<net id="614813"><net_src comp="614614" pin="4"/><net_sink comp="614810" pin=0"/></net>

<net id="614814"><net_src comp="614810" pin="1"/><net_sink comp="614661" pin=0"/></net>

<net id="614818"><net_src comp="614630" pin="2"/><net_sink comp="614815" pin=0"/></net>

</net_list>

</model> 
---------------- Datapath Model END ------------------

* FSMD analyzer results:
  - Output states:
	Port: layer10_out | {3 }
 - Input state : 
	Port: normalize<array<ap_fixed,6u>,array<ap_fixed<16,6,5,3,0>,6u>,config10> : layer9_out | {1 }
  - Chain level:
	State 1
		store_ln25 : 1
		i_32 : 1
		i : 2
		icmp_ln25 : 2
		store_ln25 : 3
		br_ln25 : 3
	State 2
		mul_ln42 : 1
		mul_ln42_43 : 1
		mul_ln42_44 : 1
		mul_ln42_45 : 1
		mul_ln42_46 : 1
		mul_ln42_47 : 1
	State 3
		trunc_ln : 1
		trunc_ln41_s : 1
		trunc_ln41_9 : 1
		trunc_ln41_1 : 1
		trunc_ln41_2 : 1
		trunc_ln41_3 : 1
		or_ln46_s : 2
		write_ln46 : 3


============================================================
+ Verbose Summary: Datapath Resource usage 
============================================================

* Functional unit list:
|----------|-----------------------------|---------|---------|---------|
| Operation|       Functional Unit       |   DSP   |    FF   |   LUT   |
|----------|-----------------------------|---------|---------|---------|
|          |         i_fu_614624         |    0    |    0    |    19   |
|          |      add_ln42_fu_614665     |    0    |    0    |    33   |
|          |    add_ln42_20_fu_614681    |    0    |    0    |    33   |
|    add   |    add_ln42_21_fu_614697    |    0    |    0    |    33   |
|          |    add_ln42_22_fu_614713    |    0    |    0    |    33   |
|          |    add_ln42_23_fu_614729    |    0    |    0    |    33   |
|          |    add_ln42_24_fu_614745    |    0    |    0    |    33   |
|----------|-----------------------------|---------|---------|---------|
|          |     mul_ln42_45_fu_4709     |    1    |    0    |    4    |
|          |     mul_ln42_47_fu_5033     |    1    |    0    |    4    |
|    mul   |     mul_ln42_46_fu_5246     |    1    |    0    |    4    |
|          |     mul_ln42_44_fu_11111    |    1    |    0    |    4    |
|          |      mul_ln42_fu_18039      |    1    |    0    |    4    |
|          |     mul_ln42_43_fu_21177    |    1    |    0    |    4    |
|----------|-----------------------------|---------|---------|---------|
|   icmp   |     icmp_ln25_fu_614630     |    0    |    0    |    19   |
|----------|-----------------------------|---------|---------|---------|
|   read   | layer9_out_read_read_fu_100 |    0    |    0    |    0    |
|----------|-----------------------------|---------|---------|---------|
|   write  |   write_ln46_write_fu_106   |    0    |    0    |    0    |
|----------|-----------------------------|---------|---------|---------|
|   trunc  |         a_fu_614570         |    0    |    0    |    0    |
|----------|-----------------------------|---------|---------|---------|
|          |        a_18_fu_614574       |    0    |    0    |    0    |
|          |        a_8_fu_614584        |    0    |    0    |    0    |
|          |        a_9_fu_614594        |    0    |    0    |    0    |
|          |        a_10_fu_614604       |    0    |    0    |    0    |
|          |        a_11_fu_614614       |    0    |    0    |    0    |
|partselect|      trunc_ln_fu_614671     |    0    |    0    |    0    |
|          |    trunc_ln41_s_fu_614687   |    0    |    0    |    0    |
|          |    trunc_ln41_9_fu_614703   |    0    |    0    |    0    |
|          |    trunc_ln41_1_fu_614719   |    0    |    0    |    0    |
|          |    trunc_ln41_2_fu_614735   |    0    |    0    |    0    |
|          |    trunc_ln41_3_fu_614751   |    0    |    0    |    0    |
|----------|-----------------------------|---------|---------|---------|
|          |     sext_ln42_fu_614641     |    0    |    0    |    0    |
|          |    sext_ln42_38_fu_614645   |    0    |    0    |    0    |
|   sext   |    sext_ln42_39_fu_614649   |    0    |    0    |    0    |
|          |    sext_ln42_40_fu_614653   |    0    |    0    |    0    |
|          |    sext_ln42_41_fu_614657   |    0    |    0    |    0    |
|          |    sext_ln42_42_fu_614661   |    0    |    0    |    0    |
|----------|-----------------------------|---------|---------|---------|
|bitconcatenate|     or_ln46_s_fu_614761     |    0    |    0    |    0    |
|----------|-----------------------------|---------|---------|---------|
|   Total  |                             |    6    |    0    |   260   |
|----------|-----------------------------|---------|---------|---------|

Memories:
N/A

* Register list:
+----------------------+--------+
|                      |   FF   |
+----------------------+--------+
|    a_10_reg_614805   |   16   |
|    a_11_reg_614810   |   16   |
|    a_18_reg_614790   |   16   |
|    a_8_reg_614795    |   16   |
|    a_9_reg_614800    |   16   |
|     a_reg_614785     |   16   |
|   i_021_reg_614778   |   12   |
| icmp_ln25_reg_614815 |    1   |
|mul_ln42_43_reg_614541|   26   |
|mul_ln42_44_reg_614545|   26   |
|mul_ln42_45_reg_614549|   26   |
|mul_ln42_46_reg_614553|   26   |
|mul_ln42_47_reg_614557|   26   |
|  mul_ln42_reg_614537 |   26   |
+----------------------+--------+
|         Total        |   265  |
+----------------------+--------+

* Multiplexer (MUX) list: 
|--------|------|------|------|--------|
|  Comp  |  Pin | Size |  BW  | S x BW |
|--------|------|------|------|--------|
|  Total |      |      |      |    0   |
|--------|------|------|------|--------|



* Summary:
+-----------+--------+--------+--------+
|           |   DSP  |   FF   |   LUT  |
+-----------+--------+--------+--------+
|  Function |    6   |    0   |   260  |
|   Memory  |    -   |    -   |    -   |
|Multiplexer|    -   |    -   |    -   |
|  Register |    -   |   265  |    -   |
+-----------+--------+--------+--------+
|   Total   |    6   |   265  |   260  |
+-----------+--------+--------+--------+
