

================================================================
== Vitis HLS Report for 'normalize_array_ap_fixed_8u_array_ap_fixed_12_6_5_3_0_8u_config20_s'
================================================================
* Date:           Wed Apr 22 16:02:04 2026

* Version:        2023.2 (Build 4023990 on Oct 11 2023)
* Project:        folo_prj
* Solution:       solution1 (Vivado IP Flow Target)
* Product family: kintexu
* Target device:  xcku035-fbva676-2-e


================================================================
== Performance Estimates
================================================================
+ Timing: 
    * Summary: 
    +--------+---------+----------+------------+
    |  Clock |  Target | Estimated| Uncertainty|
    +--------+---------+----------+------------+
    |ap_clk  |  5.00 ns|  3.434 ns|     1.35 ns|
    +--------+---------+----------+------------+

+ Latency: 
    * Summary: 
    +---------+---------+-----------+-----------+------+------+---------+
    |  Latency (cycles) |   Latency (absolute)  |   Interval  | Pipeline|
    |   min   |   max   |    min    |    max    |  min |  max |   Type  |
    +---------+---------+-----------+-----------+------+------+---------+
    |     4098|     4098|  20.490 us|  20.490 us|  4098|  4098|       no|
    +---------+---------+-----------+-----------+------+------+---------+

    + Detail: 
        * Instance: 
        N/A

        * Loop: 
        +-----------------+---------+---------+----------+-----------+-----------+------+----------+
        |                 |  Latency (cycles) | Iteration|  Initiation Interval  | Trip |          |
        |    Loop Name    |   min   |   max   |  Latency |  achieved |   target  | Count| Pipelined|
        +-----------------+---------+---------+----------+-----------+-----------+------+----------+
        |- BatchNormLoop  |     4096|     4096|         4|          4|         16|  1024|       yes|
        +-----------------+---------+---------+----------+-----------+-----------+------+----------+

============================================================
+ Verbose Summary: Synthesis Manager
============================================================
InlineROM: 1
ExposeGlobal: 0
============================================================
+ Verbose Summary: CDFG Model
============================================================
IsTopModel: 0
ResetActiveHigh: 1
IsCombinational: 2
IsDatapathOnly: 0
HasWiredReturn: 1
HasMFsm: 2
HasVarLatency: 1
IsPipeline: 0
IsRtlPipelined: 0
IsInstanceOverlapped: 0
IsDontTouch: 0
HasImplIP: 0
IsGatedGlobalClock: 0

+ Individual pipeline summary: 
  * Pipeline-0: initiation interval (II) = 4, depth = 4


============================================================
+ Verbose Summary: Schedule
============================================================
* Number of FSM states : 4
* Pipeline : 1
  Pipeline-0 : II = 4, D = 4, States = { 1 2 3 4 }
* Dataflow Pipeline: 0

* FSM state transitions: 
1 --> 2 
2 --> 3 
3 --> 4 
4 --> 

* FSM state operations: 

State 1 <SV = 0> <Delay = 2.41>
ST_1 : Operation 7 [1/1] (0.00ns)   --->   "%i_02 = alloca i32 1" [firmware/nnet_utils/nnet_batchnorm_stream.h:25]   --->   Operation 7 'alloca' 'i_02' <Predicate = true> <Delay = 0.00>
ST_1 : Operation 8 [1/1] (0.00ns)   --->   "%specinterface_ln0 = specinterface void @_ssdm_op_SpecInterface, i96 %layer20_out, void @empty_13, i32 0, i32 0, void @empty_8, i32 0, i32 0, void @empty_8, void @empty_8, void @empty_8, i32 0, i32 0, i32 0, i32 0, void @empty_8, void @empty_8, i32 4294967295, i32 0"   --->   Operation 8 'specinterface' 'specinterface_ln0' <Predicate = true> <Delay = 0.00>
ST_1 : Operation 9 [1/1] (0.00ns)   --->   "%specinterface_ln0 = specinterface void @_ssdm_op_SpecInterface, i96 %layer19_out, void @empty_13, i32 0, i32 0, void @empty_8, i32 0, i32 0, void @empty_8, void @empty_8, void @empty_8, i32 0, i32 0, i32 0, i32 0, void @empty_8, void @empty_8, i32 4294967295, i32 0"   --->   Operation 9 'specinterface' 'specinterface_ln0' <Predicate = true> <Delay = 0.00>
ST_1 : Operation 10 [1/1] (0.00ns)   --->   "%specresourcelimit_ln22 = specresourcelimit void @_ssdm_op_SpecResourceLimit, i64 512, void @empty_7, void @empty_8, void @empty_8, void @empty_8" [firmware/nnet_utils/nnet_batchnorm_stream.h:22]   --->   Operation 10 'specresourcelimit' 'specresourcelimit_ln22' <Predicate = true> <Delay = 0.00>
ST_1 : Operation 11 [1/1] (0.53ns)   --->   "%store_ln25 = store i11 0, i11 %i_02" [firmware/nnet_utils/nnet_batchnorm_stream.h:25]   --->   Operation 11 'store' 'store_ln25' <Predicate = true> <Delay = 0.53>
ST_1 : Operation 12 [1/1] (0.00ns)   --->   "%br_ln25 = br void %BatchNormpack" [firmware/nnet_utils/nnet_batchnorm_stream.h:25]   --->   Operation 12 'br' 'br_ln25' <Predicate = true> <Delay = 0.00>
ST_1 : Operation 13 [1/1] (0.00ns)   --->   "%i = load i11 %i_02" [firmware/nnet_utils/nnet_batchnorm_stream.h:25]   --->   Operation 13 'load' 'i' <Predicate = true> <Delay = 0.00>
ST_1 : Operation 14 [1/1] (1.33ns)   --->   "%icmp_ln25 = icmp_eq  i11 %i, i11 1024" [firmware/nnet_utils/nnet_batchnorm_stream.h:25]   --->   Operation 14 'icmp' 'icmp_ln25' <Predicate = true> <Delay = 1.33> <CoreInst = "Cmp">   --->   Core 9 'Cmp' <Latency = 0> <II = 1> <Delay = 1.33> <FuncUnit> <Opcode : 'icmp'> <InPorts = 2> <OutPorts = 1>
ST_1 : Operation 15 [1/1] (1.33ns)   --->   "%i_17 = add i11 %i, i11 1" [firmware/nnet_utils/nnet_batchnorm_stream.h:25]   --->   Operation 15 'add' 'i_17' <Predicate = true> <Delay = 1.33> <CoreInst = "Adder">   --->   Core 1 'Adder' <Latency = 0> <II = 1> <Delay = 1.33> <FuncUnit> <Opcode : 'add' 'sub'> <InPorts = 2> <OutPorts = 1>
ST_1 : Operation 16 [1/1] (0.00ns)   --->   "%br_ln25 = br i1 %icmp_ln25, void %BatchNormpack.split, void %for.end13" [firmware/nnet_utils/nnet_batchnorm_stream.h:25]   --->   Operation 16 'br' 'br_ln25' <Predicate = true> <Delay = 0.00>
ST_1 : Operation 17 [1/1] (0.53ns)   --->   "%store_ln25 = store i11 %i_17, i11 %i_02" [firmware/nnet_utils/nnet_batchnorm_stream.h:25]   --->   Operation 17 'store' 'store_ln25' <Predicate = (!icmp_ln25)> <Delay = 0.53>
ST_1 : Operation 74 [1/1] (0.00ns)   --->   "%ret_ln48 = ret" [firmware/nnet_utils/nnet_batchnorm_stream.h:48]   --->   Operation 74 'ret' 'ret_ln48' <Predicate = (icmp_ln25)> <Delay = 0.00>

State 2 <SV = 1> <Delay = 1.82>
ST_2 : Operation 18 [1/1] (1.82ns)   --->   "%layer19_out_read = read i96 @_ssdm_op_Read.ap_fifo.volatile.i96P0A, i96 %layer19_out" [firmware/nnet_utils/nnet_batchnorm_stream.h:28]   --->   Operation 18 'read' 'layer19_out_read' <Predicate = true> <Delay = 1.82> <CoreInst = "FIFO">   --->   Core 78 'FIFO' <Latency = 0> <II = 1> <Delay = 2.16> <Storage> <Opcode : 'read' 'write' 'nbread' 'nbwrite'> <Ports = 0> <Width = 96> <Depth = 1024> <FIFO>
ST_2 : Operation 19 [1/1] (0.00ns)   --->   "%a = partselect i12 @_ssdm_op_PartSelect.i12.i96.i32.i32, i96 %layer19_out_read, i32 12, i32 23" [firmware/nnet_utils/nnet_batchnorm_stream.h:28]   --->   Operation 19 'partselect' 'a' <Predicate = true> <Delay = 0.00>
ST_2 : Operation 20 [1/1] (0.00ns)   --->   "%a_1 = partselect i12 @_ssdm_op_PartSelect.i12.i96.i32.i32, i96 %layer19_out_read, i32 24, i32 35" [firmware/nnet_utils/nnet_batchnorm_stream.h:28]   --->   Operation 20 'partselect' 'a_1' <Predicate = true> <Delay = 0.00>
ST_2 : Operation 21 [1/1] (0.00ns)   --->   "%a_2 = partselect i12 @_ssdm_op_PartSelect.i12.i96.i32.i32, i96 %layer19_out_read, i32 48, i32 59" [firmware/nnet_utils/nnet_batchnorm_stream.h:28]   --->   Operation 21 'partselect' 'a_2' <Predicate = true> <Delay = 0.00>
ST_2 : Operation 22 [1/1] (0.00ns)   --->   "%a_3 = partselect i12 @_ssdm_op_PartSelect.i12.i96.i32.i32, i96 %layer19_out_read, i32 72, i32 83" [firmware/nnet_utils/nnet_batchnorm_stream.h:28]   --->   Operation 22 'partselect' 'a_3' <Predicate = true> <Delay = 0.00>
ST_2 : Operation 23 [1/1] (0.00ns)   --->   "%a_4 = partselect i12 @_ssdm_op_PartSelect.i12.i96.i32.i32, i96 %layer19_out_read, i32 84, i32 95" [firmware/nnet_utils/nnet_batchnorm_stream.h:28]   --->   Operation 23 'partselect' 'a_4' <Predicate = true> <Delay = 0.00>
ST_2 : Operation 24 [1/1] (0.00ns)   --->   "%trunc_ln73 = trunc i96 %layer19_out_read" [firmware/nnet_utils/nnet_mult.h:73->firmware/nnet_utils/nnet_batchnorm_stream.h:41]   --->   Operation 24 'trunc' 'trunc_ln73' <Predicate = true> <Delay = 0.00>
ST_2 : Operation 25 [1/1] (0.00ns)   --->   "%tmp_2 = partselect i12 @_ssdm_op_PartSelect.i12.i96.i32.i32, i96 %layer19_out_read, i32 36, i32 47" [firmware/nnet_utils/nnet_mult.h:73->firmware/nnet_utils/nnet_batchnorm_stream.h:41]   --->   Operation 25 'partselect' 'tmp_2' <Predicate = true> <Delay = 0.00>
ST_2 : Operation 26 [1/1] (0.00ns)   --->   "%tmp_4 = partselect i12 @_ssdm_op_PartSelect.i12.i96.i32.i32, i96 %layer19_out_read, i32 60, i32 71" [firmware/nnet_utils/nnet_mult.h:73->firmware/nnet_utils/nnet_batchnorm_stream.h:41]   --->   Operation 26 'partselect' 'tmp_4' <Predicate = true> <Delay = 0.00>

State 3 <SV = 2> <Delay = 3.43>
ST_3 : Operation 27 [1/1] (0.00ns)   --->   "%shl_ln = bitconcatenate i17 @_ssdm_op_BitConcatenate.i17.i12.i5, i12 %trunc_ln73, i5 0" [firmware/nnet_utils/nnet_mult.h:73->firmware/nnet_utils/nnet_batchnorm_stream.h:41]   --->   Operation 27 'bitconcatenate' 'shl_ln' <Predicate = true> <Delay = 0.00>
ST_3 : Operation 28 [1/1] (0.00ns)   --->   "%sext_ln73 = sext i17 %shl_ln" [firmware/nnet_utils/nnet_mult.h:73->firmware/nnet_utils/nnet_batchnorm_stream.h:41]   --->   Operation 28 'sext' 'sext_ln73' <Predicate = true> <Delay = 0.00>
ST_3 : Operation 29 [1/1] (0.00ns)   --->   "%shl_ln73_1 = bitconcatenate i14 @_ssdm_op_BitConcatenate.i14.i12.i2, i12 %trunc_ln73, i2 0" [firmware/nnet_utils/nnet_mult.h:73->firmware/nnet_utils/nnet_batchnorm_stream.h:41]   --->   Operation 29 'bitconcatenate' 'shl_ln73_1' <Predicate = true> <Delay = 0.00>
ST_3 : Operation 30 [1/1] (0.00ns)   --->   "%sext_ln42_5 = sext i14 %shl_ln73_1" [firmware/nnet_utils/nnet_batchnorm_stream.h:42]   --->   Operation 30 'sext' 'sext_ln42_5' <Predicate = true> <Delay = 0.00>
ST_3 : Operation 31 [1/1] (1.38ns)   --->   "%add_ln42_8 = add i15 %sext_ln42_5, i15 28800" [firmware/nnet_utils/nnet_batchnorm_stream.h:42]   --->   Operation 31 'add' 'add_ln42_8' <Predicate = true> <Delay = 1.38> <CoreInst = "Adder">   --->   Core 1 'Adder' <Latency = 0> <II = 1> <Delay = 1.38> <FuncUnit> <Opcode : 'add' 'sub'> <InPorts = 2> <OutPorts = 1>
ST_3 : Operation 32 [1/1] (0.00ns)   --->   "%sext_ln42_6 = sext i15 %add_ln42_8" [firmware/nnet_utils/nnet_batchnorm_stream.h:42]   --->   Operation 32 'sext' 'sext_ln42_6' <Predicate = true> <Delay = 0.00>
ST_3 : Operation 33 [1/1] (1.42ns)   --->   "%add_ln42 = add i18 %sext_ln42_6, i18 %sext_ln73" [firmware/nnet_utils/nnet_batchnorm_stream.h:42]   --->   Operation 33 'add' 'add_ln42' <Predicate = true> <Delay = 1.42> <CoreInst = "Adder">   --->   Core 1 'Adder' <Latency = 0> <II = 1> <Delay = 1.42> <FuncUnit> <Opcode : 'add' 'sub'> <InPorts = 2> <OutPorts = 1>
ST_3 : Operation 34 [1/1] (0.00ns)   --->   "%trunc_ln = partselect i12 @_ssdm_op_PartSelect.i12.i18.i32.i32, i18 %add_ln42, i32 6, i32 17" [firmware/nnet_utils/nnet_batchnorm_stream.h:41]   --->   Operation 34 'partselect' 'trunc_ln' <Predicate = true> <Delay = 0.00>
ST_3 : Operation 35 [1/1] (0.00ns)   --->   "%sext_ln42 = sext i12 %a" [firmware/nnet_utils/nnet_batchnorm_stream.h:42]   --->   Operation 35 'sext' 'sext_ln42' <Predicate = true> <Delay = 0.00>
ST_3 : Operation 36 [1/1] (3.43ns)   --->   "%mul_ln42 = mul i18 %sext_ln42, i18 86" [firmware/nnet_utils/nnet_batchnorm_stream.h:42]   --->   Operation 36 'mul' 'mul_ln42' <Predicate = true> <Delay = 3.43> <CoreInst = "Multiplier">   --->   Core 3 'Multiplier' <Latency = 0> <II = 1> <Delay = 3.43> <FuncUnit> <Opcode : 'mul'> <InPorts = 2> <OutPorts = 1>
ST_3 : Operation 37 [1/1] (0.00ns)   --->   "%sext_ln42_1 = sext i12 %a_1" [firmware/nnet_utils/nnet_batchnorm_stream.h:42]   --->   Operation 37 'sext' 'sext_ln42_1' <Predicate = true> <Delay = 0.00>
ST_3 : Operation 38 [1/1] (3.43ns)   --->   "%mul_ln42_1 = mul i18 %sext_ln42_1, i18 78" [firmware/nnet_utils/nnet_batchnorm_stream.h:42]   --->   Operation 38 'mul' 'mul_ln42_1' <Predicate = true> <Delay = 3.43> <CoreInst = "Multiplier">   --->   Core 3 'Multiplier' <Latency = 0> <II = 1> <Delay = 3.43> <FuncUnit> <Opcode : 'mul'> <InPorts = 2> <OutPorts = 1>
ST_3 : Operation 39 [1/1] (0.00ns)   --->   "%and_ln = bitconcatenate i18 @_ssdm_op_BitConcatenate.i18.i12.i6, i12 %tmp_2, i6 0" [firmware/nnet_utils/nnet_mult.h:73->firmware/nnet_utils/nnet_batchnorm_stream.h:41]   --->   Operation 39 'bitconcatenate' 'and_ln' <Predicate = true> <Delay = 0.00>
ST_3 : Operation 40 [1/1] (0.00ns)   --->   "%and_ln73_1 = bitconcatenate i15 @_ssdm_op_BitConcatenate.i15.i12.i3, i12 %tmp_2, i3 0" [firmware/nnet_utils/nnet_mult.h:73->firmware/nnet_utils/nnet_batchnorm_stream.h:41]   --->   Operation 40 'bitconcatenate' 'and_ln73_1' <Predicate = true> <Delay = 0.00>
ST_3 : Operation 41 [1/1] (0.00ns)   --->   "%sext_ln42_7 = sext i15 %and_ln73_1" [firmware/nnet_utils/nnet_batchnorm_stream.h:42]   --->   Operation 41 'sext' 'sext_ln42_7' <Predicate = true> <Delay = 0.00>
ST_3 : Operation 42 [1/1] (1.40ns)   --->   "%add_ln42_9 = add i16 %sext_ln42_7, i16 13184" [firmware/nnet_utils/nnet_batchnorm_stream.h:42]   --->   Operation 42 'add' 'add_ln42_9' <Predicate = true> <Delay = 1.40> <CoreInst = "Adder">   --->   Core 1 'Adder' <Latency = 0> <II = 1> <Delay = 1.40> <FuncUnit> <Opcode : 'add' 'sub'> <InPorts = 2> <OutPorts = 1>
ST_3 : Operation 43 [1/1] (0.00ns)   --->   "%sext_ln42_8 = sext i16 %add_ln42_9" [firmware/nnet_utils/nnet_batchnorm_stream.h:42]   --->   Operation 43 'sext' 'sext_ln42_8' <Predicate = true> <Delay = 0.00>
ST_3 : Operation 44 [1/1] (1.42ns)   --->   "%add_ln42_3 = add i18 %sext_ln42_8, i18 %and_ln" [firmware/nnet_utils/nnet_batchnorm_stream.h:42]   --->   Operation 44 'add' 'add_ln42_3' <Predicate = true> <Delay = 1.42> <CoreInst = "Adder">   --->   Core 1 'Adder' <Latency = 0> <II = 1> <Delay = 1.42> <FuncUnit> <Opcode : 'add' 'sub'> <InPorts = 2> <OutPorts = 1>
ST_3 : Operation 45 [1/1] (0.00ns)   --->   "%trunc_ln41_3 = partselect i12 @_ssdm_op_PartSelect.i12.i18.i32.i32, i18 %add_ln42_3, i32 6, i32 17" [firmware/nnet_utils/nnet_batchnorm_stream.h:41]   --->   Operation 45 'partselect' 'trunc_ln41_3' <Predicate = true> <Delay = 0.00>
ST_3 : Operation 46 [1/1] (0.00ns)   --->   "%sext_ln42_2 = sext i12 %a_2" [firmware/nnet_utils/nnet_batchnorm_stream.h:42]   --->   Operation 46 'sext' 'sext_ln42_2' <Predicate = true> <Delay = 0.00>
ST_3 : Operation 47 [1/1] (3.43ns)   --->   "%mul_ln42_2 = mul i18 %sext_ln42_2, i18 53" [firmware/nnet_utils/nnet_batchnorm_stream.h:42]   --->   Operation 47 'mul' 'mul_ln42_2' <Predicate = true> <Delay = 3.43> <CoreInst = "Multiplier">   --->   Core 3 'Multiplier' <Latency = 0> <II = 1> <Delay = 3.43> <FuncUnit> <Opcode : 'mul'> <InPorts = 2> <OutPorts = 1>
ST_3 : Operation 48 [1/1] (0.00ns)   --->   "%sext_ln42_3 = sext i12 %a_3" [firmware/nnet_utils/nnet_batchnorm_stream.h:42]   --->   Operation 48 'sext' 'sext_ln42_3' <Predicate = true> <Delay = 0.00>
ST_3 : Operation 49 [1/1] (3.43ns)   --->   "%mul_ln42_3 = mul i18 %sext_ln42_3, i18 50" [firmware/nnet_utils/nnet_batchnorm_stream.h:42]   --->   Operation 49 'mul' 'mul_ln42_3' <Predicate = true> <Delay = 3.43> <CoreInst = "Multiplier">   --->   Core 3 'Multiplier' <Latency = 0> <II = 1> <Delay = 3.43> <FuncUnit> <Opcode : 'mul'> <InPorts = 2> <OutPorts = 1>
ST_3 : Operation 50 [1/1] (0.00ns)   --->   "%sext_ln42_4 = sext i12 %a_4" [firmware/nnet_utils/nnet_batchnorm_stream.h:42]   --->   Operation 50 'sext' 'sext_ln42_4' <Predicate = true> <Delay = 0.00>
ST_3 : Operation 51 [1/1] (3.43ns)   --->   "%mul_ln42_4 = mul i18 %sext_ln42_4, i18 95" [firmware/nnet_utils/nnet_batchnorm_stream.h:42]   --->   Operation 51 'mul' 'mul_ln42_4' <Predicate = true> <Delay = 3.43> <CoreInst = "Multiplier">   --->   Core 3 'Multiplier' <Latency = 0> <II = 1> <Delay = 3.43> <FuncUnit> <Opcode : 'mul'> <InPorts = 2> <OutPorts = 1>

State 4 <SV = 3> <Delay = 3.25>
ST_4 : Operation 52 [1/1] (0.00ns)   --->   "%specpipeline_ln26 = specpipeline void @_ssdm_op_SpecPipeline, i32 16, i32 0, i32 0, i32 0, void @empty_8" [firmware/nnet_utils/nnet_batchnorm_stream.h:26]   --->   Operation 52 'specpipeline' 'specpipeline_ln26' <Predicate = true> <Delay = 0.00>
ST_4 : Operation 53 [1/1] (0.00ns)   --->   "%speclooptripcount_ln25 = speclooptripcount void @_ssdm_op_SpecLoopTripCount, i64 1024, i64 1024, i64 1024" [firmware/nnet_utils/nnet_batchnorm_stream.h:25]   --->   Operation 53 'speclooptripcount' 'speclooptripcount_ln25' <Predicate = true> <Delay = 0.00>
ST_4 : Operation 54 [1/1] (0.00ns)   --->   "%specloopname_ln25 = specloopname void @_ssdm_op_SpecLoopName, void @empty_5" [firmware/nnet_utils/nnet_batchnorm_stream.h:25]   --->   Operation 54 'specloopname' 'specloopname_ln25' <Predicate = true> <Delay = 0.00>
ST_4 : Operation 55 [1/1] (1.42ns)   --->   "%add_ln42_1 = add i18 %mul_ln42, i18 246912" [firmware/nnet_utils/nnet_batchnorm_stream.h:42]   --->   Operation 55 'add' 'add_ln42_1' <Predicate = true> <Delay = 1.42> <CoreInst = "Adder">   --->   Core 1 'Adder' <Latency = 0> <II = 1> <Delay = 1.42> <FuncUnit> <Opcode : 'add' 'sub'> <InPorts = 2> <OutPorts = 1>
ST_4 : Operation 56 [1/1] (0.00ns)   --->   "%trunc_ln41_1 = partselect i12 @_ssdm_op_PartSelect.i12.i18.i32.i32, i18 %add_ln42_1, i32 6, i32 17" [firmware/nnet_utils/nnet_batchnorm_stream.h:41]   --->   Operation 56 'partselect' 'trunc_ln41_1' <Predicate = true> <Delay = 0.00>
ST_4 : Operation 57 [1/1] (1.42ns)   --->   "%add_ln42_2 = add i18 %mul_ln42_1, i18 7808" [firmware/nnet_utils/nnet_batchnorm_stream.h:42]   --->   Operation 57 'add' 'add_ln42_2' <Predicate = true> <Delay = 1.42> <CoreInst = "Adder">   --->   Core 1 'Adder' <Latency = 0> <II = 1> <Delay = 1.42> <FuncUnit> <Opcode : 'add' 'sub'> <InPorts = 2> <OutPorts = 1>
ST_4 : Operation 58 [1/1] (0.00ns)   --->   "%trunc_ln41_2 = partselect i12 @_ssdm_op_PartSelect.i12.i18.i32.i32, i18 %add_ln42_2, i32 6, i32 17" [firmware/nnet_utils/nnet_batchnorm_stream.h:41]   --->   Operation 58 'partselect' 'trunc_ln41_2' <Predicate = true> <Delay = 0.00>
ST_4 : Operation 59 [1/1] (1.42ns)   --->   "%add_ln42_4 = add i18 %mul_ln42_2, i18 256256" [firmware/nnet_utils/nnet_batchnorm_stream.h:42]   --->   Operation 59 'add' 'add_ln42_4' <Predicate = true> <Delay = 1.42> <CoreInst = "Adder">   --->   Core 1 'Adder' <Latency = 0> <II = 1> <Delay = 1.42> <FuncUnit> <Opcode : 'add' 'sub'> <InPorts = 2> <OutPorts = 1>
ST_4 : Operation 60 [1/1] (0.00ns)   --->   "%trunc_ln41_4 = partselect i12 @_ssdm_op_PartSelect.i12.i18.i32.i32, i18 %add_ln42_4, i32 6, i32 17" [firmware/nnet_utils/nnet_batchnorm_stream.h:41]   --->   Operation 60 'partselect' 'trunc_ln41_4' <Predicate = true> <Delay = 0.00>
ST_4 : Operation 61 [1/1] (0.00ns)   --->   "%and_ln73_2 = bitconcatenate i18 @_ssdm_op_BitConcatenate.i18.i12.i6, i12 %tmp_4, i6 0" [firmware/nnet_utils/nnet_mult.h:73->firmware/nnet_utils/nnet_batchnorm_stream.h:41]   --->   Operation 61 'bitconcatenate' 'and_ln73_2' <Predicate = true> <Delay = 0.00>
ST_4 : Operation 62 [1/1] (0.00ns)   --->   "%and_ln73_3 = bitconcatenate i16 @_ssdm_op_BitConcatenate.i16.i12.i4, i12 %tmp_4, i4 0" [firmware/nnet_utils/nnet_mult.h:73->firmware/nnet_utils/nnet_batchnorm_stream.h:41]   --->   Operation 62 'bitconcatenate' 'and_ln73_3' <Predicate = true> <Delay = 0.00>
ST_4 : Operation 63 [1/1] (0.00ns)   --->   "%sext_ln73_1 = sext i16 %and_ln73_3" [firmware/nnet_utils/nnet_mult.h:73->firmware/nnet_utils/nnet_batchnorm_stream.h:41]   --->   Operation 63 'sext' 'sext_ln73_1' <Predicate = true> <Delay = 0.00>
ST_4 : Operation 64 [1/1] (0.00ns) (grouped into TernaryAdder)   --->   "%sub_ln73 = sub i18 %and_ln73_2, i18 %sext_ln73_1" [firmware/nnet_utils/nnet_mult.h:73->firmware/nnet_utils/nnet_batchnorm_stream.h:41]   --->   Operation 64 'sub' 'sub_ln73' <Predicate = true> <Delay = 0.00> <CoreInst = "TAddSub">   --->   Core 10 'TAddSub' <Latency = 0> <II = 1> <Delay = 0.50> <IPBlock> <Opcode : '' 'add' 'sub'> <InPorts = 3> <OutPorts = 1> <Sync> <CReg>
ST_4 : Operation 65 [1/1] (1.00ns) (root node of TernaryAdder)   --->   "%add_ln42_5 = add i18 %sub_ln73, i18 8576" [firmware/nnet_utils/nnet_batchnorm_stream.h:42]   --->   Operation 65 'add' 'add_ln42_5' <Predicate = true> <Delay = 1.00> <CoreInst = "TAddSub">   --->   Core 10 'TAddSub' <Latency = 0> <II = 1> <Delay = 0.50> <IPBlock> <Opcode : '' 'add' 'sub'> <InPorts = 3> <OutPorts = 1> <Sync> <CReg>
ST_4 : Operation 66 [1/1] (0.00ns)   --->   "%trunc_ln41_5 = partselect i12 @_ssdm_op_PartSelect.i12.i18.i32.i32, i18 %add_ln42_5, i32 6, i32 17" [firmware/nnet_utils/nnet_batchnorm_stream.h:41]   --->   Operation 66 'partselect' 'trunc_ln41_5' <Predicate = true> <Delay = 0.00>
ST_4 : Operation 67 [1/1] (1.42ns)   --->   "%add_ln42_6 = add i18 %mul_ln42_3, i18 261376" [firmware/nnet_utils/nnet_batchnorm_stream.h:42]   --->   Operation 67 'add' 'add_ln42_6' <Predicate = true> <Delay = 1.42> <CoreInst = "Adder">   --->   Core 1 'Adder' <Latency = 0> <II = 1> <Delay = 1.42> <FuncUnit> <Opcode : 'add' 'sub'> <InPorts = 2> <OutPorts = 1>
ST_4 : Operation 68 [1/1] (0.00ns)   --->   "%trunc_ln41_6 = partselect i12 @_ssdm_op_PartSelect.i12.i18.i32.i32, i18 %add_ln42_6, i32 6, i32 17" [firmware/nnet_utils/nnet_batchnorm_stream.h:41]   --->   Operation 68 'partselect' 'trunc_ln41_6' <Predicate = true> <Delay = 0.00>
ST_4 : Operation 69 [1/1] (1.42ns)   --->   "%add_ln42_7 = add i18 %mul_ln42_4, i18 9280" [firmware/nnet_utils/nnet_batchnorm_stream.h:42]   --->   Operation 69 'add' 'add_ln42_7' <Predicate = true> <Delay = 1.42> <CoreInst = "Adder">   --->   Core 1 'Adder' <Latency = 0> <II = 1> <Delay = 1.42> <FuncUnit> <Opcode : 'add' 'sub'> <InPorts = 2> <OutPorts = 1>
ST_4 : Operation 70 [1/1] (0.00ns)   --->   "%trunc_ln41_7 = partselect i12 @_ssdm_op_PartSelect.i12.i18.i32.i32, i18 %add_ln42_7, i32 6, i32 17" [firmware/nnet_utils/nnet_batchnorm_stream.h:41]   --->   Operation 70 'partselect' 'trunc_ln41_7' <Predicate = true> <Delay = 0.00>
ST_4 : Operation 71 [1/1] (0.00ns)   --->   "%or_ln46_s = bitconcatenate i96 @_ssdm_op_BitConcatenate.i96.i12.i12.i12.i12.i12.i12.i12.i12, i12 %trunc_ln41_7, i12 %trunc_ln41_6, i12 %trunc_ln41_5, i12 %trunc_ln41_4, i12 %trunc_ln41_3, i12 %trunc_ln41_2, i12 %trunc_ln41_1, i12 %trunc_ln" [firmware/nnet_utils/nnet_batchnorm_stream.h:46]   --->   Operation 71 'bitconcatenate' 'or_ln46_s' <Predicate = true> <Delay = 0.00>
ST_4 : Operation 72 [1/1] (1.82ns)   --->   "%write_ln46 = write void @_ssdm_op_Write.ap_fifo.volatile.i96P0A, i96 %layer20_out, i96 %or_ln46_s" [firmware/nnet_utils/nnet_batchnorm_stream.h:46]   --->   Operation 72 'write' 'write_ln46' <Predicate = true> <Delay = 1.82> <CoreInst = "FIFO">   --->   Core 78 'FIFO' <Latency = 0> <II = 1> <Delay = 2.16> <Storage> <Opcode : 'read' 'write' 'nbread' 'nbwrite'> <Ports = 0> <Width = 96> <Depth = 1024> <FIFO>
ST_4 : Operation 73 [1/1] (0.00ns)   --->   "%br_ln25 = br void %BatchNormpack" [firmware/nnet_utils/nnet_batchnorm_stream.h:25]   --->   Operation 73 'br' 'br_ln25' <Predicate = true> <Delay = 0.00>


============================================================
+ Verbose Summary: Binding
============================================================
STG Binding: 
---------------- STG Properties BEGIN ----------------
- Is combinational: 0
- Is one-state seq: 0
- Is datapath-only: 0
- Is pipelined: 0
- Is top level: 0
Port [ Return ] is wired: 1; IO mode=ap_ctrl_hs:ce=0
Port [ layer19_out]:  wired=1; compound=1; hidden=0; nouse=0; global=0; static=0; extern=0; dir=0; type=3; pingpong=0; private_global=0; IO mode=ap_fifo:ce=0
Port [ layer20_out]:  wired=1; compound=1; hidden=0; nouse=0; global=0; static=0; extern=0; dir=1; type=3; pingpong=0; private_global=0; IO mode=ap_fifo:ce=0
---------------- STG Properties END ------------------

---------------- Datapath Model BEGIN ----------------

<LifeTime>
<method=bitvector/>
i_02                   (alloca           ) [ 01000]
specinterface_ln0      (specinterface    ) [ 00000]
specinterface_ln0      (specinterface    ) [ 00000]
specresourcelimit_ln22 (specresourcelimit) [ 00000]
store_ln25             (store            ) [ 00000]
br_ln25                (br               ) [ 00000]
i                      (load             ) [ 00000]
icmp_ln25              (icmp             ) [ 01000]
i_17                   (add              ) [ 00000]
br_ln25                (br               ) [ 00000]
store_ln25             (store            ) [ 00000]
layer19_out_read       (read             ) [ 00000]
a                      (partselect       ) [ 00010]
a_1                    (partselect       ) [ 00010]
a_2                    (partselect       ) [ 00010]
a_3                    (partselect       ) [ 00010]
a_4                    (partselect       ) [ 00010]
trunc_ln73             (trunc            ) [ 00010]
tmp_2                  (partselect       ) [ 00010]
tmp_4                  (partselect       ) [ 00011]
shl_ln                 (bitconcatenate   ) [ 00000]
sext_ln73              (sext             ) [ 00000]
shl_ln73_1             (bitconcatenate   ) [ 00000]
sext_ln42_5            (sext             ) [ 00000]
add_ln42_8             (add              ) [ 00000]
sext_ln42_6            (sext             ) [ 00000]
add_ln42               (add              ) [ 00000]
trunc_ln               (partselect       ) [ 00001]
sext_ln42              (sext             ) [ 00000]
mul_ln42               (mul              ) [ 00001]
sext_ln42_1            (sext             ) [ 00000]
mul_ln42_1             (mul              ) [ 00001]
and_ln                 (bitconcatenate   ) [ 00000]
and_ln73_1             (bitconcatenate   ) [ 00000]
sext_ln42_7            (sext             ) [ 00000]
add_ln42_9             (add              ) [ 00000]
sext_ln42_8            (sext             ) [ 00000]
add_ln42_3             (add              ) [ 00000]
trunc_ln41_3           (partselect       ) [ 00001]
sext_ln42_2            (sext             ) [ 00000]
mul_ln42_2             (mul              ) [ 00001]
sext_ln42_3            (sext             ) [ 00000]
mul_ln42_3             (mul              ) [ 00001]
sext_ln42_4            (sext             ) [ 00000]
mul_ln42_4             (mul              ) [ 00001]
specpipeline_ln26      (specpipeline     ) [ 00000]
speclooptripcount_ln25 (speclooptripcount) [ 00000]
specloopname_ln25      (specloopname     ) [ 00000]
add_ln42_1             (add              ) [ 00000]
trunc_ln41_1           (partselect       ) [ 00000]
add_ln42_2             (add              ) [ 00000]
trunc_ln41_2           (partselect       ) [ 00000]
add_ln42_4             (add              ) [ 00000]
trunc_ln41_4           (partselect       ) [ 00000]
and_ln73_2             (bitconcatenate   ) [ 00000]
and_ln73_3             (bitconcatenate   ) [ 00000]
sext_ln73_1            (sext             ) [ 00000]
sub_ln73               (sub              ) [ 00000]
add_ln42_5             (add              ) [ 00000]
trunc_ln41_5           (partselect       ) [ 00000]
add_ln42_6             (add              ) [ 00000]
trunc_ln41_6           (partselect       ) [ 00000]
add_ln42_7             (add              ) [ 00000]
trunc_ln41_7           (partselect       ) [ 00000]
or_ln46_s              (bitconcatenate   ) [ 00000]
write_ln46             (write            ) [ 00000]
br_ln25                (br               ) [ 00000]
ret_ln48               (ret              ) [ 00000]
</LifeTime>

<model>

<comp_list>
<comp id="0" class="1000" name="layer19_out">
<pin_list>
<pin id="1" dir="1" index="0" bw="1" slack="0"/>
</pin_list>
<bind>
<StgValue><ssdm name="layer19_out"/></StgValue>
</bind>
</comp>

<comp id="2" class="1000" name="layer20_out">
<pin_list>
<pin id="3" dir="1" index="0" bw="1" slack="0"/>
</pin_list>
<bind>
<StgValue><ssdm name="layer20_out"/></StgValue>
</bind>
</comp>

<comp id="4" class="1001" name="const_4">
<pin_list>
<pin id="5" dir="1" index="0" bw="1" slack="0"/>
</pin_list>
<bind>
<StgValue><ssdm name=""/></StgValue>
</bind>
</comp>

<comp id="6" class="1001" name="const_6">
<pin_list>
<pin id="7" dir="1" index="0" bw="1" slack="2147483647"/>
</pin_list>
<bind>
<StgValue><ssdm name="_ssdm_op_SpecInterface"/></StgValue>
</bind>
</comp>

<comp id="8" class="1001" name="const_8">
<pin_list>
<pin id="9" dir="1" index="0" bw="1" slack="2147483647"/>
</pin_list>
<bind>
<StgValue><ssdm name="empty_13"/></StgValue>
</bind>
</comp>

<comp id="10" class="1001" name="const_10">
<pin_list>
<pin id="11" dir="1" index="0" bw="1" slack="2147483647"/>
</pin_list>
<bind>
<StgValue><ssdm name=""/></StgValue>
</bind>
</comp>

<comp id="12" class="1001" name="const_12">
<pin_list>
<pin id="13" dir="1" index="0" bw="1" slack="2147483647"/>
</pin_list>
<bind>
<StgValue><ssdm name="empty_8"/></StgValue>
</bind>
</comp>

<comp id="14" class="1001" name="const_14">
<pin_list>
<pin id="15" dir="1" index="0" bw="1" slack="2147483647"/>
</pin_list>
<bind>
<StgValue><ssdm name=""/></StgValue>
</bind>
</comp>

<comp id="16" class="1001" name="const_16">
<pin_list>
<pin id="17" dir="1" index="0" bw="1" slack="2147483647"/>
</pin_list>
<bind>
<StgValue><ssdm name="_ssdm_op_SpecResourceLimit"/></StgValue>
</bind>
</comp>

<comp id="18" class="1001" name="const_18">
<pin_list>
<pin id="19" dir="1" index="0" bw="1" slack="2147483647"/>
</pin_list>
<bind>
<StgValue><ssdm name=""/></StgValue>
</bind>
</comp>

<comp id="20" class="1001" name="const_20">
<pin_list>
<pin id="21" dir="1" index="0" bw="1" slack="2147483647"/>
</pin_list>
<bind>
<StgValue><ssdm name="empty_7"/></StgValue>
</bind>
</comp>

<comp id="22" class="1001" name="const_22">
<pin_list>
<pin id="23" dir="1" index="0" bw="1" slack="0"/>
</pin_list>
<bind>
<StgValue><ssdm name=""/></StgValue>
</bind>
</comp>

<comp id="24" class="1001" name="const_24">
<pin_list>
<pin id="25" dir="1" index="0" bw="1" slack="0"/>
</pin_list>
<bind>
<StgValue><ssdm name=""/></StgValue>
</bind>
</comp>

<comp id="26" class="1001" name="const_26">
<pin_list>
<pin id="27" dir="1" index="0" bw="1" slack="0"/>
</pin_list>
<bind>
<StgValue><ssdm name=""/></StgValue>
</bind>
</comp>

<comp id="28" class="1001" name="const_28">
<pin_list>
<pin id="29" dir="1" index="0" bw="1" slack="0"/>
</pin_list>
<bind>
<StgValue><ssdm name="_ssdm_op_Read.ap_fifo.volatile.i96P0A"/></StgValue>
</bind>
</comp>

<comp id="30" class="1001" name="const_30">
<pin_list>
<pin id="31" dir="1" index="0" bw="1" slack="0"/>
</pin_list>
<bind>
<StgValue><ssdm name="_ssdm_op_PartSelect.i12.i96.i32.i32"/></StgValue>
</bind>
</comp>

<comp id="32" class="1001" name="const_32">
<pin_list>
<pin id="33" dir="1" index="0" bw="1" slack="0"/>
</pin_list>
<bind>
<StgValue><ssdm name=""/></StgValue>
</bind>
</comp>

<comp id="34" class="1001" name="const_34">
<pin_list>
<pin id="35" dir="1" index="0" bw="1" slack="0"/>
</pin_list>
<bind>
<StgValue><ssdm name=""/></StgValue>
</bind>
</comp>

<comp id="36" class="1001" name="const_36">
<pin_list>
<pin id="37" dir="1" index="0" bw="1" slack="0"/>
</pin_list>
<bind>
<StgValue><ssdm name=""/></StgValue>
</bind>
</comp>

<comp id="38" class="1001" name="const_38">
<pin_list>
<pin id="39" dir="1" index="0" bw="1" slack="0"/>
</pin_list>
<bind>
<StgValue><ssdm name=""/></StgValue>
</bind>
</comp>

<comp id="40" class="1001" name="const_40">
<pin_list>
<pin id="41" dir="1" index="0" bw="1" slack="0"/>
</pin_list>
<bind>
<StgValue><ssdm name=""/></StgValue>
</bind>
</comp>

<comp id="42" class="1001" name="const_42">
<pin_list>
<pin id="43" dir="1" index="0" bw="1" slack="0"/>
</pin_list>
<bind>
<StgValue><ssdm name=""/></StgValue>
</bind>
</comp>

<comp id="44" class="1001" name="const_44">
<pin_list>
<pin id="45" dir="1" index="0" bw="1" slack="0"/>
</pin_list>
<bind>
<StgValue><ssdm name=""/></StgValue>
</bind>
</comp>

<comp id="46" class="1001" name="const_46">
<pin_list>
<pin id="47" dir="1" index="0" bw="1" slack="0"/>
</pin_list>
<bind>
<StgValue><ssdm name=""/></StgValue>
</bind>
</comp>

<comp id="48" class="1001" name="const_48">
<pin_list>
<pin id="49" dir="1" index="0" bw="1" slack="0"/>
</pin_list>
<bind>
<StgValue><ssdm name=""/></StgValue>
</bind>
</comp>

<comp id="50" class="1001" name="const_50">
<pin_list>
<pin id="51" dir="1" index="0" bw="1" slack="0"/>
</pin_list>
<bind>
<StgValue><ssdm name=""/></StgValue>
</bind>
</comp>

<comp id="52" class="1001" name="const_52">
<pin_list>
<pin id="53" dir="1" index="0" bw="1" slack="0"/>
</pin_list>
<bind>
<StgValue><ssdm name=""/></StgValue>
</bind>
</comp>

<comp id="54" class="1001" name="const_54">
<pin_list>
<pin id="55" dir="1" index="0" bw="1" slack="0"/>
</pin_list>
<bind>
<StgValue><ssdm name=""/></StgValue>
</bind>
</comp>

<comp id="56" class="1001" name="const_56">
<pin_list>
<pin id="57" dir="1" index="0" bw="1" slack="0"/>
</pin_list>
<bind>
<StgValue><ssdm name=""/></StgValue>
</bind>
</comp>

<comp id="58" class="1001" name="const_58">
<pin_list>
<pin id="59" dir="1" index="0" bw="1" slack="0"/>
</pin_list>
<bind>
<StgValue><ssdm name=""/></StgValue>
</bind>
</comp>

<comp id="60" class="1001" name="const_60">
<pin_list>
<pin id="61" dir="1" index="0" bw="1" slack="0"/>
</pin_list>
<bind>
<StgValue><ssdm name="_ssdm_op_BitConcatenate.i17.i12.i5"/></StgValue>
</bind>
</comp>

<comp id="62" class="1001" name="const_62">
<pin_list>
<pin id="63" dir="1" index="0" bw="1" slack="0"/>
</pin_list>
<bind>
<StgValue><ssdm name=""/></StgValue>
</bind>
</comp>

<comp id="64" class="1001" name="const_64">
<pin_list>
<pin id="65" dir="1" index="0" bw="1" slack="0"/>
</pin_list>
<bind>
<StgValue><ssdm name="_ssdm_op_BitConcatenate.i14.i12.i2"/></StgValue>
</bind>
</comp>

<comp id="66" class="1001" name="const_66">
<pin_list>
<pin id="67" dir="1" index="0" bw="1" slack="0"/>
</pin_list>
<bind>
<StgValue><ssdm name=""/></StgValue>
</bind>
</comp>

<comp id="68" class="1001" name="const_68">
<pin_list>
<pin id="69" dir="1" index="0" bw="1" slack="0"/>
</pin_list>
<bind>
<StgValue><ssdm name=""/></StgValue>
</bind>
</comp>

<comp id="70" class="1001" name="const_70">
<pin_list>
<pin id="71" dir="1" index="0" bw="1" slack="0"/>
</pin_list>
<bind>
<StgValue><ssdm name="_ssdm_op_PartSelect.i12.i18.i32.i32"/></StgValue>
</bind>
</comp>

<comp id="72" class="1001" name="const_72">
<pin_list>
<pin id="73" dir="1" index="0" bw="1" slack="0"/>
</pin_list>
<bind>
<StgValue><ssdm name=""/></StgValue>
</bind>
</comp>

<comp id="74" class="1001" name="const_74">
<pin_list>
<pin id="75" dir="1" index="0" bw="1" slack="0"/>
</pin_list>
<bind>
<StgValue><ssdm name=""/></StgValue>
</bind>
</comp>

<comp id="76" class="1001" name="const_76">
<pin_list>
<pin id="77" dir="1" index="0" bw="1" slack="0"/>
</pin_list>
<bind>
<StgValue><ssdm name=""/></StgValue>
</bind>
</comp>

<comp id="78" class="1001" name="const_78">
<pin_list>
<pin id="79" dir="1" index="0" bw="1" slack="0"/>
</pin_list>
<bind>
<StgValue><ssdm name=""/></StgValue>
</bind>
</comp>

<comp id="80" class="1001" name="const_80">
<pin_list>
<pin id="81" dir="1" index="0" bw="1" slack="0"/>
</pin_list>
<bind>
<StgValue><ssdm name="_ssdm_op_BitConcatenate.i18.i12.i6"/></StgValue>
</bind>
</comp>

<comp id="82" class="1001" name="const_82">
<pin_list>
<pin id="83" dir="1" index="0" bw="1" slack="0"/>
</pin_list>
<bind>
<StgValue><ssdm name=""/></StgValue>
</bind>
</comp>

<comp id="84" class="1001" name="const_84">
<pin_list>
<pin id="85" dir="1" index="0" bw="1" slack="0"/>
</pin_list>
<bind>
<StgValue><ssdm name="_ssdm_op_BitConcatenate.i15.i12.i3"/></StgValue>
</bind>
</comp>

<comp id="86" class="1001" name="const_86">
<pin_list>
<pin id="87" dir="1" index="0" bw="1" slack="0"/>
</pin_list>
<bind>
<StgValue><ssdm name=""/></StgValue>
</bind>
</comp>

<comp id="88" class="1001" name="const_88">
<pin_list>
<pin id="89" dir="1" index="0" bw="1" slack="0"/>
</pin_list>
<bind>
<StgValue><ssdm name=""/></StgValue>
</bind>
</comp>

<comp id="90" class="1001" name="const_90">
<pin_list>
<pin id="91" dir="1" index="0" bw="1" slack="0"/>
</pin_list>
<bind>
<StgValue><ssdm name=""/></StgValue>
</bind>
</comp>

<comp id="92" class="1001" name="const_92">
<pin_list>
<pin id="93" dir="1" index="0" bw="1" slack="0"/>
</pin_list>
<bind>
<StgValue><ssdm name=""/></StgValue>
</bind>
</comp>

<comp id="94" class="1001" name="const_94">
<pin_list>
<pin id="95" dir="1" index="0" bw="1" slack="0"/>
</pin_list>
<bind>
<StgValue><ssdm name=""/></StgValue>
</bind>
</comp>

<comp id="96" class="1001" name="const_96">
<pin_list>
<pin id="97" dir="1" index="0" bw="1" slack="2147483647"/>
</pin_list>
<bind>
<StgValue><ssdm name="_ssdm_op_SpecPipeline"/></StgValue>
</bind>
</comp>

<comp id="98" class="1001" name="const_98">
<pin_list>
<pin id="99" dir="1" index="0" bw="1" slack="2147483647"/>
</pin_list>
<bind>
<StgValue><ssdm name=""/></StgValue>
</bind>
</comp>

<comp id="100" class="1001" name="const_100">
<pin_list>
<pin id="101" dir="1" index="0" bw="1" slack="2147483647"/>
</pin_list>
<bind>
<StgValue><ssdm name="_ssdm_op_SpecLoopTripCount"/></StgValue>
</bind>
</comp>

<comp id="102" class="1001" name="const_102">
<pin_list>
<pin id="103" dir="1" index="0" bw="1" slack="2147483647"/>
</pin_list>
<bind>
<StgValue><ssdm name=""/></StgValue>
</bind>
</comp>

<comp id="104" class="1001" name="const_104">
<pin_list>
<pin id="105" dir="1" index="0" bw="1" slack="2147483647"/>
</pin_list>
<bind>
<StgValue><ssdm name="_ssdm_op_SpecLoopName"/></StgValue>
</bind>
</comp>

<comp id="106" class="1001" name="const_106">
<pin_list>
<pin id="107" dir="1" index="0" bw="1" slack="2147483647"/>
</pin_list>
<bind>
<StgValue><ssdm name="empty_5"/></StgValue>
</bind>
</comp>

<comp id="108" class="1001" name="const_108">
<pin_list>
<pin id="109" dir="1" index="0" bw="1" slack="0"/>
</pin_list>
<bind>
<StgValue><ssdm name=""/></StgValue>
</bind>
</comp>

<comp id="110" class="1001" name="const_110">
<pin_list>
<pin id="111" dir="1" index="0" bw="1" slack="0"/>
</pin_list>
<bind>
<StgValue><ssdm name=""/></StgValue>
</bind>
</comp>

<comp id="112" class="1001" name="const_112">
<pin_list>
<pin id="113" dir="1" index="0" bw="1" slack="0"/>
</pin_list>
<bind>
<StgValue><ssdm name=""/></StgValue>
</bind>
</comp>

<comp id="114" class="1001" name="const_114">
<pin_list>
<pin id="115" dir="1" index="0" bw="1" slack="0"/>
</pin_list>
<bind>
<StgValue><ssdm name="_ssdm_op_BitConcatenate.i16.i12.i4"/></StgValue>
</bind>
</comp>

<comp id="116" class="1001" name="const_116">
<pin_list>
<pin id="117" dir="1" index="0" bw="1" slack="0"/>
</pin_list>
<bind>
<StgValue><ssdm name=""/></StgValue>
</bind>
</comp>

<comp id="118" class="1001" name="const_118">
<pin_list>
<pin id="119" dir="1" index="0" bw="1" slack="0"/>
</pin_list>
<bind>
<StgValue><ssdm name=""/></StgValue>
</bind>
</comp>

<comp id="120" class="1001" name="const_120">
<pin_list>
<pin id="121" dir="1" index="0" bw="1" slack="0"/>
</pin_list>
<bind>
<StgValue><ssdm name=""/></StgValue>
</bind>
</comp>

<comp id="122" class="1001" name="const_122">
<pin_list>
<pin id="123" dir="1" index="0" bw="1" slack="0"/>
</pin_list>
<bind>
<StgValue><ssdm name=""/></StgValue>
</bind>
</comp>

<comp id="124" class="1001" name="const_124">
<pin_list>
<pin id="125" dir="1" index="0" bw="1" slack="0"/>
</pin_list>
<bind>
<StgValue><ssdm name="_ssdm_op_BitConcatenate.i96.i12.i12.i12.i12.i12.i12.i12.i12"/></StgValue>
</bind>
</comp>

<comp id="126" class="1001" name="const_126">
<pin_list>
<pin id="127" dir="1" index="0" bw="1" slack="0"/>
</pin_list>
<bind>
<StgValue><ssdm name="_ssdm_op_Write.ap_fifo.volatile.i96P0A"/></StgValue>
</bind>
</comp>

<comp id="128" class="1004" name="i_02_fu_128">
<pin_list>
<pin id="129" dir="0" index="0" bw="1" slack="0"/>
<pin id="130" dir="1" index="1" bw="11" slack="0"/>
</pin_list>
<bind>
<opcode="alloca(26) " fcode="alloca"/>
<opset="i_02/1 "/>
</bind>
</comp>

<comp id="132" class="1004" name="layer19_out_read_read_fu_132">
<pin_list>
<pin id="133" dir="0" index="0" bw="96" slack="0"/>
<pin id="134" dir="0" index="1" bw="96" slack="0"/>
<pin id="135" dir="1" index="2" bw="96" slack="0"/>
</pin_list>
<bind>
<opcode="read(1150) " fcode="read"/>
<opset="layer19_out_read/2 "/>
</bind>
</comp>

<comp id="138" class="1004" name="write_ln46_write_fu_138">
<pin_list>
<pin id="139" dir="0" index="0" bw="0" slack="0"/>
<pin id="140" dir="0" index="1" bw="96" slack="0"/>
<pin id="141" dir="0" index="2" bw="96" slack="0"/>
<pin id="142" dir="1" index="3" bw="0" slack="2147483647"/>
</pin_list>
<bind>
<opcode="write(1151) " fcode="write"/>
<opset="write_ln46/4 "/>
</bind>
</comp>

<comp id="148" class="1004" name="mul_ln42_4_fu_148">
<pin_list>
<pin id="10913" dir="0" index="0" bw="12" slack="0"/>
<pin id="10914" dir="0" index="1" bw="8" slack="0"/>
<pin id="10915" dir="1" index="2" bw="18" slack="1"/>
</pin_list>
<bind>
<opcode="mul(12) " fcode="mul"/>
<opset="mul_ln42_4/3 "/>
</bind>
</comp>

<comp id="258" class="1004" name="mul_ln42_1_fu_258">
<pin_list>
<pin id="10901" dir="0" index="0" bw="12" slack="0"/>
<pin id="10902" dir="0" index="1" bw="8" slack="0"/>
<pin id="10903" dir="1" index="2" bw="18" slack="1"/>
</pin_list>
<bind>
<opcode="mul(12) " fcode="mul"/>
<opset="mul_ln42_1/3 "/>
</bind>
</comp>

<comp id="359" class="1004" name="mul_ln42_2_fu_359">
<pin_list>
<pin id="10905" dir="0" index="0" bw="12" slack="0"/>
<pin id="10906" dir="0" index="1" bw="7" slack="0"/>
<pin id="10907" dir="1" index="2" bw="18" slack="1"/>
</pin_list>
<bind>
<opcode="mul(12) " fcode="mul"/>
<opset="mul_ln42_2/3 "/>
</bind>
</comp>

<comp id="512" class="1004" name="mul_ln42_fu_512">
<pin_list>
<pin id="10897" dir="0" index="0" bw="12" slack="0"/>
<pin id="10898" dir="0" index="1" bw="8" slack="0"/>
<pin id="10899" dir="1" index="2" bw="18" slack="1"/>
</pin_list>
<bind>
<opcode="mul(12) " fcode="mul"/>
<opset="mul_ln42/3 "/>
</bind>
</comp>

<comp id="524" class="1004" name="mul_ln42_3_fu_524">
<pin_list>
<pin id="10909" dir="0" index="0" bw="12" slack="0"/>
<pin id="10910" dir="0" index="1" bw="7" slack="0"/>
<pin id="10911" dir="1" index="2" bw="18" slack="1"/>
</pin_list>
<bind>
<opcode="mul(12) " fcode="mul"/>
<opset="mul_ln42_3/3 "/>
</bind>
</comp>

<comp id="10917" class="1005" name="mul_ln42_reg_10917">
<pin_list>
<pin id="10918" dir="0" index="0" bw="18" slack="1"/>
<pin id="10919" dir="1" index="1" bw="18" slack="1"/>
</pin_list>
<bind>
<opset="mul_ln42 "/>
</bind>
</comp>

<comp id="10921" class="1005" name="mul_ln42_1_reg_10921">
<pin_list>
<pin id="10922" dir="0" index="0" bw="18" slack="1"/>
<pin id="10923" dir="1" index="1" bw="18" slack="1"/>
</pin_list>
<bind>
<opset="mul_ln42_1 "/>
</bind>
</comp>

<comp id="10925" class="1005" name="mul_ln42_2_reg_10925">
<pin_list>
<pin id="10926" dir="0" index="0" bw="18" slack="1"/>
<pin id="10927" dir="1" index="1" bw="18" slack="1"/>
</pin_list>
<bind>
<opset="mul_ln42_2 "/>
</bind>
</comp>

<comp id="10929" class="1005" name="mul_ln42_3_reg_10929">
<pin_list>
<pin id="10930" dir="0" index="0" bw="18" slack="1"/>
<pin id="10931" dir="1" index="1" bw="18" slack="1"/>
</pin_list>
<bind>
<opset="mul_ln42_3 "/>
</bind>
</comp>

<comp id="10933" class="1005" name="mul_ln42_4_reg_10933">
<pin_list>
<pin id="10934" dir="0" index="0" bw="18" slack="1"/>
<pin id="10935" dir="1" index="1" bw="18" slack="1"/>
</pin_list>
<bind>
<opset="mul_ln42_4 "/>
</bind>
</comp>

<comp id="10938" class="1004" name="store_ln25_store_fu_10938">
<pin_list>
<pin id="10939" dir="0" index="0" bw="1" slack="0"/>
<pin id="10940" dir="0" index="1" bw="11" slack="0"/>
<pin id="10941" dir="1" index="2" bw="0" slack="2147483647"/>
</pin_list>
<bind>
<opcode="store(28) " fcode="store"/>
<opset="store_ln25/1 "/>
</bind>
</comp>

<comp id="10943" class="1004" name="i_load_fu_10943">
<pin_list>
<pin id="10944" dir="0" index="0" bw="11" slack="0"/>
<pin id="10945" dir="1" index="1" bw="11" slack="0"/>
</pin_list>
<bind>
<opcode="load(27) " fcode="load"/>
<opset="i/1 "/>
</bind>
</comp>

<comp id="10946" class="1004" name="icmp_ln25_fu_10946">
<pin_list>
<pin id="10947" dir="0" index="0" bw="11" slack="0"/>
<pin id="10948" dir="0" index="1" bw="11" slack="0"/>
<pin id="10949" dir="1" index="2" bw="1" slack="2147483647"/>
</pin_list>
<bind>
<opcode="icmp(45) " fcode="icmp"/>
<opset="icmp_ln25/1 "/>
</bind>
</comp>

<comp id="10952" class="1004" name="i_17_fu_10952">
<pin_list>
<pin id="10953" dir="0" index="0" bw="11" slack="0"/>
<pin id="10954" dir="0" index="1" bw="1" slack="0"/>
<pin id="10955" dir="1" index="2" bw="11" slack="0"/>
</pin_list>
<bind>
<opcode="add(8) " fcode="add"/>
<opset="i_17/1 "/>
</bind>
</comp>

<comp id="10958" class="1004" name="store_ln25_store_fu_10958">
<pin_list>
<pin id="10959" dir="0" index="0" bw="11" slack="0"/>
<pin id="10960" dir="0" index="1" bw="11" slack="0"/>
<pin id="10961" dir="1" index="2" bw="0" slack="2147483647"/>
</pin_list>
<bind>
<opcode="store(28) " fcode="store"/>
<opset="store_ln25/1 "/>
</bind>
</comp>

<comp id="10963" class="1004" name="a_fu_10963">
<pin_list>
<pin id="10964" dir="0" index="0" bw="12" slack="0"/>
<pin id="10965" dir="0" index="1" bw="96" slack="0"/>
<pin id="10966" dir="0" index="2" bw="5" slack="0"/>
<pin id="10967" dir="0" index="3" bw="6" slack="0"/>
<pin id="10968" dir="1" index="4" bw="12" slack="1"/>
</pin_list>
<bind>
<opcode="partselect(1002) " fcode="partselect"/>
<opset="a/2 "/>
</bind>
</comp>

<comp id="10973" class="1004" name="a_1_fu_10973">
<pin_list>
<pin id="10974" dir="0" index="0" bw="12" slack="0"/>
<pin id="10975" dir="0" index="1" bw="96" slack="0"/>
<pin id="10976" dir="0" index="2" bw="6" slack="0"/>
<pin id="10977" dir="0" index="3" bw="7" slack="0"/>
<pin id="10978" dir="1" index="4" bw="12" slack="1"/>
</pin_list>
<bind>
<opcode="partselect(1002) " fcode="partselect"/>
<opset="a_1/2 "/>
</bind>
</comp>

<comp id="10983" class="1004" name="a_2_fu_10983">
<pin_list>
<pin id="10984" dir="0" index="0" bw="12" slack="0"/>
<pin id="10985" dir="0" index="1" bw="96" slack="0"/>
<pin id="10986" dir="0" index="2" bw="7" slack="0"/>
<pin id="10987" dir="0" index="3" bw="7" slack="0"/>
<pin id="10988" dir="1" index="4" bw="12" slack="1"/>
</pin_list>
<bind>
<opcode="partselect(1002) " fcode="partselect"/>
<opset="a_2/2 "/>
</bind>
</comp>

<comp id="10993" class="1004" name="a_3_fu_10993">
<pin_list>
<pin id="10994" dir="0" index="0" bw="12" slack="0"/>
<pin id="10995" dir="0" index="1" bw="96" slack="0"/>
<pin id="10996" dir="0" index="2" bw="8" slack="0"/>
<pin id="10997" dir="0" index="3" bw="8" slack="0"/>
<pin id="10998" dir="1" index="4" bw="12" slack="1"/>
</pin_list>
<bind>
<opcode="partselect(1002) " fcode="partselect"/>
<opset="a_3/2 "/>
</bind>
</comp>

<comp id="11003" class="1004" name="a_4_fu_11003">
<pin_list>
<pin id="11004" dir="0" index="0" bw="12" slack="0"/>
<pin id="11005" dir="0" index="1" bw="96" slack="0"/>
<pin id="11006" dir="0" index="2" bw="8" slack="0"/>
<pin id="11007" dir="0" index="3" bw="8" slack="0"/>
<pin id="11008" dir="1" index="4" bw="12" slack="1"/>
</pin_list>
<bind>
<opcode="partselect(1002) " fcode="partselect"/>
<opset="a_4/2 "/>
</bind>
</comp>

<comp id="11013" class="1004" name="trunc_ln73_fu_11013">
<pin_list>
<pin id="11014" dir="0" index="0" bw="96" slack="0"/>
<pin id="11015" dir="1" index="1" bw="12" slack="1"/>
</pin_list>
<bind>
<opcode="trunc(33) " fcode="trunc"/>
<opset="trunc_ln73/2 "/>
</bind>
</comp>

<comp id="11017" class="1004" name="tmp_2_fu_11017">
<pin_list>
<pin id="11018" dir="0" index="0" bw="12" slack="0"/>
<pin id="11019" dir="0" index="1" bw="96" slack="0"/>
<pin id="11020" dir="0" index="2" bw="7" slack="0"/>
<pin id="11021" dir="0" index="3" bw="7" slack="0"/>
<pin id="11022" dir="1" index="4" bw="12" slack="1"/>
</pin_list>
<bind>
<opcode="partselect(1002) " fcode="partselect"/>
<opset="tmp_2/2 "/>
</bind>
</comp>

<comp id="11027" class="1004" name="tmp_4_fu_11027">
<pin_list>
<pin id="11028" dir="0" index="0" bw="12" slack="0"/>
<pin id="11029" dir="0" index="1" bw="96" slack="0"/>
<pin id="11030" dir="0" index="2" bw="7" slack="0"/>
<pin id="11031" dir="0" index="3" bw="8" slack="0"/>
<pin id="11032" dir="1" index="4" bw="12" slack="2"/>
</pin_list>
<bind>
<opcode="partselect(1002) " fcode="partselect"/>
<opset="tmp_4/2 "/>
</bind>
</comp>

<comp id="11037" class="1004" name="shl_ln_fu_11037">
<pin_list>
<pin id="11038" dir="0" index="0" bw="17" slack="0"/>
<pin id="11039" dir="0" index="1" bw="12" slack="1"/>
<pin id="11040" dir="0" index="2" bw="1" slack="0"/>
<pin id="11041" dir="1" index="3" bw="17" slack="0"/>
</pin_list>
<bind>
<opcode="bitconcatenate(1004) " fcode="bitconcatenate"/>
<opset="shl_ln/3 "/>
</bind>
</comp>

<comp id="11044" class="1004" name="sext_ln73_fu_11044">
<pin_list>
<pin id="11045" dir="0" index="0" bw="17" slack="0"/>
<pin id="11046" dir="1" index="1" bw="18" slack="0"/>
</pin_list>
<bind>
<opcode="sext(35) " fcode="sext"/>
<opset="sext_ln73/3 "/>
</bind>
</comp>

<comp id="11048" class="1004" name="shl_ln73_1_fu_11048">
<pin_list>
<pin id="11049" dir="0" index="0" bw="14" slack="0"/>
<pin id="11050" dir="0" index="1" bw="12" slack="1"/>
<pin id="11051" dir="0" index="2" bw="1" slack="0"/>
<pin id="11052" dir="1" index="3" bw="14" slack="0"/>
</pin_list>
<bind>
<opcode="bitconcatenate(1004) " fcode="bitconcatenate"/>
<opset="shl_ln73_1/3 "/>
</bind>
</comp>

<comp id="11055" class="1004" name="sext_ln42_5_fu_11055">
<pin_list>
<pin id="11056" dir="0" index="0" bw="14" slack="0"/>
<pin id="11057" dir="1" index="1" bw="15" slack="0"/>
</pin_list>
<bind>
<opcode="sext(35) " fcode="sext"/>
<opset="sext_ln42_5/3 "/>
</bind>
</comp>

<comp id="11059" class="1004" name="add_ln42_8_fu_11059">
<pin_list>
<pin id="11060" dir="0" index="0" bw="14" slack="0"/>
<pin id="11061" dir="0" index="1" bw="13" slack="0"/>
<pin id="11062" dir="1" index="2" bw="15" slack="0"/>
</pin_list>
<bind>
<opcode="add(8) " fcode="add"/>
<opset="add_ln42_8/3 "/>
</bind>
</comp>

<comp id="11065" class="1004" name="sext_ln42_6_fu_11065">
<pin_list>
<pin id="11066" dir="0" index="0" bw="15" slack="0"/>
<pin id="11067" dir="1" index="1" bw="18" slack="0"/>
</pin_list>
<bind>
<opcode="sext(35) " fcode="sext"/>
<opset="sext_ln42_6/3 "/>
</bind>
</comp>

<comp id="11069" class="1004" name="add_ln42_fu_11069">
<pin_list>
<pin id="11070" dir="0" index="0" bw="15" slack="0"/>
<pin id="11071" dir="0" index="1" bw="17" slack="0"/>
<pin id="11072" dir="1" index="2" bw="18" slack="0"/>
</pin_list>
<bind>
<opcode="add(8) " fcode="add"/>
<opset="add_ln42/3 "/>
</bind>
</comp>

<comp id="11075" class="1004" name="trunc_ln_fu_11075">
<pin_list>
<pin id="11076" dir="0" index="0" bw="12" slack="0"/>
<pin id="11077" dir="0" index="1" bw="18" slack="0"/>
<pin id="11078" dir="0" index="2" bw="4" slack="0"/>
<pin id="11079" dir="0" index="3" bw="6" slack="0"/>
<pin id="11080" dir="1" index="4" bw="12" slack="1"/>
</pin_list>
<bind>
<opcode="partselect(1002) " fcode="partselect"/>
<opset="trunc_ln/3 "/>
</bind>
</comp>

<comp id="11085" class="1004" name="sext_ln42_fu_11085">
<pin_list>
<pin id="11086" dir="0" index="0" bw="12" slack="1"/>
<pin id="11087" dir="1" index="1" bw="18" slack="0"/>
</pin_list>
<bind>
<opcode="sext(35) " fcode="sext"/>
<opset="sext_ln42/3 "/>
</bind>
</comp>

<comp id="11089" class="1004" name="sext_ln42_1_fu_11089">
<pin_list>
<pin id="11090" dir="0" index="0" bw="12" slack="1"/>
<pin id="11091" dir="1" index="1" bw="18" slack="0"/>
</pin_list>
<bind>
<opcode="sext(35) " fcode="sext"/>
<opset="sext_ln42_1/3 "/>
</bind>
</comp>

<comp id="11093" class="1004" name="and_ln_fu_11093">
<pin_list>
<pin id="11094" dir="0" index="0" bw="18" slack="0"/>
<pin id="11095" dir="0" index="1" bw="12" slack="1"/>
<pin id="11096" dir="0" index="2" bw="1" slack="0"/>
<pin id="11097" dir="1" index="3" bw="18" slack="0"/>
</pin_list>
<bind>
<opcode="bitconcatenate(1004) " fcode="bitconcatenate"/>
<opset="and_ln/3 "/>
</bind>
</comp>

<comp id="11100" class="1004" name="and_ln73_1_fu_11100">
<pin_list>
<pin id="11101" dir="0" index="0" bw="15" slack="0"/>
<pin id="11102" dir="0" index="1" bw="12" slack="1"/>
<pin id="11103" dir="0" index="2" bw="1" slack="0"/>
<pin id="11104" dir="1" index="3" bw="15" slack="0"/>
</pin_list>
<bind>
<opcode="bitconcatenate(1004) " fcode="bitconcatenate"/>
<opset="and_ln73_1/3 "/>
</bind>
</comp>

<comp id="11107" class="1004" name="sext_ln42_7_fu_11107">
<pin_list>
<pin id="11108" dir="0" index="0" bw="15" slack="0"/>
<pin id="11109" dir="1" index="1" bw="16" slack="0"/>
</pin_list>
<bind>
<opcode="sext(35) " fcode="sext"/>
<opset="sext_ln42_7/3 "/>
</bind>
</comp>

<comp id="11111" class="1004" name="add_ln42_9_fu_11111">
<pin_list>
<pin id="11112" dir="0" index="0" bw="15" slack="0"/>
<pin id="11113" dir="0" index="1" bw="15" slack="0"/>
<pin id="11114" dir="1" index="2" bw="16" slack="0"/>
</pin_list>
<bind>
<opcode="add(8) " fcode="add"/>
<opset="add_ln42_9/3 "/>
</bind>
</comp>

<comp id="11117" class="1004" name="sext_ln42_8_fu_11117">
<pin_list>
<pin id="11118" dir="0" index="0" bw="16" slack="0"/>
<pin id="11119" dir="1" index="1" bw="18" slack="0"/>
</pin_list>
<bind>
<opcode="sext(35) " fcode="sext"/>
<opset="sext_ln42_8/3 "/>
</bind>
</comp>

<comp id="11121" class="1004" name="add_ln42_3_fu_11121">
<pin_list>
<pin id="11122" dir="0" index="0" bw="16" slack="0"/>
<pin id="11123" dir="0" index="1" bw="18" slack="0"/>
<pin id="11124" dir="1" index="2" bw="18" slack="0"/>
</pin_list>
<bind>
<opcode="add(8) " fcode="add"/>
<opset="add_ln42_3/3 "/>
</bind>
</comp>

<comp id="11127" class="1004" name="trunc_ln41_3_fu_11127">
<pin_list>
<pin id="11128" dir="0" index="0" bw="12" slack="0"/>
<pin id="11129" dir="0" index="1" bw="18" slack="0"/>
<pin id="11130" dir="0" index="2" bw="4" slack="0"/>
<pin id="11131" dir="0" index="3" bw="6" slack="0"/>
<pin id="11132" dir="1" index="4" bw="12" slack="1"/>
</pin_list>
<bind>
<opcode="partselect(1002) " fcode="partselect"/>
<opset="trunc_ln41_3/3 "/>
</bind>
</comp>

<comp id="11137" class="1004" name="sext_ln42_2_fu_11137">
<pin_list>
<pin id="11138" dir="0" index="0" bw="12" slack="1"/>
<pin id="11139" dir="1" index="1" bw="18" slack="0"/>
</pin_list>
<bind>
<opcode="sext(35) " fcode="sext"/>
<opset="sext_ln42_2/3 "/>
</bind>
</comp>

<comp id="11141" class="1004" name="sext_ln42_3_fu_11141">
<pin_list>
<pin id="11142" dir="0" index="0" bw="12" slack="1"/>
<pin id="11143" dir="1" index="1" bw="18" slack="0"/>
</pin_list>
<bind>
<opcode="sext(35) " fcode="sext"/>
<opset="sext_ln42_3/3 "/>
</bind>
</comp>

<comp id="11145" class="1004" name="sext_ln42_4_fu_11145">
<pin_list>
<pin id="11146" dir="0" index="0" bw="12" slack="1"/>
<pin id="11147" dir="1" index="1" bw="18" slack="0"/>
</pin_list>
<bind>
<opcode="sext(35) " fcode="sext"/>
<opset="sext_ln42_4/3 "/>
</bind>
</comp>

<comp id="11149" class="1004" name="add_ln42_1_fu_11149">
<pin_list>
<pin id="11150" dir="0" index="0" bw="18" slack="1"/>
<pin id="11151" dir="0" index="1" bw="15" slack="0"/>
<pin id="11152" dir="1" index="2" bw="18" slack="0"/>
</pin_list>
<bind>
<opcode="add(8) " fcode="add"/>
<opset="add_ln42_1/4 "/>
</bind>
</comp>

<comp id="11155" class="1004" name="trunc_ln41_1_fu_11155">
<pin_list>
<pin id="11156" dir="0" index="0" bw="12" slack="0"/>
<pin id="11157" dir="0" index="1" bw="18" slack="0"/>
<pin id="11158" dir="0" index="2" bw="4" slack="0"/>
<pin id="11159" dir="0" index="3" bw="6" slack="0"/>
<pin id="11160" dir="1" index="4" bw="12" slack="0"/>
</pin_list>
<bind>
<opcode="partselect(1002) " fcode="partselect"/>
<opset="trunc_ln41_1/4 "/>
</bind>
</comp>

<comp id="11165" class="1004" name="add_ln42_2_fu_11165">
<pin_list>
<pin id="11166" dir="0" index="0" bw="18" slack="1"/>
<pin id="11167" dir="0" index="1" bw="14" slack="0"/>
<pin id="11168" dir="1" index="2" bw="18" slack="0"/>
</pin_list>
<bind>
<opcode="add(8) " fcode="add"/>
<opset="add_ln42_2/4 "/>
</bind>
</comp>

<comp id="11171" class="1004" name="trunc_ln41_2_fu_11171">
<pin_list>
<pin id="11172" dir="0" index="0" bw="12" slack="0"/>
<pin id="11173" dir="0" index="1" bw="18" slack="0"/>
<pin id="11174" dir="0" index="2" bw="4" slack="0"/>
<pin id="11175" dir="0" index="3" bw="6" slack="0"/>
<pin id="11176" dir="1" index="4" bw="12" slack="0"/>
</pin_list>
<bind>
<opcode="partselect(1002) " fcode="partselect"/>
<opset="trunc_ln41_2/4 "/>
</bind>
</comp>

<comp id="11181" class="1004" name="add_ln42_4_fu_11181">
<pin_list>
<pin id="11182" dir="0" index="0" bw="18" slack="1"/>
<pin id="11183" dir="0" index="1" bw="14" slack="0"/>
<pin id="11184" dir="1" index="2" bw="18" slack="0"/>
</pin_list>
<bind>
<opcode="add(8) " fcode="add"/>
<opset="add_ln42_4/4 "/>
</bind>
</comp>

<comp id="11187" class="1004" name="trunc_ln41_4_fu_11187">
<pin_list>
<pin id="11188" dir="0" index="0" bw="12" slack="0"/>
<pin id="11189" dir="0" index="1" bw="18" slack="0"/>
<pin id="11190" dir="0" index="2" bw="4" slack="0"/>
<pin id="11191" dir="0" index="3" bw="6" slack="0"/>
<pin id="11192" dir="1" index="4" bw="12" slack="0"/>
</pin_list>
<bind>
<opcode="partselect(1002) " fcode="partselect"/>
<opset="trunc_ln41_4/4 "/>
</bind>
</comp>

<comp id="11197" class="1004" name="and_ln73_2_fu_11197">
<pin_list>
<pin id="11198" dir="0" index="0" bw="18" slack="0"/>
<pin id="11199" dir="0" index="1" bw="12" slack="2"/>
<pin id="11200" dir="0" index="2" bw="1" slack="0"/>
<pin id="11201" dir="1" index="3" bw="18" slack="0"/>
</pin_list>
<bind>
<opcode="bitconcatenate(1004) " fcode="bitconcatenate"/>
<opset="and_ln73_2/4 "/>
</bind>
</comp>

<comp id="11204" class="1004" name="and_ln73_3_fu_11204">
<pin_list>
<pin id="11205" dir="0" index="0" bw="16" slack="0"/>
<pin id="11206" dir="0" index="1" bw="12" slack="2"/>
<pin id="11207" dir="0" index="2" bw="1" slack="0"/>
<pin id="11208" dir="1" index="3" bw="16" slack="0"/>
</pin_list>
<bind>
<opcode="bitconcatenate(1004) " fcode="bitconcatenate"/>
<opset="and_ln73_3/4 "/>
</bind>
</comp>

<comp id="11211" class="1004" name="sext_ln73_1_fu_11211">
<pin_list>
<pin id="11212" dir="0" index="0" bw="16" slack="0"/>
<pin id="11213" dir="1" index="1" bw="18" slack="0"/>
</pin_list>
<bind>
<opcode="sext(35) " fcode="sext"/>
<opset="sext_ln73_1/4 "/>
</bind>
</comp>

<comp id="11215" class="1004" name="sub_ln73_fu_11215">
<pin_list>
<pin id="11216" dir="0" index="0" bw="18" slack="0"/>
<pin id="11217" dir="0" index="1" bw="16" slack="0"/>
<pin id="11218" dir="1" index="2" bw="18" slack="0"/>
</pin_list>
<bind>
<opcode="sub(10) " fcode="sub"/>
<opset="sub_ln73/4 "/>
</bind>
</comp>

<comp id="11221" class="1004" name="add_ln42_5_fu_11221">
<pin_list>
<pin id="11222" dir="0" index="0" bw="18" slack="0"/>
<pin id="11223" dir="0" index="1" bw="15" slack="0"/>
<pin id="11224" dir="1" index="2" bw="18" slack="0"/>
</pin_list>
<bind>
<opcode="add(8) " fcode="add"/>
<opset="add_ln42_5/4 "/>
</bind>
</comp>

<comp id="11227" class="1004" name="trunc_ln41_5_fu_11227">
<pin_list>
<pin id="11228" dir="0" index="0" bw="12" slack="0"/>
<pin id="11229" dir="0" index="1" bw="18" slack="0"/>
<pin id="11230" dir="0" index="2" bw="4" slack="0"/>
<pin id="11231" dir="0" index="3" bw="6" slack="0"/>
<pin id="11232" dir="1" index="4" bw="12" slack="0"/>
</pin_list>
<bind>
<opcode="partselect(1002) " fcode="partselect"/>
<opset="trunc_ln41_5/4 "/>
</bind>
</comp>

<comp id="11237" class="1004" name="add_ln42_6_fu_11237">
<pin_list>
<pin id="11238" dir="0" index="0" bw="18" slack="1"/>
<pin id="11239" dir="0" index="1" bw="11" slack="0"/>
<pin id="11240" dir="1" index="2" bw="18" slack="0"/>
</pin_list>
<bind>
<opcode="add(8) " fcode="add"/>
<opset="add_ln42_6/4 "/>
</bind>
</comp>

<comp id="11243" class="1004" name="trunc_ln41_6_fu_11243">
<pin_list>
<pin id="11244" dir="0" index="0" bw="12" slack="0"/>
<pin id="11245" dir="0" index="1" bw="18" slack="0"/>
<pin id="11246" dir="0" index="2" bw="4" slack="0"/>
<pin id="11247" dir="0" index="3" bw="6" slack="0"/>
<pin id="11248" dir="1" index="4" bw="12" slack="0"/>
</pin_list>
<bind>
<opcode="partselect(1002) " fcode="partselect"/>
<opset="trunc_ln41_6/4 "/>
</bind>
</comp>

<comp id="11253" class="1004" name="add_ln42_7_fu_11253">
<pin_list>
<pin id="11254" dir="0" index="0" bw="18" slack="1"/>
<pin id="11255" dir="0" index="1" bw="15" slack="0"/>
<pin id="11256" dir="1" index="2" bw="18" slack="0"/>
</pin_list>
<bind>
<opcode="add(8) " fcode="add"/>
<opset="add_ln42_7/4 "/>
</bind>
</comp>

<comp id="11259" class="1004" name="trunc_ln41_7_fu_11259">
<pin_list>
<pin id="11260" dir="0" index="0" bw="12" slack="0"/>
<pin id="11261" dir="0" index="1" bw="18" slack="0"/>
<pin id="11262" dir="0" index="2" bw="4" slack="0"/>
<pin id="11263" dir="0" index="3" bw="6" slack="0"/>
<pin id="11264" dir="1" index="4" bw="12" slack="0"/>
</pin_list>
<bind>
<opcode="partselect(1002) " fcode="partselect"/>
<opset="trunc_ln41_7/4 "/>
</bind>
</comp>

<comp id="11269" class="1004" name="or_ln46_s_fu_11269">
<pin_list>
<pin id="11270" dir="0" index="0" bw="96" slack="0"/>
<pin id="11271" dir="0" index="1" bw="12" slack="0"/>
<pin id="11272" dir="0" index="2" bw="12" slack="0"/>
<pin id="11273" dir="0" index="3" bw="12" slack="0"/>
<pin id="11274" dir="0" index="4" bw="12" slack="0"/>
<pin id="11275" dir="0" index="5" bw="12" slack="1"/>
<pin id="11276" dir="0" index="6" bw="12" slack="0"/>
<pin id="11277" dir="0" index="7" bw="12" slack="0"/>
<pin id="11278" dir="0" index="8" bw="12" slack="1"/>
<pin id="11279" dir="1" index="9" bw="96" slack="0"/>
</pin_list>
<bind>
<opcode="bitconcatenate(1004) " fcode="bitconcatenate"/>
<opset="or_ln46_s/4 "/>
</bind>
</comp>

<comp id="11288" class="1005" name="i_02_reg_11288">
<pin_list>
<pin id="11289" dir="0" index="0" bw="11" slack="0"/>
<pin id="11290" dir="1" index="1" bw="11" slack="0"/>
</pin_list>
<bind>
<opset="i_02 "/>
</bind>
</comp>

<comp id="11298" class="1005" name="a_reg_11298">
<pin_list>
<pin id="11299" dir="0" index="0" bw="12" slack="1"/>
<pin id="11300" dir="1" index="1" bw="12" slack="1"/>
</pin_list>
<bind>
<opset="a "/>
</bind>
</comp>

<comp id="11303" class="1005" name="a_1_reg_11303">
<pin_list>
<pin id="11304" dir="0" index="0" bw="12" slack="1"/>
<pin id="11305" dir="1" index="1" bw="12" slack="1"/>
</pin_list>
<bind>
<opset="a_1 "/>
</bind>
</comp>

<comp id="11308" class="1005" name="a_2_reg_11308">
<pin_list>
<pin id="11309" dir="0" index="0" bw="12" slack="1"/>
<pin id="11310" dir="1" index="1" bw="12" slack="1"/>
</pin_list>
<bind>
<opset="a_2 "/>
</bind>
</comp>

<comp id="11313" class="1005" name="a_3_reg_11313">
<pin_list>
<pin id="11314" dir="0" index="0" bw="12" slack="1"/>
<pin id="11315" dir="1" index="1" bw="12" slack="1"/>
</pin_list>
<bind>
<opset="a_3 "/>
</bind>
</comp>

<comp id="11318" class="1005" name="a_4_reg_11318">
<pin_list>
<pin id="11319" dir="0" index="0" bw="12" slack="1"/>
<pin id="11320" dir="1" index="1" bw="12" slack="1"/>
</pin_list>
<bind>
<opset="a_4 "/>
</bind>
</comp>

<comp id="11323" class="1005" name="trunc_ln73_reg_11323">
<pin_list>
<pin id="11324" dir="0" index="0" bw="12" slack="1"/>
<pin id="11325" dir="1" index="1" bw="12" slack="1"/>
</pin_list>
<bind>
<opset="trunc_ln73 "/>
</bind>
</comp>

<comp id="11329" class="1005" name="tmp_2_reg_11329">
<pin_list>
<pin id="11330" dir="0" index="0" bw="12" slack="1"/>
<pin id="11331" dir="1" index="1" bw="12" slack="1"/>
</pin_list>
<bind>
<opset="tmp_2 "/>
</bind>
</comp>

<comp id="11335" class="1005" name="tmp_4_reg_11335">
<pin_list>
<pin id="11336" dir="0" index="0" bw="12" slack="2"/>
<pin id="11337" dir="1" index="1" bw="12" slack="2"/>
</pin_list>
<bind>
<opset="tmp_4 "/>
</bind>
</comp>

<comp id="11341" class="1005" name="trunc_ln_reg_11341">
<pin_list>
<pin id="11342" dir="0" index="0" bw="12" slack="1"/>
<pin id="11343" dir="1" index="1" bw="12" slack="1"/>
</pin_list>
<bind>
<opset="trunc_ln "/>
</bind>
</comp>

<comp id="11346" class="1005" name="trunc_ln41_3_reg_11346">
<pin_list>
<pin id="11347" dir="0" index="0" bw="12" slack="1"/>
<pin id="11348" dir="1" index="1" bw="12" slack="1"/>
</pin_list>
<bind>
<opset="trunc_ln41_3 "/>
</bind>
</comp>

</comp_list>

<net_list>
<net id="131"><net_src comp="4" pin="0"/><net_sink comp="128" pin=0"/></net>

<net id="136"><net_src comp="28" pin="0"/><net_sink comp="132" pin=0"/></net>

<net id="137"><net_src comp="0" pin="0"/><net_sink comp="132" pin=1"/></net>

<net id="143"><net_src comp="126" pin="0"/><net_sink comp="138" pin=0"/></net>

<net id="144"><net_src comp="2" pin="0"/><net_sink comp="138" pin=1"/></net>

<net id="10900"><net_src comp="76" pin="0"/><net_sink comp="512" pin=1"/></net>

<net id="10904"><net_src comp="78" pin="0"/><net_sink comp="258" pin=1"/></net>

<net id="10908"><net_src comp="90" pin="0"/><net_sink comp="359" pin=1"/></net>

<net id="10912"><net_src comp="92" pin="0"/><net_sink comp="524" pin=1"/></net>

<net id="10916"><net_src comp="94" pin="0"/><net_sink comp="148" pin=1"/></net>

<net id="10920"><net_src comp="512" pin="2"/><net_sink comp="10917" pin=0"/></net>

<net id="10924"><net_src comp="258" pin="2"/><net_sink comp="10921" pin=0"/></net>

<net id="10928"><net_src comp="359" pin="2"/><net_sink comp="10925" pin=0"/></net>

<net id="10932"><net_src comp="524" pin="2"/><net_sink comp="10929" pin=0"/></net>

<net id="10936"><net_src comp="148" pin="2"/><net_sink comp="10933" pin=0"/></net>

<net id="10942"><net_src comp="22" pin="0"/><net_sink comp="10938" pin=0"/></net>

<net id="10950"><net_src comp="10943" pin="1"/><net_sink comp="10946" pin=0"/></net>

<net id="10951"><net_src comp="24" pin="0"/><net_sink comp="10946" pin=1"/></net>

<net id="10956"><net_src comp="10943" pin="1"/><net_sink comp="10952" pin=0"/></net>

<net id="10957"><net_src comp="26" pin="0"/><net_sink comp="10952" pin=1"/></net>

<net id="10962"><net_src comp="10952" pin="2"/><net_sink comp="10958" pin=0"/></net>

<net id="10969"><net_src comp="30" pin="0"/><net_sink comp="10963" pin=0"/></net>

<net id="10970"><net_src comp="132" pin="2"/><net_sink comp="10963" pin=1"/></net>

<net id="10971"><net_src comp="32" pin="0"/><net_sink comp="10963" pin=2"/></net>

<net id="10972"><net_src comp="34" pin="0"/><net_sink comp="10963" pin=3"/></net>

<net id="10979"><net_src comp="30" pin="0"/><net_sink comp="10973" pin=0"/></net>

<net id="10980"><net_src comp="132" pin="2"/><net_sink comp="10973" pin=1"/></net>

<net id="10981"><net_src comp="36" pin="0"/><net_sink comp="10973" pin=2"/></net>

<net id="10982"><net_src comp="38" pin="0"/><net_sink comp="10973" pin=3"/></net>

<net id="10989"><net_src comp="30" pin="0"/><net_sink comp="10983" pin=0"/></net>

<net id="10990"><net_src comp="132" pin="2"/><net_sink comp="10983" pin=1"/></net>

<net id="10991"><net_src comp="40" pin="0"/><net_sink comp="10983" pin=2"/></net>

<net id="10992"><net_src comp="42" pin="0"/><net_sink comp="10983" pin=3"/></net>

<net id="10999"><net_src comp="30" pin="0"/><net_sink comp="10993" pin=0"/></net>

<net id="11000"><net_src comp="132" pin="2"/><net_sink comp="10993" pin=1"/></net>

<net id="11001"><net_src comp="44" pin="0"/><net_sink comp="10993" pin=2"/></net>

<net id="11002"><net_src comp="46" pin="0"/><net_sink comp="10993" pin=3"/></net>

<net id="11009"><net_src comp="30" pin="0"/><net_sink comp="11003" pin=0"/></net>

<net id="11010"><net_src comp="132" pin="2"/><net_sink comp="11003" pin=1"/></net>

<net id="11011"><net_src comp="48" pin="0"/><net_sink comp="11003" pin=2"/></net>

<net id="11012"><net_src comp="50" pin="0"/><net_sink comp="11003" pin=3"/></net>

<net id="11016"><net_src comp="132" pin="2"/><net_sink comp="11013" pin=0"/></net>

<net id="11023"><net_src comp="30" pin="0"/><net_sink comp="11017" pin=0"/></net>

<net id="11024"><net_src comp="132" pin="2"/><net_sink comp="11017" pin=1"/></net>

<net id="11025"><net_src comp="52" pin="0"/><net_sink comp="11017" pin=2"/></net>

<net id="11026"><net_src comp="54" pin="0"/><net_sink comp="11017" pin=3"/></net>

<net id="11033"><net_src comp="30" pin="0"/><net_sink comp="11027" pin=0"/></net>

<net id="11034"><net_src comp="132" pin="2"/><net_sink comp="11027" pin=1"/></net>

<net id="11035"><net_src comp="56" pin="0"/><net_sink comp="11027" pin=2"/></net>

<net id="11036"><net_src comp="58" pin="0"/><net_sink comp="11027" pin=3"/></net>

<net id="11042"><net_src comp="60" pin="0"/><net_sink comp="11037" pin=0"/></net>

<net id="11043"><net_src comp="62" pin="0"/><net_sink comp="11037" pin=2"/></net>

<net id="11047"><net_src comp="11037" pin="3"/><net_sink comp="11044" pin=0"/></net>

<net id="11053"><net_src comp="64" pin="0"/><net_sink comp="11048" pin=0"/></net>

<net id="11054"><net_src comp="66" pin="0"/><net_sink comp="11048" pin=2"/></net>

<net id="11058"><net_src comp="11048" pin="3"/><net_sink comp="11055" pin=0"/></net>

<net id="11063"><net_src comp="11055" pin="1"/><net_sink comp="11059" pin=0"/></net>

<net id="11064"><net_src comp="68" pin="0"/><net_sink comp="11059" pin=1"/></net>

<net id="11068"><net_src comp="11059" pin="2"/><net_sink comp="11065" pin=0"/></net>

<net id="11073"><net_src comp="11065" pin="1"/><net_sink comp="11069" pin=0"/></net>

<net id="11074"><net_src comp="11044" pin="1"/><net_sink comp="11069" pin=1"/></net>

<net id="11081"><net_src comp="70" pin="0"/><net_sink comp="11075" pin=0"/></net>

<net id="11082"><net_src comp="11069" pin="2"/><net_sink comp="11075" pin=1"/></net>

<net id="11083"><net_src comp="72" pin="0"/><net_sink comp="11075" pin=2"/></net>

<net id="11084"><net_src comp="74" pin="0"/><net_sink comp="11075" pin=3"/></net>

<net id="11088"><net_src comp="11085" pin="1"/><net_sink comp="512" pin=0"/></net>

<net id="11092"><net_src comp="11089" pin="1"/><net_sink comp="258" pin=0"/></net>

<net id="11098"><net_src comp="80" pin="0"/><net_sink comp="11093" pin=0"/></net>

<net id="11099"><net_src comp="82" pin="0"/><net_sink comp="11093" pin=2"/></net>

<net id="11105"><net_src comp="84" pin="0"/><net_sink comp="11100" pin=0"/></net>

<net id="11106"><net_src comp="86" pin="0"/><net_sink comp="11100" pin=2"/></net>

<net id="11110"><net_src comp="11100" pin="3"/><net_sink comp="11107" pin=0"/></net>

<net id="11115"><net_src comp="11107" pin="1"/><net_sink comp="11111" pin=0"/></net>

<net id="11116"><net_src comp="88" pin="0"/><net_sink comp="11111" pin=1"/></net>

<net id="11120"><net_src comp="11111" pin="2"/><net_sink comp="11117" pin=0"/></net>

<net id="11125"><net_src comp="11117" pin="1"/><net_sink comp="11121" pin=0"/></net>

<net id="11126"><net_src comp="11093" pin="3"/><net_sink comp="11121" pin=1"/></net>

<net id="11133"><net_src comp="70" pin="0"/><net_sink comp="11127" pin=0"/></net>

<net id="11134"><net_src comp="11121" pin="2"/><net_sink comp="11127" pin=1"/></net>

<net id="11135"><net_src comp="72" pin="0"/><net_sink comp="11127" pin=2"/></net>

<net id="11136"><net_src comp="74" pin="0"/><net_sink comp="11127" pin=3"/></net>

<net id="11140"><net_src comp="11137" pin="1"/><net_sink comp="359" pin=0"/></net>

<net id="11144"><net_src comp="11141" pin="1"/><net_sink comp="524" pin=0"/></net>

<net id="11148"><net_src comp="11145" pin="1"/><net_sink comp="148" pin=0"/></net>

<net id="11153"><net_src comp="10917" pin="1"/><net_sink comp="11149" pin=0"/></net>

<net id="11154"><net_src comp="108" pin="0"/><net_sink comp="11149" pin=1"/></net>

<net id="11161"><net_src comp="70" pin="0"/><net_sink comp="11155" pin=0"/></net>

<net id="11162"><net_src comp="11149" pin="2"/><net_sink comp="11155" pin=1"/></net>

<net id="11163"><net_src comp="72" pin="0"/><net_sink comp="11155" pin=2"/></net>

<net id="11164"><net_src comp="74" pin="0"/><net_sink comp="11155" pin=3"/></net>

<net id="11169"><net_src comp="10921" pin="1"/><net_sink comp="11165" pin=0"/></net>

<net id="11170"><net_src comp="110" pin="0"/><net_sink comp="11165" pin=1"/></net>

<net id="11177"><net_src comp="70" pin="0"/><net_sink comp="11171" pin=0"/></net>

<net id="11178"><net_src comp="11165" pin="2"/><net_sink comp="11171" pin=1"/></net>

<net id="11179"><net_src comp="72" pin="0"/><net_sink comp="11171" pin=2"/></net>

<net id="11180"><net_src comp="74" pin="0"/><net_sink comp="11171" pin=3"/></net>

<net id="11185"><net_src comp="10925" pin="1"/><net_sink comp="11181" pin=0"/></net>

<net id="11186"><net_src comp="112" pin="0"/><net_sink comp="11181" pin=1"/></net>

<net id="11193"><net_src comp="70" pin="0"/><net_sink comp="11187" pin=0"/></net>

<net id="11194"><net_src comp="11181" pin="2"/><net_sink comp="11187" pin=1"/></net>

<net id="11195"><net_src comp="72" pin="0"/><net_sink comp="11187" pin=2"/></net>

<net id="11196"><net_src comp="74" pin="0"/><net_sink comp="11187" pin=3"/></net>

<net id="11202"><net_src comp="80" pin="0"/><net_sink comp="11197" pin=0"/></net>

<net id="11203"><net_src comp="82" pin="0"/><net_sink comp="11197" pin=2"/></net>

<net id="11209"><net_src comp="114" pin="0"/><net_sink comp="11204" pin=0"/></net>

<net id="11210"><net_src comp="116" pin="0"/><net_sink comp="11204" pin=2"/></net>

<net id="11214"><net_src comp="11204" pin="3"/><net_sink comp="11211" pin=0"/></net>

<net id="11219"><net_src comp="11197" pin="3"/><net_sink comp="11215" pin=0"/></net>

<net id="11220"><net_src comp="11211" pin="1"/><net_sink comp="11215" pin=1"/></net>

<net id="11225"><net_src comp="11215" pin="2"/><net_sink comp="11221" pin=0"/></net>

<net id="11226"><net_src comp="118" pin="0"/><net_sink comp="11221" pin=1"/></net>

<net id="11233"><net_src comp="70" pin="0"/><net_sink comp="11227" pin=0"/></net>

<net id="11234"><net_src comp="11221" pin="2"/><net_sink comp="11227" pin=1"/></net>

<net id="11235"><net_src comp="72" pin="0"/><net_sink comp="11227" pin=2"/></net>

<net id="11236"><net_src comp="74" pin="0"/><net_sink comp="11227" pin=3"/></net>

<net id="11241"><net_src comp="10929" pin="1"/><net_sink comp="11237" pin=0"/></net>

<net id="11242"><net_src comp="120" pin="0"/><net_sink comp="11237" pin=1"/></net>

<net id="11249"><net_src comp="70" pin="0"/><net_sink comp="11243" pin=0"/></net>

<net id="11250"><net_src comp="11237" pin="2"/><net_sink comp="11243" pin=1"/></net>

<net id="11251"><net_src comp="72" pin="0"/><net_sink comp="11243" pin=2"/></net>

<net id="11252"><net_src comp="74" pin="0"/><net_sink comp="11243" pin=3"/></net>

<net id="11257"><net_src comp="10933" pin="1"/><net_sink comp="11253" pin=0"/></net>

<net id="11258"><net_src comp="122" pin="0"/><net_sink comp="11253" pin=1"/></net>

<net id="11265"><net_src comp="70" pin="0"/><net_sink comp="11259" pin=0"/></net>

<net id="11266"><net_src comp="11253" pin="2"/><net_sink comp="11259" pin=1"/></net>

<net id="11267"><net_src comp="72" pin="0"/><net_sink comp="11259" pin=2"/></net>

<net id="11268"><net_src comp="74" pin="0"/><net_sink comp="11259" pin=3"/></net>

<net id="11280"><net_src comp="124" pin="0"/><net_sink comp="11269" pin=0"/></net>

<net id="11281"><net_src comp="11259" pin="4"/><net_sink comp="11269" pin=1"/></net>

<net id="11282"><net_src comp="11243" pin="4"/><net_sink comp="11269" pin=2"/></net>

<net id="11283"><net_src comp="11227" pin="4"/><net_sink comp="11269" pin=3"/></net>

<net id="11284"><net_src comp="11187" pin="4"/><net_sink comp="11269" pin=4"/></net>

<net id="11285"><net_src comp="11171" pin="4"/><net_sink comp="11269" pin=6"/></net>

<net id="11286"><net_src comp="11155" pin="4"/><net_sink comp="11269" pin=7"/></net>

<net id="11287"><net_src comp="11269" pin="9"/><net_sink comp="138" pin=2"/></net>

<net id="11291"><net_src comp="128" pin="1"/><net_sink comp="11288" pin=0"/></net>

<net id="11292"><net_src comp="11288" pin="1"/><net_sink comp="10938" pin=1"/></net>

<net id="11293"><net_src comp="11288" pin="1"/><net_sink comp="10943" pin=0"/></net>

<net id="11294"><net_src comp="11288" pin="1"/><net_sink comp="10958" pin=1"/></net>

<net id="11301"><net_src comp="10963" pin="4"/><net_sink comp="11298" pin=0"/></net>

<net id="11302"><net_src comp="11298" pin="1"/><net_sink comp="11085" pin=0"/></net>

<net id="11306"><net_src comp="10973" pin="4"/><net_sink comp="11303" pin=0"/></net>

<net id="11307"><net_src comp="11303" pin="1"/><net_sink comp="11089" pin=0"/></net>

<net id="11311"><net_src comp="10983" pin="4"/><net_sink comp="11308" pin=0"/></net>

<net id="11312"><net_src comp="11308" pin="1"/><net_sink comp="11137" pin=0"/></net>

<net id="11316"><net_src comp="10993" pin="4"/><net_sink comp="11313" pin=0"/></net>

<net id="11317"><net_src comp="11313" pin="1"/><net_sink comp="11141" pin=0"/></net>

<net id="11321"><net_src comp="11003" pin="4"/><net_sink comp="11318" pin=0"/></net>

<net id="11322"><net_src comp="11318" pin="1"/><net_sink comp="11145" pin=0"/></net>

<net id="11326"><net_src comp="11013" pin="1"/><net_sink comp="11323" pin=0"/></net>

<net id="11327"><net_src comp="11323" pin="1"/><net_sink comp="11037" pin=1"/></net>

<net id="11328"><net_src comp="11323" pin="1"/><net_sink comp="11048" pin=1"/></net>

<net id="11332"><net_src comp="11017" pin="4"/><net_sink comp="11329" pin=0"/></net>

<net id="11333"><net_src comp="11329" pin="1"/><net_sink comp="11093" pin=1"/></net>

<net id="11334"><net_src comp="11329" pin="1"/><net_sink comp="11100" pin=1"/></net>

<net id="11338"><net_src comp="11027" pin="4"/><net_sink comp="11335" pin=0"/></net>

<net id="11339"><net_src comp="11335" pin="1"/><net_sink comp="11197" pin=1"/></net>

<net id="11340"><net_src comp="11335" pin="1"/><net_sink comp="11204" pin=1"/></net>

<net id="11344"><net_src comp="11075" pin="4"/><net_sink comp="11341" pin=0"/></net>

<net id="11345"><net_src comp="11341" pin="1"/><net_sink comp="11269" pin=8"/></net>

<net id="11349"><net_src comp="11127" pin="4"/><net_sink comp="11346" pin=0"/></net>

<net id="11350"><net_src comp="11346" pin="1"/><net_sink comp="11269" pin=5"/></net>

</net_list>

</model> 
---------------- Datapath Model END ------------------

* FSMD analyzer results:
  - Output states:
	Port: layer20_out | {4 }
 - Input state : 
	Port: normalize<array<ap_fixed,8u>,array<ap_fixed<12,6,5,3,0>,8u>,config20> : layer19_out | {2 }
  - Chain level:
	State 1
		store_ln25 : 1
		i : 1
		icmp_ln25 : 2
		i_17 : 2
		br_ln25 : 3
		store_ln25 : 3
	State 2
	State 3
		sext_ln73 : 1
		sext_ln42_5 : 1
		add_ln42_8 : 2
		sext_ln42_6 : 3
		add_ln42 : 4
		trunc_ln : 5
		mul_ln42 : 1
		mul_ln42_1 : 1
		sext_ln42_7 : 1
		add_ln42_9 : 2
		sext_ln42_8 : 3
		add_ln42_3 : 4
		trunc_ln41_3 : 5
		mul_ln42_2 : 1
		mul_ln42_3 : 1
		mul_ln42_4 : 1
	State 4
		trunc_ln41_1 : 1
		trunc_ln41_2 : 1
		trunc_ln41_4 : 1
		sext_ln73_1 : 1
		sub_ln73 : 2
		add_ln42_5 : 3
		trunc_ln41_5 : 4
		trunc_ln41_6 : 1
		trunc_ln41_7 : 1
		or_ln46_s : 5
		write_ln46 : 6


============================================================
+ Verbose Summary: Datapath Resource usage 
============================================================

* Functional unit list:
|----------|------------------------------|---------|---------|---------|
| Operation|        Functional Unit       |   DSP   |    FF   |   LUT   |
|----------|------------------------------|---------|---------|---------|
|          |         i_17_fu_10952        |    0    |    0    |    18   |
|          |      add_ln42_8_fu_11059     |    0    |    0    |    21   |
|          |       add_ln42_fu_11069      |    0    |    0    |    24   |
|          |      add_ln42_9_fu_11111     |    0    |    0    |    22   |
|          |      add_ln42_3_fu_11121     |    0    |    0    |    25   |
|    add   |      add_ln42_1_fu_11149     |    0    |    0    |    25   |
|          |      add_ln42_2_fu_11165     |    0    |    0    |    25   |
|          |      add_ln42_4_fu_11181     |    0    |    0    |    25   |
|          |      add_ln42_5_fu_11221     |    0    |    0    |    18   |
|          |      add_ln42_6_fu_11237     |    0    |    0    |    25   |
|          |      add_ln42_7_fu_11253     |    0    |    0    |    25   |
|----------|------------------------------|---------|---------|---------|
|          |       mul_ln42_4_fu_148      |    1    |    0    |    5    |
|          |       mul_ln42_1_fu_258      |    1    |    0    |    5    |
|    mul   |       mul_ln42_2_fu_359      |    1    |    0    |    5    |
|          |        mul_ln42_fu_512       |    1    |    0    |    5    |
|          |       mul_ln42_3_fu_524      |    1    |    0    |    5    |
|----------|------------------------------|---------|---------|---------|
|   icmp   |      icmp_ln25_fu_10946      |    0    |    0    |    18   |
|----------|------------------------------|---------|---------|---------|
|    sub   |       sub_ln73_fu_11215      |    0    |    0    |    18   |
|----------|------------------------------|---------|---------|---------|
|   read   | layer19_out_read_read_fu_132 |    0    |    0    |    0    |
|----------|------------------------------|---------|---------|---------|
|   write  |    write_ln46_write_fu_138   |    0    |    0    |    0    |
|----------|------------------------------|---------|---------|---------|
|          |          a_fu_10963          |    0    |    0    |    0    |
|          |         a_1_fu_10973         |    0    |    0    |    0    |
|          |         a_2_fu_10983         |    0    |    0    |    0    |
|          |         a_3_fu_10993         |    0    |    0    |    0    |
|          |         a_4_fu_11003         |    0    |    0    |    0    |
|          |        tmp_2_fu_11017        |    0    |    0    |    0    |
|          |        tmp_4_fu_11027        |    0    |    0    |    0    |
|partselect|       trunc_ln_fu_11075      |    0    |    0    |    0    |
|          |     trunc_ln41_3_fu_11127    |    0    |    0    |    0    |
|          |     trunc_ln41_1_fu_11155    |    0    |    0    |    0    |
|          |     trunc_ln41_2_fu_11171    |    0    |    0    |    0    |
|          |     trunc_ln41_4_fu_11187    |    0    |    0    |    0    |
|          |     trunc_ln41_5_fu_11227    |    0    |    0    |    0    |
|          |     trunc_ln41_6_fu_11243    |    0    |    0    |    0    |
|          |     trunc_ln41_7_fu_11259    |    0    |    0    |    0    |
|----------|------------------------------|---------|---------|---------|
|   trunc  |      trunc_ln73_fu_11013     |    0    |    0    |    0    |
|----------|------------------------------|---------|---------|---------|
|          |        shl_ln_fu_11037       |    0    |    0    |    0    |
|          |      shl_ln73_1_fu_11048     |    0    |    0    |    0    |
|          |        and_ln_fu_11093       |    0    |    0    |    0    |
|bitconcatenate|      and_ln73_1_fu_11100     |    0    |    0    |    0    |
|          |      and_ln73_2_fu_11197     |    0    |    0    |    0    |
|          |      and_ln73_3_fu_11204     |    0    |    0    |    0    |
|          |      or_ln46_s_fu_11269      |    0    |    0    |    0    |
|----------|------------------------------|---------|---------|---------|
|          |      sext_ln73_fu_11044      |    0    |    0    |    0    |
|          |     sext_ln42_5_fu_11055     |    0    |    0    |    0    |
|          |     sext_ln42_6_fu_11065     |    0    |    0    |    0    |
|          |      sext_ln42_fu_11085      |    0    |    0    |    0    |
|          |     sext_ln42_1_fu_11089     |    0    |    0    |    0    |
|   sext   |     sext_ln42_7_fu_11107     |    0    |    0    |    0    |
|          |     sext_ln42_8_fu_11117     |    0    |    0    |    0    |
|          |     sext_ln42_2_fu_11137     |    0    |    0    |    0    |
|          |     sext_ln42_3_fu_11141     |    0    |    0    |    0    |
|          |     sext_ln42_4_fu_11145     |    0    |    0    |    0    |
|          |     sext_ln73_1_fu_11211     |    0    |    0    |    0    |
|----------|------------------------------|---------|---------|---------|
|   Total  |                              |    5    |    0    |   314   |
|----------|------------------------------|---------|---------|---------|

Memories:
N/A

* Register list:
+----------------------+--------+
|                      |   FF   |
+----------------------+--------+
|     a_1_reg_11303    |   12   |
|     a_2_reg_11308    |   12   |
|     a_3_reg_11313    |   12   |
|     a_4_reg_11318    |   12   |
|      a_reg_11298     |   12   |
|    i_02_reg_11288    |   11   |
| mul_ln42_1_reg_10921 |   18   |
| mul_ln42_2_reg_10925 |   18   |
| mul_ln42_3_reg_10929 |   18   |
| mul_ln42_4_reg_10933 |   18   |
|  mul_ln42_reg_10917  |   18   |
|    tmp_2_reg_11329   |   12   |
|    tmp_4_reg_11335   |   12   |
|trunc_ln41_3_reg_11346|   12   |
| trunc_ln73_reg_11323 |   12   |
|  trunc_ln_reg_11341  |   12   |
+----------------------+--------+
|         Total        |   221  |
+----------------------+--------+

* Multiplexer (MUX) list: 
|--------|------|------|------|--------|
|  Comp  |  Pin | Size |  BW  | S x BW |
|--------|------|------|------|--------|
|  Total |      |      |      |    0   |
|--------|------|------|------|--------|



* Summary:
+-----------+--------+--------+--------+
|           |   DSP  |   FF   |   LUT  |
+-----------+--------+--------+--------+
|  Function |    5   |    0   |   314  |
|   Memory  |    -   |    -   |    -   |
|Multiplexer|    -   |    -   |    -   |
|  Register |    -   |   221  |    -   |
+-----------+--------+--------+--------+
|   Total   |    5   |   221  |   314  |
+-----------+--------+--------+--------+
