

================================================================
== Vitis HLS Report for 'normalize_array_ap_fixed_6u_array_ap_fixed_16_6_5_3_0_6u_config13_s'
================================================================
* Date:           Thu Apr 23 22:46:32 2026

* Version:        2025.2 (Build 6295257 on Nov 14 2025)
* Project:        folo_prj
* Solution:       solution1 (Vivado IP Flow Target)
* Product family: kintexu
* Target device:  xcku035-fbva676-2-e


================================================================
== Performance Estimates
================================================================
+ Timing: 
    * Summary: 
    +--------+---------+----------+------------+
    |  Clock |  Target | Estimated| Uncertainty|
    +--------+---------+----------+------------+
    |ap_clk  |  5.00 ns|  3.570 ns|     1.35 ns|
    +--------+---------+----------+------------+

+ Latency: 
    * Summary: 
    +---------+---------+-----------+-----------+------+------+------------------------------------------------+
    |  Latency (cycles) |   Latency (absolute)  |   Interval  |                    Pipeline                    |
    |   min   |   max   |    min    |    max    |  min |  max |                      Type                      |
    +---------+---------+-----------+-----------+------+------+------------------------------------------------+
    |     4099|     4099|  20.495 us|  20.495 us|  4096|  4096|  loop auto-rewind stp (delay=0 clock cycles(s))|
    +---------+---------+-----------+-----------+------+------+------------------------------------------------+

    + Detail: 
        * Instance: 
        N/A

        * Loop: 
        +-----------------+---------+---------+----------+-----------+-----------+------+----------+
        |                 |  Latency (cycles) | Iteration|  Initiation Interval  | Trip |          |
        |    Loop Name    |   min   |   max   |  Latency |  achieved |   target  | Count| Pipelined|
        +-----------------+---------+---------+----------+-----------+-----------+------+----------+
        |- BatchNormLoop  |     4097|     4097|         3|          1|          1|  4096|       yes|
        +-----------------+---------+---------+----------+-----------+-----------+------+----------+

============================================================
+ Verbose Summary: Synthesis Manager
============================================================
InlineROM: 1
ExposeGlobal: 0
============================================================
+ Verbose Summary: CDFG Model
============================================================
IsTopModel: 0
ResetActiveHigh: 1
IsCombinational: 2
IsDatapathOnly: 0
HasWiredReturn: 1
HasMFsm: 2
HasVarLatency: 1
IsPipeline: 0
IsRtlPipelined: 0
IsInstanceOverlapped: 0
IsDontTouch: 0
HasImplIP: 0
IsGatedGlobalClock: 0

+ Individual pipeline summary: 
  * Pipeline-0: initiation interval (II) = 1, depth = 3


============================================================
+ Verbose Summary: Schedule
============================================================
* Number of FSM states : 3
* Pipeline : 1
  Pipeline-0 : II = 1, D = 3, States = { 1 2 3 }
* Dataflow Pipeline: 0

* FSM state transitions: 
1 --> 2 
2 --> 3 
3 --> 

* FSM state operations: 

State 1 <SV = 0> <Delay = 2.42>
ST_1 : Operation 6 [1/1] (0.00ns)   --->   "%i_021 = alloca i32 1" [firmware/nnet_utils/nnet_batchnorm_stream.h:25]   --->   Operation 6 'alloca' 'i_021' <Predicate = true> <Delay = 0.00>
ST_1 : Operation 7 [1/1] (0.00ns)   --->   "%specinterface_ln0 = specinterface void @_ssdm_op_SpecInterface, i96 %layer13_out, void @empty_2, i32 0, i32 0, void @empty_1, i32 0, i32 0, void @empty_1, void @empty_1, void @empty_1, i32 0, i32 0, i32 0, i32 0, void @empty_1, void @empty_1, i32 4294967295, i32 0, i32 0, i32 0"   --->   Operation 7 'specinterface' 'specinterface_ln0' <Predicate = true> <Delay = 0.00>
ST_1 : Operation 8 [1/1] (0.00ns)   --->   "%specinterface_ln0 = specinterface void @_ssdm_op_SpecInterface, i96 %layer12_out, void @empty_2, i32 0, i32 0, void @empty_1, i32 0, i32 0, void @empty_1, void @empty_1, void @empty_1, i32 0, i32 0, i32 0, i32 0, void @empty_1, void @empty_1, i32 4294967295, i32 0, i32 0, i32 0"   --->   Operation 8 'specinterface' 'specinterface_ln0' <Predicate = true> <Delay = 0.00>
ST_1 : Operation 9 [1/1] (0.00ns)   --->   "%specresourcelimit_ln22 = specresourcelimit void @_ssdm_op_SpecResourceLimit, i64 24576, void @empty_3, void @empty_1, void @empty_1, void @empty_1" [firmware/nnet_utils/nnet_batchnorm_stream.h:22]   --->   Operation 9 'specresourcelimit' 'specresourcelimit_ln22' <Predicate = true> <Delay = 0.00>
ST_1 : Operation 10 [1/1] (0.53ns)   --->   "%store_ln25 = store i12 0, i12 %i_021" [firmware/nnet_utils/nnet_batchnorm_stream.h:25]   --->   Operation 10 'store' 'store_ln25' <Predicate = true> <Delay = 0.53>
ST_1 : Operation 11 [1/1] (0.00ns)   --->   "%br_ln25 = br void %BatchNormpack.split" [firmware/nnet_utils/nnet_batchnorm_stream.h:25]   --->   Operation 11 'br' 'br_ln25' <Predicate = true> <Delay = 0.00>
ST_1 : Operation 12 [1/1] (0.00ns)   --->   "%i_31 = load i12 %i_021" [firmware/nnet_utils/nnet_batchnorm_stream.h:25]   --->   Operation 12 'load' 'i_31' <Predicate = true> <Delay = 0.00>
ST_1 : Operation 13 [1/1] ( I:1.82ns O:1.82ns )   --->   "%layer12_out_read = read i96 @_ssdm_op_Read.ap_fifo.volatile.i96P0A, i96 %layer12_out" [firmware/nnet_utils/nnet_batchnorm_stream.h:28]   --->   Operation 13 'read' 'layer12_out_read' <Predicate = true> <Delay = 1.82> <CoreInst = "FIFO_SRL">   --->   Core 80 'FIFO_SRL' <Latency = 0> <II = 1> <Delay = 2.26> <Storage> <Opcode : 'read' 'write' 'nbread' 'nbwrite'> <Ports = 0> <Width = 96> <Depth = 1> <FIFO>
ST_1 : Operation 14 [1/1] (0.00ns)   --->   "%a = trunc i96 %layer12_out_read" [firmware/nnet_utils/nnet_batchnorm_stream.h:28]   --->   Operation 14 'trunc' 'a' <Predicate = true> <Delay = 0.00>
ST_1 : Operation 15 [1/1] (0.00ns)   --->   "%a_17 = partselect i16 @_ssdm_op_PartSelect.i16.i96.i32.i32, i96 %layer12_out_read, i32 16, i32 31" [firmware/nnet_utils/nnet_batchnorm_stream.h:28]   --->   Operation 15 'partselect' 'a_17' <Predicate = true> <Delay = 0.00>
ST_1 : Operation 16 [1/1] (0.00ns)   --->   "%a_4 = partselect i16 @_ssdm_op_PartSelect.i16.i96.i32.i32, i96 %layer12_out_read, i32 32, i32 47" [firmware/nnet_utils/nnet_batchnorm_stream.h:28]   --->   Operation 16 'partselect' 'a_4' <Predicate = true> <Delay = 0.00>
ST_1 : Operation 17 [1/1] (0.00ns)   --->   "%a_5 = partselect i16 @_ssdm_op_PartSelect.i16.i96.i32.i32, i96 %layer12_out_read, i32 48, i32 63" [firmware/nnet_utils/nnet_batchnorm_stream.h:28]   --->   Operation 17 'partselect' 'a_5' <Predicate = true> <Delay = 0.00>
ST_1 : Operation 18 [1/1] (0.00ns)   --->   "%a_6 = partselect i16 @_ssdm_op_PartSelect.i16.i96.i32.i32, i96 %layer12_out_read, i32 64, i32 79" [firmware/nnet_utils/nnet_batchnorm_stream.h:28]   --->   Operation 18 'partselect' 'a_6' <Predicate = true> <Delay = 0.00>
ST_1 : Operation 19 [1/1] (0.00ns)   --->   "%a_7 = partselect i16 @_ssdm_op_PartSelect.i16.i96.i32.i32, i96 %layer12_out_read, i32 80, i32 95" [firmware/nnet_utils/nnet_batchnorm_stream.h:28]   --->   Operation 19 'partselect' 'a_7' <Predicate = true> <Delay = 0.00>
ST_1 : Operation 20 [1/1] (1.35ns)   --->   "%i = add i12 %i_31, i12 1" [firmware/nnet_utils/nnet_batchnorm_stream.h:25]   --->   Operation 20 'add' 'i' <Predicate = true> <Delay = 1.35> <CoreInst = "Adder">   --->   Core 1 'Adder' <Latency = 0> <II = 1> <Delay = 1.35> <FuncUnit> <Opcode : 'add' 'sub'> <InPorts = 2> <OutPorts = 1>
ST_1 : Operation 21 [1/1] (1.35ns)   --->   "%icmp_ln25 = icmp_eq  i12 %i_31, i12 4095" [firmware/nnet_utils/nnet_batchnorm_stream.h:25]   --->   Operation 21 'icmp' 'icmp_ln25' <Predicate = true> <Delay = 1.35> <CoreInst = "Cmp">   --->   Core 9 'Cmp' <Latency = 0> <II = 1> <Delay = 1.35> <FuncUnit> <Opcode : 'seteq' 'setne' 'setle' 'setge' 'setlt' 'setgt'> <InPorts = 2> <OutPorts = 1>
ST_1 : Operation 22 [1/1] (0.53ns)   --->   "%store_ln25 = store i12 %i, i12 %i_021" [firmware/nnet_utils/nnet_batchnorm_stream.h:25]   --->   Operation 22 'store' 'store_ln25' <Predicate = true> <Delay = 0.53>
ST_1 : Operation 23 [1/1] (0.00ns)   --->   "%br_ln25 = br i1 %icmp_ln25, void %BatchNormpack.split, void %for.end14" [firmware/nnet_utils/nnet_batchnorm_stream.h:25]   --->   Operation 23 'br' 'br_ln25' <Predicate = true> <Delay = 0.00>

State 2 <SV = 1> <Delay = 3.57>
ST_2 : Operation 24 [1/1] (0.00ns)   --->   "%sext_ln42 = sext i16 %a" [firmware/nnet_utils/nnet_batchnorm_stream.h:42]   --->   Operation 24 'sext' 'sext_ln42' <Predicate = true> <Delay = 0.00>
ST_2 : Operation 25 [1/1] (3.57ns)   --->   "%mul_ln42 = mul i26 %sext_ln42, i26 1782" [firmware/nnet_utils/nnet_batchnorm_stream.h:42]   --->   Operation 25 'mul' 'mul_ln42' <Predicate = true> <Delay = 3.57> <CoreInst = "Multiplier">   --->   Core 3 'Multiplier' <Latency = 0> <II = 1> <Delay = 3.57> <FuncUnit> <Opcode : 'mul'> <InPorts = 2> <OutPorts = 1>
ST_2 : Operation 26 [1/1] (0.00ns)   --->   "%sext_ln42_33 = sext i16 %a_17" [firmware/nnet_utils/nnet_batchnorm_stream.h:42]   --->   Operation 26 'sext' 'sext_ln42_33' <Predicate = true> <Delay = 0.00>
ST_2 : Operation 27 [1/1] (3.57ns)   --->   "%mul_ln42_38 = mul i26 %sext_ln42_33, i26 891" [firmware/nnet_utils/nnet_batchnorm_stream.h:42]   --->   Operation 27 'mul' 'mul_ln42_38' <Predicate = true> <Delay = 3.57> <CoreInst = "Multiplier">   --->   Core 3 'Multiplier' <Latency = 0> <II = 1> <Delay = 3.57> <FuncUnit> <Opcode : 'mul'> <InPorts = 2> <OutPorts = 1>
ST_2 : Operation 28 [1/1] (0.00ns)   --->   "%sext_ln42_34 = sext i16 %a_4" [firmware/nnet_utils/nnet_batchnorm_stream.h:42]   --->   Operation 28 'sext' 'sext_ln42_34' <Predicate = true> <Delay = 0.00>
ST_2 : Operation 29 [1/1] (3.57ns)   --->   "%mul_ln42_39 = mul i26 %sext_ln42_34, i26 895" [firmware/nnet_utils/nnet_batchnorm_stream.h:42]   --->   Operation 29 'mul' 'mul_ln42_39' <Predicate = true> <Delay = 3.57> <CoreInst = "Multiplier">   --->   Core 3 'Multiplier' <Latency = 0> <II = 1> <Delay = 3.57> <FuncUnit> <Opcode : 'mul'> <InPorts = 2> <OutPorts = 1>
ST_2 : Operation 30 [1/1] (0.00ns)   --->   "%sext_ln42_35 = sext i16 %a_5" [firmware/nnet_utils/nnet_batchnorm_stream.h:42]   --->   Operation 30 'sext' 'sext_ln42_35' <Predicate = true> <Delay = 0.00>
ST_2 : Operation 31 [1/1] (3.57ns)   --->   "%mul_ln42_40 = mul i26 %sext_ln42_35, i26 1886" [firmware/nnet_utils/nnet_batchnorm_stream.h:42]   --->   Operation 31 'mul' 'mul_ln42_40' <Predicate = true> <Delay = 3.57> <CoreInst = "Multiplier">   --->   Core 3 'Multiplier' <Latency = 0> <II = 1> <Delay = 3.57> <FuncUnit> <Opcode : 'mul'> <InPorts = 2> <OutPorts = 1>
ST_2 : Operation 32 [1/1] (0.00ns)   --->   "%sext_ln42_36 = sext i16 %a_6" [firmware/nnet_utils/nnet_batchnorm_stream.h:42]   --->   Operation 32 'sext' 'sext_ln42_36' <Predicate = true> <Delay = 0.00>
ST_2 : Operation 33 [1/1] (3.57ns)   --->   "%mul_ln42_41 = mul i26 %sext_ln42_36, i26 1966" [firmware/nnet_utils/nnet_batchnorm_stream.h:42]   --->   Operation 33 'mul' 'mul_ln42_41' <Predicate = true> <Delay = 3.57> <CoreInst = "Multiplier">   --->   Core 3 'Multiplier' <Latency = 0> <II = 1> <Delay = 3.57> <FuncUnit> <Opcode : 'mul'> <InPorts = 2> <OutPorts = 1>
ST_2 : Operation 34 [1/1] (0.00ns)   --->   "%sext_ln42_37 = sext i16 %a_7" [firmware/nnet_utils/nnet_batchnorm_stream.h:42]   --->   Operation 34 'sext' 'sext_ln42_37' <Predicate = true> <Delay = 0.00>
ST_2 : Operation 35 [1/1] (3.57ns)   --->   "%mul_ln42_42 = mul i26 %sext_ln42_37, i26 939" [firmware/nnet_utils/nnet_batchnorm_stream.h:42]   --->   Operation 35 'mul' 'mul_ln42_42' <Predicate = true> <Delay = 3.57> <CoreInst = "Multiplier">   --->   Core 3 'Multiplier' <Latency = 0> <II = 1> <Delay = 3.57> <FuncUnit> <Opcode : 'mul'> <InPorts = 2> <OutPorts = 1>

State 3 <SV = 2> <Delay = 3.28>
ST_3 : Operation 36 [1/1] (0.00ns)   --->   "%specpipeline_ln26 = specpipeline void @_ssdm_op_SpecPipeline, i32 1, i32 0, i32 0, i32 0, i32 4294967295, void @empty_1" [firmware/nnet_utils/nnet_batchnorm_stream.h:26]   --->   Operation 36 'specpipeline' 'specpipeline_ln26' <Predicate = true> <Delay = 0.00>
ST_3 : Operation 37 [1/1] (0.00ns)   --->   "%speclooptripcount_ln25 = speclooptripcount void @_ssdm_op_SpecLoopTripCount, i64 4096, i64 4096, i64 4096" [firmware/nnet_utils/nnet_batchnorm_stream.h:25]   --->   Operation 37 'speclooptripcount' 'speclooptripcount_ln25' <Predicate = true> <Delay = 0.00>
ST_3 : Operation 38 [1/1] (0.00ns)   --->   "%specloopname_ln25 = specloopname void @_ssdm_op_SpecLoopName, void @empty_5" [firmware/nnet_utils/nnet_batchnorm_stream.h:25]   --->   Operation 38 'specloopname' 'specloopname_ln25' <Predicate = true> <Delay = 0.00>
ST_3 : Operation 39 [1/1] (1.46ns)   --->   "%add_ln42 = add i26 %mul_ln42, i26 304128" [firmware/nnet_utils/nnet_batchnorm_stream.h:42]   --->   Operation 39 'add' 'add_ln42' <Predicate = true> <Delay = 1.46> <CoreInst = "Adder">   --->   Core 1 'Adder' <Latency = 0> <II = 1> <Delay = 1.46> <FuncUnit> <Opcode : 'add' 'sub'> <InPorts = 2> <OutPorts = 1>
ST_3 : Operation 40 [1/1] (0.00ns)   --->   "%trunc_ln = partselect i16 @_ssdm_op_PartSelect.i16.i26.i32.i32, i26 %add_ln42, i32 10, i32 25" [firmware/nnet_utils/nnet_batchnorm_stream.h:41]   --->   Operation 40 'partselect' 'trunc_ln' <Predicate = true> <Delay = 0.00>
ST_3 : Operation 41 [1/1] (1.46ns)   --->   "%add_ln42_15 = add i26 %mul_ln42_38, i26 67103744" [firmware/nnet_utils/nnet_batchnorm_stream.h:42]   --->   Operation 41 'add' 'add_ln42_15' <Predicate = true> <Delay = 1.46> <CoreInst = "Adder">   --->   Core 1 'Adder' <Latency = 0> <II = 1> <Delay = 1.46> <FuncUnit> <Opcode : 'add' 'sub'> <InPorts = 2> <OutPorts = 1>
ST_3 : Operation 42 [1/1] (0.00ns)   --->   "%trunc_ln41_s = partselect i16 @_ssdm_op_PartSelect.i16.i26.i32.i32, i26 %add_ln42_15, i32 10, i32 25" [firmware/nnet_utils/nnet_batchnorm_stream.h:41]   --->   Operation 42 'partselect' 'trunc_ln41_s' <Predicate = true> <Delay = 0.00>
ST_3 : Operation 43 [1/1] (1.46ns)   --->   "%add_ln42_16 = add i26 %mul_ln42_39, i26 51200" [firmware/nnet_utils/nnet_batchnorm_stream.h:42]   --->   Operation 43 'add' 'add_ln42_16' <Predicate = true> <Delay = 1.46> <CoreInst = "Adder">   --->   Core 1 'Adder' <Latency = 0> <II = 1> <Delay = 1.46> <FuncUnit> <Opcode : 'add' 'sub'> <InPorts = 2> <OutPorts = 1>
ST_3 : Operation 44 [1/1] (0.00ns)   --->   "%trunc_ln41_5 = partselect i16 @_ssdm_op_PartSelect.i16.i26.i32.i32, i26 %add_ln42_16, i32 10, i32 25" [firmware/nnet_utils/nnet_batchnorm_stream.h:41]   --->   Operation 44 'partselect' 'trunc_ln41_5' <Predicate = true> <Delay = 0.00>
ST_3 : Operation 45 [1/1] (1.46ns)   --->   "%add_ln42_17 = add i26 %mul_ln42_40, i26 67094528" [firmware/nnet_utils/nnet_batchnorm_stream.h:42]   --->   Operation 45 'add' 'add_ln42_17' <Predicate = true> <Delay = 1.46> <CoreInst = "Adder">   --->   Core 1 'Adder' <Latency = 0> <II = 1> <Delay = 1.46> <FuncUnit> <Opcode : 'add' 'sub'> <InPorts = 2> <OutPorts = 1>
ST_3 : Operation 46 [1/1] (0.00ns)   --->   "%trunc_ln41_6 = partselect i16 @_ssdm_op_PartSelect.i16.i26.i32.i32, i26 %add_ln42_17, i32 10, i32 25" [firmware/nnet_utils/nnet_batchnorm_stream.h:41]   --->   Operation 46 'partselect' 'trunc_ln41_6' <Predicate = true> <Delay = 0.00>
ST_3 : Operation 47 [1/1] (1.46ns)   --->   "%add_ln42_18 = add i26 %mul_ln42_41, i26 66904064" [firmware/nnet_utils/nnet_batchnorm_stream.h:42]   --->   Operation 47 'add' 'add_ln42_18' <Predicate = true> <Delay = 1.46> <CoreInst = "Adder">   --->   Core 1 'Adder' <Latency = 0> <II = 1> <Delay = 1.46> <FuncUnit> <Opcode : 'add' 'sub'> <InPorts = 2> <OutPorts = 1>
ST_3 : Operation 48 [1/1] (0.00ns)   --->   "%trunc_ln41_7 = partselect i16 @_ssdm_op_PartSelect.i16.i26.i32.i32, i26 %add_ln42_18, i32 10, i32 25" [firmware/nnet_utils/nnet_batchnorm_stream.h:41]   --->   Operation 48 'partselect' 'trunc_ln41_7' <Predicate = true> <Delay = 0.00>
ST_3 : Operation 49 [1/1] (1.46ns)   --->   "%add_ln42_19 = add i26 %mul_ln42_42, i26 88064" [firmware/nnet_utils/nnet_batchnorm_stream.h:42]   --->   Operation 49 'add' 'add_ln42_19' <Predicate = true> <Delay = 1.46> <CoreInst = "Adder">   --->   Core 1 'Adder' <Latency = 0> <II = 1> <Delay = 1.46> <FuncUnit> <Opcode : 'add' 'sub'> <InPorts = 2> <OutPorts = 1>
ST_3 : Operation 50 [1/1] (0.00ns)   --->   "%trunc_ln41_8 = partselect i16 @_ssdm_op_PartSelect.i16.i26.i32.i32, i26 %add_ln42_19, i32 10, i32 25" [firmware/nnet_utils/nnet_batchnorm_stream.h:41]   --->   Operation 50 'partselect' 'trunc_ln41_8' <Predicate = true> <Delay = 0.00>
ST_3 : Operation 51 [1/1] (0.00ns)   --->   "%or_ln46_s = bitconcatenate i96 @_ssdm_op_BitConcatenate.i96.i16.i16.i16.i16.i16.i16, i16 %trunc_ln41_8, i16 %trunc_ln41_7, i16 %trunc_ln41_6, i16 %trunc_ln41_5, i16 %trunc_ln41_s, i16 %trunc_ln" [firmware/nnet_utils/nnet_batchnorm_stream.h:46]   --->   Operation 51 'bitconcatenate' 'or_ln46_s' <Predicate = true> <Delay = 0.00>
ST_3 : Operation 52 [1/1] ( I:1.82ns O:1.82ns )   --->   "%write_ln46 = write void @_ssdm_op_Write.ap_fifo.volatile.i96P0A, i96 %layer13_out, i96 %or_ln46_s" [firmware/nnet_utils/nnet_batchnorm_stream.h:46]   --->   Operation 52 'write' 'write_ln46' <Predicate = true> <Delay = 1.82> <CoreInst = "FIFO_SRL">   --->   Core 80 'FIFO_SRL' <Latency = 0> <II = 1> <Delay = 2.26> <Storage> <Opcode : 'read' 'write' 'nbread' 'nbwrite'> <Ports = 0> <Width = 96> <Depth = 2> <FIFO>
ST_3 : Operation 53 [1/1] (0.53ns)   --->   "%ret_ln48 = ret" [firmware/nnet_utils/nnet_batchnorm_stream.h:48]   --->   Operation 53 'ret' 'ret_ln48' <Predicate = (icmp_ln25)> <Delay = 0.53>


============================================================
+ Verbose Summary: Timing violations
============================================================
Target clock period: 5.000ns, clock uncertainty: 1.350ns.

 <State 1>: 2.428ns
The critical path consists of the following:
	'store' operation ('store_ln25', firmware/nnet_utils/nnet_batchnorm_stream.h:25) of constant 0 12 bit on local variable 'i', firmware/nnet_utils/nnet_batchnorm_stream.h:25 [7]  (0.538 ns)
	'load' operation 12 bit ('i', firmware/nnet_utils/nnet_batchnorm_stream.h:25) on local variable 'i', firmware/nnet_utils/nnet_batchnorm_stream.h:25 [10]  (0.000 ns)
	'add' operation 12 bit ('i', firmware/nnet_utils/nnet_batchnorm_stream.h:25) [47]  (1.352 ns)
	'store' operation ('store_ln25', firmware/nnet_utils/nnet_batchnorm_stream.h:25) of variable 'i', firmware/nnet_utils/nnet_batchnorm_stream.h:25 12 bit on local variable 'i', firmware/nnet_utils/nnet_batchnorm_stream.h:25 [49]  (0.538 ns)

 <State 2>: 3.570ns
The critical path consists of the following:
	'mul' operation 26 bit ('mul_ln42', firmware/nnet_utils/nnet_batchnorm_stream.h:42) [22]  (3.570 ns)

 <State 3>: 3.286ns
The critical path consists of the following:
	'add' operation 26 bit ('add_ln42', firmware/nnet_utils/nnet_batchnorm_stream.h:42) [23]  (1.461 ns)
	fifo write operation ('write_ln46', firmware/nnet_utils/nnet_batchnorm_stream.h:46) on port 'layer13_out' (firmware/nnet_utils/nnet_batchnorm_stream.h:46) [46]  (1.825 ns)


============================================================
+ Verbose Summary: Binding
============================================================
N/A
* FSMD analyzer results:
  - Output states:
 - Input state : 
  - Chain level:
	State 1
	State 2
	State 3


============================================================
+ Verbose Summary: Datapath Resource usage 
============================================================
N/A
