

================================================================
== Vitis HLS Report for 'normalize_array_ap_fixed_4u_array_ap_fixed_16_6_5_3_0_4u_config6_s'
================================================================
* Date:           Thu Apr 23 22:46:30 2026

* Version:        2025.2 (Build 6295257 on Nov 14 2025)
* Project:        folo_prj
* Solution:       solution1 (Vivado IP Flow Target)
* Product family: kintexu
* Target device:  xcku035-fbva676-2-e


================================================================
== Performance Estimates
================================================================
+ Timing: 
    * Summary: 
    +--------+---------+----------+------------+
    |  Clock |  Target | Estimated| Uncertainty|
    +--------+---------+----------+------------+
    |ap_clk  |  5.00 ns|  3.570 ns|     1.35 ns|
    +--------+---------+----------+------------+

+ Latency: 
    * Summary: 
    +---------+---------+-----------+-----------+-------+-------+------------------------------------------------+
    |  Latency (cycles) |   Latency (absolute)  |    Interval   |                    Pipeline                    |
    |   min   |   max   |    min    |    max    |  min  |  max  |                      Type                      |
    +---------+---------+-----------+-----------+-------+-------+------------------------------------------------+
    |    16387|    16387|  81.935 us|  81.935 us|  16384|  16384|  loop auto-rewind stp (delay=0 clock cycles(s))|
    +---------+---------+-----------+-----------+-------+-------+------------------------------------------------+

    + Detail: 
        * Instance: 
        N/A

        * Loop: 
        +-----------------+---------+---------+----------+-----------+-----------+-------+----------+
        |                 |  Latency (cycles) | Iteration|  Initiation Interval  |  Trip |          |
        |    Loop Name    |   min   |   max   |  Latency |  achieved |   target  | Count | Pipelined|
        +-----------------+---------+---------+----------+-----------+-----------+-------+----------+
        |- BatchNormLoop  |    16385|    16385|         3|          1|          1|  16384|       yes|
        +-----------------+---------+---------+----------+-----------+-----------+-------+----------+

============================================================
+ Verbose Summary: Synthesis Manager
============================================================
InlineROM: 1
ExposeGlobal: 0
============================================================
+ Verbose Summary: CDFG Model
============================================================
IsTopModel: 0
ResetActiveHigh: 1
IsCombinational: 2
IsDatapathOnly: 0
HasWiredReturn: 1
HasMFsm: 2
HasVarLatency: 1
IsPipeline: 0
IsRtlPipelined: 0
IsInstanceOverlapped: 0
IsDontTouch: 0
HasImplIP: 0
IsGatedGlobalClock: 0

+ Individual pipeline summary: 
  * Pipeline-0: initiation interval (II) = 1, depth = 3


============================================================
+ Verbose Summary: Schedule
============================================================
* Number of FSM states : 3
* Pipeline : 1
  Pipeline-0 : II = 1, D = 3, States = { 1 2 3 }
* Dataflow Pipeline: 0

* FSM state transitions: 
1 --> 2 
2 --> 3 
3 --> 

* FSM state operations: 

State 1 <SV = 0> <Delay = 2.46>
ST_1 : Operation 6 [1/1] (0.00ns)   --->   "%i_021 = alloca i32 1" [firmware/nnet_utils/nnet_batchnorm_stream.h:25]   --->   Operation 6 'alloca' 'i_021' <Predicate = true> <Delay = 0.00>
ST_1 : Operation 7 [1/1] (0.00ns)   --->   "%specinterface_ln0 = specinterface void @_ssdm_op_SpecInterface, i64 %layer6_out, void @empty_2, i32 0, i32 0, void @empty_1, i32 0, i32 0, void @empty_1, void @empty_1, void @empty_1, i32 0, i32 0, i32 0, i32 0, void @empty_1, void @empty_1, i32 4294967295, i32 0, i32 0, i32 0"   --->   Operation 7 'specinterface' 'specinterface_ln0' <Predicate = true> <Delay = 0.00>
ST_1 : Operation 8 [1/1] (0.00ns)   --->   "%specinterface_ln0 = specinterface void @_ssdm_op_SpecInterface, i64 %layer5_out, void @empty_2, i32 0, i32 0, void @empty_1, i32 0, i32 0, void @empty_1, void @empty_1, void @empty_1, i32 0, i32 0, i32 0, i32 0, void @empty_1, void @empty_1, i32 4294967295, i32 0, i32 0, i32 0"   --->   Operation 8 'specinterface' 'specinterface_ln0' <Predicate = true> <Delay = 0.00>
ST_1 : Operation 9 [1/1] (0.00ns)   --->   "%specresourcelimit_ln22 = specresourcelimit void @_ssdm_op_SpecResourceLimit, i64 65536, void @empty_3, void @empty_1, void @empty_1, void @empty_1" [firmware/nnet_utils/nnet_batchnorm_stream.h:22]   --->   Operation 9 'specresourcelimit' 'specresourcelimit_ln22' <Predicate = true> <Delay = 0.00>
ST_1 : Operation 10 [1/1] (0.53ns)   --->   "%store_ln25 = store i14 0, i14 %i_021" [firmware/nnet_utils/nnet_batchnorm_stream.h:25]   --->   Operation 10 'store' 'store_ln25' <Predicate = true> <Delay = 0.53>
ST_1 : Operation 11 [1/1] (0.00ns)   --->   "%br_ln25 = br void %BatchNormpack.split" [firmware/nnet_utils/nnet_batchnorm_stream.h:25]   --->   Operation 11 'br' 'br_ln25' <Predicate = true> <Delay = 0.00>
ST_1 : Operation 12 [1/1] (0.00ns)   --->   "%i_33 = load i14 %i_021" [firmware/nnet_utils/nnet_batchnorm_stream.h:25]   --->   Operation 12 'load' 'i_33' <Predicate = true> <Delay = 0.00>
ST_1 : Operation 13 [1/1] ( I:1.82ns O:1.82ns )   --->   "%layer5_out_read = read i64 @_ssdm_op_Read.ap_fifo.volatile.i64P0A, i64 %layer5_out" [firmware/nnet_utils/nnet_batchnorm_stream.h:28]   --->   Operation 13 'read' 'layer5_out_read' <Predicate = true> <Delay = 1.82> <CoreInst = "FIFO_SRL">   --->   Core 80 'FIFO_SRL' <Latency = 0> <II = 1> <Delay = 2.26> <Storage> <Opcode : 'read' 'write' 'nbread' 'nbwrite'> <Ports = 0> <Width = 64> <Depth = 1> <FIFO>
ST_1 : Operation 14 [1/1] (0.00ns)   --->   "%a = trunc i64 %layer5_out_read" [firmware/nnet_utils/nnet_batchnorm_stream.h:28]   --->   Operation 14 'trunc' 'a' <Predicate = true> <Delay = 0.00>
ST_1 : Operation 15 [1/1] (0.00ns)   --->   "%a_19 = partselect i16 @_ssdm_op_PartSelect.i16.i64.i32.i32, i64 %layer5_out_read, i32 16, i32 31" [firmware/nnet_utils/nnet_batchnorm_stream.h:28]   --->   Operation 15 'partselect' 'a_19' <Predicate = true> <Delay = 0.00>
ST_1 : Operation 16 [1/1] (0.00ns)   --->   "%a_12 = partselect i16 @_ssdm_op_PartSelect.i16.i64.i32.i32, i64 %layer5_out_read, i32 32, i32 47" [firmware/nnet_utils/nnet_batchnorm_stream.h:28]   --->   Operation 16 'partselect' 'a_12' <Predicate = true> <Delay = 0.00>
ST_1 : Operation 17 [1/1] (0.00ns)   --->   "%a_13 = partselect i16 @_ssdm_op_PartSelect.i16.i64.i32.i32, i64 %layer5_out_read, i32 48, i32 63" [firmware/nnet_utils/nnet_batchnorm_stream.h:28]   --->   Operation 17 'partselect' 'a_13' <Predicate = true> <Delay = 0.00>
ST_1 : Operation 18 [1/1] (1.38ns)   --->   "%i = add i14 %i_33, i14 1" [firmware/nnet_utils/nnet_batchnorm_stream.h:25]   --->   Operation 18 'add' 'i' <Predicate = true> <Delay = 1.38> <CoreInst = "Adder">   --->   Core 1 'Adder' <Latency = 0> <II = 1> <Delay = 1.38> <FuncUnit> <Opcode : 'add' 'sub'> <InPorts = 2> <OutPorts = 1>
ST_1 : Operation 19 [1/1] (1.38ns)   --->   "%icmp_ln25 = icmp_eq  i14 %i_33, i14 16383" [firmware/nnet_utils/nnet_batchnorm_stream.h:25]   --->   Operation 19 'icmp' 'icmp_ln25' <Predicate = true> <Delay = 1.38> <CoreInst = "Cmp">   --->   Core 9 'Cmp' <Latency = 0> <II = 1> <Delay = 1.38> <FuncUnit> <Opcode : 'seteq' 'setne' 'setle' 'setge' 'setlt' 'setgt'> <InPorts = 2> <OutPorts = 1>
ST_1 : Operation 20 [1/1] (0.53ns)   --->   "%store_ln25 = store i14 %i, i14 %i_021" [firmware/nnet_utils/nnet_batchnorm_stream.h:25]   --->   Operation 20 'store' 'store_ln25' <Predicate = true> <Delay = 0.53>
ST_1 : Operation 21 [1/1] (0.00ns)   --->   "%br_ln25 = br i1 %icmp_ln25, void %BatchNormpack.split, void %for.end14" [firmware/nnet_utils/nnet_batchnorm_stream.h:25]   --->   Operation 21 'br' 'br_ln25' <Predicate = true> <Delay = 0.00>

State 2 <SV = 1> <Delay = 3.57>
ST_2 : Operation 22 [1/1] (0.00ns)   --->   "%sext_ln42 = sext i16 %a" [firmware/nnet_utils/nnet_batchnorm_stream.h:42]   --->   Operation 22 'sext' 'sext_ln42' <Predicate = true> <Delay = 0.00>
ST_2 : Operation 23 [1/1] (3.57ns)   --->   "%mul_ln42 = mul i26 %sext_ln42, i26 2623" [firmware/nnet_utils/nnet_batchnorm_stream.h:42]   --->   Operation 23 'mul' 'mul_ln42' <Predicate = true> <Delay = 3.57> <CoreInst = "Multiplier">   --->   Core 3 'Multiplier' <Latency = 0> <II = 1> <Delay = 3.57> <FuncUnit> <Opcode : 'mul'> <InPorts = 2> <OutPorts = 1>
ST_2 : Operation 24 [1/1] (0.00ns)   --->   "%sext_ln42_43 = sext i16 %a_19" [firmware/nnet_utils/nnet_batchnorm_stream.h:42]   --->   Operation 24 'sext' 'sext_ln42_43' <Predicate = true> <Delay = 0.00>
ST_2 : Operation 25 [1/1] (3.57ns)   --->   "%mul_ln42_48 = mul i26 %sext_ln42_43, i26 3360" [firmware/nnet_utils/nnet_batchnorm_stream.h:42]   --->   Operation 25 'mul' 'mul_ln42_48' <Predicate = true> <Delay = 3.57> <CoreInst = "Multiplier">   --->   Core 3 'Multiplier' <Latency = 0> <II = 1> <Delay = 3.57> <FuncUnit> <Opcode : 'mul'> <InPorts = 2> <OutPorts = 1>
ST_2 : Operation 26 [1/1] (0.00ns)   --->   "%sext_ln42_44 = sext i16 %a_12" [firmware/nnet_utils/nnet_batchnorm_stream.h:42]   --->   Operation 26 'sext' 'sext_ln42_44' <Predicate = true> <Delay = 0.00>
ST_2 : Operation 27 [1/1] (3.57ns)   --->   "%mul_ln42_49 = mul i26 %sext_ln42_44, i26 1878" [firmware/nnet_utils/nnet_batchnorm_stream.h:42]   --->   Operation 27 'mul' 'mul_ln42_49' <Predicate = true> <Delay = 3.57> <CoreInst = "Multiplier">   --->   Core 3 'Multiplier' <Latency = 0> <II = 1> <Delay = 3.57> <FuncUnit> <Opcode : 'mul'> <InPorts = 2> <OutPorts = 1>
ST_2 : Operation 28 [1/1] (0.00ns)   --->   "%sext_ln42_45 = sext i16 %a_13" [firmware/nnet_utils/nnet_batchnorm_stream.h:42]   --->   Operation 28 'sext' 'sext_ln42_45' <Predicate = true> <Delay = 0.00>
ST_2 : Operation 29 [1/1] (3.57ns)   --->   "%mul_ln42_50 = mul i26 %sext_ln42_45, i26 3234" [firmware/nnet_utils/nnet_batchnorm_stream.h:42]   --->   Operation 29 'mul' 'mul_ln42_50' <Predicate = true> <Delay = 3.57> <CoreInst = "Multiplier">   --->   Core 3 'Multiplier' <Latency = 0> <II = 1> <Delay = 3.57> <FuncUnit> <Opcode : 'mul'> <InPorts = 2> <OutPorts = 1>

State 3 <SV = 2> <Delay = 3.28>
ST_3 : Operation 30 [1/1] (0.00ns)   --->   "%specpipeline_ln26 = specpipeline void @_ssdm_op_SpecPipeline, i32 1, i32 0, i32 0, i32 0, i32 4294967295, void @empty_1" [firmware/nnet_utils/nnet_batchnorm_stream.h:26]   --->   Operation 30 'specpipeline' 'specpipeline_ln26' <Predicate = true> <Delay = 0.00>
ST_3 : Operation 31 [1/1] (0.00ns)   --->   "%speclooptripcount_ln25 = speclooptripcount void @_ssdm_op_SpecLoopTripCount, i64 16384, i64 16384, i64 16384" [firmware/nnet_utils/nnet_batchnorm_stream.h:25]   --->   Operation 31 'speclooptripcount' 'speclooptripcount_ln25' <Predicate = true> <Delay = 0.00>
ST_3 : Operation 32 [1/1] (0.00ns)   --->   "%specloopname_ln25 = specloopname void @_ssdm_op_SpecLoopName, void @empty_5" [firmware/nnet_utils/nnet_batchnorm_stream.h:25]   --->   Operation 32 'specloopname' 'specloopname_ln25' <Predicate = true> <Delay = 0.00>
ST_3 : Operation 33 [1/1] (1.46ns)   --->   "%add_ln42 = add i26 %mul_ln42, i26 207872" [firmware/nnet_utils/nnet_batchnorm_stream.h:42]   --->   Operation 33 'add' 'add_ln42' <Predicate = true> <Delay = 1.46> <CoreInst = "Adder">   --->   Core 1 'Adder' <Latency = 0> <II = 1> <Delay = 1.46> <FuncUnit> <Opcode : 'add' 'sub'> <InPorts = 2> <OutPorts = 1>
ST_3 : Operation 34 [1/1] (0.00ns)   --->   "%trunc_ln = partselect i16 @_ssdm_op_PartSelect.i16.i26.i32.i32, i26 %add_ln42, i32 10, i32 25" [firmware/nnet_utils/nnet_batchnorm_stream.h:41]   --->   Operation 34 'partselect' 'trunc_ln' <Predicate = true> <Delay = 0.00>
ST_3 : Operation 35 [1/1] (1.46ns)   --->   "%add_ln42_25 = add i26 %mul_ln42_48, i26 66459648" [firmware/nnet_utils/nnet_batchnorm_stream.h:42]   --->   Operation 35 'add' 'add_ln42_25' <Predicate = true> <Delay = 1.46> <CoreInst = "Adder">   --->   Core 1 'Adder' <Latency = 0> <II = 1> <Delay = 1.46> <FuncUnit> <Opcode : 'add' 'sub'> <InPorts = 2> <OutPorts = 1>
ST_3 : Operation 36 [1/1] (1.46ns)   --->   "%add_ln42_26 = add i26 %mul_ln42_49, i26 66661376" [firmware/nnet_utils/nnet_batchnorm_stream.h:42]   --->   Operation 36 'add' 'add_ln42_26' <Predicate = true> <Delay = 1.46> <CoreInst = "Adder">   --->   Core 1 'Adder' <Latency = 0> <II = 1> <Delay = 1.46> <FuncUnit> <Opcode : 'add' 'sub'> <InPorts = 2> <OutPorts = 1>
ST_3 : Operation 37 [1/1] (1.46ns)   --->   "%add_ln42_27 = add i26 %mul_ln42_50, i26 66905088" [firmware/nnet_utils/nnet_batchnorm_stream.h:42]   --->   Operation 37 'add' 'add_ln42_27' <Predicate = true> <Delay = 1.46> <CoreInst = "Adder">   --->   Core 1 'Adder' <Latency = 0> <II = 1> <Delay = 1.46> <FuncUnit> <Opcode : 'add' 'sub'> <InPorts = 2> <OutPorts = 1>
ST_3 : Operation 38 [1/1] (0.00ns)   --->   "%trunc_ln9 = partselect i16 @_ssdm_op_PartSelect.i16.i26.i32.i32, i26 %add_ln42_25, i32 10, i32 25" [firmware/nnet_utils/nnet_batchnorm_stream.h:46]   --->   Operation 38 'partselect' 'trunc_ln9' <Predicate = true> <Delay = 0.00>
ST_3 : Operation 39 [1/1] (0.00ns)   --->   "%trunc_ln46_1 = partselect i16 @_ssdm_op_PartSelect.i16.i26.i32.i32, i26 %add_ln42_26, i32 10, i32 25" [firmware/nnet_utils/nnet_batchnorm_stream.h:46]   --->   Operation 39 'partselect' 'trunc_ln46_1' <Predicate = true> <Delay = 0.00>
ST_3 : Operation 40 [1/1] (0.00ns)   --->   "%trunc_ln46_2 = partselect i16 @_ssdm_op_PartSelect.i16.i26.i32.i32, i26 %add_ln42_27, i32 10, i32 25" [firmware/nnet_utils/nnet_batchnorm_stream.h:46]   --->   Operation 40 'partselect' 'trunc_ln46_2' <Predicate = true> <Delay = 0.00>
ST_3 : Operation 41 [1/1] (0.00ns)   --->   "%or_ln46_s = bitconcatenate i64 @_ssdm_op_BitConcatenate.i64.i16.i16.i16.i16, i16 %trunc_ln46_2, i16 %trunc_ln46_1, i16 %trunc_ln9, i16 %trunc_ln" [firmware/nnet_utils/nnet_batchnorm_stream.h:46]   --->   Operation 41 'bitconcatenate' 'or_ln46_s' <Predicate = true> <Delay = 0.00>
ST_3 : Operation 42 [1/1] ( I:1.82ns O:1.82ns )   --->   "%write_ln46 = write void @_ssdm_op_Write.ap_fifo.volatile.i64P0A, i64 %layer6_out, i64 %or_ln46_s" [firmware/nnet_utils/nnet_batchnorm_stream.h:46]   --->   Operation 42 'write' 'write_ln46' <Predicate = true> <Delay = 1.82> <CoreInst = "FIFO_SRL">   --->   Core 80 'FIFO_SRL' <Latency = 0> <II = 1> <Delay = 2.26> <Storage> <Opcode : 'read' 'write' 'nbread' 'nbwrite'> <Ports = 0> <Width = 64> <Depth = 2> <FIFO>
ST_3 : Operation 43 [1/1] (0.53ns)   --->   "%ret_ln48 = ret" [firmware/nnet_utils/nnet_batchnorm_stream.h:48]   --->   Operation 43 'ret' 'ret_ln48' <Predicate = (icmp_ln25)> <Delay = 0.53>


============================================================
+ Verbose Summary: Binding
============================================================
STG Binding: 
---------------- STG Properties BEGIN ----------------
- Is combinational: 0
- Is one-state seq: 0
- Is datapath-only: 0
- Is pipelined: 0
- Is top level: 0
Port [ Return ] is wired: 1; IO mode=ap_ctrl_hs:ce=0
Port [ layer5_out]:  wired=1; compound=1; hidden=0; nouse=0; global=0; static=0; extern=0; dir=0; type=3; pingpong=0; private_global=0; IO mode=ap_fifo:ce=0
Port [ layer6_out]:  wired=1; compound=1; hidden=0; nouse=0; global=0; static=0; extern=0; dir=1; type=3; pingpong=0; private_global=0; IO mode=ap_fifo:ce=0
---------------- STG Properties END ------------------

---------------- Datapath Model BEGIN ----------------

<LifeTime>
<method=bitvector/>
i_021                  (alloca           ) [ 0100]
specinterface_ln0      (specinterface    ) [ 0000]
specinterface_ln0      (specinterface    ) [ 0000]
specresourcelimit_ln22 (specresourcelimit) [ 0000]
store_ln25             (store            ) [ 0000]
br_ln25                (br               ) [ 0000]
i_33                   (load             ) [ 0000]
layer5_out_read        (read             ) [ 0000]
a                      (trunc            ) [ 0110]
a_19                   (partselect       ) [ 0110]
a_12                   (partselect       ) [ 0110]
a_13                   (partselect       ) [ 0110]
i                      (add              ) [ 0000]
icmp_ln25              (icmp             ) [ 0111]
store_ln25             (store            ) [ 0000]
br_ln25                (br               ) [ 0000]
sext_ln42              (sext             ) [ 0000]
mul_ln42               (mul              ) [ 0101]
sext_ln42_43           (sext             ) [ 0000]
mul_ln42_48            (mul              ) [ 0101]
sext_ln42_44           (sext             ) [ 0000]
mul_ln42_49            (mul              ) [ 0101]
sext_ln42_45           (sext             ) [ 0000]
mul_ln42_50            (mul              ) [ 0101]
specpipeline_ln26      (specpipeline     ) [ 0000]
speclooptripcount_ln25 (speclooptripcount) [ 0000]
specloopname_ln25      (specloopname     ) [ 0000]
add_ln42               (add              ) [ 0000]
trunc_ln               (partselect       ) [ 0000]
add_ln42_25            (add              ) [ 0000]
add_ln42_26            (add              ) [ 0000]
add_ln42_27            (add              ) [ 0000]
trunc_ln9              (partselect       ) [ 0000]
trunc_ln46_1           (partselect       ) [ 0000]
trunc_ln46_2           (partselect       ) [ 0000]
or_ln46_s              (bitconcatenate   ) [ 0000]
write_ln46             (write            ) [ 0000]
ret_ln48               (ret              ) [ 0000]
</LifeTime>

<model>

<comp_list>
<comp id="0" class="1000" name="layer5_out">
<pin_list>
<pin id="1" dir="1" index="0" bw="1" slack="0"/>
</pin_list>
<bind>
<StgValue><ssdm name="layer5_out"/></StgValue>
</bind>
</comp>

<comp id="2" class="1000" name="layer6_out">
<pin_list>
<pin id="3" dir="1" index="0" bw="1" slack="0"/>
</pin_list>
<bind>
<StgValue><ssdm name="layer6_out"/></StgValue>
</bind>
</comp>

<comp id="4" class="1001" name="const_4">
<pin_list>
<pin id="5" dir="1" index="0" bw="1" slack="0"/>
</pin_list>
<bind>
<StgValue><ssdm name=""/></StgValue>
</bind>
</comp>

<comp id="6" class="1001" name="const_6">
<pin_list>
<pin id="7" dir="1" index="0" bw="1" slack="2147483647"/>
</pin_list>
<bind>
<StgValue><ssdm name="_ssdm_op_SpecInterface"/></StgValue>
</bind>
</comp>

<comp id="8" class="1001" name="const_8">
<pin_list>
<pin id="9" dir="1" index="0" bw="1" slack="2147483647"/>
</pin_list>
<bind>
<StgValue><ssdm name="empty_2"/></StgValue>
</bind>
</comp>

<comp id="10" class="1001" name="const_10">
<pin_list>
<pin id="11" dir="1" index="0" bw="1" slack="2147483647"/>
</pin_list>
<bind>
<StgValue><ssdm name=""/></StgValue>
</bind>
</comp>

<comp id="12" class="1001" name="const_12">
<pin_list>
<pin id="13" dir="1" index="0" bw="1" slack="2147483647"/>
</pin_list>
<bind>
<StgValue><ssdm name="empty_1"/></StgValue>
</bind>
</comp>

<comp id="14" class="1001" name="const_14">
<pin_list>
<pin id="15" dir="1" index="0" bw="1" slack="2147483647"/>
</pin_list>
<bind>
<StgValue><ssdm name=""/></StgValue>
</bind>
</comp>

<comp id="16" class="1001" name="const_16">
<pin_list>
<pin id="17" dir="1" index="0" bw="1" slack="2147483647"/>
</pin_list>
<bind>
<StgValue><ssdm name="_ssdm_op_SpecResourceLimit"/></StgValue>
</bind>
</comp>

<comp id="18" class="1001" name="const_18">
<pin_list>
<pin id="19" dir="1" index="0" bw="1" slack="2147483647"/>
</pin_list>
<bind>
<StgValue><ssdm name=""/></StgValue>
</bind>
</comp>

<comp id="20" class="1001" name="const_20">
<pin_list>
<pin id="21" dir="1" index="0" bw="1" slack="2147483647"/>
</pin_list>
<bind>
<StgValue><ssdm name="empty_3"/></StgValue>
</bind>
</comp>

<comp id="22" class="1001" name="const_22">
<pin_list>
<pin id="23" dir="1" index="0" bw="1" slack="0"/>
</pin_list>
<bind>
<StgValue><ssdm name=""/></StgValue>
</bind>
</comp>

<comp id="24" class="1001" name="const_24">
<pin_list>
<pin id="25" dir="1" index="0" bw="1" slack="0"/>
</pin_list>
<bind>
<StgValue><ssdm name="_ssdm_op_Read.ap_fifo.volatile.i64P0A"/></StgValue>
</bind>
</comp>

<comp id="26" class="1001" name="const_26">
<pin_list>
<pin id="27" dir="1" index="0" bw="1" slack="0"/>
</pin_list>
<bind>
<StgValue><ssdm name="_ssdm_op_PartSelect.i16.i64.i32.i32"/></StgValue>
</bind>
</comp>

<comp id="28" class="1001" name="const_28">
<pin_list>
<pin id="29" dir="1" index="0" bw="1" slack="0"/>
</pin_list>
<bind>
<StgValue><ssdm name=""/></StgValue>
</bind>
</comp>

<comp id="30" class="1001" name="const_30">
<pin_list>
<pin id="31" dir="1" index="0" bw="1" slack="0"/>
</pin_list>
<bind>
<StgValue><ssdm name=""/></StgValue>
</bind>
</comp>

<comp id="32" class="1001" name="const_32">
<pin_list>
<pin id="33" dir="1" index="0" bw="1" slack="0"/>
</pin_list>
<bind>
<StgValue><ssdm name=""/></StgValue>
</bind>
</comp>

<comp id="34" class="1001" name="const_34">
<pin_list>
<pin id="35" dir="1" index="0" bw="1" slack="0"/>
</pin_list>
<bind>
<StgValue><ssdm name=""/></StgValue>
</bind>
</comp>

<comp id="36" class="1001" name="const_36">
<pin_list>
<pin id="37" dir="1" index="0" bw="1" slack="0"/>
</pin_list>
<bind>
<StgValue><ssdm name=""/></StgValue>
</bind>
</comp>

<comp id="38" class="1001" name="const_38">
<pin_list>
<pin id="39" dir="1" index="0" bw="1" slack="0"/>
</pin_list>
<bind>
<StgValue><ssdm name=""/></StgValue>
</bind>
</comp>

<comp id="40" class="1001" name="const_40">
<pin_list>
<pin id="41" dir="1" index="0" bw="1" slack="0"/>
</pin_list>
<bind>
<StgValue><ssdm name=""/></StgValue>
</bind>
</comp>

<comp id="42" class="1001" name="const_42">
<pin_list>
<pin id="43" dir="1" index="0" bw="1" slack="0"/>
</pin_list>
<bind>
<StgValue><ssdm name=""/></StgValue>
</bind>
</comp>

<comp id="44" class="1001" name="const_44">
<pin_list>
<pin id="45" dir="1" index="0" bw="1" slack="0"/>
</pin_list>
<bind>
<StgValue><ssdm name=""/></StgValue>
</bind>
</comp>

<comp id="46" class="1001" name="const_46">
<pin_list>
<pin id="47" dir="1" index="0" bw="1" slack="0"/>
</pin_list>
<bind>
<StgValue><ssdm name=""/></StgValue>
</bind>
</comp>

<comp id="48" class="1001" name="const_48">
<pin_list>
<pin id="49" dir="1" index="0" bw="1" slack="0"/>
</pin_list>
<bind>
<StgValue><ssdm name=""/></StgValue>
</bind>
</comp>

<comp id="50" class="1001" name="const_50">
<pin_list>
<pin id="51" dir="1" index="0" bw="1" slack="0"/>
</pin_list>
<bind>
<StgValue><ssdm name=""/></StgValue>
</bind>
</comp>

<comp id="52" class="1001" name="const_52">
<pin_list>
<pin id="53" dir="1" index="0" bw="1" slack="2147483647"/>
</pin_list>
<bind>
<StgValue><ssdm name="_ssdm_op_SpecPipeline"/></StgValue>
</bind>
</comp>

<comp id="54" class="1001" name="const_54">
<pin_list>
<pin id="55" dir="1" index="0" bw="1" slack="2147483647"/>
</pin_list>
<bind>
<StgValue><ssdm name="_ssdm_op_SpecLoopTripCount"/></StgValue>
</bind>
</comp>

<comp id="56" class="1001" name="const_56">
<pin_list>
<pin id="57" dir="1" index="0" bw="1" slack="2147483647"/>
</pin_list>
<bind>
<StgValue><ssdm name=""/></StgValue>
</bind>
</comp>

<comp id="58" class="1001" name="const_58">
<pin_list>
<pin id="59" dir="1" index="0" bw="1" slack="2147483647"/>
</pin_list>
<bind>
<StgValue><ssdm name="_ssdm_op_SpecLoopName"/></StgValue>
</bind>
</comp>

<comp id="60" class="1001" name="const_60">
<pin_list>
<pin id="61" dir="1" index="0" bw="1" slack="2147483647"/>
</pin_list>
<bind>
<StgValue><ssdm name="empty_5"/></StgValue>
</bind>
</comp>

<comp id="62" class="1001" name="const_62">
<pin_list>
<pin id="63" dir="1" index="0" bw="1" slack="0"/>
</pin_list>
<bind>
<StgValue><ssdm name=""/></StgValue>
</bind>
</comp>

<comp id="64" class="1001" name="const_64">
<pin_list>
<pin id="65" dir="1" index="0" bw="1" slack="0"/>
</pin_list>
<bind>
<StgValue><ssdm name="_ssdm_op_PartSelect.i16.i26.i32.i32"/></StgValue>
</bind>
</comp>

<comp id="66" class="1001" name="const_66">
<pin_list>
<pin id="67" dir="1" index="0" bw="1" slack="0"/>
</pin_list>
<bind>
<StgValue><ssdm name=""/></StgValue>
</bind>
</comp>

<comp id="68" class="1001" name="const_68">
<pin_list>
<pin id="69" dir="1" index="0" bw="1" slack="0"/>
</pin_list>
<bind>
<StgValue><ssdm name=""/></StgValue>
</bind>
</comp>

<comp id="70" class="1001" name="const_70">
<pin_list>
<pin id="71" dir="1" index="0" bw="1" slack="0"/>
</pin_list>
<bind>
<StgValue><ssdm name=""/></StgValue>
</bind>
</comp>

<comp id="72" class="1001" name="const_72">
<pin_list>
<pin id="73" dir="1" index="0" bw="1" slack="0"/>
</pin_list>
<bind>
<StgValue><ssdm name=""/></StgValue>
</bind>
</comp>

<comp id="74" class="1001" name="const_74">
<pin_list>
<pin id="75" dir="1" index="0" bw="1" slack="0"/>
</pin_list>
<bind>
<StgValue><ssdm name=""/></StgValue>
</bind>
</comp>

<comp id="76" class="1001" name="const_76">
<pin_list>
<pin id="77" dir="1" index="0" bw="1" slack="0"/>
</pin_list>
<bind>
<StgValue><ssdm name="_ssdm_op_BitConcatenate.i64.i16.i16.i16.i16"/></StgValue>
</bind>
</comp>

<comp id="78" class="1001" name="const_78">
<pin_list>
<pin id="79" dir="1" index="0" bw="1" slack="0"/>
</pin_list>
<bind>
<StgValue><ssdm name="_ssdm_op_Write.ap_fifo.volatile.i64P0A"/></StgValue>
</bind>
</comp>

<comp id="80" class="1004" name="i_021_fu_80">
<pin_list>
<pin id="81" dir="0" index="0" bw="1" slack="0"/>
<pin id="82" dir="1" index="1" bw="14" slack="0"/>
</pin_list>
<bind>
<opcode="alloca(26) " fcode="alloca"/>
<opset="i_021/1 "/>
</bind>
</comp>

<comp id="84" class="1004" name="layer5_out_read_read_fu_84">
<pin_list>
<pin id="85" dir="0" index="0" bw="64" slack="0"/>
<pin id="86" dir="0" index="1" bw="64" slack="0"/>
<pin id="87" dir="1" index="2" bw="64" slack="0"/>
</pin_list>
<bind>
<opcode="read(1150) " fcode="read"/>
<opset="layer5_out_read/1 "/>
</bind>
</comp>

<comp id="90" class="1004" name="write_ln46_write_fu_90">
<pin_list>
<pin id="91" dir="0" index="0" bw="0" slack="0"/>
<pin id="92" dir="0" index="1" bw="64" slack="0"/>
<pin id="93" dir="0" index="2" bw="64" slack="0"/>
<pin id="94" dir="1" index="3" bw="0" slack="2147483647"/>
</pin_list>
<bind>
<opcode="write(1151) " fcode="write"/>
<opset="write_ln46/3 "/>
</bind>
</comp>

<comp id="21654" class="1004" name="mul_ln42_49_fu_21654">
<pin_list>
<pin id="1114217" dir="0" index="0" bw="16" slack="0"/>
<pin id="1114218" dir="0" index="1" bw="12" slack="0"/>
<pin id="1114219" dir="1" index="2" bw="26" slack="1"/>
</pin_list>
<bind>
<opcode="mul(12) " fcode="mul"/>
<opset="mul_ln42_49/2 "/>
</bind>
</comp>

<comp id="35110" class="1004" name="mul_ln42_fu_35110">
<pin_list>
<pin id="1114209" dir="0" index="0" bw="16" slack="0"/>
<pin id="1114210" dir="0" index="1" bw="13" slack="0"/>
<pin id="1114211" dir="1" index="2" bw="26" slack="1"/>
</pin_list>
<bind>
<opcode="mul(12) " fcode="mul"/>
<opset="mul_ln42/2 "/>
</bind>
</comp>

<comp id="38597" class="1004" name="mul_ln42_48_fu_38597">
<pin_list>
<pin id="1114213" dir="0" index="0" bw="16" slack="0"/>
<pin id="1114214" dir="0" index="1" bw="13" slack="0"/>
<pin id="1114215" dir="1" index="2" bw="26" slack="1"/>
</pin_list>
<bind>
<opcode="mul(12) " fcode="mul"/>
<opset="mul_ln42_48/2 "/>
</bind>
</comp>

<comp id="45559" class="1004" name="mul_ln42_50_fu_45559">
<pin_list>
<pin id="1114221" dir="0" index="0" bw="16" slack="0"/>
<pin id="1114222" dir="0" index="1" bw="13" slack="0"/>
<pin id="1114223" dir="1" index="2" bw="26" slack="1"/>
</pin_list>
<bind>
<opcode="mul(12) " fcode="mul"/>
<opset="mul_ln42_50/2 "/>
</bind>
</comp>

<comp id="1114225" class="1005" name="mul_ln42_reg_1114225">
<pin_list>
<pin id="1114226" dir="0" index="0" bw="26" slack="1"/>
<pin id="1114227" dir="1" index="1" bw="26" slack="1"/>
</pin_list>
<bind>
<opset="mul_ln42 "/>
</bind>
</comp>

<comp id="1114229" class="1005" name="mul_ln42_48_reg_1114229">
<pin_list>
<pin id="1114230" dir="0" index="0" bw="26" slack="1"/>
<pin id="1114231" dir="1" index="1" bw="26" slack="1"/>
</pin_list>
<bind>
<opset="mul_ln42_48 "/>
</bind>
</comp>

<comp id="1114233" class="1005" name="mul_ln42_49_reg_1114233">
<pin_list>
<pin id="1114234" dir="0" index="0" bw="26" slack="1"/>
<pin id="1114235" dir="1" index="1" bw="26" slack="1"/>
</pin_list>
<bind>
<opset="mul_ln42_49 "/>
</bind>
</comp>

<comp id="1114237" class="1005" name="mul_ln42_50_reg_1114237">
<pin_list>
<pin id="1114238" dir="0" index="0" bw="26" slack="1"/>
<pin id="1114239" dir="1" index="1" bw="26" slack="1"/>
</pin_list>
<bind>
<opset="mul_ln42_50 "/>
</bind>
</comp>

<comp id="1114242" class="1004" name="store_ln25_store_fu_1114242">
<pin_list>
<pin id="1114243" dir="0" index="0" bw="1" slack="0"/>
<pin id="1114244" dir="0" index="1" bw="14" slack="0"/>
<pin id="1114245" dir="1" index="2" bw="0" slack="2147483647"/>
</pin_list>
<bind>
<opcode="store(28) " fcode="store"/>
<opset="store_ln25/1 "/>
</bind>
</comp>

<comp id="1114247" class="1004" name="i_33_load_fu_1114247">
<pin_list>
<pin id="1114248" dir="0" index="0" bw="14" slack="0"/>
<pin id="1114249" dir="1" index="1" bw="14" slack="0"/>
</pin_list>
<bind>
<opcode="load(27) " fcode="load"/>
<opset="i_33/1 "/>
</bind>
</comp>

<comp id="1114250" class="1004" name="a_fu_1114250">
<pin_list>
<pin id="1114251" dir="0" index="0" bw="64" slack="0"/>
<pin id="1114252" dir="1" index="1" bw="16" slack="1"/>
</pin_list>
<bind>
<opcode="trunc(33) " fcode="trunc"/>
<opset="a/1 "/>
</bind>
</comp>

<comp id="1114254" class="1004" name="a_19_fu_1114254">
<pin_list>
<pin id="1114255" dir="0" index="0" bw="16" slack="0"/>
<pin id="1114256" dir="0" index="1" bw="64" slack="0"/>
<pin id="1114257" dir="0" index="2" bw="6" slack="0"/>
<pin id="1114258" dir="0" index="3" bw="6" slack="0"/>
<pin id="1114259" dir="1" index="4" bw="16" slack="1"/>
</pin_list>
<bind>
<opcode="partselect(1002) " fcode="partselect"/>
<opset="a_19/1 "/>
</bind>
</comp>

<comp id="1114264" class="1004" name="a_12_fu_1114264">
<pin_list>
<pin id="1114265" dir="0" index="0" bw="16" slack="0"/>
<pin id="1114266" dir="0" index="1" bw="64" slack="0"/>
<pin id="1114267" dir="0" index="2" bw="7" slack="0"/>
<pin id="1114268" dir="0" index="3" bw="7" slack="0"/>
<pin id="1114269" dir="1" index="4" bw="16" slack="1"/>
</pin_list>
<bind>
<opcode="partselect(1002) " fcode="partselect"/>
<opset="a_12/1 "/>
</bind>
</comp>

<comp id="1114274" class="1004" name="a_13_fu_1114274">
<pin_list>
<pin id="1114275" dir="0" index="0" bw="16" slack="0"/>
<pin id="1114276" dir="0" index="1" bw="64" slack="0"/>
<pin id="1114277" dir="0" index="2" bw="7" slack="0"/>
<pin id="1114278" dir="0" index="3" bw="7" slack="0"/>
<pin id="1114279" dir="1" index="4" bw="16" slack="1"/>
</pin_list>
<bind>
<opcode="partselect(1002) " fcode="partselect"/>
<opset="a_13/1 "/>
</bind>
</comp>

<comp id="1114284" class="1004" name="i_fu_1114284">
<pin_list>
<pin id="1114285" dir="0" index="0" bw="14" slack="0"/>
<pin id="1114286" dir="0" index="1" bw="1" slack="0"/>
<pin id="1114287" dir="1" index="2" bw="14" slack="0"/>
</pin_list>
<bind>
<opcode="add(8) " fcode="add"/>
<opset="i/1 "/>
</bind>
</comp>

<comp id="1114290" class="1004" name="icmp_ln25_fu_1114290">
<pin_list>
<pin id="1114291" dir="0" index="0" bw="14" slack="0"/>
<pin id="1114292" dir="0" index="1" bw="1" slack="0"/>
<pin id="1114293" dir="1" index="2" bw="1" slack="2"/>
</pin_list>
<bind>
<opcode="icmp(45) " fcode="icmp"/>
<opset="icmp_ln25/1 "/>
</bind>
</comp>

<comp id="1114296" class="1004" name="store_ln25_store_fu_1114296">
<pin_list>
<pin id="1114297" dir="0" index="0" bw="14" slack="0"/>
<pin id="1114298" dir="0" index="1" bw="14" slack="0"/>
<pin id="1114299" dir="1" index="2" bw="0" slack="2147483647"/>
</pin_list>
<bind>
<opcode="store(28) " fcode="store"/>
<opset="store_ln25/1 "/>
</bind>
</comp>

<comp id="1114301" class="1004" name="sext_ln42_fu_1114301">
<pin_list>
<pin id="1114302" dir="0" index="0" bw="16" slack="1"/>
<pin id="1114303" dir="1" index="1" bw="26" slack="0"/>
</pin_list>
<bind>
<opcode="sext(35) " fcode="sext"/>
<opset="sext_ln42/2 "/>
</bind>
</comp>

<comp id="1114305" class="1004" name="sext_ln42_43_fu_1114305">
<pin_list>
<pin id="1114306" dir="0" index="0" bw="16" slack="1"/>
<pin id="1114307" dir="1" index="1" bw="26" slack="0"/>
</pin_list>
<bind>
<opcode="sext(35) " fcode="sext"/>
<opset="sext_ln42_43/2 "/>
</bind>
</comp>

<comp id="1114309" class="1004" name="sext_ln42_44_fu_1114309">
<pin_list>
<pin id="1114310" dir="0" index="0" bw="16" slack="1"/>
<pin id="1114311" dir="1" index="1" bw="26" slack="0"/>
</pin_list>
<bind>
<opcode="sext(35) " fcode="sext"/>
<opset="sext_ln42_44/2 "/>
</bind>
</comp>

<comp id="1114313" class="1004" name="sext_ln42_45_fu_1114313">
<pin_list>
<pin id="1114314" dir="0" index="0" bw="16" slack="1"/>
<pin id="1114315" dir="1" index="1" bw="26" slack="0"/>
</pin_list>
<bind>
<opcode="sext(35) " fcode="sext"/>
<opset="sext_ln42_45/2 "/>
</bind>
</comp>

<comp id="1114317" class="1004" name="add_ln42_fu_1114317">
<pin_list>
<pin id="1114318" dir="0" index="0" bw="26" slack="1"/>
<pin id="1114319" dir="0" index="1" bw="19" slack="0"/>
<pin id="1114320" dir="1" index="2" bw="26" slack="0"/>
</pin_list>
<bind>
<opcode="add(8) " fcode="add"/>
<opset="add_ln42/3 "/>
</bind>
</comp>

<comp id="1114323" class="1004" name="trunc_ln_fu_1114323">
<pin_list>
<pin id="1114324" dir="0" index="0" bw="16" slack="0"/>
<pin id="1114325" dir="0" index="1" bw="26" slack="0"/>
<pin id="1114326" dir="0" index="2" bw="5" slack="0"/>
<pin id="1114327" dir="0" index="3" bw="6" slack="0"/>
<pin id="1114328" dir="1" index="4" bw="16" slack="0"/>
</pin_list>
<bind>
<opcode="partselect(1002) " fcode="partselect"/>
<opset="trunc_ln/3 "/>
</bind>
</comp>

<comp id="1114333" class="1004" name="add_ln42_25_fu_1114333">
<pin_list>
<pin id="1114334" dir="0" index="0" bw="26" slack="1"/>
<pin id="1114335" dir="0" index="1" bw="21" slack="0"/>
<pin id="1114336" dir="1" index="2" bw="26" slack="0"/>
</pin_list>
<bind>
<opcode="add(8) " fcode="add"/>
<opset="add_ln42_25/3 "/>
</bind>
</comp>

<comp id="1114339" class="1004" name="add_ln42_26_fu_1114339">
<pin_list>
<pin id="1114340" dir="0" index="0" bw="26" slack="1"/>
<pin id="1114341" dir="0" index="1" bw="20" slack="0"/>
<pin id="1114342" dir="1" index="2" bw="26" slack="0"/>
</pin_list>
<bind>
<opcode="add(8) " fcode="add"/>
<opset="add_ln42_26/3 "/>
</bind>
</comp>

<comp id="1114345" class="1004" name="add_ln42_27_fu_1114345">
<pin_list>
<pin id="1114346" dir="0" index="0" bw="26" slack="1"/>
<pin id="1114347" dir="0" index="1" bw="19" slack="0"/>
<pin id="1114348" dir="1" index="2" bw="26" slack="0"/>
</pin_list>
<bind>
<opcode="add(8) " fcode="add"/>
<opset="add_ln42_27/3 "/>
</bind>
</comp>

<comp id="1114351" class="1004" name="trunc_ln9_fu_1114351">
<pin_list>
<pin id="1114352" dir="0" index="0" bw="16" slack="0"/>
<pin id="1114353" dir="0" index="1" bw="26" slack="0"/>
<pin id="1114354" dir="0" index="2" bw="5" slack="0"/>
<pin id="1114355" dir="0" index="3" bw="6" slack="0"/>
<pin id="1114356" dir="1" index="4" bw="16" slack="0"/>
</pin_list>
<bind>
<opcode="partselect(1002) " fcode="partselect"/>
<opset="trunc_ln9/3 "/>
</bind>
</comp>

<comp id="1114361" class="1004" name="trunc_ln46_1_fu_1114361">
<pin_list>
<pin id="1114362" dir="0" index="0" bw="16" slack="0"/>
<pin id="1114363" dir="0" index="1" bw="26" slack="0"/>
<pin id="1114364" dir="0" index="2" bw="5" slack="0"/>
<pin id="1114365" dir="0" index="3" bw="6" slack="0"/>
<pin id="1114366" dir="1" index="4" bw="16" slack="0"/>
</pin_list>
<bind>
<opcode="partselect(1002) " fcode="partselect"/>
<opset="trunc_ln46_1/3 "/>
</bind>
</comp>

<comp id="1114371" class="1004" name="trunc_ln46_2_fu_1114371">
<pin_list>
<pin id="1114372" dir="0" index="0" bw="16" slack="0"/>
<pin id="1114373" dir="0" index="1" bw="26" slack="0"/>
<pin id="1114374" dir="0" index="2" bw="5" slack="0"/>
<pin id="1114375" dir="0" index="3" bw="6" slack="0"/>
<pin id="1114376" dir="1" index="4" bw="16" slack="0"/>
</pin_list>
<bind>
<opcode="partselect(1002) " fcode="partselect"/>
<opset="trunc_ln46_2/3 "/>
</bind>
</comp>

<comp id="1114381" class="1004" name="or_ln46_s_fu_1114381">
<pin_list>
<pin id="1114382" dir="0" index="0" bw="64" slack="0"/>
<pin id="1114383" dir="0" index="1" bw="16" slack="0"/>
<pin id="1114384" dir="0" index="2" bw="16" slack="0"/>
<pin id="1114385" dir="0" index="3" bw="16" slack="0"/>
<pin id="1114386" dir="0" index="4" bw="16" slack="0"/>
<pin id="1114387" dir="1" index="5" bw="64" slack="0"/>
</pin_list>
<bind>
<opcode="bitconcatenate(1004) " fcode="bitconcatenate"/>
<opset="or_ln46_s/3 "/>
</bind>
</comp>

<comp id="1114394" class="1005" name="i_021_reg_1114394">
<pin_list>
<pin id="1114395" dir="0" index="0" bw="14" slack="0"/>
<pin id="1114396" dir="1" index="1" bw="14" slack="0"/>
</pin_list>
<bind>
<opset="i_021 "/>
</bind>
</comp>

<comp id="1114401" class="1005" name="a_reg_1114401">
<pin_list>
<pin id="1114402" dir="0" index="0" bw="16" slack="1"/>
<pin id="1114403" dir="1" index="1" bw="16" slack="1"/>
</pin_list>
<bind>
<opset="a "/>
</bind>
</comp>

<comp id="1114406" class="1005" name="a_19_reg_1114406">
<pin_list>
<pin id="1114407" dir="0" index="0" bw="16" slack="1"/>
<pin id="1114408" dir="1" index="1" bw="16" slack="1"/>
</pin_list>
<bind>
<opset="a_19 "/>
</bind>
</comp>

<comp id="1114411" class="1005" name="a_12_reg_1114411">
<pin_list>
<pin id="1114412" dir="0" index="0" bw="16" slack="1"/>
<pin id="1114413" dir="1" index="1" bw="16" slack="1"/>
</pin_list>
<bind>
<opset="a_12 "/>
</bind>
</comp>

<comp id="1114416" class="1005" name="a_13_reg_1114416">
<pin_list>
<pin id="1114417" dir="0" index="0" bw="16" slack="1"/>
<pin id="1114418" dir="1" index="1" bw="16" slack="1"/>
</pin_list>
<bind>
<opset="a_13 "/>
</bind>
</comp>

<comp id="1114421" class="1005" name="icmp_ln25_reg_1114421">
<pin_list>
<pin id="1114422" dir="0" index="0" bw="1" slack="2"/>
<pin id="1114423" dir="1" index="1" bw="1" slack="2147483647"/>
</pin_list>
<bind>
<opset="icmp_ln25 "/>
</bind>
</comp>

</comp_list>

<net_list>
<net id="83"><net_src comp="4" pin="0"/><net_sink comp="80" pin=0"/></net>

<net id="88"><net_src comp="24" pin="0"/><net_sink comp="84" pin=0"/></net>

<net id="89"><net_src comp="0" pin="0"/><net_sink comp="84" pin=1"/></net>

<net id="95"><net_src comp="78" pin="0"/><net_sink comp="90" pin=0"/></net>

<net id="96"><net_src comp="2" pin="0"/><net_sink comp="90" pin=1"/></net>

<net id="1114212"><net_src comp="44" pin="0"/><net_sink comp="35110" pin=1"/></net>

<net id="1114216"><net_src comp="46" pin="0"/><net_sink comp="38597" pin=1"/></net>

<net id="1114220"><net_src comp="48" pin="0"/><net_sink comp="21654" pin=1"/></net>

<net id="1114224"><net_src comp="50" pin="0"/><net_sink comp="45559" pin=1"/></net>

<net id="1114228"><net_src comp="35110" pin="2"/><net_sink comp="1114225" pin=0"/></net>

<net id="1114232"><net_src comp="38597" pin="2"/><net_sink comp="1114229" pin=0"/></net>

<net id="1114236"><net_src comp="21654" pin="2"/><net_sink comp="1114233" pin=0"/></net>

<net id="1114240"><net_src comp="45559" pin="2"/><net_sink comp="1114237" pin=0"/></net>

<net id="1114246"><net_src comp="22" pin="0"/><net_sink comp="1114242" pin=0"/></net>

<net id="1114253"><net_src comp="84" pin="2"/><net_sink comp="1114250" pin=0"/></net>

<net id="1114260"><net_src comp="26" pin="0"/><net_sink comp="1114254" pin=0"/></net>

<net id="1114261"><net_src comp="84" pin="2"/><net_sink comp="1114254" pin=1"/></net>

<net id="1114262"><net_src comp="28" pin="0"/><net_sink comp="1114254" pin=2"/></net>

<net id="1114263"><net_src comp="30" pin="0"/><net_sink comp="1114254" pin=3"/></net>

<net id="1114270"><net_src comp="26" pin="0"/><net_sink comp="1114264" pin=0"/></net>

<net id="1114271"><net_src comp="84" pin="2"/><net_sink comp="1114264" pin=1"/></net>

<net id="1114272"><net_src comp="32" pin="0"/><net_sink comp="1114264" pin=2"/></net>

<net id="1114273"><net_src comp="34" pin="0"/><net_sink comp="1114264" pin=3"/></net>

<net id="1114280"><net_src comp="26" pin="0"/><net_sink comp="1114274" pin=0"/></net>

<net id="1114281"><net_src comp="84" pin="2"/><net_sink comp="1114274" pin=1"/></net>

<net id="1114282"><net_src comp="36" pin="0"/><net_sink comp="1114274" pin=2"/></net>

<net id="1114283"><net_src comp="38" pin="0"/><net_sink comp="1114274" pin=3"/></net>

<net id="1114288"><net_src comp="1114247" pin="1"/><net_sink comp="1114284" pin=0"/></net>

<net id="1114289"><net_src comp="40" pin="0"/><net_sink comp="1114284" pin=1"/></net>

<net id="1114294"><net_src comp="1114247" pin="1"/><net_sink comp="1114290" pin=0"/></net>

<net id="1114295"><net_src comp="42" pin="0"/><net_sink comp="1114290" pin=1"/></net>

<net id="1114300"><net_src comp="1114284" pin="2"/><net_sink comp="1114296" pin=0"/></net>

<net id="1114304"><net_src comp="1114301" pin="1"/><net_sink comp="35110" pin=0"/></net>

<net id="1114308"><net_src comp="1114305" pin="1"/><net_sink comp="38597" pin=0"/></net>

<net id="1114312"><net_src comp="1114309" pin="1"/><net_sink comp="21654" pin=0"/></net>

<net id="1114316"><net_src comp="1114313" pin="1"/><net_sink comp="45559" pin=0"/></net>

<net id="1114321"><net_src comp="1114225" pin="1"/><net_sink comp="1114317" pin=0"/></net>

<net id="1114322"><net_src comp="62" pin="0"/><net_sink comp="1114317" pin=1"/></net>

<net id="1114329"><net_src comp="64" pin="0"/><net_sink comp="1114323" pin=0"/></net>

<net id="1114330"><net_src comp="1114317" pin="2"/><net_sink comp="1114323" pin=1"/></net>

<net id="1114331"><net_src comp="66" pin="0"/><net_sink comp="1114323" pin=2"/></net>

<net id="1114332"><net_src comp="68" pin="0"/><net_sink comp="1114323" pin=3"/></net>

<net id="1114337"><net_src comp="1114229" pin="1"/><net_sink comp="1114333" pin=0"/></net>

<net id="1114338"><net_src comp="70" pin="0"/><net_sink comp="1114333" pin=1"/></net>

<net id="1114343"><net_src comp="1114233" pin="1"/><net_sink comp="1114339" pin=0"/></net>

<net id="1114344"><net_src comp="72" pin="0"/><net_sink comp="1114339" pin=1"/></net>

<net id="1114349"><net_src comp="1114237" pin="1"/><net_sink comp="1114345" pin=0"/></net>

<net id="1114350"><net_src comp="74" pin="0"/><net_sink comp="1114345" pin=1"/></net>

<net id="1114357"><net_src comp="64" pin="0"/><net_sink comp="1114351" pin=0"/></net>

<net id="1114358"><net_src comp="1114333" pin="2"/><net_sink comp="1114351" pin=1"/></net>

<net id="1114359"><net_src comp="66" pin="0"/><net_sink comp="1114351" pin=2"/></net>

<net id="1114360"><net_src comp="68" pin="0"/><net_sink comp="1114351" pin=3"/></net>

<net id="1114367"><net_src comp="64" pin="0"/><net_sink comp="1114361" pin=0"/></net>

<net id="1114368"><net_src comp="1114339" pin="2"/><net_sink comp="1114361" pin=1"/></net>

<net id="1114369"><net_src comp="66" pin="0"/><net_sink comp="1114361" pin=2"/></net>

<net id="1114370"><net_src comp="68" pin="0"/><net_sink comp="1114361" pin=3"/></net>

<net id="1114377"><net_src comp="64" pin="0"/><net_sink comp="1114371" pin=0"/></net>

<net id="1114378"><net_src comp="1114345" pin="2"/><net_sink comp="1114371" pin=1"/></net>

<net id="1114379"><net_src comp="66" pin="0"/><net_sink comp="1114371" pin=2"/></net>

<net id="1114380"><net_src comp="68" pin="0"/><net_sink comp="1114371" pin=3"/></net>

<net id="1114388"><net_src comp="76" pin="0"/><net_sink comp="1114381" pin=0"/></net>

<net id="1114389"><net_src comp="1114371" pin="4"/><net_sink comp="1114381" pin=1"/></net>

<net id="1114390"><net_src comp="1114361" pin="4"/><net_sink comp="1114381" pin=2"/></net>

<net id="1114391"><net_src comp="1114351" pin="4"/><net_sink comp="1114381" pin=3"/></net>

<net id="1114392"><net_src comp="1114323" pin="4"/><net_sink comp="1114381" pin=4"/></net>

<net id="1114393"><net_src comp="1114381" pin="5"/><net_sink comp="90" pin=2"/></net>

<net id="1114397"><net_src comp="80" pin="1"/><net_sink comp="1114394" pin=0"/></net>

<net id="1114398"><net_src comp="1114394" pin="1"/><net_sink comp="1114242" pin=1"/></net>

<net id="1114399"><net_src comp="1114394" pin="1"/><net_sink comp="1114247" pin=0"/></net>

<net id="1114400"><net_src comp="1114394" pin="1"/><net_sink comp="1114296" pin=1"/></net>

<net id="1114404"><net_src comp="1114250" pin="1"/><net_sink comp="1114401" pin=0"/></net>

<net id="1114405"><net_src comp="1114401" pin="1"/><net_sink comp="1114301" pin=0"/></net>

<net id="1114409"><net_src comp="1114254" pin="4"/><net_sink comp="1114406" pin=0"/></net>

<net id="1114410"><net_src comp="1114406" pin="1"/><net_sink comp="1114305" pin=0"/></net>

<net id="1114414"><net_src comp="1114264" pin="4"/><net_sink comp="1114411" pin=0"/></net>

<net id="1114415"><net_src comp="1114411" pin="1"/><net_sink comp="1114309" pin=0"/></net>

<net id="1114419"><net_src comp="1114274" pin="4"/><net_sink comp="1114416" pin=0"/></net>

<net id="1114420"><net_src comp="1114416" pin="1"/><net_sink comp="1114313" pin=0"/></net>

<net id="1114424"><net_src comp="1114290" pin="2"/><net_sink comp="1114421" pin=0"/></net>

</net_list>

</model> 
---------------- Datapath Model END ------------------

* FSMD analyzer results:
  - Output states:
	Port: layer6_out | {3 }
 - Input state : 
	Port: normalize<array<ap_fixed,4u>,array<ap_fixed<16,6,5,3,0>,4u>,config6> : layer5_out | {1 }
  - Chain level:
	State 1
		store_ln25 : 1
		i_33 : 1
		i : 2
		icmp_ln25 : 2
		store_ln25 : 3
		br_ln25 : 3
	State 2
		mul_ln42 : 1
		mul_ln42_48 : 1
		mul_ln42_49 : 1
		mul_ln42_50 : 1
	State 3
		trunc_ln : 1
		trunc_ln9 : 1
		trunc_ln46_1 : 1
		trunc_ln46_2 : 1
		or_ln46_s : 2
		write_ln46 : 3


============================================================
+ Verbose Summary: Datapath Resource usage 
============================================================

* Functional unit list:
|----------|----------------------------|---------|---------|---------|
| Operation|       Functional Unit      |   DSP   |    FF   |   LUT   |
|----------|----------------------------|---------|---------|---------|
|          |        i_fu_1114284        |    0    |    0    |    21   |
|          |     add_ln42_fu_1114317    |    0    |    0    |    33   |
|    add   |   add_ln42_25_fu_1114333   |    0    |    0    |    33   |
|          |   add_ln42_26_fu_1114339   |    0    |    0    |    33   |
|          |   add_ln42_27_fu_1114345   |    0    |    0    |    33   |
|----------|----------------------------|---------|---------|---------|
|   icmp   |    icmp_ln25_fu_1114290    |    0    |    0    |    21   |
|----------|----------------------------|---------|---------|---------|
|          |    mul_ln42_49_fu_21654    |    1    |    0    |    4    |
|    mul   |      mul_ln42_fu_35110     |    1    |    0    |    4    |
|          |    mul_ln42_48_fu_38597    |    1    |    0    |    4    |
|          |    mul_ln42_50_fu_45559    |    1    |    0    |    4    |
|----------|----------------------------|---------|---------|---------|
|   read   | layer5_out_read_read_fu_84 |    0    |    0    |    0    |
|----------|----------------------------|---------|---------|---------|
|   write  |   write_ln46_write_fu_90   |    0    |    0    |    0    |
|----------|----------------------------|---------|---------|---------|
|   trunc  |        a_fu_1114250        |    0    |    0    |    0    |
|----------|----------------------------|---------|---------|---------|
|          |       a_19_fu_1114254      |    0    |    0    |    0    |
|          |       a_12_fu_1114264      |    0    |    0    |    0    |
|          |       a_13_fu_1114274      |    0    |    0    |    0    |
|partselect|     trunc_ln_fu_1114323    |    0    |    0    |    0    |
|          |    trunc_ln9_fu_1114351    |    0    |    0    |    0    |
|          |   trunc_ln46_1_fu_1114361  |    0    |    0    |    0    |
|          |   trunc_ln46_2_fu_1114371  |    0    |    0    |    0    |
|----------|----------------------------|---------|---------|---------|
|          |    sext_ln42_fu_1114301    |    0    |    0    |    0    |
|   sext   |   sext_ln42_43_fu_1114305  |    0    |    0    |    0    |
|          |   sext_ln42_44_fu_1114309  |    0    |    0    |    0    |
|          |   sext_ln42_45_fu_1114313  |    0    |    0    |    0    |
|----------|----------------------------|---------|---------|---------|
|bitconcatenate|    or_ln46_s_fu_1114381    |    0    |    0    |    0    |
|----------|----------------------------|---------|---------|---------|
|   Total  |                            |    4    |    0    |   190   |
|----------|----------------------------|---------|---------|---------|

Memories:
N/A

* Register list:
+-----------------------+--------+
|                       |   FF   |
+-----------------------+--------+
|    a_12_reg_1114411   |   16   |
|    a_13_reg_1114416   |   16   |
|    a_19_reg_1114406   |   16   |
|     a_reg_1114401     |   16   |
|   i_021_reg_1114394   |   14   |
| icmp_ln25_reg_1114421 |    1   |
|mul_ln42_48_reg_1114229|   26   |
|mul_ln42_49_reg_1114233|   26   |
|mul_ln42_50_reg_1114237|   26   |
|  mul_ln42_reg_1114225 |   26   |
+-----------------------+--------+
|         Total         |   183  |
+-----------------------+--------+

* Multiplexer (MUX) list: 
|--------|------|------|------|--------|
|  Comp  |  Pin | Size |  BW  | S x BW |
|--------|------|------|------|--------|
|  Total |      |      |      |    0   |
|--------|------|------|------|--------|



* Summary:
+-----------+--------+--------+--------+
|           |   DSP  |   FF   |   LUT  |
+-----------+--------+--------+--------+
|  Function |    4   |    0   |   190  |
|   Memory  |    -   |    -   |    -   |
|Multiplexer|    -   |    -   |    -   |
|  Register |    -   |   183  |    -   |
+-----------+--------+--------+--------+
|   Total   |    4   |   183  |   190  |
+-----------+--------+--------+--------+
