

================================================================
== Vitis HLS Report for 'normalize_array_ap_fixed_6u_array_ap_fixed_12_6_5_3_0_6u_config13_s'
================================================================
* Date:           Wed Apr 22 16:02:00 2026

* Version:        2023.2 (Build 4023990 on Oct 11 2023)
* Project:        folo_prj
* Solution:       solution1 (Vivado IP Flow Target)
* Product family: kintexu
* Target device:  xcku035-fbva676-2-e


================================================================
== Performance Estimates
================================================================
+ Timing: 
    * Summary: 
    +--------+---------+----------+------------+
    |  Clock |  Target | Estimated| Uncertainty|
    +--------+---------+----------+------------+
    |ap_clk  |  5.00 ns|  3.434 ns|     1.35 ns|
    +--------+---------+----------+------------+

+ Latency: 
    * Summary: 
    +---------+---------+-----------+-----------+-------+-------+---------+
    |  Latency (cycles) |   Latency (absolute)  |    Interval   | Pipeline|
    |   min   |   max   |    min    |    max    |  min  |  max  |   Type  |
    +---------+---------+-----------+-----------+-------+-------+---------+
    |    16386|    16386|  81.930 us|  81.930 us|  16386|  16386|       no|
    +---------+---------+-----------+-----------+-------+-------+---------+

    + Detail: 
        * Instance: 
        N/A

        * Loop: 
        +-----------------+---------+---------+----------+-----------+-----------+------+----------+
        |                 |  Latency (cycles) | Iteration|  Initiation Interval  | Trip |          |
        |    Loop Name    |   min   |   max   |  Latency |  achieved |   target  | Count| Pipelined|
        +-----------------+---------+---------+----------+-----------+-----------+------+----------+
        |- BatchNormLoop  |    16384|    16384|         4|          4|         16|  4096|       yes|
        +-----------------+---------+---------+----------+-----------+-----------+------+----------+

============================================================
+ Verbose Summary: Synthesis Manager
============================================================
InlineROM: 1
ExposeGlobal: 0
============================================================
+ Verbose Summary: CDFG Model
============================================================
IsTopModel: 0
ResetActiveHigh: 1
IsCombinational: 2
IsDatapathOnly: 0
HasWiredReturn: 1
HasMFsm: 2
HasVarLatency: 1
IsPipeline: 0
IsRtlPipelined: 0
IsInstanceOverlapped: 0
IsDontTouch: 0
HasImplIP: 0
IsGatedGlobalClock: 0

+ Individual pipeline summary: 
  * Pipeline-0: initiation interval (II) = 4, depth = 4


============================================================
+ Verbose Summary: Schedule
============================================================
* Number of FSM states : 4
* Pipeline : 1
  Pipeline-0 : II = 4, D = 4, States = { 1 2 3 4 }
* Dataflow Pipeline: 0

* FSM state transitions: 
1 --> 2 
2 --> 3 
3 --> 4 
4 --> 

* FSM state operations: 

State 1 <SV = 0> <Delay = 2.44>
ST_1 : Operation 7 [1/1] (0.00ns)   --->   "%i_02 = alloca i32 1" [firmware/nnet_utils/nnet_batchnorm_stream.h:25]   --->   Operation 7 'alloca' 'i_02' <Predicate = true> <Delay = 0.00>
ST_1 : Operation 8 [1/1] (0.00ns)   --->   "%specinterface_ln0 = specinterface void @_ssdm_op_SpecInterface, i72 %layer13_out, void @empty_13, i32 0, i32 0, void @empty_8, i32 0, i32 0, void @empty_8, void @empty_8, void @empty_8, i32 0, i32 0, i32 0, i32 0, void @empty_8, void @empty_8, i32 4294967295, i32 0"   --->   Operation 8 'specinterface' 'specinterface_ln0' <Predicate = true> <Delay = 0.00>
ST_1 : Operation 9 [1/1] (0.00ns)   --->   "%specinterface_ln0 = specinterface void @_ssdm_op_SpecInterface, i72 %layer12_out, void @empty_13, i32 0, i32 0, void @empty_8, i32 0, i32 0, void @empty_8, void @empty_8, void @empty_8, i32 0, i32 0, i32 0, i32 0, void @empty_8, void @empty_8, i32 4294967295, i32 0"   --->   Operation 9 'specinterface' 'specinterface_ln0' <Predicate = true> <Delay = 0.00>
ST_1 : Operation 10 [1/1] (0.00ns)   --->   "%specresourcelimit_ln22 = specresourcelimit void @_ssdm_op_SpecResourceLimit, i64 1536, void @empty_7, void @empty_8, void @empty_8, void @empty_8" [firmware/nnet_utils/nnet_batchnorm_stream.h:22]   --->   Operation 10 'specresourcelimit' 'specresourcelimit_ln22' <Predicate = true> <Delay = 0.00>
ST_1 : Operation 11 [1/1] (0.53ns)   --->   "%store_ln25 = store i13 0, i13 %i_02" [firmware/nnet_utils/nnet_batchnorm_stream.h:25]   --->   Operation 11 'store' 'store_ln25' <Predicate = true> <Delay = 0.53>
ST_1 : Operation 12 [1/1] (0.00ns)   --->   "%br_ln25 = br void %BatchNormpack" [firmware/nnet_utils/nnet_batchnorm_stream.h:25]   --->   Operation 12 'br' 'br_ln25' <Predicate = true> <Delay = 0.00>
ST_1 : Operation 13 [1/1] (0.00ns)   --->   "%i = load i13 %i_02" [firmware/nnet_utils/nnet_batchnorm_stream.h:25]   --->   Operation 13 'load' 'i' <Predicate = true> <Delay = 0.00>
ST_1 : Operation 14 [1/1] (1.36ns)   --->   "%icmp_ln25 = icmp_eq  i13 %i, i13 4096" [firmware/nnet_utils/nnet_batchnorm_stream.h:25]   --->   Operation 14 'icmp' 'icmp_ln25' <Predicate = true> <Delay = 1.36> <CoreInst = "Cmp">   --->   Core 9 'Cmp' <Latency = 0> <II = 1> <Delay = 1.36> <FuncUnit> <Opcode : 'icmp'> <InPorts = 2> <OutPorts = 1>
ST_1 : Operation 15 [1/1] (1.36ns)   --->   "%i_19 = add i13 %i, i13 1" [firmware/nnet_utils/nnet_batchnorm_stream.h:25]   --->   Operation 15 'add' 'i_19' <Predicate = true> <Delay = 1.36> <CoreInst = "Adder">   --->   Core 1 'Adder' <Latency = 0> <II = 1> <Delay = 1.36> <FuncUnit> <Opcode : 'add' 'sub'> <InPorts = 2> <OutPorts = 1>
ST_1 : Operation 16 [1/1] (0.00ns)   --->   "%br_ln25 = br i1 %icmp_ln25, void %BatchNormpack.split, void %for.end13" [firmware/nnet_utils/nnet_batchnorm_stream.h:25]   --->   Operation 16 'br' 'br_ln25' <Predicate = true> <Delay = 0.00>
ST_1 : Operation 17 [1/1] (0.53ns)   --->   "%store_ln25 = store i13 %i_19, i13 %i_02" [firmware/nnet_utils/nnet_batchnorm_stream.h:25]   --->   Operation 17 'store' 'store_ln25' <Predicate = (!icmp_ln25)> <Delay = 0.53>
ST_1 : Operation 53 [1/1] (0.00ns)   --->   "%ret_ln48 = ret" [firmware/nnet_utils/nnet_batchnorm_stream.h:48]   --->   Operation 53 'ret' 'ret_ln48' <Predicate = (icmp_ln25)> <Delay = 0.00>

State 2 <SV = 1> <Delay = 1.82>
ST_2 : Operation 18 [1/1] (1.82ns)   --->   "%layer12_out_read = read i72 @_ssdm_op_Read.ap_fifo.volatile.i72P0A, i72 %layer12_out" [firmware/nnet_utils/nnet_batchnorm_stream.h:28]   --->   Operation 18 'read' 'layer12_out_read' <Predicate = true> <Delay = 1.82> <CoreInst = "FIFO">   --->   Core 78 'FIFO' <Latency = 0> <II = 1> <Delay = 2.16> <Storage> <Opcode : 'read' 'write' 'nbread' 'nbwrite'> <Ports = 0> <Width = 72> <Depth = 4096> <FIFO>
ST_2 : Operation 19 [1/1] (0.00ns)   --->   "%a = partselect i12 @_ssdm_op_PartSelect.i12.i72.i32.i32, i72 %layer12_out_read, i32 12, i32 23" [firmware/nnet_utils/nnet_batchnorm_stream.h:28]   --->   Operation 19 'partselect' 'a' <Predicate = true> <Delay = 0.00>
ST_2 : Operation 20 [1/1] (0.00ns)   --->   "%a_7 = partselect i12 @_ssdm_op_PartSelect.i12.i72.i32.i32, i72 %layer12_out_read, i32 24, i32 35" [firmware/nnet_utils/nnet_batchnorm_stream.h:28]   --->   Operation 20 'partselect' 'a_7' <Predicate = true> <Delay = 0.00>
ST_2 : Operation 21 [1/1] (0.00ns)   --->   "%a_8 = partselect i12 @_ssdm_op_PartSelect.i12.i72.i32.i32, i72 %layer12_out_read, i32 36, i32 47" [firmware/nnet_utils/nnet_batchnorm_stream.h:28]   --->   Operation 21 'partselect' 'a_8' <Predicate = true> <Delay = 0.00>
ST_2 : Operation 22 [1/1] (0.00ns)   --->   "%a_1 = partselect i12 @_ssdm_op_PartSelect.i12.i72.i32.i32, i72 %layer12_out_read, i32 48, i32 59" [firmware/nnet_utils/nnet_batchnorm_stream.h:28]   --->   Operation 22 'partselect' 'a_1' <Predicate = true> <Delay = 0.00>
ST_2 : Operation 23 [1/1] (0.00ns)   --->   "%a_2 = partselect i12 @_ssdm_op_PartSelect.i12.i72.i32.i32, i72 %layer12_out_read, i32 60, i32 71" [firmware/nnet_utils/nnet_batchnorm_stream.h:28]   --->   Operation 23 'partselect' 'a_2' <Predicate = true> <Delay = 0.00>
ST_2 : Operation 24 [1/1] (0.00ns)   --->   "%trunc_ln73 = trunc i72 %layer12_out_read" [firmware/nnet_utils/nnet_mult.h:73->firmware/nnet_utils/nnet_batchnorm_stream.h:41]   --->   Operation 24 'trunc' 'trunc_ln73' <Predicate = true> <Delay = 0.00>

State 3 <SV = 2> <Delay = 3.43>
ST_3 : Operation 25 [1/1] (0.00ns)   --->   "%sext_ln42 = sext i12 %a" [firmware/nnet_utils/nnet_batchnorm_stream.h:42]   --->   Operation 25 'sext' 'sext_ln42' <Predicate = true> <Delay = 0.00>
ST_3 : Operation 26 [1/1] (3.43ns)   --->   "%mul_ln42 = mul i18 %sext_ln42, i18 86" [firmware/nnet_utils/nnet_batchnorm_stream.h:42]   --->   Operation 26 'mul' 'mul_ln42' <Predicate = true> <Delay = 3.43> <CoreInst = "Multiplier">   --->   Core 3 'Multiplier' <Latency = 0> <II = 1> <Delay = 3.43> <FuncUnit> <Opcode : 'mul'> <InPorts = 2> <OutPorts = 1>
ST_3 : Operation 27 [1/1] (0.00ns)   --->   "%sext_ln42_7 = sext i12 %a_7" [firmware/nnet_utils/nnet_batchnorm_stream.h:42]   --->   Operation 27 'sext' 'sext_ln42_7' <Predicate = true> <Delay = 0.00>
ST_3 : Operation 28 [1/1] (3.43ns)   --->   "%mul_ln42_7 = mul i18 %sext_ln42_7, i18 114" [firmware/nnet_utils/nnet_batchnorm_stream.h:42]   --->   Operation 28 'mul' 'mul_ln42_7' <Predicate = true> <Delay = 3.43> <CoreInst = "Multiplier">   --->   Core 3 'Multiplier' <Latency = 0> <II = 1> <Delay = 3.43> <FuncUnit> <Opcode : 'mul'> <InPorts = 2> <OutPorts = 1>
ST_3 : Operation 29 [1/1] (0.00ns)   --->   "%sext_ln41 = sext i12 %a_8" [firmware/nnet_utils/nnet_batchnorm_stream.h:41]   --->   Operation 29 'sext' 'sext_ln41' <Predicate = true> <Delay = 0.00>
ST_3 : Operation 30 [1/1] (3.43ns)   --->   "%mul_ln41 = mul i18 %sext_ln41, i18 81" [firmware/nnet_utils/nnet_batchnorm_stream.h:41]   --->   Operation 30 'mul' 'mul_ln41' <Predicate = true> <Delay = 3.43> <CoreInst = "Multiplier">   --->   Core 3 'Multiplier' <Latency = 0> <II = 1> <Delay = 3.43> <FuncUnit> <Opcode : 'mul'> <InPorts = 2> <OutPorts = 1>
ST_3 : Operation 31 [1/1] (0.00ns)   --->   "%trunc_ln41_5 = partselect i12 @_ssdm_op_PartSelect.i12.i18.i32.i32, i18 %mul_ln41, i32 6, i32 17" [firmware/nnet_utils/nnet_batchnorm_stream.h:41]   --->   Operation 31 'partselect' 'trunc_ln41_5' <Predicate = true> <Delay = 0.00>
ST_3 : Operation 32 [1/1] (0.00ns)   --->   "%sext_ln42_8 = sext i12 %a_1" [firmware/nnet_utils/nnet_batchnorm_stream.h:42]   --->   Operation 32 'sext' 'sext_ln42_8' <Predicate = true> <Delay = 0.00>
ST_3 : Operation 33 [1/1] (3.43ns)   --->   "%mul_ln42_8 = mul i18 %sext_ln42_8, i18 94" [firmware/nnet_utils/nnet_batchnorm_stream.h:42]   --->   Operation 33 'mul' 'mul_ln42_8' <Predicate = true> <Delay = 3.43> <CoreInst = "Multiplier">   --->   Core 3 'Multiplier' <Latency = 0> <II = 1> <Delay = 3.43> <FuncUnit> <Opcode : 'mul'> <InPorts = 2> <OutPorts = 1>
ST_3 : Operation 34 [1/1] (0.00ns)   --->   "%sext_ln42_9 = sext i12 %a_2" [firmware/nnet_utils/nnet_batchnorm_stream.h:42]   --->   Operation 34 'sext' 'sext_ln42_9' <Predicate = true> <Delay = 0.00>
ST_3 : Operation 35 [1/1] (3.43ns)   --->   "%mul_ln42_9 = mul i18 %sext_ln42_9, i18 113" [firmware/nnet_utils/nnet_batchnorm_stream.h:42]   --->   Operation 35 'mul' 'mul_ln42_9' <Predicate = true> <Delay = 3.43> <CoreInst = "Multiplier">   --->   Core 3 'Multiplier' <Latency = 0> <II = 1> <Delay = 3.43> <FuncUnit> <Opcode : 'mul'> <InPorts = 2> <OutPorts = 1>

State 4 <SV = 3> <Delay = 3.25>
ST_4 : Operation 36 [1/1] (0.00ns)   --->   "%specpipeline_ln26 = specpipeline void @_ssdm_op_SpecPipeline, i32 16, i32 0, i32 0, i32 0, void @empty_8" [firmware/nnet_utils/nnet_batchnorm_stream.h:26]   --->   Operation 36 'specpipeline' 'specpipeline_ln26' <Predicate = true> <Delay = 0.00>
ST_4 : Operation 37 [1/1] (0.00ns)   --->   "%speclooptripcount_ln25 = speclooptripcount void @_ssdm_op_SpecLoopTripCount, i64 4096, i64 4096, i64 4096" [firmware/nnet_utils/nnet_batchnorm_stream.h:25]   --->   Operation 37 'speclooptripcount' 'speclooptripcount_ln25' <Predicate = true> <Delay = 0.00>
ST_4 : Operation 38 [1/1] (0.00ns)   --->   "%specloopname_ln25 = specloopname void @_ssdm_op_SpecLoopName, void @empty_5" [firmware/nnet_utils/nnet_batchnorm_stream.h:25]   --->   Operation 38 'specloopname' 'specloopname_ln25' <Predicate = true> <Delay = 0.00>
ST_4 : Operation 39 [1/1] (0.00ns)   --->   "%shl_ln = bitconcatenate i18 @_ssdm_op_BitConcatenate.i18.i12.i6, i12 %trunc_ln73, i6 0" [firmware/nnet_utils/nnet_mult.h:73->firmware/nnet_utils/nnet_batchnorm_stream.h:41]   --->   Operation 39 'bitconcatenate' 'shl_ln' <Predicate = true> <Delay = 0.00>
ST_4 : Operation 40 [1/1] (1.42ns)   --->   "%add_ln42 = add i18 %shl_ln, i18 261248" [firmware/nnet_utils/nnet_batchnorm_stream.h:42]   --->   Operation 40 'add' 'add_ln42' <Predicate = true> <Delay = 1.42> <CoreInst = "Adder">   --->   Core 1 'Adder' <Latency = 0> <II = 1> <Delay = 1.42> <FuncUnit> <Opcode : 'add' 'sub'> <InPorts = 2> <OutPorts = 1>
ST_4 : Operation 41 [1/1] (0.00ns)   --->   "%trunc_ln = partselect i12 @_ssdm_op_PartSelect.i12.i18.i32.i32, i18 %add_ln42, i32 6, i32 17" [firmware/nnet_utils/nnet_batchnorm_stream.h:41]   --->   Operation 41 'partselect' 'trunc_ln' <Predicate = true> <Delay = 0.00>
ST_4 : Operation 42 [1/1] (1.42ns)   --->   "%add_ln42_14 = add i18 %mul_ln42, i18 512" [firmware/nnet_utils/nnet_batchnorm_stream.h:42]   --->   Operation 42 'add' 'add_ln42_14' <Predicate = true> <Delay = 1.42> <CoreInst = "Adder">   --->   Core 1 'Adder' <Latency = 0> <II = 1> <Delay = 1.42> <FuncUnit> <Opcode : 'add' 'sub'> <InPorts = 2> <OutPorts = 1>
ST_4 : Operation 43 [1/1] (0.00ns)   --->   "%trunc_ln41_s = partselect i12 @_ssdm_op_PartSelect.i12.i18.i32.i32, i18 %add_ln42_14, i32 6, i32 17" [firmware/nnet_utils/nnet_batchnorm_stream.h:41]   --->   Operation 43 'partselect' 'trunc_ln41_s' <Predicate = true> <Delay = 0.00>
ST_4 : Operation 44 [1/1] (1.42ns)   --->   "%add_ln42_15 = add i18 %mul_ln42_7, i18 1344" [firmware/nnet_utils/nnet_batchnorm_stream.h:42]   --->   Operation 44 'add' 'add_ln42_15' <Predicate = true> <Delay = 1.42> <CoreInst = "Adder">   --->   Core 1 'Adder' <Latency = 0> <II = 1> <Delay = 1.42> <FuncUnit> <Opcode : 'add' 'sub'> <InPorts = 2> <OutPorts = 1>
ST_4 : Operation 45 [1/1] (1.42ns)   --->   "%add_ln42_16 = add i18 %mul_ln42_8, i18 260928" [firmware/nnet_utils/nnet_batchnorm_stream.h:42]   --->   Operation 45 'add' 'add_ln42_16' <Predicate = true> <Delay = 1.42> <CoreInst = "Adder">   --->   Core 1 'Adder' <Latency = 0> <II = 1> <Delay = 1.42> <FuncUnit> <Opcode : 'add' 'sub'> <InPorts = 2> <OutPorts = 1>
ST_4 : Operation 46 [1/1] (1.42ns)   --->   "%add_ln42_17 = add i18 %mul_ln42_9, i18 4032" [firmware/nnet_utils/nnet_batchnorm_stream.h:42]   --->   Operation 46 'add' 'add_ln42_17' <Predicate = true> <Delay = 1.42> <CoreInst = "Adder">   --->   Core 1 'Adder' <Latency = 0> <II = 1> <Delay = 1.42> <FuncUnit> <Opcode : 'add' 'sub'> <InPorts = 2> <OutPorts = 1>
ST_4 : Operation 47 [1/1] (0.00ns)   --->   "%trunc_ln2 = partselect i12 @_ssdm_op_PartSelect.i12.i18.i32.i32, i18 %add_ln42_15, i32 6, i32 17" [firmware/nnet_utils/nnet_batchnorm_stream.h:46]   --->   Operation 47 'partselect' 'trunc_ln2' <Predicate = true> <Delay = 0.00>
ST_4 : Operation 48 [1/1] (0.00ns)   --->   "%trunc_ln46_1 = partselect i12 @_ssdm_op_PartSelect.i12.i18.i32.i32, i18 %add_ln42_16, i32 6, i32 17" [firmware/nnet_utils/nnet_batchnorm_stream.h:46]   --->   Operation 48 'partselect' 'trunc_ln46_1' <Predicate = true> <Delay = 0.00>
ST_4 : Operation 49 [1/1] (0.00ns)   --->   "%trunc_ln46_2 = partselect i12 @_ssdm_op_PartSelect.i12.i18.i32.i32, i18 %add_ln42_17, i32 6, i32 17" [firmware/nnet_utils/nnet_batchnorm_stream.h:46]   --->   Operation 49 'partselect' 'trunc_ln46_2' <Predicate = true> <Delay = 0.00>
ST_4 : Operation 50 [1/1] (0.00ns)   --->   "%or_ln46_4 = bitconcatenate i72 @_ssdm_op_BitConcatenate.i72.i12.i12.i12.i12.i12.i12, i12 %trunc_ln46_2, i12 %trunc_ln46_1, i12 %trunc_ln41_5, i12 %trunc_ln2, i12 %trunc_ln41_s, i12 %trunc_ln" [firmware/nnet_utils/nnet_batchnorm_stream.h:46]   --->   Operation 50 'bitconcatenate' 'or_ln46_4' <Predicate = true> <Delay = 0.00>
ST_4 : Operation 51 [1/1] (1.82ns)   --->   "%write_ln46 = write void @_ssdm_op_Write.ap_fifo.volatile.i72P0A, i72 %layer13_out, i72 %or_ln46_4" [firmware/nnet_utils/nnet_batchnorm_stream.h:46]   --->   Operation 51 'write' 'write_ln46' <Predicate = true> <Delay = 1.82> <CoreInst = "FIFO">   --->   Core 78 'FIFO' <Latency = 0> <II = 1> <Delay = 2.16> <Storage> <Opcode : 'read' 'write' 'nbread' 'nbwrite'> <Ports = 0> <Width = 72> <Depth = 4096> <FIFO>
ST_4 : Operation 52 [1/1] (0.00ns)   --->   "%br_ln25 = br void %BatchNormpack" [firmware/nnet_utils/nnet_batchnorm_stream.h:25]   --->   Operation 52 'br' 'br_ln25' <Predicate = true> <Delay = 0.00>


============================================================
+ Verbose Summary: Timing violations
============================================================
Target clock period: 5.000ns, clock uncertainty: 1.350ns.

 <State 1>: 2.445ns
The critical path consists of the following:
	'store' operation 0 bit ('store_ln25', firmware/nnet_utils/nnet_batchnorm_stream.h:25) of constant 0 on local variable 'i', firmware/nnet_utils/nnet_batchnorm_stream.h:25 [7]  (0.538 ns)
	'load' operation 13 bit ('i', firmware/nnet_utils/nnet_batchnorm_stream.h:25) on local variable 'i', firmware/nnet_utils/nnet_batchnorm_stream.h:25 [10]  (0.000 ns)
	'icmp' operation 1 bit ('icmp_ln25', firmware/nnet_utils/nnet_batchnorm_stream.h:25) [11]  (1.369 ns)
	'store' operation 0 bit ('store_ln25', firmware/nnet_utils/nnet_batchnorm_stream.h:25) of variable 'i', firmware/nnet_utils/nnet_batchnorm_stream.h:25 on local variable 'i', firmware/nnet_utils/nnet_batchnorm_stream.h:25 [49]  (0.538 ns)

 <State 2>: 1.825ns
The critical path consists of the following:
	fifo read operation ('layer12_out_read', firmware/nnet_utils/nnet_batchnorm_stream.h:28) on port 'layer12_out' (firmware/nnet_utils/nnet_batchnorm_stream.h:28) [18]  (1.825 ns)

 <State 3>: 3.434ns
The critical path consists of the following:
	'mul' operation 18 bit ('mul_ln42', firmware/nnet_utils/nnet_batchnorm_stream.h:42) [29]  (3.434 ns)

 <State 4>: 3.252ns
The critical path consists of the following:
	'add' operation 18 bit ('add_ln42', firmware/nnet_utils/nnet_batchnorm_stream.h:42) [26]  (1.427 ns)
	fifo write operation ('write_ln46', firmware/nnet_utils/nnet_batchnorm_stream.h:46) on port 'layer13_out' (firmware/nnet_utils/nnet_batchnorm_stream.h:46) [48]  (1.825 ns)


============================================================
+ Verbose Summary: Binding
============================================================
N/A
* FSMD analyzer results:
  - Output states:
 - Input state : 
  - Chain level:
	State 1
	State 2
	State 3
	State 4


============================================================
+ Verbose Summary: Datapath Resource usage 
============================================================
N/A
