

================================================================
== Vitis HLS Report for 'pointwise_conv_2d_cl_array_array_ap_fixed_16_6_5_3_0_1u_config39_s'
================================================================
* Date:           Sun Apr 26 02:59:52 2026

* Version:        2025.2 (Build 6295257 on Nov 14 2025)
* Project:        folo_prj
* Solution:       solution1 (Vivado IP Flow Target)
* Product family: kintexu
* Target device:  xcku035-fbva676-2-e


================================================================
== Performance Estimates
================================================================
+ Timing: 
    * Summary: 
    +--------+---------+----------+------------+
    |  Clock |  Target | Estimated| Uncertainty|
    +--------+---------+----------+------------+
    |ap_clk  |  5.00 ns|  3.570 ns|     1.35 ns|
    +--------+---------+----------+------------+

+ Latency: 
    * Summary: 
    +---------+---------+----------+----------+------+------+------------------------------------------------+
    |  Latency (cycles) |  Latency (absolute) |   Interval  |                    Pipeline                    |
    |   min   |   max   |    min   |    max   |  min |  max |                      Type                      |
    +---------+---------+----------+----------+------+------+------------------------------------------------+
    |     1028|     1028|  5.140 us|  5.140 us|  1024|  1024|  loop auto-rewind stp (delay=0 clock cycles(s))|
    +---------+---------+----------+----------+------+------+------------------------------------------------+

    + Detail: 
        * Instance: 
        N/A

        * Loop: 
        +----------------------------------+---------+---------+----------+-----------+-----------+------+----------+
        |                                  |  Latency (cycles) | Iteration|  Initiation Interval  | Trip |          |
        |             Loop Name            |   min   |   max   |  Latency |  achieved |   target  | Count| Pipelined|
        +----------------------------------+---------+---------+----------+-----------+-----------+------+----------+
        |- ReadInputHeight_ReadInputWidth  |     1026|     1026|         4|          1|          1|  1024|       yes|
        +----------------------------------+---------+---------+----------+-----------+-----------+------+----------+



================================================================
== Utilization Estimates
================================================================
* Summary: 
+-----------------+---------+------+--------+--------+-----+
|       Name      | BRAM_18K|  DSP |   FF   |   LUT  | URAM|
+-----------------+---------+------+--------+--------+-----+
|DSP              |        -|     -|       -|       -|    -|
|Expression       |        -|     -|       0|     186|    -|
|FIFO             |        -|     -|       -|       -|    -|
|Instance         |        -|     8|       0|      32|    -|
|Memory           |        -|     -|       -|       -|    -|
|Multiplexer      |        -|     -|       0|      63|    -|
|Register         |        -|     -|     291|       -|    -|
+-----------------+---------+------+--------+--------+-----+
|Total            |        0|     8|     291|     281|    0|
+-----------------+---------+------+--------+--------+-----+
|Available        |     1080|  1700|  406256|  203128|    0|
+-----------------+---------+------+--------+--------+-----+
|Utilization (%)  |        0|    ~0|      ~0|      ~0|    0|
+-----------------+---------+------+--------+--------+-----+

+ Detail: 
    * Instance: 
    +---------------------------+---------------------+---------+----+---+----+-----+
    |          Instance         |        Module       | BRAM_18K| DSP| FF| LUT| URAM|
    +---------------------------+---------------------+---------+----+---+----+-----+
    |mul_16s_10ns_26_1_1_U1385  |mul_16s_10ns_26_1_1  |        0|   1|  0|   4|    0|
    |mul_16s_11ns_26_1_1_U1389  |mul_16s_11ns_26_1_1  |        0|   1|  0|   4|    0|
    |mul_16s_11ns_26_1_1_U1390  |mul_16s_11ns_26_1_1  |        0|   1|  0|   4|    0|
    |mul_16s_12ns_26_1_1_U1392  |mul_16s_12ns_26_1_1  |        0|   1|  0|   4|    0|
    |mul_16s_12s_26_1_1_U1387   |mul_16s_12s_26_1_1   |        0|   1|  0|   4|    0|
    |mul_16s_12s_26_1_1_U1388   |mul_16s_12s_26_1_1   |        0|   1|  0|   4|    0|
    |mul_16s_13s_26_1_1_U1386   |mul_16s_13s_26_1_1   |        0|   1|  0|   4|    0|
    |mul_16s_13s_26_1_1_U1391   |mul_16s_13s_26_1_1   |        0|   1|  0|   4|    0|
    +---------------------------+---------------------+---------+----+---+----+-----+
    |Total                      |                     |        0|   8|  0|  32|    0|
    +---------------------------+---------------------+---------+----+---+----+-----+

    * DSP: 
    N/A

    * Memory: 
    N/A

    * FIFO: 
    N/A

    * Expression: 
    +---------------------------------------+----------+----+---+----+------------+------------+
    |             Variable Name             | Operation| DSP| FF| LUT| Bitwidth P0| Bitwidth P1|
    +---------------------------------------+----------+----+---+----+------------+------------+
    |add_ln58_64_fu_649_p2                  |         +|   0|  0|  23|          16|          16|
    |add_ln58_65_fu_653_p2                  |         +|   0|  0|  16|          16|          16|
    |add_ln58_66_fu_659_p2                  |         +|   0|  0|  16|          16|          16|
    |add_ln58_67_fu_663_p2                  |         +|   0|  0|  16|          16|          11|
    |add_ln58_68_fu_668_p2                  |         +|   0|  0|  16|          16|          16|
    |add_ln58_69_fu_673_p2                  |         +|   0|  0|  16|          16|          16|
    |add_ln58_70_fu_679_p2                  |         +|   0|  0|  16|          16|          16|
    |add_ln58_fu_645_p2                     |         +|   0|  0|  23|          16|          16|
    |add_ln67_fu_516_p2                     |         +|   0|  0|  17|          10|           1|
    |ap_condition_155                       |       and|   0|  0|   2|           1|           1|
    |icmp_ln67_fu_522_p2                    |      icmp|   0|  0|  17|          10|           2|
    |ap_block_pp0_stage0_01001_grp1         |        or|   0|  0|   2|           1|           1|
    |ap_block_pp0_stage0_11001              |        or|   0|  0|   2|           1|           1|
    |ap_block_state1_pp0_stage0_iter0_grp1  |        or|   0|  0|   2|           1|           1|
    |ap_enable_pp0                          |       xor|   0|  0|   2|           1|           2|
    +---------------------------------------+----------+----+---+----+------------+------------+
    |Total                                  |          |   0|  0| 186|         153|         132|
    +---------------------------------------+----------+----+---+----+------------+------------+

    * Multiplexer: 
    +---------------------------------------+----+-----------+-----+-----------+
    |                  Name                 | LUT| Input Size| Bits| Total Bits|
    +---------------------------------------+----+-----------+-----+-----------+
    |ap_done_int                            |   9|          2|    1|          2|
    |ap_loop_exit_ready_pp0_iter3_reg       |   9|          2|    1|          2|
    |ap_sig_allocacmp_indvar_flatten2_load  |   9|          2|   10|         20|
    |indvar_flatten2_fu_96                  |   9|          2|   10|         20|
    |layer25_out_blk_n                      |   9|          2|    1|          2|
    |layer26_out_blk_n                      |   9|          2|    1|          2|
    |real_start                             |   9|          2|    1|          2|
    +---------------------------------------+----+-----------+-----+-----------+
    |Total                                  |  63|         14|   25|         50|
    +---------------------------------------+----+-----------+-----+-----------+

    * Register: 
    +----------------------------------+----+----+-----+-----------+
    |               Name               | FF | LUT| Bits| Const Bits|
    +----------------------------------+----+----+-----+-----------+
    |add_ln58_70_reg_776               |  16|   0|   16|          0|
    |ap_CS_fsm                         |   1|   0|    1|          0|
    |ap_done_reg                       |   1|   0|    1|          0|
    |ap_enable_reg_pp0_iter1           |   1|   0|    1|          0|
    |ap_enable_reg_pp0_iter2           |   1|   0|    1|          0|
    |ap_enable_reg_pp0_iter3           |   1|   0|    1|          0|
    |ap_loop_exit_ready_pp0_iter1_reg  |   1|   0|    1|          0|
    |ap_loop_exit_ready_pp0_iter2_reg  |   1|   0|    1|          0|
    |ap_loop_exit_ready_pp0_iter3_reg  |   1|   0|    1|          0|
    |data_16_reg_697                   |  16|   0|   16|          0|
    |data_17_reg_702                   |  16|   0|   16|          0|
    |data_18_reg_707                   |  16|   0|   16|          0|
    |data_19_reg_712                   |  16|   0|   16|          0|
    |data_20_reg_717                   |  16|   0|   16|          0|
    |data_21_reg_722                   |  16|   0|   16|          0|
    |data_22_reg_727                   |  16|   0|   16|          0|
    |data_reg_692                      |  16|   0|   16|          0|
    |indvar_flatten2_fu_96             |  10|   0|   10|          0|
    |start_once_reg                    |   1|   0|    1|          0|
    |trunc_ln42_63_reg_746             |  16|   0|   16|          0|
    |trunc_ln42_64_reg_751             |  16|   0|   16|          0|
    |trunc_ln42_65_reg_756             |  16|   0|   16|          0|
    |trunc_ln42_66_reg_761             |  16|   0|   16|          0|
    |trunc_ln42_67_reg_766             |  16|   0|   16|          0|
    |trunc_ln42_68_reg_771             |  16|   0|   16|          0|
    |trunc_ln42_s_reg_741              |  16|   0|   16|          0|
    |trunc_ln_reg_736                  |  16|   0|   16|          0|
    +----------------------------------+----+----+-----+-----------+
    |Total                             | 291|   0|  291|          0|
    +----------------------------------+----+----+-----+-----------+



================================================================
== Interface
================================================================
* Summary: 
+----------------------------+-----+-----+------------+---------------------------------------------------------------------+--------------+
|          RTL Ports         | Dir | Bits|  Protocol  |                            Source Object                            |    C Type    |
+----------------------------+-----+-----+------------+---------------------------------------------------------------------+--------------+
|ap_clk                      |   in|    1|  ap_ctrl_hs|  pointwise_conv_2d_cl<array,array<ap_fixed<16,6,5,3,0>,1u>,config39>|  return value|
|ap_rst                      |   in|    1|  ap_ctrl_hs|  pointwise_conv_2d_cl<array,array<ap_fixed<16,6,5,3,0>,1u>,config39>|  return value|
|ap_start                    |   in|    1|  ap_ctrl_hs|  pointwise_conv_2d_cl<array,array<ap_fixed<16,6,5,3,0>,1u>,config39>|  return value|
|start_full_n                |   in|    1|  ap_ctrl_hs|  pointwise_conv_2d_cl<array,array<ap_fixed<16,6,5,3,0>,1u>,config39>|  return value|
|ap_done                     |  out|    1|  ap_ctrl_hs|  pointwise_conv_2d_cl<array,array<ap_fixed<16,6,5,3,0>,1u>,config39>|  return value|
|ap_continue                 |   in|    1|  ap_ctrl_hs|  pointwise_conv_2d_cl<array,array<ap_fixed<16,6,5,3,0>,1u>,config39>|  return value|
|ap_idle                     |  out|    1|  ap_ctrl_hs|  pointwise_conv_2d_cl<array,array<ap_fixed<16,6,5,3,0>,1u>,config39>|  return value|
|ap_ready                    |  out|    1|  ap_ctrl_hs|  pointwise_conv_2d_cl<array,array<ap_fixed<16,6,5,3,0>,1u>,config39>|  return value|
|start_out                   |  out|    1|  ap_ctrl_hs|  pointwise_conv_2d_cl<array,array<ap_fixed<16,6,5,3,0>,1u>,config39>|  return value|
|start_write                 |  out|    1|  ap_ctrl_hs|  pointwise_conv_2d_cl<array,array<ap_fixed<16,6,5,3,0>,1u>,config39>|  return value|
|layer25_out_dout            |   in|  128|     ap_fifo|                                                          layer25_out|       pointer|
|layer25_out_empty_n         |   in|    1|     ap_fifo|                                                          layer25_out|       pointer|
|layer25_out_read            |  out|    1|     ap_fifo|                                                          layer25_out|       pointer|
|layer25_out_num_data_valid  |   in|   18|     ap_fifo|                                                          layer25_out|       pointer|
|layer25_out_fifo_cap        |   in|   18|     ap_fifo|                                                          layer25_out|       pointer|
|layer26_out_din             |  out|   16|     ap_fifo|                                                          layer26_out|       pointer|
|layer26_out_full_n          |   in|    1|     ap_fifo|                                                          layer26_out|       pointer|
|layer26_out_write           |  out|    1|     ap_fifo|                                                          layer26_out|       pointer|
|layer26_out_num_data_valid  |   in|   32|     ap_fifo|                                                          layer26_out|       pointer|
|layer26_out_fifo_cap        |   in|   32|     ap_fifo|                                                          layer26_out|       pointer|
+----------------------------+-----+-----+------------+---------------------------------------------------------------------+--------------+

============================================================
+ Verbose Summary: Synthesis Manager
============================================================
InlineROM: 1
ExposeGlobal: 0
============================================================
+ Verbose Summary: CDFG Model
============================================================
IsTopModel: 0
ResetActiveHigh: 1
IsCombinational: 2
IsDatapathOnly: 0
HasWiredReturn: 1
HasMFsm: 2
HasVarLatency: 1
IsPipeline: 0
IsRtlPipelined: 0
IsInstanceOverlapped: 0
IsDontTouch: 0
HasImplIP: 0
IsGatedGlobalClock: 0

+ Individual pipeline summary: 
  * Pipeline-0: initiation interval (II) = 1, depth = 4


============================================================
+ Verbose Summary: Schedule
============================================================
* Number of FSM states : 4
* Pipeline : 1
  Pipeline-0 : II = 1, D = 4, States = { 1 2 3 4 }
* Dataflow Pipeline: 0

* FSM state transitions: 
1 --> 2 
2 --> 3 
3 --> 4 
4 --> 

* FSM state operations: 

State 1 <SV = 0> <Delay = 2.39>
ST_1 : Operation 7 [1/1] (0.00ns)   --->   "%indvar_flatten2 = alloca i32 1"   --->   Operation 7 'alloca' 'indvar_flatten2' <Predicate = true> <Delay = 0.00>
ST_1 : Operation 8 [1/1] (0.00ns)   --->   "%specinterface_ln0 = specinterface void @_ssdm_op_SpecInterface, i16 %layer26_out, void @empty_10, i32 0, i32 0, void @empty_11, i32 0, i32 0, void @empty_11, void @empty_11, void @empty_11, i32 0, i32 0, i32 0, i32 0, void @empty_11, void @empty_11, i32 4294967295, i32 0, i32 0, i32 0"   --->   Operation 8 'specinterface' 'specinterface_ln0' <Predicate = true> <Delay = 0.00>
ST_1 : Operation 9 [1/1] (0.00ns)   --->   "%specinterface_ln0 = specinterface void @_ssdm_op_SpecInterface, i128 %layer25_out, void @empty_10, i32 0, i32 0, void @empty_11, i32 0, i32 0, void @empty_11, void @empty_11, void @empty_11, i32 0, i32 0, i32 0, i32 0, void @empty_11, void @empty_11, i32 4294967295, i32 0, i32 0, i32 0"   --->   Operation 9 'specinterface' 'specinterface_ln0' <Predicate = true> <Delay = 0.00>
ST_1 : Operation 10 [1/1] (0.53ns)   --->   "%store_ln0 = store i10 0, i10 %indvar_flatten2"   --->   Operation 10 'store' 'store_ln0' <Predicate = true> <Delay = 0.53>
ST_1 : Operation 11 [1/1] (0.00ns)   --->   "%br_ln0 = br void %for.inc10"   --->   Operation 11 'br' 'br_ln0' <Predicate = true> <Delay = 0.00>
ST_1 : Operation 12 [1/1] (0.00ns)   --->   "%indvar_flatten2_load = load i10 %indvar_flatten2" [firmware/nnet_utils/nnet_sepconv2d_stream.h:67]   --->   Operation 12 'load' 'indvar_flatten2_load' <Predicate = true> <Delay = 0.00>
ST_1 : Operation 13 [1/1] ( I:1.82ns O:1.82ns )   --->   "%layer25_out_read = read i128 @_ssdm_op_Read.ap_fifo.volatile.i128P0A, i128 %layer25_out" [firmware/nnet_utils/nnet_sepconv2d_stream.h:73]   --->   Operation 13 'read' 'layer25_out_read' <Predicate = true> <Delay = 1.82> <CoreInst = "FIFO">   --->   Core 77 'FIFO' <Latency = 0> <II = 1> <Delay = 2.16> <Storage> <Opcode : 'read' 'write' 'nbread' 'nbwrite'> <Ports = 0> <Width = 128> <Depth = 100000> <FIFO>
ST_1 : Operation 14 [1/1] (0.00ns)   --->   "%data = trunc i128 %layer25_out_read" [firmware/nnet_utils/nnet_sepconv2d_stream.h:73]   --->   Operation 14 'trunc' 'data' <Predicate = true> <Delay = 0.00>
ST_1 : Operation 15 [1/1] (0.00ns)   --->   "%data_16 = partselect i16 @_ssdm_op_PartSelect.i16.i128.i32.i32, i128 %layer25_out_read, i32 16, i32 31" [firmware/nnet_utils/nnet_sepconv2d_stream.h:73]   --->   Operation 15 'partselect' 'data_16' <Predicate = true> <Delay = 0.00>
ST_1 : Operation 16 [1/1] (0.00ns)   --->   "%data_17 = partselect i16 @_ssdm_op_PartSelect.i16.i128.i32.i32, i128 %layer25_out_read, i32 32, i32 47" [firmware/nnet_utils/nnet_sepconv2d_stream.h:73]   --->   Operation 16 'partselect' 'data_17' <Predicate = true> <Delay = 0.00>
ST_1 : Operation 17 [1/1] (0.00ns)   --->   "%data_18 = partselect i16 @_ssdm_op_PartSelect.i16.i128.i32.i32, i128 %layer25_out_read, i32 48, i32 63" [firmware/nnet_utils/nnet_sepconv2d_stream.h:73]   --->   Operation 17 'partselect' 'data_18' <Predicate = true> <Delay = 0.00>
ST_1 : Operation 18 [1/1] (0.00ns)   --->   "%data_19 = partselect i16 @_ssdm_op_PartSelect.i16.i128.i32.i32, i128 %layer25_out_read, i32 64, i32 79" [firmware/nnet_utils/nnet_sepconv2d_stream.h:73]   --->   Operation 18 'partselect' 'data_19' <Predicate = true> <Delay = 0.00>
ST_1 : Operation 19 [1/1] (0.00ns)   --->   "%data_20 = partselect i16 @_ssdm_op_PartSelect.i16.i128.i32.i32, i128 %layer25_out_read, i32 80, i32 95" [firmware/nnet_utils/nnet_sepconv2d_stream.h:73]   --->   Operation 19 'partselect' 'data_20' <Predicate = true> <Delay = 0.00>
ST_1 : Operation 20 [1/1] (0.00ns)   --->   "%data_21 = partselect i16 @_ssdm_op_PartSelect.i16.i128.i32.i32, i128 %layer25_out_read, i32 96, i32 111" [firmware/nnet_utils/nnet_sepconv2d_stream.h:73]   --->   Operation 20 'partselect' 'data_21' <Predicate = true> <Delay = 0.00>
ST_1 : Operation 21 [1/1] (0.00ns)   --->   "%data_22 = partselect i16 @_ssdm_op_PartSelect.i16.i128.i32.i32, i128 %layer25_out_read, i32 112, i32 127" [firmware/nnet_utils/nnet_sepconv2d_stream.h:73]   --->   Operation 21 'partselect' 'data_22' <Predicate = true> <Delay = 0.00>
ST_1 : Operation 22 [1/1] (1.31ns)   --->   "%add_ln67 = add i10 %indvar_flatten2_load, i10 1" [firmware/nnet_utils/nnet_sepconv2d_stream.h:67]   --->   Operation 22 'add' 'add_ln67' <Predicate = true> <Delay = 1.31> <CoreInst = "Adder">   --->   Core 1 'Adder' <Latency = 0> <II = 1> <Delay = 1.31> <FuncUnit> <Opcode : 'add' 'sub'> <InPorts = 2> <OutPorts = 1>
ST_1 : Operation 23 [1/1] (1.31ns)   --->   "%icmp_ln67 = icmp_eq  i10 %indvar_flatten2_load, i10 1023" [firmware/nnet_utils/nnet_sepconv2d_stream.h:67]   --->   Operation 23 'icmp' 'icmp_ln67' <Predicate = true> <Delay = 1.31> <CoreInst = "Cmp">   --->   Core 9 'Cmp' <Latency = 0> <II = 1> <Delay = 1.31> <FuncUnit> <Opcode : 'seteq' 'setne' 'setle' 'setge' 'setlt' 'setgt'> <InPorts = 2> <OutPorts = 1>
ST_1 : Operation 24 [1/1] (0.53ns)   --->   "%store_ln67 = store i10 %add_ln67, i10 %indvar_flatten2" [firmware/nnet_utils/nnet_sepconv2d_stream.h:67]   --->   Operation 24 'store' 'store_ln67' <Predicate = true> <Delay = 0.53>
ST_1 : Operation 25 [1/1] (0.00ns)   --->   "%br_ln67 = br i1 %icmp_ln67, void %for.inc10, void %if.end40" [firmware/nnet_utils/nnet_sepconv2d_stream.h:67]   --->   Operation 25 'br' 'br_ln67' <Predicate = true> <Delay = 0.00>

State 2 <SV = 1> <Delay = 3.57>
ST_2 : Operation 26 [1/1] (0.00ns)   --->   "%sext_ln42 = sext i16 %data" [firmware/nnet_utils/nnet_dense_latency.h:42->firmware/nnet_utils/nnet_dense.h:54->firmware/nnet_utils/nnet_sepconv_stream.h:104->firmware/nnet_utils/nnet_sepconv2d_stream.h:73]   --->   Operation 26 'sext' 'sext_ln42' <Predicate = true> <Delay = 0.00>
ST_2 : Operation 27 [1/1] (3.57ns)   --->   "%mul_ln42 = mul i26 %sext_ln42, i26 1693" [firmware/nnet_utils/nnet_dense_latency.h:42->firmware/nnet_utils/nnet_dense.h:54->firmware/nnet_utils/nnet_sepconv_stream.h:104->firmware/nnet_utils/nnet_sepconv2d_stream.h:73]   --->   Operation 27 'mul' 'mul_ln42' <Predicate = true> <Delay = 3.57> <CoreInst = "Multiplier">   --->   Core 3 'Multiplier' <Latency = 0> <II = 1> <Delay = 3.57> <FuncUnit> <Opcode : 'mul'> <InPorts = 2> <OutPorts = 1>
ST_2 : Operation 28 [1/1] (0.00ns)   --->   "%trunc_ln = partselect i16 @_ssdm_op_PartSelect.i16.i26.i32.i32, i26 %mul_ln42, i32 10, i32 25" [firmware/nnet_utils/nnet_dense_latency.h:42->firmware/nnet_utils/nnet_dense.h:54->firmware/nnet_utils/nnet_sepconv_stream.h:104->firmware/nnet_utils/nnet_sepconv2d_stream.h:73]   --->   Operation 28 'partselect' 'trunc_ln' <Predicate = true> <Delay = 0.00>
ST_2 : Operation 29 [1/1] (0.00ns)   --->   "%sext_ln42_14 = sext i16 %data_16" [firmware/nnet_utils/nnet_dense_latency.h:42->firmware/nnet_utils/nnet_dense.h:54->firmware/nnet_utils/nnet_sepconv_stream.h:104->firmware/nnet_utils/nnet_sepconv2d_stream.h:73]   --->   Operation 29 'sext' 'sext_ln42_14' <Predicate = true> <Delay = 0.00>
ST_2 : Operation 30 [1/1] (3.57ns)   --->   "%mul_ln42_21 = mul i26 %sext_ln42_14, i26 739" [firmware/nnet_utils/nnet_dense_latency.h:42->firmware/nnet_utils/nnet_dense.h:54->firmware/nnet_utils/nnet_sepconv_stream.h:104->firmware/nnet_utils/nnet_sepconv2d_stream.h:73]   --->   Operation 30 'mul' 'mul_ln42_21' <Predicate = true> <Delay = 3.57> <CoreInst = "Multiplier">   --->   Core 3 'Multiplier' <Latency = 0> <II = 1> <Delay = 3.57> <FuncUnit> <Opcode : 'mul'> <InPorts = 2> <OutPorts = 1>
ST_2 : Operation 31 [1/1] (0.00ns)   --->   "%trunc_ln42_s = partselect i16 @_ssdm_op_PartSelect.i16.i26.i32.i32, i26 %mul_ln42_21, i32 10, i32 25" [firmware/nnet_utils/nnet_dense_latency.h:42->firmware/nnet_utils/nnet_dense.h:54->firmware/nnet_utils/nnet_sepconv_stream.h:104->firmware/nnet_utils/nnet_sepconv2d_stream.h:73]   --->   Operation 31 'partselect' 'trunc_ln42_s' <Predicate = true> <Delay = 0.00>
ST_2 : Operation 32 [1/1] (0.00ns)   --->   "%sext_ln42_15 = sext i16 %data_17" [firmware/nnet_utils/nnet_dense_latency.h:42->firmware/nnet_utils/nnet_dense.h:54->firmware/nnet_utils/nnet_sepconv_stream.h:104->firmware/nnet_utils/nnet_sepconv2d_stream.h:73]   --->   Operation 32 'sext' 'sext_ln42_15' <Predicate = true> <Delay = 0.00>
ST_2 : Operation 33 [1/1] (3.57ns)   --->   "%mul_ln42_22 = mul i26 %sext_ln42_15, i26 67106754" [firmware/nnet_utils/nnet_dense_latency.h:42->firmware/nnet_utils/nnet_dense.h:54->firmware/nnet_utils/nnet_sepconv_stream.h:104->firmware/nnet_utils/nnet_sepconv2d_stream.h:73]   --->   Operation 33 'mul' 'mul_ln42_22' <Predicate = true> <Delay = 3.57> <CoreInst = "Multiplier">   --->   Core 3 'Multiplier' <Latency = 0> <II = 1> <Delay = 3.57> <FuncUnit> <Opcode : 'mul'> <InPorts = 2> <OutPorts = 1>
ST_2 : Operation 34 [1/1] (0.00ns)   --->   "%trunc_ln42_63 = partselect i16 @_ssdm_op_PartSelect.i16.i26.i32.i32, i26 %mul_ln42_22, i32 10, i32 25" [firmware/nnet_utils/nnet_dense_latency.h:42->firmware/nnet_utils/nnet_dense.h:54->firmware/nnet_utils/nnet_sepconv_stream.h:104->firmware/nnet_utils/nnet_sepconv2d_stream.h:73]   --->   Operation 34 'partselect' 'trunc_ln42_63' <Predicate = true> <Delay = 0.00>
ST_2 : Operation 35 [1/1] (0.00ns)   --->   "%sext_ln70 = sext i16 %data_18" [firmware/nnet_utils/nnet_mult.h:70->firmware/nnet_utils/nnet_dense_latency.h:42->firmware/nnet_utils/nnet_dense.h:54->firmware/nnet_utils/nnet_sepconv_stream.h:104->firmware/nnet_utils/nnet_sepconv2d_stream.h:73]   --->   Operation 35 'sext' 'sext_ln70' <Predicate = true> <Delay = 0.00>
ST_2 : Operation 36 [1/1] (3.57ns)   --->   "%mul_ln73 = mul i26 %sext_ln70, i26 316" [firmware/nnet_utils/nnet_mult.h:73->firmware/nnet_utils/nnet_dense_latency.h:42->firmware/nnet_utils/nnet_dense.h:54->firmware/nnet_utils/nnet_sepconv_stream.h:104->firmware/nnet_utils/nnet_sepconv2d_stream.h:73]   --->   Operation 36 'mul' 'mul_ln73' <Predicate = true> <Delay = 3.57> <CoreInst = "Multiplier">   --->   Core 3 'Multiplier' <Latency = 0> <II = 1> <Delay = 3.57> <FuncUnit> <Opcode : 'mul'> <InPorts = 2> <OutPorts = 1>
ST_2 : Operation 37 [1/1] (0.00ns)   --->   "%trunc_ln42_64 = partselect i16 @_ssdm_op_PartSelect.i16.i26.i32.i32, i26 %mul_ln73, i32 10, i32 25" [firmware/nnet_utils/nnet_dense_latency.h:42->firmware/nnet_utils/nnet_dense.h:54->firmware/nnet_utils/nnet_sepconv_stream.h:104->firmware/nnet_utils/nnet_sepconv2d_stream.h:73]   --->   Operation 37 'partselect' 'trunc_ln42_64' <Predicate = true> <Delay = 0.00>
ST_2 : Operation 38 [1/1] (0.00ns)   --->   "%sext_ln42_16 = sext i16 %data_19" [firmware/nnet_utils/nnet_dense_latency.h:42->firmware/nnet_utils/nnet_dense.h:54->firmware/nnet_utils/nnet_sepconv_stream.h:104->firmware/nnet_utils/nnet_sepconv2d_stream.h:73]   --->   Operation 38 'sext' 'sext_ln42_16' <Predicate = true> <Delay = 0.00>
ST_2 : Operation 39 [1/1] (3.57ns)   --->   "%mul_ln42_23 = mul i26 %sext_ln42_16, i26 605" [firmware/nnet_utils/nnet_dense_latency.h:42->firmware/nnet_utils/nnet_dense.h:54->firmware/nnet_utils/nnet_sepconv_stream.h:104->firmware/nnet_utils/nnet_sepconv2d_stream.h:73]   --->   Operation 39 'mul' 'mul_ln42_23' <Predicate = true> <Delay = 3.57> <CoreInst = "Multiplier">   --->   Core 3 'Multiplier' <Latency = 0> <II = 1> <Delay = 3.57> <FuncUnit> <Opcode : 'mul'> <InPorts = 2> <OutPorts = 1>
ST_2 : Operation 40 [1/1] (0.00ns)   --->   "%trunc_ln42_65 = partselect i16 @_ssdm_op_PartSelect.i16.i26.i32.i32, i26 %mul_ln42_23, i32 10, i32 25" [firmware/nnet_utils/nnet_dense_latency.h:42->firmware/nnet_utils/nnet_dense.h:54->firmware/nnet_utils/nnet_sepconv_stream.h:104->firmware/nnet_utils/nnet_sepconv2d_stream.h:73]   --->   Operation 40 'partselect' 'trunc_ln42_65' <Predicate = true> <Delay = 0.00>
ST_2 : Operation 41 [1/1] (0.00ns)   --->   "%sext_ln42_17 = sext i16 %data_20" [firmware/nnet_utils/nnet_dense_latency.h:42->firmware/nnet_utils/nnet_dense.h:54->firmware/nnet_utils/nnet_sepconv_stream.h:104->firmware/nnet_utils/nnet_sepconv2d_stream.h:73]   --->   Operation 41 'sext' 'sext_ln42_17' <Predicate = true> <Delay = 0.00>
ST_2 : Operation 42 [1/1] (3.57ns)   --->   "%mul_ln42_24 = mul i26 %sext_ln42_17, i26 67107084" [firmware/nnet_utils/nnet_dense_latency.h:42->firmware/nnet_utils/nnet_dense.h:54->firmware/nnet_utils/nnet_sepconv_stream.h:104->firmware/nnet_utils/nnet_sepconv2d_stream.h:73]   --->   Operation 42 'mul' 'mul_ln42_24' <Predicate = true> <Delay = 3.57> <CoreInst = "Multiplier">   --->   Core 3 'Multiplier' <Latency = 0> <II = 1> <Delay = 3.57> <FuncUnit> <Opcode : 'mul'> <InPorts = 2> <OutPorts = 1>
ST_2 : Operation 43 [1/1] (0.00ns)   --->   "%trunc_ln42_66 = partselect i16 @_ssdm_op_PartSelect.i16.i26.i32.i32, i26 %mul_ln42_24, i32 10, i32 25" [firmware/nnet_utils/nnet_dense_latency.h:42->firmware/nnet_utils/nnet_dense.h:54->firmware/nnet_utils/nnet_sepconv_stream.h:104->firmware/nnet_utils/nnet_sepconv2d_stream.h:73]   --->   Operation 43 'partselect' 'trunc_ln42_66' <Predicate = true> <Delay = 0.00>
ST_2 : Operation 44 [1/1] (0.00ns)   --->   "%sext_ln42_18 = sext i16 %data_21" [firmware/nnet_utils/nnet_dense_latency.h:42->firmware/nnet_utils/nnet_dense.h:54->firmware/nnet_utils/nnet_sepconv_stream.h:104->firmware/nnet_utils/nnet_sepconv2d_stream.h:73]   --->   Operation 44 'sext' 'sext_ln42_18' <Predicate = true> <Delay = 0.00>
ST_2 : Operation 45 [1/1] (3.57ns)   --->   "%mul_ln42_25 = mul i26 %sext_ln42_18, i26 67106885" [firmware/nnet_utils/nnet_dense_latency.h:42->firmware/nnet_utils/nnet_dense.h:54->firmware/nnet_utils/nnet_sepconv_stream.h:104->firmware/nnet_utils/nnet_sepconv2d_stream.h:73]   --->   Operation 45 'mul' 'mul_ln42_25' <Predicate = true> <Delay = 3.57> <CoreInst = "Multiplier">   --->   Core 3 'Multiplier' <Latency = 0> <II = 1> <Delay = 3.57> <FuncUnit> <Opcode : 'mul'> <InPorts = 2> <OutPorts = 1>
ST_2 : Operation 46 [1/1] (0.00ns)   --->   "%trunc_ln42_67 = partselect i16 @_ssdm_op_PartSelect.i16.i26.i32.i32, i26 %mul_ln42_25, i32 10, i32 25" [firmware/nnet_utils/nnet_dense_latency.h:42->firmware/nnet_utils/nnet_dense.h:54->firmware/nnet_utils/nnet_sepconv_stream.h:104->firmware/nnet_utils/nnet_sepconv2d_stream.h:73]   --->   Operation 46 'partselect' 'trunc_ln42_67' <Predicate = true> <Delay = 0.00>
ST_2 : Operation 47 [1/1] (0.00ns)   --->   "%sext_ln42_19 = sext i16 %data_22" [firmware/nnet_utils/nnet_dense_latency.h:42->firmware/nnet_utils/nnet_dense.h:54->firmware/nnet_utils/nnet_sepconv_stream.h:104->firmware/nnet_utils/nnet_sepconv2d_stream.h:73]   --->   Operation 47 'sext' 'sext_ln42_19' <Predicate = true> <Delay = 0.00>
ST_2 : Operation 48 [1/1] (3.57ns)   --->   "%mul_ln42_26 = mul i26 %sext_ln42_19, i26 67106795" [firmware/nnet_utils/nnet_dense_latency.h:42->firmware/nnet_utils/nnet_dense.h:54->firmware/nnet_utils/nnet_sepconv_stream.h:104->firmware/nnet_utils/nnet_sepconv2d_stream.h:73]   --->   Operation 48 'mul' 'mul_ln42_26' <Predicate = true> <Delay = 3.57> <CoreInst = "Multiplier">   --->   Core 3 'Multiplier' <Latency = 0> <II = 1> <Delay = 3.57> <FuncUnit> <Opcode : 'mul'> <InPorts = 2> <OutPorts = 1>
ST_2 : Operation 49 [1/1] (0.00ns)   --->   "%trunc_ln42_68 = partselect i16 @_ssdm_op_PartSelect.i16.i26.i32.i32, i26 %mul_ln42_26, i32 10, i32 25" [firmware/nnet_utils/nnet_dense_latency.h:42->firmware/nnet_utils/nnet_dense.h:54->firmware/nnet_utils/nnet_sepconv_stream.h:104->firmware/nnet_utils/nnet_sepconv2d_stream.h:73]   --->   Operation 49 'partselect' 'trunc_ln42_68' <Predicate = true> <Delay = 0.00>

State 3 <SV = 2> <Delay = 2.99>
ST_3 : Operation 50 [1/1] (1.41ns)   --->   "%add_ln58 = add i16 %trunc_ln, i16 %trunc_ln42_s" [firmware/nnet_utils/nnet_dense_latency.h:58->firmware/nnet_utils/nnet_dense.h:54->firmware/nnet_utils/nnet_sepconv_stream.h:104->firmware/nnet_utils/nnet_sepconv2d_stream.h:73]   --->   Operation 50 'add' 'add_ln58' <Predicate = true> <Delay = 1.41> <CoreInst = "Adder">   --->   Core 1 'Adder' <Latency = 0> <II = 1> <Delay = 1.41> <FuncUnit> <Opcode : 'add' 'sub'> <InPorts = 2> <OutPorts = 1>
ST_3 : Operation 51 [1/1] (1.41ns)   --->   "%add_ln58_64 = add i16 %trunc_ln42_63, i16 %trunc_ln42_64" [firmware/nnet_utils/nnet_dense_latency.h:58->firmware/nnet_utils/nnet_dense.h:54->firmware/nnet_utils/nnet_sepconv_stream.h:104->firmware/nnet_utils/nnet_sepconv2d_stream.h:73]   --->   Operation 51 'add' 'add_ln58_64' <Predicate = true> <Delay = 1.41> <CoreInst = "Adder">   --->   Core 1 'Adder' <Latency = 0> <II = 1> <Delay = 1.41> <FuncUnit> <Opcode : 'add' 'sub'> <InPorts = 2> <OutPorts = 1>
ST_3 : Operation 52 [1/1] (0.00ns) (grouped into TernaryAdder)   --->   "%add_ln58_65 = add i16 %add_ln58_64, i16 %add_ln58" [firmware/nnet_utils/nnet_dense_latency.h:58->firmware/nnet_utils/nnet_dense.h:54->firmware/nnet_utils/nnet_sepconv_stream.h:104->firmware/nnet_utils/nnet_sepconv2d_stream.h:73]   --->   Operation 52 'add' 'add_ln58_65' <Predicate = true> <Delay = 0.00> <CoreInst = "TAddSub">   --->   Core 10 'TAddSub' <Latency = 0> <II = 1> <Delay = 0.49> <IPBlock> <Opcode : 'add' 'sub'> <InPorts = 3> <OutPorts = 1> <Sync> <CReg>
ST_3 : Operation 53 [1/1] (0.00ns) (grouped into TernaryAdder)   --->   "%add_ln58_66 = add i16 %trunc_ln42_65, i16 %trunc_ln42_66" [firmware/nnet_utils/nnet_dense_latency.h:58->firmware/nnet_utils/nnet_dense.h:54->firmware/nnet_utils/nnet_sepconv_stream.h:104->firmware/nnet_utils/nnet_sepconv2d_stream.h:73]   --->   Operation 53 'add' 'add_ln58_66' <Predicate = true> <Delay = 0.00> <CoreInst = "TAddSub">   --->   Core 10 'TAddSub' <Latency = 0> <II = 1> <Delay = 0.49> <IPBlock> <Opcode : 'add' 'sub'> <InPorts = 3> <OutPorts = 1> <Sync> <CReg>
ST_3 : Operation 54 [1/1] (0.00ns) (grouped into TernaryAdder)   --->   "%add_ln58_67 = add i16 %trunc_ln42_68, i16 64940" [firmware/nnet_utils/nnet_dense_latency.h:58->firmware/nnet_utils/nnet_dense.h:54->firmware/nnet_utils/nnet_sepconv_stream.h:104->firmware/nnet_utils/nnet_sepconv2d_stream.h:73]   --->   Operation 54 'add' 'add_ln58_67' <Predicate = true> <Delay = 0.00> <CoreInst = "TAddSub">   --->   Core 10 'TAddSub' <Latency = 0> <II = 1> <Delay = 0.49> <IPBlock> <Opcode : 'add' 'sub'> <InPorts = 3> <OutPorts = 1> <Sync> <CReg>
ST_3 : Operation 55 [1/1] (0.99ns) (root node of TernaryAdder)   --->   "%add_ln58_68 = add i16 %add_ln58_67, i16 %trunc_ln42_67" [firmware/nnet_utils/nnet_dense_latency.h:58->firmware/nnet_utils/nnet_dense.h:54->firmware/nnet_utils/nnet_sepconv_stream.h:104->firmware/nnet_utils/nnet_sepconv2d_stream.h:73]   --->   Operation 55 'add' 'add_ln58_68' <Predicate = true> <Delay = 0.99> <CoreInst = "TAddSub">   --->   Core 10 'TAddSub' <Latency = 0> <II = 1> <Delay = 0.49> <IPBlock> <Opcode : 'add' 'sub'> <InPorts = 3> <OutPorts = 1> <Sync> <CReg>
ST_3 : Operation 56 [1/1] (0.99ns) (root node of TernaryAdder)   --->   "%add_ln58_69 = add i16 %add_ln58_68, i16 %add_ln58_66" [firmware/nnet_utils/nnet_dense_latency.h:58->firmware/nnet_utils/nnet_dense.h:54->firmware/nnet_utils/nnet_sepconv_stream.h:104->firmware/nnet_utils/nnet_sepconv2d_stream.h:73]   --->   Operation 56 'add' 'add_ln58_69' <Predicate = true> <Delay = 0.99> <CoreInst = "TAddSub">   --->   Core 10 'TAddSub' <Latency = 0> <II = 1> <Delay = 0.49> <IPBlock> <Opcode : 'add' 'sub'> <InPorts = 3> <OutPorts = 1> <Sync> <CReg>
ST_3 : Operation 57 [1/1] (0.99ns) (root node of TernaryAdder)   --->   "%add_ln58_70 = add i16 %add_ln58_69, i16 %add_ln58_65" [firmware/nnet_utils/nnet_dense_latency.h:58->firmware/nnet_utils/nnet_dense.h:54->firmware/nnet_utils/nnet_sepconv_stream.h:104->firmware/nnet_utils/nnet_sepconv2d_stream.h:73]   --->   Operation 57 'add' 'add_ln58_70' <Predicate = true> <Delay = 0.99> <CoreInst = "TAddSub">   --->   Core 10 'TAddSub' <Latency = 0> <II = 1> <Delay = 0.49> <IPBlock> <Opcode : 'add' 'sub'> <InPorts = 3> <OutPorts = 1> <Sync> <CReg>

State 4 <SV = 3> <Delay = 1.82>
ST_4 : Operation 58 [1/1] (0.00ns)   --->   "%specloopname_ln0 = specloopname void @_ssdm_op_SpecLoopName, void @ReadInputHeight_ReadInputWidth_str"   --->   Operation 58 'specloopname' 'specloopname_ln0' <Predicate = true> <Delay = 0.00>
ST_4 : Operation 59 [1/1] (0.00ns)   --->   "%speclooptripcount_ln0 = speclooptripcount void @_ssdm_op_SpecLoopTripCount, i64 1024, i64 1024, i64 1024"   --->   Operation 59 'speclooptripcount' 'speclooptripcount_ln0' <Predicate = true> <Delay = 0.00>
ST_4 : Operation 60 [1/1] (0.00ns)   --->   "%specpipeline_ln71 = specpipeline void @_ssdm_op_SpecPipeline, i32 1, i32 0, i32 0, i32 0, i32 4294967295, void @empty_11" [firmware/nnet_utils/nnet_sepconv2d_stream.h:71]   --->   Operation 60 'specpipeline' 'specpipeline_ln71' <Predicate = true> <Delay = 0.00>
ST_4 : Operation 61 [1/1] (0.00ns)   --->   "%specresourcelimit_ln33 = specresourcelimit void @_ssdm_op_SpecResourceLimit, i64 8, void @empty_9, void @empty_11, void @empty_11, void @empty_11" [firmware/nnet_utils/nnet_dense_latency.h:33->firmware/nnet_utils/nnet_dense.h:54->firmware/nnet_utils/nnet_sepconv_stream.h:104->firmware/nnet_utils/nnet_sepconv2d_stream.h:73]   --->   Operation 61 'specresourcelimit' 'specresourcelimit_ln33' <Predicate = true> <Delay = 0.00>
ST_4 : Operation 62 [1/1] ( I:1.82ns O:1.82ns )   --->   "%write_ln113 = write void @_ssdm_op_Write.ap_fifo.volatile.i16P0A, i16 %layer26_out, i16 %add_ln58_70" [firmware/nnet_utils/nnet_sepconv_stream.h:113->firmware/nnet_utils/nnet_sepconv2d_stream.h:73]   --->   Operation 62 'write' 'write_ln113' <Predicate = true> <Delay = 1.82> <CoreInst = "FIFO">   --->   Core 77 'FIFO' <Latency = 0> <II = 1> <Delay = 2.16> <Storage> <Opcode : 'read' 'write' 'nbread' 'nbwrite'> <Ports = 0> <Width = 16> <Depth = 100000> <FIFO>
ST_4 : Operation 63 [1/1] (0.53ns)   --->   "%ret_ln93 = ret" [firmware/nnet_utils/nnet_sepconv2d_stream.h:93]   --->   Operation 63 'ret' 'ret_ln93' <Predicate = (icmp_ln67)> <Delay = 0.53>


============================================================
+ Verbose Summary: Binding
============================================================
STG Binding: 
---------------- STG Properties BEGIN ----------------
- Is combinational: 0
- Is one-state seq: 0
- Is datapath-only: 0
- Is pipelined: 0
- Is top level: 0
Port [ Return ] is wired: 1; IO mode=ap_ctrl_hs:ce=0
Port [ layer25_out]:  wired=1; compound=1; hidden=0; nouse=0; global=0; static=0; extern=0; dir=0; type=3; pingpong=0; private_global=0; IO mode=ap_fifo:ce=0
Port [ layer26_out]:  wired=1; compound=1; hidden=0; nouse=0; global=0; static=0; extern=0; dir=1; type=3; pingpong=0; private_global=0; IO mode=ap_fifo:ce=0
---------------- STG Properties END ------------------

---------------- Datapath Model BEGIN ----------------

<LifeTime>
<method=bitvector/>
indvar_flatten2        (alloca           ) [ 01000]
specinterface_ln0      (specinterface    ) [ 00000]
specinterface_ln0      (specinterface    ) [ 00000]
store_ln0              (store            ) [ 00000]
br_ln0                 (br               ) [ 00000]
indvar_flatten2_load   (load             ) [ 00000]
layer25_out_read       (read             ) [ 00000]
data                   (trunc            ) [ 01100]
data_16                (partselect       ) [ 01100]
data_17                (partselect       ) [ 01100]
data_18                (partselect       ) [ 01100]
data_19                (partselect       ) [ 01100]
data_20                (partselect       ) [ 01100]
data_21                (partselect       ) [ 01100]
data_22                (partselect       ) [ 01100]
add_ln67               (add              ) [ 00000]
icmp_ln67              (icmp             ) [ 01111]
store_ln67             (store            ) [ 00000]
br_ln67                (br               ) [ 00000]
sext_ln42              (sext             ) [ 00000]
mul_ln42               (mul              ) [ 00000]
trunc_ln               (partselect       ) [ 01010]
sext_ln42_14           (sext             ) [ 00000]
mul_ln42_21            (mul              ) [ 00000]
trunc_ln42_s           (partselect       ) [ 01010]
sext_ln42_15           (sext             ) [ 00000]
mul_ln42_22            (mul              ) [ 00000]
trunc_ln42_63          (partselect       ) [ 01010]
sext_ln70              (sext             ) [ 00000]
mul_ln73               (mul              ) [ 00000]
trunc_ln42_64          (partselect       ) [ 01010]
sext_ln42_16           (sext             ) [ 00000]
mul_ln42_23            (mul              ) [ 00000]
trunc_ln42_65          (partselect       ) [ 01010]
sext_ln42_17           (sext             ) [ 00000]
mul_ln42_24            (mul              ) [ 00000]
trunc_ln42_66          (partselect       ) [ 01010]
sext_ln42_18           (sext             ) [ 00000]
mul_ln42_25            (mul              ) [ 00000]
trunc_ln42_67          (partselect       ) [ 01010]
sext_ln42_19           (sext             ) [ 00000]
mul_ln42_26            (mul              ) [ 00000]
trunc_ln42_68          (partselect       ) [ 01010]
add_ln58               (add              ) [ 00000]
add_ln58_64            (add              ) [ 00000]
add_ln58_65            (add              ) [ 00000]
add_ln58_66            (add              ) [ 00000]
add_ln58_67            (add              ) [ 00000]
add_ln58_68            (add              ) [ 00000]
add_ln58_69            (add              ) [ 00000]
add_ln58_70            (add              ) [ 01001]
specloopname_ln0       (specloopname     ) [ 00000]
speclooptripcount_ln0  (speclooptripcount) [ 00000]
specpipeline_ln71      (specpipeline     ) [ 00000]
specresourcelimit_ln33 (specresourcelimit) [ 00000]
write_ln113            (write            ) [ 00000]
ret_ln93               (ret              ) [ 00000]
</LifeTime>

<model>

<comp_list>
<comp id="0" class="1000" name="layer25_out">
<pin_list>
<pin id="1" dir="1" index="0" bw="1" slack="0"/>
</pin_list>
<bind>
<StgValue><ssdm name="layer25_out"/></StgValue>
</bind>
</comp>

<comp id="2" class="1000" name="layer26_out">
<pin_list>
<pin id="3" dir="1" index="0" bw="1" slack="0"/>
</pin_list>
<bind>
<StgValue><ssdm name="layer26_out"/></StgValue>
</bind>
</comp>

<comp id="4" class="1001" name="const_4">
<pin_list>
<pin id="5" dir="1" index="0" bw="1" slack="0"/>
</pin_list>
<bind>
<StgValue><ssdm name=""/></StgValue>
</bind>
</comp>

<comp id="6" class="1001" name="const_6">
<pin_list>
<pin id="7" dir="1" index="0" bw="1" slack="2147483647"/>
</pin_list>
<bind>
<StgValue><ssdm name="_ssdm_op_SpecInterface"/></StgValue>
</bind>
</comp>

<comp id="8" class="1001" name="const_8">
<pin_list>
<pin id="9" dir="1" index="0" bw="1" slack="2147483647"/>
</pin_list>
<bind>
<StgValue><ssdm name="empty_10"/></StgValue>
</bind>
</comp>

<comp id="10" class="1001" name="const_10">
<pin_list>
<pin id="11" dir="1" index="0" bw="1" slack="2147483647"/>
</pin_list>
<bind>
<StgValue><ssdm name=""/></StgValue>
</bind>
</comp>

<comp id="12" class="1001" name="const_12">
<pin_list>
<pin id="13" dir="1" index="0" bw="1" slack="2147483647"/>
</pin_list>
<bind>
<StgValue><ssdm name="empty_11"/></StgValue>
</bind>
</comp>

<comp id="14" class="1001" name="const_14">
<pin_list>
<pin id="15" dir="1" index="0" bw="1" slack="2147483647"/>
</pin_list>
<bind>
<StgValue><ssdm name=""/></StgValue>
</bind>
</comp>

<comp id="16" class="1001" name="const_16">
<pin_list>
<pin id="17" dir="1" index="0" bw="1" slack="0"/>
</pin_list>
<bind>
<StgValue><ssdm name=""/></StgValue>
</bind>
</comp>

<comp id="18" class="1001" name="const_18">
<pin_list>
<pin id="19" dir="1" index="0" bw="1" slack="0"/>
</pin_list>
<bind>
<StgValue><ssdm name="_ssdm_op_Read.ap_fifo.volatile.i128P0A"/></StgValue>
</bind>
</comp>

<comp id="20" class="1001" name="const_20">
<pin_list>
<pin id="21" dir="1" index="0" bw="1" slack="0"/>
</pin_list>
<bind>
<StgValue><ssdm name="_ssdm_op_PartSelect.i16.i128.i32.i32"/></StgValue>
</bind>
</comp>

<comp id="22" class="1001" name="const_22">
<pin_list>
<pin id="23" dir="1" index="0" bw="1" slack="0"/>
</pin_list>
<bind>
<StgValue><ssdm name=""/></StgValue>
</bind>
</comp>

<comp id="24" class="1001" name="const_24">
<pin_list>
<pin id="25" dir="1" index="0" bw="1" slack="0"/>
</pin_list>
<bind>
<StgValue><ssdm name=""/></StgValue>
</bind>
</comp>

<comp id="26" class="1001" name="const_26">
<pin_list>
<pin id="27" dir="1" index="0" bw="1" slack="0"/>
</pin_list>
<bind>
<StgValue><ssdm name=""/></StgValue>
</bind>
</comp>

<comp id="28" class="1001" name="const_28">
<pin_list>
<pin id="29" dir="1" index="0" bw="1" slack="0"/>
</pin_list>
<bind>
<StgValue><ssdm name=""/></StgValue>
</bind>
</comp>

<comp id="30" class="1001" name="const_30">
<pin_list>
<pin id="31" dir="1" index="0" bw="1" slack="0"/>
</pin_list>
<bind>
<StgValue><ssdm name=""/></StgValue>
</bind>
</comp>

<comp id="32" class="1001" name="const_32">
<pin_list>
<pin id="33" dir="1" index="0" bw="1" slack="0"/>
</pin_list>
<bind>
<StgValue><ssdm name=""/></StgValue>
</bind>
</comp>

<comp id="34" class="1001" name="const_34">
<pin_list>
<pin id="35" dir="1" index="0" bw="1" slack="0"/>
</pin_list>
<bind>
<StgValue><ssdm name=""/></StgValue>
</bind>
</comp>

<comp id="36" class="1001" name="const_36">
<pin_list>
<pin id="37" dir="1" index="0" bw="1" slack="0"/>
</pin_list>
<bind>
<StgValue><ssdm name=""/></StgValue>
</bind>
</comp>

<comp id="38" class="1001" name="const_38">
<pin_list>
<pin id="39" dir="1" index="0" bw="1" slack="0"/>
</pin_list>
<bind>
<StgValue><ssdm name=""/></StgValue>
</bind>
</comp>

<comp id="40" class="1001" name="const_40">
<pin_list>
<pin id="41" dir="1" index="0" bw="1" slack="0"/>
</pin_list>
<bind>
<StgValue><ssdm name=""/></StgValue>
</bind>
</comp>

<comp id="42" class="1001" name="const_42">
<pin_list>
<pin id="43" dir="1" index="0" bw="1" slack="0"/>
</pin_list>
<bind>
<StgValue><ssdm name=""/></StgValue>
</bind>
</comp>

<comp id="44" class="1001" name="const_44">
<pin_list>
<pin id="45" dir="1" index="0" bw="1" slack="0"/>
</pin_list>
<bind>
<StgValue><ssdm name=""/></StgValue>
</bind>
</comp>

<comp id="46" class="1001" name="const_46">
<pin_list>
<pin id="47" dir="1" index="0" bw="1" slack="0"/>
</pin_list>
<bind>
<StgValue><ssdm name=""/></StgValue>
</bind>
</comp>

<comp id="48" class="1001" name="const_48">
<pin_list>
<pin id="49" dir="1" index="0" bw="1" slack="0"/>
</pin_list>
<bind>
<StgValue><ssdm name=""/></StgValue>
</bind>
</comp>

<comp id="50" class="1001" name="const_50">
<pin_list>
<pin id="51" dir="1" index="0" bw="1" slack="0"/>
</pin_list>
<bind>
<StgValue><ssdm name=""/></StgValue>
</bind>
</comp>

<comp id="52" class="1001" name="const_52">
<pin_list>
<pin id="53" dir="1" index="0" bw="1" slack="0"/>
</pin_list>
<bind>
<StgValue><ssdm name=""/></StgValue>
</bind>
</comp>

<comp id="54" class="1001" name="const_54">
<pin_list>
<pin id="55" dir="1" index="0" bw="1" slack="0"/>
</pin_list>
<bind>
<StgValue><ssdm name=""/></StgValue>
</bind>
</comp>

<comp id="56" class="1001" name="const_56">
<pin_list>
<pin id="57" dir="1" index="0" bw="1" slack="0"/>
</pin_list>
<bind>
<StgValue><ssdm name="_ssdm_op_PartSelect.i16.i26.i32.i32"/></StgValue>
</bind>
</comp>

<comp id="58" class="1001" name="const_58">
<pin_list>
<pin id="59" dir="1" index="0" bw="1" slack="0"/>
</pin_list>
<bind>
<StgValue><ssdm name=""/></StgValue>
</bind>
</comp>

<comp id="60" class="1001" name="const_60">
<pin_list>
<pin id="61" dir="1" index="0" bw="1" slack="0"/>
</pin_list>
<bind>
<StgValue><ssdm name=""/></StgValue>
</bind>
</comp>

<comp id="62" class="1001" name="const_62">
<pin_list>
<pin id="63" dir="1" index="0" bw="1" slack="0"/>
</pin_list>
<bind>
<StgValue><ssdm name=""/></StgValue>
</bind>
</comp>

<comp id="64" class="1001" name="const_64">
<pin_list>
<pin id="65" dir="1" index="0" bw="1" slack="0"/>
</pin_list>
<bind>
<StgValue><ssdm name=""/></StgValue>
</bind>
</comp>

<comp id="66" class="1001" name="const_66">
<pin_list>
<pin id="67" dir="1" index="0" bw="1" slack="0"/>
</pin_list>
<bind>
<StgValue><ssdm name=""/></StgValue>
</bind>
</comp>

<comp id="68" class="1001" name="const_68">
<pin_list>
<pin id="69" dir="1" index="0" bw="1" slack="0"/>
</pin_list>
<bind>
<StgValue><ssdm name=""/></StgValue>
</bind>
</comp>

<comp id="70" class="1001" name="const_70">
<pin_list>
<pin id="71" dir="1" index="0" bw="1" slack="0"/>
</pin_list>
<bind>
<StgValue><ssdm name=""/></StgValue>
</bind>
</comp>

<comp id="72" class="1001" name="const_72">
<pin_list>
<pin id="73" dir="1" index="0" bw="1" slack="0"/>
</pin_list>
<bind>
<StgValue><ssdm name=""/></StgValue>
</bind>
</comp>

<comp id="74" class="1001" name="const_74">
<pin_list>
<pin id="75" dir="1" index="0" bw="1" slack="0"/>
</pin_list>
<bind>
<StgValue><ssdm name=""/></StgValue>
</bind>
</comp>

<comp id="76" class="1001" name="const_76">
<pin_list>
<pin id="77" dir="1" index="0" bw="1" slack="0"/>
</pin_list>
<bind>
<StgValue><ssdm name=""/></StgValue>
</bind>
</comp>

<comp id="78" class="1001" name="const_78">
<pin_list>
<pin id="79" dir="1" index="0" bw="1" slack="2147483647"/>
</pin_list>
<bind>
<StgValue><ssdm name="_ssdm_op_SpecLoopName"/></StgValue>
</bind>
</comp>

<comp id="80" class="1001" name="const_80">
<pin_list>
<pin id="81" dir="1" index="0" bw="1" slack="2147483647"/>
</pin_list>
<bind>
<StgValue><ssdm name="ReadInputHeight_ReadInputWidth_str"/></StgValue>
</bind>
</comp>

<comp id="82" class="1001" name="const_82">
<pin_list>
<pin id="83" dir="1" index="0" bw="1" slack="2147483647"/>
</pin_list>
<bind>
<StgValue><ssdm name="_ssdm_op_SpecLoopTripCount"/></StgValue>
</bind>
</comp>

<comp id="84" class="1001" name="const_84">
<pin_list>
<pin id="85" dir="1" index="0" bw="1" slack="2147483647"/>
</pin_list>
<bind>
<StgValue><ssdm name=""/></StgValue>
</bind>
</comp>

<comp id="86" class="1001" name="const_86">
<pin_list>
<pin id="87" dir="1" index="0" bw="1" slack="2147483647"/>
</pin_list>
<bind>
<StgValue><ssdm name="_ssdm_op_SpecPipeline"/></StgValue>
</bind>
</comp>

<comp id="88" class="1001" name="const_88">
<pin_list>
<pin id="89" dir="1" index="0" bw="1" slack="2147483647"/>
</pin_list>
<bind>
<StgValue><ssdm name="_ssdm_op_SpecResourceLimit"/></StgValue>
</bind>
</comp>

<comp id="90" class="1001" name="const_90">
<pin_list>
<pin id="91" dir="1" index="0" bw="1" slack="2147483647"/>
</pin_list>
<bind>
<StgValue><ssdm name=""/></StgValue>
</bind>
</comp>

<comp id="92" class="1001" name="const_92">
<pin_list>
<pin id="93" dir="1" index="0" bw="1" slack="2147483647"/>
</pin_list>
<bind>
<StgValue><ssdm name="empty_9"/></StgValue>
</bind>
</comp>

<comp id="94" class="1001" name="const_94">
<pin_list>
<pin id="95" dir="1" index="0" bw="1" slack="0"/>
</pin_list>
<bind>
<StgValue><ssdm name="_ssdm_op_Write.ap_fifo.volatile.i16P0A"/></StgValue>
</bind>
</comp>

<comp id="96" class="1004" name="indvar_flatten2_fu_96">
<pin_list>
<pin id="97" dir="0" index="0" bw="1" slack="0"/>
<pin id="98" dir="1" index="1" bw="10" slack="0"/>
</pin_list>
<bind>
<opcode="alloca(26) " fcode="alloca"/>
<opset="indvar_flatten2/1 "/>
</bind>
</comp>

<comp id="100" class="1004" name="layer25_out_read_read_fu_100">
<pin_list>
<pin id="101" dir="0" index="0" bw="128" slack="0"/>
<pin id="102" dir="0" index="1" bw="128" slack="0"/>
<pin id="103" dir="1" index="2" bw="128" slack="0"/>
</pin_list>
<bind>
<opcode="read(1150) " fcode="read"/>
<opset="layer25_out_read/1 "/>
</bind>
</comp>

<comp id="106" class="1004" name="write_ln113_write_fu_106">
<pin_list>
<pin id="107" dir="0" index="0" bw="0" slack="0"/>
<pin id="108" dir="0" index="1" bw="16" slack="0"/>
<pin id="109" dir="0" index="2" bw="16" slack="1"/>
<pin id="110" dir="1" index="3" bw="0" slack="2147483647"/>
</pin_list>
<bind>
<opcode="write(1151) " fcode="write"/>
<opset="write_ln113/4 "/>
</bind>
</comp>

<comp id="113" class="1004" name="mul_ln73_fu_113">
<pin_list>
<pin id="389" dir="0" index="0" bw="16" slack="0"/>
<pin id="390" dir="0" index="1" bw="10" slack="0"/>
<pin id="391" dir="1" index="2" bw="26" slack="0"/>
</pin_list>
<bind>
<opcode="mul(12) " fcode="mul"/>
<opset="mul_ln73/2 "/>
</bind>
</comp>

<comp id="114" class="1004" name="mul_ln42_26_fu_114">
<pin_list>
<pin id="405" dir="0" index="0" bw="16" slack="0"/>
<pin id="406" dir="0" index="1" bw="13" slack="0"/>
<pin id="407" dir="1" index="2" bw="26" slack="0"/>
</pin_list>
<bind>
<opcode="mul(12) " fcode="mul"/>
<opset="mul_ln42_26/2 "/>
</bind>
</comp>

<comp id="115" class="1004" name="mul_ln42_24_fu_115">
<pin_list>
<pin id="397" dir="0" index="0" bw="16" slack="0"/>
<pin id="398" dir="0" index="1" bw="12" slack="0"/>
<pin id="399" dir="1" index="2" bw="26" slack="0"/>
</pin_list>
<bind>
<opcode="mul(12) " fcode="mul"/>
<opset="mul_ln42_24/2 "/>
</bind>
</comp>

<comp id="116" class="1004" name="mul_ln42_25_fu_116">
<pin_list>
<pin id="401" dir="0" index="0" bw="16" slack="0"/>
<pin id="402" dir="0" index="1" bw="12" slack="0"/>
<pin id="403" dir="1" index="2" bw="26" slack="0"/>
</pin_list>
<bind>
<opcode="mul(12) " fcode="mul"/>
<opset="mul_ln42_25/2 "/>
</bind>
</comp>

<comp id="117" class="1004" name="mul_ln42_21_fu_117">
<pin_list>
<pin id="381" dir="0" index="0" bw="16" slack="0"/>
<pin id="382" dir="0" index="1" bw="11" slack="0"/>
<pin id="383" dir="1" index="2" bw="26" slack="0"/>
</pin_list>
<bind>
<opcode="mul(12) " fcode="mul"/>
<opset="mul_ln42_21/2 "/>
</bind>
</comp>

<comp id="118" class="1004" name="mul_ln42_23_fu_118">
<pin_list>
<pin id="393" dir="0" index="0" bw="16" slack="0"/>
<pin id="394" dir="0" index="1" bw="11" slack="0"/>
<pin id="395" dir="1" index="2" bw="26" slack="0"/>
</pin_list>
<bind>
<opcode="mul(12) " fcode="mul"/>
<opset="mul_ln42_23/2 "/>
</bind>
</comp>

<comp id="119" class="1004" name="mul_ln42_22_fu_119">
<pin_list>
<pin id="385" dir="0" index="0" bw="16" slack="0"/>
<pin id="386" dir="0" index="1" bw="13" slack="0"/>
<pin id="387" dir="1" index="2" bw="26" slack="0"/>
</pin_list>
<bind>
<opcode="mul(12) " fcode="mul"/>
<opset="mul_ln42_22/2 "/>
</bind>
</comp>

<comp id="120" class="1004" name="mul_ln42_fu_120">
<pin_list>
<pin id="377" dir="0" index="0" bw="16" slack="0"/>
<pin id="378" dir="0" index="1" bw="12" slack="0"/>
<pin id="379" dir="1" index="2" bw="26" slack="0"/>
</pin_list>
<bind>
<opcode="mul(12) " fcode="mul"/>
<opset="mul_ln42/2 "/>
</bind>
</comp>

<comp id="434" class="1004" name="store_ln0_store_fu_434">
<pin_list>
<pin id="435" dir="0" index="0" bw="1" slack="0"/>
<pin id="436" dir="0" index="1" bw="10" slack="0"/>
<pin id="437" dir="1" index="2" bw="0" slack="2147483647"/>
</pin_list>
<bind>
<opcode="store(28) " fcode="store"/>
<opset="store_ln0/1 "/>
</bind>
</comp>

<comp id="439" class="1004" name="indvar_flatten2_load_load_fu_439">
<pin_list>
<pin id="440" dir="0" index="0" bw="10" slack="0"/>
<pin id="441" dir="1" index="1" bw="10" slack="0"/>
</pin_list>
<bind>
<opcode="load(27) " fcode="load"/>
<opset="indvar_flatten2_load/1 "/>
</bind>
</comp>

<comp id="442" class="1004" name="data_fu_442">
<pin_list>
<pin id="443" dir="0" index="0" bw="128" slack="0"/>
<pin id="444" dir="1" index="1" bw="16" slack="1"/>
</pin_list>
<bind>
<opcode="trunc(33) " fcode="trunc"/>
<opset="data/1 "/>
</bind>
</comp>

<comp id="446" class="1004" name="data_16_fu_446">
<pin_list>
<pin id="447" dir="0" index="0" bw="16" slack="0"/>
<pin id="448" dir="0" index="1" bw="128" slack="0"/>
<pin id="449" dir="0" index="2" bw="6" slack="0"/>
<pin id="450" dir="0" index="3" bw="6" slack="0"/>
<pin id="451" dir="1" index="4" bw="16" slack="1"/>
</pin_list>
<bind>
<opcode="partselect(1002) " fcode="partselect"/>
<opset="data_16/1 "/>
</bind>
</comp>

<comp id="456" class="1004" name="data_17_fu_456">
<pin_list>
<pin id="457" dir="0" index="0" bw="16" slack="0"/>
<pin id="458" dir="0" index="1" bw="128" slack="0"/>
<pin id="459" dir="0" index="2" bw="7" slack="0"/>
<pin id="460" dir="0" index="3" bw="7" slack="0"/>
<pin id="461" dir="1" index="4" bw="16" slack="1"/>
</pin_list>
<bind>
<opcode="partselect(1002) " fcode="partselect"/>
<opset="data_17/1 "/>
</bind>
</comp>

<comp id="466" class="1004" name="data_18_fu_466">
<pin_list>
<pin id="467" dir="0" index="0" bw="16" slack="0"/>
<pin id="468" dir="0" index="1" bw="128" slack="0"/>
<pin id="469" dir="0" index="2" bw="7" slack="0"/>
<pin id="470" dir="0" index="3" bw="7" slack="0"/>
<pin id="471" dir="1" index="4" bw="16" slack="1"/>
</pin_list>
<bind>
<opcode="partselect(1002) " fcode="partselect"/>
<opset="data_18/1 "/>
</bind>
</comp>

<comp id="476" class="1004" name="data_19_fu_476">
<pin_list>
<pin id="477" dir="0" index="0" bw="16" slack="0"/>
<pin id="478" dir="0" index="1" bw="128" slack="0"/>
<pin id="479" dir="0" index="2" bw="8" slack="0"/>
<pin id="480" dir="0" index="3" bw="8" slack="0"/>
<pin id="481" dir="1" index="4" bw="16" slack="1"/>
</pin_list>
<bind>
<opcode="partselect(1002) " fcode="partselect"/>
<opset="data_19/1 "/>
</bind>
</comp>

<comp id="486" class="1004" name="data_20_fu_486">
<pin_list>
<pin id="487" dir="0" index="0" bw="16" slack="0"/>
<pin id="488" dir="0" index="1" bw="128" slack="0"/>
<pin id="489" dir="0" index="2" bw="8" slack="0"/>
<pin id="490" dir="0" index="3" bw="8" slack="0"/>
<pin id="491" dir="1" index="4" bw="16" slack="1"/>
</pin_list>
<bind>
<opcode="partselect(1002) " fcode="partselect"/>
<opset="data_20/1 "/>
</bind>
</comp>

<comp id="496" class="1004" name="data_21_fu_496">
<pin_list>
<pin id="497" dir="0" index="0" bw="16" slack="0"/>
<pin id="498" dir="0" index="1" bw="128" slack="0"/>
<pin id="499" dir="0" index="2" bw="8" slack="0"/>
<pin id="500" dir="0" index="3" bw="8" slack="0"/>
<pin id="501" dir="1" index="4" bw="16" slack="1"/>
</pin_list>
<bind>
<opcode="partselect(1002) " fcode="partselect"/>
<opset="data_21/1 "/>
</bind>
</comp>

<comp id="506" class="1004" name="data_22_fu_506">
<pin_list>
<pin id="507" dir="0" index="0" bw="16" slack="0"/>
<pin id="508" dir="0" index="1" bw="128" slack="0"/>
<pin id="509" dir="0" index="2" bw="8" slack="0"/>
<pin id="510" dir="0" index="3" bw="8" slack="0"/>
<pin id="511" dir="1" index="4" bw="16" slack="1"/>
</pin_list>
<bind>
<opcode="partselect(1002) " fcode="partselect"/>
<opset="data_22/1 "/>
</bind>
</comp>

<comp id="516" class="1004" name="add_ln67_fu_516">
<pin_list>
<pin id="517" dir="0" index="0" bw="10" slack="0"/>
<pin id="518" dir="0" index="1" bw="1" slack="0"/>
<pin id="519" dir="1" index="2" bw="10" slack="0"/>
</pin_list>
<bind>
<opcode="add(8) " fcode="add"/>
<opset="add_ln67/1 "/>
</bind>
</comp>

<comp id="522" class="1004" name="icmp_ln67_fu_522">
<pin_list>
<pin id="523" dir="0" index="0" bw="10" slack="0"/>
<pin id="524" dir="0" index="1" bw="10" slack="0"/>
<pin id="525" dir="1" index="2" bw="1" slack="3"/>
</pin_list>
<bind>
<opcode="icmp(45) " fcode="icmp"/>
<opset="icmp_ln67/1 "/>
</bind>
</comp>

<comp id="528" class="1004" name="store_ln67_store_fu_528">
<pin_list>
<pin id="529" dir="0" index="0" bw="10" slack="0"/>
<pin id="530" dir="0" index="1" bw="10" slack="0"/>
<pin id="531" dir="1" index="2" bw="0" slack="2147483647"/>
</pin_list>
<bind>
<opcode="store(28) " fcode="store"/>
<opset="store_ln67/1 "/>
</bind>
</comp>

<comp id="533" class="1004" name="sext_ln42_fu_533">
<pin_list>
<pin id="534" dir="0" index="0" bw="16" slack="1"/>
<pin id="535" dir="1" index="1" bw="26" slack="0"/>
</pin_list>
<bind>
<opcode="sext(35) " fcode="sext"/>
<opset="sext_ln42/2 "/>
</bind>
</comp>

<comp id="537" class="1004" name="trunc_ln_fu_537">
<pin_list>
<pin id="538" dir="0" index="0" bw="16" slack="0"/>
<pin id="539" dir="0" index="1" bw="26" slack="0"/>
<pin id="540" dir="0" index="2" bw="5" slack="0"/>
<pin id="541" dir="0" index="3" bw="6" slack="0"/>
<pin id="542" dir="1" index="4" bw="16" slack="1"/>
</pin_list>
<bind>
<opcode="partselect(1002) " fcode="partselect"/>
<opset="trunc_ln/2 "/>
</bind>
</comp>

<comp id="547" class="1004" name="sext_ln42_14_fu_547">
<pin_list>
<pin id="548" dir="0" index="0" bw="16" slack="1"/>
<pin id="549" dir="1" index="1" bw="26" slack="0"/>
</pin_list>
<bind>
<opcode="sext(35) " fcode="sext"/>
<opset="sext_ln42_14/2 "/>
</bind>
</comp>

<comp id="551" class="1004" name="trunc_ln42_s_fu_551">
<pin_list>
<pin id="552" dir="0" index="0" bw="16" slack="0"/>
<pin id="553" dir="0" index="1" bw="26" slack="0"/>
<pin id="554" dir="0" index="2" bw="5" slack="0"/>
<pin id="555" dir="0" index="3" bw="6" slack="0"/>
<pin id="556" dir="1" index="4" bw="16" slack="1"/>
</pin_list>
<bind>
<opcode="partselect(1002) " fcode="partselect"/>
<opset="trunc_ln42_s/2 "/>
</bind>
</comp>

<comp id="561" class="1004" name="sext_ln42_15_fu_561">
<pin_list>
<pin id="562" dir="0" index="0" bw="16" slack="1"/>
<pin id="563" dir="1" index="1" bw="26" slack="0"/>
</pin_list>
<bind>
<opcode="sext(35) " fcode="sext"/>
<opset="sext_ln42_15/2 "/>
</bind>
</comp>

<comp id="565" class="1004" name="trunc_ln42_63_fu_565">
<pin_list>
<pin id="566" dir="0" index="0" bw="16" slack="0"/>
<pin id="567" dir="0" index="1" bw="26" slack="0"/>
<pin id="568" dir="0" index="2" bw="5" slack="0"/>
<pin id="569" dir="0" index="3" bw="6" slack="0"/>
<pin id="570" dir="1" index="4" bw="16" slack="1"/>
</pin_list>
<bind>
<opcode="partselect(1002) " fcode="partselect"/>
<opset="trunc_ln42_63/2 "/>
</bind>
</comp>

<comp id="575" class="1004" name="sext_ln70_fu_575">
<pin_list>
<pin id="576" dir="0" index="0" bw="16" slack="1"/>
<pin id="577" dir="1" index="1" bw="26" slack="0"/>
</pin_list>
<bind>
<opcode="sext(35) " fcode="sext"/>
<opset="sext_ln70/2 "/>
</bind>
</comp>

<comp id="579" class="1004" name="trunc_ln42_64_fu_579">
<pin_list>
<pin id="580" dir="0" index="0" bw="16" slack="0"/>
<pin id="581" dir="0" index="1" bw="26" slack="0"/>
<pin id="582" dir="0" index="2" bw="5" slack="0"/>
<pin id="583" dir="0" index="3" bw="6" slack="0"/>
<pin id="584" dir="1" index="4" bw="16" slack="1"/>
</pin_list>
<bind>
<opcode="partselect(1002) " fcode="partselect"/>
<opset="trunc_ln42_64/2 "/>
</bind>
</comp>

<comp id="589" class="1004" name="sext_ln42_16_fu_589">
<pin_list>
<pin id="590" dir="0" index="0" bw="16" slack="1"/>
<pin id="591" dir="1" index="1" bw="26" slack="0"/>
</pin_list>
<bind>
<opcode="sext(35) " fcode="sext"/>
<opset="sext_ln42_16/2 "/>
</bind>
</comp>

<comp id="593" class="1004" name="trunc_ln42_65_fu_593">
<pin_list>
<pin id="594" dir="0" index="0" bw="16" slack="0"/>
<pin id="595" dir="0" index="1" bw="26" slack="0"/>
<pin id="596" dir="0" index="2" bw="5" slack="0"/>
<pin id="597" dir="0" index="3" bw="6" slack="0"/>
<pin id="598" dir="1" index="4" bw="16" slack="1"/>
</pin_list>
<bind>
<opcode="partselect(1002) " fcode="partselect"/>
<opset="trunc_ln42_65/2 "/>
</bind>
</comp>

<comp id="603" class="1004" name="sext_ln42_17_fu_603">
<pin_list>
<pin id="604" dir="0" index="0" bw="16" slack="1"/>
<pin id="605" dir="1" index="1" bw="26" slack="0"/>
</pin_list>
<bind>
<opcode="sext(35) " fcode="sext"/>
<opset="sext_ln42_17/2 "/>
</bind>
</comp>

<comp id="607" class="1004" name="trunc_ln42_66_fu_607">
<pin_list>
<pin id="608" dir="0" index="0" bw="16" slack="0"/>
<pin id="609" dir="0" index="1" bw="26" slack="0"/>
<pin id="610" dir="0" index="2" bw="5" slack="0"/>
<pin id="611" dir="0" index="3" bw="6" slack="0"/>
<pin id="612" dir="1" index="4" bw="16" slack="1"/>
</pin_list>
<bind>
<opcode="partselect(1002) " fcode="partselect"/>
<opset="trunc_ln42_66/2 "/>
</bind>
</comp>

<comp id="617" class="1004" name="sext_ln42_18_fu_617">
<pin_list>
<pin id="618" dir="0" index="0" bw="16" slack="1"/>
<pin id="619" dir="1" index="1" bw="26" slack="0"/>
</pin_list>
<bind>
<opcode="sext(35) " fcode="sext"/>
<opset="sext_ln42_18/2 "/>
</bind>
</comp>

<comp id="621" class="1004" name="trunc_ln42_67_fu_621">
<pin_list>
<pin id="622" dir="0" index="0" bw="16" slack="0"/>
<pin id="623" dir="0" index="1" bw="26" slack="0"/>
<pin id="624" dir="0" index="2" bw="5" slack="0"/>
<pin id="625" dir="0" index="3" bw="6" slack="0"/>
<pin id="626" dir="1" index="4" bw="16" slack="1"/>
</pin_list>
<bind>
<opcode="partselect(1002) " fcode="partselect"/>
<opset="trunc_ln42_67/2 "/>
</bind>
</comp>

<comp id="631" class="1004" name="sext_ln42_19_fu_631">
<pin_list>
<pin id="632" dir="0" index="0" bw="16" slack="1"/>
<pin id="633" dir="1" index="1" bw="26" slack="0"/>
</pin_list>
<bind>
<opcode="sext(35) " fcode="sext"/>
<opset="sext_ln42_19/2 "/>
</bind>
</comp>

<comp id="635" class="1004" name="trunc_ln42_68_fu_635">
<pin_list>
<pin id="636" dir="0" index="0" bw="16" slack="0"/>
<pin id="637" dir="0" index="1" bw="26" slack="0"/>
<pin id="638" dir="0" index="2" bw="5" slack="0"/>
<pin id="639" dir="0" index="3" bw="6" slack="0"/>
<pin id="640" dir="1" index="4" bw="16" slack="1"/>
</pin_list>
<bind>
<opcode="partselect(1002) " fcode="partselect"/>
<opset="trunc_ln42_68/2 "/>
</bind>
</comp>

<comp id="645" class="1004" name="add_ln58_fu_645">
<pin_list>
<pin id="646" dir="0" index="0" bw="16" slack="1"/>
<pin id="647" dir="0" index="1" bw="16" slack="1"/>
<pin id="648" dir="1" index="2" bw="16" slack="0"/>
</pin_list>
<bind>
<opcode="add(8) " fcode="add"/>
<opset="add_ln58/3 "/>
</bind>
</comp>

<comp id="649" class="1004" name="add_ln58_64_fu_649">
<pin_list>
<pin id="650" dir="0" index="0" bw="16" slack="1"/>
<pin id="651" dir="0" index="1" bw="16" slack="1"/>
<pin id="652" dir="1" index="2" bw="16" slack="0"/>
</pin_list>
<bind>
<opcode="add(8) " fcode="add"/>
<opset="add_ln58_64/3 "/>
</bind>
</comp>

<comp id="653" class="1004" name="add_ln58_65_fu_653">
<pin_list>
<pin id="654" dir="0" index="0" bw="16" slack="0"/>
<pin id="655" dir="0" index="1" bw="16" slack="0"/>
<pin id="656" dir="1" index="2" bw="16" slack="0"/>
</pin_list>
<bind>
<opcode="add(8) " fcode="add"/>
<opset="add_ln58_65/3 "/>
</bind>
</comp>

<comp id="659" class="1004" name="add_ln58_66_fu_659">
<pin_list>
<pin id="660" dir="0" index="0" bw="16" slack="1"/>
<pin id="661" dir="0" index="1" bw="16" slack="1"/>
<pin id="662" dir="1" index="2" bw="16" slack="0"/>
</pin_list>
<bind>
<opcode="add(8) " fcode="add"/>
<opset="add_ln58_66/3 "/>
</bind>
</comp>

<comp id="663" class="1004" name="add_ln58_67_fu_663">
<pin_list>
<pin id="664" dir="0" index="0" bw="16" slack="1"/>
<pin id="665" dir="0" index="1" bw="11" slack="0"/>
<pin id="666" dir="1" index="2" bw="16" slack="0"/>
</pin_list>
<bind>
<opcode="add(8) " fcode="add"/>
<opset="add_ln58_67/3 "/>
</bind>
</comp>

<comp id="668" class="1004" name="add_ln58_68_fu_668">
<pin_list>
<pin id="669" dir="0" index="0" bw="16" slack="0"/>
<pin id="670" dir="0" index="1" bw="16" slack="1"/>
<pin id="671" dir="1" index="2" bw="16" slack="0"/>
</pin_list>
<bind>
<opcode="add(8) " fcode="add"/>
<opset="add_ln58_68/3 "/>
</bind>
</comp>

<comp id="673" class="1004" name="add_ln58_69_fu_673">
<pin_list>
<pin id="674" dir="0" index="0" bw="16" slack="0"/>
<pin id="675" dir="0" index="1" bw="16" slack="0"/>
<pin id="676" dir="1" index="2" bw="16" slack="0"/>
</pin_list>
<bind>
<opcode="add(8) " fcode="add"/>
<opset="add_ln58_69/3 "/>
</bind>
</comp>

<comp id="679" class="1004" name="add_ln58_70_fu_679">
<pin_list>
<pin id="680" dir="0" index="0" bw="16" slack="0"/>
<pin id="681" dir="0" index="1" bw="16" slack="0"/>
<pin id="682" dir="1" index="2" bw="16" slack="1"/>
</pin_list>
<bind>
<opcode="add(8) " fcode="add"/>
<opset="add_ln58_70/3 "/>
</bind>
</comp>

<comp id="685" class="1005" name="indvar_flatten2_reg_685">
<pin_list>
<pin id="686" dir="0" index="0" bw="10" slack="0"/>
<pin id="687" dir="1" index="1" bw="10" slack="0"/>
</pin_list>
<bind>
<opset="indvar_flatten2 "/>
</bind>
</comp>

<comp id="692" class="1005" name="data_reg_692">
<pin_list>
<pin id="693" dir="0" index="0" bw="16" slack="1"/>
<pin id="694" dir="1" index="1" bw="16" slack="1"/>
</pin_list>
<bind>
<opset="data "/>
</bind>
</comp>

<comp id="697" class="1005" name="data_16_reg_697">
<pin_list>
<pin id="698" dir="0" index="0" bw="16" slack="1"/>
<pin id="699" dir="1" index="1" bw="16" slack="1"/>
</pin_list>
<bind>
<opset="data_16 "/>
</bind>
</comp>

<comp id="702" class="1005" name="data_17_reg_702">
<pin_list>
<pin id="703" dir="0" index="0" bw="16" slack="1"/>
<pin id="704" dir="1" index="1" bw="16" slack="1"/>
</pin_list>
<bind>
<opset="data_17 "/>
</bind>
</comp>

<comp id="707" class="1005" name="data_18_reg_707">
<pin_list>
<pin id="708" dir="0" index="0" bw="16" slack="1"/>
<pin id="709" dir="1" index="1" bw="16" slack="1"/>
</pin_list>
<bind>
<opset="data_18 "/>
</bind>
</comp>

<comp id="712" class="1005" name="data_19_reg_712">
<pin_list>
<pin id="713" dir="0" index="0" bw="16" slack="1"/>
<pin id="714" dir="1" index="1" bw="16" slack="1"/>
</pin_list>
<bind>
<opset="data_19 "/>
</bind>
</comp>

<comp id="717" class="1005" name="data_20_reg_717">
<pin_list>
<pin id="718" dir="0" index="0" bw="16" slack="1"/>
<pin id="719" dir="1" index="1" bw="16" slack="1"/>
</pin_list>
<bind>
<opset="data_20 "/>
</bind>
</comp>

<comp id="722" class="1005" name="data_21_reg_722">
<pin_list>
<pin id="723" dir="0" index="0" bw="16" slack="1"/>
<pin id="724" dir="1" index="1" bw="16" slack="1"/>
</pin_list>
<bind>
<opset="data_21 "/>
</bind>
</comp>

<comp id="727" class="1005" name="data_22_reg_727">
<pin_list>
<pin id="728" dir="0" index="0" bw="16" slack="1"/>
<pin id="729" dir="1" index="1" bw="16" slack="1"/>
</pin_list>
<bind>
<opset="data_22 "/>
</bind>
</comp>

<comp id="732" class="1005" name="icmp_ln67_reg_732">
<pin_list>
<pin id="733" dir="0" index="0" bw="1" slack="3"/>
<pin id="734" dir="1" index="1" bw="1" slack="2147483647"/>
</pin_list>
<bind>
<opset="icmp_ln67 "/>
</bind>
</comp>

<comp id="736" class="1005" name="trunc_ln_reg_736">
<pin_list>
<pin id="737" dir="0" index="0" bw="16" slack="1"/>
<pin id="738" dir="1" index="1" bw="16" slack="1"/>
</pin_list>
<bind>
<opset="trunc_ln "/>
</bind>
</comp>

<comp id="741" class="1005" name="trunc_ln42_s_reg_741">
<pin_list>
<pin id="742" dir="0" index="0" bw="16" slack="1"/>
<pin id="743" dir="1" index="1" bw="16" slack="1"/>
</pin_list>
<bind>
<opset="trunc_ln42_s "/>
</bind>
</comp>

<comp id="746" class="1005" name="trunc_ln42_63_reg_746">
<pin_list>
<pin id="747" dir="0" index="0" bw="16" slack="1"/>
<pin id="748" dir="1" index="1" bw="16" slack="1"/>
</pin_list>
<bind>
<opset="trunc_ln42_63 "/>
</bind>
</comp>

<comp id="751" class="1005" name="trunc_ln42_64_reg_751">
<pin_list>
<pin id="752" dir="0" index="0" bw="16" slack="1"/>
<pin id="753" dir="1" index="1" bw="16" slack="1"/>
</pin_list>
<bind>
<opset="trunc_ln42_64 "/>
</bind>
</comp>

<comp id="756" class="1005" name="trunc_ln42_65_reg_756">
<pin_list>
<pin id="757" dir="0" index="0" bw="16" slack="1"/>
<pin id="758" dir="1" index="1" bw="16" slack="1"/>
</pin_list>
<bind>
<opset="trunc_ln42_65 "/>
</bind>
</comp>

<comp id="761" class="1005" name="trunc_ln42_66_reg_761">
<pin_list>
<pin id="762" dir="0" index="0" bw="16" slack="1"/>
<pin id="763" dir="1" index="1" bw="16" slack="1"/>
</pin_list>
<bind>
<opset="trunc_ln42_66 "/>
</bind>
</comp>

<comp id="766" class="1005" name="trunc_ln42_67_reg_766">
<pin_list>
<pin id="767" dir="0" index="0" bw="16" slack="1"/>
<pin id="768" dir="1" index="1" bw="16" slack="1"/>
</pin_list>
<bind>
<opset="trunc_ln42_67 "/>
</bind>
</comp>

<comp id="771" class="1005" name="trunc_ln42_68_reg_771">
<pin_list>
<pin id="772" dir="0" index="0" bw="16" slack="1"/>
<pin id="773" dir="1" index="1" bw="16" slack="1"/>
</pin_list>
<bind>
<opset="trunc_ln42_68 "/>
</bind>
</comp>

<comp id="776" class="1005" name="add_ln58_70_reg_776">
<pin_list>
<pin id="777" dir="0" index="0" bw="16" slack="1"/>
<pin id="778" dir="1" index="1" bw="16" slack="1"/>
</pin_list>
<bind>
<opset="add_ln58_70 "/>
</bind>
</comp>

</comp_list>

<net_list>
<net id="99"><net_src comp="4" pin="0"/><net_sink comp="96" pin=0"/></net>

<net id="104"><net_src comp="18" pin="0"/><net_sink comp="100" pin=0"/></net>

<net id="105"><net_src comp="0" pin="0"/><net_sink comp="100" pin=1"/></net>

<net id="111"><net_src comp="94" pin="0"/><net_sink comp="106" pin=0"/></net>

<net id="112"><net_src comp="2" pin="0"/><net_sink comp="106" pin=1"/></net>

<net id="380"><net_src comp="54" pin="0"/><net_sink comp="120" pin=1"/></net>

<net id="384"><net_src comp="62" pin="0"/><net_sink comp="117" pin=1"/></net>

<net id="388"><net_src comp="64" pin="0"/><net_sink comp="119" pin=1"/></net>

<net id="392"><net_src comp="66" pin="0"/><net_sink comp="113" pin=1"/></net>

<net id="396"><net_src comp="68" pin="0"/><net_sink comp="118" pin=1"/></net>

<net id="400"><net_src comp="70" pin="0"/><net_sink comp="115" pin=1"/></net>

<net id="404"><net_src comp="72" pin="0"/><net_sink comp="116" pin=1"/></net>

<net id="408"><net_src comp="74" pin="0"/><net_sink comp="114" pin=1"/></net>

<net id="438"><net_src comp="16" pin="0"/><net_sink comp="434" pin=0"/></net>

<net id="445"><net_src comp="100" pin="2"/><net_sink comp="442" pin=0"/></net>

<net id="452"><net_src comp="20" pin="0"/><net_sink comp="446" pin=0"/></net>

<net id="453"><net_src comp="100" pin="2"/><net_sink comp="446" pin=1"/></net>

<net id="454"><net_src comp="22" pin="0"/><net_sink comp="446" pin=2"/></net>

<net id="455"><net_src comp="24" pin="0"/><net_sink comp="446" pin=3"/></net>

<net id="462"><net_src comp="20" pin="0"/><net_sink comp="456" pin=0"/></net>

<net id="463"><net_src comp="100" pin="2"/><net_sink comp="456" pin=1"/></net>

<net id="464"><net_src comp="26" pin="0"/><net_sink comp="456" pin=2"/></net>

<net id="465"><net_src comp="28" pin="0"/><net_sink comp="456" pin=3"/></net>

<net id="472"><net_src comp="20" pin="0"/><net_sink comp="466" pin=0"/></net>

<net id="473"><net_src comp="100" pin="2"/><net_sink comp="466" pin=1"/></net>

<net id="474"><net_src comp="30" pin="0"/><net_sink comp="466" pin=2"/></net>

<net id="475"><net_src comp="32" pin="0"/><net_sink comp="466" pin=3"/></net>

<net id="482"><net_src comp="20" pin="0"/><net_sink comp="476" pin=0"/></net>

<net id="483"><net_src comp="100" pin="2"/><net_sink comp="476" pin=1"/></net>

<net id="484"><net_src comp="34" pin="0"/><net_sink comp="476" pin=2"/></net>

<net id="485"><net_src comp="36" pin="0"/><net_sink comp="476" pin=3"/></net>

<net id="492"><net_src comp="20" pin="0"/><net_sink comp="486" pin=0"/></net>

<net id="493"><net_src comp="100" pin="2"/><net_sink comp="486" pin=1"/></net>

<net id="494"><net_src comp="38" pin="0"/><net_sink comp="486" pin=2"/></net>

<net id="495"><net_src comp="40" pin="0"/><net_sink comp="486" pin=3"/></net>

<net id="502"><net_src comp="20" pin="0"/><net_sink comp="496" pin=0"/></net>

<net id="503"><net_src comp="100" pin="2"/><net_sink comp="496" pin=1"/></net>

<net id="504"><net_src comp="42" pin="0"/><net_sink comp="496" pin=2"/></net>

<net id="505"><net_src comp="44" pin="0"/><net_sink comp="496" pin=3"/></net>

<net id="512"><net_src comp="20" pin="0"/><net_sink comp="506" pin=0"/></net>

<net id="513"><net_src comp="100" pin="2"/><net_sink comp="506" pin=1"/></net>

<net id="514"><net_src comp="46" pin="0"/><net_sink comp="506" pin=2"/></net>

<net id="515"><net_src comp="48" pin="0"/><net_sink comp="506" pin=3"/></net>

<net id="520"><net_src comp="439" pin="1"/><net_sink comp="516" pin=0"/></net>

<net id="521"><net_src comp="50" pin="0"/><net_sink comp="516" pin=1"/></net>

<net id="526"><net_src comp="439" pin="1"/><net_sink comp="522" pin=0"/></net>

<net id="527"><net_src comp="52" pin="0"/><net_sink comp="522" pin=1"/></net>

<net id="532"><net_src comp="516" pin="2"/><net_sink comp="528" pin=0"/></net>

<net id="536"><net_src comp="533" pin="1"/><net_sink comp="120" pin=0"/></net>

<net id="543"><net_src comp="56" pin="0"/><net_sink comp="537" pin=0"/></net>

<net id="544"><net_src comp="120" pin="2"/><net_sink comp="537" pin=1"/></net>

<net id="545"><net_src comp="58" pin="0"/><net_sink comp="537" pin=2"/></net>

<net id="546"><net_src comp="60" pin="0"/><net_sink comp="537" pin=3"/></net>

<net id="550"><net_src comp="547" pin="1"/><net_sink comp="117" pin=0"/></net>

<net id="557"><net_src comp="56" pin="0"/><net_sink comp="551" pin=0"/></net>

<net id="558"><net_src comp="117" pin="2"/><net_sink comp="551" pin=1"/></net>

<net id="559"><net_src comp="58" pin="0"/><net_sink comp="551" pin=2"/></net>

<net id="560"><net_src comp="60" pin="0"/><net_sink comp="551" pin=3"/></net>

<net id="564"><net_src comp="561" pin="1"/><net_sink comp="119" pin=0"/></net>

<net id="571"><net_src comp="56" pin="0"/><net_sink comp="565" pin=0"/></net>

<net id="572"><net_src comp="119" pin="2"/><net_sink comp="565" pin=1"/></net>

<net id="573"><net_src comp="58" pin="0"/><net_sink comp="565" pin=2"/></net>

<net id="574"><net_src comp="60" pin="0"/><net_sink comp="565" pin=3"/></net>

<net id="578"><net_src comp="575" pin="1"/><net_sink comp="113" pin=0"/></net>

<net id="585"><net_src comp="56" pin="0"/><net_sink comp="579" pin=0"/></net>

<net id="586"><net_src comp="113" pin="2"/><net_sink comp="579" pin=1"/></net>

<net id="587"><net_src comp="58" pin="0"/><net_sink comp="579" pin=2"/></net>

<net id="588"><net_src comp="60" pin="0"/><net_sink comp="579" pin=3"/></net>

<net id="592"><net_src comp="589" pin="1"/><net_sink comp="118" pin=0"/></net>

<net id="599"><net_src comp="56" pin="0"/><net_sink comp="593" pin=0"/></net>

<net id="600"><net_src comp="118" pin="2"/><net_sink comp="593" pin=1"/></net>

<net id="601"><net_src comp="58" pin="0"/><net_sink comp="593" pin=2"/></net>

<net id="602"><net_src comp="60" pin="0"/><net_sink comp="593" pin=3"/></net>

<net id="606"><net_src comp="603" pin="1"/><net_sink comp="115" pin=0"/></net>

<net id="613"><net_src comp="56" pin="0"/><net_sink comp="607" pin=0"/></net>

<net id="614"><net_src comp="115" pin="2"/><net_sink comp="607" pin=1"/></net>

<net id="615"><net_src comp="58" pin="0"/><net_sink comp="607" pin=2"/></net>

<net id="616"><net_src comp="60" pin="0"/><net_sink comp="607" pin=3"/></net>

<net id="620"><net_src comp="617" pin="1"/><net_sink comp="116" pin=0"/></net>

<net id="627"><net_src comp="56" pin="0"/><net_sink comp="621" pin=0"/></net>

<net id="628"><net_src comp="116" pin="2"/><net_sink comp="621" pin=1"/></net>

<net id="629"><net_src comp="58" pin="0"/><net_sink comp="621" pin=2"/></net>

<net id="630"><net_src comp="60" pin="0"/><net_sink comp="621" pin=3"/></net>

<net id="634"><net_src comp="631" pin="1"/><net_sink comp="114" pin=0"/></net>

<net id="641"><net_src comp="56" pin="0"/><net_sink comp="635" pin=0"/></net>

<net id="642"><net_src comp="114" pin="2"/><net_sink comp="635" pin=1"/></net>

<net id="643"><net_src comp="58" pin="0"/><net_sink comp="635" pin=2"/></net>

<net id="644"><net_src comp="60" pin="0"/><net_sink comp="635" pin=3"/></net>

<net id="657"><net_src comp="649" pin="2"/><net_sink comp="653" pin=0"/></net>

<net id="658"><net_src comp="645" pin="2"/><net_sink comp="653" pin=1"/></net>

<net id="667"><net_src comp="76" pin="0"/><net_sink comp="663" pin=1"/></net>

<net id="672"><net_src comp="663" pin="2"/><net_sink comp="668" pin=0"/></net>

<net id="677"><net_src comp="668" pin="2"/><net_sink comp="673" pin=0"/></net>

<net id="678"><net_src comp="659" pin="2"/><net_sink comp="673" pin=1"/></net>

<net id="683"><net_src comp="673" pin="2"/><net_sink comp="679" pin=0"/></net>

<net id="684"><net_src comp="653" pin="2"/><net_sink comp="679" pin=1"/></net>

<net id="688"><net_src comp="96" pin="1"/><net_sink comp="685" pin=0"/></net>

<net id="689"><net_src comp="685" pin="1"/><net_sink comp="434" pin=1"/></net>

<net id="690"><net_src comp="685" pin="1"/><net_sink comp="439" pin=0"/></net>

<net id="691"><net_src comp="685" pin="1"/><net_sink comp="528" pin=1"/></net>

<net id="695"><net_src comp="442" pin="1"/><net_sink comp="692" pin=0"/></net>

<net id="696"><net_src comp="692" pin="1"/><net_sink comp="533" pin=0"/></net>

<net id="700"><net_src comp="446" pin="4"/><net_sink comp="697" pin=0"/></net>

<net id="701"><net_src comp="697" pin="1"/><net_sink comp="547" pin=0"/></net>

<net id="705"><net_src comp="456" pin="4"/><net_sink comp="702" pin=0"/></net>

<net id="706"><net_src comp="702" pin="1"/><net_sink comp="561" pin=0"/></net>

<net id="710"><net_src comp="466" pin="4"/><net_sink comp="707" pin=0"/></net>

<net id="711"><net_src comp="707" pin="1"/><net_sink comp="575" pin=0"/></net>

<net id="715"><net_src comp="476" pin="4"/><net_sink comp="712" pin=0"/></net>

<net id="716"><net_src comp="712" pin="1"/><net_sink comp="589" pin=0"/></net>

<net id="720"><net_src comp="486" pin="4"/><net_sink comp="717" pin=0"/></net>

<net id="721"><net_src comp="717" pin="1"/><net_sink comp="603" pin=0"/></net>

<net id="725"><net_src comp="496" pin="4"/><net_sink comp="722" pin=0"/></net>

<net id="726"><net_src comp="722" pin="1"/><net_sink comp="617" pin=0"/></net>

<net id="730"><net_src comp="506" pin="4"/><net_sink comp="727" pin=0"/></net>

<net id="731"><net_src comp="727" pin="1"/><net_sink comp="631" pin=0"/></net>

<net id="735"><net_src comp="522" pin="2"/><net_sink comp="732" pin=0"/></net>

<net id="739"><net_src comp="537" pin="4"/><net_sink comp="736" pin=0"/></net>

<net id="740"><net_src comp="736" pin="1"/><net_sink comp="645" pin=0"/></net>

<net id="744"><net_src comp="551" pin="4"/><net_sink comp="741" pin=0"/></net>

<net id="745"><net_src comp="741" pin="1"/><net_sink comp="645" pin=1"/></net>

<net id="749"><net_src comp="565" pin="4"/><net_sink comp="746" pin=0"/></net>

<net id="750"><net_src comp="746" pin="1"/><net_sink comp="649" pin=0"/></net>

<net id="754"><net_src comp="579" pin="4"/><net_sink comp="751" pin=0"/></net>

<net id="755"><net_src comp="751" pin="1"/><net_sink comp="649" pin=1"/></net>

<net id="759"><net_src comp="593" pin="4"/><net_sink comp="756" pin=0"/></net>

<net id="760"><net_src comp="756" pin="1"/><net_sink comp="659" pin=0"/></net>

<net id="764"><net_src comp="607" pin="4"/><net_sink comp="761" pin=0"/></net>

<net id="765"><net_src comp="761" pin="1"/><net_sink comp="659" pin=1"/></net>

<net id="769"><net_src comp="621" pin="4"/><net_sink comp="766" pin=0"/></net>

<net id="770"><net_src comp="766" pin="1"/><net_sink comp="668" pin=1"/></net>

<net id="774"><net_src comp="635" pin="4"/><net_sink comp="771" pin=0"/></net>

<net id="775"><net_src comp="771" pin="1"/><net_sink comp="663" pin=0"/></net>

<net id="779"><net_src comp="679" pin="2"/><net_sink comp="776" pin=0"/></net>

<net id="780"><net_src comp="776" pin="1"/><net_sink comp="106" pin=2"/></net>

</net_list>

</model> 
---------------- Datapath Model END ------------------

* FSMD analyzer results:
  - Output states:
	Port: layer26_out | {4 }
 - Input state : 
	Port: pointwise_conv_2d_cl<array,array<ap_fixed<16,6,5,3,0>,1u>,config39> : layer25_out | {1 }
  - Chain level:
	State 1
		store_ln0 : 1
		indvar_flatten2_load : 1
		add_ln67 : 2
		icmp_ln67 : 2
		store_ln67 : 3
		br_ln67 : 3
	State 2
		mul_ln42 : 1
		trunc_ln : 2
		mul_ln42_21 : 1
		trunc_ln42_s : 2
		mul_ln42_22 : 1
		trunc_ln42_63 : 2
		mul_ln73 : 1
		trunc_ln42_64 : 2
		mul_ln42_23 : 1
		trunc_ln42_65 : 2
		mul_ln42_24 : 1
		trunc_ln42_66 : 2
		mul_ln42_25 : 1
		trunc_ln42_67 : 2
		mul_ln42_26 : 1
		trunc_ln42_68 : 2
	State 3
		add_ln58_65 : 1
		add_ln58_68 : 1
		add_ln58_69 : 2
		add_ln58_70 : 3
	State 4


============================================================
+ Verbose Summary: Datapath Resource usage 
============================================================

* Functional unit list:
|----------|------------------------------|---------|---------|---------|
| Operation|        Functional Unit       |   DSP   |    FF   |   LUT   |
|----------|------------------------------|---------|---------|---------|
|          |        add_ln67_fu_516       |    0    |    0    |    17   |
|          |        add_ln58_fu_645       |    0    |    0    |    23   |
|          |      add_ln58_64_fu_649      |    0    |    0    |    23   |
|          |      add_ln58_65_fu_653      |    0    |    0    |    16   |
|    add   |      add_ln58_66_fu_659      |    0    |    0    |    16   |
|          |      add_ln58_67_fu_663      |    0    |    0    |    16   |
|          |      add_ln58_68_fu_668      |    0    |    0    |    16   |
|          |      add_ln58_69_fu_673      |    0    |    0    |    16   |
|          |      add_ln58_70_fu_679      |    0    |    0    |    16   |
|----------|------------------------------|---------|---------|---------|
|          |        mul_ln73_fu_113       |    1    |    0    |    4    |
|          |      mul_ln42_26_fu_114      |    1    |    0    |    4    |
|          |      mul_ln42_24_fu_115      |    1    |    0    |    4    |
|    mul   |      mul_ln42_25_fu_116      |    1    |    0    |    4    |
|          |      mul_ln42_21_fu_117      |    1    |    0    |    4    |
|          |      mul_ln42_23_fu_118      |    1    |    0    |    4    |
|          |      mul_ln42_22_fu_119      |    1    |    0    |    4    |
|          |        mul_ln42_fu_120       |    1    |    0    |    4    |
|----------|------------------------------|---------|---------|---------|
|   icmp   |       icmp_ln67_fu_522       |    0    |    0    |    17   |
|----------|------------------------------|---------|---------|---------|
|   read   | layer25_out_read_read_fu_100 |    0    |    0    |    0    |
|----------|------------------------------|---------|---------|---------|
|   write  |   write_ln113_write_fu_106   |    0    |    0    |    0    |
|----------|------------------------------|---------|---------|---------|
|   trunc  |          data_fu_442         |    0    |    0    |    0    |
|----------|------------------------------|---------|---------|---------|
|          |        data_16_fu_446        |    0    |    0    |    0    |
|          |        data_17_fu_456        |    0    |    0    |    0    |
|          |        data_18_fu_466        |    0    |    0    |    0    |
|          |        data_19_fu_476        |    0    |    0    |    0    |
|          |        data_20_fu_486        |    0    |    0    |    0    |
|          |        data_21_fu_496        |    0    |    0    |    0    |
|          |        data_22_fu_506        |    0    |    0    |    0    |
|partselect|        trunc_ln_fu_537       |    0    |    0    |    0    |
|          |      trunc_ln42_s_fu_551     |    0    |    0    |    0    |
|          |     trunc_ln42_63_fu_565     |    0    |    0    |    0    |
|          |     trunc_ln42_64_fu_579     |    0    |    0    |    0    |
|          |     trunc_ln42_65_fu_593     |    0    |    0    |    0    |
|          |     trunc_ln42_66_fu_607     |    0    |    0    |    0    |
|          |     trunc_ln42_67_fu_621     |    0    |    0    |    0    |
|          |     trunc_ln42_68_fu_635     |    0    |    0    |    0    |
|----------|------------------------------|---------|---------|---------|
|          |       sext_ln42_fu_533       |    0    |    0    |    0    |
|          |      sext_ln42_14_fu_547     |    0    |    0    |    0    |
|          |      sext_ln42_15_fu_561     |    0    |    0    |    0    |
|   sext   |       sext_ln70_fu_575       |    0    |    0    |    0    |
|          |      sext_ln42_16_fu_589     |    0    |    0    |    0    |
|          |      sext_ln42_17_fu_603     |    0    |    0    |    0    |
|          |      sext_ln42_18_fu_617     |    0    |    0    |    0    |
|          |      sext_ln42_19_fu_631     |    0    |    0    |    0    |
|----------|------------------------------|---------|---------|---------|
|   Total  |                              |    8    |    0    |   208   |
|----------|------------------------------|---------|---------|---------|

Memories:
N/A

* Register list:
+-----------------------+--------+
|                       |   FF   |
+-----------------------+--------+
|  add_ln58_70_reg_776  |   16   |
|    data_16_reg_697    |   16   |
|    data_17_reg_702    |   16   |
|    data_18_reg_707    |   16   |
|    data_19_reg_712    |   16   |
|    data_20_reg_717    |   16   |
|    data_21_reg_722    |   16   |
|    data_22_reg_727    |   16   |
|      data_reg_692     |   16   |
|   icmp_ln67_reg_732   |    1   |
|indvar_flatten2_reg_685|   10   |
| trunc_ln42_63_reg_746 |   16   |
| trunc_ln42_64_reg_751 |   16   |
| trunc_ln42_65_reg_756 |   16   |
| trunc_ln42_66_reg_761 |   16   |
| trunc_ln42_67_reg_766 |   16   |
| trunc_ln42_68_reg_771 |   16   |
|  trunc_ln42_s_reg_741 |   16   |
|    trunc_ln_reg_736   |   16   |
+-----------------------+--------+
|         Total         |   283  |
+-----------------------+--------+

* Multiplexer (MUX) list: 
|--------|------|------|------|--------|
|  Comp  |  Pin | Size |  BW  | S x BW |
|--------|------|------|------|--------|
|  Total |      |      |      |    0   |
|--------|------|------|------|--------|



* Summary:
+-----------+--------+--------+--------+
|           |   DSP  |   FF   |   LUT  |
+-----------+--------+--------+--------+
|  Function |    8   |    0   |   208  |
|   Memory  |    -   |    -   |    -   |
|Multiplexer|    -   |    -   |    -   |
|  Register |    -   |   283  |    -   |
+-----------+--------+--------+--------+
|   Total   |    8   |   283  |   208  |
+-----------+--------+--------+--------+
