

================================================================
== Vitis HLS Report for 'pointwise_conv_2d_cl_array_array_ap_fixed_30_12_5_3_0_8u_config36_s'
================================================================
* Date:           Fri Apr 24 00:22:59 2026

* Version:        2025.2 (Build 6295257 on Nov 14 2025)
* Project:        folo_prj
* Solution:       solution1 (Vivado IP Flow Target)
* Product family: kintexu
* Target device:  xcku035-fbva676-2-e


================================================================
== Performance Estimates
================================================================
+ Timing: 
    * Summary: 
    +--------+---------+----------+------------+
    |  Clock |  Target | Estimated| Uncertainty|
    +--------+---------+----------+------------+
    |ap_clk  |  5.00 ns|  3.539 ns|     1.35 ns|
    +--------+---------+----------+------------+

+ Latency: 
    * Summary: 
    +---------+---------+-----------+-----------+------+------+------------------------------------------------+
    |  Latency (cycles) |   Latency (absolute)  |   Interval  |                    Pipeline                    |
    |   min   |   max   |    min    |    max    |  min |  max |                      Type                      |
    +---------+---------+-----------+-----------+------+------+------------------------------------------------+
    |     8195|     8195|  40.975 us|  40.975 us|  8192|  8192|  loop auto-rewind stp (delay=0 clock cycles(s))|
    +---------+---------+-----------+-----------+------+------+------------------------------------------------+

    + Detail: 
        * Instance: 
        +-----------------------------------------------------------------------+-------------------------------------------------------------+---------+---------+-----------+-----------+-----+-----+---------+
        |                                                                       |                                                             |  Latency (cycles) |   Latency (absolute)  |  Interval | Pipeline|
        |                                Instance                               |                            Module                           |   min   |   max   |    min    |    max    | min | max |   Type  |
        +-----------------------------------------------------------------------+-------------------------------------------------------------+---------+---------+-----------+-----------+-----+-----+---------+
        |grp_dense_latency_ap_fixed_ap_fixed_30_12_5_3_0_config36_mult_s_fu_89  |dense_latency_ap_fixed_ap_fixed_30_12_5_3_0_config36_mult_s  |        7|        7|  35.000 ns|  35.000 ns|    8|    8|      yes|
        +-----------------------------------------------------------------------+-------------------------------------------------------------+---------+---------+-----------+-----------+-----+-----+---------+

        * Loop: 
        +----------------------------------+---------+---------+----------+-----------+-----------+------+----------+
        |                                  |  Latency (cycles) | Iteration|  Initiation Interval  | Trip |          |
        |             Loop Name            |   min   |   max   |  Latency |  achieved |   target  | Count| Pipelined|
        +----------------------------------+---------+---------+----------+-----------+-----------+------+----------+
        |- ReadInputHeight_ReadInputWidth  |     8193|     8193|        10|          8|          8|  1024|       yes|
        +----------------------------------+---------+---------+----------+-----------+-----------+------+----------+

============================================================
+ Verbose Summary: Synthesis Manager
============================================================
InlineROM: 1
ExposeGlobal: 0
============================================================
+ Verbose Summary: CDFG Model
============================================================
IsTopModel: 0
ResetActiveHigh: 1
IsCombinational: 2
IsDatapathOnly: 0
HasWiredReturn: 1
HasMFsm: 2
HasVarLatency: 1
IsPipeline: 0
IsRtlPipelined: 0
IsInstanceOverlapped: 0
IsDontTouch: 0
HasImplIP: 0
IsGatedGlobalClock: 0

+ Individual pipeline summary: 
  * Pipeline-0: initiation interval (II) = 8, depth = 10


============================================================
+ Verbose Summary: Schedule
============================================================
* Number of FSM states : 10
* Pipeline : 1
  Pipeline-0 : II = 8, D = 10, States = { 1 2 3 4 5 6 7 8 9 10 }
* Dataflow Pipeline: 0

* FSM state transitions: 
1 --> 2 
2 --> 3 
3 --> 4 
4 --> 5 
5 --> 6 
6 --> 7 
7 --> 8 
8 --> 9 
9 --> 10 
10 --> 

* FSM state operations: 

State 1 <SV = 0> <Delay = 2.39>
ST_1 : Operation 13 [1/1] (0.00ns)   --->   "%indvar_flatten2 = alloca i32 1"   --->   Operation 13 'alloca' 'indvar_flatten2' <Predicate = true> <Delay = 0.00>
ST_1 : Operation 14 [1/1] (0.00ns)   --->   "%specinterface_ln0 = specinterface void @_ssdm_op_SpecInterface, i240 %layer23_out, void @empty_2, i32 0, i32 0, void @empty_1, i32 0, i32 0, void @empty_1, void @empty_1, void @empty_1, i32 0, i32 0, i32 0, i32 0, void @empty_1, void @empty_1, i32 4294967295, i32 0, i32 0, i32 0"   --->   Operation 14 'specinterface' 'specinterface_ln0' <Predicate = true> <Delay = 0.00>
ST_1 : Operation 15 [1/1] (0.00ns)   --->   "%specinterface_ln0 = specinterface void @_ssdm_op_SpecInterface, i80 %layer22_out, void @empty_2, i32 0, i32 0, void @empty_1, i32 0, i32 0, void @empty_1, void @empty_1, void @empty_1, i32 0, i32 0, i32 0, i32 0, void @empty_1, void @empty_1, i32 4294967295, i32 0, i32 0, i32 0"   --->   Operation 15 'specinterface' 'specinterface_ln0' <Predicate = true> <Delay = 0.00>
ST_1 : Operation 16 [1/1] (0.53ns)   --->   "%store_ln0 = store i10 0, i10 %indvar_flatten2"   --->   Operation 16 'store' 'store_ln0' <Predicate = true> <Delay = 0.53>
ST_1 : Operation 17 [1/1] (0.00ns)   --->   "%br_ln0 = br void %for.inc10"   --->   Operation 17 'br' 'br_ln0' <Predicate = true> <Delay = 0.00>
ST_1 : Operation 18 [1/1] (0.00ns)   --->   "%indvar_flatten2_load = load i10 %indvar_flatten2" [firmware/nnet_utils/nnet_sepconv2d_stream.h:67]   --->   Operation 18 'load' 'indvar_flatten2_load' <Predicate = true> <Delay = 0.00>
ST_1 : Operation 19 [1/1] ( I:1.82ns O:1.82ns )   --->   "%layer22_out_read = read i80 @_ssdm_op_Read.ap_fifo.volatile.i80P0A, i80 %layer22_out" [firmware/nnet_utils/nnet_sepconv2d_stream.h:73]   --->   Operation 19 'read' 'layer22_out_read' <Predicate = true> <Delay = 1.82> <CoreInst = "FIFO_SRL">   --->   Core 80 'FIFO_SRL' <Latency = 0> <II = 1> <Delay = 2.26> <Storage> <Opcode : 'read' 'write' 'nbread' 'nbwrite'> <Ports = 0> <Width = 80> <Depth = 2> <FIFO>
ST_1 : Operation 20 [1/1] (0.00ns)   --->   "%data = trunc i80 %layer22_out_read" [firmware/nnet_utils/nnet_sepconv2d_stream.h:73]   --->   Operation 20 'trunc' 'data' <Predicate = true> <Delay = 0.00>
ST_1 : Operation 21 [1/1] (0.00ns)   --->   "%data_8 = partselect i10 @_ssdm_op_PartSelect.i10.i80.i32.i32, i80 %layer22_out_read, i32 10, i32 19" [firmware/nnet_utils/nnet_sepconv2d_stream.h:73]   --->   Operation 21 'partselect' 'data_8' <Predicate = true> <Delay = 0.00>
ST_1 : Operation 22 [1/1] (0.00ns)   --->   "%data_9 = partselect i10 @_ssdm_op_PartSelect.i10.i80.i32.i32, i80 %layer22_out_read, i32 20, i32 29" [firmware/nnet_utils/nnet_sepconv2d_stream.h:73]   --->   Operation 22 'partselect' 'data_9' <Predicate = true> <Delay = 0.00>
ST_1 : Operation 23 [1/1] (0.00ns)   --->   "%data_10 = partselect i10 @_ssdm_op_PartSelect.i10.i80.i32.i32, i80 %layer22_out_read, i32 30, i32 39" [firmware/nnet_utils/nnet_sepconv2d_stream.h:73]   --->   Operation 23 'partselect' 'data_10' <Predicate = true> <Delay = 0.00>
ST_1 : Operation 24 [1/1] (0.00ns)   --->   "%data_1 = partselect i10 @_ssdm_op_PartSelect.i10.i80.i32.i32, i80 %layer22_out_read, i32 40, i32 49" [firmware/nnet_utils/nnet_sepconv2d_stream.h:73]   --->   Operation 24 'partselect' 'data_1' <Predicate = true> <Delay = 0.00>
ST_1 : Operation 25 [1/1] (0.00ns)   --->   "%data_2 = partselect i10 @_ssdm_op_PartSelect.i10.i80.i32.i32, i80 %layer22_out_read, i32 50, i32 59" [firmware/nnet_utils/nnet_sepconv2d_stream.h:73]   --->   Operation 25 'partselect' 'data_2' <Predicate = true> <Delay = 0.00>
ST_1 : Operation 26 [1/1] (0.00ns)   --->   "%data_3 = partselect i10 @_ssdm_op_PartSelect.i10.i80.i32.i32, i80 %layer22_out_read, i32 60, i32 69" [firmware/nnet_utils/nnet_sepconv2d_stream.h:73]   --->   Operation 26 'partselect' 'data_3' <Predicate = true> <Delay = 0.00>
ST_1 : Operation 27 [1/1] (0.00ns)   --->   "%data_4 = partselect i10 @_ssdm_op_PartSelect.i10.i80.i32.i32, i80 %layer22_out_read, i32 70, i32 79" [firmware/nnet_utils/nnet_sepconv2d_stream.h:73]   --->   Operation 27 'partselect' 'data_4' <Predicate = true> <Delay = 0.00>
ST_1 : Operation 28 [1/1] (1.31ns)   --->   "%add_ln67 = add i10 %indvar_flatten2_load, i10 1" [firmware/nnet_utils/nnet_sepconv2d_stream.h:67]   --->   Operation 28 'add' 'add_ln67' <Predicate = true> <Delay = 1.31> <CoreInst = "Adder">   --->   Core 1 'Adder' <Latency = 0> <II = 1> <Delay = 1.31> <FuncUnit> <Opcode : 'add' 'sub'> <InPorts = 2> <OutPorts = 1>
ST_1 : Operation 29 [1/1] (1.31ns)   --->   "%icmp_ln67 = icmp_eq  i10 %indvar_flatten2_load, i10 1023" [firmware/nnet_utils/nnet_sepconv2d_stream.h:67]   --->   Operation 29 'icmp' 'icmp_ln67' <Predicate = true> <Delay = 1.31> <CoreInst = "Cmp">   --->   Core 9 'Cmp' <Latency = 0> <II = 1> <Delay = 1.31> <FuncUnit> <Opcode : 'seteq' 'setne' 'setle' 'setge' 'setlt' 'setgt'> <InPorts = 2> <OutPorts = 1>
ST_1 : Operation 30 [1/1] (0.53ns)   --->   "%store_ln67 = store i10 %add_ln67, i10 %indvar_flatten2" [firmware/nnet_utils/nnet_sepconv2d_stream.h:67]   --->   Operation 30 'store' 'store_ln67' <Predicate = true> <Delay = 0.53>
ST_1 : Operation 31 [1/1] (0.00ns)   --->   "%br_ln67 = br i1 %icmp_ln67, void %for.inc10, void %if.end40" [firmware/nnet_utils/nnet_sepconv2d_stream.h:67]   --->   Operation 31 'br' 'br_ln67' <Predicate = true> <Delay = 0.00>

State 2 <SV = 1> <Delay = 3.43>
ST_2 : Operation 32 [8/8] (3.43ns)   --->   "%call_ret = call i240 @dense_latency<ap_fixed,ap_fixed<30,12,5,3,0>,config36_mult>, i10 %data, i10 %data_8, i10 %data_9, i10 %data_10, i10 %data_1, i10 %data_2, i10 %data_3, i10 %data_4" [firmware/nnet_utils/nnet_dense.h:54->firmware/nnet_utils/nnet_sepconv_stream.h:104->firmware/nnet_utils/nnet_sepconv2d_stream.h:73]   --->   Operation 32 'call' 'call_ret' <Predicate = true> <Delay = 3.43> <CoreType = "Generic">   --->   Generic Core

State 3 <SV = 2> <Delay = 3.53>
ST_3 : Operation 33 [7/8] (3.53ns)   --->   "%call_ret = call i240 @dense_latency<ap_fixed,ap_fixed<30,12,5,3,0>,config36_mult>, i10 %data, i10 %data_8, i10 %data_9, i10 %data_10, i10 %data_1, i10 %data_2, i10 %data_3, i10 %data_4" [firmware/nnet_utils/nnet_dense.h:54->firmware/nnet_utils/nnet_sepconv_stream.h:104->firmware/nnet_utils/nnet_sepconv2d_stream.h:73]   --->   Operation 33 'call' 'call_ret' <Predicate = true> <Delay = 3.53> <CoreType = "Generic">   --->   Generic Core

State 4 <SV = 3> <Delay = 3.53>
ST_4 : Operation 34 [6/8] (3.53ns)   --->   "%call_ret = call i240 @dense_latency<ap_fixed,ap_fixed<30,12,5,3,0>,config36_mult>, i10 %data, i10 %data_8, i10 %data_9, i10 %data_10, i10 %data_1, i10 %data_2, i10 %data_3, i10 %data_4" [firmware/nnet_utils/nnet_dense.h:54->firmware/nnet_utils/nnet_sepconv_stream.h:104->firmware/nnet_utils/nnet_sepconv2d_stream.h:73]   --->   Operation 34 'call' 'call_ret' <Predicate = true> <Delay = 3.53> <CoreType = "Generic">   --->   Generic Core

State 5 <SV = 4> <Delay = 3.53>
ST_5 : Operation 35 [5/8] (3.53ns)   --->   "%call_ret = call i240 @dense_latency<ap_fixed,ap_fixed<30,12,5,3,0>,config36_mult>, i10 %data, i10 %data_8, i10 %data_9, i10 %data_10, i10 %data_1, i10 %data_2, i10 %data_3, i10 %data_4" [firmware/nnet_utils/nnet_dense.h:54->firmware/nnet_utils/nnet_sepconv_stream.h:104->firmware/nnet_utils/nnet_sepconv2d_stream.h:73]   --->   Operation 35 'call' 'call_ret' <Predicate = true> <Delay = 3.53> <CoreType = "Generic">   --->   Generic Core

State 6 <SV = 5> <Delay = 3.53>
ST_6 : Operation 36 [4/8] (3.53ns)   --->   "%call_ret = call i240 @dense_latency<ap_fixed,ap_fixed<30,12,5,3,0>,config36_mult>, i10 %data, i10 %data_8, i10 %data_9, i10 %data_10, i10 %data_1, i10 %data_2, i10 %data_3, i10 %data_4" [firmware/nnet_utils/nnet_dense.h:54->firmware/nnet_utils/nnet_sepconv_stream.h:104->firmware/nnet_utils/nnet_sepconv2d_stream.h:73]   --->   Operation 36 'call' 'call_ret' <Predicate = true> <Delay = 3.53> <CoreType = "Generic">   --->   Generic Core

State 7 <SV = 6> <Delay = 3.53>
ST_7 : Operation 37 [3/8] (3.53ns)   --->   "%call_ret = call i240 @dense_latency<ap_fixed,ap_fixed<30,12,5,3,0>,config36_mult>, i10 %data, i10 %data_8, i10 %data_9, i10 %data_10, i10 %data_1, i10 %data_2, i10 %data_3, i10 %data_4" [firmware/nnet_utils/nnet_dense.h:54->firmware/nnet_utils/nnet_sepconv_stream.h:104->firmware/nnet_utils/nnet_sepconv2d_stream.h:73]   --->   Operation 37 'call' 'call_ret' <Predicate = true> <Delay = 3.53> <CoreType = "Generic">   --->   Generic Core

State 8 <SV = 7> <Delay = 3.53>
ST_8 : Operation 38 [2/8] (3.53ns)   --->   "%call_ret = call i240 @dense_latency<ap_fixed,ap_fixed<30,12,5,3,0>,config36_mult>, i10 %data, i10 %data_8, i10 %data_9, i10 %data_10, i10 %data_1, i10 %data_2, i10 %data_3, i10 %data_4" [firmware/nnet_utils/nnet_dense.h:54->firmware/nnet_utils/nnet_sepconv_stream.h:104->firmware/nnet_utils/nnet_sepconv2d_stream.h:73]   --->   Operation 38 'call' 'call_ret' <Predicate = true> <Delay = 3.53> <CoreType = "Generic">   --->   Generic Core

State 9 <SV = 8> <Delay = 2.87>
ST_9 : Operation 39 [1/8] (2.87ns)   --->   "%call_ret = call i240 @dense_latency<ap_fixed,ap_fixed<30,12,5,3,0>,config36_mult>, i10 %data, i10 %data_8, i10 %data_9, i10 %data_10, i10 %data_1, i10 %data_2, i10 %data_3, i10 %data_4" [firmware/nnet_utils/nnet_dense.h:54->firmware/nnet_utils/nnet_sepconv_stream.h:104->firmware/nnet_utils/nnet_sepconv2d_stream.h:73]   --->   Operation 39 'call' 'call_ret' <Predicate = true> <Delay = 2.87> <CoreType = "Generic">   --->   Generic Core
ST_9 : Operation 40 [1/1] (0.00ns)   --->   "%res = extractvalue i240 %call_ret" [firmware/nnet_utils/nnet_dense.h:54->firmware/nnet_utils/nnet_sepconv_stream.h:104->firmware/nnet_utils/nnet_sepconv2d_stream.h:73]   --->   Operation 40 'extractvalue' 'res' <Predicate = true> <Delay = 0.00>
ST_9 : Operation 41 [1/1] (0.00ns)   --->   "%res_1 = extractvalue i240 %call_ret" [firmware/nnet_utils/nnet_dense.h:54->firmware/nnet_utils/nnet_sepconv_stream.h:104->firmware/nnet_utils/nnet_sepconv2d_stream.h:73]   --->   Operation 41 'extractvalue' 'res_1' <Predicate = true> <Delay = 0.00>
ST_9 : Operation 42 [1/1] (0.00ns)   --->   "%res_2 = extractvalue i240 %call_ret" [firmware/nnet_utils/nnet_dense.h:54->firmware/nnet_utils/nnet_sepconv_stream.h:104->firmware/nnet_utils/nnet_sepconv2d_stream.h:73]   --->   Operation 42 'extractvalue' 'res_2' <Predicate = true> <Delay = 0.00>
ST_9 : Operation 43 [1/1] (0.00ns)   --->   "%res_3 = extractvalue i240 %call_ret" [firmware/nnet_utils/nnet_dense.h:54->firmware/nnet_utils/nnet_sepconv_stream.h:104->firmware/nnet_utils/nnet_sepconv2d_stream.h:73]   --->   Operation 43 'extractvalue' 'res_3' <Predicate = true> <Delay = 0.00>
ST_9 : Operation 44 [1/1] (0.00ns)   --->   "%res_4 = extractvalue i240 %call_ret" [firmware/nnet_utils/nnet_dense.h:54->firmware/nnet_utils/nnet_sepconv_stream.h:104->firmware/nnet_utils/nnet_sepconv2d_stream.h:73]   --->   Operation 44 'extractvalue' 'res_4' <Predicate = true> <Delay = 0.00>
ST_9 : Operation 45 [1/1] (0.00ns)   --->   "%res_5 = extractvalue i240 %call_ret" [firmware/nnet_utils/nnet_dense.h:54->firmware/nnet_utils/nnet_sepconv_stream.h:104->firmware/nnet_utils/nnet_sepconv2d_stream.h:73]   --->   Operation 45 'extractvalue' 'res_5' <Predicate = true> <Delay = 0.00>
ST_9 : Operation 46 [1/1] (0.00ns)   --->   "%res_6 = extractvalue i240 %call_ret" [firmware/nnet_utils/nnet_dense.h:54->firmware/nnet_utils/nnet_sepconv_stream.h:104->firmware/nnet_utils/nnet_sepconv2d_stream.h:73]   --->   Operation 46 'extractvalue' 'res_6' <Predicate = true> <Delay = 0.00>
ST_9 : Operation 47 [1/1] (0.00ns)   --->   "%res_7 = extractvalue i240 %call_ret" [firmware/nnet_utils/nnet_dense.h:54->firmware/nnet_utils/nnet_sepconv_stream.h:104->firmware/nnet_utils/nnet_sepconv2d_stream.h:73]   --->   Operation 47 'extractvalue' 'res_7' <Predicate = true> <Delay = 0.00>

State 10 <SV = 9> <Delay = 1.82>
ST_10 : Operation 48 [1/1] (0.00ns)   --->   "%specloopname_ln0 = specloopname void @_ssdm_op_SpecLoopName, void @ReadInputHeight_ReadInputWidth_str"   --->   Operation 48 'specloopname' 'specloopname_ln0' <Predicate = true> <Delay = 0.00>
ST_10 : Operation 49 [1/1] (0.00ns)   --->   "%speclooptripcount_ln0 = speclooptripcount void @_ssdm_op_SpecLoopTripCount, i64 1024, i64 1024, i64 1024"   --->   Operation 49 'speclooptripcount' 'speclooptripcount_ln0' <Predicate = true> <Delay = 0.00>
ST_10 : Operation 50 [1/1] (0.00ns)   --->   "%specpipeline_ln71 = specpipeline void @_ssdm_op_SpecPipeline, i32 8, i32 0, i32 0, i32 0, i32 4294967295, void @empty_1" [firmware/nnet_utils/nnet_sepconv2d_stream.h:71]   --->   Operation 50 'specpipeline' 'specpipeline_ln71' <Predicate = true> <Delay = 0.00>
ST_10 : Operation 51 [1/1] (0.00ns)   --->   "%or_ln113_s = bitconcatenate i240 @_ssdm_op_BitConcatenate.i240.i30.i30.i30.i30.i30.i30.i30.i30, i30 %res_7, i30 %res_6, i30 %res_5, i30 %res_4, i30 %res_3, i30 %res_2, i30 %res_1, i30 %res" [firmware/nnet_utils/nnet_sepconv_stream.h:113->firmware/nnet_utils/nnet_sepconv2d_stream.h:73]   --->   Operation 51 'bitconcatenate' 'or_ln113_s' <Predicate = true> <Delay = 0.00>
ST_10 : Operation 52 [1/1] ( I:1.82ns O:1.82ns )   --->   "%write_ln113 = write void @_ssdm_op_Write.ap_fifo.volatile.i240P0A, i240 %layer23_out, i240 %or_ln113_s" [firmware/nnet_utils/nnet_sepconv_stream.h:113->firmware/nnet_utils/nnet_sepconv2d_stream.h:73]   --->   Operation 52 'write' 'write_ln113' <Predicate = true> <Delay = 1.82> <CoreInst = "FIFO_SRL">   --->   Core 80 'FIFO_SRL' <Latency = 0> <II = 1> <Delay = 2.26> <Storage> <Opcode : 'read' 'write' 'nbread' 'nbwrite'> <Ports = 0> <Width = 240> <Depth = 1> <FIFO>
ST_10 : Operation 53 [1/1] (0.53ns)   --->   "%ret_ln93 = ret" [firmware/nnet_utils/nnet_sepconv2d_stream.h:93]   --->   Operation 53 'ret' 'ret_ln93' <Predicate = (icmp_ln67)> <Delay = 0.53>


============================================================
+ Verbose Summary: Binding
============================================================
STG Binding: 
---------------- STG Properties BEGIN ----------------
- Is combinational: 0
- Is one-state seq: 0
- Is datapath-only: 0
- Is pipelined: 0
- Is top level: 0
Port [ Return ] is wired: 1; IO mode=ap_ctrl_hs:ce=0
Port [ layer22_out]:  wired=1; compound=1; hidden=0; nouse=0; global=0; static=0; extern=0; dir=0; type=3; pingpong=0; private_global=0; IO mode=ap_fifo:ce=0
Port [ layer23_out]:  wired=1; compound=1; hidden=0; nouse=0; global=0; static=0; extern=0; dir=1; type=3; pingpong=0; private_global=0; IO mode=ap_fifo:ce=0
---------------- STG Properties END ------------------

---------------- Datapath Model BEGIN ----------------

<LifeTime>
<method=bitvector/>
indvar_flatten2       (alloca           ) [ 01000000000]
specinterface_ln0     (specinterface    ) [ 00000000000]
specinterface_ln0     (specinterface    ) [ 00000000000]
store_ln0             (store            ) [ 00000000000]
br_ln0                (br               ) [ 00000000000]
indvar_flatten2_load  (load             ) [ 00000000000]
layer22_out_read      (read             ) [ 00000000000]
data                  (trunc            ) [ 00100000000]
data_8                (partselect       ) [ 00100000000]
data_9                (partselect       ) [ 00110000000]
data_10               (partselect       ) [ 00110000000]
data_1                (partselect       ) [ 00110000000]
data_2                (partselect       ) [ 00111000000]
data_3                (partselect       ) [ 00111000000]
data_4                (partselect       ) [ 00111000000]
add_ln67              (add              ) [ 00000000000]
icmp_ln67             (icmp             ) [ 01111111111]
store_ln67            (store            ) [ 00000000000]
br_ln67               (br               ) [ 00000000000]
call_ret              (call             ) [ 00000000000]
res                   (extractvalue     ) [ 00100000001]
res_1                 (extractvalue     ) [ 00100000001]
res_2                 (extractvalue     ) [ 00100000001]
res_3                 (extractvalue     ) [ 00100000001]
res_4                 (extractvalue     ) [ 00100000001]
res_5                 (extractvalue     ) [ 00100000001]
res_6                 (extractvalue     ) [ 00100000001]
res_7                 (extractvalue     ) [ 00100000001]
specloopname_ln0      (specloopname     ) [ 00000000000]
speclooptripcount_ln0 (speclooptripcount) [ 00000000000]
specpipeline_ln71     (specpipeline     ) [ 00000000000]
or_ln113_s            (bitconcatenate   ) [ 00000000000]
write_ln113           (write            ) [ 00000000000]
ret_ln93              (ret              ) [ 00000000000]
</LifeTime>

<model>

<comp_list>
<comp id="0" class="1000" name="layer22_out">
<pin_list>
<pin id="1" dir="1" index="0" bw="1" slack="0"/>
</pin_list>
<bind>
<StgValue><ssdm name="layer22_out"/></StgValue>
</bind>
</comp>

<comp id="2" class="1000" name="layer23_out">
<pin_list>
<pin id="3" dir="1" index="0" bw="1" slack="0"/>
</pin_list>
<bind>
<StgValue><ssdm name="layer23_out"/></StgValue>
</bind>
</comp>

<comp id="4" class="1001" name="const_4">
<pin_list>
<pin id="5" dir="1" index="0" bw="1" slack="0"/>
</pin_list>
<bind>
<StgValue><ssdm name=""/></StgValue>
</bind>
</comp>

<comp id="6" class="1001" name="const_6">
<pin_list>
<pin id="7" dir="1" index="0" bw="1" slack="2147483647"/>
</pin_list>
<bind>
<StgValue><ssdm name="_ssdm_op_SpecInterface"/></StgValue>
</bind>
</comp>

<comp id="8" class="1001" name="const_8">
<pin_list>
<pin id="9" dir="1" index="0" bw="1" slack="2147483647"/>
</pin_list>
<bind>
<StgValue><ssdm name="empty_2"/></StgValue>
</bind>
</comp>

<comp id="10" class="1001" name="const_10">
<pin_list>
<pin id="11" dir="1" index="0" bw="1" slack="2147483647"/>
</pin_list>
<bind>
<StgValue><ssdm name=""/></StgValue>
</bind>
</comp>

<comp id="12" class="1001" name="const_12">
<pin_list>
<pin id="13" dir="1" index="0" bw="1" slack="2147483647"/>
</pin_list>
<bind>
<StgValue><ssdm name="empty_1"/></StgValue>
</bind>
</comp>

<comp id="14" class="1001" name="const_14">
<pin_list>
<pin id="15" dir="1" index="0" bw="1" slack="2147483647"/>
</pin_list>
<bind>
<StgValue><ssdm name=""/></StgValue>
</bind>
</comp>

<comp id="16" class="1001" name="const_16">
<pin_list>
<pin id="17" dir="1" index="0" bw="1" slack="0"/>
</pin_list>
<bind>
<StgValue><ssdm name=""/></StgValue>
</bind>
</comp>

<comp id="18" class="1001" name="const_18">
<pin_list>
<pin id="19" dir="1" index="0" bw="1" slack="0"/>
</pin_list>
<bind>
<StgValue><ssdm name="_ssdm_op_Read.ap_fifo.volatile.i80P0A"/></StgValue>
</bind>
</comp>

<comp id="20" class="1001" name="const_20">
<pin_list>
<pin id="21" dir="1" index="0" bw="1" slack="0"/>
</pin_list>
<bind>
<StgValue><ssdm name="_ssdm_op_PartSelect.i10.i80.i32.i32"/></StgValue>
</bind>
</comp>

<comp id="22" class="1001" name="const_22">
<pin_list>
<pin id="23" dir="1" index="0" bw="1" slack="0"/>
</pin_list>
<bind>
<StgValue><ssdm name=""/></StgValue>
</bind>
</comp>

<comp id="24" class="1001" name="const_24">
<pin_list>
<pin id="25" dir="1" index="0" bw="1" slack="0"/>
</pin_list>
<bind>
<StgValue><ssdm name=""/></StgValue>
</bind>
</comp>

<comp id="26" class="1001" name="const_26">
<pin_list>
<pin id="27" dir="1" index="0" bw="1" slack="0"/>
</pin_list>
<bind>
<StgValue><ssdm name=""/></StgValue>
</bind>
</comp>

<comp id="28" class="1001" name="const_28">
<pin_list>
<pin id="29" dir="1" index="0" bw="1" slack="0"/>
</pin_list>
<bind>
<StgValue><ssdm name=""/></StgValue>
</bind>
</comp>

<comp id="30" class="1001" name="const_30">
<pin_list>
<pin id="31" dir="1" index="0" bw="1" slack="0"/>
</pin_list>
<bind>
<StgValue><ssdm name=""/></StgValue>
</bind>
</comp>

<comp id="32" class="1001" name="const_32">
<pin_list>
<pin id="33" dir="1" index="0" bw="1" slack="0"/>
</pin_list>
<bind>
<StgValue><ssdm name=""/></StgValue>
</bind>
</comp>

<comp id="34" class="1001" name="const_34">
<pin_list>
<pin id="35" dir="1" index="0" bw="1" slack="0"/>
</pin_list>
<bind>
<StgValue><ssdm name=""/></StgValue>
</bind>
</comp>

<comp id="36" class="1001" name="const_36">
<pin_list>
<pin id="37" dir="1" index="0" bw="1" slack="0"/>
</pin_list>
<bind>
<StgValue><ssdm name=""/></StgValue>
</bind>
</comp>

<comp id="38" class="1001" name="const_38">
<pin_list>
<pin id="39" dir="1" index="0" bw="1" slack="0"/>
</pin_list>
<bind>
<StgValue><ssdm name=""/></StgValue>
</bind>
</comp>

<comp id="40" class="1001" name="const_40">
<pin_list>
<pin id="41" dir="1" index="0" bw="1" slack="0"/>
</pin_list>
<bind>
<StgValue><ssdm name=""/></StgValue>
</bind>
</comp>

<comp id="42" class="1001" name="const_42">
<pin_list>
<pin id="43" dir="1" index="0" bw="1" slack="0"/>
</pin_list>
<bind>
<StgValue><ssdm name=""/></StgValue>
</bind>
</comp>

<comp id="44" class="1001" name="const_44">
<pin_list>
<pin id="45" dir="1" index="0" bw="1" slack="0"/>
</pin_list>
<bind>
<StgValue><ssdm name=""/></StgValue>
</bind>
</comp>

<comp id="46" class="1001" name="const_46">
<pin_list>
<pin id="47" dir="1" index="0" bw="1" slack="0"/>
</pin_list>
<bind>
<StgValue><ssdm name=""/></StgValue>
</bind>
</comp>

<comp id="48" class="1001" name="const_48">
<pin_list>
<pin id="49" dir="1" index="0" bw="1" slack="0"/>
</pin_list>
<bind>
<StgValue><ssdm name=""/></StgValue>
</bind>
</comp>

<comp id="50" class="1001" name="const_50">
<pin_list>
<pin id="51" dir="1" index="0" bw="1" slack="0"/>
</pin_list>
<bind>
<StgValue><ssdm name=""/></StgValue>
</bind>
</comp>

<comp id="52" class="1001" name="const_52">
<pin_list>
<pin id="53" dir="1" index="0" bw="1" slack="0"/>
</pin_list>
<bind>
<StgValue><ssdm name=""/></StgValue>
</bind>
</comp>

<comp id="54" class="1001" name="const_54">
<pin_list>
<pin id="55" dir="1" index="0" bw="1" slack="0"/>
</pin_list>
<bind>
<StgValue><ssdm name="dense_latency<ap_fixed,ap_fixed<30,12,5,3,0>,config36_mult>"/></StgValue>
</bind>
</comp>

<comp id="56" class="1001" name="const_56">
<pin_list>
<pin id="57" dir="1" index="0" bw="1" slack="2147483647"/>
</pin_list>
<bind>
<StgValue><ssdm name="_ssdm_op_SpecLoopName"/></StgValue>
</bind>
</comp>

<comp id="58" class="1001" name="const_58">
<pin_list>
<pin id="59" dir="1" index="0" bw="1" slack="2147483647"/>
</pin_list>
<bind>
<StgValue><ssdm name="ReadInputHeight_ReadInputWidth_str"/></StgValue>
</bind>
</comp>

<comp id="60" class="1001" name="const_60">
<pin_list>
<pin id="61" dir="1" index="0" bw="1" slack="2147483647"/>
</pin_list>
<bind>
<StgValue><ssdm name="_ssdm_op_SpecLoopTripCount"/></StgValue>
</bind>
</comp>

<comp id="62" class="1001" name="const_62">
<pin_list>
<pin id="63" dir="1" index="0" bw="1" slack="2147483647"/>
</pin_list>
<bind>
<StgValue><ssdm name=""/></StgValue>
</bind>
</comp>

<comp id="64" class="1001" name="const_64">
<pin_list>
<pin id="65" dir="1" index="0" bw="1" slack="2147483647"/>
</pin_list>
<bind>
<StgValue><ssdm name="_ssdm_op_SpecPipeline"/></StgValue>
</bind>
</comp>

<comp id="66" class="1001" name="const_66">
<pin_list>
<pin id="67" dir="1" index="0" bw="1" slack="2147483647"/>
</pin_list>
<bind>
<StgValue><ssdm name=""/></StgValue>
</bind>
</comp>

<comp id="68" class="1001" name="const_68">
<pin_list>
<pin id="69" dir="1" index="0" bw="1" slack="0"/>
</pin_list>
<bind>
<StgValue><ssdm name="_ssdm_op_BitConcatenate.i240.i30.i30.i30.i30.i30.i30.i30.i30"/></StgValue>
</bind>
</comp>

<comp id="70" class="1001" name="const_70">
<pin_list>
<pin id="71" dir="1" index="0" bw="1" slack="0"/>
</pin_list>
<bind>
<StgValue><ssdm name="_ssdm_op_Write.ap_fifo.volatile.i240P0A"/></StgValue>
</bind>
</comp>

<comp id="72" class="1004" name="indvar_flatten2_fu_72">
<pin_list>
<pin id="73" dir="0" index="0" bw="1" slack="0"/>
<pin id="74" dir="1" index="1" bw="10" slack="0"/>
</pin_list>
<bind>
<opcode="alloca(26) " fcode="alloca"/>
<opset="indvar_flatten2/1 "/>
</bind>
</comp>

<comp id="76" class="1004" name="layer22_out_read_read_fu_76">
<pin_list>
<pin id="77" dir="0" index="0" bw="80" slack="0"/>
<pin id="78" dir="0" index="1" bw="80" slack="0"/>
<pin id="79" dir="1" index="2" bw="80" slack="0"/>
</pin_list>
<bind>
<opcode="read(1150) " fcode="read"/>
<opset="layer22_out_read/1 "/>
</bind>
</comp>

<comp id="82" class="1004" name="write_ln113_write_fu_82">
<pin_list>
<pin id="83" dir="0" index="0" bw="0" slack="0"/>
<pin id="84" dir="0" index="1" bw="240" slack="0"/>
<pin id="85" dir="0" index="2" bw="240" slack="0"/>
<pin id="86" dir="1" index="3" bw="0" slack="2147483647"/>
</pin_list>
<bind>
<opcode="write(1151) " fcode="write"/>
<opset="write_ln113/10 "/>
</bind>
</comp>

<comp id="89" class="1004" name="grp_dense_latency_ap_fixed_ap_fixed_30_12_5_3_0_config36_mult_s_fu_89">
<pin_list>
<pin id="90" dir="0" index="0" bw="240" slack="0"/>
<pin id="91" dir="0" index="1" bw="10" slack="1"/>
<pin id="92" dir="0" index="2" bw="10" slack="1"/>
<pin id="93" dir="0" index="3" bw="10" slack="1"/>
<pin id="94" dir="0" index="4" bw="10" slack="1"/>
<pin id="95" dir="0" index="5" bw="10" slack="1"/>
<pin id="96" dir="0" index="6" bw="10" slack="1"/>
<pin id="97" dir="0" index="7" bw="10" slack="1"/>
<pin id="98" dir="0" index="8" bw="10" slack="1"/>
<pin id="99" dir="1" index="9" bw="240" slack="0"/>
</pin_list>
<bind>
<opcode="call(48) " fcode="call"/>
<opset="call_ret/2 "/>
</bind>
</comp>

<comp id="101" class="1004" name="store_ln0_store_fu_101">
<pin_list>
<pin id="102" dir="0" index="0" bw="1" slack="0"/>
<pin id="103" dir="0" index="1" bw="10" slack="0"/>
<pin id="104" dir="1" index="2" bw="0" slack="2147483647"/>
</pin_list>
<bind>
<opcode="store(28) " fcode="store"/>
<opset="store_ln0/1 "/>
</bind>
</comp>

<comp id="106" class="1004" name="indvar_flatten2_load_load_fu_106">
<pin_list>
<pin id="107" dir="0" index="0" bw="10" slack="0"/>
<pin id="108" dir="1" index="1" bw="10" slack="0"/>
</pin_list>
<bind>
<opcode="load(27) " fcode="load"/>
<opset="indvar_flatten2_load/1 "/>
</bind>
</comp>

<comp id="109" class="1004" name="data_fu_109">
<pin_list>
<pin id="110" dir="0" index="0" bw="80" slack="0"/>
<pin id="111" dir="1" index="1" bw="10" slack="1"/>
</pin_list>
<bind>
<opcode="trunc(33) " fcode="trunc"/>
<opset="data/1 "/>
</bind>
</comp>

<comp id="113" class="1004" name="data_8_fu_113">
<pin_list>
<pin id="114" dir="0" index="0" bw="10" slack="0"/>
<pin id="115" dir="0" index="1" bw="80" slack="0"/>
<pin id="116" dir="0" index="2" bw="5" slack="0"/>
<pin id="117" dir="0" index="3" bw="6" slack="0"/>
<pin id="118" dir="1" index="4" bw="10" slack="1"/>
</pin_list>
<bind>
<opcode="partselect(1002) " fcode="partselect"/>
<opset="data_8/1 "/>
</bind>
</comp>

<comp id="123" class="1004" name="data_9_fu_123">
<pin_list>
<pin id="124" dir="0" index="0" bw="10" slack="0"/>
<pin id="125" dir="0" index="1" bw="80" slack="0"/>
<pin id="126" dir="0" index="2" bw="6" slack="0"/>
<pin id="127" dir="0" index="3" bw="6" slack="0"/>
<pin id="128" dir="1" index="4" bw="10" slack="1"/>
</pin_list>
<bind>
<opcode="partselect(1002) " fcode="partselect"/>
<opset="data_9/1 "/>
</bind>
</comp>

<comp id="133" class="1004" name="data_10_fu_133">
<pin_list>
<pin id="134" dir="0" index="0" bw="10" slack="0"/>
<pin id="135" dir="0" index="1" bw="80" slack="0"/>
<pin id="136" dir="0" index="2" bw="6" slack="0"/>
<pin id="137" dir="0" index="3" bw="7" slack="0"/>
<pin id="138" dir="1" index="4" bw="10" slack="1"/>
</pin_list>
<bind>
<opcode="partselect(1002) " fcode="partselect"/>
<opset="data_10/1 "/>
</bind>
</comp>

<comp id="143" class="1004" name="data_1_fu_143">
<pin_list>
<pin id="144" dir="0" index="0" bw="10" slack="0"/>
<pin id="145" dir="0" index="1" bw="80" slack="0"/>
<pin id="146" dir="0" index="2" bw="7" slack="0"/>
<pin id="147" dir="0" index="3" bw="7" slack="0"/>
<pin id="148" dir="1" index="4" bw="10" slack="1"/>
</pin_list>
<bind>
<opcode="partselect(1002) " fcode="partselect"/>
<opset="data_1/1 "/>
</bind>
</comp>

<comp id="153" class="1004" name="data_2_fu_153">
<pin_list>
<pin id="154" dir="0" index="0" bw="10" slack="0"/>
<pin id="155" dir="0" index="1" bw="80" slack="0"/>
<pin id="156" dir="0" index="2" bw="7" slack="0"/>
<pin id="157" dir="0" index="3" bw="7" slack="0"/>
<pin id="158" dir="1" index="4" bw="10" slack="1"/>
</pin_list>
<bind>
<opcode="partselect(1002) " fcode="partselect"/>
<opset="data_2/1 "/>
</bind>
</comp>

<comp id="163" class="1004" name="data_3_fu_163">
<pin_list>
<pin id="164" dir="0" index="0" bw="10" slack="0"/>
<pin id="165" dir="0" index="1" bw="80" slack="0"/>
<pin id="166" dir="0" index="2" bw="7" slack="0"/>
<pin id="167" dir="0" index="3" bw="8" slack="0"/>
<pin id="168" dir="1" index="4" bw="10" slack="1"/>
</pin_list>
<bind>
<opcode="partselect(1002) " fcode="partselect"/>
<opset="data_3/1 "/>
</bind>
</comp>

<comp id="173" class="1004" name="data_4_fu_173">
<pin_list>
<pin id="174" dir="0" index="0" bw="10" slack="0"/>
<pin id="175" dir="0" index="1" bw="80" slack="0"/>
<pin id="176" dir="0" index="2" bw="8" slack="0"/>
<pin id="177" dir="0" index="3" bw="8" slack="0"/>
<pin id="178" dir="1" index="4" bw="10" slack="1"/>
</pin_list>
<bind>
<opcode="partselect(1002) " fcode="partselect"/>
<opset="data_4/1 "/>
</bind>
</comp>

<comp id="183" class="1004" name="add_ln67_fu_183">
<pin_list>
<pin id="184" dir="0" index="0" bw="10" slack="0"/>
<pin id="185" dir="0" index="1" bw="1" slack="0"/>
<pin id="186" dir="1" index="2" bw="10" slack="0"/>
</pin_list>
<bind>
<opcode="add(8) " fcode="add"/>
<opset="add_ln67/1 "/>
</bind>
</comp>

<comp id="189" class="1004" name="icmp_ln67_fu_189">
<pin_list>
<pin id="190" dir="0" index="0" bw="10" slack="0"/>
<pin id="191" dir="0" index="1" bw="1" slack="0"/>
<pin id="192" dir="1" index="2" bw="1" slack="9"/>
</pin_list>
<bind>
<opcode="icmp(45) " fcode="icmp"/>
<opset="icmp_ln67/1 "/>
</bind>
</comp>

<comp id="195" class="1004" name="store_ln67_store_fu_195">
<pin_list>
<pin id="196" dir="0" index="0" bw="10" slack="0"/>
<pin id="197" dir="0" index="1" bw="10" slack="0"/>
<pin id="198" dir="1" index="2" bw="0" slack="2147483647"/>
</pin_list>
<bind>
<opcode="store(28) " fcode="store"/>
<opset="store_ln67/1 "/>
</bind>
</comp>

<comp id="200" class="1004" name="res_fu_200">
<pin_list>
<pin id="201" dir="0" index="0" bw="240" slack="0"/>
<pin id="202" dir="1" index="1" bw="30" slack="1"/>
</pin_list>
<bind>
<opcode="extractvalue(56) " fcode="extractvalue"/>
<opset="res/9 "/>
</bind>
</comp>

<comp id="204" class="1004" name="res_1_fu_204">
<pin_list>
<pin id="205" dir="0" index="0" bw="240" slack="0"/>
<pin id="206" dir="1" index="1" bw="30" slack="1"/>
</pin_list>
<bind>
<opcode="extractvalue(56) " fcode="extractvalue"/>
<opset="res_1/9 "/>
</bind>
</comp>

<comp id="208" class="1004" name="res_2_fu_208">
<pin_list>
<pin id="209" dir="0" index="0" bw="240" slack="0"/>
<pin id="210" dir="1" index="1" bw="30" slack="1"/>
</pin_list>
<bind>
<opcode="extractvalue(56) " fcode="extractvalue"/>
<opset="res_2/9 "/>
</bind>
</comp>

<comp id="212" class="1004" name="res_3_fu_212">
<pin_list>
<pin id="213" dir="0" index="0" bw="240" slack="0"/>
<pin id="214" dir="1" index="1" bw="30" slack="1"/>
</pin_list>
<bind>
<opcode="extractvalue(56) " fcode="extractvalue"/>
<opset="res_3/9 "/>
</bind>
</comp>

<comp id="216" class="1004" name="res_4_fu_216">
<pin_list>
<pin id="217" dir="0" index="0" bw="240" slack="0"/>
<pin id="218" dir="1" index="1" bw="30" slack="1"/>
</pin_list>
<bind>
<opcode="extractvalue(56) " fcode="extractvalue"/>
<opset="res_4/9 "/>
</bind>
</comp>

<comp id="220" class="1004" name="res_5_fu_220">
<pin_list>
<pin id="221" dir="0" index="0" bw="240" slack="0"/>
<pin id="222" dir="1" index="1" bw="30" slack="1"/>
</pin_list>
<bind>
<opcode="extractvalue(56) " fcode="extractvalue"/>
<opset="res_5/9 "/>
</bind>
</comp>

<comp id="224" class="1004" name="res_6_fu_224">
<pin_list>
<pin id="225" dir="0" index="0" bw="240" slack="0"/>
<pin id="226" dir="1" index="1" bw="30" slack="1"/>
</pin_list>
<bind>
<opcode="extractvalue(56) " fcode="extractvalue"/>
<opset="res_6/9 "/>
</bind>
</comp>

<comp id="228" class="1004" name="res_7_fu_228">
<pin_list>
<pin id="229" dir="0" index="0" bw="240" slack="0"/>
<pin id="230" dir="1" index="1" bw="30" slack="1"/>
</pin_list>
<bind>
<opcode="extractvalue(56) " fcode="extractvalue"/>
<opset="res_7/9 "/>
</bind>
</comp>

<comp id="232" class="1004" name="or_ln113_s_fu_232">
<pin_list>
<pin id="233" dir="0" index="0" bw="240" slack="0"/>
<pin id="234" dir="0" index="1" bw="30" slack="1"/>
<pin id="235" dir="0" index="2" bw="30" slack="1"/>
<pin id="236" dir="0" index="3" bw="30" slack="1"/>
<pin id="237" dir="0" index="4" bw="30" slack="1"/>
<pin id="238" dir="0" index="5" bw="30" slack="1"/>
<pin id="239" dir="0" index="6" bw="30" slack="1"/>
<pin id="240" dir="0" index="7" bw="30" slack="1"/>
<pin id="241" dir="0" index="8" bw="30" slack="1"/>
<pin id="242" dir="1" index="9" bw="240" slack="0"/>
</pin_list>
<bind>
<opcode="bitconcatenate(1004) " fcode="bitconcatenate"/>
<opset="or_ln113_s/10 "/>
</bind>
</comp>

<comp id="245" class="1005" name="indvar_flatten2_reg_245">
<pin_list>
<pin id="246" dir="0" index="0" bw="10" slack="0"/>
<pin id="247" dir="1" index="1" bw="10" slack="0"/>
</pin_list>
<bind>
<opset="indvar_flatten2 "/>
</bind>
</comp>

<comp id="252" class="1005" name="data_reg_252">
<pin_list>
<pin id="253" dir="0" index="0" bw="10" slack="1"/>
<pin id="254" dir="1" index="1" bw="10" slack="1"/>
</pin_list>
<bind>
<opset="data "/>
</bind>
</comp>

<comp id="257" class="1005" name="data_8_reg_257">
<pin_list>
<pin id="258" dir="0" index="0" bw="10" slack="1"/>
<pin id="259" dir="1" index="1" bw="10" slack="1"/>
</pin_list>
<bind>
<opset="data_8 "/>
</bind>
</comp>

<comp id="262" class="1005" name="data_9_reg_262">
<pin_list>
<pin id="263" dir="0" index="0" bw="10" slack="1"/>
<pin id="264" dir="1" index="1" bw="10" slack="1"/>
</pin_list>
<bind>
<opset="data_9 "/>
</bind>
</comp>

<comp id="267" class="1005" name="data_10_reg_267">
<pin_list>
<pin id="268" dir="0" index="0" bw="10" slack="1"/>
<pin id="269" dir="1" index="1" bw="10" slack="1"/>
</pin_list>
<bind>
<opset="data_10 "/>
</bind>
</comp>

<comp id="272" class="1005" name="data_1_reg_272">
<pin_list>
<pin id="273" dir="0" index="0" bw="10" slack="1"/>
<pin id="274" dir="1" index="1" bw="10" slack="1"/>
</pin_list>
<bind>
<opset="data_1 "/>
</bind>
</comp>

<comp id="277" class="1005" name="data_2_reg_277">
<pin_list>
<pin id="278" dir="0" index="0" bw="10" slack="1"/>
<pin id="279" dir="1" index="1" bw="10" slack="1"/>
</pin_list>
<bind>
<opset="data_2 "/>
</bind>
</comp>

<comp id="282" class="1005" name="data_3_reg_282">
<pin_list>
<pin id="283" dir="0" index="0" bw="10" slack="1"/>
<pin id="284" dir="1" index="1" bw="10" slack="1"/>
</pin_list>
<bind>
<opset="data_3 "/>
</bind>
</comp>

<comp id="287" class="1005" name="data_4_reg_287">
<pin_list>
<pin id="288" dir="0" index="0" bw="10" slack="1"/>
<pin id="289" dir="1" index="1" bw="10" slack="1"/>
</pin_list>
<bind>
<opset="data_4 "/>
</bind>
</comp>

<comp id="292" class="1005" name="icmp_ln67_reg_292">
<pin_list>
<pin id="293" dir="0" index="0" bw="1" slack="9"/>
<pin id="294" dir="1" index="1" bw="1" slack="2147483647"/>
</pin_list>
<bind>
<opset="icmp_ln67 "/>
</bind>
</comp>

<comp id="296" class="1005" name="res_reg_296">
<pin_list>
<pin id="297" dir="0" index="0" bw="30" slack="1"/>
<pin id="298" dir="1" index="1" bw="30" slack="1"/>
</pin_list>
<bind>
<opset="res "/>
</bind>
</comp>

<comp id="301" class="1005" name="res_1_reg_301">
<pin_list>
<pin id="302" dir="0" index="0" bw="30" slack="1"/>
<pin id="303" dir="1" index="1" bw="30" slack="1"/>
</pin_list>
<bind>
<opset="res_1 "/>
</bind>
</comp>

<comp id="306" class="1005" name="res_2_reg_306">
<pin_list>
<pin id="307" dir="0" index="0" bw="30" slack="1"/>
<pin id="308" dir="1" index="1" bw="30" slack="1"/>
</pin_list>
<bind>
<opset="res_2 "/>
</bind>
</comp>

<comp id="311" class="1005" name="res_3_reg_311">
<pin_list>
<pin id="312" dir="0" index="0" bw="30" slack="1"/>
<pin id="313" dir="1" index="1" bw="30" slack="1"/>
</pin_list>
<bind>
<opset="res_3 "/>
</bind>
</comp>

<comp id="316" class="1005" name="res_4_reg_316">
<pin_list>
<pin id="317" dir="0" index="0" bw="30" slack="1"/>
<pin id="318" dir="1" index="1" bw="30" slack="1"/>
</pin_list>
<bind>
<opset="res_4 "/>
</bind>
</comp>

<comp id="321" class="1005" name="res_5_reg_321">
<pin_list>
<pin id="322" dir="0" index="0" bw="30" slack="1"/>
<pin id="323" dir="1" index="1" bw="30" slack="1"/>
</pin_list>
<bind>
<opset="res_5 "/>
</bind>
</comp>

<comp id="326" class="1005" name="res_6_reg_326">
<pin_list>
<pin id="327" dir="0" index="0" bw="30" slack="1"/>
<pin id="328" dir="1" index="1" bw="30" slack="1"/>
</pin_list>
<bind>
<opset="res_6 "/>
</bind>
</comp>

<comp id="331" class="1005" name="res_7_reg_331">
<pin_list>
<pin id="332" dir="0" index="0" bw="30" slack="1"/>
<pin id="333" dir="1" index="1" bw="30" slack="1"/>
</pin_list>
<bind>
<opset="res_7 "/>
</bind>
</comp>

</comp_list>

<net_list>
<net id="75"><net_src comp="4" pin="0"/><net_sink comp="72" pin=0"/></net>

<net id="80"><net_src comp="18" pin="0"/><net_sink comp="76" pin=0"/></net>

<net id="81"><net_src comp="0" pin="0"/><net_sink comp="76" pin=1"/></net>

<net id="87"><net_src comp="70" pin="0"/><net_sink comp="82" pin=0"/></net>

<net id="88"><net_src comp="2" pin="0"/><net_sink comp="82" pin=1"/></net>

<net id="100"><net_src comp="54" pin="0"/><net_sink comp="89" pin=0"/></net>

<net id="105"><net_src comp="16" pin="0"/><net_sink comp="101" pin=0"/></net>

<net id="112"><net_src comp="76" pin="2"/><net_sink comp="109" pin=0"/></net>

<net id="119"><net_src comp="20" pin="0"/><net_sink comp="113" pin=0"/></net>

<net id="120"><net_src comp="76" pin="2"/><net_sink comp="113" pin=1"/></net>

<net id="121"><net_src comp="22" pin="0"/><net_sink comp="113" pin=2"/></net>

<net id="122"><net_src comp="24" pin="0"/><net_sink comp="113" pin=3"/></net>

<net id="129"><net_src comp="20" pin="0"/><net_sink comp="123" pin=0"/></net>

<net id="130"><net_src comp="76" pin="2"/><net_sink comp="123" pin=1"/></net>

<net id="131"><net_src comp="26" pin="0"/><net_sink comp="123" pin=2"/></net>

<net id="132"><net_src comp="28" pin="0"/><net_sink comp="123" pin=3"/></net>

<net id="139"><net_src comp="20" pin="0"/><net_sink comp="133" pin=0"/></net>

<net id="140"><net_src comp="76" pin="2"/><net_sink comp="133" pin=1"/></net>

<net id="141"><net_src comp="30" pin="0"/><net_sink comp="133" pin=2"/></net>

<net id="142"><net_src comp="32" pin="0"/><net_sink comp="133" pin=3"/></net>

<net id="149"><net_src comp="20" pin="0"/><net_sink comp="143" pin=0"/></net>

<net id="150"><net_src comp="76" pin="2"/><net_sink comp="143" pin=1"/></net>

<net id="151"><net_src comp="34" pin="0"/><net_sink comp="143" pin=2"/></net>

<net id="152"><net_src comp="36" pin="0"/><net_sink comp="143" pin=3"/></net>

<net id="159"><net_src comp="20" pin="0"/><net_sink comp="153" pin=0"/></net>

<net id="160"><net_src comp="76" pin="2"/><net_sink comp="153" pin=1"/></net>

<net id="161"><net_src comp="38" pin="0"/><net_sink comp="153" pin=2"/></net>

<net id="162"><net_src comp="40" pin="0"/><net_sink comp="153" pin=3"/></net>

<net id="169"><net_src comp="20" pin="0"/><net_sink comp="163" pin=0"/></net>

<net id="170"><net_src comp="76" pin="2"/><net_sink comp="163" pin=1"/></net>

<net id="171"><net_src comp="42" pin="0"/><net_sink comp="163" pin=2"/></net>

<net id="172"><net_src comp="44" pin="0"/><net_sink comp="163" pin=3"/></net>

<net id="179"><net_src comp="20" pin="0"/><net_sink comp="173" pin=0"/></net>

<net id="180"><net_src comp="76" pin="2"/><net_sink comp="173" pin=1"/></net>

<net id="181"><net_src comp="46" pin="0"/><net_sink comp="173" pin=2"/></net>

<net id="182"><net_src comp="48" pin="0"/><net_sink comp="173" pin=3"/></net>

<net id="187"><net_src comp="106" pin="1"/><net_sink comp="183" pin=0"/></net>

<net id="188"><net_src comp="50" pin="0"/><net_sink comp="183" pin=1"/></net>

<net id="193"><net_src comp="106" pin="1"/><net_sink comp="189" pin=0"/></net>

<net id="194"><net_src comp="52" pin="0"/><net_sink comp="189" pin=1"/></net>

<net id="199"><net_src comp="183" pin="2"/><net_sink comp="195" pin=0"/></net>

<net id="203"><net_src comp="89" pin="9"/><net_sink comp="200" pin=0"/></net>

<net id="207"><net_src comp="89" pin="9"/><net_sink comp="204" pin=0"/></net>

<net id="211"><net_src comp="89" pin="9"/><net_sink comp="208" pin=0"/></net>

<net id="215"><net_src comp="89" pin="9"/><net_sink comp="212" pin=0"/></net>

<net id="219"><net_src comp="89" pin="9"/><net_sink comp="216" pin=0"/></net>

<net id="223"><net_src comp="89" pin="9"/><net_sink comp="220" pin=0"/></net>

<net id="227"><net_src comp="89" pin="9"/><net_sink comp="224" pin=0"/></net>

<net id="231"><net_src comp="89" pin="9"/><net_sink comp="228" pin=0"/></net>

<net id="243"><net_src comp="68" pin="0"/><net_sink comp="232" pin=0"/></net>

<net id="244"><net_src comp="232" pin="9"/><net_sink comp="82" pin=2"/></net>

<net id="248"><net_src comp="72" pin="1"/><net_sink comp="245" pin=0"/></net>

<net id="249"><net_src comp="245" pin="1"/><net_sink comp="101" pin=1"/></net>

<net id="250"><net_src comp="245" pin="1"/><net_sink comp="106" pin=0"/></net>

<net id="251"><net_src comp="245" pin="1"/><net_sink comp="195" pin=1"/></net>

<net id="255"><net_src comp="109" pin="1"/><net_sink comp="252" pin=0"/></net>

<net id="256"><net_src comp="252" pin="1"/><net_sink comp="89" pin=1"/></net>

<net id="260"><net_src comp="113" pin="4"/><net_sink comp="257" pin=0"/></net>

<net id="261"><net_src comp="257" pin="1"/><net_sink comp="89" pin=2"/></net>

<net id="265"><net_src comp="123" pin="4"/><net_sink comp="262" pin=0"/></net>

<net id="266"><net_src comp="262" pin="1"/><net_sink comp="89" pin=3"/></net>

<net id="270"><net_src comp="133" pin="4"/><net_sink comp="267" pin=0"/></net>

<net id="271"><net_src comp="267" pin="1"/><net_sink comp="89" pin=4"/></net>

<net id="275"><net_src comp="143" pin="4"/><net_sink comp="272" pin=0"/></net>

<net id="276"><net_src comp="272" pin="1"/><net_sink comp="89" pin=5"/></net>

<net id="280"><net_src comp="153" pin="4"/><net_sink comp="277" pin=0"/></net>

<net id="281"><net_src comp="277" pin="1"/><net_sink comp="89" pin=6"/></net>

<net id="285"><net_src comp="163" pin="4"/><net_sink comp="282" pin=0"/></net>

<net id="286"><net_src comp="282" pin="1"/><net_sink comp="89" pin=7"/></net>

<net id="290"><net_src comp="173" pin="4"/><net_sink comp="287" pin=0"/></net>

<net id="291"><net_src comp="287" pin="1"/><net_sink comp="89" pin=8"/></net>

<net id="295"><net_src comp="189" pin="2"/><net_sink comp="292" pin=0"/></net>

<net id="299"><net_src comp="200" pin="1"/><net_sink comp="296" pin=0"/></net>

<net id="300"><net_src comp="296" pin="1"/><net_sink comp="232" pin=8"/></net>

<net id="304"><net_src comp="204" pin="1"/><net_sink comp="301" pin=0"/></net>

<net id="305"><net_src comp="301" pin="1"/><net_sink comp="232" pin=7"/></net>

<net id="309"><net_src comp="208" pin="1"/><net_sink comp="306" pin=0"/></net>

<net id="310"><net_src comp="306" pin="1"/><net_sink comp="232" pin=6"/></net>

<net id="314"><net_src comp="212" pin="1"/><net_sink comp="311" pin=0"/></net>

<net id="315"><net_src comp="311" pin="1"/><net_sink comp="232" pin=5"/></net>

<net id="319"><net_src comp="216" pin="1"/><net_sink comp="316" pin=0"/></net>

<net id="320"><net_src comp="316" pin="1"/><net_sink comp="232" pin=4"/></net>

<net id="324"><net_src comp="220" pin="1"/><net_sink comp="321" pin=0"/></net>

<net id="325"><net_src comp="321" pin="1"/><net_sink comp="232" pin=3"/></net>

<net id="329"><net_src comp="224" pin="1"/><net_sink comp="326" pin=0"/></net>

<net id="330"><net_src comp="326" pin="1"/><net_sink comp="232" pin=2"/></net>

<net id="334"><net_src comp="228" pin="1"/><net_sink comp="331" pin=0"/></net>

<net id="335"><net_src comp="331" pin="1"/><net_sink comp="232" pin=1"/></net>

</net_list>

</model> 
---------------- Datapath Model END ------------------

* FSMD analyzer results:
  - Output states:
	Port: layer23_out | {10 }
 - Input state : 
	Port: pointwise_conv_2d_cl<array,array<ap_fixed<30,12,5,3,0>,8u>,config36> : layer22_out | {1 }
  - Chain level:
	State 1
		store_ln0 : 1
		indvar_flatten2_load : 1
		add_ln67 : 2
		icmp_ln67 : 2
		store_ln67 : 3
		br_ln67 : 3
	State 2
	State 3
	State 4
	State 5
	State 6
	State 7
	State 8
	State 9
		res : 1
		res_1 : 1
		res_2 : 1
		res_3 : 1
		res_4 : 1
		res_5 : 1
		res_6 : 1
		res_7 : 1
	State 10
		write_ln113 : 1


============================================================
+ Verbose Summary: Datapath Resource usage 
============================================================

* Functional unit list:
|----------|-----------------------------------------------------------------------|---------|---------|---------|---------|
| Operation|                            Functional Unit                            |   DSP   |  Delay  |    FF   |   LUT   |
|----------|-----------------------------------------------------------------------|---------|---------|---------|---------|
|   call   | grp_dense_latency_ap_fixed_ap_fixed_30_12_5_3_0_config36_mult_s_fu_89 |    8    | 13.7297 |   1165  |   2194  |
|----------|-----------------------------------------------------------------------|---------|---------|---------|---------|
|    add   |                            add_ln67_fu_183                            |    0    |    0    |    0    |    17   |
|----------|-----------------------------------------------------------------------|---------|---------|---------|---------|
|   icmp   |                            icmp_ln67_fu_189                           |    0    |    0    |    0    |    17   |
|----------|-----------------------------------------------------------------------|---------|---------|---------|---------|
|   read   |                      layer22_out_read_read_fu_76                      |    0    |    0    |    0    |    0    |
|----------|-----------------------------------------------------------------------|---------|---------|---------|---------|
|   write  |                        write_ln113_write_fu_82                        |    0    |    0    |    0    |    0    |
|----------|-----------------------------------------------------------------------|---------|---------|---------|---------|
|   trunc  |                              data_fu_109                              |    0    |    0    |    0    |    0    |
|----------|-----------------------------------------------------------------------|---------|---------|---------|---------|
|          |                             data_8_fu_113                             |    0    |    0    |    0    |    0    |
|          |                             data_9_fu_123                             |    0    |    0    |    0    |    0    |
|          |                             data_10_fu_133                            |    0    |    0    |    0    |    0    |
|partselect|                             data_1_fu_143                             |    0    |    0    |    0    |    0    |
|          |                             data_2_fu_153                             |    0    |    0    |    0    |    0    |
|          |                             data_3_fu_163                             |    0    |    0    |    0    |    0    |
|          |                             data_4_fu_173                             |    0    |    0    |    0    |    0    |
|----------|-----------------------------------------------------------------------|---------|---------|---------|---------|
|          |                               res_fu_200                              |    0    |    0    |    0    |    0    |
|          |                              res_1_fu_204                             |    0    |    0    |    0    |    0    |
|          |                              res_2_fu_208                             |    0    |    0    |    0    |    0    |
|extractvalue|                              res_3_fu_212                             |    0    |    0    |    0    |    0    |
|          |                              res_4_fu_216                             |    0    |    0    |    0    |    0    |
|          |                              res_5_fu_220                             |    0    |    0    |    0    |    0    |
|          |                              res_6_fu_224                             |    0    |    0    |    0    |    0    |
|          |                              res_7_fu_228                             |    0    |    0    |    0    |    0    |
|----------|-----------------------------------------------------------------------|---------|---------|---------|---------|
|bitconcatenate|                           or_ln113_s_fu_232                           |    0    |    0    |    0    |    0    |
|----------|-----------------------------------------------------------------------|---------|---------|---------|---------|
|   Total  |                                                                       |    8    | 13.7297 |   1165  |   2228  |
|----------|-----------------------------------------------------------------------|---------|---------|---------|---------|

Memories:
N/A

* Register list:
+-----------------------+--------+
|                       |   FF   |
+-----------------------+--------+
|    data_10_reg_267    |   10   |
|     data_1_reg_272    |   10   |
|     data_2_reg_277    |   10   |
|     data_3_reg_282    |   10   |
|     data_4_reg_287    |   10   |
|     data_8_reg_257    |   10   |
|     data_9_reg_262    |   10   |
|      data_reg_252     |   10   |
|   icmp_ln67_reg_292   |    1   |
|indvar_flatten2_reg_245|   10   |
|     res_1_reg_301     |   30   |
|     res_2_reg_306     |   30   |
|     res_3_reg_311     |   30   |
|     res_4_reg_316     |   30   |
|     res_5_reg_321     |   30   |
|     res_6_reg_326     |   30   |
|     res_7_reg_331     |   30   |
|      res_reg_296      |   30   |
+-----------------------+--------+
|         Total         |   331  |
+-----------------------+--------+

* Multiplexer (MUX) list: 
|--------|------|------|------|--------|
|  Comp  |  Pin | Size |  BW  | S x BW |
|--------|------|------|------|--------|
|  Total |      |      |      |    0   |
|--------|------|------|------|--------|



* Summary:
+-----------+--------+--------+--------+--------+
|           |   DSP  |  Delay |   FF   |   LUT  |
+-----------+--------+--------+--------+--------+
|  Function |    8   |   13   |  1165  |  2228  |
|   Memory  |    -   |    -   |    -   |    -   |
|Multiplexer|    -   |    -   |    -   |    -   |
|  Register |    -   |    -   |   331  |    -   |
+-----------+--------+--------+--------+--------+
|   Total   |    8   |   13   |  1496  |  2228  |
+-----------+--------+--------+--------+--------+
