

================================================================
== Vitis HLS Report for 'pointwise_conv_2d_cl_array_array_ap_fixed_12_6_5_3_0_8u_config36_s'
================================================================
* Date:           Wed Apr 22 16:02:16 2026

* Version:        2023.2 (Build 4023990 on Oct 11 2023)
* Project:        folo_prj
* Solution:       solution1 (Vivado IP Flow Target)
* Product family: kintexu
* Target device:  xcku035-fbva676-2-e


================================================================
== Performance Estimates
================================================================
+ Timing: 
    * Summary: 
    +--------+---------+----------+------------+
    |  Clock |  Target | Estimated| Uncertainty|
    +--------+---------+----------+------------+
    |ap_clk  |  5.00 ns|  3.937 ns|     1.35 ns|
    +--------+---------+----------+------------+

+ Latency: 
    * Summary: 
    +---------+---------+----------+----------+-------+-------+---------+
    |  Latency (cycles) |  Latency (absolute) |    Interval   | Pipeline|
    |   min   |   max   |    min   |    max   |  min  |  max  |   Type  |
    +---------+---------+----------+----------+-------+-------+---------+
    |    21505|    22529|  0.108 ms|  0.113 ms|  21505|  22529|       no|
    +---------+---------+----------+----------+-------+-------+---------+

    + Detail: 
        * Instance: 
        +--------------------------------------------------------------------------------------+----------------------------------------------------------------------------+---------+---------+-----------+-----------+-----+-----+------------------------------------------+
        |                                                                                      |                                                                            |  Latency (cycles) |   Latency (absolute)  |  Interval |                 Pipeline                 |
        |                                       Instance                                       |                                   Module                                   |   min   |   max   |    min    |    max    | min | max |                   Type                   |
        +--------------------------------------------------------------------------------------+----------------------------------------------------------------------------+---------+---------+-----------+-----------+-----+-----+------------------------------------------+
        |grp_dense_resource_rf_gt_nin_rem0_ap_fixed_ap_fixed_12_6_5_3_0_config36_mult_s_fu_87  |dense_resource_rf_gt_nin_rem0_ap_fixed_ap_fixed_12_6_5_3_0_config36_mult_s  |       17|       18|  85.000 ns|  90.000 ns|   16|   16|  loop rewind stp(delay=0 clock cycles(s))|
        +--------------------------------------------------------------------------------------+----------------------------------------------------------------------------+---------+---------+-----------+-----------+-----+-----+------------------------------------------+

        * Loop: 
        +----------------------------------------------+---------+---------+----------+-----------+-----------+------+----------+
        |                                              |  Latency (cycles) | Iteration|  Initiation Interval  | Trip |          |
        |                   Loop Name                  |   min   |   max   |  Latency |  achieved |   target  | Count| Pipelined|
        +----------------------------------------------+---------+---------+----------+-----------+-----------+------+----------+
        |- ReadInputHeightSerial_ReadInputWidthSerial  |    21504|    22528|   21 ~ 22|          -|          -|  1024|        no|
        +----------------------------------------------+---------+---------+----------+-----------+-----------+------+----------+



================================================================
== Utilization Estimates
================================================================
* Summary: 
+-----------------+---------+------+--------+--------+-----+
|       Name      | BRAM_18K|  DSP |   FF   |   LUT  | URAM|
+-----------------+---------+------+--------+--------+-----+
|DSP              |        -|     -|       -|       -|    -|
|Expression       |        -|     -|       0|      39|    -|
|FIFO             |        -|     -|       -|       -|    -|
|Instance         |        0|     4|     461|    1549|    -|
|Memory           |        -|     -|       -|       -|    -|
|Multiplexer      |        -|     -|       -|      76|    -|
|Register         |        -|     -|     211|       -|    -|
+-----------------+---------+------+--------+--------+-----+
|Total            |        0|     4|     672|    1664|    0|
+-----------------+---------+------+--------+--------+-----+
|Available        |     1080|  1700|  406256|  203128|    0|
+-----------------+---------+------+--------+--------+-----+
|Utilization (%)  |        0|    ~0|      ~0|      ~0|    0|
+-----------------+---------+------+--------+--------+-----+

+ Detail: 
    * Instance: 
    +--------------------------------------------------------------------------------------+----------------------------------------------------------------------------+---------+----+-----+------+-----+
    |                                       Instance                                       |                                   Module                                   | BRAM_18K| DSP|  FF |  LUT | URAM|
    +--------------------------------------------------------------------------------------+----------------------------------------------------------------------------+---------+----+-----+------+-----+
    |grp_dense_resource_rf_gt_nin_rem0_ap_fixed_ap_fixed_12_6_5_3_0_config36_mult_s_fu_87  |dense_resource_rf_gt_nin_rem0_ap_fixed_ap_fixed_12_6_5_3_0_config36_mult_s  |        0|   4|  461|  1549|    0|
    +--------------------------------------------------------------------------------------+----------------------------------------------------------------------------+---------+----+-----+------+-----+
    |Total                                                                                 |                                                                            |        0|   4|  461|  1549|    0|
    +--------------------------------------------------------------------------------------+----------------------------------------------------------------------------+---------+----+-----+------+-----+

    * DSP: 
    N/A

    * Memory: 
    N/A

    * FIFO: 
    N/A

    * Expression: 
    +---------------------+----------+----+---+----+------------+------------+
    |    Variable Name    | Operation| DSP| FF| LUT| Bitwidth P0| Bitwidth P1|
    +---------------------+----------+----+---+----+------------+------------+
    |add_ln81_fu_115_p2   |         +|   0|  0|  18|          11|           1|
    |icmp_ln81_fu_109_p2  |      icmp|   0|  0|  19|          11|          12|
    |ap_block_state1      |        or|   0|  0|   2|           1|           1|
    +---------------------+----------+----+---+----+------------+------------+
    |Total                |          |   0|  0|  39|          23|          14|
    +---------------------+----------+----+---+----+------------+------------+

    * Multiplexer: 
    +----------------------+----+-----------+-----+-----------+
    |         Name         | LUT| Input Size| Bits| Total Bits|
    +----------------------+----+-----------+-----+-----------+
    |ap_NS_fsm             |  31|          6|    1|          6|
    |ap_done               |   9|          2|    1|          2|
    |indvar_flatten_fu_70  |   9|          2|   11|         22|
    |layer22_out_blk_n     |   9|          2|    1|          2|
    |layer23_out_blk_n     |   9|          2|    1|          2|
    |real_start            |   9|          2|    1|          2|
    +----------------------+----+-----------+-----+-----------+
    |Total                 |  76|         16|   16|         36|
    +----------------------+----+-----------+-----+-----------+

    * Register: 
    +---------------------------------------------------------------------------------------------------+----+----+-----+-----------+
    |                                                Name                                               | FF | LUT| Bits| Const Bits|
    +---------------------------------------------------------------------------------------------------+----+----+-----+-----------+
    |ap_CS_fsm                                                                                          |   5|   0|    5|          0|
    |ap_done_reg                                                                                        |   1|   0|    1|          0|
    |data_1_reg_268                                                                                     |  12|   0|   12|          0|
    |data_2_reg_273                                                                                     |  12|   0|   12|          0|
    |data_3_reg_278                                                                                     |  12|   0|   12|          0|
    |data_4_reg_283                                                                                     |  12|   0|   12|          0|
    |data_5_reg_288                                                                                     |  12|   0|   12|          0|
    |data_6_reg_293                                                                                     |  12|   0|   12|          0|
    |data_7_reg_298                                                                                     |  12|   0|   12|          0|
    |data_reg_263                                                                                       |  12|   0|   12|          0|
    |grp_dense_resource_rf_gt_nin_rem0_ap_fixed_ap_fixed_12_6_5_3_0_config36_mult_s_fu_87_ap_start_reg  |   1|   0|    1|          0|
    |indvar_flatten_fu_70                                                                               |  11|   0|   11|          0|
    |res_10_reg_318                                                                                     |  12|   0|   12|          0|
    |res_11_reg_323                                                                                     |  12|   0|   12|          0|
    |res_12_reg_328                                                                                     |  12|   0|   12|          0|
    |res_13_reg_333                                                                                     |  12|   0|   12|          0|
    |res_14_reg_338                                                                                     |  12|   0|   12|          0|
    |res_8_reg_308                                                                                      |  12|   0|   12|          0|
    |res_9_reg_313                                                                                      |  12|   0|   12|          0|
    |res_reg_303                                                                                        |  12|   0|   12|          0|
    |start_once_reg                                                                                     |   1|   0|    1|          0|
    +---------------------------------------------------------------------------------------------------+----+----+-----+-----------+
    |Total                                                                                              | 211|   0|  211|          0|
    +---------------------------------------------------------------------------------------------------+----+----+-----+-----------+



================================================================
== Interface
================================================================
* Summary: 
+----------------------------+-----+-----+------------+---------------------------------------------------------------------+--------------+
|          RTL Ports         | Dir | Bits|  Protocol  |                            Source Object                            |    C Type    |
+----------------------------+-----+-----+------------+---------------------------------------------------------------------+--------------+
|ap_clk                      |   in|    1|  ap_ctrl_hs|  pointwise_conv_2d_cl<array,array<ap_fixed<12,6,5,3,0>,8u>,config36>|  return value|
|ap_rst                      |   in|    1|  ap_ctrl_hs|  pointwise_conv_2d_cl<array,array<ap_fixed<12,6,5,3,0>,8u>,config36>|  return value|
|ap_start                    |   in|    1|  ap_ctrl_hs|  pointwise_conv_2d_cl<array,array<ap_fixed<12,6,5,3,0>,8u>,config36>|  return value|
|start_full_n                |   in|    1|  ap_ctrl_hs|  pointwise_conv_2d_cl<array,array<ap_fixed<12,6,5,3,0>,8u>,config36>|  return value|
|ap_done                     |  out|    1|  ap_ctrl_hs|  pointwise_conv_2d_cl<array,array<ap_fixed<12,6,5,3,0>,8u>,config36>|  return value|
|ap_continue                 |   in|    1|  ap_ctrl_hs|  pointwise_conv_2d_cl<array,array<ap_fixed<12,6,5,3,0>,8u>,config36>|  return value|
|ap_idle                     |  out|    1|  ap_ctrl_hs|  pointwise_conv_2d_cl<array,array<ap_fixed<12,6,5,3,0>,8u>,config36>|  return value|
|ap_ready                    |  out|    1|  ap_ctrl_hs|  pointwise_conv_2d_cl<array,array<ap_fixed<12,6,5,3,0>,8u>,config36>|  return value|
|start_out                   |  out|    1|  ap_ctrl_hs|  pointwise_conv_2d_cl<array,array<ap_fixed<12,6,5,3,0>,8u>,config36>|  return value|
|start_write                 |  out|    1|  ap_ctrl_hs|  pointwise_conv_2d_cl<array,array<ap_fixed<12,6,5,3,0>,8u>,config36>|  return value|
|layer22_out_dout            |   in|   96|     ap_fifo|                                                          layer22_out|       pointer|
|layer22_out_num_data_valid  |   in|   11|     ap_fifo|                                                          layer22_out|       pointer|
|layer22_out_fifo_cap        |   in|   11|     ap_fifo|                                                          layer22_out|       pointer|
|layer22_out_empty_n         |   in|    1|     ap_fifo|                                                          layer22_out|       pointer|
|layer22_out_read            |  out|    1|     ap_fifo|                                                          layer22_out|       pointer|
|layer23_out_din             |  out|   96|     ap_fifo|                                                          layer23_out|       pointer|
|layer23_out_num_data_valid  |   in|   11|     ap_fifo|                                                          layer23_out|       pointer|
|layer23_out_fifo_cap        |   in|   11|     ap_fifo|                                                          layer23_out|       pointer|
|layer23_out_full_n          |   in|    1|     ap_fifo|                                                          layer23_out|       pointer|
|layer23_out_write           |  out|    1|     ap_fifo|                                                          layer23_out|       pointer|
+----------------------------+-----+-----+------------+---------------------------------------------------------------------+--------------+

============================================================
+ Verbose Summary: Synthesis Manager
============================================================
InlineROM: 1
ExposeGlobal: 0
============================================================
+ Verbose Summary: CDFG Model
============================================================
IsTopModel: 0
ResetActiveHigh: 1
IsCombinational: 2
IsDatapathOnly: 0
HasWiredReturn: 1
HasMFsm: 0
HasVarLatency: 1
IsPipeline: 0
IsRtlPipelined: 0
IsInstanceOverlapped: 0
IsDontTouch: 0
HasImplIP: 0
IsGatedGlobalClock: 0


============================================================
+ Verbose Summary: Schedule
============================================================
* Number of FSM states : 5
* Pipeline : 0
* Dataflow Pipeline: 0

* FSM state transitions: 
1 --> 2 
2 --> 3 
3 --> 4 
4 --> 5 
5 --> 2 

* FSM state operations: 

State 1 <SV = 0> <Delay = 0.53>
ST_1 : Operation 6 [1/1] (0.00ns)   --->   "%indvar_flatten = alloca i32 1"   --->   Operation 6 'alloca' 'indvar_flatten' <Predicate = true> <Delay = 0.00>
ST_1 : Operation 7 [1/1] (0.00ns)   --->   "%specinterface_ln0 = specinterface void @_ssdm_op_SpecInterface, i96 %layer23_out, void @empty_13, i32 0, i32 0, void @empty_8, i32 0, i32 0, void @empty_8, void @empty_8, void @empty_8, i32 0, i32 0, i32 0, i32 0, void @empty_8, void @empty_8, i32 4294967295, i32 0"   --->   Operation 7 'specinterface' 'specinterface_ln0' <Predicate = true> <Delay = 0.00>
ST_1 : Operation 8 [1/1] (0.00ns)   --->   "%specinterface_ln0 = specinterface void @_ssdm_op_SpecInterface, i96 %layer22_out, void @empty_13, i32 0, i32 0, void @empty_8, i32 0, i32 0, void @empty_8, void @empty_8, void @empty_8, i32 0, i32 0, i32 0, i32 0, void @empty_8, void @empty_8, i32 4294967295, i32 0"   --->   Operation 8 'specinterface' 'specinterface_ln0' <Predicate = true> <Delay = 0.00>
ST_1 : Operation 9 [1/1] (0.53ns)   --->   "%store_ln0 = store i11 0, i11 %indvar_flatten"   --->   Operation 9 'store' 'store_ln0' <Predicate = true> <Delay = 0.53>
ST_1 : Operation 10 [1/1] (0.00ns)   --->   "%br_ln81 = br void %if.then29" [firmware/nnet_utils/nnet_sepconv2d_stream.h:81]   --->   Operation 10 'br' 'br_ln81' <Predicate = true> <Delay = 0.00>

State 2 <SV = 1> <Delay = 1.87>
ST_2 : Operation 11 [1/1] (0.00ns)   --->   "%indvar_flatten_load = load i11 %indvar_flatten" [firmware/nnet_utils/nnet_sepconv2d_stream.h:81]   --->   Operation 11 'load' 'indvar_flatten_load' <Predicate = true> <Delay = 0.00>
ST_2 : Operation 12 [1/1] (1.33ns)   --->   "%icmp_ln81 = icmp_eq  i11 %indvar_flatten_load, i11 1024" [firmware/nnet_utils/nnet_sepconv2d_stream.h:81]   --->   Operation 12 'icmp' 'icmp_ln81' <Predicate = true> <Delay = 1.33> <CoreInst = "Cmp">   --->   Core 9 'Cmp' <Latency = 0> <II = 1> <Delay = 1.35> <FuncUnit> <Opcode : 'icmp'> <InPorts = 2> <OutPorts = 1>
ST_2 : Operation 13 [1/1] (1.33ns)   --->   "%add_ln81 = add i11 %indvar_flatten_load, i11 1" [firmware/nnet_utils/nnet_sepconv2d_stream.h:81]   --->   Operation 13 'add' 'add_ln81' <Predicate = true> <Delay = 1.33> <CoreInst = "Adder">   --->   Core 1 'Adder' <Latency = 0> <II = 1> <Delay = 1.33> <FuncUnit> <Opcode : 'add' 'sub'> <InPorts = 2> <OutPorts = 1>
ST_2 : Operation 14 [1/1] (0.00ns)   --->   "%br_ln81 = br i1 %icmp_ln81, void %for.inc37, void %if.end40" [firmware/nnet_utils/nnet_sepconv2d_stream.h:81]   --->   Operation 14 'br' 'br_ln81' <Predicate = true> <Delay = 0.00>
ST_2 : Operation 15 [1/1] (0.53ns)   --->   "%store_ln81 = store i11 %add_ln81, i11 %indvar_flatten" [firmware/nnet_utils/nnet_sepconv2d_stream.h:81]   --->   Operation 15 'store' 'store_ln81' <Predicate = (!icmp_ln81)> <Delay = 0.53>
ST_2 : Operation 16 [1/1] (0.00ns)   --->   "%ret_ln93 = ret" [firmware/nnet_utils/nnet_sepconv2d_stream.h:93]   --->   Operation 16 'ret' 'ret_ln93' <Predicate = (icmp_ln81)> <Delay = 0.00>

State 3 <SV = 2> <Delay = 3.20>
ST_3 : Operation 17 [1/1] (1.82ns)   --->   "%layer22_out_read = read i96 @_ssdm_op_Read.ap_fifo.volatile.i96P0A, i96 %layer22_out" [firmware/nnet_utils/nnet_sepconv2d_stream.h:86]   --->   Operation 17 'read' 'layer22_out_read' <Predicate = true> <Delay = 1.82> <CoreInst = "FIFO">   --->   Core 78 'FIFO' <Latency = 0> <II = 1> <Delay = 2.16> <Storage> <Opcode : 'read' 'write' 'nbread' 'nbwrite'> <Ports = 0> <Width = 96> <Depth = 1024> <FIFO>
ST_3 : Operation 18 [1/1] (0.00ns)   --->   "%data = trunc i96 %layer22_out_read" [firmware/nnet_utils/nnet_sepconv2d_stream.h:86]   --->   Operation 18 'trunc' 'data' <Predicate = true> <Delay = 0.00>
ST_3 : Operation 19 [1/1] (0.00ns)   --->   "%data_1 = partselect i12 @_ssdm_op_PartSelect.i12.i96.i32.i32, i96 %layer22_out_read, i32 12, i32 23" [firmware/nnet_utils/nnet_sepconv2d_stream.h:86]   --->   Operation 19 'partselect' 'data_1' <Predicate = true> <Delay = 0.00>
ST_3 : Operation 20 [1/1] (0.00ns)   --->   "%data_2 = partselect i12 @_ssdm_op_PartSelect.i12.i96.i32.i32, i96 %layer22_out_read, i32 24, i32 35" [firmware/nnet_utils/nnet_sepconv2d_stream.h:86]   --->   Operation 20 'partselect' 'data_2' <Predicate = true> <Delay = 0.00>
ST_3 : Operation 21 [1/1] (0.00ns)   --->   "%data_3 = partselect i12 @_ssdm_op_PartSelect.i12.i96.i32.i32, i96 %layer22_out_read, i32 36, i32 47" [firmware/nnet_utils/nnet_sepconv2d_stream.h:86]   --->   Operation 21 'partselect' 'data_3' <Predicate = true> <Delay = 0.00>
ST_3 : Operation 22 [1/1] (0.00ns)   --->   "%data_4 = partselect i12 @_ssdm_op_PartSelect.i12.i96.i32.i32, i96 %layer22_out_read, i32 48, i32 59" [firmware/nnet_utils/nnet_sepconv2d_stream.h:86]   --->   Operation 22 'partselect' 'data_4' <Predicate = true> <Delay = 0.00>
ST_3 : Operation 23 [1/1] (0.00ns)   --->   "%data_5 = partselect i12 @_ssdm_op_PartSelect.i12.i96.i32.i32, i96 %layer22_out_read, i32 60, i32 71" [firmware/nnet_utils/nnet_sepconv2d_stream.h:86]   --->   Operation 23 'partselect' 'data_5' <Predicate = true> <Delay = 0.00>
ST_3 : Operation 24 [1/1] (0.00ns)   --->   "%data_6 = partselect i12 @_ssdm_op_PartSelect.i12.i96.i32.i32, i96 %layer22_out_read, i32 72, i32 83" [firmware/nnet_utils/nnet_sepconv2d_stream.h:86]   --->   Operation 24 'partselect' 'data_6' <Predicate = true> <Delay = 0.00>
ST_3 : Operation 25 [1/1] (0.00ns)   --->   "%data_7 = partselect i12 @_ssdm_op_PartSelect.i12.i96.i32.i32, i96 %layer22_out_read, i32 84, i32 95" [firmware/nnet_utils/nnet_sepconv2d_stream.h:86]   --->   Operation 25 'partselect' 'data_7' <Predicate = true> <Delay = 0.00>
ST_3 : Operation 26 [2/2] (1.37ns)   --->   "%call_ret = call i96 @dense_resource_rf_gt_nin_rem0<ap_fixed,ap_fixed<12,6,5,3,0>,config36_mult>, i12 %data, i12 %data_1, i12 %data_2, i12 %data_3, i12 %data_4, i12 %data_5, i12 %data_6, i12 %data_7, i1 %outidx" [firmware/nnet_utils/nnet_dense.h:76->firmware/nnet_utils/nnet_sepconv_stream.h:104->firmware/nnet_utils/nnet_sepconv2d_stream.h:86]   --->   Operation 26 'call' 'call_ret' <Predicate = true> <Delay = 1.37> <CoreType = "Generic">   --->   Core 0 '' <Latency = 0> <II = 1> <Delay = 1.00> <Generic> <Opcode : >

State 4 <SV = 3> <Delay = 3.46>
ST_4 : Operation 27 [1/2] (3.46ns)   --->   "%call_ret = call i96 @dense_resource_rf_gt_nin_rem0<ap_fixed,ap_fixed<12,6,5,3,0>,config36_mult>, i12 %data, i12 %data_1, i12 %data_2, i12 %data_3, i12 %data_4, i12 %data_5, i12 %data_6, i12 %data_7, i1 %outidx" [firmware/nnet_utils/nnet_dense.h:76->firmware/nnet_utils/nnet_sepconv_stream.h:104->firmware/nnet_utils/nnet_sepconv2d_stream.h:86]   --->   Operation 27 'call' 'call_ret' <Predicate = true> <Delay = 3.46> <CoreType = "Generic">   --->   Core 0 '' <Latency = 0> <II = 1> <Delay = 1.00> <Generic> <Opcode : >
ST_4 : Operation 28 [1/1] (0.00ns)   --->   "%res = extractvalue i96 %call_ret" [firmware/nnet_utils/nnet_dense.h:76->firmware/nnet_utils/nnet_sepconv_stream.h:104->firmware/nnet_utils/nnet_sepconv2d_stream.h:86]   --->   Operation 28 'extractvalue' 'res' <Predicate = true> <Delay = 0.00>
ST_4 : Operation 29 [1/1] (0.00ns)   --->   "%res_8 = extractvalue i96 %call_ret" [firmware/nnet_utils/nnet_dense.h:76->firmware/nnet_utils/nnet_sepconv_stream.h:104->firmware/nnet_utils/nnet_sepconv2d_stream.h:86]   --->   Operation 29 'extractvalue' 'res_8' <Predicate = true> <Delay = 0.00>
ST_4 : Operation 30 [1/1] (0.00ns)   --->   "%res_9 = extractvalue i96 %call_ret" [firmware/nnet_utils/nnet_dense.h:76->firmware/nnet_utils/nnet_sepconv_stream.h:104->firmware/nnet_utils/nnet_sepconv2d_stream.h:86]   --->   Operation 30 'extractvalue' 'res_9' <Predicate = true> <Delay = 0.00>
ST_4 : Operation 31 [1/1] (0.00ns)   --->   "%res_10 = extractvalue i96 %call_ret" [firmware/nnet_utils/nnet_dense.h:76->firmware/nnet_utils/nnet_sepconv_stream.h:104->firmware/nnet_utils/nnet_sepconv2d_stream.h:86]   --->   Operation 31 'extractvalue' 'res_10' <Predicate = true> <Delay = 0.00>
ST_4 : Operation 32 [1/1] (0.00ns)   --->   "%res_11 = extractvalue i96 %call_ret" [firmware/nnet_utils/nnet_dense.h:76->firmware/nnet_utils/nnet_sepconv_stream.h:104->firmware/nnet_utils/nnet_sepconv2d_stream.h:86]   --->   Operation 32 'extractvalue' 'res_11' <Predicate = true> <Delay = 0.00>
ST_4 : Operation 33 [1/1] (0.00ns)   --->   "%res_12 = extractvalue i96 %call_ret" [firmware/nnet_utils/nnet_dense.h:76->firmware/nnet_utils/nnet_sepconv_stream.h:104->firmware/nnet_utils/nnet_sepconv2d_stream.h:86]   --->   Operation 33 'extractvalue' 'res_12' <Predicate = true> <Delay = 0.00>
ST_4 : Operation 34 [1/1] (0.00ns)   --->   "%res_13 = extractvalue i96 %call_ret" [firmware/nnet_utils/nnet_dense.h:76->firmware/nnet_utils/nnet_sepconv_stream.h:104->firmware/nnet_utils/nnet_sepconv2d_stream.h:86]   --->   Operation 34 'extractvalue' 'res_13' <Predicate = true> <Delay = 0.00>
ST_4 : Operation 35 [1/1] (0.00ns)   --->   "%res_14 = extractvalue i96 %call_ret" [firmware/nnet_utils/nnet_dense.h:76->firmware/nnet_utils/nnet_sepconv_stream.h:104->firmware/nnet_utils/nnet_sepconv2d_stream.h:86]   --->   Operation 35 'extractvalue' 'res_14' <Predicate = true> <Delay = 0.00>

State 5 <SV = 4> <Delay = 1.82>
ST_5 : Operation 36 [1/1] (0.00ns)   --->   "%specloopname_ln0 = specloopname void @_ssdm_op_SpecLoopName, void @ReadInputHeightSerial_ReadInputWidthSerial_str"   --->   Operation 36 'specloopname' 'specloopname_ln0' <Predicate = true> <Delay = 0.00>
ST_5 : Operation 37 [1/1] (0.00ns)   --->   "%speclooptripcount_ln0 = speclooptripcount void @_ssdm_op_SpecLoopTripCount, i64 1024, i64 1024, i64 1024"   --->   Operation 37 'speclooptripcount' 'speclooptripcount_ln0' <Predicate = true> <Delay = 0.00>
ST_5 : Operation 38 [1/1] (0.00ns)   --->   "%or_ln113_s = bitconcatenate i96 @_ssdm_op_BitConcatenate.i96.i12.i12.i12.i12.i12.i12.i12.i12, i12 %res_14, i12 %res_13, i12 %res_12, i12 %res_11, i12 %res_10, i12 %res_9, i12 %res_8, i12 %res" [firmware/nnet_utils/nnet_sepconv_stream.h:113->firmware/nnet_utils/nnet_sepconv2d_stream.h:86]   --->   Operation 38 'bitconcatenate' 'or_ln113_s' <Predicate = true> <Delay = 0.00>
ST_5 : Operation 39 [1/1] (1.82ns)   --->   "%write_ln113 = write void @_ssdm_op_Write.ap_fifo.volatile.i96P0A, i96 %layer23_out, i96 %or_ln113_s" [firmware/nnet_utils/nnet_sepconv_stream.h:113->firmware/nnet_utils/nnet_sepconv2d_stream.h:86]   --->   Operation 39 'write' 'write_ln113' <Predicate = true> <Delay = 1.82> <CoreInst = "FIFO">   --->   Core 78 'FIFO' <Latency = 0> <II = 1> <Delay = 2.16> <Storage> <Opcode : 'read' 'write' 'nbread' 'nbwrite'> <Ports = 0> <Width = 96> <Depth = 1024> <FIFO>
ST_5 : Operation 40 [1/1] (0.00ns)   --->   "%br_ln83 = br void %if.then29" [firmware/nnet_utils/nnet_sepconv2d_stream.h:83]   --->   Operation 40 'br' 'br_ln83' <Predicate = true> <Delay = 0.00>


============================================================
+ Verbose Summary: Binding
============================================================
STG Binding: 
---------------- STG Properties BEGIN ----------------
- Is combinational: 0
- Is one-state seq: 0
- Is datapath-only: 0
- Is pipelined: 0
- Is top level: 0
Port [ Return ] is wired: 1; IO mode=ap_ctrl_hs:ce=0
Port [ layer22_out]:  wired=1; compound=1; hidden=0; nouse=0; global=0; static=0; extern=0; dir=0; type=3; pingpong=0; private_global=0; IO mode=ap_fifo:ce=0
Port [ layer23_out]:  wired=1; compound=1; hidden=0; nouse=0; global=0; static=0; extern=0; dir=1; type=3; pingpong=0; private_global=0; IO mode=ap_fifo:ce=0
Port [ outidx]:  wired=0; compound=1; hidden=1; nouse=1; global=1; static=1; extern=0; dir=0; type=1; pingpong=0; private_global=0; MemPort=[1]; IO mode=ap_memory:ce=0
---------------- STG Properties END ------------------

---------------- Datapath Model BEGIN ----------------

<LifeTime>
<method=bitvector/>
indvar_flatten        (alloca           ) [ 011111]
specinterface_ln0     (specinterface    ) [ 000000]
specinterface_ln0     (specinterface    ) [ 000000]
store_ln0             (store            ) [ 000000]
br_ln81               (br               ) [ 000000]
indvar_flatten_load   (load             ) [ 000000]
icmp_ln81             (icmp             ) [ 001111]
add_ln81              (add              ) [ 000000]
br_ln81               (br               ) [ 000000]
store_ln81            (store            ) [ 000000]
ret_ln93              (ret              ) [ 000000]
layer22_out_read      (read             ) [ 000000]
data                  (trunc            ) [ 000010]
data_1                (partselect       ) [ 000010]
data_2                (partselect       ) [ 000010]
data_3                (partselect       ) [ 000010]
data_4                (partselect       ) [ 000010]
data_5                (partselect       ) [ 000010]
data_6                (partselect       ) [ 000010]
data_7                (partselect       ) [ 000010]
call_ret              (call             ) [ 000000]
res                   (extractvalue     ) [ 000001]
res_8                 (extractvalue     ) [ 000001]
res_9                 (extractvalue     ) [ 000001]
res_10                (extractvalue     ) [ 000001]
res_11                (extractvalue     ) [ 000001]
res_12                (extractvalue     ) [ 000001]
res_13                (extractvalue     ) [ 000001]
res_14                (extractvalue     ) [ 000001]
specloopname_ln0      (specloopname     ) [ 000000]
speclooptripcount_ln0 (speclooptripcount) [ 000000]
or_ln113_s            (bitconcatenate   ) [ 000000]
write_ln113           (write            ) [ 000000]
br_ln83               (br               ) [ 000000]
</LifeTime>

<model>

<comp_list>
<comp id="0" class="1000" name="layer22_out">
<pin_list>
<pin id="1" dir="1" index="0" bw="1" slack="0"/>
</pin_list>
<bind>
<StgValue><ssdm name="layer22_out"/></StgValue>
</bind>
</comp>

<comp id="2" class="1000" name="layer23_out">
<pin_list>
<pin id="3" dir="1" index="0" bw="1" slack="0"/>
</pin_list>
<bind>
<StgValue><ssdm name="layer23_out"/></StgValue>
</bind>
</comp>

<comp id="4" class="1000" name="outidx">
<pin_list>
<pin id="5" dir="1" index="0" bw="1" slack="0"/>
</pin_list>
<bind>
<StgValue><ssdm name="outidx"/><MemPortTyVec>1 </MemPortTyVec>
</StgValue>
</bind>
</comp>

<comp id="6" class="1001" name="const_6">
<pin_list>
<pin id="7" dir="1" index="0" bw="1" slack="0"/>
</pin_list>
<bind>
<StgValue><ssdm name=""/></StgValue>
</bind>
</comp>

<comp id="8" class="1001" name="const_8">
<pin_list>
<pin id="9" dir="1" index="0" bw="1" slack="2147483647"/>
</pin_list>
<bind>
<StgValue><ssdm name="_ssdm_op_SpecInterface"/></StgValue>
</bind>
</comp>

<comp id="10" class="1001" name="const_10">
<pin_list>
<pin id="11" dir="1" index="0" bw="1" slack="2147483647"/>
</pin_list>
<bind>
<StgValue><ssdm name="empty_13"/></StgValue>
</bind>
</comp>

<comp id="12" class="1001" name="const_12">
<pin_list>
<pin id="13" dir="1" index="0" bw="1" slack="2147483647"/>
</pin_list>
<bind>
<StgValue><ssdm name=""/></StgValue>
</bind>
</comp>

<comp id="14" class="1001" name="const_14">
<pin_list>
<pin id="15" dir="1" index="0" bw="1" slack="2147483647"/>
</pin_list>
<bind>
<StgValue><ssdm name="empty_8"/></StgValue>
</bind>
</comp>

<comp id="16" class="1001" name="const_16">
<pin_list>
<pin id="17" dir="1" index="0" bw="1" slack="2147483647"/>
</pin_list>
<bind>
<StgValue><ssdm name=""/></StgValue>
</bind>
</comp>

<comp id="18" class="1001" name="const_18">
<pin_list>
<pin id="19" dir="1" index="0" bw="1" slack="0"/>
</pin_list>
<bind>
<StgValue><ssdm name=""/></StgValue>
</bind>
</comp>

<comp id="20" class="1001" name="const_20">
<pin_list>
<pin id="21" dir="1" index="0" bw="1" slack="0"/>
</pin_list>
<bind>
<StgValue><ssdm name=""/></StgValue>
</bind>
</comp>

<comp id="22" class="1001" name="const_22">
<pin_list>
<pin id="23" dir="1" index="0" bw="1" slack="0"/>
</pin_list>
<bind>
<StgValue><ssdm name=""/></StgValue>
</bind>
</comp>

<comp id="24" class="1001" name="const_24">
<pin_list>
<pin id="25" dir="1" index="0" bw="1" slack="0"/>
</pin_list>
<bind>
<StgValue><ssdm name="_ssdm_op_Read.ap_fifo.volatile.i96P0A"/></StgValue>
</bind>
</comp>

<comp id="26" class="1001" name="const_26">
<pin_list>
<pin id="27" dir="1" index="0" bw="1" slack="0"/>
</pin_list>
<bind>
<StgValue><ssdm name="_ssdm_op_PartSelect.i12.i96.i32.i32"/></StgValue>
</bind>
</comp>

<comp id="28" class="1001" name="const_28">
<pin_list>
<pin id="29" dir="1" index="0" bw="1" slack="0"/>
</pin_list>
<bind>
<StgValue><ssdm name=""/></StgValue>
</bind>
</comp>

<comp id="30" class="1001" name="const_30">
<pin_list>
<pin id="31" dir="1" index="0" bw="1" slack="0"/>
</pin_list>
<bind>
<StgValue><ssdm name=""/></StgValue>
</bind>
</comp>

<comp id="32" class="1001" name="const_32">
<pin_list>
<pin id="33" dir="1" index="0" bw="1" slack="0"/>
</pin_list>
<bind>
<StgValue><ssdm name=""/></StgValue>
</bind>
</comp>

<comp id="34" class="1001" name="const_34">
<pin_list>
<pin id="35" dir="1" index="0" bw="1" slack="0"/>
</pin_list>
<bind>
<StgValue><ssdm name=""/></StgValue>
</bind>
</comp>

<comp id="36" class="1001" name="const_36">
<pin_list>
<pin id="37" dir="1" index="0" bw="1" slack="0"/>
</pin_list>
<bind>
<StgValue><ssdm name=""/></StgValue>
</bind>
</comp>

<comp id="38" class="1001" name="const_38">
<pin_list>
<pin id="39" dir="1" index="0" bw="1" slack="0"/>
</pin_list>
<bind>
<StgValue><ssdm name=""/></StgValue>
</bind>
</comp>

<comp id="40" class="1001" name="const_40">
<pin_list>
<pin id="41" dir="1" index="0" bw="1" slack="0"/>
</pin_list>
<bind>
<StgValue><ssdm name=""/></StgValue>
</bind>
</comp>

<comp id="42" class="1001" name="const_42">
<pin_list>
<pin id="43" dir="1" index="0" bw="1" slack="0"/>
</pin_list>
<bind>
<StgValue><ssdm name=""/></StgValue>
</bind>
</comp>

<comp id="44" class="1001" name="const_44">
<pin_list>
<pin id="45" dir="1" index="0" bw="1" slack="0"/>
</pin_list>
<bind>
<StgValue><ssdm name=""/></StgValue>
</bind>
</comp>

<comp id="46" class="1001" name="const_46">
<pin_list>
<pin id="47" dir="1" index="0" bw="1" slack="0"/>
</pin_list>
<bind>
<StgValue><ssdm name=""/></StgValue>
</bind>
</comp>

<comp id="48" class="1001" name="const_48">
<pin_list>
<pin id="49" dir="1" index="0" bw="1" slack="0"/>
</pin_list>
<bind>
<StgValue><ssdm name=""/></StgValue>
</bind>
</comp>

<comp id="50" class="1001" name="const_50">
<pin_list>
<pin id="51" dir="1" index="0" bw="1" slack="0"/>
</pin_list>
<bind>
<StgValue><ssdm name=""/></StgValue>
</bind>
</comp>

<comp id="52" class="1001" name="const_52">
<pin_list>
<pin id="53" dir="1" index="0" bw="1" slack="0"/>
</pin_list>
<bind>
<StgValue><ssdm name=""/></StgValue>
</bind>
</comp>

<comp id="54" class="1001" name="const_54">
<pin_list>
<pin id="55" dir="1" index="0" bw="1" slack="0"/>
</pin_list>
<bind>
<StgValue><ssdm name=""/></StgValue>
</bind>
</comp>

<comp id="56" class="1001" name="const_56">
<pin_list>
<pin id="57" dir="1" index="0" bw="1" slack="0"/>
</pin_list>
<bind>
<StgValue><ssdm name="dense_resource_rf_gt_nin_rem0<ap_fixed,ap_fixed<12,6,5,3,0>,config36_mult>"/></StgValue>
</bind>
</comp>

<comp id="58" class="1001" name="const_58">
<pin_list>
<pin id="59" dir="1" index="0" bw="1" slack="2147483647"/>
</pin_list>
<bind>
<StgValue><ssdm name="_ssdm_op_SpecLoopName"/></StgValue>
</bind>
</comp>

<comp id="60" class="1001" name="const_60">
<pin_list>
<pin id="61" dir="1" index="0" bw="1" slack="2147483647"/>
</pin_list>
<bind>
<StgValue><ssdm name="ReadInputHeightSerial_ReadInputWidthSerial_str"/></StgValue>
</bind>
</comp>

<comp id="62" class="1001" name="const_62">
<pin_list>
<pin id="63" dir="1" index="0" bw="1" slack="2147483647"/>
</pin_list>
<bind>
<StgValue><ssdm name="_ssdm_op_SpecLoopTripCount"/></StgValue>
</bind>
</comp>

<comp id="64" class="1001" name="const_64">
<pin_list>
<pin id="65" dir="1" index="0" bw="1" slack="2147483647"/>
</pin_list>
<bind>
<StgValue><ssdm name=""/></StgValue>
</bind>
</comp>

<comp id="66" class="1001" name="const_66">
<pin_list>
<pin id="67" dir="1" index="0" bw="1" slack="0"/>
</pin_list>
<bind>
<StgValue><ssdm name="_ssdm_op_BitConcatenate.i96.i12.i12.i12.i12.i12.i12.i12.i12"/></StgValue>
</bind>
</comp>

<comp id="68" class="1001" name="const_68">
<pin_list>
<pin id="69" dir="1" index="0" bw="1" slack="0"/>
</pin_list>
<bind>
<StgValue><ssdm name="_ssdm_op_Write.ap_fifo.volatile.i96P0A"/></StgValue>
</bind>
</comp>

<comp id="70" class="1004" name="indvar_flatten_fu_70">
<pin_list>
<pin id="71" dir="0" index="0" bw="1" slack="0"/>
<pin id="72" dir="1" index="1" bw="11" slack="0"/>
</pin_list>
<bind>
<opcode="alloca(26) " fcode="alloca"/>
<opset="indvar_flatten/1 "/>
</bind>
</comp>

<comp id="74" class="1004" name="layer22_out_read_read_fu_74">
<pin_list>
<pin id="75" dir="0" index="0" bw="96" slack="0"/>
<pin id="76" dir="0" index="1" bw="96" slack="0"/>
<pin id="77" dir="1" index="2" bw="96" slack="0"/>
</pin_list>
<bind>
<opcode="read(1150) " fcode="read"/>
<opset="layer22_out_read/3 "/>
</bind>
</comp>

<comp id="80" class="1004" name="write_ln113_write_fu_80">
<pin_list>
<pin id="81" dir="0" index="0" bw="0" slack="0"/>
<pin id="82" dir="0" index="1" bw="96" slack="0"/>
<pin id="83" dir="0" index="2" bw="96" slack="0"/>
<pin id="84" dir="1" index="3" bw="0" slack="2147483647"/>
</pin_list>
<bind>
<opcode="write(1151) " fcode="write"/>
<opset="write_ln113/5 "/>
</bind>
</comp>

<comp id="87" class="1004" name="grp_dense_resource_rf_gt_nin_rem0_ap_fixed_ap_fixed_12_6_5_3_0_config36_mult_s_fu_87">
<pin_list>
<pin id="88" dir="0" index="0" bw="96" slack="0"/>
<pin id="89" dir="0" index="1" bw="12" slack="0"/>
<pin id="90" dir="0" index="2" bw="12" slack="0"/>
<pin id="91" dir="0" index="3" bw="12" slack="0"/>
<pin id="92" dir="0" index="4" bw="12" slack="0"/>
<pin id="93" dir="0" index="5" bw="12" slack="0"/>
<pin id="94" dir="0" index="6" bw="12" slack="0"/>
<pin id="95" dir="0" index="7" bw="12" slack="0"/>
<pin id="96" dir="0" index="8" bw="12" slack="0"/>
<pin id="97" dir="0" index="9" bw="1" slack="0"/>
<pin id="98" dir="1" index="10" bw="96" slack="0"/>
</pin_list>
<bind>
<opcode="call(48) " fcode="call"/>
<opset="call_ret/3 "/>
</bind>
</comp>

<comp id="101" class="1004" name="store_ln0_store_fu_101">
<pin_list>
<pin id="102" dir="0" index="0" bw="1" slack="0"/>
<pin id="103" dir="0" index="1" bw="11" slack="0"/>
<pin id="104" dir="1" index="2" bw="0" slack="2147483647"/>
</pin_list>
<bind>
<opcode="store(28) " fcode="store"/>
<opset="store_ln0/1 "/>
</bind>
</comp>

<comp id="106" class="1004" name="indvar_flatten_load_load_fu_106">
<pin_list>
<pin id="107" dir="0" index="0" bw="11" slack="1"/>
<pin id="108" dir="1" index="1" bw="11" slack="0"/>
</pin_list>
<bind>
<opcode="load(27) " fcode="load"/>
<opset="indvar_flatten_load/2 "/>
</bind>
</comp>

<comp id="109" class="1004" name="icmp_ln81_fu_109">
<pin_list>
<pin id="110" dir="0" index="0" bw="11" slack="0"/>
<pin id="111" dir="0" index="1" bw="11" slack="0"/>
<pin id="112" dir="1" index="2" bw="1" slack="2147483647"/>
</pin_list>
<bind>
<opcode="icmp(45) " fcode="icmp"/>
<opset="icmp_ln81/2 "/>
</bind>
</comp>

<comp id="115" class="1004" name="add_ln81_fu_115">
<pin_list>
<pin id="116" dir="0" index="0" bw="11" slack="0"/>
<pin id="117" dir="0" index="1" bw="1" slack="0"/>
<pin id="118" dir="1" index="2" bw="11" slack="0"/>
</pin_list>
<bind>
<opcode="add(8) " fcode="add"/>
<opset="add_ln81/2 "/>
</bind>
</comp>

<comp id="121" class="1004" name="store_ln81_store_fu_121">
<pin_list>
<pin id="122" dir="0" index="0" bw="11" slack="0"/>
<pin id="123" dir="0" index="1" bw="11" slack="1"/>
<pin id="124" dir="1" index="2" bw="0" slack="2147483647"/>
</pin_list>
<bind>
<opcode="store(28) " fcode="store"/>
<opset="store_ln81/2 "/>
</bind>
</comp>

<comp id="126" class="1004" name="data_fu_126">
<pin_list>
<pin id="127" dir="0" index="0" bw="96" slack="0"/>
<pin id="128" dir="1" index="1" bw="12" slack="0"/>
</pin_list>
<bind>
<opcode="trunc(33) " fcode="trunc"/>
<opset="data/3 "/>
</bind>
</comp>

<comp id="131" class="1004" name="data_1_fu_131">
<pin_list>
<pin id="132" dir="0" index="0" bw="12" slack="0"/>
<pin id="133" dir="0" index="1" bw="96" slack="0"/>
<pin id="134" dir="0" index="2" bw="5" slack="0"/>
<pin id="135" dir="0" index="3" bw="6" slack="0"/>
<pin id="136" dir="1" index="4" bw="12" slack="0"/>
</pin_list>
<bind>
<opcode="partselect(1002) " fcode="partselect"/>
<opset="data_1/3 "/>
</bind>
</comp>

<comp id="142" class="1004" name="data_2_fu_142">
<pin_list>
<pin id="143" dir="0" index="0" bw="12" slack="0"/>
<pin id="144" dir="0" index="1" bw="96" slack="0"/>
<pin id="145" dir="0" index="2" bw="6" slack="0"/>
<pin id="146" dir="0" index="3" bw="7" slack="0"/>
<pin id="147" dir="1" index="4" bw="12" slack="0"/>
</pin_list>
<bind>
<opcode="partselect(1002) " fcode="partselect"/>
<opset="data_2/3 "/>
</bind>
</comp>

<comp id="153" class="1004" name="data_3_fu_153">
<pin_list>
<pin id="154" dir="0" index="0" bw="12" slack="0"/>
<pin id="155" dir="0" index="1" bw="96" slack="0"/>
<pin id="156" dir="0" index="2" bw="7" slack="0"/>
<pin id="157" dir="0" index="3" bw="7" slack="0"/>
<pin id="158" dir="1" index="4" bw="12" slack="0"/>
</pin_list>
<bind>
<opcode="partselect(1002) " fcode="partselect"/>
<opset="data_3/3 "/>
</bind>
</comp>

<comp id="164" class="1004" name="data_4_fu_164">
<pin_list>
<pin id="165" dir="0" index="0" bw="12" slack="0"/>
<pin id="166" dir="0" index="1" bw="96" slack="0"/>
<pin id="167" dir="0" index="2" bw="7" slack="0"/>
<pin id="168" dir="0" index="3" bw="7" slack="0"/>
<pin id="169" dir="1" index="4" bw="12" slack="0"/>
</pin_list>
<bind>
<opcode="partselect(1002) " fcode="partselect"/>
<opset="data_4/3 "/>
</bind>
</comp>

<comp id="175" class="1004" name="data_5_fu_175">
<pin_list>
<pin id="176" dir="0" index="0" bw="12" slack="0"/>
<pin id="177" dir="0" index="1" bw="96" slack="0"/>
<pin id="178" dir="0" index="2" bw="7" slack="0"/>
<pin id="179" dir="0" index="3" bw="8" slack="0"/>
<pin id="180" dir="1" index="4" bw="12" slack="0"/>
</pin_list>
<bind>
<opcode="partselect(1002) " fcode="partselect"/>
<opset="data_5/3 "/>
</bind>
</comp>

<comp id="186" class="1004" name="data_6_fu_186">
<pin_list>
<pin id="187" dir="0" index="0" bw="12" slack="0"/>
<pin id="188" dir="0" index="1" bw="96" slack="0"/>
<pin id="189" dir="0" index="2" bw="8" slack="0"/>
<pin id="190" dir="0" index="3" bw="8" slack="0"/>
<pin id="191" dir="1" index="4" bw="12" slack="0"/>
</pin_list>
<bind>
<opcode="partselect(1002) " fcode="partselect"/>
<opset="data_6/3 "/>
</bind>
</comp>

<comp id="197" class="1004" name="data_7_fu_197">
<pin_list>
<pin id="198" dir="0" index="0" bw="12" slack="0"/>
<pin id="199" dir="0" index="1" bw="96" slack="0"/>
<pin id="200" dir="0" index="2" bw="8" slack="0"/>
<pin id="201" dir="0" index="3" bw="8" slack="0"/>
<pin id="202" dir="1" index="4" bw="12" slack="0"/>
</pin_list>
<bind>
<opcode="partselect(1002) " fcode="partselect"/>
<opset="data_7/3 "/>
</bind>
</comp>

<comp id="208" class="1004" name="res_fu_208">
<pin_list>
<pin id="209" dir="0" index="0" bw="96" slack="0"/>
<pin id="210" dir="1" index="1" bw="12" slack="1"/>
</pin_list>
<bind>
<opcode="extractvalue(56) " fcode="extractvalue"/>
<opset="res/4 "/>
</bind>
</comp>

<comp id="212" class="1004" name="res_8_fu_212">
<pin_list>
<pin id="213" dir="0" index="0" bw="96" slack="0"/>
<pin id="214" dir="1" index="1" bw="12" slack="1"/>
</pin_list>
<bind>
<opcode="extractvalue(56) " fcode="extractvalue"/>
<opset="res_8/4 "/>
</bind>
</comp>

<comp id="216" class="1004" name="res_9_fu_216">
<pin_list>
<pin id="217" dir="0" index="0" bw="96" slack="0"/>
<pin id="218" dir="1" index="1" bw="12" slack="1"/>
</pin_list>
<bind>
<opcode="extractvalue(56) " fcode="extractvalue"/>
<opset="res_9/4 "/>
</bind>
</comp>

<comp id="220" class="1004" name="res_10_fu_220">
<pin_list>
<pin id="221" dir="0" index="0" bw="96" slack="0"/>
<pin id="222" dir="1" index="1" bw="12" slack="1"/>
</pin_list>
<bind>
<opcode="extractvalue(56) " fcode="extractvalue"/>
<opset="res_10/4 "/>
</bind>
</comp>

<comp id="224" class="1004" name="res_11_fu_224">
<pin_list>
<pin id="225" dir="0" index="0" bw="96" slack="0"/>
<pin id="226" dir="1" index="1" bw="12" slack="1"/>
</pin_list>
<bind>
<opcode="extractvalue(56) " fcode="extractvalue"/>
<opset="res_11/4 "/>
</bind>
</comp>

<comp id="228" class="1004" name="res_12_fu_228">
<pin_list>
<pin id="229" dir="0" index="0" bw="96" slack="0"/>
<pin id="230" dir="1" index="1" bw="12" slack="1"/>
</pin_list>
<bind>
<opcode="extractvalue(56) " fcode="extractvalue"/>
<opset="res_12/4 "/>
</bind>
</comp>

<comp id="232" class="1004" name="res_13_fu_232">
<pin_list>
<pin id="233" dir="0" index="0" bw="96" slack="0"/>
<pin id="234" dir="1" index="1" bw="12" slack="1"/>
</pin_list>
<bind>
<opcode="extractvalue(56) " fcode="extractvalue"/>
<opset="res_13/4 "/>
</bind>
</comp>

<comp id="236" class="1004" name="res_14_fu_236">
<pin_list>
<pin id="237" dir="0" index="0" bw="96" slack="0"/>
<pin id="238" dir="1" index="1" bw="12" slack="1"/>
</pin_list>
<bind>
<opcode="extractvalue(56) " fcode="extractvalue"/>
<opset="res_14/4 "/>
</bind>
</comp>

<comp id="240" class="1004" name="or_ln113_s_fu_240">
<pin_list>
<pin id="241" dir="0" index="0" bw="96" slack="0"/>
<pin id="242" dir="0" index="1" bw="12" slack="1"/>
<pin id="243" dir="0" index="2" bw="12" slack="1"/>
<pin id="244" dir="0" index="3" bw="12" slack="1"/>
<pin id="245" dir="0" index="4" bw="12" slack="1"/>
<pin id="246" dir="0" index="5" bw="12" slack="1"/>
<pin id="247" dir="0" index="6" bw="12" slack="1"/>
<pin id="248" dir="0" index="7" bw="12" slack="1"/>
<pin id="249" dir="0" index="8" bw="12" slack="1"/>
<pin id="250" dir="1" index="9" bw="96" slack="0"/>
</pin_list>
<bind>
<opcode="bitconcatenate(1004) " fcode="bitconcatenate"/>
<opset="or_ln113_s/5 "/>
</bind>
</comp>

<comp id="253" class="1005" name="indvar_flatten_reg_253">
<pin_list>
<pin id="254" dir="0" index="0" bw="11" slack="0"/>
<pin id="255" dir="1" index="1" bw="11" slack="0"/>
</pin_list>
<bind>
<opset="indvar_flatten "/>
</bind>
</comp>

<comp id="263" class="1005" name="data_reg_263">
<pin_list>
<pin id="264" dir="0" index="0" bw="12" slack="1"/>
<pin id="265" dir="1" index="1" bw="12" slack="1"/>
</pin_list>
<bind>
<opset="data "/>
</bind>
</comp>

<comp id="268" class="1005" name="data_1_reg_268">
<pin_list>
<pin id="269" dir="0" index="0" bw="12" slack="1"/>
<pin id="270" dir="1" index="1" bw="12" slack="1"/>
</pin_list>
<bind>
<opset="data_1 "/>
</bind>
</comp>

<comp id="273" class="1005" name="data_2_reg_273">
<pin_list>
<pin id="274" dir="0" index="0" bw="12" slack="1"/>
<pin id="275" dir="1" index="1" bw="12" slack="1"/>
</pin_list>
<bind>
<opset="data_2 "/>
</bind>
</comp>

<comp id="278" class="1005" name="data_3_reg_278">
<pin_list>
<pin id="279" dir="0" index="0" bw="12" slack="1"/>
<pin id="280" dir="1" index="1" bw="12" slack="1"/>
</pin_list>
<bind>
<opset="data_3 "/>
</bind>
</comp>

<comp id="283" class="1005" name="data_4_reg_283">
<pin_list>
<pin id="284" dir="0" index="0" bw="12" slack="1"/>
<pin id="285" dir="1" index="1" bw="12" slack="1"/>
</pin_list>
<bind>
<opset="data_4 "/>
</bind>
</comp>

<comp id="288" class="1005" name="data_5_reg_288">
<pin_list>
<pin id="289" dir="0" index="0" bw="12" slack="1"/>
<pin id="290" dir="1" index="1" bw="12" slack="1"/>
</pin_list>
<bind>
<opset="data_5 "/>
</bind>
</comp>

<comp id="293" class="1005" name="data_6_reg_293">
<pin_list>
<pin id="294" dir="0" index="0" bw="12" slack="1"/>
<pin id="295" dir="1" index="1" bw="12" slack="1"/>
</pin_list>
<bind>
<opset="data_6 "/>
</bind>
</comp>

<comp id="298" class="1005" name="data_7_reg_298">
<pin_list>
<pin id="299" dir="0" index="0" bw="12" slack="1"/>
<pin id="300" dir="1" index="1" bw="12" slack="1"/>
</pin_list>
<bind>
<opset="data_7 "/>
</bind>
</comp>

<comp id="303" class="1005" name="res_reg_303">
<pin_list>
<pin id="304" dir="0" index="0" bw="12" slack="1"/>
<pin id="305" dir="1" index="1" bw="12" slack="1"/>
</pin_list>
<bind>
<opset="res "/>
</bind>
</comp>

<comp id="308" class="1005" name="res_8_reg_308">
<pin_list>
<pin id="309" dir="0" index="0" bw="12" slack="1"/>
<pin id="310" dir="1" index="1" bw="12" slack="1"/>
</pin_list>
<bind>
<opset="res_8 "/>
</bind>
</comp>

<comp id="313" class="1005" name="res_9_reg_313">
<pin_list>
<pin id="314" dir="0" index="0" bw="12" slack="1"/>
<pin id="315" dir="1" index="1" bw="12" slack="1"/>
</pin_list>
<bind>
<opset="res_9 "/>
</bind>
</comp>

<comp id="318" class="1005" name="res_10_reg_318">
<pin_list>
<pin id="319" dir="0" index="0" bw="12" slack="1"/>
<pin id="320" dir="1" index="1" bw="12" slack="1"/>
</pin_list>
<bind>
<opset="res_10 "/>
</bind>
</comp>

<comp id="323" class="1005" name="res_11_reg_323">
<pin_list>
<pin id="324" dir="0" index="0" bw="12" slack="1"/>
<pin id="325" dir="1" index="1" bw="12" slack="1"/>
</pin_list>
<bind>
<opset="res_11 "/>
</bind>
</comp>

<comp id="328" class="1005" name="res_12_reg_328">
<pin_list>
<pin id="329" dir="0" index="0" bw="12" slack="1"/>
<pin id="330" dir="1" index="1" bw="12" slack="1"/>
</pin_list>
<bind>
<opset="res_12 "/>
</bind>
</comp>

<comp id="333" class="1005" name="res_13_reg_333">
<pin_list>
<pin id="334" dir="0" index="0" bw="12" slack="1"/>
<pin id="335" dir="1" index="1" bw="12" slack="1"/>
</pin_list>
<bind>
<opset="res_13 "/>
</bind>
</comp>

<comp id="338" class="1005" name="res_14_reg_338">
<pin_list>
<pin id="339" dir="0" index="0" bw="12" slack="1"/>
<pin id="340" dir="1" index="1" bw="12" slack="1"/>
</pin_list>
<bind>
<opset="res_14 "/>
</bind>
</comp>

</comp_list>

<net_list>
<net id="73"><net_src comp="6" pin="0"/><net_sink comp="70" pin=0"/></net>

<net id="78"><net_src comp="24" pin="0"/><net_sink comp="74" pin=0"/></net>

<net id="79"><net_src comp="0" pin="0"/><net_sink comp="74" pin=1"/></net>

<net id="85"><net_src comp="68" pin="0"/><net_sink comp="80" pin=0"/></net>

<net id="86"><net_src comp="2" pin="0"/><net_sink comp="80" pin=1"/></net>

<net id="99"><net_src comp="56" pin="0"/><net_sink comp="87" pin=0"/></net>

<net id="100"><net_src comp="4" pin="0"/><net_sink comp="87" pin=9"/></net>

<net id="105"><net_src comp="18" pin="0"/><net_sink comp="101" pin=0"/></net>

<net id="113"><net_src comp="106" pin="1"/><net_sink comp="109" pin=0"/></net>

<net id="114"><net_src comp="20" pin="0"/><net_sink comp="109" pin=1"/></net>

<net id="119"><net_src comp="106" pin="1"/><net_sink comp="115" pin=0"/></net>

<net id="120"><net_src comp="22" pin="0"/><net_sink comp="115" pin=1"/></net>

<net id="125"><net_src comp="115" pin="2"/><net_sink comp="121" pin=0"/></net>

<net id="129"><net_src comp="74" pin="2"/><net_sink comp="126" pin=0"/></net>

<net id="130"><net_src comp="126" pin="1"/><net_sink comp="87" pin=1"/></net>

<net id="137"><net_src comp="26" pin="0"/><net_sink comp="131" pin=0"/></net>

<net id="138"><net_src comp="74" pin="2"/><net_sink comp="131" pin=1"/></net>

<net id="139"><net_src comp="28" pin="0"/><net_sink comp="131" pin=2"/></net>

<net id="140"><net_src comp="30" pin="0"/><net_sink comp="131" pin=3"/></net>

<net id="141"><net_src comp="131" pin="4"/><net_sink comp="87" pin=2"/></net>

<net id="148"><net_src comp="26" pin="0"/><net_sink comp="142" pin=0"/></net>

<net id="149"><net_src comp="74" pin="2"/><net_sink comp="142" pin=1"/></net>

<net id="150"><net_src comp="32" pin="0"/><net_sink comp="142" pin=2"/></net>

<net id="151"><net_src comp="34" pin="0"/><net_sink comp="142" pin=3"/></net>

<net id="152"><net_src comp="142" pin="4"/><net_sink comp="87" pin=3"/></net>

<net id="159"><net_src comp="26" pin="0"/><net_sink comp="153" pin=0"/></net>

<net id="160"><net_src comp="74" pin="2"/><net_sink comp="153" pin=1"/></net>

<net id="161"><net_src comp="36" pin="0"/><net_sink comp="153" pin=2"/></net>

<net id="162"><net_src comp="38" pin="0"/><net_sink comp="153" pin=3"/></net>

<net id="163"><net_src comp="153" pin="4"/><net_sink comp="87" pin=4"/></net>

<net id="170"><net_src comp="26" pin="0"/><net_sink comp="164" pin=0"/></net>

<net id="171"><net_src comp="74" pin="2"/><net_sink comp="164" pin=1"/></net>

<net id="172"><net_src comp="40" pin="0"/><net_sink comp="164" pin=2"/></net>

<net id="173"><net_src comp="42" pin="0"/><net_sink comp="164" pin=3"/></net>

<net id="174"><net_src comp="164" pin="4"/><net_sink comp="87" pin=5"/></net>

<net id="181"><net_src comp="26" pin="0"/><net_sink comp="175" pin=0"/></net>

<net id="182"><net_src comp="74" pin="2"/><net_sink comp="175" pin=1"/></net>

<net id="183"><net_src comp="44" pin="0"/><net_sink comp="175" pin=2"/></net>

<net id="184"><net_src comp="46" pin="0"/><net_sink comp="175" pin=3"/></net>

<net id="185"><net_src comp="175" pin="4"/><net_sink comp="87" pin=6"/></net>

<net id="192"><net_src comp="26" pin="0"/><net_sink comp="186" pin=0"/></net>

<net id="193"><net_src comp="74" pin="2"/><net_sink comp="186" pin=1"/></net>

<net id="194"><net_src comp="48" pin="0"/><net_sink comp="186" pin=2"/></net>

<net id="195"><net_src comp="50" pin="0"/><net_sink comp="186" pin=3"/></net>

<net id="196"><net_src comp="186" pin="4"/><net_sink comp="87" pin=7"/></net>

<net id="203"><net_src comp="26" pin="0"/><net_sink comp="197" pin=0"/></net>

<net id="204"><net_src comp="74" pin="2"/><net_sink comp="197" pin=1"/></net>

<net id="205"><net_src comp="52" pin="0"/><net_sink comp="197" pin=2"/></net>

<net id="206"><net_src comp="54" pin="0"/><net_sink comp="197" pin=3"/></net>

<net id="207"><net_src comp="197" pin="4"/><net_sink comp="87" pin=8"/></net>

<net id="211"><net_src comp="87" pin="10"/><net_sink comp="208" pin=0"/></net>

<net id="215"><net_src comp="87" pin="10"/><net_sink comp="212" pin=0"/></net>

<net id="219"><net_src comp="87" pin="10"/><net_sink comp="216" pin=0"/></net>

<net id="223"><net_src comp="87" pin="10"/><net_sink comp="220" pin=0"/></net>

<net id="227"><net_src comp="87" pin="10"/><net_sink comp="224" pin=0"/></net>

<net id="231"><net_src comp="87" pin="10"/><net_sink comp="228" pin=0"/></net>

<net id="235"><net_src comp="87" pin="10"/><net_sink comp="232" pin=0"/></net>

<net id="239"><net_src comp="87" pin="10"/><net_sink comp="236" pin=0"/></net>

<net id="251"><net_src comp="66" pin="0"/><net_sink comp="240" pin=0"/></net>

<net id="252"><net_src comp="240" pin="9"/><net_sink comp="80" pin=2"/></net>

<net id="256"><net_src comp="70" pin="1"/><net_sink comp="253" pin=0"/></net>

<net id="257"><net_src comp="253" pin="1"/><net_sink comp="101" pin=1"/></net>

<net id="258"><net_src comp="253" pin="1"/><net_sink comp="106" pin=0"/></net>

<net id="259"><net_src comp="253" pin="1"/><net_sink comp="121" pin=1"/></net>

<net id="266"><net_src comp="126" pin="1"/><net_sink comp="263" pin=0"/></net>

<net id="267"><net_src comp="263" pin="1"/><net_sink comp="87" pin=1"/></net>

<net id="271"><net_src comp="131" pin="4"/><net_sink comp="268" pin=0"/></net>

<net id="272"><net_src comp="268" pin="1"/><net_sink comp="87" pin=2"/></net>

<net id="276"><net_src comp="142" pin="4"/><net_sink comp="273" pin=0"/></net>

<net id="277"><net_src comp="273" pin="1"/><net_sink comp="87" pin=3"/></net>

<net id="281"><net_src comp="153" pin="4"/><net_sink comp="278" pin=0"/></net>

<net id="282"><net_src comp="278" pin="1"/><net_sink comp="87" pin=4"/></net>

<net id="286"><net_src comp="164" pin="4"/><net_sink comp="283" pin=0"/></net>

<net id="287"><net_src comp="283" pin="1"/><net_sink comp="87" pin=5"/></net>

<net id="291"><net_src comp="175" pin="4"/><net_sink comp="288" pin=0"/></net>

<net id="292"><net_src comp="288" pin="1"/><net_sink comp="87" pin=6"/></net>

<net id="296"><net_src comp="186" pin="4"/><net_sink comp="293" pin=0"/></net>

<net id="297"><net_src comp="293" pin="1"/><net_sink comp="87" pin=7"/></net>

<net id="301"><net_src comp="197" pin="4"/><net_sink comp="298" pin=0"/></net>

<net id="302"><net_src comp="298" pin="1"/><net_sink comp="87" pin=8"/></net>

<net id="306"><net_src comp="208" pin="1"/><net_sink comp="303" pin=0"/></net>

<net id="307"><net_src comp="303" pin="1"/><net_sink comp="240" pin=8"/></net>

<net id="311"><net_src comp="212" pin="1"/><net_sink comp="308" pin=0"/></net>

<net id="312"><net_src comp="308" pin="1"/><net_sink comp="240" pin=7"/></net>

<net id="316"><net_src comp="216" pin="1"/><net_sink comp="313" pin=0"/></net>

<net id="317"><net_src comp="313" pin="1"/><net_sink comp="240" pin=6"/></net>

<net id="321"><net_src comp="220" pin="1"/><net_sink comp="318" pin=0"/></net>

<net id="322"><net_src comp="318" pin="1"/><net_sink comp="240" pin=5"/></net>

<net id="326"><net_src comp="224" pin="1"/><net_sink comp="323" pin=0"/></net>

<net id="327"><net_src comp="323" pin="1"/><net_sink comp="240" pin=4"/></net>

<net id="331"><net_src comp="228" pin="1"/><net_sink comp="328" pin=0"/></net>

<net id="332"><net_src comp="328" pin="1"/><net_sink comp="240" pin=3"/></net>

<net id="336"><net_src comp="232" pin="1"/><net_sink comp="333" pin=0"/></net>

<net id="337"><net_src comp="333" pin="1"/><net_sink comp="240" pin=2"/></net>

<net id="341"><net_src comp="236" pin="1"/><net_sink comp="338" pin=0"/></net>

<net id="342"><net_src comp="338" pin="1"/><net_sink comp="240" pin=1"/></net>

</net_list>

</model> 
---------------- Datapath Model END ------------------

* FSMD analyzer results:
  - Output states:
	Port: layer23_out | {5 }
	Port: outidx | {}
 - Input state : 
	Port: pointwise_conv_2d_cl<array,array<ap_fixed<12,6,5,3,0>,8u>,config36> : layer22_out | {3 }
	Port: pointwise_conv_2d_cl<array,array<ap_fixed<12,6,5,3,0>,8u>,config36> : outidx | {3 4 }
  - Chain level:
	State 1
		store_ln0 : 1
	State 2
		icmp_ln81 : 1
		add_ln81 : 1
		br_ln81 : 2
		store_ln81 : 2
	State 3
		call_ret : 1
	State 4
		res : 1
		res_8 : 1
		res_9 : 1
		res_10 : 1
		res_11 : 1
		res_12 : 1
		res_13 : 1
		res_14 : 1
	State 5
		write_ln113 : 1


============================================================
+ Verbose Summary: Datapath Resource usage 
============================================================

* Functional unit list:
|----------|--------------------------------------------------------------------------------------|---------|---------|---------|---------|
| Operation|                                    Functional Unit                                   |   DSP   |  Delay  |    FF   |   LUT   |
|----------|--------------------------------------------------------------------------------------|---------|---------|---------|---------|
|   call   | grp_dense_resource_rf_gt_nin_rem0_ap_fixed_ap_fixed_12_6_5_3_0_config36_mult_s_fu_87 |    4    |  0.538  |   551   |   1031  |
|----------|--------------------------------------------------------------------------------------|---------|---------|---------|---------|
|   icmp   |                                   icmp_ln81_fu_109                                   |    0    |    0    |    0    |    18   |
|----------|--------------------------------------------------------------------------------------|---------|---------|---------|---------|
|    add   |                                    add_ln81_fu_115                                   |    0    |    0    |    0    |    18   |
|----------|--------------------------------------------------------------------------------------|---------|---------|---------|---------|
|   read   |                              layer22_out_read_read_fu_74                             |    0    |    0    |    0    |    0    |
|----------|--------------------------------------------------------------------------------------|---------|---------|---------|---------|
|   write  |                                write_ln113_write_fu_80                               |    0    |    0    |    0    |    0    |
|----------|--------------------------------------------------------------------------------------|---------|---------|---------|---------|
|   trunc  |                                      data_fu_126                                     |    0    |    0    |    0    |    0    |
|----------|--------------------------------------------------------------------------------------|---------|---------|---------|---------|
|          |                                     data_1_fu_131                                    |    0    |    0    |    0    |    0    |
|          |                                     data_2_fu_142                                    |    0    |    0    |    0    |    0    |
|          |                                     data_3_fu_153                                    |    0    |    0    |    0    |    0    |
|partselect|                                     data_4_fu_164                                    |    0    |    0    |    0    |    0    |
|          |                                     data_5_fu_175                                    |    0    |    0    |    0    |    0    |
|          |                                     data_6_fu_186                                    |    0    |    0    |    0    |    0    |
|          |                                     data_7_fu_197                                    |    0    |    0    |    0    |    0    |
|----------|--------------------------------------------------------------------------------------|---------|---------|---------|---------|
|          |                                      res_fu_208                                      |    0    |    0    |    0    |    0    |
|          |                                     res_8_fu_212                                     |    0    |    0    |    0    |    0    |
|          |                                     res_9_fu_216                                     |    0    |    0    |    0    |    0    |
|extractvalue|                                     res_10_fu_220                                    |    0    |    0    |    0    |    0    |
|          |                                     res_11_fu_224                                    |    0    |    0    |    0    |    0    |
|          |                                     res_12_fu_228                                    |    0    |    0    |    0    |    0    |
|          |                                     res_13_fu_232                                    |    0    |    0    |    0    |    0    |
|          |                                     res_14_fu_236                                    |    0    |    0    |    0    |    0    |
|----------|--------------------------------------------------------------------------------------|---------|---------|---------|---------|
|bitconcatenate|                                   or_ln113_s_fu_240                                  |    0    |    0    |    0    |    0    |
|----------|--------------------------------------------------------------------------------------|---------|---------|---------|---------|
|   Total  |                                                                                      |    4    |  0.538  |   551   |   1067  |
|----------|--------------------------------------------------------------------------------------|---------|---------|---------|---------|

Memories:
N/A

* Register list:
+----------------------+--------+
|                      |   FF   |
+----------------------+--------+
|    data_1_reg_268    |   12   |
|    data_2_reg_273    |   12   |
|    data_3_reg_278    |   12   |
|    data_4_reg_283    |   12   |
|    data_5_reg_288    |   12   |
|    data_6_reg_293    |   12   |
|    data_7_reg_298    |   12   |
|     data_reg_263     |   12   |
|indvar_flatten_reg_253|   11   |
|    res_10_reg_318    |   12   |
|    res_11_reg_323    |   12   |
|    res_12_reg_328    |   12   |
|    res_13_reg_333    |   12   |
|    res_14_reg_338    |   12   |
|     res_8_reg_308    |   12   |
|     res_9_reg_313    |   12   |
|      res_reg_303     |   12   |
+----------------------+--------+
|         Total        |   203  |
+----------------------+--------+

* Multiplexer (MUX) list: 
|--------------------------------------------------------------------------------------|------|------|------|--------||---------||---------|
|                                         Comp                                         |  Pin | Size |  BW  | S x BW ||  Delay  ||   LUT   |
|--------------------------------------------------------------------------------------|------|------|------|--------||---------||---------|
| grp_dense_resource_rf_gt_nin_rem0_ap_fixed_ap_fixed_12_6_5_3_0_config36_mult_s_fu_87 |  p1  |   2  |  12  |   24   ||    9    |
| grp_dense_resource_rf_gt_nin_rem0_ap_fixed_ap_fixed_12_6_5_3_0_config36_mult_s_fu_87 |  p2  |   2  |  12  |   24   ||    9    |
| grp_dense_resource_rf_gt_nin_rem0_ap_fixed_ap_fixed_12_6_5_3_0_config36_mult_s_fu_87 |  p3  |   2  |  12  |   24   ||    9    |
| grp_dense_resource_rf_gt_nin_rem0_ap_fixed_ap_fixed_12_6_5_3_0_config36_mult_s_fu_87 |  p4  |   2  |  12  |   24   ||    9    |
| grp_dense_resource_rf_gt_nin_rem0_ap_fixed_ap_fixed_12_6_5_3_0_config36_mult_s_fu_87 |  p5  |   2  |  12  |   24   ||    9    |
| grp_dense_resource_rf_gt_nin_rem0_ap_fixed_ap_fixed_12_6_5_3_0_config36_mult_s_fu_87 |  p6  |   2  |  12  |   24   ||    9    |
| grp_dense_resource_rf_gt_nin_rem0_ap_fixed_ap_fixed_12_6_5_3_0_config36_mult_s_fu_87 |  p7  |   2  |  12  |   24   ||    9    |
| grp_dense_resource_rf_gt_nin_rem0_ap_fixed_ap_fixed_12_6_5_3_0_config36_mult_s_fu_87 |  p8  |   2  |  12  |   24   ||    9    |
|--------------------------------------------------------------------------------------|------|------|------|--------||---------||---------|
|                                         Total                                        |      |      |      |   192  ||  4.304  ||    72   |
|--------------------------------------------------------------------------------------|------|------|------|--------||---------||---------|



* Summary:
+-----------+--------+--------+--------+--------+
|           |   DSP  |  Delay |   FF   |   LUT  |
+-----------+--------+--------+--------+--------+
|  Function |    4   |    0   |   551  |  1067  |
|   Memory  |    -   |    -   |    -   |    -   |
|Multiplexer|    -   |    4   |    -   |   72   |
|  Register |    -   |    -   |   203  |    -   |
+-----------+--------+--------+--------+--------+
|   Total   |    4   |    4   |   754  |  1139  |
+-----------+--------+--------+--------+--------+
