

================================================================
== Vitis HLS Report for 'pointwise_conv_2d_cl_array_array_ap_fixed_16_6_5_3_0_1u_config37_s'
================================================================
* Date:           Thu Apr 23 22:46:37 2026

* Version:        2025.2 (Build 6295257 on Nov 14 2025)
* Project:        folo_prj
* Solution:       solution1 (Vivado IP Flow Target)
* Product family: kintexu
* Target device:  xcku035-fbva676-2-e


================================================================
== Performance Estimates
================================================================
+ Timing: 
    * Summary: 
    +--------+---------+----------+------------+
    |  Clock |  Target | Estimated| Uncertainty|
    +--------+---------+----------+------------+
    |ap_clk  |  5.00 ns|  3.570 ns|     1.35 ns|
    +--------+---------+----------+------------+

+ Latency: 
    * Summary: 
    +---------+---------+----------+----------+------+------+------------------------------------------------+
    |  Latency (cycles) |  Latency (absolute) |   Interval  |                    Pipeline                    |
    |   min   |   max   |    min   |    max   |  min |  max |                      Type                      |
    +---------+---------+----------+----------+------+------+------------------------------------------------+
    |     1028|     1028|  5.140 us|  5.140 us|  1024|  1024|  loop auto-rewind stp (delay=0 clock cycles(s))|
    +---------+---------+----------+----------+------+------+------------------------------------------------+

    + Detail: 
        * Instance: 
        N/A

        * Loop: 
        +----------------------------------+---------+---------+----------+-----------+-----------+------+----------+
        |                                  |  Latency (cycles) | Iteration|  Initiation Interval  | Trip |          |
        |             Loop Name            |   min   |   max   |  Latency |  achieved |   target  | Count| Pipelined|
        +----------------------------------+---------+---------+----------+-----------+-----------+------+----------+
        |- ReadInputHeight_ReadInputWidth  |     1026|     1026|         4|          1|          1|  1024|       yes|
        +----------------------------------+---------+---------+----------+-----------+-----------+------+----------+

============================================================
+ Verbose Summary: Synthesis Manager
============================================================
InlineROM: 1
ExposeGlobal: 0
============================================================
+ Verbose Summary: CDFG Model
============================================================
IsTopModel: 0
ResetActiveHigh: 1
IsCombinational: 2
IsDatapathOnly: 0
HasWiredReturn: 1
HasMFsm: 2
HasVarLatency: 1
IsPipeline: 0
IsRtlPipelined: 0
IsInstanceOverlapped: 0
IsDontTouch: 0
HasImplIP: 0
IsGatedGlobalClock: 0

+ Individual pipeline summary: 
  * Pipeline-0: initiation interval (II) = 1, depth = 4


============================================================
+ Verbose Summary: Schedule
============================================================
* Number of FSM states : 4
* Pipeline : 1
  Pipeline-0 : II = 1, D = 4, States = { 1 2 3 4 }
* Dataflow Pipeline: 0

* FSM state transitions: 
1 --> 2 
2 --> 3 
3 --> 4 
4 --> 

* FSM state operations: 

State 1 <SV = 0> <Delay = 2.39>
ST_1 : Operation 7 [1/1] (0.00ns)   --->   "%indvar_flatten2 = alloca i32 1"   --->   Operation 7 'alloca' 'indvar_flatten2' <Predicate = true> <Delay = 0.00>
ST_1 : Operation 8 [1/1] (0.00ns)   --->   "%specinterface_ln0 = specinterface void @_ssdm_op_SpecInterface, i16 %layer25_out, void @empty_2, i32 0, i32 0, void @empty_1, i32 0, i32 0, void @empty_1, void @empty_1, void @empty_1, i32 0, i32 0, i32 0, i32 0, void @empty_1, void @empty_1, i32 4294967295, i32 0, i32 0, i32 0"   --->   Operation 8 'specinterface' 'specinterface_ln0' <Predicate = true> <Delay = 0.00>
ST_1 : Operation 9 [1/1] (0.00ns)   --->   "%specinterface_ln0 = specinterface void @_ssdm_op_SpecInterface, i128 %layer24_out, void @empty_2, i32 0, i32 0, void @empty_1, i32 0, i32 0, void @empty_1, void @empty_1, void @empty_1, i32 0, i32 0, i32 0, i32 0, void @empty_1, void @empty_1, i32 4294967295, i32 0, i32 0, i32 0"   --->   Operation 9 'specinterface' 'specinterface_ln0' <Predicate = true> <Delay = 0.00>
ST_1 : Operation 10 [1/1] (0.53ns)   --->   "%store_ln0 = store i10 0, i10 %indvar_flatten2"   --->   Operation 10 'store' 'store_ln0' <Predicate = true> <Delay = 0.53>
ST_1 : Operation 11 [1/1] (0.00ns)   --->   "%br_ln0 = br void %for.inc10"   --->   Operation 11 'br' 'br_ln0' <Predicate = true> <Delay = 0.00>
ST_1 : Operation 12 [1/1] (0.00ns)   --->   "%indvar_flatten2_load = load i10 %indvar_flatten2" [firmware/nnet_utils/nnet_sepconv2d_stream.h:67]   --->   Operation 12 'load' 'indvar_flatten2_load' <Predicate = true> <Delay = 0.00>
ST_1 : Operation 13 [1/1] ( I:1.82ns O:1.82ns )   --->   "%layer24_out_read = read i128 @_ssdm_op_Read.ap_fifo.volatile.i128P0A, i128 %layer24_out" [firmware/nnet_utils/nnet_sepconv2d_stream.h:73]   --->   Operation 13 'read' 'layer24_out_read' <Predicate = true> <Delay = 1.82> <CoreInst = "FIFO_SRL">   --->   Core 80 'FIFO_SRL' <Latency = 0> <II = 1> <Delay = 2.26> <Storage> <Opcode : 'read' 'write' 'nbread' 'nbwrite'> <Ports = 0> <Width = 128> <Depth = 2> <FIFO>
ST_1 : Operation 14 [1/1] (0.00ns)   --->   "%data = trunc i128 %layer24_out_read" [firmware/nnet_utils/nnet_sepconv2d_stream.h:73]   --->   Operation 14 'trunc' 'data' <Predicate = true> <Delay = 0.00>
ST_1 : Operation 15 [1/1] (0.00ns)   --->   "%data_16 = partselect i16 @_ssdm_op_PartSelect.i16.i128.i32.i32, i128 %layer24_out_read, i32 16, i32 31" [firmware/nnet_utils/nnet_sepconv2d_stream.h:73]   --->   Operation 15 'partselect' 'data_16' <Predicate = true> <Delay = 0.00>
ST_1 : Operation 16 [1/1] (0.00ns)   --->   "%data_17 = partselect i16 @_ssdm_op_PartSelect.i16.i128.i32.i32, i128 %layer24_out_read, i32 32, i32 47" [firmware/nnet_utils/nnet_sepconv2d_stream.h:73]   --->   Operation 16 'partselect' 'data_17' <Predicate = true> <Delay = 0.00>
ST_1 : Operation 17 [1/1] (0.00ns)   --->   "%data_18 = partselect i16 @_ssdm_op_PartSelect.i16.i128.i32.i32, i128 %layer24_out_read, i32 48, i32 63" [firmware/nnet_utils/nnet_sepconv2d_stream.h:73]   --->   Operation 17 'partselect' 'data_18' <Predicate = true> <Delay = 0.00>
ST_1 : Operation 18 [1/1] (0.00ns)   --->   "%data_19 = partselect i16 @_ssdm_op_PartSelect.i16.i128.i32.i32, i128 %layer24_out_read, i32 64, i32 79" [firmware/nnet_utils/nnet_sepconv2d_stream.h:73]   --->   Operation 18 'partselect' 'data_19' <Predicate = true> <Delay = 0.00>
ST_1 : Operation 19 [1/1] (0.00ns)   --->   "%data_20 = partselect i16 @_ssdm_op_PartSelect.i16.i128.i32.i32, i128 %layer24_out_read, i32 80, i32 95" [firmware/nnet_utils/nnet_sepconv2d_stream.h:73]   --->   Operation 19 'partselect' 'data_20' <Predicate = true> <Delay = 0.00>
ST_1 : Operation 20 [1/1] (0.00ns)   --->   "%data_21 = partselect i16 @_ssdm_op_PartSelect.i16.i128.i32.i32, i128 %layer24_out_read, i32 96, i32 111" [firmware/nnet_utils/nnet_sepconv2d_stream.h:73]   --->   Operation 20 'partselect' 'data_21' <Predicate = true> <Delay = 0.00>
ST_1 : Operation 21 [1/1] (0.00ns)   --->   "%data_22 = partselect i16 @_ssdm_op_PartSelect.i16.i128.i32.i32, i128 %layer24_out_read, i32 112, i32 127" [firmware/nnet_utils/nnet_sepconv2d_stream.h:73]   --->   Operation 21 'partselect' 'data_22' <Predicate = true> <Delay = 0.00>
ST_1 : Operation 22 [1/1] (1.31ns)   --->   "%add_ln67 = add i10 %indvar_flatten2_load, i10 1" [firmware/nnet_utils/nnet_sepconv2d_stream.h:67]   --->   Operation 22 'add' 'add_ln67' <Predicate = true> <Delay = 1.31> <CoreInst = "Adder">   --->   Core 1 'Adder' <Latency = 0> <II = 1> <Delay = 1.31> <FuncUnit> <Opcode : 'add' 'sub'> <InPorts = 2> <OutPorts = 1>
ST_1 : Operation 23 [1/1] (1.31ns)   --->   "%icmp_ln67 = icmp_eq  i10 %indvar_flatten2_load, i10 1023" [firmware/nnet_utils/nnet_sepconv2d_stream.h:67]   --->   Operation 23 'icmp' 'icmp_ln67' <Predicate = true> <Delay = 1.31> <CoreInst = "Cmp">   --->   Core 9 'Cmp' <Latency = 0> <II = 1> <Delay = 1.31> <FuncUnit> <Opcode : 'seteq' 'setne' 'setle' 'setge' 'setlt' 'setgt'> <InPorts = 2> <OutPorts = 1>
ST_1 : Operation 24 [1/1] (0.53ns)   --->   "%store_ln67 = store i10 %add_ln67, i10 %indvar_flatten2" [firmware/nnet_utils/nnet_sepconv2d_stream.h:67]   --->   Operation 24 'store' 'store_ln67' <Predicate = true> <Delay = 0.53>
ST_1 : Operation 25 [1/1] (0.00ns)   --->   "%br_ln67 = br i1 %icmp_ln67, void %for.inc10, void %if.end40" [firmware/nnet_utils/nnet_sepconv2d_stream.h:67]   --->   Operation 25 'br' 'br_ln67' <Predicate = true> <Delay = 0.00>

State 2 <SV = 1> <Delay = 3.57>
ST_2 : Operation 26 [1/1] (0.00ns)   --->   "%sext_ln70 = sext i16 %data" [firmware/nnet_utils/nnet_mult.h:70->firmware/nnet_utils/nnet_dense_latency.h:42->firmware/nnet_utils/nnet_dense.h:54->firmware/nnet_utils/nnet_sepconv_stream.h:104->firmware/nnet_utils/nnet_sepconv2d_stream.h:73]   --->   Operation 26 'sext' 'sext_ln70' <Predicate = true> <Delay = 0.00>
ST_2 : Operation 27 [1/1] (3.57ns)   --->   "%mul_ln73 = mul i26 %sext_ln70, i26 377" [firmware/nnet_utils/nnet_mult.h:73->firmware/nnet_utils/nnet_dense_latency.h:42->firmware/nnet_utils/nnet_dense.h:54->firmware/nnet_utils/nnet_sepconv_stream.h:104->firmware/nnet_utils/nnet_sepconv2d_stream.h:73]   --->   Operation 27 'mul' 'mul_ln73' <Predicate = true> <Delay = 3.57> <CoreInst = "Multiplier">   --->   Core 3 'Multiplier' <Latency = 0> <II = 1> <Delay = 3.57> <FuncUnit> <Opcode : 'mul'> <InPorts = 2> <OutPorts = 1>
ST_2 : Operation 28 [1/1] (0.00ns)   --->   "%trunc_ln = partselect i16 @_ssdm_op_PartSelect.i16.i26.i32.i32, i26 %mul_ln73, i32 10, i32 25" [firmware/nnet_utils/nnet_dense_latency.h:42->firmware/nnet_utils/nnet_dense.h:54->firmware/nnet_utils/nnet_sepconv_stream.h:104->firmware/nnet_utils/nnet_sepconv2d_stream.h:73]   --->   Operation 28 'partselect' 'trunc_ln' <Predicate = true> <Delay = 0.00>
ST_2 : Operation 29 [1/1] (0.00ns)   --->   "%sext_ln70_19 = sext i16 %data_16" [firmware/nnet_utils/nnet_mult.h:70->firmware/nnet_utils/nnet_dense_latency.h:42->firmware/nnet_utils/nnet_dense.h:54->firmware/nnet_utils/nnet_sepconv_stream.h:104->firmware/nnet_utils/nnet_sepconv2d_stream.h:73]   --->   Operation 29 'sext' 'sext_ln70_19' <Predicate = true> <Delay = 0.00>
ST_2 : Operation 30 [1/1] (3.57ns)   --->   "%mul_ln73_34 = mul i26 %sext_ln70_19, i26 280" [firmware/nnet_utils/nnet_mult.h:73->firmware/nnet_utils/nnet_dense_latency.h:42->firmware/nnet_utils/nnet_dense.h:54->firmware/nnet_utils/nnet_sepconv_stream.h:104->firmware/nnet_utils/nnet_sepconv2d_stream.h:73]   --->   Operation 30 'mul' 'mul_ln73_34' <Predicate = true> <Delay = 3.57> <CoreInst = "Multiplier">   --->   Core 3 'Multiplier' <Latency = 0> <II = 1> <Delay = 3.57> <FuncUnit> <Opcode : 'mul'> <InPorts = 2> <OutPorts = 1>
ST_2 : Operation 31 [1/1] (0.00ns)   --->   "%trunc_ln42_s = partselect i16 @_ssdm_op_PartSelect.i16.i26.i32.i32, i26 %mul_ln73_34, i32 10, i32 25" [firmware/nnet_utils/nnet_dense_latency.h:42->firmware/nnet_utils/nnet_dense.h:54->firmware/nnet_utils/nnet_sepconv_stream.h:104->firmware/nnet_utils/nnet_sepconv2d_stream.h:73]   --->   Operation 31 'partselect' 'trunc_ln42_s' <Predicate = true> <Delay = 0.00>
ST_2 : Operation 32 [1/1] (0.00ns)   --->   "%sext_ln42 = sext i16 %data_17" [firmware/nnet_utils/nnet_dense_latency.h:42->firmware/nnet_utils/nnet_dense.h:54->firmware/nnet_utils/nnet_sepconv_stream.h:104->firmware/nnet_utils/nnet_sepconv2d_stream.h:73]   --->   Operation 32 'sext' 'sext_ln42' <Predicate = true> <Delay = 0.00>
ST_2 : Operation 33 [1/1] (3.57ns)   --->   "%mul_ln42 = mul i26 %sext_ln42, i26 67107431" [firmware/nnet_utils/nnet_dense_latency.h:42->firmware/nnet_utils/nnet_dense.h:54->firmware/nnet_utils/nnet_sepconv_stream.h:104->firmware/nnet_utils/nnet_sepconv2d_stream.h:73]   --->   Operation 33 'mul' 'mul_ln42' <Predicate = true> <Delay = 3.57> <CoreInst = "Multiplier">   --->   Core 3 'Multiplier' <Latency = 0> <II = 1> <Delay = 3.57> <FuncUnit> <Opcode : 'mul'> <InPorts = 2> <OutPorts = 1>
ST_2 : Operation 34 [1/1] (0.00ns)   --->   "%trunc_ln42_62 = partselect i16 @_ssdm_op_PartSelect.i16.i26.i32.i32, i26 %mul_ln42, i32 10, i32 25" [firmware/nnet_utils/nnet_dense_latency.h:42->firmware/nnet_utils/nnet_dense.h:54->firmware/nnet_utils/nnet_sepconv_stream.h:104->firmware/nnet_utils/nnet_sepconv2d_stream.h:73]   --->   Operation 34 'partselect' 'trunc_ln42_62' <Predicate = true> <Delay = 0.00>
ST_2 : Operation 35 [1/1] (0.00ns)   --->   "%sext_ln42_16 = sext i16 %data_18" [firmware/nnet_utils/nnet_dense_latency.h:42->firmware/nnet_utils/nnet_dense.h:54->firmware/nnet_utils/nnet_sepconv_stream.h:104->firmware/nnet_utils/nnet_sepconv2d_stream.h:73]   --->   Operation 35 'sext' 'sext_ln42_16' <Predicate = true> <Delay = 0.00>
ST_2 : Operation 36 [1/1] (3.57ns)   --->   "%mul_ln42_22 = mul i26 %sext_ln42_16, i26 67108247" [firmware/nnet_utils/nnet_dense_latency.h:42->firmware/nnet_utils/nnet_dense.h:54->firmware/nnet_utils/nnet_sepconv_stream.h:104->firmware/nnet_utils/nnet_sepconv2d_stream.h:73]   --->   Operation 36 'mul' 'mul_ln42_22' <Predicate = true> <Delay = 3.57> <CoreInst = "Multiplier">   --->   Core 3 'Multiplier' <Latency = 0> <II = 1> <Delay = 3.57> <FuncUnit> <Opcode : 'mul'> <InPorts = 2> <OutPorts = 1>
ST_2 : Operation 37 [1/1] (0.00ns)   --->   "%trunc_ln42_63 = partselect i16 @_ssdm_op_PartSelect.i16.i26.i32.i32, i26 %mul_ln42_22, i32 10, i32 25" [firmware/nnet_utils/nnet_dense_latency.h:42->firmware/nnet_utils/nnet_dense.h:54->firmware/nnet_utils/nnet_sepconv_stream.h:104->firmware/nnet_utils/nnet_sepconv2d_stream.h:73]   --->   Operation 37 'partselect' 'trunc_ln42_63' <Predicate = true> <Delay = 0.00>
ST_2 : Operation 38 [1/1] (0.00ns)   --->   "%sext_ln70_20 = sext i16 %data_19" [firmware/nnet_utils/nnet_mult.h:70->firmware/nnet_utils/nnet_dense_latency.h:42->firmware/nnet_utils/nnet_dense.h:54->firmware/nnet_utils/nnet_sepconv_stream.h:104->firmware/nnet_utils/nnet_sepconv2d_stream.h:73]   --->   Operation 38 'sext' 'sext_ln70_20' <Predicate = true> <Delay = 0.00>
ST_2 : Operation 39 [1/1] (3.57ns)   --->   "%mul_ln73_35 = mul i25 %sext_ln70_20, i25 33554194" [firmware/nnet_utils/nnet_mult.h:73->firmware/nnet_utils/nnet_dense_latency.h:42->firmware/nnet_utils/nnet_dense.h:54->firmware/nnet_utils/nnet_sepconv_stream.h:104->firmware/nnet_utils/nnet_sepconv2d_stream.h:73]   --->   Operation 39 'mul' 'mul_ln73_35' <Predicate = true> <Delay = 3.57> <CoreInst = "Multiplier">   --->   Core 3 'Multiplier' <Latency = 0> <II = 1> <Delay = 3.57> <FuncUnit> <Opcode : 'mul'> <InPorts = 2> <OutPorts = 1>
ST_2 : Operation 40 [1/1] (0.00ns)   --->   "%trunc_ln42_64 = partselect i15 @_ssdm_op_PartSelect.i15.i25.i32.i32, i25 %mul_ln73_35, i32 10, i32 24" [firmware/nnet_utils/nnet_dense_latency.h:42->firmware/nnet_utils/nnet_dense.h:54->firmware/nnet_utils/nnet_sepconv_stream.h:104->firmware/nnet_utils/nnet_sepconv2d_stream.h:73]   --->   Operation 40 'partselect' 'trunc_ln42_64' <Predicate = true> <Delay = 0.00>
ST_2 : Operation 41 [1/1] (0.00ns)   --->   "%sext_ln70_21 = sext i16 %data_20" [firmware/nnet_utils/nnet_mult.h:70->firmware/nnet_utils/nnet_dense_latency.h:42->firmware/nnet_utils/nnet_dense.h:54->firmware/nnet_utils/nnet_sepconv_stream.h:104->firmware/nnet_utils/nnet_sepconv2d_stream.h:73]   --->   Operation 41 'sext' 'sext_ln70_21' <Predicate = true> <Delay = 0.00>
ST_2 : Operation 42 [1/1] (3.57ns)   --->   "%mul_ln73_36 = mul i26 %sext_ln70_21, i26 67108390" [firmware/nnet_utils/nnet_mult.h:73->firmware/nnet_utils/nnet_dense_latency.h:42->firmware/nnet_utils/nnet_dense.h:54->firmware/nnet_utils/nnet_sepconv_stream.h:104->firmware/nnet_utils/nnet_sepconv2d_stream.h:73]   --->   Operation 42 'mul' 'mul_ln73_36' <Predicate = true> <Delay = 3.57> <CoreInst = "Multiplier">   --->   Core 3 'Multiplier' <Latency = 0> <II = 1> <Delay = 3.57> <FuncUnit> <Opcode : 'mul'> <InPorts = 2> <OutPorts = 1>
ST_2 : Operation 43 [1/1] (0.00ns)   --->   "%trunc_ln42_65 = partselect i16 @_ssdm_op_PartSelect.i16.i26.i32.i32, i26 %mul_ln73_36, i32 10, i32 25" [firmware/nnet_utils/nnet_dense_latency.h:42->firmware/nnet_utils/nnet_dense.h:54->firmware/nnet_utils/nnet_sepconv_stream.h:104->firmware/nnet_utils/nnet_sepconv2d_stream.h:73]   --->   Operation 43 'partselect' 'trunc_ln42_65' <Predicate = true> <Delay = 0.00>
ST_2 : Operation 44 [1/1] (0.00ns)   --->   "%sext_ln70_22 = sext i16 %data_21" [firmware/nnet_utils/nnet_mult.h:70->firmware/nnet_utils/nnet_dense_latency.h:42->firmware/nnet_utils/nnet_dense.h:54->firmware/nnet_utils/nnet_sepconv_stream.h:104->firmware/nnet_utils/nnet_sepconv2d_stream.h:73]   --->   Operation 44 'sext' 'sext_ln70_22' <Predicate = true> <Delay = 0.00>
ST_2 : Operation 45 [1/1] (3.57ns)   --->   "%mul_ln73_37 = mul i26 %sext_ln70_22, i26 67108464" [firmware/nnet_utils/nnet_mult.h:73->firmware/nnet_utils/nnet_dense_latency.h:42->firmware/nnet_utils/nnet_dense.h:54->firmware/nnet_utils/nnet_sepconv_stream.h:104->firmware/nnet_utils/nnet_sepconv2d_stream.h:73]   --->   Operation 45 'mul' 'mul_ln73_37' <Predicate = true> <Delay = 3.57> <CoreInst = "Multiplier">   --->   Core 3 'Multiplier' <Latency = 0> <II = 1> <Delay = 3.57> <FuncUnit> <Opcode : 'mul'> <InPorts = 2> <OutPorts = 1>
ST_2 : Operation 46 [1/1] (0.00ns)   --->   "%trunc_ln42_66 = partselect i16 @_ssdm_op_PartSelect.i16.i26.i32.i32, i26 %mul_ln73_37, i32 10, i32 25" [firmware/nnet_utils/nnet_dense_latency.h:42->firmware/nnet_utils/nnet_dense.h:54->firmware/nnet_utils/nnet_sepconv_stream.h:104->firmware/nnet_utils/nnet_sepconv2d_stream.h:73]   --->   Operation 46 'partselect' 'trunc_ln42_66' <Predicate = true> <Delay = 0.00>
ST_2 : Operation 47 [1/1] (0.00ns)   --->   "%sext_ln42_18 = sext i16 %data_22" [firmware/nnet_utils/nnet_dense_latency.h:42->firmware/nnet_utils/nnet_dense.h:54->firmware/nnet_utils/nnet_sepconv_stream.h:104->firmware/nnet_utils/nnet_sepconv2d_stream.h:73]   --->   Operation 47 'sext' 'sext_ln42_18' <Predicate = true> <Delay = 0.00>
ST_2 : Operation 48 [1/1] (3.57ns)   --->   "%mul_ln42_23 = mul i26 %sext_ln42_18, i26 67108219" [firmware/nnet_utils/nnet_dense_latency.h:42->firmware/nnet_utils/nnet_dense.h:54->firmware/nnet_utils/nnet_sepconv_stream.h:104->firmware/nnet_utils/nnet_sepconv2d_stream.h:73]   --->   Operation 48 'mul' 'mul_ln42_23' <Predicate = true> <Delay = 3.57> <CoreInst = "Multiplier">   --->   Core 3 'Multiplier' <Latency = 0> <II = 1> <Delay = 3.57> <FuncUnit> <Opcode : 'mul'> <InPorts = 2> <OutPorts = 1>
ST_2 : Operation 49 [1/1] (0.00ns)   --->   "%trunc_ln42_67 = partselect i16 @_ssdm_op_PartSelect.i16.i26.i32.i32, i26 %mul_ln42_23, i32 10, i32 25" [firmware/nnet_utils/nnet_dense_latency.h:42->firmware/nnet_utils/nnet_dense.h:54->firmware/nnet_utils/nnet_sepconv_stream.h:104->firmware/nnet_utils/nnet_sepconv2d_stream.h:73]   --->   Operation 49 'partselect' 'trunc_ln42_67' <Predicate = true> <Delay = 0.00>

State 3 <SV = 2> <Delay = 2.99>
ST_3 : Operation 50 [1/1] (0.00ns)   --->   "%sext_ln42_17 = sext i15 %trunc_ln42_64" [firmware/nnet_utils/nnet_dense_latency.h:42->firmware/nnet_utils/nnet_dense.h:54->firmware/nnet_utils/nnet_sepconv_stream.h:104->firmware/nnet_utils/nnet_sepconv2d_stream.h:73]   --->   Operation 50 'sext' 'sext_ln42_17' <Predicate = true> <Delay = 0.00>
ST_3 : Operation 51 [1/1] (1.41ns)   --->   "%add_ln58 = add i16 %trunc_ln, i16 %trunc_ln42_s" [firmware/nnet_utils/nnet_dense_latency.h:58->firmware/nnet_utils/nnet_dense.h:54->firmware/nnet_utils/nnet_sepconv_stream.h:104->firmware/nnet_utils/nnet_sepconv2d_stream.h:73]   --->   Operation 51 'add' 'add_ln58' <Predicate = true> <Delay = 1.41> <CoreInst = "Adder">   --->   Core 1 'Adder' <Latency = 0> <II = 1> <Delay = 1.41> <FuncUnit> <Opcode : 'add' 'sub'> <InPorts = 2> <OutPorts = 1>
ST_3 : Operation 52 [1/1] (1.41ns)   --->   "%add_ln58_64 = add i16 %trunc_ln42_62, i16 %trunc_ln42_63" [firmware/nnet_utils/nnet_dense_latency.h:58->firmware/nnet_utils/nnet_dense.h:54->firmware/nnet_utils/nnet_sepconv_stream.h:104->firmware/nnet_utils/nnet_sepconv2d_stream.h:73]   --->   Operation 52 'add' 'add_ln58_64' <Predicate = true> <Delay = 1.41> <CoreInst = "Adder">   --->   Core 1 'Adder' <Latency = 0> <II = 1> <Delay = 1.41> <FuncUnit> <Opcode : 'add' 'sub'> <InPorts = 2> <OutPorts = 1>
ST_3 : Operation 53 [1/1] (0.00ns) (grouped into TernaryAdder)   --->   "%add_ln58_65 = add i16 %add_ln58_64, i16 %add_ln58" [firmware/nnet_utils/nnet_dense_latency.h:58->firmware/nnet_utils/nnet_dense.h:54->firmware/nnet_utils/nnet_sepconv_stream.h:104->firmware/nnet_utils/nnet_sepconv2d_stream.h:73]   --->   Operation 53 'add' 'add_ln58_65' <Predicate = true> <Delay = 0.00> <CoreInst = "TAddSub">   --->   Core 10 'TAddSub' <Latency = 0> <II = 1> <Delay = 0.49> <IPBlock> <Opcode : 'add' 'sub'> <InPorts = 3> <OutPorts = 1> <Sync> <CReg>
ST_3 : Operation 54 [1/1] (0.00ns) (grouped into TernaryAdder)   --->   "%add_ln58_66 = add i16 %trunc_ln42_65, i16 %trunc_ln42_66" [firmware/nnet_utils/nnet_dense_latency.h:58->firmware/nnet_utils/nnet_dense.h:54->firmware/nnet_utils/nnet_sepconv_stream.h:104->firmware/nnet_utils/nnet_sepconv2d_stream.h:73]   --->   Operation 54 'add' 'add_ln58_66' <Predicate = true> <Delay = 0.00> <CoreInst = "TAddSub">   --->   Core 10 'TAddSub' <Latency = 0> <II = 1> <Delay = 0.49> <IPBlock> <Opcode : 'add' 'sub'> <InPorts = 3> <OutPorts = 1> <Sync> <CReg>
ST_3 : Operation 55 [1/1] (0.00ns) (grouped into TernaryAdder)   --->   "%add_ln58_67 = add i16 %sext_ln42_17, i16 65247" [firmware/nnet_utils/nnet_dense_latency.h:58->firmware/nnet_utils/nnet_dense.h:54->firmware/nnet_utils/nnet_sepconv_stream.h:104->firmware/nnet_utils/nnet_sepconv2d_stream.h:73]   --->   Operation 55 'add' 'add_ln58_67' <Predicate = true> <Delay = 0.00> <CoreInst = "TAddSub">   --->   Core 10 'TAddSub' <Latency = 0> <II = 1> <Delay = 0.49> <IPBlock> <Opcode : 'add' 'sub'> <InPorts = 3> <OutPorts = 1> <Sync> <CReg>
ST_3 : Operation 56 [1/1] (0.99ns) (root node of TernaryAdder)   --->   "%add_ln58_68 = add i16 %add_ln58_67, i16 %trunc_ln42_67" [firmware/nnet_utils/nnet_dense_latency.h:58->firmware/nnet_utils/nnet_dense.h:54->firmware/nnet_utils/nnet_sepconv_stream.h:104->firmware/nnet_utils/nnet_sepconv2d_stream.h:73]   --->   Operation 56 'add' 'add_ln58_68' <Predicate = true> <Delay = 0.99> <CoreInst = "TAddSub">   --->   Core 10 'TAddSub' <Latency = 0> <II = 1> <Delay = 0.49> <IPBlock> <Opcode : 'add' 'sub'> <InPorts = 3> <OutPorts = 1> <Sync> <CReg>
ST_3 : Operation 57 [1/1] (0.99ns) (root node of TernaryAdder)   --->   "%add_ln58_69 = add i16 %add_ln58_68, i16 %add_ln58_66" [firmware/nnet_utils/nnet_dense_latency.h:58->firmware/nnet_utils/nnet_dense.h:54->firmware/nnet_utils/nnet_sepconv_stream.h:104->firmware/nnet_utils/nnet_sepconv2d_stream.h:73]   --->   Operation 57 'add' 'add_ln58_69' <Predicate = true> <Delay = 0.99> <CoreInst = "TAddSub">   --->   Core 10 'TAddSub' <Latency = 0> <II = 1> <Delay = 0.49> <IPBlock> <Opcode : 'add' 'sub'> <InPorts = 3> <OutPorts = 1> <Sync> <CReg>
ST_3 : Operation 58 [1/1] (0.99ns) (root node of TernaryAdder)   --->   "%add_ln58_70 = add i16 %add_ln58_69, i16 %add_ln58_65" [firmware/nnet_utils/nnet_dense_latency.h:58->firmware/nnet_utils/nnet_dense.h:54->firmware/nnet_utils/nnet_sepconv_stream.h:104->firmware/nnet_utils/nnet_sepconv2d_stream.h:73]   --->   Operation 58 'add' 'add_ln58_70' <Predicate = true> <Delay = 0.99> <CoreInst = "TAddSub">   --->   Core 10 'TAddSub' <Latency = 0> <II = 1> <Delay = 0.49> <IPBlock> <Opcode : 'add' 'sub'> <InPorts = 3> <OutPorts = 1> <Sync> <CReg>

State 4 <SV = 3> <Delay = 1.82>
ST_4 : Operation 59 [1/1] (0.00ns)   --->   "%specloopname_ln0 = specloopname void @_ssdm_op_SpecLoopName, void @ReadInputHeight_ReadInputWidth_str"   --->   Operation 59 'specloopname' 'specloopname_ln0' <Predicate = true> <Delay = 0.00>
ST_4 : Operation 60 [1/1] (0.00ns)   --->   "%speclooptripcount_ln0 = speclooptripcount void @_ssdm_op_SpecLoopTripCount, i64 1024, i64 1024, i64 1024"   --->   Operation 60 'speclooptripcount' 'speclooptripcount_ln0' <Predicate = true> <Delay = 0.00>
ST_4 : Operation 61 [1/1] (0.00ns)   --->   "%specpipeline_ln71 = specpipeline void @_ssdm_op_SpecPipeline, i32 1, i32 0, i32 0, i32 0, i32 4294967295, void @empty_1" [firmware/nnet_utils/nnet_sepconv2d_stream.h:71]   --->   Operation 61 'specpipeline' 'specpipeline_ln71' <Predicate = true> <Delay = 0.00>
ST_4 : Operation 62 [1/1] (0.00ns)   --->   "%specresourcelimit_ln33 = specresourcelimit void @_ssdm_op_SpecResourceLimit, i64 8, void @empty_3, void @empty_1, void @empty_1, void @empty_1" [firmware/nnet_utils/nnet_dense_latency.h:33->firmware/nnet_utils/nnet_dense.h:54->firmware/nnet_utils/nnet_sepconv_stream.h:104->firmware/nnet_utils/nnet_sepconv2d_stream.h:73]   --->   Operation 62 'specresourcelimit' 'specresourcelimit_ln33' <Predicate = true> <Delay = 0.00>
ST_4 : Operation 63 [1/1] ( I:1.82ns O:1.82ns )   --->   "%write_ln113 = write void @_ssdm_op_Write.ap_fifo.volatile.i16P0A, i16 %layer25_out, i16 %add_ln58_70" [firmware/nnet_utils/nnet_sepconv_stream.h:113->firmware/nnet_utils/nnet_sepconv2d_stream.h:73]   --->   Operation 63 'write' 'write_ln113' <Predicate = true> <Delay = 1.82> <CoreInst = "FIFO_SRL">   --->   Core 80 'FIFO_SRL' <Latency = 0> <II = 1> <Delay = 2.26> <Storage> <Opcode : 'read' 'write' 'nbread' 'nbwrite'> <Ports = 0> <Width = 16> <Depth = 2> <FIFO>
ST_4 : Operation 64 [1/1] (0.53ns)   --->   "%ret_ln93 = ret" [firmware/nnet_utils/nnet_sepconv2d_stream.h:93]   --->   Operation 64 'ret' 'ret_ln93' <Predicate = (icmp_ln67)> <Delay = 0.53>


============================================================
+ Verbose Summary: Timing violations
============================================================
Target clock period: 5.000ns, clock uncertainty: 1.350ns.

 <State 1>: 2.394ns
The critical path consists of the following:
	'store' operation ('store_ln0') of constant 0 10 bit on local variable 'indvar_flatten2' [6]  (0.538 ns)
	'load' operation 10 bit ('indvar_flatten2_load', firmware/nnet_utils/nnet_sepconv2d_stream.h:67) on local variable 'indvar_flatten2' [9]  (0.000 ns)
	'add' operation 10 bit ('add_ln67', firmware/nnet_utils/nnet_sepconv2d_stream.h:67) [57]  (1.319 ns)
	'store' operation ('store_ln67', firmware/nnet_utils/nnet_sepconv2d_stream.h:67) of variable 'add_ln67', firmware/nnet_utils/nnet_sepconv2d_stream.h:67 10 bit on local variable 'indvar_flatten2' [59]  (0.538 ns)

 <State 2>: 3.570ns
The critical path consists of the following:
	'mul' operation 26 bit ('mul_ln73', firmware/nnet_utils/nnet_mult.h:73->firmware/nnet_utils/nnet_dense_latency.h:42->firmware/nnet_utils/nnet_dense.h:54->firmware/nnet_utils/nnet_sepconv_stream.h:104->firmware/nnet_utils/nnet_sepconv2d_stream.h:73) [24]  (3.570 ns)

 <State 3>: 2.997ns
The critical path consists of the following:
	'add' operation 16 bit ('add_ln58_67', firmware/nnet_utils/nnet_dense_latency.h:58->firmware/nnet_utils/nnet_dense.h:54->firmware/nnet_utils/nnet_sepconv_stream.h:104->firmware/nnet_utils/nnet_sepconv2d_stream.h:73) [52]  (0.000 ns)
	'add' operation 16 bit ('add_ln58_68', firmware/nnet_utils/nnet_dense_latency.h:58->firmware/nnet_utils/nnet_dense.h:54->firmware/nnet_utils/nnet_sepconv_stream.h:104->firmware/nnet_utils/nnet_sepconv2d_stream.h:73) [53]  (0.999 ns)
	'add' operation 16 bit ('add_ln58_69', firmware/nnet_utils/nnet_dense_latency.h:58->firmware/nnet_utils/nnet_dense.h:54->firmware/nnet_utils/nnet_sepconv_stream.h:104->firmware/nnet_utils/nnet_sepconv2d_stream.h:73) [54]  (0.999 ns)
	'add' operation 16 bit ('add_ln58_70', firmware/nnet_utils/nnet_dense_latency.h:58->firmware/nnet_utils/nnet_dense.h:54->firmware/nnet_utils/nnet_sepconv_stream.h:104->firmware/nnet_utils/nnet_sepconv2d_stream.h:73) [55]  (0.999 ns)

 <State 4>: 1.825ns
The critical path consists of the following:
	fifo write operation ('write_ln113', firmware/nnet_utils/nnet_sepconv_stream.h:113->firmware/nnet_utils/nnet_sepconv2d_stream.h:73) on port 'layer25_out' (firmware/nnet_utils/nnet_sepconv_stream.h:113->firmware/nnet_utils/nnet_sepconv2d_stream.h:73) [56]  (1.825 ns)


============================================================
+ Verbose Summary: Binding
============================================================
N/A
* FSMD analyzer results:
  - Output states:
 - Input state : 
  - Chain level:
	State 1
	State 2
	State 3
	State 4


============================================================
+ Verbose Summary: Datapath Resource usage 
============================================================
N/A
