

================================================================
== Vitis HLS Report for 'pointwise_conv_2d_cl_array_array_ap_fixed_12_6_5_3_0_1u_config37_s'
================================================================
* Date:           Wed Apr 22 16:02:16 2026

* Version:        2023.2 (Build 4023990 on Oct 11 2023)
* Project:        folo_prj
* Solution:       solution1 (Vivado IP Flow Target)
* Product family: kintexu
* Target device:  xcku035-fbva676-2-e


================================================================
== Performance Estimates
================================================================
+ Timing: 
    * Summary: 
    +--------+---------+----------+------------+
    |  Clock |  Target | Estimated| Uncertainty|
    +--------+---------+----------+------------+
    |ap_clk  |  5.00 ns|  3.434 ns|     1.35 ns|
    +--------+---------+----------+------------+

+ Latency: 
    * Summary: 
    +---------+---------+-----------+-----------+-------+-------+---------+
    |  Latency (cycles) |   Latency (absolute)  |    Interval   | Pipeline|
    |   min   |   max   |    min    |    max    |  min  |  max  |   Type  |
    +---------+---------+-----------+-----------+-------+-------+---------+
    |    12289|    13313|  61.445 us|  66.565 us|  12289|  13313|       no|
    +---------+---------+-----------+-----------+-------+-------+---------+

    + Detail: 
        * Instance: 
        +----------------------------------------------------------------------------------+------------------------------------------------------------------------+---------+---------+-----------+-----------+-----+-----+------------------------------------------+
        |                                                                                  |                                                                        |  Latency (cycles) |   Latency (absolute)  |  Interval |                 Pipeline                 |
        |                                     Instance                                     |                                 Module                                 |   min   |   max   |    min    |    max    | min | max |                   Type                   |
        +----------------------------------------------------------------------------------+------------------------------------------------------------------------+---------+---------+-----------+-----------+-----+-----+------------------------------------------+
        |grp_dense_resource_rf_leq_nin_ap_fixed_ap_fixed_12_6_5_3_0_config37_mult_s_fu_83  |dense_resource_rf_leq_nin_ap_fixed_ap_fixed_12_6_5_3_0_config37_mult_s  |        9|       10|  45.000 ns|  50.000 ns|    8|    8|  loop rewind stp(delay=0 clock cycles(s))|
        +----------------------------------------------------------------------------------+------------------------------------------------------------------------+---------+---------+-----------+-----------+-----+-----+------------------------------------------+

        * Loop: 
        +----------------------------------------------+---------+---------+----------+-----------+-----------+------+----------+
        |                                              |  Latency (cycles) | Iteration|  Initiation Interval  | Trip |          |
        |                   Loop Name                  |   min   |   max   |  Latency |  achieved |   target  | Count| Pipelined|
        +----------------------------------------------+---------+---------+----------+-----------+-----------+------+----------+
        |- ReadInputHeightSerial_ReadInputWidthSerial  |    12288|    13312|   12 ~ 13|          -|          -|  1024|        no|
        +----------------------------------------------+---------+---------+----------+-----------+-----------+------+----------+



================================================================
== Utilization Estimates
================================================================
* Summary: 
+-----------------+---------+------+--------+--------+-----+
|       Name      | BRAM_18K|  DSP |   FF   |   LUT  | URAM|
+-----------------+---------+------+--------+--------+-----+
|DSP              |        -|     -|       -|       -|    -|
|Expression       |        -|     -|       0|      39|    -|
|FIFO             |        -|     -|       -|       -|    -|
|Instance         |        -|     1|     169|     440|    -|
|Memory           |        -|     -|       -|       -|    -|
|Multiplexer      |        -|     -|       -|      71|    -|
|Register         |        -|     -|     114|       -|    -|
+-----------------+---------+------+--------+--------+-----+
|Total            |        0|     1|     283|     550|    0|
+-----------------+---------+------+--------+--------+-----+
|Available        |     1080|  1700|  406256|  203128|    0|
+-----------------+---------+------+--------+--------+-----+
|Utilization (%)  |        0|    ~0|      ~0|      ~0|    0|
+-----------------+---------+------+--------+--------+-----+

+ Detail: 
    * Instance: 
    +----------------------------------------------------------------------------------+------------------------------------------------------------------------+---------+----+-----+-----+-----+
    |                                     Instance                                     |                                 Module                                 | BRAM_18K| DSP|  FF | LUT | URAM|
    +----------------------------------------------------------------------------------+------------------------------------------------------------------------+---------+----+-----+-----+-----+
    |grp_dense_resource_rf_leq_nin_ap_fixed_ap_fixed_12_6_5_3_0_config37_mult_s_fu_83  |dense_resource_rf_leq_nin_ap_fixed_ap_fixed_12_6_5_3_0_config37_mult_s  |        0|   1|  169|  440|    0|
    +----------------------------------------------------------------------------------+------------------------------------------------------------------------+---------+----+-----+-----+-----+
    |Total                                                                             |                                                                        |        0|   1|  169|  440|    0|
    +----------------------------------------------------------------------------------+------------------------------------------------------------------------+---------+----+-----+-----+-----+

    * DSP: 
    N/A

    * Memory: 
    N/A

    * FIFO: 
    N/A

    * Expression: 
    +---------------------+----------+----+---+----+------------+------------+
    |    Variable Name    | Operation| DSP| FF| LUT| Bitwidth P0| Bitwidth P1|
    +---------------------+----------+----+---+----+------------+------------+
    |add_ln81_fu_110_p2   |         +|   0|  0|  18|          11|           1|
    |icmp_ln81_fu_104_p2  |      icmp|   0|  0|  19|          11|          12|
    |ap_block_state1      |        or|   0|  0|   2|           1|           1|
    +---------------------+----------+----+---+----+------------+------------+
    |Total                |          |   0|  0|  39|          23|          14|
    +---------------------+----------+----+---+----+------------+------------+

    * Multiplexer: 
    +----------------------+----+-----------+-----+-----------+
    |         Name         | LUT| Input Size| Bits| Total Bits|
    +----------------------+----+-----------+-----+-----------+
    |ap_NS_fsm             |  26|          5|    1|          5|
    |ap_done               |   9|          2|    1|          2|
    |indvar_flatten_fu_66  |   9|          2|   11|         22|
    |layer24_out_blk_n     |   9|          2|    1|          2|
    |layer25_out_blk_n     |   9|          2|    1|          2|
    |real_start            |   9|          2|    1|          2|
    +----------------------+----+-----------+-----+-----------+
    |Total                 |  71|         15|   16|         35|
    +----------------------+----+-----------+-----+-----------+

    * Register: 
    +-----------------------------------------------------------------------------------------------+----+----+-----+-----------+
    |                                              Name                                             | FF | LUT| Bits| Const Bits|
    +-----------------------------------------------------------------------------------------------+----+----+-----+-----------+
    |ap_CS_fsm                                                                                      |   4|   0|    4|          0|
    |ap_done_reg                                                                                    |   1|   0|    1|          0|
    |data_10_reg_228                                                                                |  12|   0|   12|          0|
    |data_1_reg_233                                                                                 |  12|   0|   12|          0|
    |data_2_reg_238                                                                                 |  12|   0|   12|          0|
    |data_3_reg_243                                                                                 |  12|   0|   12|          0|
    |data_4_reg_248                                                                                 |  12|   0|   12|          0|
    |data_8_reg_218                                                                                 |  12|   0|   12|          0|
    |data_9_reg_223                                                                                 |  12|   0|   12|          0|
    |data_reg_213                                                                                   |  12|   0|   12|          0|
    |grp_dense_resource_rf_leq_nin_ap_fixed_ap_fixed_12_6_5_3_0_config37_mult_s_fu_83_ap_start_reg  |   1|   0|    1|          0|
    |indvar_flatten_fu_66                                                                           |  11|   0|   11|          0|
    |start_once_reg                                                                                 |   1|   0|    1|          0|
    +-----------------------------------------------------------------------------------------------+----+----+-----+-----------+
    |Total                                                                                          | 114|   0|  114|          0|
    +-----------------------------------------------------------------------------------------------+----+----+-----+-----------+



================================================================
== Interface
================================================================
* Summary: 
+----------------------------+-----+-----+------------+---------------------------------------------------------------------+--------------+
|          RTL Ports         | Dir | Bits|  Protocol  |                            Source Object                            |    C Type    |
+----------------------------+-----+-----+------------+---------------------------------------------------------------------+--------------+
|ap_clk                      |   in|    1|  ap_ctrl_hs|  pointwise_conv_2d_cl<array,array<ap_fixed<12,6,5,3,0>,1u>,config37>|  return value|
|ap_rst                      |   in|    1|  ap_ctrl_hs|  pointwise_conv_2d_cl<array,array<ap_fixed<12,6,5,3,0>,1u>,config37>|  return value|
|ap_start                    |   in|    1|  ap_ctrl_hs|  pointwise_conv_2d_cl<array,array<ap_fixed<12,6,5,3,0>,1u>,config37>|  return value|
|start_full_n                |   in|    1|  ap_ctrl_hs|  pointwise_conv_2d_cl<array,array<ap_fixed<12,6,5,3,0>,1u>,config37>|  return value|
|ap_done                     |  out|    1|  ap_ctrl_hs|  pointwise_conv_2d_cl<array,array<ap_fixed<12,6,5,3,0>,1u>,config37>|  return value|
|ap_continue                 |   in|    1|  ap_ctrl_hs|  pointwise_conv_2d_cl<array,array<ap_fixed<12,6,5,3,0>,1u>,config37>|  return value|
|ap_idle                     |  out|    1|  ap_ctrl_hs|  pointwise_conv_2d_cl<array,array<ap_fixed<12,6,5,3,0>,1u>,config37>|  return value|
|ap_ready                    |  out|    1|  ap_ctrl_hs|  pointwise_conv_2d_cl<array,array<ap_fixed<12,6,5,3,0>,1u>,config37>|  return value|
|start_out                   |  out|    1|  ap_ctrl_hs|  pointwise_conv_2d_cl<array,array<ap_fixed<12,6,5,3,0>,1u>,config37>|  return value|
|start_write                 |  out|    1|  ap_ctrl_hs|  pointwise_conv_2d_cl<array,array<ap_fixed<12,6,5,3,0>,1u>,config37>|  return value|
|layer24_out_dout            |   in|   96|     ap_fifo|                                                          layer24_out|       pointer|
|layer24_out_num_data_valid  |   in|   11|     ap_fifo|                                                          layer24_out|       pointer|
|layer24_out_fifo_cap        |   in|   11|     ap_fifo|                                                          layer24_out|       pointer|
|layer24_out_empty_n         |   in|    1|     ap_fifo|                                                          layer24_out|       pointer|
|layer24_out_read            |  out|    1|     ap_fifo|                                                          layer24_out|       pointer|
|layer25_out_din             |  out|   12|     ap_fifo|                                                          layer25_out|       pointer|
|layer25_out_num_data_valid  |   in|   11|     ap_fifo|                                                          layer25_out|       pointer|
|layer25_out_fifo_cap        |   in|   11|     ap_fifo|                                                          layer25_out|       pointer|
|layer25_out_full_n          |   in|    1|     ap_fifo|                                                          layer25_out|       pointer|
|layer25_out_write           |  out|    1|     ap_fifo|                                                          layer25_out|       pointer|
+----------------------------+-----+-----+------------+---------------------------------------------------------------------+--------------+

============================================================
+ Verbose Summary: Synthesis Manager
============================================================
InlineROM: 1
ExposeGlobal: 0
============================================================
+ Verbose Summary: CDFG Model
============================================================
IsTopModel: 0
ResetActiveHigh: 1
IsCombinational: 2
IsDatapathOnly: 0
HasWiredReturn: 1
HasMFsm: 0
HasVarLatency: 1
IsPipeline: 0
IsRtlPipelined: 0
IsInstanceOverlapped: 0
IsDontTouch: 0
HasImplIP: 0
IsGatedGlobalClock: 0


============================================================
+ Verbose Summary: Schedule
============================================================
* Number of FSM states : 4
* Pipeline : 0
* Dataflow Pipeline: 0

* FSM state transitions: 
1 --> 2 
2 --> 3 
3 --> 4 
4 --> 2 

* FSM state operations: 

State 1 <SV = 0> <Delay = 0.53>
ST_1 : Operation 5 [1/1] (0.00ns)   --->   "%indvar_flatten = alloca i32 1"   --->   Operation 5 'alloca' 'indvar_flatten' <Predicate = true> <Delay = 0.00>
ST_1 : Operation 6 [1/1] (0.00ns)   --->   "%specinterface_ln0 = specinterface void @_ssdm_op_SpecInterface, i12 %layer25_out, void @empty_13, i32 0, i32 0, void @empty_8, i32 0, i32 0, void @empty_8, void @empty_8, void @empty_8, i32 0, i32 0, i32 0, i32 0, void @empty_8, void @empty_8, i32 4294967295, i32 0"   --->   Operation 6 'specinterface' 'specinterface_ln0' <Predicate = true> <Delay = 0.00>
ST_1 : Operation 7 [1/1] (0.00ns)   --->   "%specinterface_ln0 = specinterface void @_ssdm_op_SpecInterface, i96 %layer24_out, void @empty_13, i32 0, i32 0, void @empty_8, i32 0, i32 0, void @empty_8, void @empty_8, void @empty_8, i32 0, i32 0, i32 0, i32 0, void @empty_8, void @empty_8, i32 4294967295, i32 0"   --->   Operation 7 'specinterface' 'specinterface_ln0' <Predicate = true> <Delay = 0.00>
ST_1 : Operation 8 [1/1] (0.53ns)   --->   "%store_ln0 = store i11 0, i11 %indvar_flatten"   --->   Operation 8 'store' 'store_ln0' <Predicate = true> <Delay = 0.53>
ST_1 : Operation 9 [1/1] (0.00ns)   --->   "%br_ln81 = br void %if.then29" [firmware/nnet_utils/nnet_sepconv2d_stream.h:81]   --->   Operation 9 'br' 'br_ln81' <Predicate = true> <Delay = 0.00>

State 2 <SV = 1> <Delay = 1.87>
ST_2 : Operation 10 [1/1] (0.00ns)   --->   "%indvar_flatten_load = load i11 %indvar_flatten" [firmware/nnet_utils/nnet_sepconv2d_stream.h:81]   --->   Operation 10 'load' 'indvar_flatten_load' <Predicate = true> <Delay = 0.00>
ST_2 : Operation 11 [1/1] (1.33ns)   --->   "%icmp_ln81 = icmp_eq  i11 %indvar_flatten_load, i11 1024" [firmware/nnet_utils/nnet_sepconv2d_stream.h:81]   --->   Operation 11 'icmp' 'icmp_ln81' <Predicate = true> <Delay = 1.33> <CoreInst = "Cmp">   --->   Core 9 'Cmp' <Latency = 0> <II = 1> <Delay = 1.35> <FuncUnit> <Opcode : 'icmp'> <InPorts = 2> <OutPorts = 1>
ST_2 : Operation 12 [1/1] (1.33ns)   --->   "%add_ln81 = add i11 %indvar_flatten_load, i11 1" [firmware/nnet_utils/nnet_sepconv2d_stream.h:81]   --->   Operation 12 'add' 'add_ln81' <Predicate = true> <Delay = 1.33> <CoreInst = "Adder">   --->   Core 1 'Adder' <Latency = 0> <II = 1> <Delay = 1.33> <FuncUnit> <Opcode : 'add' 'sub'> <InPorts = 2> <OutPorts = 1>
ST_2 : Operation 13 [1/1] (0.00ns)   --->   "%br_ln81 = br i1 %icmp_ln81, void %for.inc37, void %if.end40" [firmware/nnet_utils/nnet_sepconv2d_stream.h:81]   --->   Operation 13 'br' 'br_ln81' <Predicate = true> <Delay = 0.00>
ST_2 : Operation 14 [1/1] (0.53ns)   --->   "%store_ln81 = store i11 %add_ln81, i11 %indvar_flatten" [firmware/nnet_utils/nnet_sepconv2d_stream.h:81]   --->   Operation 14 'store' 'store_ln81' <Predicate = (!icmp_ln81)> <Delay = 0.53>
ST_2 : Operation 15 [1/1] (0.00ns)   --->   "%ret_ln93 = ret" [firmware/nnet_utils/nnet_sepconv2d_stream.h:93]   --->   Operation 15 'ret' 'ret_ln93' <Predicate = (icmp_ln81)> <Delay = 0.00>

State 3 <SV = 2> <Delay = 3.20>
ST_3 : Operation 16 [1/1] (1.82ns)   --->   "%layer24_out_read = read i96 @_ssdm_op_Read.ap_fifo.volatile.i96P0A, i96 %layer24_out" [firmware/nnet_utils/nnet_sepconv2d_stream.h:86]   --->   Operation 16 'read' 'layer24_out_read' <Predicate = true> <Delay = 1.82> <CoreInst = "FIFO">   --->   Core 78 'FIFO' <Latency = 0> <II = 1> <Delay = 2.16> <Storage> <Opcode : 'read' 'write' 'nbread' 'nbwrite'> <Ports = 0> <Width = 96> <Depth = 1024> <FIFO>
ST_3 : Operation 17 [1/1] (0.00ns)   --->   "%data = trunc i96 %layer24_out_read" [firmware/nnet_utils/nnet_sepconv2d_stream.h:86]   --->   Operation 17 'trunc' 'data' <Predicate = true> <Delay = 0.00>
ST_3 : Operation 18 [1/1] (0.00ns)   --->   "%data_8 = partselect i12 @_ssdm_op_PartSelect.i12.i96.i32.i32, i96 %layer24_out_read, i32 12, i32 23" [firmware/nnet_utils/nnet_sepconv2d_stream.h:86]   --->   Operation 18 'partselect' 'data_8' <Predicate = true> <Delay = 0.00>
ST_3 : Operation 19 [1/1] (0.00ns)   --->   "%data_9 = partselect i12 @_ssdm_op_PartSelect.i12.i96.i32.i32, i96 %layer24_out_read, i32 24, i32 35" [firmware/nnet_utils/nnet_sepconv2d_stream.h:86]   --->   Operation 19 'partselect' 'data_9' <Predicate = true> <Delay = 0.00>
ST_3 : Operation 20 [1/1] (0.00ns)   --->   "%data_10 = partselect i12 @_ssdm_op_PartSelect.i12.i96.i32.i32, i96 %layer24_out_read, i32 36, i32 47" [firmware/nnet_utils/nnet_sepconv2d_stream.h:86]   --->   Operation 20 'partselect' 'data_10' <Predicate = true> <Delay = 0.00>
ST_3 : Operation 21 [1/1] (0.00ns)   --->   "%data_1 = partselect i12 @_ssdm_op_PartSelect.i12.i96.i32.i32, i96 %layer24_out_read, i32 48, i32 59" [firmware/nnet_utils/nnet_sepconv2d_stream.h:86]   --->   Operation 21 'partselect' 'data_1' <Predicate = true> <Delay = 0.00>
ST_3 : Operation 22 [1/1] (0.00ns)   --->   "%data_2 = partselect i12 @_ssdm_op_PartSelect.i12.i96.i32.i32, i96 %layer24_out_read, i32 60, i32 71" [firmware/nnet_utils/nnet_sepconv2d_stream.h:86]   --->   Operation 22 'partselect' 'data_2' <Predicate = true> <Delay = 0.00>
ST_3 : Operation 23 [1/1] (0.00ns)   --->   "%data_3 = partselect i12 @_ssdm_op_PartSelect.i12.i96.i32.i32, i96 %layer24_out_read, i32 72, i32 83" [firmware/nnet_utils/nnet_sepconv2d_stream.h:86]   --->   Operation 23 'partselect' 'data_3' <Predicate = true> <Delay = 0.00>
ST_3 : Operation 24 [1/1] (0.00ns)   --->   "%data_4 = partselect i12 @_ssdm_op_PartSelect.i12.i96.i32.i32, i96 %layer24_out_read, i32 84, i32 95" [firmware/nnet_utils/nnet_sepconv2d_stream.h:86]   --->   Operation 24 'partselect' 'data_4' <Predicate = true> <Delay = 0.00>
ST_3 : Operation 25 [2/2] (1.37ns)   --->   "%res = call i12 @dense_resource_rf_leq_nin<ap_fixed,ap_fixed<12,6,5,3,0>,config37_mult>, i12 %data, i12 %data_8, i12 %data_9, i12 %data_10, i12 %data_1, i12 %data_2, i12 %data_3, i12 %data_4" [firmware/nnet_utils/nnet_dense.h:65->firmware/nnet_utils/nnet_sepconv_stream.h:104->firmware/nnet_utils/nnet_sepconv2d_stream.h:86]   --->   Operation 25 'call' 'res' <Predicate = true> <Delay = 1.37> <CoreType = "Generic">   --->   Core 0 '' <Latency = 0> <II = 1> <Delay = 1.00> <Generic> <Opcode : >

State 4 <SV = 3> <Delay = 3.17>
ST_4 : Operation 26 [1/1] (0.00ns)   --->   "%specloopname_ln0 = specloopname void @_ssdm_op_SpecLoopName, void @ReadInputHeightSerial_ReadInputWidthSerial_str"   --->   Operation 26 'specloopname' 'specloopname_ln0' <Predicate = true> <Delay = 0.00>
ST_4 : Operation 27 [1/1] (0.00ns)   --->   "%speclooptripcount_ln0 = speclooptripcount void @_ssdm_op_SpecLoopTripCount, i64 1024, i64 1024, i64 1024"   --->   Operation 27 'speclooptripcount' 'speclooptripcount_ln0' <Predicate = true> <Delay = 0.00>
ST_4 : Operation 28 [1/2] (1.35ns)   --->   "%res = call i12 @dense_resource_rf_leq_nin<ap_fixed,ap_fixed<12,6,5,3,0>,config37_mult>, i12 %data, i12 %data_8, i12 %data_9, i12 %data_10, i12 %data_1, i12 %data_2, i12 %data_3, i12 %data_4" [firmware/nnet_utils/nnet_dense.h:65->firmware/nnet_utils/nnet_sepconv_stream.h:104->firmware/nnet_utils/nnet_sepconv2d_stream.h:86]   --->   Operation 28 'call' 'res' <Predicate = true> <Delay = 1.35> <CoreType = "Generic">   --->   Core 0 '' <Latency = 0> <II = 1> <Delay = 1.00> <Generic> <Opcode : >
ST_4 : Operation 29 [1/1] (1.82ns)   --->   "%write_ln113 = write void @_ssdm_op_Write.ap_fifo.volatile.i12P0A, i12 %layer25_out, i12 %res" [firmware/nnet_utils/nnet_sepconv_stream.h:113->firmware/nnet_utils/nnet_sepconv2d_stream.h:86]   --->   Operation 29 'write' 'write_ln113' <Predicate = true> <Delay = 1.82> <CoreInst = "FIFO">   --->   Core 78 'FIFO' <Latency = 0> <II = 1> <Delay = 2.16> <Storage> <Opcode : 'read' 'write' 'nbread' 'nbwrite'> <Ports = 0> <Width = 12> <Depth = 1024> <FIFO>
ST_4 : Operation 30 [1/1] (0.00ns)   --->   "%br_ln83 = br void %if.then29" [firmware/nnet_utils/nnet_sepconv2d_stream.h:83]   --->   Operation 30 'br' 'br_ln83' <Predicate = true> <Delay = 0.00>


============================================================
+ Verbose Summary: Binding
============================================================
STG Binding: 
---------------- STG Properties BEGIN ----------------
- Is combinational: 0
- Is one-state seq: 0
- Is datapath-only: 0
- Is pipelined: 0
- Is top level: 0
Port [ Return ] is wired: 1; IO mode=ap_ctrl_hs:ce=0
Port [ layer24_out]:  wired=1; compound=1; hidden=0; nouse=0; global=0; static=0; extern=0; dir=0; type=3; pingpong=0; private_global=0; IO mode=ap_fifo:ce=0
Port [ layer25_out]:  wired=1; compound=1; hidden=0; nouse=0; global=0; static=0; extern=0; dir=1; type=3; pingpong=0; private_global=0; IO mode=ap_fifo:ce=0
---------------- STG Properties END ------------------

---------------- Datapath Model BEGIN ----------------

<LifeTime>
<method=bitvector/>
indvar_flatten        (alloca           ) [ 01111]
specinterface_ln0     (specinterface    ) [ 00000]
specinterface_ln0     (specinterface    ) [ 00000]
store_ln0             (store            ) [ 00000]
br_ln81               (br               ) [ 00000]
indvar_flatten_load   (load             ) [ 00000]
icmp_ln81             (icmp             ) [ 00111]
add_ln81              (add              ) [ 00000]
br_ln81               (br               ) [ 00000]
store_ln81            (store            ) [ 00000]
ret_ln93              (ret              ) [ 00000]
layer24_out_read      (read             ) [ 00000]
data                  (trunc            ) [ 00001]
data_8                (partselect       ) [ 00001]
data_9                (partselect       ) [ 00001]
data_10               (partselect       ) [ 00001]
data_1                (partselect       ) [ 00001]
data_2                (partselect       ) [ 00001]
data_3                (partselect       ) [ 00001]
data_4                (partselect       ) [ 00001]
specloopname_ln0      (specloopname     ) [ 00000]
speclooptripcount_ln0 (speclooptripcount) [ 00000]
res                   (call             ) [ 00000]
write_ln113           (write            ) [ 00000]
br_ln83               (br               ) [ 00000]
</LifeTime>

<model>

<comp_list>
<comp id="0" class="1000" name="layer24_out">
<pin_list>
<pin id="1" dir="1" index="0" bw="1" slack="0"/>
</pin_list>
<bind>
<StgValue><ssdm name="layer24_out"/></StgValue>
</bind>
</comp>

<comp id="2" class="1000" name="layer25_out">
<pin_list>
<pin id="3" dir="1" index="0" bw="1" slack="0"/>
</pin_list>
<bind>
<StgValue><ssdm name="layer25_out"/></StgValue>
</bind>
</comp>

<comp id="4" class="1001" name="const_4">
<pin_list>
<pin id="5" dir="1" index="0" bw="1" slack="0"/>
</pin_list>
<bind>
<StgValue><ssdm name=""/></StgValue>
</bind>
</comp>

<comp id="6" class="1001" name="const_6">
<pin_list>
<pin id="7" dir="1" index="0" bw="1" slack="2147483647"/>
</pin_list>
<bind>
<StgValue><ssdm name="_ssdm_op_SpecInterface"/></StgValue>
</bind>
</comp>

<comp id="8" class="1001" name="const_8">
<pin_list>
<pin id="9" dir="1" index="0" bw="1" slack="2147483647"/>
</pin_list>
<bind>
<StgValue><ssdm name="empty_13"/></StgValue>
</bind>
</comp>

<comp id="10" class="1001" name="const_10">
<pin_list>
<pin id="11" dir="1" index="0" bw="1" slack="2147483647"/>
</pin_list>
<bind>
<StgValue><ssdm name=""/></StgValue>
</bind>
</comp>

<comp id="12" class="1001" name="const_12">
<pin_list>
<pin id="13" dir="1" index="0" bw="1" slack="2147483647"/>
</pin_list>
<bind>
<StgValue><ssdm name="empty_8"/></StgValue>
</bind>
</comp>

<comp id="14" class="1001" name="const_14">
<pin_list>
<pin id="15" dir="1" index="0" bw="1" slack="2147483647"/>
</pin_list>
<bind>
<StgValue><ssdm name=""/></StgValue>
</bind>
</comp>

<comp id="16" class="1001" name="const_16">
<pin_list>
<pin id="17" dir="1" index="0" bw="1" slack="0"/>
</pin_list>
<bind>
<StgValue><ssdm name=""/></StgValue>
</bind>
</comp>

<comp id="18" class="1001" name="const_18">
<pin_list>
<pin id="19" dir="1" index="0" bw="1" slack="0"/>
</pin_list>
<bind>
<StgValue><ssdm name=""/></StgValue>
</bind>
</comp>

<comp id="20" class="1001" name="const_20">
<pin_list>
<pin id="21" dir="1" index="0" bw="1" slack="0"/>
</pin_list>
<bind>
<StgValue><ssdm name=""/></StgValue>
</bind>
</comp>

<comp id="22" class="1001" name="const_22">
<pin_list>
<pin id="23" dir="1" index="0" bw="1" slack="0"/>
</pin_list>
<bind>
<StgValue><ssdm name="_ssdm_op_Read.ap_fifo.volatile.i96P0A"/></StgValue>
</bind>
</comp>

<comp id="24" class="1001" name="const_24">
<pin_list>
<pin id="25" dir="1" index="0" bw="1" slack="0"/>
</pin_list>
<bind>
<StgValue><ssdm name="_ssdm_op_PartSelect.i12.i96.i32.i32"/></StgValue>
</bind>
</comp>

<comp id="26" class="1001" name="const_26">
<pin_list>
<pin id="27" dir="1" index="0" bw="1" slack="0"/>
</pin_list>
<bind>
<StgValue><ssdm name=""/></StgValue>
</bind>
</comp>

<comp id="28" class="1001" name="const_28">
<pin_list>
<pin id="29" dir="1" index="0" bw="1" slack="0"/>
</pin_list>
<bind>
<StgValue><ssdm name=""/></StgValue>
</bind>
</comp>

<comp id="30" class="1001" name="const_30">
<pin_list>
<pin id="31" dir="1" index="0" bw="1" slack="0"/>
</pin_list>
<bind>
<StgValue><ssdm name=""/></StgValue>
</bind>
</comp>

<comp id="32" class="1001" name="const_32">
<pin_list>
<pin id="33" dir="1" index="0" bw="1" slack="0"/>
</pin_list>
<bind>
<StgValue><ssdm name=""/></StgValue>
</bind>
</comp>

<comp id="34" class="1001" name="const_34">
<pin_list>
<pin id="35" dir="1" index="0" bw="1" slack="0"/>
</pin_list>
<bind>
<StgValue><ssdm name=""/></StgValue>
</bind>
</comp>

<comp id="36" class="1001" name="const_36">
<pin_list>
<pin id="37" dir="1" index="0" bw="1" slack="0"/>
</pin_list>
<bind>
<StgValue><ssdm name=""/></StgValue>
</bind>
</comp>

<comp id="38" class="1001" name="const_38">
<pin_list>
<pin id="39" dir="1" index="0" bw="1" slack="0"/>
</pin_list>
<bind>
<StgValue><ssdm name=""/></StgValue>
</bind>
</comp>

<comp id="40" class="1001" name="const_40">
<pin_list>
<pin id="41" dir="1" index="0" bw="1" slack="0"/>
</pin_list>
<bind>
<StgValue><ssdm name=""/></StgValue>
</bind>
</comp>

<comp id="42" class="1001" name="const_42">
<pin_list>
<pin id="43" dir="1" index="0" bw="1" slack="0"/>
</pin_list>
<bind>
<StgValue><ssdm name=""/></StgValue>
</bind>
</comp>

<comp id="44" class="1001" name="const_44">
<pin_list>
<pin id="45" dir="1" index="0" bw="1" slack="0"/>
</pin_list>
<bind>
<StgValue><ssdm name=""/></StgValue>
</bind>
</comp>

<comp id="46" class="1001" name="const_46">
<pin_list>
<pin id="47" dir="1" index="0" bw="1" slack="0"/>
</pin_list>
<bind>
<StgValue><ssdm name=""/></StgValue>
</bind>
</comp>

<comp id="48" class="1001" name="const_48">
<pin_list>
<pin id="49" dir="1" index="0" bw="1" slack="0"/>
</pin_list>
<bind>
<StgValue><ssdm name=""/></StgValue>
</bind>
</comp>

<comp id="50" class="1001" name="const_50">
<pin_list>
<pin id="51" dir="1" index="0" bw="1" slack="0"/>
</pin_list>
<bind>
<StgValue><ssdm name=""/></StgValue>
</bind>
</comp>

<comp id="52" class="1001" name="const_52">
<pin_list>
<pin id="53" dir="1" index="0" bw="1" slack="0"/>
</pin_list>
<bind>
<StgValue><ssdm name=""/></StgValue>
</bind>
</comp>

<comp id="54" class="1001" name="const_54">
<pin_list>
<pin id="55" dir="1" index="0" bw="1" slack="0"/>
</pin_list>
<bind>
<StgValue><ssdm name="dense_resource_rf_leq_nin<ap_fixed,ap_fixed<12,6,5,3,0>,config37_mult>"/></StgValue>
</bind>
</comp>

<comp id="56" class="1001" name="const_56">
<pin_list>
<pin id="57" dir="1" index="0" bw="1" slack="2147483647"/>
</pin_list>
<bind>
<StgValue><ssdm name="_ssdm_op_SpecLoopName"/></StgValue>
</bind>
</comp>

<comp id="58" class="1001" name="const_58">
<pin_list>
<pin id="59" dir="1" index="0" bw="1" slack="2147483647"/>
</pin_list>
<bind>
<StgValue><ssdm name="ReadInputHeightSerial_ReadInputWidthSerial_str"/></StgValue>
</bind>
</comp>

<comp id="60" class="1001" name="const_60">
<pin_list>
<pin id="61" dir="1" index="0" bw="1" slack="2147483647"/>
</pin_list>
<bind>
<StgValue><ssdm name="_ssdm_op_SpecLoopTripCount"/></StgValue>
</bind>
</comp>

<comp id="62" class="1001" name="const_62">
<pin_list>
<pin id="63" dir="1" index="0" bw="1" slack="2147483647"/>
</pin_list>
<bind>
<StgValue><ssdm name=""/></StgValue>
</bind>
</comp>

<comp id="64" class="1001" name="const_64">
<pin_list>
<pin id="65" dir="1" index="0" bw="1" slack="0"/>
</pin_list>
<bind>
<StgValue><ssdm name="_ssdm_op_Write.ap_fifo.volatile.i12P0A"/></StgValue>
</bind>
</comp>

<comp id="66" class="1004" name="indvar_flatten_fu_66">
<pin_list>
<pin id="67" dir="0" index="0" bw="1" slack="0"/>
<pin id="68" dir="1" index="1" bw="11" slack="0"/>
</pin_list>
<bind>
<opcode="alloca(26) " fcode="alloca"/>
<opset="indvar_flatten/1 "/>
</bind>
</comp>

<comp id="70" class="1004" name="layer24_out_read_read_fu_70">
<pin_list>
<pin id="71" dir="0" index="0" bw="96" slack="0"/>
<pin id="72" dir="0" index="1" bw="96" slack="0"/>
<pin id="73" dir="1" index="2" bw="96" slack="0"/>
</pin_list>
<bind>
<opcode="read(1150) " fcode="read"/>
<opset="layer24_out_read/3 "/>
</bind>
</comp>

<comp id="76" class="1004" name="write_ln113_write_fu_76">
<pin_list>
<pin id="77" dir="0" index="0" bw="0" slack="0"/>
<pin id="78" dir="0" index="1" bw="12" slack="0"/>
<pin id="79" dir="0" index="2" bw="12" slack="0"/>
<pin id="80" dir="1" index="3" bw="0" slack="2147483647"/>
</pin_list>
<bind>
<opcode="write(1151) " fcode="write"/>
<opset="write_ln113/4 "/>
</bind>
</comp>

<comp id="83" class="1004" name="grp_dense_resource_rf_leq_nin_ap_fixed_ap_fixed_12_6_5_3_0_config37_mult_s_fu_83">
<pin_list>
<pin id="84" dir="0" index="0" bw="12" slack="0"/>
<pin id="85" dir="0" index="1" bw="12" slack="0"/>
<pin id="86" dir="0" index="2" bw="12" slack="0"/>
<pin id="87" dir="0" index="3" bw="12" slack="0"/>
<pin id="88" dir="0" index="4" bw="12" slack="0"/>
<pin id="89" dir="0" index="5" bw="12" slack="0"/>
<pin id="90" dir="0" index="6" bw="12" slack="0"/>
<pin id="91" dir="0" index="7" bw="12" slack="0"/>
<pin id="92" dir="0" index="8" bw="12" slack="0"/>
<pin id="93" dir="1" index="9" bw="12" slack="0"/>
</pin_list>
<bind>
<opcode="call(48) " fcode="call"/>
<opset="res/3 "/>
</bind>
</comp>

<comp id="96" class="1004" name="store_ln0_store_fu_96">
<pin_list>
<pin id="97" dir="0" index="0" bw="1" slack="0"/>
<pin id="98" dir="0" index="1" bw="11" slack="0"/>
<pin id="99" dir="1" index="2" bw="0" slack="2147483647"/>
</pin_list>
<bind>
<opcode="store(28) " fcode="store"/>
<opset="store_ln0/1 "/>
</bind>
</comp>

<comp id="101" class="1004" name="indvar_flatten_load_load_fu_101">
<pin_list>
<pin id="102" dir="0" index="0" bw="11" slack="1"/>
<pin id="103" dir="1" index="1" bw="11" slack="0"/>
</pin_list>
<bind>
<opcode="load(27) " fcode="load"/>
<opset="indvar_flatten_load/2 "/>
</bind>
</comp>

<comp id="104" class="1004" name="icmp_ln81_fu_104">
<pin_list>
<pin id="105" dir="0" index="0" bw="11" slack="0"/>
<pin id="106" dir="0" index="1" bw="11" slack="0"/>
<pin id="107" dir="1" index="2" bw="1" slack="2147483647"/>
</pin_list>
<bind>
<opcode="icmp(45) " fcode="icmp"/>
<opset="icmp_ln81/2 "/>
</bind>
</comp>

<comp id="110" class="1004" name="add_ln81_fu_110">
<pin_list>
<pin id="111" dir="0" index="0" bw="11" slack="0"/>
<pin id="112" dir="0" index="1" bw="1" slack="0"/>
<pin id="113" dir="1" index="2" bw="11" slack="0"/>
</pin_list>
<bind>
<opcode="add(8) " fcode="add"/>
<opset="add_ln81/2 "/>
</bind>
</comp>

<comp id="116" class="1004" name="store_ln81_store_fu_116">
<pin_list>
<pin id="117" dir="0" index="0" bw="11" slack="0"/>
<pin id="118" dir="0" index="1" bw="11" slack="1"/>
<pin id="119" dir="1" index="2" bw="0" slack="2147483647"/>
</pin_list>
<bind>
<opcode="store(28) " fcode="store"/>
<opset="store_ln81/2 "/>
</bind>
</comp>

<comp id="121" class="1004" name="data_fu_121">
<pin_list>
<pin id="122" dir="0" index="0" bw="96" slack="0"/>
<pin id="123" dir="1" index="1" bw="12" slack="0"/>
</pin_list>
<bind>
<opcode="trunc(33) " fcode="trunc"/>
<opset="data/3 "/>
</bind>
</comp>

<comp id="126" class="1004" name="data_8_fu_126">
<pin_list>
<pin id="127" dir="0" index="0" bw="12" slack="0"/>
<pin id="128" dir="0" index="1" bw="96" slack="0"/>
<pin id="129" dir="0" index="2" bw="5" slack="0"/>
<pin id="130" dir="0" index="3" bw="6" slack="0"/>
<pin id="131" dir="1" index="4" bw="12" slack="0"/>
</pin_list>
<bind>
<opcode="partselect(1002) " fcode="partselect"/>
<opset="data_8/3 "/>
</bind>
</comp>

<comp id="137" class="1004" name="data_9_fu_137">
<pin_list>
<pin id="138" dir="0" index="0" bw="12" slack="0"/>
<pin id="139" dir="0" index="1" bw="96" slack="0"/>
<pin id="140" dir="0" index="2" bw="6" slack="0"/>
<pin id="141" dir="0" index="3" bw="7" slack="0"/>
<pin id="142" dir="1" index="4" bw="12" slack="0"/>
</pin_list>
<bind>
<opcode="partselect(1002) " fcode="partselect"/>
<opset="data_9/3 "/>
</bind>
</comp>

<comp id="148" class="1004" name="data_10_fu_148">
<pin_list>
<pin id="149" dir="0" index="0" bw="12" slack="0"/>
<pin id="150" dir="0" index="1" bw="96" slack="0"/>
<pin id="151" dir="0" index="2" bw="7" slack="0"/>
<pin id="152" dir="0" index="3" bw="7" slack="0"/>
<pin id="153" dir="1" index="4" bw="12" slack="0"/>
</pin_list>
<bind>
<opcode="partselect(1002) " fcode="partselect"/>
<opset="data_10/3 "/>
</bind>
</comp>

<comp id="159" class="1004" name="data_1_fu_159">
<pin_list>
<pin id="160" dir="0" index="0" bw="12" slack="0"/>
<pin id="161" dir="0" index="1" bw="96" slack="0"/>
<pin id="162" dir="0" index="2" bw="7" slack="0"/>
<pin id="163" dir="0" index="3" bw="7" slack="0"/>
<pin id="164" dir="1" index="4" bw="12" slack="0"/>
</pin_list>
<bind>
<opcode="partselect(1002) " fcode="partselect"/>
<opset="data_1/3 "/>
</bind>
</comp>

<comp id="170" class="1004" name="data_2_fu_170">
<pin_list>
<pin id="171" dir="0" index="0" bw="12" slack="0"/>
<pin id="172" dir="0" index="1" bw="96" slack="0"/>
<pin id="173" dir="0" index="2" bw="7" slack="0"/>
<pin id="174" dir="0" index="3" bw="8" slack="0"/>
<pin id="175" dir="1" index="4" bw="12" slack="0"/>
</pin_list>
<bind>
<opcode="partselect(1002) " fcode="partselect"/>
<opset="data_2/3 "/>
</bind>
</comp>

<comp id="181" class="1004" name="data_3_fu_181">
<pin_list>
<pin id="182" dir="0" index="0" bw="12" slack="0"/>
<pin id="183" dir="0" index="1" bw="96" slack="0"/>
<pin id="184" dir="0" index="2" bw="8" slack="0"/>
<pin id="185" dir="0" index="3" bw="8" slack="0"/>
<pin id="186" dir="1" index="4" bw="12" slack="0"/>
</pin_list>
<bind>
<opcode="partselect(1002) " fcode="partselect"/>
<opset="data_3/3 "/>
</bind>
</comp>

<comp id="192" class="1004" name="data_4_fu_192">
<pin_list>
<pin id="193" dir="0" index="0" bw="12" slack="0"/>
<pin id="194" dir="0" index="1" bw="96" slack="0"/>
<pin id="195" dir="0" index="2" bw="8" slack="0"/>
<pin id="196" dir="0" index="3" bw="8" slack="0"/>
<pin id="197" dir="1" index="4" bw="12" slack="0"/>
</pin_list>
<bind>
<opcode="partselect(1002) " fcode="partselect"/>
<opset="data_4/3 "/>
</bind>
</comp>

<comp id="203" class="1005" name="indvar_flatten_reg_203">
<pin_list>
<pin id="204" dir="0" index="0" bw="11" slack="0"/>
<pin id="205" dir="1" index="1" bw="11" slack="0"/>
</pin_list>
<bind>
<opset="indvar_flatten "/>
</bind>
</comp>

<comp id="213" class="1005" name="data_reg_213">
<pin_list>
<pin id="214" dir="0" index="0" bw="12" slack="1"/>
<pin id="215" dir="1" index="1" bw="12" slack="1"/>
</pin_list>
<bind>
<opset="data "/>
</bind>
</comp>

<comp id="218" class="1005" name="data_8_reg_218">
<pin_list>
<pin id="219" dir="0" index="0" bw="12" slack="1"/>
<pin id="220" dir="1" index="1" bw="12" slack="1"/>
</pin_list>
<bind>
<opset="data_8 "/>
</bind>
</comp>

<comp id="223" class="1005" name="data_9_reg_223">
<pin_list>
<pin id="224" dir="0" index="0" bw="12" slack="1"/>
<pin id="225" dir="1" index="1" bw="12" slack="1"/>
</pin_list>
<bind>
<opset="data_9 "/>
</bind>
</comp>

<comp id="228" class="1005" name="data_10_reg_228">
<pin_list>
<pin id="229" dir="0" index="0" bw="12" slack="1"/>
<pin id="230" dir="1" index="1" bw="12" slack="1"/>
</pin_list>
<bind>
<opset="data_10 "/>
</bind>
</comp>

<comp id="233" class="1005" name="data_1_reg_233">
<pin_list>
<pin id="234" dir="0" index="0" bw="12" slack="1"/>
<pin id="235" dir="1" index="1" bw="12" slack="1"/>
</pin_list>
<bind>
<opset="data_1 "/>
</bind>
</comp>

<comp id="238" class="1005" name="data_2_reg_238">
<pin_list>
<pin id="239" dir="0" index="0" bw="12" slack="1"/>
<pin id="240" dir="1" index="1" bw="12" slack="1"/>
</pin_list>
<bind>
<opset="data_2 "/>
</bind>
</comp>

<comp id="243" class="1005" name="data_3_reg_243">
<pin_list>
<pin id="244" dir="0" index="0" bw="12" slack="1"/>
<pin id="245" dir="1" index="1" bw="12" slack="1"/>
</pin_list>
<bind>
<opset="data_3 "/>
</bind>
</comp>

<comp id="248" class="1005" name="data_4_reg_248">
<pin_list>
<pin id="249" dir="0" index="0" bw="12" slack="1"/>
<pin id="250" dir="1" index="1" bw="12" slack="1"/>
</pin_list>
<bind>
<opset="data_4 "/>
</bind>
</comp>

</comp_list>

<net_list>
<net id="69"><net_src comp="4" pin="0"/><net_sink comp="66" pin=0"/></net>

<net id="74"><net_src comp="22" pin="0"/><net_sink comp="70" pin=0"/></net>

<net id="75"><net_src comp="0" pin="0"/><net_sink comp="70" pin=1"/></net>

<net id="81"><net_src comp="64" pin="0"/><net_sink comp="76" pin=0"/></net>

<net id="82"><net_src comp="2" pin="0"/><net_sink comp="76" pin=1"/></net>

<net id="94"><net_src comp="83" pin="9"/><net_sink comp="76" pin=2"/></net>

<net id="95"><net_src comp="54" pin="0"/><net_sink comp="83" pin=0"/></net>

<net id="100"><net_src comp="16" pin="0"/><net_sink comp="96" pin=0"/></net>

<net id="108"><net_src comp="101" pin="1"/><net_sink comp="104" pin=0"/></net>

<net id="109"><net_src comp="18" pin="0"/><net_sink comp="104" pin=1"/></net>

<net id="114"><net_src comp="101" pin="1"/><net_sink comp="110" pin=0"/></net>

<net id="115"><net_src comp="20" pin="0"/><net_sink comp="110" pin=1"/></net>

<net id="120"><net_src comp="110" pin="2"/><net_sink comp="116" pin=0"/></net>

<net id="124"><net_src comp="70" pin="2"/><net_sink comp="121" pin=0"/></net>

<net id="125"><net_src comp="121" pin="1"/><net_sink comp="83" pin=1"/></net>

<net id="132"><net_src comp="24" pin="0"/><net_sink comp="126" pin=0"/></net>

<net id="133"><net_src comp="70" pin="2"/><net_sink comp="126" pin=1"/></net>

<net id="134"><net_src comp="26" pin="0"/><net_sink comp="126" pin=2"/></net>

<net id="135"><net_src comp="28" pin="0"/><net_sink comp="126" pin=3"/></net>

<net id="136"><net_src comp="126" pin="4"/><net_sink comp="83" pin=2"/></net>

<net id="143"><net_src comp="24" pin="0"/><net_sink comp="137" pin=0"/></net>

<net id="144"><net_src comp="70" pin="2"/><net_sink comp="137" pin=1"/></net>

<net id="145"><net_src comp="30" pin="0"/><net_sink comp="137" pin=2"/></net>

<net id="146"><net_src comp="32" pin="0"/><net_sink comp="137" pin=3"/></net>

<net id="147"><net_src comp="137" pin="4"/><net_sink comp="83" pin=3"/></net>

<net id="154"><net_src comp="24" pin="0"/><net_sink comp="148" pin=0"/></net>

<net id="155"><net_src comp="70" pin="2"/><net_sink comp="148" pin=1"/></net>

<net id="156"><net_src comp="34" pin="0"/><net_sink comp="148" pin=2"/></net>

<net id="157"><net_src comp="36" pin="0"/><net_sink comp="148" pin=3"/></net>

<net id="158"><net_src comp="148" pin="4"/><net_sink comp="83" pin=4"/></net>

<net id="165"><net_src comp="24" pin="0"/><net_sink comp="159" pin=0"/></net>

<net id="166"><net_src comp="70" pin="2"/><net_sink comp="159" pin=1"/></net>

<net id="167"><net_src comp="38" pin="0"/><net_sink comp="159" pin=2"/></net>

<net id="168"><net_src comp="40" pin="0"/><net_sink comp="159" pin=3"/></net>

<net id="169"><net_src comp="159" pin="4"/><net_sink comp="83" pin=5"/></net>

<net id="176"><net_src comp="24" pin="0"/><net_sink comp="170" pin=0"/></net>

<net id="177"><net_src comp="70" pin="2"/><net_sink comp="170" pin=1"/></net>

<net id="178"><net_src comp="42" pin="0"/><net_sink comp="170" pin=2"/></net>

<net id="179"><net_src comp="44" pin="0"/><net_sink comp="170" pin=3"/></net>

<net id="180"><net_src comp="170" pin="4"/><net_sink comp="83" pin=6"/></net>

<net id="187"><net_src comp="24" pin="0"/><net_sink comp="181" pin=0"/></net>

<net id="188"><net_src comp="70" pin="2"/><net_sink comp="181" pin=1"/></net>

<net id="189"><net_src comp="46" pin="0"/><net_sink comp="181" pin=2"/></net>

<net id="190"><net_src comp="48" pin="0"/><net_sink comp="181" pin=3"/></net>

<net id="191"><net_src comp="181" pin="4"/><net_sink comp="83" pin=7"/></net>

<net id="198"><net_src comp="24" pin="0"/><net_sink comp="192" pin=0"/></net>

<net id="199"><net_src comp="70" pin="2"/><net_sink comp="192" pin=1"/></net>

<net id="200"><net_src comp="50" pin="0"/><net_sink comp="192" pin=2"/></net>

<net id="201"><net_src comp="52" pin="0"/><net_sink comp="192" pin=3"/></net>

<net id="202"><net_src comp="192" pin="4"/><net_sink comp="83" pin=8"/></net>

<net id="206"><net_src comp="66" pin="1"/><net_sink comp="203" pin=0"/></net>

<net id="207"><net_src comp="203" pin="1"/><net_sink comp="96" pin=1"/></net>

<net id="208"><net_src comp="203" pin="1"/><net_sink comp="101" pin=0"/></net>

<net id="209"><net_src comp="203" pin="1"/><net_sink comp="116" pin=1"/></net>

<net id="216"><net_src comp="121" pin="1"/><net_sink comp="213" pin=0"/></net>

<net id="217"><net_src comp="213" pin="1"/><net_sink comp="83" pin=1"/></net>

<net id="221"><net_src comp="126" pin="4"/><net_sink comp="218" pin=0"/></net>

<net id="222"><net_src comp="218" pin="1"/><net_sink comp="83" pin=2"/></net>

<net id="226"><net_src comp="137" pin="4"/><net_sink comp="223" pin=0"/></net>

<net id="227"><net_src comp="223" pin="1"/><net_sink comp="83" pin=3"/></net>

<net id="231"><net_src comp="148" pin="4"/><net_sink comp="228" pin=0"/></net>

<net id="232"><net_src comp="228" pin="1"/><net_sink comp="83" pin=4"/></net>

<net id="236"><net_src comp="159" pin="4"/><net_sink comp="233" pin=0"/></net>

<net id="237"><net_src comp="233" pin="1"/><net_sink comp="83" pin=5"/></net>

<net id="241"><net_src comp="170" pin="4"/><net_sink comp="238" pin=0"/></net>

<net id="242"><net_src comp="238" pin="1"/><net_sink comp="83" pin=6"/></net>

<net id="246"><net_src comp="181" pin="4"/><net_sink comp="243" pin=0"/></net>

<net id="247"><net_src comp="243" pin="1"/><net_sink comp="83" pin=7"/></net>

<net id="251"><net_src comp="192" pin="4"/><net_sink comp="248" pin=0"/></net>

<net id="252"><net_src comp="248" pin="1"/><net_sink comp="83" pin=8"/></net>

</net_list>

</model> 
---------------- Datapath Model END ------------------

* FSMD analyzer results:
  - Output states:
	Port: layer25_out | {4 }
 - Input state : 
	Port: pointwise_conv_2d_cl<array,array<ap_fixed<12,6,5,3,0>,1u>,config37> : layer24_out | {3 }
  - Chain level:
	State 1
		store_ln0 : 1
	State 2
		icmp_ln81 : 1
		add_ln81 : 1
		br_ln81 : 2
		store_ln81 : 2
	State 3
		res : 1
	State 4
		write_ln113 : 1


============================================================
+ Verbose Summary: Datapath Resource usage 
============================================================

* Functional unit list:
|----------|----------------------------------------------------------------------------------|---------|---------|---------|
| Operation|                                  Functional Unit                                 |   DSP   |    FF   |   LUT   |
|----------|----------------------------------------------------------------------------------|---------|---------|---------|
|   call   | grp_dense_resource_rf_leq_nin_ap_fixed_ap_fixed_12_6_5_3_0_config37_mult_s_fu_83 |    1    |   256   |   130   |
|----------|----------------------------------------------------------------------------------|---------|---------|---------|
|   icmp   |                                 icmp_ln81_fu_104                                 |    0    |    0    |    18   |
|----------|----------------------------------------------------------------------------------|---------|---------|---------|
|    add   |                                  add_ln81_fu_110                                 |    0    |    0    |    18   |
|----------|----------------------------------------------------------------------------------|---------|---------|---------|
|   read   |                            layer24_out_read_read_fu_70                           |    0    |    0    |    0    |
|----------|----------------------------------------------------------------------------------|---------|---------|---------|
|   write  |                              write_ln113_write_fu_76                             |    0    |    0    |    0    |
|----------|----------------------------------------------------------------------------------|---------|---------|---------|
|   trunc  |                                    data_fu_121                                   |    0    |    0    |    0    |
|----------|----------------------------------------------------------------------------------|---------|---------|---------|
|          |                                   data_8_fu_126                                  |    0    |    0    |    0    |
|          |                                   data_9_fu_137                                  |    0    |    0    |    0    |
|          |                                  data_10_fu_148                                  |    0    |    0    |    0    |
|partselect|                                   data_1_fu_159                                  |    0    |    0    |    0    |
|          |                                   data_2_fu_170                                  |    0    |    0    |    0    |
|          |                                   data_3_fu_181                                  |    0    |    0    |    0    |
|          |                                   data_4_fu_192                                  |    0    |    0    |    0    |
|----------|----------------------------------------------------------------------------------|---------|---------|---------|
|   Total  |                                                                                  |    1    |   256   |   166   |
|----------|----------------------------------------------------------------------------------|---------|---------|---------|

Memories:
N/A

* Register list:
+----------------------+--------+
|                      |   FF   |
+----------------------+--------+
|    data_10_reg_228   |   12   |
|    data_1_reg_233    |   12   |
|    data_2_reg_238    |   12   |
|    data_3_reg_243    |   12   |
|    data_4_reg_248    |   12   |
|    data_8_reg_218    |   12   |
|    data_9_reg_223    |   12   |
|     data_reg_213     |   12   |
|indvar_flatten_reg_203|   11   |
+----------------------+--------+
|         Total        |   107  |
+----------------------+--------+

* Multiplexer (MUX) list: 
|----------------------------------------------------------------------------------|------|------|------|--------||---------||---------|
|                                       Comp                                       |  Pin | Size |  BW  | S x BW ||  Delay  ||   LUT   |
|----------------------------------------------------------------------------------|------|------|------|--------||---------||---------|
| grp_dense_resource_rf_leq_nin_ap_fixed_ap_fixed_12_6_5_3_0_config37_mult_s_fu_83 |  p1  |   2  |  12  |   24   ||    9    |
| grp_dense_resource_rf_leq_nin_ap_fixed_ap_fixed_12_6_5_3_0_config37_mult_s_fu_83 |  p2  |   2  |  12  |   24   ||    9    |
| grp_dense_resource_rf_leq_nin_ap_fixed_ap_fixed_12_6_5_3_0_config37_mult_s_fu_83 |  p3  |   2  |  12  |   24   ||    9    |
| grp_dense_resource_rf_leq_nin_ap_fixed_ap_fixed_12_6_5_3_0_config37_mult_s_fu_83 |  p4  |   2  |  12  |   24   ||    9    |
| grp_dense_resource_rf_leq_nin_ap_fixed_ap_fixed_12_6_5_3_0_config37_mult_s_fu_83 |  p5  |   2  |  12  |   24   ||    9    |
| grp_dense_resource_rf_leq_nin_ap_fixed_ap_fixed_12_6_5_3_0_config37_mult_s_fu_83 |  p6  |   2  |  12  |   24   ||    9    |
| grp_dense_resource_rf_leq_nin_ap_fixed_ap_fixed_12_6_5_3_0_config37_mult_s_fu_83 |  p7  |   2  |  12  |   24   ||    9    |
| grp_dense_resource_rf_leq_nin_ap_fixed_ap_fixed_12_6_5_3_0_config37_mult_s_fu_83 |  p8  |   2  |  12  |   24   ||    9    |
|----------------------------------------------------------------------------------|------|------|------|--------||---------||---------|
|                                       Total                                      |      |      |      |   192  ||  4.304  ||    72   |
|----------------------------------------------------------------------------------|------|------|------|--------||---------||---------|



* Summary:
+-----------+--------+--------+--------+--------+
|           |   DSP  |  Delay |   FF   |   LUT  |
+-----------+--------+--------+--------+--------+
|  Function |    1   |    -   |   256  |   166  |
|   Memory  |    -   |    -   |    -   |    -   |
|Multiplexer|    -   |    4   |    -   |   72   |
|  Register |    -   |    -   |   107  |    -   |
+-----------+--------+--------+--------+--------+
|   Total   |    1   |    4   |   363  |   238  |
+-----------+--------+--------+--------+--------+
