

================================================================
== Vitis HLS Report for 'relu_array_ap_fixed_8u_array_ap_fixed_16_6_5_3_0_8u_relu_config24_s'
================================================================
* Date:           Fri Apr 24 00:22:59 2026

* Version:        2025.2 (Build 6295257 on Nov 14 2025)
* Project:        folo_prj
* Solution:       solution1 (Vivado IP Flow Target)
* Product family: kintexu
* Target device:  xcku035-fbva676-2-e


================================================================
== Performance Estimates
================================================================
+ Timing: 
    * Summary: 
    +--------+---------+----------+------------+
    |  Clock |  Target | Estimated| Uncertainty|
    +--------+---------+----------+------------+
    |ap_clk  |  5.00 ns|  3.303 ns|     1.35 ns|
    +--------+---------+----------+------------+

+ Latency: 
    * Summary: 
    +---------+---------+----------+----------+------+------+------------------------------------------------+
    |  Latency (cycles) |  Latency (absolute) |   Interval  |                    Pipeline                    |
    |   min   |   max   |    min   |    max   |  min |  max |                      Type                      |
    +---------+---------+----------+----------+------+------+------------------------------------------------+
    |     1026|     1026|  5.130 us|  5.130 us|  1024|  1024|  loop auto-rewind stp (delay=0 clock cycles(s))|
    +---------+---------+----------+----------+------+------+------------------------------------------------+

    + Detail: 
        * Instance: 
        N/A

        * Loop: 
        +---------------+---------+---------+----------+-----------+-----------+------+----------+
        |               |  Latency (cycles) | Iteration|  Initiation Interval  | Trip |          |
        |   Loop Name   |   min   |   max   |  Latency |  achieved |   target  | Count| Pipelined|
        +---------------+---------+---------+----------+-----------+-----------+------+----------+
        |- ReLUActLoop  |     1024|     1024|         2|          1|          1|  1024|       yes|
        +---------------+---------+---------+----------+-----------+-----------+------+----------+

============================================================
+ Verbose Summary: Synthesis Manager
============================================================
InlineROM: 1
ExposeGlobal: 0
============================================================
+ Verbose Summary: CDFG Model
============================================================
IsTopModel: 0
ResetActiveHigh: 1
IsCombinational: 2
IsDatapathOnly: 0
HasWiredReturn: 1
HasMFsm: 2
HasVarLatency: 1
IsPipeline: 0
IsRtlPipelined: 0
IsInstanceOverlapped: 0
IsDontTouch: 0
HasImplIP: 0
IsGatedGlobalClock: 0

+ Individual pipeline summary: 
  * Pipeline-0: initiation interval (II) = 1, depth = 2


============================================================
+ Verbose Summary: Schedule
============================================================
* Number of FSM states : 2
* Pipeline : 1
  Pipeline-0 : II = 1, D = 2, States = { 1 2 }
* Dataflow Pipeline: 0

* FSM state transitions: 
1 --> 2 
2 --> 

* FSM state operations: 

State 1 <SV = 0> <Delay = 3.30>
ST_1 : Operation 5 [1/1] (0.00ns)   --->   "%i = alloca i32 1" [firmware/nnet_utils/nnet_activation_stream.h:41]   --->   Operation 5 'alloca' 'i' <Predicate = true> <Delay = 0.00>
ST_1 : Operation 6 [1/1] (0.00ns)   --->   "%specinterface_ln0 = specinterface void @_ssdm_op_SpecInterface, i128 %layer24_out, void @empty_2, i32 0, i32 0, void @empty_1, i32 0, i32 0, void @empty_1, void @empty_1, void @empty_1, i32 0, i32 0, i32 0, i32 0, void @empty_1, void @empty_1, i32 4294967295, i32 0, i32 0, i32 0"   --->   Operation 6 'specinterface' 'specinterface_ln0' <Predicate = true> <Delay = 0.00>
ST_1 : Operation 7 [1/1] (0.00ns)   --->   "%specinterface_ln0 = specinterface void @_ssdm_op_SpecInterface, i240 %layer23_out, void @empty_2, i32 0, i32 0, void @empty_1, i32 0, i32 0, void @empty_1, void @empty_1, void @empty_1, i32 0, i32 0, i32 0, i32 0, void @empty_1, void @empty_1, i32 4294967295, i32 0, i32 0, i32 0"   --->   Operation 7 'specinterface' 'specinterface_ln0' <Predicate = true> <Delay = 0.00>
ST_1 : Operation 8 [1/1] (0.53ns)   --->   "%store_ln41 = store i10 0, i10 %i" [firmware/nnet_utils/nnet_activation_stream.h:41]   --->   Operation 8 'store' 'store_ln41' <Predicate = true> <Delay = 0.53>
ST_1 : Operation 9 [1/1] (0.00ns)   --->   "%br_ln41 = br void %ReLUPackLoop.split" [firmware/nnet_utils/nnet_activation_stream.h:41]   --->   Operation 9 'br' 'br_ln41' <Predicate = true> <Delay = 0.00>
ST_1 : Operation 10 [1/1] (0.00ns)   --->   "%i_27 = load i10 %i" [firmware/nnet_utils/nnet_activation_stream.h:41]   --->   Operation 10 'load' 'i_27' <Predicate = true> <Delay = 0.00>
ST_1 : Operation 11 [1/1] ( I:1.82ns O:1.82ns )   --->   "%layer23_out_read = read i240 @_ssdm_op_Read.ap_fifo.volatile.i240P0A, i240 %layer23_out" [firmware/nnet_utils/nnet_activation_stream.h:44]   --->   Operation 11 'read' 'layer23_out_read' <Predicate = true> <Delay = 1.82> <CoreInst = "FIFO_SRL">   --->   Core 80 'FIFO_SRL' <Latency = 0> <II = 1> <Delay = 2.26> <Storage> <Opcode : 'read' 'write' 'nbread' 'nbwrite'> <Ports = 0> <Width = 240> <Depth = 1> <FIFO>
ST_1 : Operation 12 [1/1] (0.00ns)   --->   "%trunc_ln44 = trunc i240 %layer23_out_read" [firmware/nnet_utils/nnet_activation_stream.h:44]   --->   Operation 12 'trunc' 'trunc_ln44' <Predicate = true> <Delay = 0.00>
ST_1 : Operation 13 [1/1] (0.00ns)   --->   "%trunc_ln44_1 = partselect i30 @_ssdm_op_PartSelect.i30.i240.i32.i32, i240 %layer23_out_read, i32 30, i32 59" [firmware/nnet_utils/nnet_activation_stream.h:44]   --->   Operation 13 'partselect' 'trunc_ln44_1' <Predicate = true> <Delay = 0.00>
ST_1 : Operation 14 [1/1] (0.00ns)   --->   "%trunc_ln44_2 = partselect i30 @_ssdm_op_PartSelect.i30.i240.i32.i32, i240 %layer23_out_read, i32 60, i32 89" [firmware/nnet_utils/nnet_activation_stream.h:44]   --->   Operation 14 'partselect' 'trunc_ln44_2' <Predicate = true> <Delay = 0.00>
ST_1 : Operation 15 [1/1] (0.00ns)   --->   "%trunc_ln44_3 = partselect i30 @_ssdm_op_PartSelect.i30.i240.i32.i32, i240 %layer23_out_read, i32 90, i32 119" [firmware/nnet_utils/nnet_activation_stream.h:44]   --->   Operation 15 'partselect' 'trunc_ln44_3' <Predicate = true> <Delay = 0.00>
ST_1 : Operation 16 [1/1] (0.00ns)   --->   "%trunc_ln44_4 = partselect i30 @_ssdm_op_PartSelect.i30.i240.i32.i32, i240 %layer23_out_read, i32 120, i32 149" [firmware/nnet_utils/nnet_activation_stream.h:44]   --->   Operation 16 'partselect' 'trunc_ln44_4' <Predicate = true> <Delay = 0.00>
ST_1 : Operation 17 [1/1] (0.00ns)   --->   "%trunc_ln44_5 = partselect i30 @_ssdm_op_PartSelect.i30.i240.i32.i32, i240 %layer23_out_read, i32 150, i32 179" [firmware/nnet_utils/nnet_activation_stream.h:44]   --->   Operation 17 'partselect' 'trunc_ln44_5' <Predicate = true> <Delay = 0.00>
ST_1 : Operation 18 [1/1] (0.00ns)   --->   "%trunc_ln44_6 = partselect i30 @_ssdm_op_PartSelect.i30.i240.i32.i32, i240 %layer23_out_read, i32 180, i32 209" [firmware/nnet_utils/nnet_activation_stream.h:44]   --->   Operation 18 'partselect' 'trunc_ln44_6' <Predicate = true> <Delay = 0.00>
ST_1 : Operation 19 [1/1] (0.00ns)   --->   "%trunc_ln44_7 = partselect i30 @_ssdm_op_PartSelect.i30.i240.i32.i32, i240 %layer23_out_read, i32 210, i32 239" [firmware/nnet_utils/nnet_activation_stream.h:44]   --->   Operation 19 'partselect' 'trunc_ln44_7' <Predicate = true> <Delay = 0.00>
ST_1 : Operation 20 [1/1] (1.47ns)   --->   "%icmp_ln51 = icmp_sgt  i30 %trunc_ln44, i30 0" [firmware/nnet_utils/nnet_activation_stream.h:51]   --->   Operation 20 'icmp' 'icmp_ln51' <Predicate = true> <Delay = 1.47> <CoreInst = "Cmp">   --->   Core 9 'Cmp' <Latency = 0> <II = 1> <Delay = 1.47> <FuncUnit> <Opcode : 'seteq' 'setne' 'setle' 'setge' 'setlt' 'setgt'> <InPorts = 2> <OutPorts = 1>
ST_1 : Operation 21 [1/1] (0.00ns)   --->   "%trunc_ln8 = partselect i16 @_ssdm_op_PartSelect.i16.i240.i32.i32, i240 %layer23_out_read, i32 8, i32 23" [firmware/nnet_utils/nnet_activation_stream.h:52]   --->   Operation 21 'partselect' 'trunc_ln8' <Predicate = true> <Delay = 0.00>
ST_1 : Operation 22 [1/1] (1.47ns)   --->   "%icmp_ln51_1 = icmp_sgt  i30 %trunc_ln44_1, i30 0" [firmware/nnet_utils/nnet_activation_stream.h:51]   --->   Operation 22 'icmp' 'icmp_ln51_1' <Predicate = true> <Delay = 1.47> <CoreInst = "Cmp">   --->   Core 9 'Cmp' <Latency = 0> <II = 1> <Delay = 1.47> <FuncUnit> <Opcode : 'seteq' 'setne' 'setle' 'setge' 'setlt' 'setgt'> <InPorts = 2> <OutPorts = 1>
ST_1 : Operation 23 [1/1] (0.00ns)   --->   "%trunc_ln52_1 = partselect i16 @_ssdm_op_PartSelect.i16.i240.i32.i32, i240 %layer23_out_read, i32 38, i32 53" [firmware/nnet_utils/nnet_activation_stream.h:52]   --->   Operation 23 'partselect' 'trunc_ln52_1' <Predicate = true> <Delay = 0.00>
ST_1 : Operation 24 [1/1] (1.47ns)   --->   "%icmp_ln51_2 = icmp_sgt  i30 %trunc_ln44_2, i30 0" [firmware/nnet_utils/nnet_activation_stream.h:51]   --->   Operation 24 'icmp' 'icmp_ln51_2' <Predicate = true> <Delay = 1.47> <CoreInst = "Cmp">   --->   Core 9 'Cmp' <Latency = 0> <II = 1> <Delay = 1.47> <FuncUnit> <Opcode : 'seteq' 'setne' 'setle' 'setge' 'setlt' 'setgt'> <InPorts = 2> <OutPorts = 1>
ST_1 : Operation 25 [1/1] (0.00ns)   --->   "%trunc_ln52_2 = partselect i16 @_ssdm_op_PartSelect.i16.i240.i32.i32, i240 %layer23_out_read, i32 68, i32 83" [firmware/nnet_utils/nnet_activation_stream.h:52]   --->   Operation 25 'partselect' 'trunc_ln52_2' <Predicate = true> <Delay = 0.00>
ST_1 : Operation 26 [1/1] (1.47ns)   --->   "%icmp_ln51_3 = icmp_sgt  i30 %trunc_ln44_3, i30 0" [firmware/nnet_utils/nnet_activation_stream.h:51]   --->   Operation 26 'icmp' 'icmp_ln51_3' <Predicate = true> <Delay = 1.47> <CoreInst = "Cmp">   --->   Core 9 'Cmp' <Latency = 0> <II = 1> <Delay = 1.47> <FuncUnit> <Opcode : 'seteq' 'setne' 'setle' 'setge' 'setlt' 'setgt'> <InPorts = 2> <OutPorts = 1>
ST_1 : Operation 27 [1/1] (0.00ns)   --->   "%trunc_ln52_3 = partselect i16 @_ssdm_op_PartSelect.i16.i240.i32.i32, i240 %layer23_out_read, i32 98, i32 113" [firmware/nnet_utils/nnet_activation_stream.h:52]   --->   Operation 27 'partselect' 'trunc_ln52_3' <Predicate = true> <Delay = 0.00>
ST_1 : Operation 28 [1/1] (1.47ns)   --->   "%icmp_ln51_4 = icmp_sgt  i30 %trunc_ln44_4, i30 0" [firmware/nnet_utils/nnet_activation_stream.h:51]   --->   Operation 28 'icmp' 'icmp_ln51_4' <Predicate = true> <Delay = 1.47> <CoreInst = "Cmp">   --->   Core 9 'Cmp' <Latency = 0> <II = 1> <Delay = 1.47> <FuncUnit> <Opcode : 'seteq' 'setne' 'setle' 'setge' 'setlt' 'setgt'> <InPorts = 2> <OutPorts = 1>
ST_1 : Operation 29 [1/1] (0.00ns)   --->   "%trunc_ln52_4 = partselect i16 @_ssdm_op_PartSelect.i16.i240.i32.i32, i240 %layer23_out_read, i32 128, i32 143" [firmware/nnet_utils/nnet_activation_stream.h:52]   --->   Operation 29 'partselect' 'trunc_ln52_4' <Predicate = true> <Delay = 0.00>
ST_1 : Operation 30 [1/1] (1.47ns)   --->   "%icmp_ln51_5 = icmp_sgt  i30 %trunc_ln44_5, i30 0" [firmware/nnet_utils/nnet_activation_stream.h:51]   --->   Operation 30 'icmp' 'icmp_ln51_5' <Predicate = true> <Delay = 1.47> <CoreInst = "Cmp">   --->   Core 9 'Cmp' <Latency = 0> <II = 1> <Delay = 1.47> <FuncUnit> <Opcode : 'seteq' 'setne' 'setle' 'setge' 'setlt' 'setgt'> <InPorts = 2> <OutPorts = 1>
ST_1 : Operation 31 [1/1] (0.00ns)   --->   "%trunc_ln52_5 = partselect i16 @_ssdm_op_PartSelect.i16.i240.i32.i32, i240 %layer23_out_read, i32 158, i32 173" [firmware/nnet_utils/nnet_activation_stream.h:52]   --->   Operation 31 'partselect' 'trunc_ln52_5' <Predicate = true> <Delay = 0.00>
ST_1 : Operation 32 [1/1] (1.47ns)   --->   "%icmp_ln51_6 = icmp_sgt  i30 %trunc_ln44_6, i30 0" [firmware/nnet_utils/nnet_activation_stream.h:51]   --->   Operation 32 'icmp' 'icmp_ln51_6' <Predicate = true> <Delay = 1.47> <CoreInst = "Cmp">   --->   Core 9 'Cmp' <Latency = 0> <II = 1> <Delay = 1.47> <FuncUnit> <Opcode : 'seteq' 'setne' 'setle' 'setge' 'setlt' 'setgt'> <InPorts = 2> <OutPorts = 1>
ST_1 : Operation 33 [1/1] (0.00ns)   --->   "%trunc_ln52_6 = partselect i16 @_ssdm_op_PartSelect.i16.i240.i32.i32, i240 %layer23_out_read, i32 188, i32 203" [firmware/nnet_utils/nnet_activation_stream.h:52]   --->   Operation 33 'partselect' 'trunc_ln52_6' <Predicate = true> <Delay = 0.00>
ST_1 : Operation 34 [1/1] (1.47ns)   --->   "%icmp_ln51_7 = icmp_sgt  i30 %trunc_ln44_7, i30 0" [firmware/nnet_utils/nnet_activation_stream.h:51]   --->   Operation 34 'icmp' 'icmp_ln51_7' <Predicate = true> <Delay = 1.47> <CoreInst = "Cmp">   --->   Core 9 'Cmp' <Latency = 0> <II = 1> <Delay = 1.47> <FuncUnit> <Opcode : 'seteq' 'setne' 'setle' 'setge' 'setlt' 'setgt'> <InPorts = 2> <OutPorts = 1>
ST_1 : Operation 35 [1/1] (0.00ns)   --->   "%trunc_ln52_7 = partselect i16 @_ssdm_op_PartSelect.i16.i240.i32.i32, i240 %layer23_out_read, i32 218, i32 233" [firmware/nnet_utils/nnet_activation_stream.h:52]   --->   Operation 35 'partselect' 'trunc_ln52_7' <Predicate = true> <Delay = 0.00>
ST_1 : Operation 36 [1/1] (1.31ns)   --->   "%i_28 = add i10 %i_27, i10 1" [firmware/nnet_utils/nnet_activation_stream.h:41]   --->   Operation 36 'add' 'i_28' <Predicate = true> <Delay = 1.31> <CoreInst = "Adder">   --->   Core 1 'Adder' <Latency = 0> <II = 1> <Delay = 1.31> <FuncUnit> <Opcode : 'add' 'sub'> <InPorts = 2> <OutPorts = 1>
ST_1 : Operation 37 [1/1] (1.31ns)   --->   "%icmp_ln41 = icmp_eq  i10 %i_27, i10 1023" [firmware/nnet_utils/nnet_activation_stream.h:41]   --->   Operation 37 'icmp' 'icmp_ln41' <Predicate = true> <Delay = 1.31> <CoreInst = "Cmp">   --->   Core 9 'Cmp' <Latency = 0> <II = 1> <Delay = 1.31> <FuncUnit> <Opcode : 'seteq' 'setne' 'setle' 'setge' 'setlt' 'setgt'> <InPorts = 2> <OutPorts = 1>
ST_1 : Operation 38 [1/1] (0.53ns)   --->   "%store_ln41 = store i10 %i_28, i10 %i" [firmware/nnet_utils/nnet_activation_stream.h:41]   --->   Operation 38 'store' 'store_ln41' <Predicate = true> <Delay = 0.53>
ST_1 : Operation 39 [1/1] (0.00ns)   --->   "%br_ln41 = br i1 %icmp_ln41, void %ReLUPackLoop.split, void %for.end15" [firmware/nnet_utils/nnet_activation_stream.h:41]   --->   Operation 39 'br' 'br_ln41' <Predicate = true> <Delay = 0.00>

State 2 <SV = 1> <Delay = 2.23>
ST_2 : Operation 40 [1/1] (0.00ns)   --->   "%specpipeline_ln42 = specpipeline void @_ssdm_op_SpecPipeline, i32 4294967295, i32 0, i32 0, i32 0, i32 4294967295, void @empty_1" [firmware/nnet_utils/nnet_activation_stream.h:42]   --->   Operation 40 'specpipeline' 'specpipeline_ln42' <Predicate = true> <Delay = 0.00>
ST_2 : Operation 41 [1/1] (0.00ns)   --->   "%speclooptripcount_ln41 = speclooptripcount void @_ssdm_op_SpecLoopTripCount, i64 1024, i64 1024, i64 1024" [firmware/nnet_utils/nnet_activation_stream.h:41]   --->   Operation 41 'speclooptripcount' 'speclooptripcount_ln41' <Predicate = true> <Delay = 0.00>
ST_2 : Operation 42 [1/1] (0.00ns)   --->   "%specloopname_ln41 = specloopname void @_ssdm_op_SpecLoopName, void @empty_9" [firmware/nnet_utils/nnet_activation_stream.h:41]   --->   Operation 42 'specloopname' 'specloopname_ln41' <Predicate = true> <Delay = 0.00>
ST_2 : Operation 43 [1/1] (0.41ns)   --->   "%select_ln51 = select i1 %icmp_ln51, i16 %trunc_ln8, i16 0" [firmware/nnet_utils/nnet_activation_stream.h:51]   --->   Operation 43 'select' 'select_ln51' <Predicate = true> <Delay = 0.41> <CoreInst = "Sel">   --->   Core 73 'Sel' <Latency = 0> <II = 1> <Delay = 0.41> <FuncUnit> <Opcode : 'select'> <InPorts = 3> <OutPorts = 1>
ST_2 : Operation 44 [1/1] (0.41ns)   --->   "%select_ln51_1 = select i1 %icmp_ln51_1, i16 %trunc_ln52_1, i16 0" [firmware/nnet_utils/nnet_activation_stream.h:51]   --->   Operation 44 'select' 'select_ln51_1' <Predicate = true> <Delay = 0.41> <CoreInst = "Sel">   --->   Core 73 'Sel' <Latency = 0> <II = 1> <Delay = 0.41> <FuncUnit> <Opcode : 'select'> <InPorts = 3> <OutPorts = 1>
ST_2 : Operation 45 [1/1] (0.41ns)   --->   "%select_ln51_2 = select i1 %icmp_ln51_2, i16 %trunc_ln52_2, i16 0" [firmware/nnet_utils/nnet_activation_stream.h:51]   --->   Operation 45 'select' 'select_ln51_2' <Predicate = true> <Delay = 0.41> <CoreInst = "Sel">   --->   Core 73 'Sel' <Latency = 0> <II = 1> <Delay = 0.41> <FuncUnit> <Opcode : 'select'> <InPorts = 3> <OutPorts = 1>
ST_2 : Operation 46 [1/1] (0.41ns)   --->   "%select_ln51_3 = select i1 %icmp_ln51_3, i16 %trunc_ln52_3, i16 0" [firmware/nnet_utils/nnet_activation_stream.h:51]   --->   Operation 46 'select' 'select_ln51_3' <Predicate = true> <Delay = 0.41> <CoreInst = "Sel">   --->   Core 73 'Sel' <Latency = 0> <II = 1> <Delay = 0.41> <FuncUnit> <Opcode : 'select'> <InPorts = 3> <OutPorts = 1>
ST_2 : Operation 47 [1/1] (0.41ns)   --->   "%select_ln51_4 = select i1 %icmp_ln51_4, i16 %trunc_ln52_4, i16 0" [firmware/nnet_utils/nnet_activation_stream.h:51]   --->   Operation 47 'select' 'select_ln51_4' <Predicate = true> <Delay = 0.41> <CoreInst = "Sel">   --->   Core 73 'Sel' <Latency = 0> <II = 1> <Delay = 0.41> <FuncUnit> <Opcode : 'select'> <InPorts = 3> <OutPorts = 1>
ST_2 : Operation 48 [1/1] (0.41ns)   --->   "%select_ln51_5 = select i1 %icmp_ln51_5, i16 %trunc_ln52_5, i16 0" [firmware/nnet_utils/nnet_activation_stream.h:51]   --->   Operation 48 'select' 'select_ln51_5' <Predicate = true> <Delay = 0.41> <CoreInst = "Sel">   --->   Core 73 'Sel' <Latency = 0> <II = 1> <Delay = 0.41> <FuncUnit> <Opcode : 'select'> <InPorts = 3> <OutPorts = 1>
ST_2 : Operation 49 [1/1] (0.41ns)   --->   "%select_ln51_6 = select i1 %icmp_ln51_6, i16 %trunc_ln52_6, i16 0" [firmware/nnet_utils/nnet_activation_stream.h:51]   --->   Operation 49 'select' 'select_ln51_6' <Predicate = true> <Delay = 0.41> <CoreInst = "Sel">   --->   Core 73 'Sel' <Latency = 0> <II = 1> <Delay = 0.41> <FuncUnit> <Opcode : 'select'> <InPorts = 3> <OutPorts = 1>
ST_2 : Operation 50 [1/1] (0.41ns)   --->   "%select_ln51_7 = select i1 %icmp_ln51_7, i16 %trunc_ln52_7, i16 0" [firmware/nnet_utils/nnet_activation_stream.h:51]   --->   Operation 50 'select' 'select_ln51_7' <Predicate = true> <Delay = 0.41> <CoreInst = "Sel">   --->   Core 73 'Sel' <Latency = 0> <II = 1> <Delay = 0.41> <FuncUnit> <Opcode : 'select'> <InPorts = 3> <OutPorts = 1>
ST_2 : Operation 51 [1/1] (0.00ns)   --->   "%or_ln57_s = bitconcatenate i128 @_ssdm_op_BitConcatenate.i128.i16.i16.i16.i16.i16.i16.i16.i16, i16 %select_ln51_7, i16 %select_ln51_6, i16 %select_ln51_5, i16 %select_ln51_4, i16 %select_ln51_3, i16 %select_ln51_2, i16 %select_ln51_1, i16 %select_ln51" [firmware/nnet_utils/nnet_activation_stream.h:57]   --->   Operation 51 'bitconcatenate' 'or_ln57_s' <Predicate = true> <Delay = 0.00>
ST_2 : Operation 52 [1/1] ( I:1.82ns O:1.82ns )   --->   "%write_ln57 = write void @_ssdm_op_Write.ap_fifo.volatile.i128P0A, i128 %layer24_out, i128 %or_ln57_s" [firmware/nnet_utils/nnet_activation_stream.h:57]   --->   Operation 52 'write' 'write_ln57' <Predicate = true> <Delay = 1.82> <CoreInst = "FIFO_SRL">   --->   Core 80 'FIFO_SRL' <Latency = 0> <II = 1> <Delay = 2.26> <Storage> <Opcode : 'read' 'write' 'nbread' 'nbwrite'> <Ports = 0> <Width = 128> <Depth = 2> <FIFO>
ST_2 : Operation 53 [1/1] (0.53ns)   --->   "%ret_ln59 = ret" [firmware/nnet_utils/nnet_activation_stream.h:59]   --->   Operation 53 'ret' 'ret_ln59' <Predicate = (icmp_ln41)> <Delay = 0.53>


============================================================
+ Verbose Summary: Timing violations
============================================================
Target clock period: 5.000ns, clock uncertainty: 1.350ns.

 <State 1>: 3.303ns
The critical path consists of the following:
	fifo read operation ('layer23_out_read', firmware/nnet_utils/nnet_activation_stream.h:44) on port 'layer23_out' (firmware/nnet_utils/nnet_activation_stream.h:44) [13]  (1.825 ns)
	'icmp' operation 1 bit ('icmp_ln51', firmware/nnet_utils/nnet_activation_stream.h:51) [22]  (1.478 ns)

 <State 2>: 2.236ns
The critical path consists of the following:
	'select' operation 16 bit ('select_ln51', firmware/nnet_utils/nnet_activation_stream.h:51) [24]  (0.411 ns)
	fifo write operation ('write_ln57', firmware/nnet_utils/nnet_activation_stream.h:57) on port 'layer24_out' (firmware/nnet_utils/nnet_activation_stream.h:57) [47]  (1.825 ns)


============================================================
+ Verbose Summary: Binding
============================================================
N/A
* FSMD analyzer results:
  - Output states:
 - Input state : 
  - Chain level:
	State 1
	State 2


============================================================
+ Verbose Summary: Datapath Resource usage 
============================================================
N/A
