

================================================================
== Vitis HLS Report for 'relu_array_ap_fixed_4u_array_ap_fixed_16_6_5_3_0_4u_relu_config8_s'
================================================================
* Date:           Sun Apr 26 02:59:43 2026

* Version:        2025.2 (Build 6295257 on Nov 14 2025)
* Project:        folo_prj
* Solution:       solution1 (Vivado IP Flow Target)
* Product family: kintexu
* Target device:  xcku035-fbva676-2-e


================================================================
== Performance Estimates
================================================================
+ Timing: 
    * Summary: 
    +--------+---------+----------+------------+
    |  Clock |  Target | Estimated| Uncertainty|
    +--------+---------+----------+------------+
    |ap_clk  |  5.00 ns|  3.647 ns|     1.35 ns|
    +--------+---------+----------+------------+

+ Latency: 
    * Summary: 
    +---------+---------+-----------+-----------+-------+-------+------------------------------------------------+
    |  Latency (cycles) |   Latency (absolute)  |    Interval   |                    Pipeline                    |
    |   min   |   max   |    min    |    max    |  min  |  max  |                      Type                      |
    +---------+---------+-----------+-----------+-------+-------+------------------------------------------------+
    |    16386|    16386|  81.930 us|  81.930 us|  16384|  16384|  loop auto-rewind stp (delay=0 clock cycles(s))|
    +---------+---------+-----------+-----------+-------+-------+------------------------------------------------+

    + Detail: 
        * Instance: 
        N/A

        * Loop: 
        +---------------+---------+---------+----------+-----------+-----------+-------+----------+
        |               |  Latency (cycles) | Iteration|  Initiation Interval  |  Trip |          |
        |   Loop Name   |   min   |   max   |  Latency |  achieved |   target  | Count | Pipelined|
        +---------------+---------+---------+----------+-----------+-----------+-------+----------+
        |- ReLUActLoop  |    16384|    16384|         2|          1|          1|  16384|       yes|
        +---------------+---------+---------+----------+-----------+-----------+-------+----------+

============================================================
+ Verbose Summary: Synthesis Manager
============================================================
InlineROM: 1
ExposeGlobal: 0
============================================================
+ Verbose Summary: CDFG Model
============================================================
IsTopModel: 0
ResetActiveHigh: 1
IsCombinational: 2
IsDatapathOnly: 0
HasWiredReturn: 1
HasMFsm: 2
HasVarLatency: 1
IsPipeline: 0
IsRtlPipelined: 0
IsInstanceOverlapped: 0
IsDontTouch: 0
HasImplIP: 0
IsGatedGlobalClock: 0

+ Individual pipeline summary: 
  * Pipeline-0: initiation interval (II) = 1, depth = 2


============================================================
+ Verbose Summary: Schedule
============================================================
* Number of FSM states : 2
* Pipeline : 1
  Pipeline-0 : II = 1, D = 2, States = { 1 2 }
* Dataflow Pipeline: 0

* FSM state transitions: 
1 --> 2 
2 --> 

* FSM state operations: 

State 1 <SV = 0> <Delay = 3.64>
ST_1 : Operation 5 [1/1] (0.00ns)   --->   "%i = alloca i32 1" [firmware/nnet_utils/nnet_activation_stream.h:41]   --->   Operation 5 'alloca' 'i' <Predicate = true> <Delay = 0.00>
ST_1 : Operation 6 [1/1] (0.00ns)   --->   "%specinterface_ln0 = specinterface void @_ssdm_op_SpecInterface, i64 %layer8_out, void @empty_10, i32 0, i32 0, void @empty_11, i32 0, i32 0, void @empty_11, void @empty_11, void @empty_11, i32 0, i32 0, i32 0, i32 0, void @empty_11, void @empty_11, i32 4294967295, i32 0, i32 0, i32 0"   --->   Operation 6 'specinterface' 'specinterface_ln0' <Predicate = true> <Delay = 0.00>
ST_1 : Operation 7 [1/1] (0.00ns)   --->   "%specinterface_ln0 = specinterface void @_ssdm_op_SpecInterface, i64 %layer7_out, void @empty_10, i32 0, i32 0, void @empty_11, i32 0, i32 0, void @empty_11, void @empty_11, void @empty_11, i32 0, i32 0, i32 0, i32 0, void @empty_11, void @empty_11, i32 4294967295, i32 0, i32 0, i32 0"   --->   Operation 7 'specinterface' 'specinterface_ln0' <Predicate = true> <Delay = 0.00>
ST_1 : Operation 8 [1/1] (0.53ns)   --->   "%store_ln41 = store i14 0, i14 %i" [firmware/nnet_utils/nnet_activation_stream.h:41]   --->   Operation 8 'store' 'store_ln41' <Predicate = true> <Delay = 0.53>
ST_1 : Operation 9 [1/1] (0.00ns)   --->   "%br_ln41 = br void %ReLUPackLoop.split" [firmware/nnet_utils/nnet_activation_stream.h:41]   --->   Operation 9 'br' 'br_ln41' <Predicate = true> <Delay = 0.00>
ST_1 : Operation 10 [1/1] (0.00ns)   --->   "%i_25 = load i14 %i" [firmware/nnet_utils/nnet_activation_stream.h:41]   --->   Operation 10 'load' 'i_25' <Predicate = true> <Delay = 0.00>
ST_1 : Operation 11 [1/1] ( I:1.82ns O:1.82ns )   --->   "%layer7_out_read = read i64 @_ssdm_op_Read.ap_fifo.volatile.i64P0A, i64 %layer7_out" [firmware/nnet_utils/nnet_activation_stream.h:44]   --->   Operation 11 'read' 'layer7_out_read' <Predicate = true> <Delay = 1.82> <CoreInst = "FIFO">   --->   Core 77 'FIFO' <Latency = 0> <II = 1> <Delay = 2.16> <Storage> <Opcode : 'read' 'write' 'nbread' 'nbwrite'> <Ports = 0> <Width = 64> <Depth = 100000> <FIFO>
ST_1 : Operation 12 [1/1] (0.00ns)   --->   "%trunc_ln44 = trunc i64 %layer7_out_read" [firmware/nnet_utils/nnet_activation_stream.h:44]   --->   Operation 12 'trunc' 'trunc_ln44' <Predicate = true> <Delay = 0.00>
ST_1 : Operation 13 [1/1] (0.00ns)   --->   "%trunc_ln44_38 = trunc i64 %layer7_out_read" [firmware/nnet_utils/nnet_activation_stream.h:44]   --->   Operation 13 'trunc' 'trunc_ln44_38' <Predicate = true> <Delay = 0.00>
ST_1 : Operation 14 [1/1] (0.00ns)   --->   "%trunc_ln44_32 = partselect i16 @_ssdm_op_PartSelect.i16.i64.i32.i32, i64 %layer7_out_read, i32 16, i32 31" [firmware/nnet_utils/nnet_activation_stream.h:44]   --->   Operation 14 'partselect' 'trunc_ln44_32' <Predicate = true> <Delay = 0.00>
ST_1 : Operation 15 [1/1] (0.00ns)   --->   "%trunc_ln44_s = partselect i15 @_ssdm_op_PartSelect.i15.i64.i32.i32, i64 %layer7_out_read, i32 16, i32 30" [firmware/nnet_utils/nnet_activation_stream.h:44]   --->   Operation 15 'partselect' 'trunc_ln44_s' <Predicate = true> <Delay = 0.00>
ST_1 : Operation 16 [1/1] (0.00ns)   --->   "%trunc_ln44_33 = partselect i16 @_ssdm_op_PartSelect.i16.i64.i32.i32, i64 %layer7_out_read, i32 32, i32 47" [firmware/nnet_utils/nnet_activation_stream.h:44]   --->   Operation 16 'partselect' 'trunc_ln44_33' <Predicate = true> <Delay = 0.00>
ST_1 : Operation 17 [1/1] (0.00ns)   --->   "%trunc_ln44_35 = partselect i15 @_ssdm_op_PartSelect.i15.i64.i32.i32, i64 %layer7_out_read, i32 32, i32 46" [firmware/nnet_utils/nnet_activation_stream.h:44]   --->   Operation 17 'partselect' 'trunc_ln44_35' <Predicate = true> <Delay = 0.00>
ST_1 : Operation 18 [1/1] (0.00ns)   --->   "%trunc_ln44_34 = partselect i16 @_ssdm_op_PartSelect.i16.i64.i32.i32, i64 %layer7_out_read, i32 48, i32 63" [firmware/nnet_utils/nnet_activation_stream.h:44]   --->   Operation 18 'partselect' 'trunc_ln44_34' <Predicate = true> <Delay = 0.00>
ST_1 : Operation 19 [1/1] (0.00ns)   --->   "%trunc_ln7 = partselect i15 @_ssdm_op_PartSelect.i15.i64.i32.i32, i64 %layer7_out_read, i32 48, i32 62" [firmware/nnet_utils/nnet_activation_stream.h:51]   --->   Operation 19 'partselect' 'trunc_ln7' <Predicate = true> <Delay = 0.00>
ST_1 : Operation 20 [1/1] (1.41ns)   --->   "%icmp_ln51 = icmp_sgt  i16 %trunc_ln44, i16 0" [firmware/nnet_utils/nnet_activation_stream.h:51]   --->   Operation 20 'icmp' 'icmp_ln51' <Predicate = true> <Delay = 1.41> <CoreInst = "Cmp">   --->   Core 9 'Cmp' <Latency = 0> <II = 1> <Delay = 1.41> <FuncUnit> <Opcode : 'seteq' 'setne' 'setle' 'setge' 'setlt' 'setgt'> <InPorts = 2> <OutPorts = 1>
ST_1 : Operation 21 [1/1] (0.40ns)   --->   "%select_ln51 = select i1 %icmp_ln51, i15 %trunc_ln44_38, i15 0" [firmware/nnet_utils/nnet_activation_stream.h:51]   --->   Operation 21 'select' 'select_ln51' <Predicate = true> <Delay = 0.40> <CoreInst = "Sel">   --->   Core 73 'Sel' <Latency = 0> <II = 1> <Delay = 0.40> <FuncUnit> <Opcode : 'select'> <InPorts = 3> <OutPorts = 1>
ST_1 : Operation 22 [1/1] (1.41ns)   --->   "%icmp_ln51_32 = icmp_sgt  i16 %trunc_ln44_32, i16 0" [firmware/nnet_utils/nnet_activation_stream.h:51]   --->   Operation 22 'icmp' 'icmp_ln51_32' <Predicate = true> <Delay = 1.41> <CoreInst = "Cmp">   --->   Core 9 'Cmp' <Latency = 0> <II = 1> <Delay = 1.41> <FuncUnit> <Opcode : 'seteq' 'setne' 'setle' 'setge' 'setlt' 'setgt'> <InPorts = 2> <OutPorts = 1>
ST_1 : Operation 23 [1/1] (0.40ns)   --->   "%select_ln51_32 = select i1 %icmp_ln51_32, i15 %trunc_ln44_s, i15 0" [firmware/nnet_utils/nnet_activation_stream.h:51]   --->   Operation 23 'select' 'select_ln51_32' <Predicate = true> <Delay = 0.40> <CoreInst = "Sel">   --->   Core 73 'Sel' <Latency = 0> <II = 1> <Delay = 0.40> <FuncUnit> <Opcode : 'select'> <InPorts = 3> <OutPorts = 1>
ST_1 : Operation 24 [1/1] (1.41ns)   --->   "%icmp_ln51_33 = icmp_sgt  i16 %trunc_ln44_33, i16 0" [firmware/nnet_utils/nnet_activation_stream.h:51]   --->   Operation 24 'icmp' 'icmp_ln51_33' <Predicate = true> <Delay = 1.41> <CoreInst = "Cmp">   --->   Core 9 'Cmp' <Latency = 0> <II = 1> <Delay = 1.41> <FuncUnit> <Opcode : 'seteq' 'setne' 'setle' 'setge' 'setlt' 'setgt'> <InPorts = 2> <OutPorts = 1>
ST_1 : Operation 25 [1/1] (0.40ns)   --->   "%select_ln51_33 = select i1 %icmp_ln51_33, i15 %trunc_ln44_35, i15 0" [firmware/nnet_utils/nnet_activation_stream.h:51]   --->   Operation 25 'select' 'select_ln51_33' <Predicate = true> <Delay = 0.40> <CoreInst = "Sel">   --->   Core 73 'Sel' <Latency = 0> <II = 1> <Delay = 0.40> <FuncUnit> <Opcode : 'select'> <InPorts = 3> <OutPorts = 1>
ST_1 : Operation 26 [1/1] (1.41ns)   --->   "%icmp_ln51_34 = icmp_sgt  i16 %trunc_ln44_34, i16 0" [firmware/nnet_utils/nnet_activation_stream.h:51]   --->   Operation 26 'icmp' 'icmp_ln51_34' <Predicate = true> <Delay = 1.41> <CoreInst = "Cmp">   --->   Core 9 'Cmp' <Latency = 0> <II = 1> <Delay = 1.41> <FuncUnit> <Opcode : 'seteq' 'setne' 'setle' 'setge' 'setlt' 'setgt'> <InPorts = 2> <OutPorts = 1>
ST_1 : Operation 27 [1/1] (0.40ns)   --->   "%select_ln51_34 = select i1 %icmp_ln51_34, i15 %trunc_ln7, i15 0" [firmware/nnet_utils/nnet_activation_stream.h:51]   --->   Operation 27 'select' 'select_ln51_34' <Predicate = true> <Delay = 0.40> <CoreInst = "Sel">   --->   Core 73 'Sel' <Latency = 0> <II = 1> <Delay = 0.40> <FuncUnit> <Opcode : 'select'> <InPorts = 3> <OutPorts = 1>
ST_1 : Operation 28 [1/1] (1.38ns)   --->   "%i_26 = add i14 %i_25, i14 1" [firmware/nnet_utils/nnet_activation_stream.h:41]   --->   Operation 28 'add' 'i_26' <Predicate = true> <Delay = 1.38> <CoreInst = "Adder">   --->   Core 1 'Adder' <Latency = 0> <II = 1> <Delay = 1.38> <FuncUnit> <Opcode : 'add' 'sub'> <InPorts = 2> <OutPorts = 1>
ST_1 : Operation 29 [1/1] (1.38ns)   --->   "%icmp_ln41 = icmp_eq  i14 %i_25, i14 16383" [firmware/nnet_utils/nnet_activation_stream.h:41]   --->   Operation 29 'icmp' 'icmp_ln41' <Predicate = true> <Delay = 1.38> <CoreInst = "Cmp">   --->   Core 9 'Cmp' <Latency = 0> <II = 1> <Delay = 1.38> <FuncUnit> <Opcode : 'seteq' 'setne' 'setle' 'setge' 'setlt' 'setgt'> <InPorts = 2> <OutPorts = 1>
ST_1 : Operation 30 [1/1] (0.53ns)   --->   "%store_ln41 = store i14 %i_26, i14 %i" [firmware/nnet_utils/nnet_activation_stream.h:41]   --->   Operation 30 'store' 'store_ln41' <Predicate = true> <Delay = 0.53>
ST_1 : Operation 31 [1/1] (0.00ns)   --->   "%br_ln41 = br i1 %icmp_ln41, void %ReLUPackLoop.split, void %for.end14" [firmware/nnet_utils/nnet_activation_stream.h:41]   --->   Operation 31 'br' 'br_ln41' <Predicate = true> <Delay = 0.00>

State 2 <SV = 1> <Delay = 1.82>
ST_2 : Operation 32 [1/1] (0.00ns)   --->   "%specpipeline_ln42 = specpipeline void @_ssdm_op_SpecPipeline, i32 4294967295, i32 0, i32 0, i32 0, i32 4294967295, void @empty_11" [firmware/nnet_utils/nnet_activation_stream.h:42]   --->   Operation 32 'specpipeline' 'specpipeline_ln42' <Predicate = true> <Delay = 0.00>
ST_2 : Operation 33 [1/1] (0.00ns)   --->   "%speclooptripcount_ln41 = speclooptripcount void @_ssdm_op_SpecLoopTripCount, i64 16384, i64 16384, i64 16384" [firmware/nnet_utils/nnet_activation_stream.h:41]   --->   Operation 33 'speclooptripcount' 'speclooptripcount_ln41' <Predicate = true> <Delay = 0.00>
ST_2 : Operation 34 [1/1] (0.00ns)   --->   "%specloopname_ln41 = specloopname void @_ssdm_op_SpecLoopName, void @empty_0" [firmware/nnet_utils/nnet_activation_stream.h:41]   --->   Operation 34 'specloopname' 'specloopname_ln41' <Predicate = true> <Delay = 0.00>
ST_2 : Operation 35 [1/1] (0.00ns)   --->   "%zext_ln51 = zext i15 %select_ln51" [firmware/nnet_utils/nnet_activation_stream.h:51]   --->   Operation 35 'zext' 'zext_ln51' <Predicate = true> <Delay = 0.00>
ST_2 : Operation 36 [1/1] (0.00ns)   --->   "%zext_ln51_27 = zext i15 %select_ln51_32" [firmware/nnet_utils/nnet_activation_stream.h:51]   --->   Operation 36 'zext' 'zext_ln51_27' <Predicate = true> <Delay = 0.00>
ST_2 : Operation 37 [1/1] (0.00ns)   --->   "%zext_ln51_28 = zext i15 %select_ln51_33" [firmware/nnet_utils/nnet_activation_stream.h:51]   --->   Operation 37 'zext' 'zext_ln51_28' <Predicate = true> <Delay = 0.00>
ST_2 : Operation 38 [1/1] (0.00ns)   --->   "%or_ln57_s = bitconcatenate i63 @_ssdm_op_BitConcatenate.i63.i15.i16.i16.i16, i15 %select_ln51_34, i16 %zext_ln51_28, i16 %zext_ln51_27, i16 %zext_ln51" [firmware/nnet_utils/nnet_activation_stream.h:57]   --->   Operation 38 'bitconcatenate' 'or_ln57_s' <Predicate = true> <Delay = 0.00>
ST_2 : Operation 39 [1/1] (0.00ns)   --->   "%zext_ln57 = zext i63 %or_ln57_s" [firmware/nnet_utils/nnet_activation_stream.h:57]   --->   Operation 39 'zext' 'zext_ln57' <Predicate = true> <Delay = 0.00>
ST_2 : Operation 40 [1/1] ( I:1.82ns O:1.82ns )   --->   "%write_ln57 = write void @_ssdm_op_Write.ap_fifo.volatile.i64P0A, i64 %layer8_out, i64 %zext_ln57" [firmware/nnet_utils/nnet_activation_stream.h:57]   --->   Operation 40 'write' 'write_ln57' <Predicate = true> <Delay = 1.82> <CoreInst = "FIFO">   --->   Core 77 'FIFO' <Latency = 0> <II = 1> <Delay = 2.16> <Storage> <Opcode : 'read' 'write' 'nbread' 'nbwrite'> <Ports = 0> <Width = 64> <Depth = 100000> <FIFO>
ST_2 : Operation 41 [1/1] (0.53ns)   --->   "%ret_ln59 = ret" [firmware/nnet_utils/nnet_activation_stream.h:59]   --->   Operation 41 'ret' 'ret_ln59' <Predicate = (icmp_ln41)> <Delay = 0.53>


============================================================
+ Verbose Summary: Timing violations
============================================================
Target clock period: 5.000ns, clock uncertainty: 1.350ns.

 <State 1>: 3.647ns
The critical path consists of the following:
	fifo read operation ('layer7_out_read', firmware/nnet_utils/nnet_activation_stream.h:44) on port 'layer7_out' (firmware/nnet_utils/nnet_activation_stream.h:44) [13]  (1.825 ns)
	'icmp' operation 1 bit ('icmp_ln51', firmware/nnet_utils/nnet_activation_stream.h:51) [22]  (1.419 ns)
	'select' operation 15 bit ('select_ln51', firmware/nnet_utils/nnet_activation_stream.h:51) [23]  (0.403 ns)

 <State 2>: 1.825ns
The critical path consists of the following:
	fifo write operation ('write_ln57', firmware/nnet_utils/nnet_activation_stream.h:57) on port 'layer8_out' (firmware/nnet_utils/nnet_activation_stream.h:57) [35]  (1.825 ns)


============================================================
+ Verbose Summary: Binding
============================================================
N/A
* FSMD analyzer results:
  - Output states:
 - Input state : 
  - Chain level:
	State 1
	State 2


============================================================
+ Verbose Summary: Datapath Resource usage 
============================================================
N/A
