

================================================================
== Vitis HLS Report for 'relu_array_ap_fixed_8u_array_ap_fixed_12_6_5_3_0_8u_relu_config24_s'
================================================================
* Date:           Wed Apr 22 16:02:16 2026

* Version:        2023.2 (Build 4023990 on Oct 11 2023)
* Project:        folo_prj
* Solution:       solution1 (Vivado IP Flow Target)
* Product family: kintexu
* Target device:  xcku035-fbva676-2-e


================================================================
== Performance Estimates
================================================================
+ Timing: 
    * Summary: 
    +--------+---------+----------+------------+
    |  Clock |  Target | Estimated| Uncertainty|
    +--------+---------+----------+------------+
    |ap_clk  |  5.00 ns|  3.515 ns|     1.35 ns|
    +--------+---------+----------+------------+

+ Latency: 
    * Summary: 
    +---------+---------+----------+----------+------+------+---------+
    |  Latency (cycles) |  Latency (absolute) |   Interval  | Pipeline|
    |   min   |   max   |    min   |    max   |  min |  max |   Type  |
    +---------+---------+----------+----------+------+------+---------+
    |     1027|     1027|  5.135 us|  5.135 us|  1027|  1027|       no|
    +---------+---------+----------+----------+------+------+---------+

    + Detail: 
        * Instance: 
        N/A

        * Loop: 
        +---------------+---------+---------+----------+-----------+-----------+------+----------+
        |               |  Latency (cycles) | Iteration|  Initiation Interval  | Trip |          |
        |   Loop Name   |   min   |   max   |  Latency |  achieved |   target  | Count| Pipelined|
        +---------------+---------+---------+----------+-----------+-----------+------+----------+
        |- ReLUActLoop  |     1025|     1025|         3|          1|          1|  1024|       yes|
        +---------------+---------+---------+----------+-----------+-----------+------+----------+



================================================================
== Utilization Estimates
================================================================
* Summary: 
+-----------------+---------+------+--------+--------+-----+
|       Name      | BRAM_18K|  DSP |   FF   |   LUT  | URAM|
+-----------------+---------+------+--------+--------+-----+
|DSP              |        -|     -|       -|       -|    -|
|Expression       |        -|     -|       0|     283|    -|
|FIFO             |        -|     -|       -|       -|    -|
|Instance         |        -|     -|       -|       -|    -|
|Memory           |        -|     -|       -|       -|    -|
|Multiplexer      |        -|     -|       -|      63|    -|
|Register         |        -|     -|     105|       -|    -|
+-----------------+---------+------+--------+--------+-----+
|Total            |        0|     0|     105|     346|    0|
+-----------------+---------+------+--------+--------+-----+
|Available        |     1080|  1700|  406256|  203128|    0|
+-----------------+---------+------+--------+--------+-----+
|Utilization (%)  |        0|     0|      ~0|      ~0|    0|
+-----------------+---------+------+--------+--------+-----+

+ Detail: 
    * Instance: 
    N/A

    * DSP: 
    N/A

    * Memory: 
    N/A

    * FIFO: 
    N/A

    * Expression: 
    +---------------------------+----------+----+---+----+------------+------------+
    |       Variable Name       | Operation| DSP| FF| LUT| Bitwidth P0| Bitwidth P1|
    +---------------------------+----------+----+---+----+------------+------------+
    |i_16_fu_117_p2             |         +|   0|  0|  18|          11|           1|
    |ap_condition_129           |       and|   0|  0|   2|           1|           1|
    |icmp_ln41_fu_111_p2        |      icmp|   0|  0|  19|          11|          12|
    |icmp_ln51_1_fu_290_p2      |      icmp|   0|  0|  19|          12|           1|
    |icmp_ln51_2_fu_304_p2      |      icmp|   0|  0|  19|          12|           1|
    |icmp_ln51_3_fu_318_p2      |      icmp|   0|  0|  19|          12|           1|
    |icmp_ln51_4_fu_332_p2      |      icmp|   0|  0|  19|          12|           1|
    |icmp_ln51_5_fu_346_p2      |      icmp|   0|  0|  19|          12|           1|
    |icmp_ln51_6_fu_360_p2      |      icmp|   0|  0|  19|          12|           1|
    |icmp_ln51_7_fu_374_p2      |      icmp|   0|  0|  19|          12|           1|
    |icmp_ln51_fu_276_p2        |      icmp|   0|  0|  19|          12|           1|
    |ap_block_pp0_stage0_01001  |        or|   0|  0|   2|           1|           1|
    |out_data_34_fu_282_p3      |    select|   0|  0|  11|           1|          11|
    |out_data_36_fu_296_p3      |    select|   0|  0|  11|           1|          11|
    |out_data_37_fu_310_p3      |    select|   0|  0|  11|           1|          11|
    |out_data_38_fu_324_p3      |    select|   0|  0|  11|           1|          11|
    |select_ln51_1_fu_352_p3    |    select|   0|  0|  11|           1|          11|
    |select_ln51_2_fu_366_p3    |    select|   0|  0|  11|           1|          11|
    |select_ln51_3_fu_380_p3    |    select|   0|  0|  11|           1|          11|
    |select_ln51_fu_338_p3      |    select|   0|  0|  11|           1|          11|
    |ap_enable_pp0              |       xor|   0|  0|   2|           1|           2|
    +---------------------------+----------+----+---+----+------------+------------+
    |Total                      |          |   0|  0| 283|         129|         113|
    +---------------------------+----------+----+---+----+------------+------------+

    * Multiplexer: 
    +-------------------------+----+-----------+-----+-----------+
    |           Name          | LUT| Input Size| Bits| Total Bits|
    +-------------------------+----+-----------+-----+-----------+
    |ap_done_int              |   9|          2|    1|          2|
    |ap_enable_reg_pp0_iter1  |   9|          2|    1|          2|
    |ap_sig_allocacmp_i_15    |   9|          2|   11|         22|
    |i_fu_86                  |   9|          2|   11|         22|
    |layer23_out_blk_n        |   9|          2|    1|          2|
    |layer24_out_blk_n        |   9|          2|    1|          2|
    |real_start               |   9|          2|    1|          2|
    +-------------------------+----+-----------+-----+-----------+
    |Total                    |  63|         14|   27|         54|
    +-------------------------+----+-----------+-----+-----------+

    * Register: 
    +----------------------------------+----+----+-----+-----------+
    |               Name               | FF | LUT| Bits| Const Bits|
    +----------------------------------+----+----+-----+-----------+
    |ap_CS_fsm                         |   1|   0|    1|          0|
    |ap_done_reg                       |   1|   0|    1|          0|
    |ap_enable_reg_pp0_iter1           |   1|   0|    1|          0|
    |ap_enable_reg_pp0_iter2           |   1|   0|    1|          0|
    |ap_loop_exit_ready_pp0_iter1_reg  |   1|   0|    1|          0|
    |i_fu_86                           |  11|   0|   11|          0|
    |out_data_34_reg_444               |  11|   0|   11|          0|
    |out_data_36_reg_449               |  11|   0|   11|          0|
    |out_data_37_reg_454               |  11|   0|   11|          0|
    |out_data_38_reg_459               |  11|   0|   11|          0|
    |select_ln51_1_reg_469             |  11|   0|   11|          0|
    |select_ln51_2_reg_474             |  11|   0|   11|          0|
    |select_ln51_3_reg_479             |  11|   0|   11|          0|
    |select_ln51_reg_464               |  11|   0|   11|          0|
    |start_once_reg                    |   1|   0|    1|          0|
    +----------------------------------+----+----+-----+-----------+
    |Total                             | 105|   0|  105|          0|
    +----------------------------------+----+----+-----+-----------+



================================================================
== Interface
================================================================
* Summary: 
+----------------------------+-----+-----+------------+-----------------------------------------------------------------------+--------------+
|          RTL Ports         | Dir | Bits|  Protocol  |                             Source Object                             |    C Type    |
+----------------------------+-----+-----+------------+-----------------------------------------------------------------------+--------------+
|ap_clk                      |   in|    1|  ap_ctrl_hs|  relu<array<ap_fixed,8u>,array<ap_fixed<12,6,5,3,0>,8u>,relu_config24>|  return value|
|ap_rst                      |   in|    1|  ap_ctrl_hs|  relu<array<ap_fixed,8u>,array<ap_fixed<12,6,5,3,0>,8u>,relu_config24>|  return value|
|ap_start                    |   in|    1|  ap_ctrl_hs|  relu<array<ap_fixed,8u>,array<ap_fixed<12,6,5,3,0>,8u>,relu_config24>|  return value|
|start_full_n                |   in|    1|  ap_ctrl_hs|  relu<array<ap_fixed,8u>,array<ap_fixed<12,6,5,3,0>,8u>,relu_config24>|  return value|
|ap_done                     |  out|    1|  ap_ctrl_hs|  relu<array<ap_fixed,8u>,array<ap_fixed<12,6,5,3,0>,8u>,relu_config24>|  return value|
|ap_continue                 |   in|    1|  ap_ctrl_hs|  relu<array<ap_fixed,8u>,array<ap_fixed<12,6,5,3,0>,8u>,relu_config24>|  return value|
|ap_idle                     |  out|    1|  ap_ctrl_hs|  relu<array<ap_fixed,8u>,array<ap_fixed<12,6,5,3,0>,8u>,relu_config24>|  return value|
|ap_ready                    |  out|    1|  ap_ctrl_hs|  relu<array<ap_fixed,8u>,array<ap_fixed<12,6,5,3,0>,8u>,relu_config24>|  return value|
|start_out                   |  out|    1|  ap_ctrl_hs|  relu<array<ap_fixed,8u>,array<ap_fixed<12,6,5,3,0>,8u>,relu_config24>|  return value|
|start_write                 |  out|    1|  ap_ctrl_hs|  relu<array<ap_fixed,8u>,array<ap_fixed<12,6,5,3,0>,8u>,relu_config24>|  return value|
|layer23_out_dout            |   in|   96|     ap_fifo|                                                            layer23_out|       pointer|
|layer23_out_num_data_valid  |   in|   11|     ap_fifo|                                                            layer23_out|       pointer|
|layer23_out_fifo_cap        |   in|   11|     ap_fifo|                                                            layer23_out|       pointer|
|layer23_out_empty_n         |   in|    1|     ap_fifo|                                                            layer23_out|       pointer|
|layer23_out_read            |  out|    1|     ap_fifo|                                                            layer23_out|       pointer|
|layer24_out_din             |  out|   96|     ap_fifo|                                                            layer24_out|       pointer|
|layer24_out_num_data_valid  |   in|   11|     ap_fifo|                                                            layer24_out|       pointer|
|layer24_out_fifo_cap        |   in|   11|     ap_fifo|                                                            layer24_out|       pointer|
|layer24_out_full_n          |   in|    1|     ap_fifo|                                                            layer24_out|       pointer|
|layer24_out_write           |  out|    1|     ap_fifo|                                                            layer24_out|       pointer|
+----------------------------+-----+-----+------------+-----------------------------------------------------------------------+--------------+

============================================================
+ Verbose Summary: Synthesis Manager
============================================================
InlineROM: 1
ExposeGlobal: 0
============================================================
+ Verbose Summary: CDFG Model
============================================================
IsTopModel: 0
ResetActiveHigh: 1
IsCombinational: 2
IsDatapathOnly: 0
HasWiredReturn: 1
HasMFsm: 2
HasVarLatency: 1
IsPipeline: 0
IsRtlPipelined: 0
IsInstanceOverlapped: 0
IsDontTouch: 0
HasImplIP: 0
IsGatedGlobalClock: 0

+ Individual pipeline summary: 
  * Pipeline-0: initiation interval (II) = 1, depth = 3


============================================================
+ Verbose Summary: Schedule
============================================================
* Number of FSM states : 3
* Pipeline : 1
  Pipeline-0 : II = 1, D = 3, States = { 1 2 3 }
* Dataflow Pipeline: 0

* FSM state transitions: 
1 --> 2 
2 --> 3 
3 --> 

* FSM state operations: 

State 1 <SV = 0> <Delay = 2.41>
ST_1 : Operation 6 [1/1] (0.00ns)   --->   "%i = alloca i32 1" [firmware/nnet_utils/nnet_activation_stream.h:41]   --->   Operation 6 'alloca' 'i' <Predicate = true> <Delay = 0.00>
ST_1 : Operation 7 [1/1] (0.00ns)   --->   "%specinterface_ln0 = specinterface void @_ssdm_op_SpecInterface, i96 %layer24_out, void @empty_13, i32 0, i32 0, void @empty_8, i32 0, i32 0, void @empty_8, void @empty_8, void @empty_8, i32 0, i32 0, i32 0, i32 0, void @empty_8, void @empty_8, i32 4294967295, i32 0"   --->   Operation 7 'specinterface' 'specinterface_ln0' <Predicate = true> <Delay = 0.00>
ST_1 : Operation 8 [1/1] (0.00ns)   --->   "%specinterface_ln0 = specinterface void @_ssdm_op_SpecInterface, i96 %layer23_out, void @empty_13, i32 0, i32 0, void @empty_8, i32 0, i32 0, void @empty_8, void @empty_8, void @empty_8, i32 0, i32 0, i32 0, i32 0, void @empty_8, void @empty_8, i32 4294967295, i32 0"   --->   Operation 8 'specinterface' 'specinterface_ln0' <Predicate = true> <Delay = 0.00>
ST_1 : Operation 9 [1/1] (0.53ns)   --->   "%store_ln41 = store i11 0, i11 %i" [firmware/nnet_utils/nnet_activation_stream.h:41]   --->   Operation 9 'store' 'store_ln41' <Predicate = true> <Delay = 0.53>
ST_1 : Operation 10 [1/1] (0.00ns)   --->   "%br_ln41 = br void %ReLUPackLoop" [firmware/nnet_utils/nnet_activation_stream.h:41]   --->   Operation 10 'br' 'br_ln41' <Predicate = true> <Delay = 0.00>
ST_1 : Operation 11 [1/1] (0.00ns)   --->   "%i_15 = load i11 %i" [firmware/nnet_utils/nnet_activation_stream.h:41]   --->   Operation 11 'load' 'i_15' <Predicate = true> <Delay = 0.00>
ST_1 : Operation 12 [1/1] (1.33ns)   --->   "%icmp_ln41 = icmp_eq  i11 %i_15, i11 1024" [firmware/nnet_utils/nnet_activation_stream.h:41]   --->   Operation 12 'icmp' 'icmp_ln41' <Predicate = true> <Delay = 1.33> <CoreInst = "Cmp">   --->   Core 9 'Cmp' <Latency = 0> <II = 1> <Delay = 1.35> <FuncUnit> <Opcode : 'icmp'> <InPorts = 2> <OutPorts = 1>
ST_1 : Operation 13 [1/1] (1.33ns)   --->   "%i_16 = add i11 %i_15, i11 1" [firmware/nnet_utils/nnet_activation_stream.h:41]   --->   Operation 13 'add' 'i_16' <Predicate = true> <Delay = 1.33> <CoreInst = "Adder">   --->   Core 1 'Adder' <Latency = 0> <II = 1> <Delay = 1.33> <FuncUnit> <Opcode : 'add' 'sub'> <InPorts = 2> <OutPorts = 1>
ST_1 : Operation 14 [1/1] (0.00ns)   --->   "%br_ln41 = br i1 %icmp_ln41, void %ReLUPackLoop.split, void %for.end14" [firmware/nnet_utils/nnet_activation_stream.h:41]   --->   Operation 14 'br' 'br_ln41' <Predicate = true> <Delay = 0.00>
ST_1 : Operation 15 [1/1] (0.53ns)   --->   "%store_ln41 = store i11 %i_16, i11 %i" [firmware/nnet_utils/nnet_activation_stream.h:41]   --->   Operation 15 'store' 'store_ln41' <Predicate = (!icmp_ln41)> <Delay = 0.53>

State 2 <SV = 1> <Delay = 3.51>
ST_2 : Operation 16 [1/1] (1.82ns)   --->   "%layer23_out_read = read i96 @_ssdm_op_Read.ap_fifo.volatile.i96P0A, i96 %layer23_out" [firmware/nnet_utils/nnet_activation_stream.h:44]   --->   Operation 16 'read' 'layer23_out_read' <Predicate = true> <Delay = 1.82> <CoreInst = "FIFO">   --->   Core 78 'FIFO' <Latency = 0> <II = 1> <Delay = 2.16> <Storage> <Opcode : 'read' 'write' 'nbread' 'nbwrite'> <Ports = 0> <Width = 96> <Depth = 1024> <FIFO>
ST_2 : Operation 17 [1/1] (0.00ns)   --->   "%out_data = trunc i96 %layer23_out_read" [firmware/nnet_utils/nnet_activation_stream.h:44]   --->   Operation 17 'trunc' 'out_data' <Predicate = true> <Delay = 0.00>
ST_2 : Operation 18 [1/1] (0.00ns)   --->   "%trunc_ln44_11 = trunc i96 %layer23_out_read" [firmware/nnet_utils/nnet_activation_stream.h:44]   --->   Operation 18 'trunc' 'trunc_ln44_11' <Predicate = true> <Delay = 0.00>
ST_2 : Operation 19 [1/1] (0.00ns)   --->   "%out_data_35 = partselect i12 @_ssdm_op_PartSelect.i12.i96.i32.i32, i96 %layer23_out_read, i32 12, i32 23" [firmware/nnet_utils/nnet_activation_stream.h:44]   --->   Operation 19 'partselect' 'out_data_35' <Predicate = true> <Delay = 0.00>
ST_2 : Operation 20 [1/1] (0.00ns)   --->   "%trunc_ln44_1 = partselect i11 @_ssdm_op_PartSelect.i11.i96.i32.i32, i96 %layer23_out_read, i32 12, i32 22" [firmware/nnet_utils/nnet_activation_stream.h:44]   --->   Operation 20 'partselect' 'trunc_ln44_1' <Predicate = true> <Delay = 0.00>
ST_2 : Operation 21 [1/1] (0.00ns)   --->   "%out_data_1 = partselect i12 @_ssdm_op_PartSelect.i12.i96.i32.i32, i96 %layer23_out_read, i32 24, i32 35" [firmware/nnet_utils/nnet_activation_stream.h:44]   --->   Operation 21 'partselect' 'out_data_1' <Predicate = true> <Delay = 0.00>
ST_2 : Operation 22 [1/1] (0.00ns)   --->   "%trunc_ln44_2 = partselect i11 @_ssdm_op_PartSelect.i11.i96.i32.i32, i96 %layer23_out_read, i32 24, i32 34" [firmware/nnet_utils/nnet_activation_stream.h:44]   --->   Operation 22 'partselect' 'trunc_ln44_2' <Predicate = true> <Delay = 0.00>
ST_2 : Operation 23 [1/1] (0.00ns)   --->   "%out_data_2 = partselect i12 @_ssdm_op_PartSelect.i12.i96.i32.i32, i96 %layer23_out_read, i32 36, i32 47" [firmware/nnet_utils/nnet_activation_stream.h:44]   --->   Operation 23 'partselect' 'out_data_2' <Predicate = true> <Delay = 0.00>
ST_2 : Operation 24 [1/1] (0.00ns)   --->   "%trunc_ln44_3 = partselect i11 @_ssdm_op_PartSelect.i11.i96.i32.i32, i96 %layer23_out_read, i32 36, i32 46" [firmware/nnet_utils/nnet_activation_stream.h:44]   --->   Operation 24 'partselect' 'trunc_ln44_3' <Predicate = true> <Delay = 0.00>
ST_2 : Operation 25 [1/1] (0.00ns)   --->   "%trunc_ln44_4 = partselect i12 @_ssdm_op_PartSelect.i12.i96.i32.i32, i96 %layer23_out_read, i32 48, i32 59" [firmware/nnet_utils/nnet_activation_stream.h:44]   --->   Operation 25 'partselect' 'trunc_ln44_4' <Predicate = true> <Delay = 0.00>
ST_2 : Operation 26 [1/1] (0.00ns)   --->   "%trunc_ln44_8 = partselect i11 @_ssdm_op_PartSelect.i11.i96.i32.i32, i96 %layer23_out_read, i32 48, i32 58" [firmware/nnet_utils/nnet_activation_stream.h:44]   --->   Operation 26 'partselect' 'trunc_ln44_8' <Predicate = true> <Delay = 0.00>
ST_2 : Operation 27 [1/1] (0.00ns)   --->   "%trunc_ln44_5 = partselect i12 @_ssdm_op_PartSelect.i12.i96.i32.i32, i96 %layer23_out_read, i32 60, i32 71" [firmware/nnet_utils/nnet_activation_stream.h:44]   --->   Operation 27 'partselect' 'trunc_ln44_5' <Predicate = true> <Delay = 0.00>
ST_2 : Operation 28 [1/1] (0.00ns)   --->   "%trunc_ln44_9 = partselect i11 @_ssdm_op_PartSelect.i11.i96.i32.i32, i96 %layer23_out_read, i32 60, i32 70" [firmware/nnet_utils/nnet_activation_stream.h:44]   --->   Operation 28 'partselect' 'trunc_ln44_9' <Predicate = true> <Delay = 0.00>
ST_2 : Operation 29 [1/1] (0.00ns)   --->   "%trunc_ln44_6 = partselect i12 @_ssdm_op_PartSelect.i12.i96.i32.i32, i96 %layer23_out_read, i32 72, i32 83" [firmware/nnet_utils/nnet_activation_stream.h:44]   --->   Operation 29 'partselect' 'trunc_ln44_6' <Predicate = true> <Delay = 0.00>
ST_2 : Operation 30 [1/1] (0.00ns)   --->   "%trunc_ln44_s = partselect i11 @_ssdm_op_PartSelect.i11.i96.i32.i32, i96 %layer23_out_read, i32 72, i32 82" [firmware/nnet_utils/nnet_activation_stream.h:44]   --->   Operation 30 'partselect' 'trunc_ln44_s' <Predicate = true> <Delay = 0.00>
ST_2 : Operation 31 [1/1] (0.00ns)   --->   "%trunc_ln44_7 = partselect i12 @_ssdm_op_PartSelect.i12.i96.i32.i32, i96 %layer23_out_read, i32 84, i32 95" [firmware/nnet_utils/nnet_activation_stream.h:44]   --->   Operation 31 'partselect' 'trunc_ln44_7' <Predicate = true> <Delay = 0.00>
ST_2 : Operation 32 [1/1] (0.00ns)   --->   "%trunc_ln = partselect i11 @_ssdm_op_PartSelect.i11.i96.i32.i32, i96 %layer23_out_read, i32 84, i32 94" [firmware/nnet_utils/nnet_activation_stream.h:51]   --->   Operation 32 'partselect' 'trunc_ln' <Predicate = true> <Delay = 0.00>
ST_2 : Operation 33 [1/1] (1.35ns)   --->   "%icmp_ln51 = icmp_sgt  i12 %out_data, i12 0" [firmware/nnet_utils/nnet_activation_stream.h:51]   --->   Operation 33 'icmp' 'icmp_ln51' <Predicate = true> <Delay = 1.35> <CoreInst = "Cmp">   --->   Core 9 'Cmp' <Latency = 0> <II = 1> <Delay = 1.35> <FuncUnit> <Opcode : 'icmp'> <InPorts = 2> <OutPorts = 1>
ST_2 : Operation 34 [1/1] (0.33ns)   --->   "%out_data_34 = select i1 %icmp_ln51, i11 %trunc_ln44_11, i11 0" [firmware/nnet_utils/nnet_activation_stream.h:51]   --->   Operation 34 'select' 'out_data_34' <Predicate = true> <Delay = 0.33> <CoreInst = "Sel">   --->   Core 73 'Sel' <Latency = 0> <II = 1> <Delay = 0.33> <FuncUnit> <Opcode : 'select'> <InPorts = 3> <OutPorts = 1>
ST_2 : Operation 35 [1/1] (1.35ns)   --->   "%icmp_ln51_1 = icmp_sgt  i12 %out_data_35, i12 0" [firmware/nnet_utils/nnet_activation_stream.h:51]   --->   Operation 35 'icmp' 'icmp_ln51_1' <Predicate = true> <Delay = 1.35> <CoreInst = "Cmp">   --->   Core 9 'Cmp' <Latency = 0> <II = 1> <Delay = 1.35> <FuncUnit> <Opcode : 'icmp'> <InPorts = 2> <OutPorts = 1>
ST_2 : Operation 36 [1/1] (0.33ns)   --->   "%out_data_36 = select i1 %icmp_ln51_1, i11 %trunc_ln44_1, i11 0" [firmware/nnet_utils/nnet_activation_stream.h:51]   --->   Operation 36 'select' 'out_data_36' <Predicate = true> <Delay = 0.33> <CoreInst = "Sel">   --->   Core 73 'Sel' <Latency = 0> <II = 1> <Delay = 0.33> <FuncUnit> <Opcode : 'select'> <InPorts = 3> <OutPorts = 1>
ST_2 : Operation 37 [1/1] (1.35ns)   --->   "%icmp_ln51_2 = icmp_sgt  i12 %out_data_1, i12 0" [firmware/nnet_utils/nnet_activation_stream.h:51]   --->   Operation 37 'icmp' 'icmp_ln51_2' <Predicate = true> <Delay = 1.35> <CoreInst = "Cmp">   --->   Core 9 'Cmp' <Latency = 0> <II = 1> <Delay = 1.35> <FuncUnit> <Opcode : 'icmp'> <InPorts = 2> <OutPorts = 1>
ST_2 : Operation 38 [1/1] (0.33ns)   --->   "%out_data_37 = select i1 %icmp_ln51_2, i11 %trunc_ln44_2, i11 0" [firmware/nnet_utils/nnet_activation_stream.h:51]   --->   Operation 38 'select' 'out_data_37' <Predicate = true> <Delay = 0.33> <CoreInst = "Sel">   --->   Core 73 'Sel' <Latency = 0> <II = 1> <Delay = 0.33> <FuncUnit> <Opcode : 'select'> <InPorts = 3> <OutPorts = 1>
ST_2 : Operation 39 [1/1] (1.35ns)   --->   "%icmp_ln51_3 = icmp_sgt  i12 %out_data_2, i12 0" [firmware/nnet_utils/nnet_activation_stream.h:51]   --->   Operation 39 'icmp' 'icmp_ln51_3' <Predicate = true> <Delay = 1.35> <CoreInst = "Cmp">   --->   Core 9 'Cmp' <Latency = 0> <II = 1> <Delay = 1.35> <FuncUnit> <Opcode : 'icmp'> <InPorts = 2> <OutPorts = 1>
ST_2 : Operation 40 [1/1] (0.33ns)   --->   "%out_data_38 = select i1 %icmp_ln51_3, i11 %trunc_ln44_3, i11 0" [firmware/nnet_utils/nnet_activation_stream.h:51]   --->   Operation 40 'select' 'out_data_38' <Predicate = true> <Delay = 0.33> <CoreInst = "Sel">   --->   Core 73 'Sel' <Latency = 0> <II = 1> <Delay = 0.33> <FuncUnit> <Opcode : 'select'> <InPorts = 3> <OutPorts = 1>
ST_2 : Operation 41 [1/1] (1.35ns)   --->   "%icmp_ln51_4 = icmp_sgt  i12 %trunc_ln44_4, i12 0" [firmware/nnet_utils/nnet_activation_stream.h:51]   --->   Operation 41 'icmp' 'icmp_ln51_4' <Predicate = true> <Delay = 1.35> <CoreInst = "Cmp">   --->   Core 9 'Cmp' <Latency = 0> <II = 1> <Delay = 1.35> <FuncUnit> <Opcode : 'icmp'> <InPorts = 2> <OutPorts = 1>
ST_2 : Operation 42 [1/1] (0.33ns)   --->   "%select_ln51 = select i1 %icmp_ln51_4, i11 %trunc_ln44_8, i11 0" [firmware/nnet_utils/nnet_activation_stream.h:51]   --->   Operation 42 'select' 'select_ln51' <Predicate = true> <Delay = 0.33> <CoreInst = "Sel">   --->   Core 73 'Sel' <Latency = 0> <II = 1> <Delay = 0.33> <FuncUnit> <Opcode : 'select'> <InPorts = 3> <OutPorts = 1>
ST_2 : Operation 43 [1/1] (1.35ns)   --->   "%icmp_ln51_5 = icmp_sgt  i12 %trunc_ln44_5, i12 0" [firmware/nnet_utils/nnet_activation_stream.h:51]   --->   Operation 43 'icmp' 'icmp_ln51_5' <Predicate = true> <Delay = 1.35> <CoreInst = "Cmp">   --->   Core 9 'Cmp' <Latency = 0> <II = 1> <Delay = 1.35> <FuncUnit> <Opcode : 'icmp'> <InPorts = 2> <OutPorts = 1>
ST_2 : Operation 44 [1/1] (0.33ns)   --->   "%select_ln51_1 = select i1 %icmp_ln51_5, i11 %trunc_ln44_9, i11 0" [firmware/nnet_utils/nnet_activation_stream.h:51]   --->   Operation 44 'select' 'select_ln51_1' <Predicate = true> <Delay = 0.33> <CoreInst = "Sel">   --->   Core 73 'Sel' <Latency = 0> <II = 1> <Delay = 0.33> <FuncUnit> <Opcode : 'select'> <InPorts = 3> <OutPorts = 1>
ST_2 : Operation 45 [1/1] (1.35ns)   --->   "%icmp_ln51_6 = icmp_sgt  i12 %trunc_ln44_6, i12 0" [firmware/nnet_utils/nnet_activation_stream.h:51]   --->   Operation 45 'icmp' 'icmp_ln51_6' <Predicate = true> <Delay = 1.35> <CoreInst = "Cmp">   --->   Core 9 'Cmp' <Latency = 0> <II = 1> <Delay = 1.35> <FuncUnit> <Opcode : 'icmp'> <InPorts = 2> <OutPorts = 1>
ST_2 : Operation 46 [1/1] (0.33ns)   --->   "%select_ln51_2 = select i1 %icmp_ln51_6, i11 %trunc_ln44_s, i11 0" [firmware/nnet_utils/nnet_activation_stream.h:51]   --->   Operation 46 'select' 'select_ln51_2' <Predicate = true> <Delay = 0.33> <CoreInst = "Sel">   --->   Core 73 'Sel' <Latency = 0> <II = 1> <Delay = 0.33> <FuncUnit> <Opcode : 'select'> <InPorts = 3> <OutPorts = 1>
ST_2 : Operation 47 [1/1] (1.35ns)   --->   "%icmp_ln51_7 = icmp_sgt  i12 %trunc_ln44_7, i12 0" [firmware/nnet_utils/nnet_activation_stream.h:51]   --->   Operation 47 'icmp' 'icmp_ln51_7' <Predicate = true> <Delay = 1.35> <CoreInst = "Cmp">   --->   Core 9 'Cmp' <Latency = 0> <II = 1> <Delay = 1.35> <FuncUnit> <Opcode : 'icmp'> <InPorts = 2> <OutPorts = 1>
ST_2 : Operation 48 [1/1] (0.33ns)   --->   "%select_ln51_3 = select i1 %icmp_ln51_7, i11 %trunc_ln, i11 0" [firmware/nnet_utils/nnet_activation_stream.h:51]   --->   Operation 48 'select' 'select_ln51_3' <Predicate = true> <Delay = 0.33> <CoreInst = "Sel">   --->   Core 73 'Sel' <Latency = 0> <II = 1> <Delay = 0.33> <FuncUnit> <Opcode : 'select'> <InPorts = 3> <OutPorts = 1>
ST_2 : Operation 63 [1/1] (0.00ns)   --->   "%ret_ln59 = ret" [firmware/nnet_utils/nnet_activation_stream.h:59]   --->   Operation 63 'ret' 'ret_ln59' <Predicate = (icmp_ln41)> <Delay = 0.00>

State 3 <SV = 2> <Delay = 1.82>
ST_3 : Operation 49 [1/1] (0.00ns)   --->   "%specpipeline_ln42 = specpipeline void @_ssdm_op_SpecPipeline, i32 4294967295, i32 0, i32 0, i32 0, void @empty_8" [firmware/nnet_utils/nnet_activation_stream.h:42]   --->   Operation 49 'specpipeline' 'specpipeline_ln42' <Predicate = true> <Delay = 0.00>
ST_3 : Operation 50 [1/1] (0.00ns)   --->   "%speclooptripcount_ln41 = speclooptripcount void @_ssdm_op_SpecLoopTripCount, i64 1024, i64 1024, i64 1024" [firmware/nnet_utils/nnet_activation_stream.h:41]   --->   Operation 50 'speclooptripcount' 'speclooptripcount_ln41' <Predicate = true> <Delay = 0.00>
ST_3 : Operation 51 [1/1] (0.00ns)   --->   "%specloopname_ln41 = specloopname void @_ssdm_op_SpecLoopName, void @empty_10" [firmware/nnet_utils/nnet_activation_stream.h:41]   --->   Operation 51 'specloopname' 'specloopname_ln41' <Predicate = true> <Delay = 0.00>
ST_3 : Operation 52 [1/1] (0.00ns)   --->   "%zext_ln45 = zext i11 %out_data_34" [firmware/nnet_utils/nnet_activation_stream.h:45]   --->   Operation 52 'zext' 'zext_ln45' <Predicate = true> <Delay = 0.00>
ST_3 : Operation 53 [1/1] (0.00ns)   --->   "%zext_ln45_1 = zext i11 %out_data_36" [firmware/nnet_utils/nnet_activation_stream.h:45]   --->   Operation 53 'zext' 'zext_ln45_1' <Predicate = true> <Delay = 0.00>
ST_3 : Operation 54 [1/1] (0.00ns)   --->   "%zext_ln45_2 = zext i11 %out_data_37" [firmware/nnet_utils/nnet_activation_stream.h:45]   --->   Operation 54 'zext' 'zext_ln45_2' <Predicate = true> <Delay = 0.00>
ST_3 : Operation 55 [1/1] (0.00ns)   --->   "%zext_ln45_3 = zext i11 %out_data_38" [firmware/nnet_utils/nnet_activation_stream.h:45]   --->   Operation 55 'zext' 'zext_ln45_3' <Predicate = true> <Delay = 0.00>
ST_3 : Operation 56 [1/1] (0.00ns)   --->   "%zext_ln51 = zext i11 %select_ln51" [firmware/nnet_utils/nnet_activation_stream.h:51]   --->   Operation 56 'zext' 'zext_ln51' <Predicate = true> <Delay = 0.00>
ST_3 : Operation 57 [1/1] (0.00ns)   --->   "%zext_ln51_1 = zext i11 %select_ln51_1" [firmware/nnet_utils/nnet_activation_stream.h:51]   --->   Operation 57 'zext' 'zext_ln51_1' <Predicate = true> <Delay = 0.00>
ST_3 : Operation 58 [1/1] (0.00ns)   --->   "%zext_ln51_2 = zext i11 %select_ln51_2" [firmware/nnet_utils/nnet_activation_stream.h:51]   --->   Operation 58 'zext' 'zext_ln51_2' <Predicate = true> <Delay = 0.00>
ST_3 : Operation 59 [1/1] (0.00ns)   --->   "%or_ln57_s = bitconcatenate i95 @_ssdm_op_BitConcatenate.i95.i11.i12.i12.i12.i12.i12.i12.i12, i11 %select_ln51_3, i12 %zext_ln51_2, i12 %zext_ln51_1, i12 %zext_ln51, i12 %zext_ln45_3, i12 %zext_ln45_2, i12 %zext_ln45_1, i12 %zext_ln45" [firmware/nnet_utils/nnet_activation_stream.h:57]   --->   Operation 59 'bitconcatenate' 'or_ln57_s' <Predicate = true> <Delay = 0.00>
ST_3 : Operation 60 [1/1] (0.00ns)   --->   "%zext_ln57 = zext i95 %or_ln57_s" [firmware/nnet_utils/nnet_activation_stream.h:57]   --->   Operation 60 'zext' 'zext_ln57' <Predicate = true> <Delay = 0.00>
ST_3 : Operation 61 [1/1] (1.82ns)   --->   "%write_ln57 = write void @_ssdm_op_Write.ap_fifo.volatile.i96P0A, i96 %layer24_out, i96 %zext_ln57" [firmware/nnet_utils/nnet_activation_stream.h:57]   --->   Operation 61 'write' 'write_ln57' <Predicate = true> <Delay = 1.82> <CoreInst = "FIFO">   --->   Core 78 'FIFO' <Latency = 0> <II = 1> <Delay = 2.16> <Storage> <Opcode : 'read' 'write' 'nbread' 'nbwrite'> <Ports = 0> <Width = 96> <Depth = 1024> <FIFO>
ST_3 : Operation 62 [1/1] (0.00ns)   --->   "%br_ln41 = br void %ReLUPackLoop" [firmware/nnet_utils/nnet_activation_stream.h:41]   --->   Operation 62 'br' 'br_ln41' <Predicate = true> <Delay = 0.00>


============================================================
+ Verbose Summary: Binding
============================================================
STG Binding: 
---------------- STG Properties BEGIN ----------------
- Is combinational: 0
- Is one-state seq: 0
- Is datapath-only: 0
- Is pipelined: 0
- Is top level: 0
Port [ Return ] is wired: 1; IO mode=ap_ctrl_hs:ce=0
Port [ layer23_out]:  wired=1; compound=1; hidden=0; nouse=0; global=0; static=0; extern=0; dir=0; type=3; pingpong=0; private_global=0; IO mode=ap_fifo:ce=0
Port [ layer24_out]:  wired=1; compound=1; hidden=0; nouse=0; global=0; static=0; extern=0; dir=1; type=3; pingpong=0; private_global=0; IO mode=ap_fifo:ce=0
---------------- STG Properties END ------------------

---------------- Datapath Model BEGIN ----------------

<LifeTime>
<method=bitvector/>
i                      (alloca           ) [ 0100]
specinterface_ln0      (specinterface    ) [ 0000]
specinterface_ln0      (specinterface    ) [ 0000]
store_ln41             (store            ) [ 0000]
br_ln41                (br               ) [ 0000]
i_15                   (load             ) [ 0000]
icmp_ln41              (icmp             ) [ 0110]
i_16                   (add              ) [ 0000]
br_ln41                (br               ) [ 0000]
store_ln41             (store            ) [ 0000]
layer23_out_read       (read             ) [ 0000]
out_data               (trunc            ) [ 0000]
trunc_ln44_11          (trunc            ) [ 0000]
out_data_35            (partselect       ) [ 0000]
trunc_ln44_1           (partselect       ) [ 0000]
out_data_1             (partselect       ) [ 0000]
trunc_ln44_2           (partselect       ) [ 0000]
out_data_2             (partselect       ) [ 0000]
trunc_ln44_3           (partselect       ) [ 0000]
trunc_ln44_4           (partselect       ) [ 0000]
trunc_ln44_8           (partselect       ) [ 0000]
trunc_ln44_5           (partselect       ) [ 0000]
trunc_ln44_9           (partselect       ) [ 0000]
trunc_ln44_6           (partselect       ) [ 0000]
trunc_ln44_s           (partselect       ) [ 0000]
trunc_ln44_7           (partselect       ) [ 0000]
trunc_ln               (partselect       ) [ 0000]
icmp_ln51              (icmp             ) [ 0000]
out_data_34            (select           ) [ 0101]
icmp_ln51_1            (icmp             ) [ 0000]
out_data_36            (select           ) [ 0101]
icmp_ln51_2            (icmp             ) [ 0000]
out_data_37            (select           ) [ 0101]
icmp_ln51_3            (icmp             ) [ 0000]
out_data_38            (select           ) [ 0101]
icmp_ln51_4            (icmp             ) [ 0000]
select_ln51            (select           ) [ 0101]
icmp_ln51_5            (icmp             ) [ 0000]
select_ln51_1          (select           ) [ 0101]
icmp_ln51_6            (icmp             ) [ 0000]
select_ln51_2          (select           ) [ 0101]
icmp_ln51_7            (icmp             ) [ 0000]
select_ln51_3          (select           ) [ 0101]
specpipeline_ln42      (specpipeline     ) [ 0000]
speclooptripcount_ln41 (speclooptripcount) [ 0000]
specloopname_ln41      (specloopname     ) [ 0000]
zext_ln45              (zext             ) [ 0000]
zext_ln45_1            (zext             ) [ 0000]
zext_ln45_2            (zext             ) [ 0000]
zext_ln45_3            (zext             ) [ 0000]
zext_ln51              (zext             ) [ 0000]
zext_ln51_1            (zext             ) [ 0000]
zext_ln51_2            (zext             ) [ 0000]
or_ln57_s              (bitconcatenate   ) [ 0000]
zext_ln57              (zext             ) [ 0000]
write_ln57             (write            ) [ 0000]
br_ln41                (br               ) [ 0000]
ret_ln59               (ret              ) [ 0000]
</LifeTime>

<model>

<comp_list>
<comp id="0" class="1000" name="layer23_out">
<pin_list>
<pin id="1" dir="1" index="0" bw="1" slack="0"/>
</pin_list>
<bind>
<StgValue><ssdm name="layer23_out"/></StgValue>
</bind>
</comp>

<comp id="2" class="1000" name="layer24_out">
<pin_list>
<pin id="3" dir="1" index="0" bw="1" slack="0"/>
</pin_list>
<bind>
<StgValue><ssdm name="layer24_out"/></StgValue>
</bind>
</comp>

<comp id="4" class="1001" name="const_4">
<pin_list>
<pin id="5" dir="1" index="0" bw="1" slack="0"/>
</pin_list>
<bind>
<StgValue><ssdm name=""/></StgValue>
</bind>
</comp>

<comp id="6" class="1001" name="const_6">
<pin_list>
<pin id="7" dir="1" index="0" bw="1" slack="2147483647"/>
</pin_list>
<bind>
<StgValue><ssdm name="_ssdm_op_SpecInterface"/></StgValue>
</bind>
</comp>

<comp id="8" class="1001" name="const_8">
<pin_list>
<pin id="9" dir="1" index="0" bw="1" slack="2147483647"/>
</pin_list>
<bind>
<StgValue><ssdm name="empty_13"/></StgValue>
</bind>
</comp>

<comp id="10" class="1001" name="const_10">
<pin_list>
<pin id="11" dir="1" index="0" bw="1" slack="2147483647"/>
</pin_list>
<bind>
<StgValue><ssdm name=""/></StgValue>
</bind>
</comp>

<comp id="12" class="1001" name="const_12">
<pin_list>
<pin id="13" dir="1" index="0" bw="1" slack="2147483647"/>
</pin_list>
<bind>
<StgValue><ssdm name="empty_8"/></StgValue>
</bind>
</comp>

<comp id="14" class="1001" name="const_14">
<pin_list>
<pin id="15" dir="1" index="0" bw="1" slack="2147483647"/>
</pin_list>
<bind>
<StgValue><ssdm name=""/></StgValue>
</bind>
</comp>

<comp id="16" class="1001" name="const_16">
<pin_list>
<pin id="17" dir="1" index="0" bw="1" slack="0"/>
</pin_list>
<bind>
<StgValue><ssdm name=""/></StgValue>
</bind>
</comp>

<comp id="18" class="1001" name="const_18">
<pin_list>
<pin id="19" dir="1" index="0" bw="1" slack="0"/>
</pin_list>
<bind>
<StgValue><ssdm name=""/></StgValue>
</bind>
</comp>

<comp id="20" class="1001" name="const_20">
<pin_list>
<pin id="21" dir="1" index="0" bw="1" slack="0"/>
</pin_list>
<bind>
<StgValue><ssdm name=""/></StgValue>
</bind>
</comp>

<comp id="22" class="1001" name="const_22">
<pin_list>
<pin id="23" dir="1" index="0" bw="1" slack="0"/>
</pin_list>
<bind>
<StgValue><ssdm name="_ssdm_op_Read.ap_fifo.volatile.i96P0A"/></StgValue>
</bind>
</comp>

<comp id="24" class="1001" name="const_24">
<pin_list>
<pin id="25" dir="1" index="0" bw="1" slack="0"/>
</pin_list>
<bind>
<StgValue><ssdm name="_ssdm_op_PartSelect.i12.i96.i32.i32"/></StgValue>
</bind>
</comp>

<comp id="26" class="1001" name="const_26">
<pin_list>
<pin id="27" dir="1" index="0" bw="1" slack="0"/>
</pin_list>
<bind>
<StgValue><ssdm name=""/></StgValue>
</bind>
</comp>

<comp id="28" class="1001" name="const_28">
<pin_list>
<pin id="29" dir="1" index="0" bw="1" slack="0"/>
</pin_list>
<bind>
<StgValue><ssdm name=""/></StgValue>
</bind>
</comp>

<comp id="30" class="1001" name="const_30">
<pin_list>
<pin id="31" dir="1" index="0" bw="1" slack="0"/>
</pin_list>
<bind>
<StgValue><ssdm name="_ssdm_op_PartSelect.i11.i96.i32.i32"/></StgValue>
</bind>
</comp>

<comp id="32" class="1001" name="const_32">
<pin_list>
<pin id="33" dir="1" index="0" bw="1" slack="0"/>
</pin_list>
<bind>
<StgValue><ssdm name=""/></StgValue>
</bind>
</comp>

<comp id="34" class="1001" name="const_34">
<pin_list>
<pin id="35" dir="1" index="0" bw="1" slack="0"/>
</pin_list>
<bind>
<StgValue><ssdm name=""/></StgValue>
</bind>
</comp>

<comp id="36" class="1001" name="const_36">
<pin_list>
<pin id="37" dir="1" index="0" bw="1" slack="0"/>
</pin_list>
<bind>
<StgValue><ssdm name=""/></StgValue>
</bind>
</comp>

<comp id="38" class="1001" name="const_38">
<pin_list>
<pin id="39" dir="1" index="0" bw="1" slack="0"/>
</pin_list>
<bind>
<StgValue><ssdm name=""/></StgValue>
</bind>
</comp>

<comp id="40" class="1001" name="const_40">
<pin_list>
<pin id="41" dir="1" index="0" bw="1" slack="0"/>
</pin_list>
<bind>
<StgValue><ssdm name=""/></StgValue>
</bind>
</comp>

<comp id="42" class="1001" name="const_42">
<pin_list>
<pin id="43" dir="1" index="0" bw="1" slack="0"/>
</pin_list>
<bind>
<StgValue><ssdm name=""/></StgValue>
</bind>
</comp>

<comp id="44" class="1001" name="const_44">
<pin_list>
<pin id="45" dir="1" index="0" bw="1" slack="0"/>
</pin_list>
<bind>
<StgValue><ssdm name=""/></StgValue>
</bind>
</comp>

<comp id="46" class="1001" name="const_46">
<pin_list>
<pin id="47" dir="1" index="0" bw="1" slack="0"/>
</pin_list>
<bind>
<StgValue><ssdm name=""/></StgValue>
</bind>
</comp>

<comp id="48" class="1001" name="const_48">
<pin_list>
<pin id="49" dir="1" index="0" bw="1" slack="0"/>
</pin_list>
<bind>
<StgValue><ssdm name=""/></StgValue>
</bind>
</comp>

<comp id="50" class="1001" name="const_50">
<pin_list>
<pin id="51" dir="1" index="0" bw="1" slack="0"/>
</pin_list>
<bind>
<StgValue><ssdm name=""/></StgValue>
</bind>
</comp>

<comp id="52" class="1001" name="const_52">
<pin_list>
<pin id="53" dir="1" index="0" bw="1" slack="0"/>
</pin_list>
<bind>
<StgValue><ssdm name=""/></StgValue>
</bind>
</comp>

<comp id="54" class="1001" name="const_54">
<pin_list>
<pin id="55" dir="1" index="0" bw="1" slack="0"/>
</pin_list>
<bind>
<StgValue><ssdm name=""/></StgValue>
</bind>
</comp>

<comp id="56" class="1001" name="const_56">
<pin_list>
<pin id="57" dir="1" index="0" bw="1" slack="0"/>
</pin_list>
<bind>
<StgValue><ssdm name=""/></StgValue>
</bind>
</comp>

<comp id="58" class="1001" name="const_58">
<pin_list>
<pin id="59" dir="1" index="0" bw="1" slack="0"/>
</pin_list>
<bind>
<StgValue><ssdm name=""/></StgValue>
</bind>
</comp>

<comp id="60" class="1001" name="const_60">
<pin_list>
<pin id="61" dir="1" index="0" bw="1" slack="0"/>
</pin_list>
<bind>
<StgValue><ssdm name=""/></StgValue>
</bind>
</comp>

<comp id="62" class="1001" name="const_62">
<pin_list>
<pin id="63" dir="1" index="0" bw="1" slack="0"/>
</pin_list>
<bind>
<StgValue><ssdm name=""/></StgValue>
</bind>
</comp>

<comp id="64" class="1001" name="const_64">
<pin_list>
<pin id="65" dir="1" index="0" bw="1" slack="0"/>
</pin_list>
<bind>
<StgValue><ssdm name=""/></StgValue>
</bind>
</comp>

<comp id="66" class="1001" name="const_66">
<pin_list>
<pin id="67" dir="1" index="0" bw="1" slack="0"/>
</pin_list>
<bind>
<StgValue><ssdm name=""/></StgValue>
</bind>
</comp>

<comp id="68" class="1001" name="const_68">
<pin_list>
<pin id="69" dir="1" index="0" bw="1" slack="0"/>
</pin_list>
<bind>
<StgValue><ssdm name=""/></StgValue>
</bind>
</comp>

<comp id="70" class="1001" name="const_70">
<pin_list>
<pin id="71" dir="1" index="0" bw="1" slack="0"/>
</pin_list>
<bind>
<StgValue><ssdm name=""/></StgValue>
</bind>
</comp>

<comp id="72" class="1001" name="const_72">
<pin_list>
<pin id="73" dir="1" index="0" bw="1" slack="2147483647"/>
</pin_list>
<bind>
<StgValue><ssdm name="_ssdm_op_SpecPipeline"/></StgValue>
</bind>
</comp>

<comp id="74" class="1001" name="const_74">
<pin_list>
<pin id="75" dir="1" index="0" bw="1" slack="2147483647"/>
</pin_list>
<bind>
<StgValue><ssdm name="_ssdm_op_SpecLoopTripCount"/></StgValue>
</bind>
</comp>

<comp id="76" class="1001" name="const_76">
<pin_list>
<pin id="77" dir="1" index="0" bw="1" slack="2147483647"/>
</pin_list>
<bind>
<StgValue><ssdm name=""/></StgValue>
</bind>
</comp>

<comp id="78" class="1001" name="const_78">
<pin_list>
<pin id="79" dir="1" index="0" bw="1" slack="2147483647"/>
</pin_list>
<bind>
<StgValue><ssdm name="_ssdm_op_SpecLoopName"/></StgValue>
</bind>
</comp>

<comp id="80" class="1001" name="const_80">
<pin_list>
<pin id="81" dir="1" index="0" bw="1" slack="2147483647"/>
</pin_list>
<bind>
<StgValue><ssdm name="empty_10"/></StgValue>
</bind>
</comp>

<comp id="82" class="1001" name="const_82">
<pin_list>
<pin id="83" dir="1" index="0" bw="1" slack="0"/>
</pin_list>
<bind>
<StgValue><ssdm name="_ssdm_op_BitConcatenate.i95.i11.i12.i12.i12.i12.i12.i12.i12"/></StgValue>
</bind>
</comp>

<comp id="84" class="1001" name="const_84">
<pin_list>
<pin id="85" dir="1" index="0" bw="1" slack="0"/>
</pin_list>
<bind>
<StgValue><ssdm name="_ssdm_op_Write.ap_fifo.volatile.i96P0A"/></StgValue>
</bind>
</comp>

<comp id="86" class="1004" name="i_fu_86">
<pin_list>
<pin id="87" dir="0" index="0" bw="1" slack="0"/>
<pin id="88" dir="1" index="1" bw="11" slack="0"/>
</pin_list>
<bind>
<opcode="alloca(26) " fcode="alloca"/>
<opset="i/1 "/>
</bind>
</comp>

<comp id="90" class="1004" name="layer23_out_read_read_fu_90">
<pin_list>
<pin id="91" dir="0" index="0" bw="96" slack="0"/>
<pin id="92" dir="0" index="1" bw="96" slack="0"/>
<pin id="93" dir="1" index="2" bw="96" slack="0"/>
</pin_list>
<bind>
<opcode="read(1150) " fcode="read"/>
<opset="layer23_out_read/2 "/>
</bind>
</comp>

<comp id="96" class="1004" name="write_ln57_write_fu_96">
<pin_list>
<pin id="97" dir="0" index="0" bw="0" slack="0"/>
<pin id="98" dir="0" index="1" bw="96" slack="0"/>
<pin id="99" dir="0" index="2" bw="95" slack="0"/>
<pin id="100" dir="1" index="3" bw="0" slack="2147483647"/>
</pin_list>
<bind>
<opcode="write(1151) " fcode="write"/>
<opset="write_ln57/3 "/>
</bind>
</comp>

<comp id="103" class="1004" name="store_ln41_store_fu_103">
<pin_list>
<pin id="104" dir="0" index="0" bw="1" slack="0"/>
<pin id="105" dir="0" index="1" bw="11" slack="0"/>
<pin id="106" dir="1" index="2" bw="0" slack="2147483647"/>
</pin_list>
<bind>
<opcode="store(28) " fcode="store"/>
<opset="store_ln41/1 "/>
</bind>
</comp>

<comp id="108" class="1004" name="i_15_load_fu_108">
<pin_list>
<pin id="109" dir="0" index="0" bw="11" slack="0"/>
<pin id="110" dir="1" index="1" bw="11" slack="0"/>
</pin_list>
<bind>
<opcode="load(27) " fcode="load"/>
<opset="i_15/1 "/>
</bind>
</comp>

<comp id="111" class="1004" name="icmp_ln41_fu_111">
<pin_list>
<pin id="112" dir="0" index="0" bw="11" slack="0"/>
<pin id="113" dir="0" index="1" bw="11" slack="0"/>
<pin id="114" dir="1" index="2" bw="1" slack="1"/>
</pin_list>
<bind>
<opcode="icmp(45) " fcode="icmp"/>
<opset="icmp_ln41/1 "/>
</bind>
</comp>

<comp id="117" class="1004" name="i_16_fu_117">
<pin_list>
<pin id="118" dir="0" index="0" bw="11" slack="0"/>
<pin id="119" dir="0" index="1" bw="1" slack="0"/>
<pin id="120" dir="1" index="2" bw="11" slack="0"/>
</pin_list>
<bind>
<opcode="add(8) " fcode="add"/>
<opset="i_16/1 "/>
</bind>
</comp>

<comp id="123" class="1004" name="store_ln41_store_fu_123">
<pin_list>
<pin id="124" dir="0" index="0" bw="11" slack="0"/>
<pin id="125" dir="0" index="1" bw="11" slack="0"/>
<pin id="126" dir="1" index="2" bw="0" slack="2147483647"/>
</pin_list>
<bind>
<opcode="store(28) " fcode="store"/>
<opset="store_ln41/1 "/>
</bind>
</comp>

<comp id="128" class="1004" name="out_data_fu_128">
<pin_list>
<pin id="129" dir="0" index="0" bw="96" slack="0"/>
<pin id="130" dir="1" index="1" bw="12" slack="0"/>
</pin_list>
<bind>
<opcode="trunc(33) " fcode="trunc"/>
<opset="out_data/2 "/>
</bind>
</comp>

<comp id="132" class="1004" name="trunc_ln44_11_fu_132">
<pin_list>
<pin id="133" dir="0" index="0" bw="96" slack="0"/>
<pin id="134" dir="1" index="1" bw="11" slack="0"/>
</pin_list>
<bind>
<opcode="trunc(33) " fcode="trunc"/>
<opset="trunc_ln44_11/2 "/>
</bind>
</comp>

<comp id="136" class="1004" name="out_data_35_fu_136">
<pin_list>
<pin id="137" dir="0" index="0" bw="12" slack="0"/>
<pin id="138" dir="0" index="1" bw="96" slack="0"/>
<pin id="139" dir="0" index="2" bw="5" slack="0"/>
<pin id="140" dir="0" index="3" bw="6" slack="0"/>
<pin id="141" dir="1" index="4" bw="12" slack="0"/>
</pin_list>
<bind>
<opcode="partselect(1002) " fcode="partselect"/>
<opset="out_data_35/2 "/>
</bind>
</comp>

<comp id="146" class="1004" name="trunc_ln44_1_fu_146">
<pin_list>
<pin id="147" dir="0" index="0" bw="11" slack="0"/>
<pin id="148" dir="0" index="1" bw="96" slack="0"/>
<pin id="149" dir="0" index="2" bw="5" slack="0"/>
<pin id="150" dir="0" index="3" bw="6" slack="0"/>
<pin id="151" dir="1" index="4" bw="11" slack="0"/>
</pin_list>
<bind>
<opcode="partselect(1002) " fcode="partselect"/>
<opset="trunc_ln44_1/2 "/>
</bind>
</comp>

<comp id="156" class="1004" name="out_data_1_fu_156">
<pin_list>
<pin id="157" dir="0" index="0" bw="12" slack="0"/>
<pin id="158" dir="0" index="1" bw="96" slack="0"/>
<pin id="159" dir="0" index="2" bw="6" slack="0"/>
<pin id="160" dir="0" index="3" bw="7" slack="0"/>
<pin id="161" dir="1" index="4" bw="12" slack="0"/>
</pin_list>
<bind>
<opcode="partselect(1002) " fcode="partselect"/>
<opset="out_data_1/2 "/>
</bind>
</comp>

<comp id="166" class="1004" name="trunc_ln44_2_fu_166">
<pin_list>
<pin id="167" dir="0" index="0" bw="11" slack="0"/>
<pin id="168" dir="0" index="1" bw="96" slack="0"/>
<pin id="169" dir="0" index="2" bw="6" slack="0"/>
<pin id="170" dir="0" index="3" bw="7" slack="0"/>
<pin id="171" dir="1" index="4" bw="11" slack="0"/>
</pin_list>
<bind>
<opcode="partselect(1002) " fcode="partselect"/>
<opset="trunc_ln44_2/2 "/>
</bind>
</comp>

<comp id="176" class="1004" name="out_data_2_fu_176">
<pin_list>
<pin id="177" dir="0" index="0" bw="12" slack="0"/>
<pin id="178" dir="0" index="1" bw="96" slack="0"/>
<pin id="179" dir="0" index="2" bw="7" slack="0"/>
<pin id="180" dir="0" index="3" bw="7" slack="0"/>
<pin id="181" dir="1" index="4" bw="12" slack="0"/>
</pin_list>
<bind>
<opcode="partselect(1002) " fcode="partselect"/>
<opset="out_data_2/2 "/>
</bind>
</comp>

<comp id="186" class="1004" name="trunc_ln44_3_fu_186">
<pin_list>
<pin id="187" dir="0" index="0" bw="11" slack="0"/>
<pin id="188" dir="0" index="1" bw="96" slack="0"/>
<pin id="189" dir="0" index="2" bw="7" slack="0"/>
<pin id="190" dir="0" index="3" bw="7" slack="0"/>
<pin id="191" dir="1" index="4" bw="11" slack="0"/>
</pin_list>
<bind>
<opcode="partselect(1002) " fcode="partselect"/>
<opset="trunc_ln44_3/2 "/>
</bind>
</comp>

<comp id="196" class="1004" name="trunc_ln44_4_fu_196">
<pin_list>
<pin id="197" dir="0" index="0" bw="12" slack="0"/>
<pin id="198" dir="0" index="1" bw="96" slack="0"/>
<pin id="199" dir="0" index="2" bw="7" slack="0"/>
<pin id="200" dir="0" index="3" bw="7" slack="0"/>
<pin id="201" dir="1" index="4" bw="12" slack="0"/>
</pin_list>
<bind>
<opcode="partselect(1002) " fcode="partselect"/>
<opset="trunc_ln44_4/2 "/>
</bind>
</comp>

<comp id="206" class="1004" name="trunc_ln44_8_fu_206">
<pin_list>
<pin id="207" dir="0" index="0" bw="11" slack="0"/>
<pin id="208" dir="0" index="1" bw="96" slack="0"/>
<pin id="209" dir="0" index="2" bw="7" slack="0"/>
<pin id="210" dir="0" index="3" bw="7" slack="0"/>
<pin id="211" dir="1" index="4" bw="11" slack="0"/>
</pin_list>
<bind>
<opcode="partselect(1002) " fcode="partselect"/>
<opset="trunc_ln44_8/2 "/>
</bind>
</comp>

<comp id="216" class="1004" name="trunc_ln44_5_fu_216">
<pin_list>
<pin id="217" dir="0" index="0" bw="12" slack="0"/>
<pin id="218" dir="0" index="1" bw="96" slack="0"/>
<pin id="219" dir="0" index="2" bw="7" slack="0"/>
<pin id="220" dir="0" index="3" bw="8" slack="0"/>
<pin id="221" dir="1" index="4" bw="12" slack="0"/>
</pin_list>
<bind>
<opcode="partselect(1002) " fcode="partselect"/>
<opset="trunc_ln44_5/2 "/>
</bind>
</comp>

<comp id="226" class="1004" name="trunc_ln44_9_fu_226">
<pin_list>
<pin id="227" dir="0" index="0" bw="11" slack="0"/>
<pin id="228" dir="0" index="1" bw="96" slack="0"/>
<pin id="229" dir="0" index="2" bw="7" slack="0"/>
<pin id="230" dir="0" index="3" bw="8" slack="0"/>
<pin id="231" dir="1" index="4" bw="11" slack="0"/>
</pin_list>
<bind>
<opcode="partselect(1002) " fcode="partselect"/>
<opset="trunc_ln44_9/2 "/>
</bind>
</comp>

<comp id="236" class="1004" name="trunc_ln44_6_fu_236">
<pin_list>
<pin id="237" dir="0" index="0" bw="12" slack="0"/>
<pin id="238" dir="0" index="1" bw="96" slack="0"/>
<pin id="239" dir="0" index="2" bw="8" slack="0"/>
<pin id="240" dir="0" index="3" bw="8" slack="0"/>
<pin id="241" dir="1" index="4" bw="12" slack="0"/>
</pin_list>
<bind>
<opcode="partselect(1002) " fcode="partselect"/>
<opset="trunc_ln44_6/2 "/>
</bind>
</comp>

<comp id="246" class="1004" name="trunc_ln44_s_fu_246">
<pin_list>
<pin id="247" dir="0" index="0" bw="11" slack="0"/>
<pin id="248" dir="0" index="1" bw="96" slack="0"/>
<pin id="249" dir="0" index="2" bw="8" slack="0"/>
<pin id="250" dir="0" index="3" bw="8" slack="0"/>
<pin id="251" dir="1" index="4" bw="11" slack="0"/>
</pin_list>
<bind>
<opcode="partselect(1002) " fcode="partselect"/>
<opset="trunc_ln44_s/2 "/>
</bind>
</comp>

<comp id="256" class="1004" name="trunc_ln44_7_fu_256">
<pin_list>
<pin id="257" dir="0" index="0" bw="12" slack="0"/>
<pin id="258" dir="0" index="1" bw="96" slack="0"/>
<pin id="259" dir="0" index="2" bw="8" slack="0"/>
<pin id="260" dir="0" index="3" bw="8" slack="0"/>
<pin id="261" dir="1" index="4" bw="12" slack="0"/>
</pin_list>
<bind>
<opcode="partselect(1002) " fcode="partselect"/>
<opset="trunc_ln44_7/2 "/>
</bind>
</comp>

<comp id="266" class="1004" name="trunc_ln_fu_266">
<pin_list>
<pin id="267" dir="0" index="0" bw="11" slack="0"/>
<pin id="268" dir="0" index="1" bw="96" slack="0"/>
<pin id="269" dir="0" index="2" bw="8" slack="0"/>
<pin id="270" dir="0" index="3" bw="8" slack="0"/>
<pin id="271" dir="1" index="4" bw="11" slack="0"/>
</pin_list>
<bind>
<opcode="partselect(1002) " fcode="partselect"/>
<opset="trunc_ln/2 "/>
</bind>
</comp>

<comp id="276" class="1004" name="icmp_ln51_fu_276">
<pin_list>
<pin id="277" dir="0" index="0" bw="12" slack="0"/>
<pin id="278" dir="0" index="1" bw="12" slack="0"/>
<pin id="279" dir="1" index="2" bw="1" slack="0"/>
</pin_list>
<bind>
<opcode="icmp(45) " fcode="icmp"/>
<opset="icmp_ln51/2 "/>
</bind>
</comp>

<comp id="282" class="1004" name="out_data_34_fu_282">
<pin_list>
<pin id="283" dir="0" index="0" bw="1" slack="0"/>
<pin id="284" dir="0" index="1" bw="11" slack="0"/>
<pin id="285" dir="0" index="2" bw="11" slack="0"/>
<pin id="286" dir="1" index="3" bw="11" slack="1"/>
</pin_list>
<bind>
<opcode="select(49) " fcode="select"/>
<opset="out_data_34/2 "/>
</bind>
</comp>

<comp id="290" class="1004" name="icmp_ln51_1_fu_290">
<pin_list>
<pin id="291" dir="0" index="0" bw="12" slack="0"/>
<pin id="292" dir="0" index="1" bw="12" slack="0"/>
<pin id="293" dir="1" index="2" bw="1" slack="0"/>
</pin_list>
<bind>
<opcode="icmp(45) " fcode="icmp"/>
<opset="icmp_ln51_1/2 "/>
</bind>
</comp>

<comp id="296" class="1004" name="out_data_36_fu_296">
<pin_list>
<pin id="297" dir="0" index="0" bw="1" slack="0"/>
<pin id="298" dir="0" index="1" bw="11" slack="0"/>
<pin id="299" dir="0" index="2" bw="11" slack="0"/>
<pin id="300" dir="1" index="3" bw="11" slack="1"/>
</pin_list>
<bind>
<opcode="select(49) " fcode="select"/>
<opset="out_data_36/2 "/>
</bind>
</comp>

<comp id="304" class="1004" name="icmp_ln51_2_fu_304">
<pin_list>
<pin id="305" dir="0" index="0" bw="12" slack="0"/>
<pin id="306" dir="0" index="1" bw="12" slack="0"/>
<pin id="307" dir="1" index="2" bw="1" slack="0"/>
</pin_list>
<bind>
<opcode="icmp(45) " fcode="icmp"/>
<opset="icmp_ln51_2/2 "/>
</bind>
</comp>

<comp id="310" class="1004" name="out_data_37_fu_310">
<pin_list>
<pin id="311" dir="0" index="0" bw="1" slack="0"/>
<pin id="312" dir="0" index="1" bw="11" slack="0"/>
<pin id="313" dir="0" index="2" bw="11" slack="0"/>
<pin id="314" dir="1" index="3" bw="11" slack="1"/>
</pin_list>
<bind>
<opcode="select(49) " fcode="select"/>
<opset="out_data_37/2 "/>
</bind>
</comp>

<comp id="318" class="1004" name="icmp_ln51_3_fu_318">
<pin_list>
<pin id="319" dir="0" index="0" bw="12" slack="0"/>
<pin id="320" dir="0" index="1" bw="12" slack="0"/>
<pin id="321" dir="1" index="2" bw="1" slack="0"/>
</pin_list>
<bind>
<opcode="icmp(45) " fcode="icmp"/>
<opset="icmp_ln51_3/2 "/>
</bind>
</comp>

<comp id="324" class="1004" name="out_data_38_fu_324">
<pin_list>
<pin id="325" dir="0" index="0" bw="1" slack="0"/>
<pin id="326" dir="0" index="1" bw="11" slack="0"/>
<pin id="327" dir="0" index="2" bw="11" slack="0"/>
<pin id="328" dir="1" index="3" bw="11" slack="1"/>
</pin_list>
<bind>
<opcode="select(49) " fcode="select"/>
<opset="out_data_38/2 "/>
</bind>
</comp>

<comp id="332" class="1004" name="icmp_ln51_4_fu_332">
<pin_list>
<pin id="333" dir="0" index="0" bw="12" slack="0"/>
<pin id="334" dir="0" index="1" bw="12" slack="0"/>
<pin id="335" dir="1" index="2" bw="1" slack="0"/>
</pin_list>
<bind>
<opcode="icmp(45) " fcode="icmp"/>
<opset="icmp_ln51_4/2 "/>
</bind>
</comp>

<comp id="338" class="1004" name="select_ln51_fu_338">
<pin_list>
<pin id="339" dir="0" index="0" bw="1" slack="0"/>
<pin id="340" dir="0" index="1" bw="11" slack="0"/>
<pin id="341" dir="0" index="2" bw="11" slack="0"/>
<pin id="342" dir="1" index="3" bw="11" slack="1"/>
</pin_list>
<bind>
<opcode="select(49) " fcode="select"/>
<opset="select_ln51/2 "/>
</bind>
</comp>

<comp id="346" class="1004" name="icmp_ln51_5_fu_346">
<pin_list>
<pin id="347" dir="0" index="0" bw="12" slack="0"/>
<pin id="348" dir="0" index="1" bw="12" slack="0"/>
<pin id="349" dir="1" index="2" bw="1" slack="0"/>
</pin_list>
<bind>
<opcode="icmp(45) " fcode="icmp"/>
<opset="icmp_ln51_5/2 "/>
</bind>
</comp>

<comp id="352" class="1004" name="select_ln51_1_fu_352">
<pin_list>
<pin id="353" dir="0" index="0" bw="1" slack="0"/>
<pin id="354" dir="0" index="1" bw="11" slack="0"/>
<pin id="355" dir="0" index="2" bw="11" slack="0"/>
<pin id="356" dir="1" index="3" bw="11" slack="1"/>
</pin_list>
<bind>
<opcode="select(49) " fcode="select"/>
<opset="select_ln51_1/2 "/>
</bind>
</comp>

<comp id="360" class="1004" name="icmp_ln51_6_fu_360">
<pin_list>
<pin id="361" dir="0" index="0" bw="12" slack="0"/>
<pin id="362" dir="0" index="1" bw="12" slack="0"/>
<pin id="363" dir="1" index="2" bw="1" slack="0"/>
</pin_list>
<bind>
<opcode="icmp(45) " fcode="icmp"/>
<opset="icmp_ln51_6/2 "/>
</bind>
</comp>

<comp id="366" class="1004" name="select_ln51_2_fu_366">
<pin_list>
<pin id="367" dir="0" index="0" bw="1" slack="0"/>
<pin id="368" dir="0" index="1" bw="11" slack="0"/>
<pin id="369" dir="0" index="2" bw="11" slack="0"/>
<pin id="370" dir="1" index="3" bw="11" slack="1"/>
</pin_list>
<bind>
<opcode="select(49) " fcode="select"/>
<opset="select_ln51_2/2 "/>
</bind>
</comp>

<comp id="374" class="1004" name="icmp_ln51_7_fu_374">
<pin_list>
<pin id="375" dir="0" index="0" bw="12" slack="0"/>
<pin id="376" dir="0" index="1" bw="12" slack="0"/>
<pin id="377" dir="1" index="2" bw="1" slack="0"/>
</pin_list>
<bind>
<opcode="icmp(45) " fcode="icmp"/>
<opset="icmp_ln51_7/2 "/>
</bind>
</comp>

<comp id="380" class="1004" name="select_ln51_3_fu_380">
<pin_list>
<pin id="381" dir="0" index="0" bw="1" slack="0"/>
<pin id="382" dir="0" index="1" bw="11" slack="0"/>
<pin id="383" dir="0" index="2" bw="11" slack="0"/>
<pin id="384" dir="1" index="3" bw="11" slack="1"/>
</pin_list>
<bind>
<opcode="select(49) " fcode="select"/>
<opset="select_ln51_3/2 "/>
</bind>
</comp>

<comp id="388" class="1004" name="zext_ln45_fu_388">
<pin_list>
<pin id="389" dir="0" index="0" bw="11" slack="1"/>
<pin id="390" dir="1" index="1" bw="12" slack="0"/>
</pin_list>
<bind>
<opcode="zext(34) " fcode="zext"/>
<opset="zext_ln45/3 "/>
</bind>
</comp>

<comp id="391" class="1004" name="zext_ln45_1_fu_391">
<pin_list>
<pin id="392" dir="0" index="0" bw="11" slack="1"/>
<pin id="393" dir="1" index="1" bw="12" slack="0"/>
</pin_list>
<bind>
<opcode="zext(34) " fcode="zext"/>
<opset="zext_ln45_1/3 "/>
</bind>
</comp>

<comp id="394" class="1004" name="zext_ln45_2_fu_394">
<pin_list>
<pin id="395" dir="0" index="0" bw="11" slack="1"/>
<pin id="396" dir="1" index="1" bw="12" slack="0"/>
</pin_list>
<bind>
<opcode="zext(34) " fcode="zext"/>
<opset="zext_ln45_2/3 "/>
</bind>
</comp>

<comp id="397" class="1004" name="zext_ln45_3_fu_397">
<pin_list>
<pin id="398" dir="0" index="0" bw="11" slack="1"/>
<pin id="399" dir="1" index="1" bw="12" slack="0"/>
</pin_list>
<bind>
<opcode="zext(34) " fcode="zext"/>
<opset="zext_ln45_3/3 "/>
</bind>
</comp>

<comp id="400" class="1004" name="zext_ln51_fu_400">
<pin_list>
<pin id="401" dir="0" index="0" bw="11" slack="1"/>
<pin id="402" dir="1" index="1" bw="12" slack="0"/>
</pin_list>
<bind>
<opcode="zext(34) " fcode="zext"/>
<opset="zext_ln51/3 "/>
</bind>
</comp>

<comp id="403" class="1004" name="zext_ln51_1_fu_403">
<pin_list>
<pin id="404" dir="0" index="0" bw="11" slack="1"/>
<pin id="405" dir="1" index="1" bw="12" slack="0"/>
</pin_list>
<bind>
<opcode="zext(34) " fcode="zext"/>
<opset="zext_ln51_1/3 "/>
</bind>
</comp>

<comp id="406" class="1004" name="zext_ln51_2_fu_406">
<pin_list>
<pin id="407" dir="0" index="0" bw="11" slack="1"/>
<pin id="408" dir="1" index="1" bw="12" slack="0"/>
</pin_list>
<bind>
<opcode="zext(34) " fcode="zext"/>
<opset="zext_ln51_2/3 "/>
</bind>
</comp>

<comp id="409" class="1004" name="or_ln57_s_fu_409">
<pin_list>
<pin id="410" dir="0" index="0" bw="95" slack="0"/>
<pin id="411" dir="0" index="1" bw="11" slack="1"/>
<pin id="412" dir="0" index="2" bw="11" slack="0"/>
<pin id="413" dir="0" index="3" bw="11" slack="0"/>
<pin id="414" dir="0" index="4" bw="11" slack="0"/>
<pin id="415" dir="0" index="5" bw="11" slack="0"/>
<pin id="416" dir="0" index="6" bw="11" slack="0"/>
<pin id="417" dir="0" index="7" bw="11" slack="0"/>
<pin id="418" dir="0" index="8" bw="11" slack="0"/>
<pin id="419" dir="1" index="9" bw="95" slack="0"/>
</pin_list>
<bind>
<opcode="bitconcatenate(1004) " fcode="bitconcatenate"/>
<opset="or_ln57_s/3 "/>
</bind>
</comp>

<comp id="428" class="1004" name="zext_ln57_fu_428">
<pin_list>
<pin id="429" dir="0" index="0" bw="95" slack="0"/>
<pin id="430" dir="1" index="1" bw="96" slack="0"/>
</pin_list>
<bind>
<opcode="zext(34) " fcode="zext"/>
<opset="zext_ln57/3 "/>
</bind>
</comp>

<comp id="433" class="1005" name="i_reg_433">
<pin_list>
<pin id="434" dir="0" index="0" bw="11" slack="0"/>
<pin id="435" dir="1" index="1" bw="11" slack="0"/>
</pin_list>
<bind>
<opset="i "/>
</bind>
</comp>

<comp id="440" class="1005" name="icmp_ln41_reg_440">
<pin_list>
<pin id="441" dir="0" index="0" bw="1" slack="1"/>
<pin id="442" dir="1" index="1" bw="1" slack="2147483647"/>
</pin_list>
<bind>
<opset="icmp_ln41 "/>
</bind>
</comp>

<comp id="444" class="1005" name="out_data_34_reg_444">
<pin_list>
<pin id="445" dir="0" index="0" bw="11" slack="1"/>
<pin id="446" dir="1" index="1" bw="11" slack="1"/>
</pin_list>
<bind>
<opset="out_data_34 "/>
</bind>
</comp>

<comp id="449" class="1005" name="out_data_36_reg_449">
<pin_list>
<pin id="450" dir="0" index="0" bw="11" slack="1"/>
<pin id="451" dir="1" index="1" bw="11" slack="1"/>
</pin_list>
<bind>
<opset="out_data_36 "/>
</bind>
</comp>

<comp id="454" class="1005" name="out_data_37_reg_454">
<pin_list>
<pin id="455" dir="0" index="0" bw="11" slack="1"/>
<pin id="456" dir="1" index="1" bw="11" slack="1"/>
</pin_list>
<bind>
<opset="out_data_37 "/>
</bind>
</comp>

<comp id="459" class="1005" name="out_data_38_reg_459">
<pin_list>
<pin id="460" dir="0" index="0" bw="11" slack="1"/>
<pin id="461" dir="1" index="1" bw="11" slack="1"/>
</pin_list>
<bind>
<opset="out_data_38 "/>
</bind>
</comp>

<comp id="464" class="1005" name="select_ln51_reg_464">
<pin_list>
<pin id="465" dir="0" index="0" bw="11" slack="1"/>
<pin id="466" dir="1" index="1" bw="11" slack="1"/>
</pin_list>
<bind>
<opset="select_ln51 "/>
</bind>
</comp>

<comp id="469" class="1005" name="select_ln51_1_reg_469">
<pin_list>
<pin id="470" dir="0" index="0" bw="11" slack="1"/>
<pin id="471" dir="1" index="1" bw="11" slack="1"/>
</pin_list>
<bind>
<opset="select_ln51_1 "/>
</bind>
</comp>

<comp id="474" class="1005" name="select_ln51_2_reg_474">
<pin_list>
<pin id="475" dir="0" index="0" bw="11" slack="1"/>
<pin id="476" dir="1" index="1" bw="11" slack="1"/>
</pin_list>
<bind>
<opset="select_ln51_2 "/>
</bind>
</comp>

<comp id="479" class="1005" name="select_ln51_3_reg_479">
<pin_list>
<pin id="480" dir="0" index="0" bw="11" slack="1"/>
<pin id="481" dir="1" index="1" bw="11" slack="1"/>
</pin_list>
<bind>
<opset="select_ln51_3 "/>
</bind>
</comp>

</comp_list>

<net_list>
<net id="89"><net_src comp="4" pin="0"/><net_sink comp="86" pin=0"/></net>

<net id="94"><net_src comp="22" pin="0"/><net_sink comp="90" pin=0"/></net>

<net id="95"><net_src comp="0" pin="0"/><net_sink comp="90" pin=1"/></net>

<net id="101"><net_src comp="84" pin="0"/><net_sink comp="96" pin=0"/></net>

<net id="102"><net_src comp="2" pin="0"/><net_sink comp="96" pin=1"/></net>

<net id="107"><net_src comp="16" pin="0"/><net_sink comp="103" pin=0"/></net>

<net id="115"><net_src comp="108" pin="1"/><net_sink comp="111" pin=0"/></net>

<net id="116"><net_src comp="18" pin="0"/><net_sink comp="111" pin=1"/></net>

<net id="121"><net_src comp="108" pin="1"/><net_sink comp="117" pin=0"/></net>

<net id="122"><net_src comp="20" pin="0"/><net_sink comp="117" pin=1"/></net>

<net id="127"><net_src comp="117" pin="2"/><net_sink comp="123" pin=0"/></net>

<net id="131"><net_src comp="90" pin="2"/><net_sink comp="128" pin=0"/></net>

<net id="135"><net_src comp="90" pin="2"/><net_sink comp="132" pin=0"/></net>

<net id="142"><net_src comp="24" pin="0"/><net_sink comp="136" pin=0"/></net>

<net id="143"><net_src comp="90" pin="2"/><net_sink comp="136" pin=1"/></net>

<net id="144"><net_src comp="26" pin="0"/><net_sink comp="136" pin=2"/></net>

<net id="145"><net_src comp="28" pin="0"/><net_sink comp="136" pin=3"/></net>

<net id="152"><net_src comp="30" pin="0"/><net_sink comp="146" pin=0"/></net>

<net id="153"><net_src comp="90" pin="2"/><net_sink comp="146" pin=1"/></net>

<net id="154"><net_src comp="26" pin="0"/><net_sink comp="146" pin=2"/></net>

<net id="155"><net_src comp="32" pin="0"/><net_sink comp="146" pin=3"/></net>

<net id="162"><net_src comp="24" pin="0"/><net_sink comp="156" pin=0"/></net>

<net id="163"><net_src comp="90" pin="2"/><net_sink comp="156" pin=1"/></net>

<net id="164"><net_src comp="34" pin="0"/><net_sink comp="156" pin=2"/></net>

<net id="165"><net_src comp="36" pin="0"/><net_sink comp="156" pin=3"/></net>

<net id="172"><net_src comp="30" pin="0"/><net_sink comp="166" pin=0"/></net>

<net id="173"><net_src comp="90" pin="2"/><net_sink comp="166" pin=1"/></net>

<net id="174"><net_src comp="34" pin="0"/><net_sink comp="166" pin=2"/></net>

<net id="175"><net_src comp="38" pin="0"/><net_sink comp="166" pin=3"/></net>

<net id="182"><net_src comp="24" pin="0"/><net_sink comp="176" pin=0"/></net>

<net id="183"><net_src comp="90" pin="2"/><net_sink comp="176" pin=1"/></net>

<net id="184"><net_src comp="40" pin="0"/><net_sink comp="176" pin=2"/></net>

<net id="185"><net_src comp="42" pin="0"/><net_sink comp="176" pin=3"/></net>

<net id="192"><net_src comp="30" pin="0"/><net_sink comp="186" pin=0"/></net>

<net id="193"><net_src comp="90" pin="2"/><net_sink comp="186" pin=1"/></net>

<net id="194"><net_src comp="40" pin="0"/><net_sink comp="186" pin=2"/></net>

<net id="195"><net_src comp="44" pin="0"/><net_sink comp="186" pin=3"/></net>

<net id="202"><net_src comp="24" pin="0"/><net_sink comp="196" pin=0"/></net>

<net id="203"><net_src comp="90" pin="2"/><net_sink comp="196" pin=1"/></net>

<net id="204"><net_src comp="46" pin="0"/><net_sink comp="196" pin=2"/></net>

<net id="205"><net_src comp="48" pin="0"/><net_sink comp="196" pin=3"/></net>

<net id="212"><net_src comp="30" pin="0"/><net_sink comp="206" pin=0"/></net>

<net id="213"><net_src comp="90" pin="2"/><net_sink comp="206" pin=1"/></net>

<net id="214"><net_src comp="46" pin="0"/><net_sink comp="206" pin=2"/></net>

<net id="215"><net_src comp="50" pin="0"/><net_sink comp="206" pin=3"/></net>

<net id="222"><net_src comp="24" pin="0"/><net_sink comp="216" pin=0"/></net>

<net id="223"><net_src comp="90" pin="2"/><net_sink comp="216" pin=1"/></net>

<net id="224"><net_src comp="52" pin="0"/><net_sink comp="216" pin=2"/></net>

<net id="225"><net_src comp="54" pin="0"/><net_sink comp="216" pin=3"/></net>

<net id="232"><net_src comp="30" pin="0"/><net_sink comp="226" pin=0"/></net>

<net id="233"><net_src comp="90" pin="2"/><net_sink comp="226" pin=1"/></net>

<net id="234"><net_src comp="52" pin="0"/><net_sink comp="226" pin=2"/></net>

<net id="235"><net_src comp="56" pin="0"/><net_sink comp="226" pin=3"/></net>

<net id="242"><net_src comp="24" pin="0"/><net_sink comp="236" pin=0"/></net>

<net id="243"><net_src comp="90" pin="2"/><net_sink comp="236" pin=1"/></net>

<net id="244"><net_src comp="58" pin="0"/><net_sink comp="236" pin=2"/></net>

<net id="245"><net_src comp="60" pin="0"/><net_sink comp="236" pin=3"/></net>

<net id="252"><net_src comp="30" pin="0"/><net_sink comp="246" pin=0"/></net>

<net id="253"><net_src comp="90" pin="2"/><net_sink comp="246" pin=1"/></net>

<net id="254"><net_src comp="58" pin="0"/><net_sink comp="246" pin=2"/></net>

<net id="255"><net_src comp="62" pin="0"/><net_sink comp="246" pin=3"/></net>

<net id="262"><net_src comp="24" pin="0"/><net_sink comp="256" pin=0"/></net>

<net id="263"><net_src comp="90" pin="2"/><net_sink comp="256" pin=1"/></net>

<net id="264"><net_src comp="64" pin="0"/><net_sink comp="256" pin=2"/></net>

<net id="265"><net_src comp="66" pin="0"/><net_sink comp="256" pin=3"/></net>

<net id="272"><net_src comp="30" pin="0"/><net_sink comp="266" pin=0"/></net>

<net id="273"><net_src comp="90" pin="2"/><net_sink comp="266" pin=1"/></net>

<net id="274"><net_src comp="64" pin="0"/><net_sink comp="266" pin=2"/></net>

<net id="275"><net_src comp="68" pin="0"/><net_sink comp="266" pin=3"/></net>

<net id="280"><net_src comp="128" pin="1"/><net_sink comp="276" pin=0"/></net>

<net id="281"><net_src comp="70" pin="0"/><net_sink comp="276" pin=1"/></net>

<net id="287"><net_src comp="276" pin="2"/><net_sink comp="282" pin=0"/></net>

<net id="288"><net_src comp="132" pin="1"/><net_sink comp="282" pin=1"/></net>

<net id="289"><net_src comp="16" pin="0"/><net_sink comp="282" pin=2"/></net>

<net id="294"><net_src comp="136" pin="4"/><net_sink comp="290" pin=0"/></net>

<net id="295"><net_src comp="70" pin="0"/><net_sink comp="290" pin=1"/></net>

<net id="301"><net_src comp="290" pin="2"/><net_sink comp="296" pin=0"/></net>

<net id="302"><net_src comp="146" pin="4"/><net_sink comp="296" pin=1"/></net>

<net id="303"><net_src comp="16" pin="0"/><net_sink comp="296" pin=2"/></net>

<net id="308"><net_src comp="156" pin="4"/><net_sink comp="304" pin=0"/></net>

<net id="309"><net_src comp="70" pin="0"/><net_sink comp="304" pin=1"/></net>

<net id="315"><net_src comp="304" pin="2"/><net_sink comp="310" pin=0"/></net>

<net id="316"><net_src comp="166" pin="4"/><net_sink comp="310" pin=1"/></net>

<net id="317"><net_src comp="16" pin="0"/><net_sink comp="310" pin=2"/></net>

<net id="322"><net_src comp="176" pin="4"/><net_sink comp="318" pin=0"/></net>

<net id="323"><net_src comp="70" pin="0"/><net_sink comp="318" pin=1"/></net>

<net id="329"><net_src comp="318" pin="2"/><net_sink comp="324" pin=0"/></net>

<net id="330"><net_src comp="186" pin="4"/><net_sink comp="324" pin=1"/></net>

<net id="331"><net_src comp="16" pin="0"/><net_sink comp="324" pin=2"/></net>

<net id="336"><net_src comp="196" pin="4"/><net_sink comp="332" pin=0"/></net>

<net id="337"><net_src comp="70" pin="0"/><net_sink comp="332" pin=1"/></net>

<net id="343"><net_src comp="332" pin="2"/><net_sink comp="338" pin=0"/></net>

<net id="344"><net_src comp="206" pin="4"/><net_sink comp="338" pin=1"/></net>

<net id="345"><net_src comp="16" pin="0"/><net_sink comp="338" pin=2"/></net>

<net id="350"><net_src comp="216" pin="4"/><net_sink comp="346" pin=0"/></net>

<net id="351"><net_src comp="70" pin="0"/><net_sink comp="346" pin=1"/></net>

<net id="357"><net_src comp="346" pin="2"/><net_sink comp="352" pin=0"/></net>

<net id="358"><net_src comp="226" pin="4"/><net_sink comp="352" pin=1"/></net>

<net id="359"><net_src comp="16" pin="0"/><net_sink comp="352" pin=2"/></net>

<net id="364"><net_src comp="236" pin="4"/><net_sink comp="360" pin=0"/></net>

<net id="365"><net_src comp="70" pin="0"/><net_sink comp="360" pin=1"/></net>

<net id="371"><net_src comp="360" pin="2"/><net_sink comp="366" pin=0"/></net>

<net id="372"><net_src comp="246" pin="4"/><net_sink comp="366" pin=1"/></net>

<net id="373"><net_src comp="16" pin="0"/><net_sink comp="366" pin=2"/></net>

<net id="378"><net_src comp="256" pin="4"/><net_sink comp="374" pin=0"/></net>

<net id="379"><net_src comp="70" pin="0"/><net_sink comp="374" pin=1"/></net>

<net id="385"><net_src comp="374" pin="2"/><net_sink comp="380" pin=0"/></net>

<net id="386"><net_src comp="266" pin="4"/><net_sink comp="380" pin=1"/></net>

<net id="387"><net_src comp="16" pin="0"/><net_sink comp="380" pin=2"/></net>

<net id="420"><net_src comp="82" pin="0"/><net_sink comp="409" pin=0"/></net>

<net id="421"><net_src comp="406" pin="1"/><net_sink comp="409" pin=2"/></net>

<net id="422"><net_src comp="403" pin="1"/><net_sink comp="409" pin=3"/></net>

<net id="423"><net_src comp="400" pin="1"/><net_sink comp="409" pin=4"/></net>

<net id="424"><net_src comp="397" pin="1"/><net_sink comp="409" pin=5"/></net>

<net id="425"><net_src comp="394" pin="1"/><net_sink comp="409" pin=6"/></net>

<net id="426"><net_src comp="391" pin="1"/><net_sink comp="409" pin=7"/></net>

<net id="427"><net_src comp="388" pin="1"/><net_sink comp="409" pin=8"/></net>

<net id="431"><net_src comp="409" pin="9"/><net_sink comp="428" pin=0"/></net>

<net id="432"><net_src comp="428" pin="1"/><net_sink comp="96" pin=2"/></net>

<net id="436"><net_src comp="86" pin="1"/><net_sink comp="433" pin=0"/></net>

<net id="437"><net_src comp="433" pin="1"/><net_sink comp="103" pin=1"/></net>

<net id="438"><net_src comp="433" pin="1"/><net_sink comp="108" pin=0"/></net>

<net id="439"><net_src comp="433" pin="1"/><net_sink comp="123" pin=1"/></net>

<net id="443"><net_src comp="111" pin="2"/><net_sink comp="440" pin=0"/></net>

<net id="447"><net_src comp="282" pin="3"/><net_sink comp="444" pin=0"/></net>

<net id="448"><net_src comp="444" pin="1"/><net_sink comp="388" pin=0"/></net>

<net id="452"><net_src comp="296" pin="3"/><net_sink comp="449" pin=0"/></net>

<net id="453"><net_src comp="449" pin="1"/><net_sink comp="391" pin=0"/></net>

<net id="457"><net_src comp="310" pin="3"/><net_sink comp="454" pin=0"/></net>

<net id="458"><net_src comp="454" pin="1"/><net_sink comp="394" pin=0"/></net>

<net id="462"><net_src comp="324" pin="3"/><net_sink comp="459" pin=0"/></net>

<net id="463"><net_src comp="459" pin="1"/><net_sink comp="397" pin=0"/></net>

<net id="467"><net_src comp="338" pin="3"/><net_sink comp="464" pin=0"/></net>

<net id="468"><net_src comp="464" pin="1"/><net_sink comp="400" pin=0"/></net>

<net id="472"><net_src comp="352" pin="3"/><net_sink comp="469" pin=0"/></net>

<net id="473"><net_src comp="469" pin="1"/><net_sink comp="403" pin=0"/></net>

<net id="477"><net_src comp="366" pin="3"/><net_sink comp="474" pin=0"/></net>

<net id="478"><net_src comp="474" pin="1"/><net_sink comp="406" pin=0"/></net>

<net id="482"><net_src comp="380" pin="3"/><net_sink comp="479" pin=0"/></net>

<net id="483"><net_src comp="479" pin="1"/><net_sink comp="409" pin=1"/></net>

</net_list>

</model> 
---------------- Datapath Model END ------------------

* FSMD analyzer results:
  - Output states:
	Port: layer24_out | {3 }
 - Input state : 
	Port: relu<array<ap_fixed,8u>,array<ap_fixed<12,6,5,3,0>,8u>,relu_config24> : layer23_out | {2 }
  - Chain level:
	State 1
		store_ln41 : 1
		i_15 : 1
		icmp_ln41 : 2
		i_16 : 2
		br_ln41 : 3
		store_ln41 : 3
	State 2
		icmp_ln51 : 1
		out_data_34 : 2
		icmp_ln51_1 : 1
		out_data_36 : 2
		icmp_ln51_2 : 1
		out_data_37 : 2
		icmp_ln51_3 : 1
		out_data_38 : 2
		icmp_ln51_4 : 1
		select_ln51 : 2
		icmp_ln51_5 : 1
		select_ln51_1 : 2
		icmp_ln51_6 : 1
		select_ln51_2 : 2
		icmp_ln51_7 : 1
		select_ln51_3 : 2
	State 3
		or_ln57_s : 1
		zext_ln57 : 2
		write_ln57 : 3


============================================================
+ Verbose Summary: Datapath Resource usage 
============================================================

* Functional unit list:
|----------|-----------------------------|---------|---------|
| Operation|       Functional Unit       |    FF   |   LUT   |
|----------|-----------------------------|---------|---------|
|          |       icmp_ln41_fu_111      |    0    |    18   |
|          |       icmp_ln51_fu_276      |    0    |    19   |
|          |      icmp_ln51_1_fu_290     |    0    |    19   |
|          |      icmp_ln51_2_fu_304     |    0    |    19   |
|   icmp   |      icmp_ln51_3_fu_318     |    0    |    19   |
|          |      icmp_ln51_4_fu_332     |    0    |    19   |
|          |      icmp_ln51_5_fu_346     |    0    |    19   |
|          |      icmp_ln51_6_fu_360     |    0    |    19   |
|          |      icmp_ln51_7_fu_374     |    0    |    19   |
|----------|-----------------------------|---------|---------|
|          |      out_data_34_fu_282     |    0    |    11   |
|          |      out_data_36_fu_296     |    0    |    11   |
|          |      out_data_37_fu_310     |    0    |    11   |
|  select  |      out_data_38_fu_324     |    0    |    11   |
|          |      select_ln51_fu_338     |    0    |    11   |
|          |     select_ln51_1_fu_352    |    0    |    11   |
|          |     select_ln51_2_fu_366    |    0    |    11   |
|          |     select_ln51_3_fu_380    |    0    |    11   |
|----------|-----------------------------|---------|---------|
|    add   |         i_16_fu_117         |    0    |    18   |
|----------|-----------------------------|---------|---------|
|   read   | layer23_out_read_read_fu_90 |    0    |    0    |
|----------|-----------------------------|---------|---------|
|   write  |    write_ln57_write_fu_96   |    0    |    0    |
|----------|-----------------------------|---------|---------|
|   trunc  |       out_data_fu_128       |    0    |    0    |
|          |     trunc_ln44_11_fu_132    |    0    |    0    |
|----------|-----------------------------|---------|---------|
|          |      out_data_35_fu_136     |    0    |    0    |
|          |     trunc_ln44_1_fu_146     |    0    |    0    |
|          |      out_data_1_fu_156      |    0    |    0    |
|          |     trunc_ln44_2_fu_166     |    0    |    0    |
|          |      out_data_2_fu_176      |    0    |    0    |
|          |     trunc_ln44_3_fu_186     |    0    |    0    |
|partselect|     trunc_ln44_4_fu_196     |    0    |    0    |
|          |     trunc_ln44_8_fu_206     |    0    |    0    |
|          |     trunc_ln44_5_fu_216     |    0    |    0    |
|          |     trunc_ln44_9_fu_226     |    0    |    0    |
|          |     trunc_ln44_6_fu_236     |    0    |    0    |
|          |     trunc_ln44_s_fu_246     |    0    |    0    |
|          |     trunc_ln44_7_fu_256     |    0    |    0    |
|          |       trunc_ln_fu_266       |    0    |    0    |
|----------|-----------------------------|---------|---------|
|          |       zext_ln45_fu_388      |    0    |    0    |
|          |      zext_ln45_1_fu_391     |    0    |    0    |
|          |      zext_ln45_2_fu_394     |    0    |    0    |
|   zext   |      zext_ln45_3_fu_397     |    0    |    0    |
|          |       zext_ln51_fu_400      |    0    |    0    |
|          |      zext_ln51_1_fu_403     |    0    |    0    |
|          |      zext_ln51_2_fu_406     |    0    |    0    |
|          |       zext_ln57_fu_428      |    0    |    0    |
|----------|-----------------------------|---------|---------|
|bitconcatenate|       or_ln57_s_fu_409      |    0    |    0    |
|----------|-----------------------------|---------|---------|
|   Total  |                             |    0    |   276   |
|----------|-----------------------------|---------|---------|

Memories:
N/A

* Register list:
+---------------------+--------+
|                     |   FF   |
+---------------------+--------+
|      i_reg_433      |   11   |
|  icmp_ln41_reg_440  |    1   |
| out_data_34_reg_444 |   11   |
| out_data_36_reg_449 |   11   |
| out_data_37_reg_454 |   11   |
| out_data_38_reg_459 |   11   |
|select_ln51_1_reg_469|   11   |
|select_ln51_2_reg_474|   11   |
|select_ln51_3_reg_479|   11   |
| select_ln51_reg_464 |   11   |
+---------------------+--------+
|        Total        |   100  |
+---------------------+--------+

* Multiplexer (MUX) list: 
|--------|------|------|------|--------|
|  Comp  |  Pin | Size |  BW  | S x BW |
|--------|------|------|------|--------|
|  Total |      |      |      |    0   |
|--------|------|------|------|--------|



* Summary:
+-----------+--------+--------+
|           |   FF   |   LUT  |
+-----------+--------+--------+
|  Function |    0   |   276  |
|   Memory  |    -   |    -   |
|Multiplexer|    -   |    -   |
|  Register |   100  |    -   |
+-----------+--------+--------+
|   Total   |   100  |   276  |
+-----------+--------+--------+
