

================================================================
== Vitis HLS Report for 'relu_array_ap_fixed_8u_array_ap_fixed_12_6_5_3_0_8u_relu_config24_s'
================================================================
* Date:           Wed Apr 22 16:02:05 2026

* Version:        2023.2 (Build 4023990 on Oct 11 2023)
* Project:        folo_prj
* Solution:       solution1 (Vivado IP Flow Target)
* Product family: kintexu
* Target device:  xcku035-fbva676-2-e


================================================================
== Performance Estimates
================================================================
+ Timing: 
    * Summary: 
    +--------+---------+----------+------------+
    |  Clock |  Target | Estimated| Uncertainty|
    +--------+---------+----------+------------+
    |ap_clk  |  5.00 ns|  3.515 ns|     1.35 ns|
    +--------+---------+----------+------------+

+ Latency: 
    * Summary: 
    +---------+---------+----------+----------+------+------+---------+
    |  Latency (cycles) |  Latency (absolute) |   Interval  | Pipeline|
    |   min   |   max   |    min   |    max   |  min |  max |   Type  |
    +---------+---------+----------+----------+------+------+---------+
    |     1027|     1027|  5.135 us|  5.135 us|  1027|  1027|       no|
    +---------+---------+----------+----------+------+------+---------+

    + Detail: 
        * Instance: 
        N/A

        * Loop: 
        +---------------+---------+---------+----------+-----------+-----------+------+----------+
        |               |  Latency (cycles) | Iteration|  Initiation Interval  | Trip |          |
        |   Loop Name   |   min   |   max   |  Latency |  achieved |   target  | Count| Pipelined|
        +---------------+---------+---------+----------+-----------+-----------+------+----------+
        |- ReLUActLoop  |     1025|     1025|         3|          1|          1|  1024|       yes|
        +---------------+---------+---------+----------+-----------+-----------+------+----------+

============================================================
+ Verbose Summary: Synthesis Manager
============================================================
InlineROM: 1
ExposeGlobal: 0
============================================================
+ Verbose Summary: CDFG Model
============================================================
IsTopModel: 0
ResetActiveHigh: 1
IsCombinational: 2
IsDatapathOnly: 0
HasWiredReturn: 1
HasMFsm: 2
HasVarLatency: 1
IsPipeline: 0
IsRtlPipelined: 0
IsInstanceOverlapped: 0
IsDontTouch: 0
HasImplIP: 0
IsGatedGlobalClock: 0

+ Individual pipeline summary: 
  * Pipeline-0: initiation interval (II) = 1, depth = 3


============================================================
+ Verbose Summary: Schedule
============================================================
* Number of FSM states : 3
* Pipeline : 1
  Pipeline-0 : II = 1, D = 3, States = { 1 2 3 }
* Dataflow Pipeline: 0

* FSM state transitions: 
1 --> 2 
2 --> 3 
3 --> 

* FSM state operations: 

State 1 <SV = 0> <Delay = 2.41>
ST_1 : Operation 6 [1/1] (0.00ns)   --->   "%i = alloca i32 1" [firmware/nnet_utils/nnet_activation_stream.h:41]   --->   Operation 6 'alloca' 'i' <Predicate = true> <Delay = 0.00>
ST_1 : Operation 7 [1/1] (0.00ns)   --->   "%specinterface_ln0 = specinterface void @_ssdm_op_SpecInterface, i96 %layer24_out, void @empty_13, i32 0, i32 0, void @empty_8, i32 0, i32 0, void @empty_8, void @empty_8, void @empty_8, i32 0, i32 0, i32 0, i32 0, void @empty_8, void @empty_8, i32 4294967295, i32 0"   --->   Operation 7 'specinterface' 'specinterface_ln0' <Predicate = true> <Delay = 0.00>
ST_1 : Operation 8 [1/1] (0.00ns)   --->   "%specinterface_ln0 = specinterface void @_ssdm_op_SpecInterface, i96 %layer23_out, void @empty_13, i32 0, i32 0, void @empty_8, i32 0, i32 0, void @empty_8, void @empty_8, void @empty_8, i32 0, i32 0, i32 0, i32 0, void @empty_8, void @empty_8, i32 4294967295, i32 0"   --->   Operation 8 'specinterface' 'specinterface_ln0' <Predicate = true> <Delay = 0.00>
ST_1 : Operation 9 [1/1] (0.53ns)   --->   "%store_ln41 = store i11 0, i11 %i" [firmware/nnet_utils/nnet_activation_stream.h:41]   --->   Operation 9 'store' 'store_ln41' <Predicate = true> <Delay = 0.53>
ST_1 : Operation 10 [1/1] (0.00ns)   --->   "%br_ln41 = br void %ReLUPackLoop" [firmware/nnet_utils/nnet_activation_stream.h:41]   --->   Operation 10 'br' 'br_ln41' <Predicate = true> <Delay = 0.00>
ST_1 : Operation 11 [1/1] (0.00ns)   --->   "%i_15 = load i11 %i" [firmware/nnet_utils/nnet_activation_stream.h:41]   --->   Operation 11 'load' 'i_15' <Predicate = true> <Delay = 0.00>
ST_1 : Operation 12 [1/1] (1.33ns)   --->   "%icmp_ln41 = icmp_eq  i11 %i_15, i11 1024" [firmware/nnet_utils/nnet_activation_stream.h:41]   --->   Operation 12 'icmp' 'icmp_ln41' <Predicate = true> <Delay = 1.33> <CoreInst = "Cmp">   --->   Core 9 'Cmp' <Latency = 0> <II = 1> <Delay = 1.33> <FuncUnit> <Opcode : 'icmp'> <InPorts = 2> <OutPorts = 1>
ST_1 : Operation 13 [1/1] (1.33ns)   --->   "%i_16 = add i11 %i_15, i11 1" [firmware/nnet_utils/nnet_activation_stream.h:41]   --->   Operation 13 'add' 'i_16' <Predicate = true> <Delay = 1.33> <CoreInst = "Adder">   --->   Core 1 'Adder' <Latency = 0> <II = 1> <Delay = 1.33> <FuncUnit> <Opcode : 'add' 'sub'> <InPorts = 2> <OutPorts = 1>
ST_1 : Operation 14 [1/1] (0.00ns)   --->   "%br_ln41 = br i1 %icmp_ln41, void %ReLUPackLoop.split, void %for.end14" [firmware/nnet_utils/nnet_activation_stream.h:41]   --->   Operation 14 'br' 'br_ln41' <Predicate = true> <Delay = 0.00>
ST_1 : Operation 15 [1/1] (0.53ns)   --->   "%store_ln41 = store i11 %i_16, i11 %i" [firmware/nnet_utils/nnet_activation_stream.h:41]   --->   Operation 15 'store' 'store_ln41' <Predicate = (!icmp_ln41)> <Delay = 0.53>

State 2 <SV = 1> <Delay = 3.51>
ST_2 : Operation 16 [1/1] (1.82ns)   --->   "%layer23_out_read = read i96 @_ssdm_op_Read.ap_fifo.volatile.i96P0A, i96 %layer23_out" [firmware/nnet_utils/nnet_activation_stream.h:44]   --->   Operation 16 'read' 'layer23_out_read' <Predicate = true> <Delay = 1.82> <CoreInst = "FIFO">   --->   Core 78 'FIFO' <Latency = 0> <II = 1> <Delay = 2.16> <Storage> <Opcode : 'read' 'write' 'nbread' 'nbwrite'> <Ports = 0> <Width = 96> <Depth = 1024> <FIFO>
ST_2 : Operation 17 [1/1] (0.00ns)   --->   "%out_data = trunc i96 %layer23_out_read" [firmware/nnet_utils/nnet_activation_stream.h:44]   --->   Operation 17 'trunc' 'out_data' <Predicate = true> <Delay = 0.00>
ST_2 : Operation 18 [1/1] (0.00ns)   --->   "%trunc_ln44_11 = trunc i96 %layer23_out_read" [firmware/nnet_utils/nnet_activation_stream.h:44]   --->   Operation 18 'trunc' 'trunc_ln44_11' <Predicate = true> <Delay = 0.00>
ST_2 : Operation 19 [1/1] (0.00ns)   --->   "%out_data_35 = partselect i12 @_ssdm_op_PartSelect.i12.i96.i32.i32, i96 %layer23_out_read, i32 12, i32 23" [firmware/nnet_utils/nnet_activation_stream.h:44]   --->   Operation 19 'partselect' 'out_data_35' <Predicate = true> <Delay = 0.00>
ST_2 : Operation 20 [1/1] (0.00ns)   --->   "%trunc_ln44_1 = partselect i11 @_ssdm_op_PartSelect.i11.i96.i32.i32, i96 %layer23_out_read, i32 12, i32 22" [firmware/nnet_utils/nnet_activation_stream.h:44]   --->   Operation 20 'partselect' 'trunc_ln44_1' <Predicate = true> <Delay = 0.00>
ST_2 : Operation 21 [1/1] (0.00ns)   --->   "%out_data_1 = partselect i12 @_ssdm_op_PartSelect.i12.i96.i32.i32, i96 %layer23_out_read, i32 24, i32 35" [firmware/nnet_utils/nnet_activation_stream.h:44]   --->   Operation 21 'partselect' 'out_data_1' <Predicate = true> <Delay = 0.00>
ST_2 : Operation 22 [1/1] (0.00ns)   --->   "%trunc_ln44_2 = partselect i11 @_ssdm_op_PartSelect.i11.i96.i32.i32, i96 %layer23_out_read, i32 24, i32 34" [firmware/nnet_utils/nnet_activation_stream.h:44]   --->   Operation 22 'partselect' 'trunc_ln44_2' <Predicate = true> <Delay = 0.00>
ST_2 : Operation 23 [1/1] (0.00ns)   --->   "%out_data_2 = partselect i12 @_ssdm_op_PartSelect.i12.i96.i32.i32, i96 %layer23_out_read, i32 36, i32 47" [firmware/nnet_utils/nnet_activation_stream.h:44]   --->   Operation 23 'partselect' 'out_data_2' <Predicate = true> <Delay = 0.00>
ST_2 : Operation 24 [1/1] (0.00ns)   --->   "%trunc_ln44_3 = partselect i11 @_ssdm_op_PartSelect.i11.i96.i32.i32, i96 %layer23_out_read, i32 36, i32 46" [firmware/nnet_utils/nnet_activation_stream.h:44]   --->   Operation 24 'partselect' 'trunc_ln44_3' <Predicate = true> <Delay = 0.00>
ST_2 : Operation 25 [1/1] (0.00ns)   --->   "%trunc_ln44_4 = partselect i12 @_ssdm_op_PartSelect.i12.i96.i32.i32, i96 %layer23_out_read, i32 48, i32 59" [firmware/nnet_utils/nnet_activation_stream.h:44]   --->   Operation 25 'partselect' 'trunc_ln44_4' <Predicate = true> <Delay = 0.00>
ST_2 : Operation 26 [1/1] (0.00ns)   --->   "%trunc_ln44_8 = partselect i11 @_ssdm_op_PartSelect.i11.i96.i32.i32, i96 %layer23_out_read, i32 48, i32 58" [firmware/nnet_utils/nnet_activation_stream.h:44]   --->   Operation 26 'partselect' 'trunc_ln44_8' <Predicate = true> <Delay = 0.00>
ST_2 : Operation 27 [1/1] (0.00ns)   --->   "%trunc_ln44_5 = partselect i12 @_ssdm_op_PartSelect.i12.i96.i32.i32, i96 %layer23_out_read, i32 60, i32 71" [firmware/nnet_utils/nnet_activation_stream.h:44]   --->   Operation 27 'partselect' 'trunc_ln44_5' <Predicate = true> <Delay = 0.00>
ST_2 : Operation 28 [1/1] (0.00ns)   --->   "%trunc_ln44_9 = partselect i11 @_ssdm_op_PartSelect.i11.i96.i32.i32, i96 %layer23_out_read, i32 60, i32 70" [firmware/nnet_utils/nnet_activation_stream.h:44]   --->   Operation 28 'partselect' 'trunc_ln44_9' <Predicate = true> <Delay = 0.00>
ST_2 : Operation 29 [1/1] (0.00ns)   --->   "%trunc_ln44_6 = partselect i12 @_ssdm_op_PartSelect.i12.i96.i32.i32, i96 %layer23_out_read, i32 72, i32 83" [firmware/nnet_utils/nnet_activation_stream.h:44]   --->   Operation 29 'partselect' 'trunc_ln44_6' <Predicate = true> <Delay = 0.00>
ST_2 : Operation 30 [1/1] (0.00ns)   --->   "%trunc_ln44_s = partselect i11 @_ssdm_op_PartSelect.i11.i96.i32.i32, i96 %layer23_out_read, i32 72, i32 82" [firmware/nnet_utils/nnet_activation_stream.h:44]   --->   Operation 30 'partselect' 'trunc_ln44_s' <Predicate = true> <Delay = 0.00>
ST_2 : Operation 31 [1/1] (0.00ns)   --->   "%trunc_ln44_7 = partselect i12 @_ssdm_op_PartSelect.i12.i96.i32.i32, i96 %layer23_out_read, i32 84, i32 95" [firmware/nnet_utils/nnet_activation_stream.h:44]   --->   Operation 31 'partselect' 'trunc_ln44_7' <Predicate = true> <Delay = 0.00>
ST_2 : Operation 32 [1/1] (0.00ns)   --->   "%trunc_ln = partselect i11 @_ssdm_op_PartSelect.i11.i96.i32.i32, i96 %layer23_out_read, i32 84, i32 94" [firmware/nnet_utils/nnet_activation_stream.h:51]   --->   Operation 32 'partselect' 'trunc_ln' <Predicate = true> <Delay = 0.00>
ST_2 : Operation 33 [1/1] (1.35ns)   --->   "%icmp_ln51 = icmp_sgt  i12 %out_data, i12 0" [firmware/nnet_utils/nnet_activation_stream.h:51]   --->   Operation 33 'icmp' 'icmp_ln51' <Predicate = true> <Delay = 1.35> <CoreInst = "Cmp">   --->   Core 9 'Cmp' <Latency = 0> <II = 1> <Delay = 1.35> <FuncUnit> <Opcode : 'icmp'> <InPorts = 2> <OutPorts = 1>
ST_2 : Operation 34 [1/1] (0.33ns)   --->   "%out_data_34 = select i1 %icmp_ln51, i11 %trunc_ln44_11, i11 0" [firmware/nnet_utils/nnet_activation_stream.h:51]   --->   Operation 34 'select' 'out_data_34' <Predicate = true> <Delay = 0.33> <CoreInst = "Sel">   --->   Core 73 'Sel' <Latency = 0> <II = 1> <Delay = 0.33> <FuncUnit> <Opcode : 'select'> <InPorts = 3> <OutPorts = 1>
ST_2 : Operation 35 [1/1] (1.35ns)   --->   "%icmp_ln51_1 = icmp_sgt  i12 %out_data_35, i12 0" [firmware/nnet_utils/nnet_activation_stream.h:51]   --->   Operation 35 'icmp' 'icmp_ln51_1' <Predicate = true> <Delay = 1.35> <CoreInst = "Cmp">   --->   Core 9 'Cmp' <Latency = 0> <II = 1> <Delay = 1.35> <FuncUnit> <Opcode : 'icmp'> <InPorts = 2> <OutPorts = 1>
ST_2 : Operation 36 [1/1] (0.33ns)   --->   "%out_data_36 = select i1 %icmp_ln51_1, i11 %trunc_ln44_1, i11 0" [firmware/nnet_utils/nnet_activation_stream.h:51]   --->   Operation 36 'select' 'out_data_36' <Predicate = true> <Delay = 0.33> <CoreInst = "Sel">   --->   Core 73 'Sel' <Latency = 0> <II = 1> <Delay = 0.33> <FuncUnit> <Opcode : 'select'> <InPorts = 3> <OutPorts = 1>
ST_2 : Operation 37 [1/1] (1.35ns)   --->   "%icmp_ln51_2 = icmp_sgt  i12 %out_data_1, i12 0" [firmware/nnet_utils/nnet_activation_stream.h:51]   --->   Operation 37 'icmp' 'icmp_ln51_2' <Predicate = true> <Delay = 1.35> <CoreInst = "Cmp">   --->   Core 9 'Cmp' <Latency = 0> <II = 1> <Delay = 1.35> <FuncUnit> <Opcode : 'icmp'> <InPorts = 2> <OutPorts = 1>
ST_2 : Operation 38 [1/1] (0.33ns)   --->   "%out_data_37 = select i1 %icmp_ln51_2, i11 %trunc_ln44_2, i11 0" [firmware/nnet_utils/nnet_activation_stream.h:51]   --->   Operation 38 'select' 'out_data_37' <Predicate = true> <Delay = 0.33> <CoreInst = "Sel">   --->   Core 73 'Sel' <Latency = 0> <II = 1> <Delay = 0.33> <FuncUnit> <Opcode : 'select'> <InPorts = 3> <OutPorts = 1>
ST_2 : Operation 39 [1/1] (1.35ns)   --->   "%icmp_ln51_3 = icmp_sgt  i12 %out_data_2, i12 0" [firmware/nnet_utils/nnet_activation_stream.h:51]   --->   Operation 39 'icmp' 'icmp_ln51_3' <Predicate = true> <Delay = 1.35> <CoreInst = "Cmp">   --->   Core 9 'Cmp' <Latency = 0> <II = 1> <Delay = 1.35> <FuncUnit> <Opcode : 'icmp'> <InPorts = 2> <OutPorts = 1>
ST_2 : Operation 40 [1/1] (0.33ns)   --->   "%out_data_38 = select i1 %icmp_ln51_3, i11 %trunc_ln44_3, i11 0" [firmware/nnet_utils/nnet_activation_stream.h:51]   --->   Operation 40 'select' 'out_data_38' <Predicate = true> <Delay = 0.33> <CoreInst = "Sel">   --->   Core 73 'Sel' <Latency = 0> <II = 1> <Delay = 0.33> <FuncUnit> <Opcode : 'select'> <InPorts = 3> <OutPorts = 1>
ST_2 : Operation 41 [1/1] (1.35ns)   --->   "%icmp_ln51_4 = icmp_sgt  i12 %trunc_ln44_4, i12 0" [firmware/nnet_utils/nnet_activation_stream.h:51]   --->   Operation 41 'icmp' 'icmp_ln51_4' <Predicate = true> <Delay = 1.35> <CoreInst = "Cmp">   --->   Core 9 'Cmp' <Latency = 0> <II = 1> <Delay = 1.35> <FuncUnit> <Opcode : 'icmp'> <InPorts = 2> <OutPorts = 1>
ST_2 : Operation 42 [1/1] (0.33ns)   --->   "%select_ln51 = select i1 %icmp_ln51_4, i11 %trunc_ln44_8, i11 0" [firmware/nnet_utils/nnet_activation_stream.h:51]   --->   Operation 42 'select' 'select_ln51' <Predicate = true> <Delay = 0.33> <CoreInst = "Sel">   --->   Core 73 'Sel' <Latency = 0> <II = 1> <Delay = 0.33> <FuncUnit> <Opcode : 'select'> <InPorts = 3> <OutPorts = 1>
ST_2 : Operation 43 [1/1] (1.35ns)   --->   "%icmp_ln51_5 = icmp_sgt  i12 %trunc_ln44_5, i12 0" [firmware/nnet_utils/nnet_activation_stream.h:51]   --->   Operation 43 'icmp' 'icmp_ln51_5' <Predicate = true> <Delay = 1.35> <CoreInst = "Cmp">   --->   Core 9 'Cmp' <Latency = 0> <II = 1> <Delay = 1.35> <FuncUnit> <Opcode : 'icmp'> <InPorts = 2> <OutPorts = 1>
ST_2 : Operation 44 [1/1] (0.33ns)   --->   "%select_ln51_1 = select i1 %icmp_ln51_5, i11 %trunc_ln44_9, i11 0" [firmware/nnet_utils/nnet_activation_stream.h:51]   --->   Operation 44 'select' 'select_ln51_1' <Predicate = true> <Delay = 0.33> <CoreInst = "Sel">   --->   Core 73 'Sel' <Latency = 0> <II = 1> <Delay = 0.33> <FuncUnit> <Opcode : 'select'> <InPorts = 3> <OutPorts = 1>
ST_2 : Operation 45 [1/1] (1.35ns)   --->   "%icmp_ln51_6 = icmp_sgt  i12 %trunc_ln44_6, i12 0" [firmware/nnet_utils/nnet_activation_stream.h:51]   --->   Operation 45 'icmp' 'icmp_ln51_6' <Predicate = true> <Delay = 1.35> <CoreInst = "Cmp">   --->   Core 9 'Cmp' <Latency = 0> <II = 1> <Delay = 1.35> <FuncUnit> <Opcode : 'icmp'> <InPorts = 2> <OutPorts = 1>
ST_2 : Operation 46 [1/1] (0.33ns)   --->   "%select_ln51_2 = select i1 %icmp_ln51_6, i11 %trunc_ln44_s, i11 0" [firmware/nnet_utils/nnet_activation_stream.h:51]   --->   Operation 46 'select' 'select_ln51_2' <Predicate = true> <Delay = 0.33> <CoreInst = "Sel">   --->   Core 73 'Sel' <Latency = 0> <II = 1> <Delay = 0.33> <FuncUnit> <Opcode : 'select'> <InPorts = 3> <OutPorts = 1>
ST_2 : Operation 47 [1/1] (1.35ns)   --->   "%icmp_ln51_7 = icmp_sgt  i12 %trunc_ln44_7, i12 0" [firmware/nnet_utils/nnet_activation_stream.h:51]   --->   Operation 47 'icmp' 'icmp_ln51_7' <Predicate = true> <Delay = 1.35> <CoreInst = "Cmp">   --->   Core 9 'Cmp' <Latency = 0> <II = 1> <Delay = 1.35> <FuncUnit> <Opcode : 'icmp'> <InPorts = 2> <OutPorts = 1>
ST_2 : Operation 48 [1/1] (0.33ns)   --->   "%select_ln51_3 = select i1 %icmp_ln51_7, i11 %trunc_ln, i11 0" [firmware/nnet_utils/nnet_activation_stream.h:51]   --->   Operation 48 'select' 'select_ln51_3' <Predicate = true> <Delay = 0.33> <CoreInst = "Sel">   --->   Core 73 'Sel' <Latency = 0> <II = 1> <Delay = 0.33> <FuncUnit> <Opcode : 'select'> <InPorts = 3> <OutPorts = 1>
ST_2 : Operation 63 [1/1] (0.00ns)   --->   "%ret_ln59 = ret" [firmware/nnet_utils/nnet_activation_stream.h:59]   --->   Operation 63 'ret' 'ret_ln59' <Predicate = (icmp_ln41)> <Delay = 0.00>

State 3 <SV = 2> <Delay = 1.82>
ST_3 : Operation 49 [1/1] (0.00ns)   --->   "%specpipeline_ln42 = specpipeline void @_ssdm_op_SpecPipeline, i32 4294967295, i32 0, i32 0, i32 0, void @empty_8" [firmware/nnet_utils/nnet_activation_stream.h:42]   --->   Operation 49 'specpipeline' 'specpipeline_ln42' <Predicate = true> <Delay = 0.00>
ST_3 : Operation 50 [1/1] (0.00ns)   --->   "%speclooptripcount_ln41 = speclooptripcount void @_ssdm_op_SpecLoopTripCount, i64 1024, i64 1024, i64 1024" [firmware/nnet_utils/nnet_activation_stream.h:41]   --->   Operation 50 'speclooptripcount' 'speclooptripcount_ln41' <Predicate = true> <Delay = 0.00>
ST_3 : Operation 51 [1/1] (0.00ns)   --->   "%specloopname_ln41 = specloopname void @_ssdm_op_SpecLoopName, void @empty_10" [firmware/nnet_utils/nnet_activation_stream.h:41]   --->   Operation 51 'specloopname' 'specloopname_ln41' <Predicate = true> <Delay = 0.00>
ST_3 : Operation 52 [1/1] (0.00ns)   --->   "%zext_ln45 = zext i11 %out_data_34" [firmware/nnet_utils/nnet_activation_stream.h:45]   --->   Operation 52 'zext' 'zext_ln45' <Predicate = true> <Delay = 0.00>
ST_3 : Operation 53 [1/1] (0.00ns)   --->   "%zext_ln45_1 = zext i11 %out_data_36" [firmware/nnet_utils/nnet_activation_stream.h:45]   --->   Operation 53 'zext' 'zext_ln45_1' <Predicate = true> <Delay = 0.00>
ST_3 : Operation 54 [1/1] (0.00ns)   --->   "%zext_ln45_2 = zext i11 %out_data_37" [firmware/nnet_utils/nnet_activation_stream.h:45]   --->   Operation 54 'zext' 'zext_ln45_2' <Predicate = true> <Delay = 0.00>
ST_3 : Operation 55 [1/1] (0.00ns)   --->   "%zext_ln45_3 = zext i11 %out_data_38" [firmware/nnet_utils/nnet_activation_stream.h:45]   --->   Operation 55 'zext' 'zext_ln45_3' <Predicate = true> <Delay = 0.00>
ST_3 : Operation 56 [1/1] (0.00ns)   --->   "%zext_ln51 = zext i11 %select_ln51" [firmware/nnet_utils/nnet_activation_stream.h:51]   --->   Operation 56 'zext' 'zext_ln51' <Predicate = true> <Delay = 0.00>
ST_3 : Operation 57 [1/1] (0.00ns)   --->   "%zext_ln51_1 = zext i11 %select_ln51_1" [firmware/nnet_utils/nnet_activation_stream.h:51]   --->   Operation 57 'zext' 'zext_ln51_1' <Predicate = true> <Delay = 0.00>
ST_3 : Operation 58 [1/1] (0.00ns)   --->   "%zext_ln51_2 = zext i11 %select_ln51_2" [firmware/nnet_utils/nnet_activation_stream.h:51]   --->   Operation 58 'zext' 'zext_ln51_2' <Predicate = true> <Delay = 0.00>
ST_3 : Operation 59 [1/1] (0.00ns)   --->   "%or_ln57_s = bitconcatenate i95 @_ssdm_op_BitConcatenate.i95.i11.i12.i12.i12.i12.i12.i12.i12, i11 %select_ln51_3, i12 %zext_ln51_2, i12 %zext_ln51_1, i12 %zext_ln51, i12 %zext_ln45_3, i12 %zext_ln45_2, i12 %zext_ln45_1, i12 %zext_ln45" [firmware/nnet_utils/nnet_activation_stream.h:57]   --->   Operation 59 'bitconcatenate' 'or_ln57_s' <Predicate = true> <Delay = 0.00>
ST_3 : Operation 60 [1/1] (0.00ns)   --->   "%zext_ln57 = zext i95 %or_ln57_s" [firmware/nnet_utils/nnet_activation_stream.h:57]   --->   Operation 60 'zext' 'zext_ln57' <Predicate = true> <Delay = 0.00>
ST_3 : Operation 61 [1/1] (1.82ns)   --->   "%write_ln57 = write void @_ssdm_op_Write.ap_fifo.volatile.i96P0A, i96 %layer24_out, i96 %zext_ln57" [firmware/nnet_utils/nnet_activation_stream.h:57]   --->   Operation 61 'write' 'write_ln57' <Predicate = true> <Delay = 1.82> <CoreInst = "FIFO">   --->   Core 78 'FIFO' <Latency = 0> <II = 1> <Delay = 2.16> <Storage> <Opcode : 'read' 'write' 'nbread' 'nbwrite'> <Ports = 0> <Width = 96> <Depth = 1024> <FIFO>
ST_3 : Operation 62 [1/1] (0.00ns)   --->   "%br_ln41 = br void %ReLUPackLoop" [firmware/nnet_utils/nnet_activation_stream.h:41]   --->   Operation 62 'br' 'br_ln41' <Predicate = true> <Delay = 0.00>


============================================================
+ Verbose Summary: Timing violations
============================================================
Target clock period: 5.000ns, clock uncertainty: 1.350ns.

 <State 1>: 2.411ns
The critical path consists of the following:
	'store' operation 0 bit ('store_ln41', firmware/nnet_utils/nnet_activation_stream.h:41) of constant 0 on local variable 'i', firmware/nnet_utils/nnet_activation_stream.h:41 [6]  (0.538 ns)
	'load' operation 11 bit ('i', firmware/nnet_utils/nnet_activation_stream.h:41) on local variable 'i', firmware/nnet_utils/nnet_activation_stream.h:41 [9]  (0.000 ns)
	'icmp' operation 1 bit ('icmp_ln41', firmware/nnet_utils/nnet_activation_stream.h:41) [10]  (1.335 ns)
	'store' operation 0 bit ('store_ln41', firmware/nnet_utils/nnet_activation_stream.h:41) of variable 'i', firmware/nnet_utils/nnet_activation_stream.h:41 on local variable 'i', firmware/nnet_utils/nnet_activation_stream.h:41 [60]  (0.538 ns)

 <State 2>: 3.515ns
The critical path consists of the following:
	fifo read operation ('layer23_out_read', firmware/nnet_utils/nnet_activation_stream.h:44) on port 'layer23_out' (firmware/nnet_utils/nnet_activation_stream.h:44) [17]  (1.825 ns)
	'icmp' operation 1 bit ('icmp_ln51', firmware/nnet_utils/nnet_activation_stream.h:51) [34]  (1.352 ns)
	'select' operation 11 bit ('out_data', firmware/nnet_utils/nnet_activation_stream.h:51) [35]  (0.338 ns)

 <State 3>: 1.825ns
The critical path consists of the following:
	fifo write operation ('write_ln57', firmware/nnet_utils/nnet_activation_stream.h:57) on port 'layer24_out' (firmware/nnet_utils/nnet_activation_stream.h:57) [59]  (1.825 ns)


============================================================
+ Verbose Summary: Binding
============================================================
N/A
* FSMD analyzer results:
  - Output states:
 - Input state : 
  - Chain level:
	State 1
	State 2
	State 3


============================================================
+ Verbose Summary: Datapath Resource usage 
============================================================
N/A
