

================================================================
== Vitis HLS Report for 'shift_line_buffer_array_ap_fixed_16_6_5_3_0_1u_config2_s'
================================================================
* Date:           Sun Apr 26 02:59:48 2026

* Version:        2025.2 (Build 6295257 on Nov 14 2025)
* Project:        folo_prj
* Solution:       solution1 (Vivado IP Flow Target)
* Product family: kintexu
* Target device:  xcku035-fbva676-2-e


================================================================
== Performance Estimates
================================================================
+ Timing: 
    * Summary: 
    +--------+---------+----------+------------+
    |  Clock |  Target | Estimated| Uncertainty|
    +--------+---------+----------+------------+
    |ap_clk  |  5.00 ns|  1.154 ns|     1.35 ns|
    +--------+---------+----------+------------+

+ Latency: 
    * Summary: 
    +---------+---------+----------+----------+-----+-----+---------+
    |  Latency (cycles) |  Latency (absolute) |  Interval | Pipeline|
    |   min   |   max   |    min   |    max   | min | max |   Type  |
    +---------+---------+----------+----------+-----+-----+---------+
    |        0|        0|      0 ns|      0 ns|    1|    1|      yes|
    +---------+---------+----------+----------+-----+-----+---------+

    + Detail: 
        * Instance: 
        N/A

        * Loop: 
        N/A



================================================================
== Utilization Estimates
================================================================
* Summary: 
+-----------------+---------+------+--------+--------+-----+
|       Name      | BRAM_18K|  DSP |   FF   |   LUT  | URAM|
+-----------------+---------+------+--------+--------+-----+
|DSP              |        -|     -|       -|       -|    -|
|Expression       |        -|     -|       -|       -|    -|
|FIFO             |        -|     -|       -|       -|    -|
|Instance         |        -|     -|       -|       -|    -|
|Memory           |        -|     -|       0|       2|    -|
|Multiplexer      |        -|     -|       0|      54|    -|
|Register         |        -|     -|       1|       -|    -|
+-----------------+---------+------+--------+--------+-----+
|Total            |        0|     0|       1|      56|    0|
+-----------------+---------+------+--------+--------+-----+
|Available        |     1080|  1700|  406256|  203128|    0|
+-----------------+---------+------+--------+--------+-----+
|Utilization (%)  |        0|     0|      ~0|      ~0|    0|
+-----------------+---------+------+--------+--------+-----+

+ Detail: 
    * Instance: 
    N/A

    * DSP: 
    N/A

    * Memory: 
    +------------------------------------------------------------------------------+----------------------------------------------------------------------------------+---------+---+----+-----+------+-----+------+-------------+
    |                                    Memory                                    |                                      Module                                      | BRAM_18K| FF| LUT| URAM| Words| Bits| Banks| W*Bits*Banks|
    +------------------------------------------------------------------------------+----------------------------------------------------------------------------------+---------+---+----+-----+------+-----+------+-------------+
    |void_conv_2d_buffer_latency_cl_stream_stream_weight_t_bias_t_line_buffer_1_U  |shift_line_buffer_array_ap_fixed_16_6_5_3_0_1u_config2_s_void_conv_2d_buffer_bkb  |        0|  0|   1|    0|   257|   16|     1|         4112|
    |void_conv_2d_buffer_latency_cl_stream_stream_weight_t_bias_t_line_buffer_U    |shift_line_buffer_array_ap_fixed_16_6_5_3_0_1u_config2_s_void_conv_2d_buffer_bkb  |        0|  0|   1|    0|   257|   16|     1|         4112|
    +------------------------------------------------------------------------------+----------------------------------------------------------------------------------+---------+---+----+-----+------+-----+------+-------------+
    |Total                                                                         |                                                                                  |        0|  0|   2|    0|   514|   32|     2|         8224|
    +------------------------------------------------------------------------------+----------------------------------------------------------------------------------+---------+---+----+-----+------+-----+------+-------------+

    * FIFO: 
    N/A

    * Expression: 
    N/A

    * Multiplexer: 
    +--------------------------------------------------------------------------------+----+-----------+-----+-----------+
    |                                      Name                                      | LUT| Input Size| Bits| Total Bits|
    +--------------------------------------------------------------------------------+----+-----------+-----+-----------+
    |void_compute_output_buffer_2d_array_const_ap_shift_reg_n_chan_stream_weig_50_o  |   9|          2|   16|         32|
    |void_compute_output_buffer_2d_array_const_ap_shift_reg_n_chan_stream_weig_51_o  |   9|          2|   16|         32|
    |void_compute_output_buffer_2d_array_const_ap_shift_reg_n_chan_stream_weig_53_o  |   9|          2|   16|         32|
    |void_compute_output_buffer_2d_array_const_ap_shift_reg_n_chan_stream_weig_54_o  |   9|          2|   16|         32|
    |void_compute_output_buffer_2d_array_const_ap_shift_reg_n_chan_stream_weig_56_o  |   9|          2|   16|         32|
    |void_compute_output_buffer_2d_array_const_ap_shift_reg_n_chan_stream_weig_57_o  |   9|          2|   16|         32|
    +--------------------------------------------------------------------------------+----+-----------+-----+-----------+
    |Total                                                                           |  54|         12|   96|        192|
    +--------------------------------------------------------------------------------+----+-----------+-----+-----------+

    * Register: 
    +-----------+---+----+-----+-----------+
    |    Name   | FF| LUT| Bits| Const Bits|
    +-----------+---+----+-----+-----------+
    |ap_CS_fsm  |  1|   0|    1|          0|
    +-----------+---+----+-----+-----------+
    |Total      |  1|   0|    1|          0|
    +-----------+---+----+-----+-----------+



================================================================
== Interface
================================================================
* Summary: 
+---------------------------------------------------------------------------------------+-----+-----+------------+------------------------------------------------------------------------------+--------------+
|                                       RTL Ports                                       | Dir | Bits|  Protocol  |                                 Source Object                                |    C Type    |
+---------------------------------------------------------------------------------------+-----+-----+------------+------------------------------------------------------------------------------+--------------+
|ap_clk                                                                                 |   in|    1|  ap_ctrl_hs|               shift_line_buffer<array<ap_fixed<16, 6, 5, 3, 0>, 1u>, config2>|  return value|
|ap_rst                                                                                 |   in|    1|  ap_ctrl_hs|               shift_line_buffer<array<ap_fixed<16, 6, 5, 3, 0>, 1u>, config2>|  return value|
|ap_start                                                                               |   in|    1|  ap_ctrl_hs|               shift_line_buffer<array<ap_fixed<16, 6, 5, 3, 0>, 1u>, config2>|  return value|
|ap_done                                                                                |  out|    1|  ap_ctrl_hs|               shift_line_buffer<array<ap_fixed<16, 6, 5, 3, 0>, 1u>, config2>|  return value|
|ap_idle                                                                                |  out|    1|  ap_ctrl_hs|               shift_line_buffer<array<ap_fixed<16, 6, 5, 3, 0>, 1u>, config2>|  return value|
|ap_ready                                                                               |  out|    1|  ap_ctrl_hs|               shift_line_buffer<array<ap_fixed<16, 6, 5, 3, 0>, 1u>, config2>|  return value|
|ap_ce                                                                                  |   in|    1|  ap_ctrl_hs|               shift_line_buffer<array<ap_fixed<16, 6, 5, 3, 0>, 1u>, config2>|  return value|
|in_elem_0_0_0_0_0_val                                                                  |   in|   16|     ap_none|                                                         in_elem_0_0_0_0_0_val|        scalar|
|void_compute_output_buffer_2d_array_const_ap_shift_reg_n_chan_stream_weig_57_i         |   in|   16|     ap_ovld|  void_compute_output_buffer_2d_array_const_ap_shift_reg_n_chan_stream_weig_57|       pointer|
|void_compute_output_buffer_2d_array_const_ap_shift_reg_n_chan_stream_weig_57_o         |  out|   16|     ap_ovld|  void_compute_output_buffer_2d_array_const_ap_shift_reg_n_chan_stream_weig_57|       pointer|
|void_compute_output_buffer_2d_array_const_ap_shift_reg_n_chan_stream_weig_57_o_ap_vld  |  out|    1|     ap_ovld|  void_compute_output_buffer_2d_array_const_ap_shift_reg_n_chan_stream_weig_57|       pointer|
|void_compute_output_buffer_2d_array_const_ap_shift_reg_n_chan_stream_weig_58           |  out|   16|      ap_vld|  void_compute_output_buffer_2d_array_const_ap_shift_reg_n_chan_stream_weig_58|       pointer|
|void_compute_output_buffer_2d_array_const_ap_shift_reg_n_chan_stream_weig_58_ap_vld    |  out|    1|      ap_vld|  void_compute_output_buffer_2d_array_const_ap_shift_reg_n_chan_stream_weig_58|       pointer|
|void_compute_output_buffer_2d_array_const_ap_shift_reg_n_chan_stream_weig_54_i         |   in|   16|     ap_ovld|  void_compute_output_buffer_2d_array_const_ap_shift_reg_n_chan_stream_weig_54|       pointer|
|void_compute_output_buffer_2d_array_const_ap_shift_reg_n_chan_stream_weig_54_o         |  out|   16|     ap_ovld|  void_compute_output_buffer_2d_array_const_ap_shift_reg_n_chan_stream_weig_54|       pointer|
|void_compute_output_buffer_2d_array_const_ap_shift_reg_n_chan_stream_weig_54_o_ap_vld  |  out|    1|     ap_ovld|  void_compute_output_buffer_2d_array_const_ap_shift_reg_n_chan_stream_weig_54|       pointer|
|void_compute_output_buffer_2d_array_const_ap_shift_reg_n_chan_stream_weig_55           |  out|   16|      ap_vld|  void_compute_output_buffer_2d_array_const_ap_shift_reg_n_chan_stream_weig_55|       pointer|
|void_compute_output_buffer_2d_array_const_ap_shift_reg_n_chan_stream_weig_55_ap_vld    |  out|    1|      ap_vld|  void_compute_output_buffer_2d_array_const_ap_shift_reg_n_chan_stream_weig_55|       pointer|
|void_compute_output_buffer_2d_array_const_ap_shift_reg_n_chan_stream_weig_51_i         |   in|   16|     ap_ovld|  void_compute_output_buffer_2d_array_const_ap_shift_reg_n_chan_stream_weig_51|       pointer|
|void_compute_output_buffer_2d_array_const_ap_shift_reg_n_chan_stream_weig_51_o         |  out|   16|     ap_ovld|  void_compute_output_buffer_2d_array_const_ap_shift_reg_n_chan_stream_weig_51|       pointer|
|void_compute_output_buffer_2d_array_const_ap_shift_reg_n_chan_stream_weig_51_o_ap_vld  |  out|    1|     ap_ovld|  void_compute_output_buffer_2d_array_const_ap_shift_reg_n_chan_stream_weig_51|       pointer|
|void_compute_output_buffer_2d_array_const_ap_shift_reg_n_chan_stream_weig_52           |  out|   16|      ap_vld|  void_compute_output_buffer_2d_array_const_ap_shift_reg_n_chan_stream_weig_52|       pointer|
|void_compute_output_buffer_2d_array_const_ap_shift_reg_n_chan_stream_weig_52_ap_vld    |  out|    1|      ap_vld|  void_compute_output_buffer_2d_array_const_ap_shift_reg_n_chan_stream_weig_52|       pointer|
|void_compute_output_buffer_2d_array_const_ap_shift_reg_n_chan_stream_weig_56_i         |   in|   16|     ap_ovld|  void_compute_output_buffer_2d_array_const_ap_shift_reg_n_chan_stream_weig_56|       pointer|
|void_compute_output_buffer_2d_array_const_ap_shift_reg_n_chan_stream_weig_56_o         |  out|   16|     ap_ovld|  void_compute_output_buffer_2d_array_const_ap_shift_reg_n_chan_stream_weig_56|       pointer|
|void_compute_output_buffer_2d_array_const_ap_shift_reg_n_chan_stream_weig_56_o_ap_vld  |  out|    1|     ap_ovld|  void_compute_output_buffer_2d_array_const_ap_shift_reg_n_chan_stream_weig_56|       pointer|
|void_compute_output_buffer_2d_array_const_ap_shift_reg_n_chan_stream_weig_53_i         |   in|   16|     ap_ovld|  void_compute_output_buffer_2d_array_const_ap_shift_reg_n_chan_stream_weig_53|       pointer|
|void_compute_output_buffer_2d_array_const_ap_shift_reg_n_chan_stream_weig_53_o         |  out|   16|     ap_ovld|  void_compute_output_buffer_2d_array_const_ap_shift_reg_n_chan_stream_weig_53|       pointer|
|void_compute_output_buffer_2d_array_const_ap_shift_reg_n_chan_stream_weig_53_o_ap_vld  |  out|    1|     ap_ovld|  void_compute_output_buffer_2d_array_const_ap_shift_reg_n_chan_stream_weig_53|       pointer|
|void_compute_output_buffer_2d_array_const_ap_shift_reg_n_chan_stream_weig_50_i         |   in|   16|     ap_ovld|  void_compute_output_buffer_2d_array_const_ap_shift_reg_n_chan_stream_weig_50|       pointer|
|void_compute_output_buffer_2d_array_const_ap_shift_reg_n_chan_stream_weig_50_o         |  out|   16|     ap_ovld|  void_compute_output_buffer_2d_array_const_ap_shift_reg_n_chan_stream_weig_50|       pointer|
|void_compute_output_buffer_2d_array_const_ap_shift_reg_n_chan_stream_weig_50_o_ap_vld  |  out|    1|     ap_ovld|  void_compute_output_buffer_2d_array_const_ap_shift_reg_n_chan_stream_weig_50|       pointer|
+---------------------------------------------------------------------------------------+-----+-----+------------+------------------------------------------------------------------------------+--------------+

============================================================
+ Verbose Summary: Synthesis Manager
============================================================
InlineROM: 1
ExposeGlobal: 0
============================================================
+ Verbose Summary: CDFG Model
============================================================
IsTopModel: 0
ResetActiveHigh: 1
IsCombinational: 2
IsDatapathOnly: 2
HasWiredReturn: 1
HasMFsm: 2
HasVarLatency: 0
IsPipeline: 1
IsRtlPipelined: 0
IsInstanceOverlapped: 0
IsDontTouch: 0
HasImplIP: 0
IsGatedGlobalClock: 0

+ Individual pipeline summary: 
  * Pipeline-0: initiation interval (II) = 1, depth = 1


============================================================
+ Verbose Summary: Schedule
============================================================
* Number of FSM states : 1
* Pipeline : 1
  Pipeline-0 : II = 1, D = 1, States = { 1 }
* Dataflow Pipeline: 0

* FSM state transitions: 
1 --> 

* FSM state operations: 

State 1 <SV = 0> <Delay = 1.15>
ST_1 : Operation 2 [1/1] (0.00ns)   --->   "%specpipeline_ln221 = specpipeline void @_ssdm_op_SpecPipeline, i32 4294967295, i32 0, i32 0, i32 0, i32 4294967295, void @empty_11" [firmware/nnet_utils/nnet_conv_stream.h:221]   --->   Operation 2 'specpipeline' 'specpipeline_ln221' <Predicate = true> <Delay = 0.00>
ST_1 : Operation 3 [1/1] (0.00ns)   --->   "%in_elem_0_0_0_0_0_val_read = read i16 @_ssdm_op_Read.ap_auto.i16, i16 %in_elem_0_0_0_0_0_val" [firmware/nnet_utils/nnet_conv_stream.h:241]   --->   Operation 3 'read' 'in_elem_0_0_0_0_0_val_read' <Predicate = true> <Delay = 0.00>
ST_1 : Operation 4 [1/1] (0.57ns)   --->   "%p_03_i = memshiftread i16 @_ssdm_op_MemShiftRead.[257 x i16]P0A, i16 256, i16 %in_elem_0_0_0_0_0_val_read, i1 1" [firmware/nnet_utils/nnet_conv_stream.h:241]   --->   Operation 4 'memshiftread' 'p_03_i' <Predicate = true> <Delay = 0.57> <CoreInst = "ShiftReg">   --->   Core 76 'ShiftReg' <Latency = 0> <II = 1> <Delay = 0.57> <Storage> <Opcode : 'load' 'memshiftread'> <Ports = 1> <Width = 16> <Depth = 257> <ShiftMem>
ST_1 : Operation 5 [1/1] (0.57ns)   --->   "%p_0_i = memshiftread i16 @_ssdm_op_MemShiftRead.[257 x i16]P0A, i16 256, i16 %p_03_i, i1 1" [firmware/nnet_utils/nnet_conv_stream.h:241]   --->   Operation 5 'memshiftread' 'p_0_i' <Predicate = true> <Delay = 0.57> <CoreInst = "ShiftReg">   --->   Core 76 'ShiftReg' <Latency = 0> <II = 1> <Delay = 0.57> <Storage> <Opcode : 'load' 'memshiftread'> <Ports = 1> <Width = 16> <Depth = 257> <ShiftMem>
ST_1 : Operation 6 [1/1] (0.00ns)   --->   "%void_compute_output_buffer_2d_array_const_ap_shift_reg_n_chan_stream_weig_81 = load i16 %void_compute_output_buffer_2d_array_const_ap_shift_reg_n_chan_stream_weig_57" [firmware/nnet_utils/nnet_conv_stream.h:196->firmware/nnet_utils/nnet_conv_stream.h:247]   --->   Operation 6 'load' 'void_compute_output_buffer_2d_array_const_ap_shift_reg_n_chan_stream_weig_81' <Predicate = true> <Delay = 0.00>
ST_1 : Operation 7 [1/1] (0.00ns)   --->   "%store_ln196 = store i16 %void_compute_output_buffer_2d_array_const_ap_shift_reg_n_chan_stream_weig_81, i16 %void_compute_output_buffer_2d_array_const_ap_shift_reg_n_chan_stream_weig_58" [firmware/nnet_utils/nnet_conv_stream.h:196->firmware/nnet_utils/nnet_conv_stream.h:247]   --->   Operation 7 'store' 'store_ln196' <Predicate = true> <Delay = 0.00>
ST_1 : Operation 8 [1/1] (0.00ns)   --->   "%void_compute_output_buffer_2d_array_const_ap_shift_reg_n_chan_stream_weig_82 = load i16 %void_compute_output_buffer_2d_array_const_ap_shift_reg_n_chan_stream_weig_54" [firmware/nnet_utils/nnet_conv_stream.h:196->firmware/nnet_utils/nnet_conv_stream.h:247]   --->   Operation 8 'load' 'void_compute_output_buffer_2d_array_const_ap_shift_reg_n_chan_stream_weig_82' <Predicate = true> <Delay = 0.00>
ST_1 : Operation 9 [1/1] (0.00ns)   --->   "%store_ln196 = store i16 %void_compute_output_buffer_2d_array_const_ap_shift_reg_n_chan_stream_weig_82, i16 %void_compute_output_buffer_2d_array_const_ap_shift_reg_n_chan_stream_weig_55" [firmware/nnet_utils/nnet_conv_stream.h:196->firmware/nnet_utils/nnet_conv_stream.h:247]   --->   Operation 9 'store' 'store_ln196' <Predicate = true> <Delay = 0.00>
ST_1 : Operation 10 [1/1] (0.00ns)   --->   "%void_compute_output_buffer_2d_array_const_ap_shift_reg_n_chan_stream_weig_83 = load i16 %void_compute_output_buffer_2d_array_const_ap_shift_reg_n_chan_stream_weig_51" [firmware/nnet_utils/nnet_conv_stream.h:196->firmware/nnet_utils/nnet_conv_stream.h:247]   --->   Operation 10 'load' 'void_compute_output_buffer_2d_array_const_ap_shift_reg_n_chan_stream_weig_83' <Predicate = true> <Delay = 0.00>
ST_1 : Operation 11 [1/1] (0.00ns)   --->   "%store_ln196 = store i16 %void_compute_output_buffer_2d_array_const_ap_shift_reg_n_chan_stream_weig_83, i16 %void_compute_output_buffer_2d_array_const_ap_shift_reg_n_chan_stream_weig_52" [firmware/nnet_utils/nnet_conv_stream.h:196->firmware/nnet_utils/nnet_conv_stream.h:247]   --->   Operation 11 'store' 'store_ln196' <Predicate = true> <Delay = 0.00>
ST_1 : Operation 12 [1/1] (0.00ns)   --->   "%void_compute_output_buffer_2d_array_const_ap_shift_reg_n_chan_stream_weig_84 = load i16 %void_compute_output_buffer_2d_array_const_ap_shift_reg_n_chan_stream_weig_56" [firmware/nnet_utils/nnet_conv_stream.h:196->firmware/nnet_utils/nnet_conv_stream.h:247]   --->   Operation 12 'load' 'void_compute_output_buffer_2d_array_const_ap_shift_reg_n_chan_stream_weig_84' <Predicate = true> <Delay = 0.00>
ST_1 : Operation 13 [1/1] (0.00ns)   --->   "%store_ln196 = store i16 %void_compute_output_buffer_2d_array_const_ap_shift_reg_n_chan_stream_weig_84, i16 %void_compute_output_buffer_2d_array_const_ap_shift_reg_n_chan_stream_weig_57" [firmware/nnet_utils/nnet_conv_stream.h:196->firmware/nnet_utils/nnet_conv_stream.h:247]   --->   Operation 13 'store' 'store_ln196' <Predicate = true> <Delay = 0.00>
ST_1 : Operation 14 [1/1] (0.00ns)   --->   "%void_compute_output_buffer_2d_array_const_ap_shift_reg_n_chan_stream_weig_85 = load i16 %void_compute_output_buffer_2d_array_const_ap_shift_reg_n_chan_stream_weig_53" [firmware/nnet_utils/nnet_conv_stream.h:196->firmware/nnet_utils/nnet_conv_stream.h:247]   --->   Operation 14 'load' 'void_compute_output_buffer_2d_array_const_ap_shift_reg_n_chan_stream_weig_85' <Predicate = true> <Delay = 0.00>
ST_1 : Operation 15 [1/1] (0.00ns)   --->   "%store_ln196 = store i16 %void_compute_output_buffer_2d_array_const_ap_shift_reg_n_chan_stream_weig_85, i16 %void_compute_output_buffer_2d_array_const_ap_shift_reg_n_chan_stream_weig_54" [firmware/nnet_utils/nnet_conv_stream.h:196->firmware/nnet_utils/nnet_conv_stream.h:247]   --->   Operation 15 'store' 'store_ln196' <Predicate = true> <Delay = 0.00>
ST_1 : Operation 16 [1/1] (0.00ns)   --->   "%void_compute_output_buffer_2d_array_const_ap_shift_reg_n_chan_stream_weig_86 = load i16 %void_compute_output_buffer_2d_array_const_ap_shift_reg_n_chan_stream_weig_50" [firmware/nnet_utils/nnet_conv_stream.h:196->firmware/nnet_utils/nnet_conv_stream.h:247]   --->   Operation 16 'load' 'void_compute_output_buffer_2d_array_const_ap_shift_reg_n_chan_stream_weig_86' <Predicate = true> <Delay = 0.00>
ST_1 : Operation 17 [1/1] (0.00ns)   --->   "%store_ln196 = store i16 %void_compute_output_buffer_2d_array_const_ap_shift_reg_n_chan_stream_weig_86, i16 %void_compute_output_buffer_2d_array_const_ap_shift_reg_n_chan_stream_weig_51" [firmware/nnet_utils/nnet_conv_stream.h:196->firmware/nnet_utils/nnet_conv_stream.h:247]   --->   Operation 17 'store' 'store_ln196' <Predicate = true> <Delay = 0.00>
ST_1 : Operation 18 [1/1] (0.00ns)   --->   "%store_ln209 = store i16 %p_0_i, i16 %void_compute_output_buffer_2d_array_const_ap_shift_reg_n_chan_stream_weig_56" [firmware/nnet_utils/nnet_conv_stream.h:209->firmware/nnet_utils/nnet_conv_stream.h:247]   --->   Operation 18 'store' 'store_ln209' <Predicate = true> <Delay = 0.00>
ST_1 : Operation 19 [1/1] (0.00ns)   --->   "%store_ln209 = store i16 %p_03_i, i16 %void_compute_output_buffer_2d_array_const_ap_shift_reg_n_chan_stream_weig_53" [firmware/nnet_utils/nnet_conv_stream.h:209->firmware/nnet_utils/nnet_conv_stream.h:247]   --->   Operation 19 'store' 'store_ln209' <Predicate = true> <Delay = 0.00>
ST_1 : Operation 20 [1/1] (0.00ns)   --->   "%store_ln209 = store i16 %in_elem_0_0_0_0_0_val_read, i16 %void_compute_output_buffer_2d_array_const_ap_shift_reg_n_chan_stream_weig_50" [firmware/nnet_utils/nnet_conv_stream.h:209->firmware/nnet_utils/nnet_conv_stream.h:247]   --->   Operation 20 'store' 'store_ln209' <Predicate = true> <Delay = 0.00>
ST_1 : Operation 21 [1/1] (0.00ns)   --->   "%ret_ln221 = ret" [firmware/nnet_utils/nnet_conv_stream.h:221]   --->   Operation 21 'ret' 'ret_ln221' <Predicate = true> <Delay = 0.00>


============================================================
+ Verbose Summary: Binding
============================================================
STG Binding: 
---------------- STG Properties BEGIN ----------------
- Is combinational: 0
- Is one-state seq: 1
- Is datapath-only: 0
- Is pipelined: 1
- Is top level: 0
Port [ Return ] is wired: 1; IO mode=ap_ctrl_hs:ce=0
Port [ in_elem_0_0_0_0_0_val]:  wired=1; compound=0; hidden=0; nouse=0; global=0; static=0; extern=0; dir=0; type=0; pingpong=0; private_global=0; IO mode=ap_none:ce=0
Port [ void_compute_output_buffer_2d_array_const_ap_shift_reg_n_chan_stream_weig_57]:  wired=1; compound=0; hidden=0; nouse=0; global=1; static=1; extern=0; dir=2; type=0; pingpong=0; private_global=0; IO mode=ap_ovld:ce=0
Port [ void_compute_output_buffer_2d_array_const_ap_shift_reg_n_chan_stream_weig_58]:  wired=1; compound=0; hidden=0; nouse=0; global=1; static=1; extern=0; dir=1; type=0; pingpong=0; private_global=0; IO mode=ap_vld:ce=0
Port [ void_compute_output_buffer_2d_array_const_ap_shift_reg_n_chan_stream_weig_54]:  wired=1; compound=0; hidden=0; nouse=0; global=1; static=1; extern=0; dir=2; type=0; pingpong=0; private_global=0; IO mode=ap_ovld:ce=0
Port [ void_compute_output_buffer_2d_array_const_ap_shift_reg_n_chan_stream_weig_55]:  wired=1; compound=0; hidden=0; nouse=0; global=1; static=1; extern=0; dir=1; type=0; pingpong=0; private_global=0; IO mode=ap_vld:ce=0
Port [ void_compute_output_buffer_2d_array_const_ap_shift_reg_n_chan_stream_weig_51]:  wired=1; compound=0; hidden=0; nouse=0; global=1; static=1; extern=0; dir=2; type=0; pingpong=0; private_global=0; IO mode=ap_ovld:ce=0
Port [ void_compute_output_buffer_2d_array_const_ap_shift_reg_n_chan_stream_weig_52]:  wired=1; compound=0; hidden=0; nouse=0; global=1; static=1; extern=0; dir=1; type=0; pingpong=0; private_global=0; IO mode=ap_vld:ce=0
Port [ void_compute_output_buffer_2d_array_const_ap_shift_reg_n_chan_stream_weig_56]:  wired=1; compound=0; hidden=0; nouse=0; global=1; static=1; extern=0; dir=2; type=0; pingpong=0; private_global=0; IO mode=ap_ovld:ce=0
Port [ void_compute_output_buffer_2d_array_const_ap_shift_reg_n_chan_stream_weig_53]:  wired=1; compound=0; hidden=0; nouse=0; global=1; static=1; extern=0; dir=2; type=0; pingpong=0; private_global=0; IO mode=ap_ovld:ce=0
Port [ void_compute_output_buffer_2d_array_const_ap_shift_reg_n_chan_stream_weig_50]:  wired=1; compound=0; hidden=0; nouse=0; global=1; static=1; extern=0; dir=2; type=0; pingpong=0; private_global=0; IO mode=ap_ovld:ce=0
Port [ void_conv_2d_buffer_latency_cl_stream_stream_weight_t_bias_t_line_buffer_1]:  wired=0; compound=1; hidden=1; nouse=0; global=1; static=1; extern=0; dir=3; type=1; pingpong=0; private_global=1; MemPort=[2]; IO mode=ap_memory:ce=0
Port [ void_conv_2d_buffer_latency_cl_stream_stream_weight_t_bias_t_line_buffer]:  wired=0; compound=1; hidden=1; nouse=0; global=1; static=1; extern=0; dir=3; type=1; pingpong=0; private_global=1; MemPort=[2]; IO mode=ap_memory:ce=0
---------------- STG Properties END ------------------

---------------- Datapath Model BEGIN ----------------

<LifeTime>
<method=bitvector/>
specpipeline_ln221                                                           (specpipeline) [ 00]
in_elem_0_0_0_0_0_val_read                                                   (read        ) [ 00]
p_03_i                                                                       (memshiftread) [ 00]
p_0_i                                                                        (memshiftread) [ 00]
void_compute_output_buffer_2d_array_const_ap_shift_reg_n_chan_stream_weig_81 (load        ) [ 00]
store_ln196                                                                  (store       ) [ 00]
void_compute_output_buffer_2d_array_const_ap_shift_reg_n_chan_stream_weig_82 (load        ) [ 00]
store_ln196                                                                  (store       ) [ 00]
void_compute_output_buffer_2d_array_const_ap_shift_reg_n_chan_stream_weig_83 (load        ) [ 00]
store_ln196                                                                  (store       ) [ 00]
void_compute_output_buffer_2d_array_const_ap_shift_reg_n_chan_stream_weig_84 (load        ) [ 00]
store_ln196                                                                  (store       ) [ 00]
void_compute_output_buffer_2d_array_const_ap_shift_reg_n_chan_stream_weig_85 (load        ) [ 00]
store_ln196                                                                  (store       ) [ 00]
void_compute_output_buffer_2d_array_const_ap_shift_reg_n_chan_stream_weig_86 (load        ) [ 00]
store_ln196                                                                  (store       ) [ 00]
store_ln209                                                                  (store       ) [ 00]
store_ln209                                                                  (store       ) [ 00]
store_ln209                                                                  (store       ) [ 00]
ret_ln221                                                                    (ret         ) [ 00]
</LifeTime>

<model>

<comp_list>
<comp id="0" class="1000" name="in_elem_0_0_0_0_0_val">
<pin_list>
<pin id="1" dir="1" index="0" bw="1" slack="0"/>
</pin_list>
<bind>
<StgValue><ssdm name="in_elem_0_0_0_0_0_val"/></StgValue>
</bind>
</comp>

<comp id="2" class="1000" name="void_compute_output_buffer_2d_array_const_ap_shift_reg_n_chan_stream_weig_57">
<pin_list>
<pin id="3" dir="1" index="0" bw="1" slack="0"/>
</pin_list>
<bind>
<StgValue><ssdm name="void_compute_output_buffer_2d_array_const_ap_shift_reg_n_chan_stream_weig_57"/></StgValue>
</bind>
</comp>

<comp id="4" class="1000" name="void_compute_output_buffer_2d_array_const_ap_shift_reg_n_chan_stream_weig_58">
<pin_list>
<pin id="5" dir="1" index="0" bw="1" slack="0"/>
</pin_list>
<bind>
<StgValue><ssdm name="void_compute_output_buffer_2d_array_const_ap_shift_reg_n_chan_stream_weig_58"/></StgValue>
</bind>
</comp>

<comp id="6" class="1000" name="void_compute_output_buffer_2d_array_const_ap_shift_reg_n_chan_stream_weig_54">
<pin_list>
<pin id="7" dir="1" index="0" bw="1" slack="0"/>
</pin_list>
<bind>
<StgValue><ssdm name="void_compute_output_buffer_2d_array_const_ap_shift_reg_n_chan_stream_weig_54"/></StgValue>
</bind>
</comp>

<comp id="8" class="1000" name="void_compute_output_buffer_2d_array_const_ap_shift_reg_n_chan_stream_weig_55">
<pin_list>
<pin id="9" dir="1" index="0" bw="1" slack="0"/>
</pin_list>
<bind>
<StgValue><ssdm name="void_compute_output_buffer_2d_array_const_ap_shift_reg_n_chan_stream_weig_55"/></StgValue>
</bind>
</comp>

<comp id="10" class="1000" name="void_compute_output_buffer_2d_array_const_ap_shift_reg_n_chan_stream_weig_51">
<pin_list>
<pin id="11" dir="1" index="0" bw="1" slack="0"/>
</pin_list>
<bind>
<StgValue><ssdm name="void_compute_output_buffer_2d_array_const_ap_shift_reg_n_chan_stream_weig_51"/></StgValue>
</bind>
</comp>

<comp id="12" class="1000" name="void_compute_output_buffer_2d_array_const_ap_shift_reg_n_chan_stream_weig_52">
<pin_list>
<pin id="13" dir="1" index="0" bw="1" slack="0"/>
</pin_list>
<bind>
<StgValue><ssdm name="void_compute_output_buffer_2d_array_const_ap_shift_reg_n_chan_stream_weig_52"/></StgValue>
</bind>
</comp>

<comp id="14" class="1000" name="void_compute_output_buffer_2d_array_const_ap_shift_reg_n_chan_stream_weig_56">
<pin_list>
<pin id="15" dir="1" index="0" bw="1" slack="0"/>
</pin_list>
<bind>
<StgValue><ssdm name="void_compute_output_buffer_2d_array_const_ap_shift_reg_n_chan_stream_weig_56"/></StgValue>
</bind>
</comp>

<comp id="16" class="1000" name="void_compute_output_buffer_2d_array_const_ap_shift_reg_n_chan_stream_weig_53">
<pin_list>
<pin id="17" dir="1" index="0" bw="1" slack="0"/>
</pin_list>
<bind>
<StgValue><ssdm name="void_compute_output_buffer_2d_array_const_ap_shift_reg_n_chan_stream_weig_53"/></StgValue>
</bind>
</comp>

<comp id="18" class="1000" name="void_compute_output_buffer_2d_array_const_ap_shift_reg_n_chan_stream_weig_50">
<pin_list>
<pin id="19" dir="1" index="0" bw="1" slack="0"/>
</pin_list>
<bind>
<StgValue><ssdm name="void_compute_output_buffer_2d_array_const_ap_shift_reg_n_chan_stream_weig_50"/></StgValue>
</bind>
</comp>

<comp id="20" class="1000" name="void_conv_2d_buffer_latency_cl_stream_stream_weight_t_bias_t_line_buffer_1">
<pin_list>
<pin id="21" dir="1" index="0" bw="1" slack="2147483647"/>
</pin_list>
<bind>
<StgValue><ssdm name="void_conv_2d_buffer_latency_cl_stream_stream_weight_t_bias_t_line_buffer_1"/><MemPortTyVec>2 </MemPortTyVec>
</StgValue>
</bind>
</comp>

<comp id="22" class="1000" name="void_conv_2d_buffer_latency_cl_stream_stream_weight_t_bias_t_line_buffer">
<pin_list>
<pin id="23" dir="1" index="0" bw="1" slack="2147483647"/>
</pin_list>
<bind>
<StgValue><ssdm name="void_conv_2d_buffer_latency_cl_stream_stream_weight_t_bias_t_line_buffer"/><MemPortTyVec>2 </MemPortTyVec>
</StgValue>
</bind>
</comp>

<comp id="24" class="1001" name="const_24">
<pin_list>
<pin id="25" dir="1" index="0" bw="1" slack="2147483647"/>
</pin_list>
<bind>
<StgValue><ssdm name="_ssdm_op_SpecPipeline"/></StgValue>
</bind>
</comp>

<comp id="26" class="1001" name="const_26">
<pin_list>
<pin id="27" dir="1" index="0" bw="1" slack="2147483647"/>
</pin_list>
<bind>
<StgValue><ssdm name=""/></StgValue>
</bind>
</comp>

<comp id="28" class="1001" name="const_28">
<pin_list>
<pin id="29" dir="1" index="0" bw="1" slack="2147483647"/>
</pin_list>
<bind>
<StgValue><ssdm name=""/></StgValue>
</bind>
</comp>

<comp id="30" class="1001" name="const_30">
<pin_list>
<pin id="31" dir="1" index="0" bw="1" slack="2147483647"/>
</pin_list>
<bind>
<StgValue><ssdm name="empty_11"/></StgValue>
</bind>
</comp>

<comp id="32" class="1001" name="const_32">
<pin_list>
<pin id="33" dir="1" index="0" bw="1" slack="0"/>
</pin_list>
<bind>
<StgValue><ssdm name="_ssdm_op_Read.ap_auto.i16"/></StgValue>
</bind>
</comp>

<comp id="34" class="1001" name="const_34">
<pin_list>
<pin id="35" dir="1" index="0" bw="1" slack="0"/>
</pin_list>
<bind>
<StgValue><ssdm name="_ssdm_op_MemShiftRead.[257 x i16]P0A"/></StgValue>
</bind>
</comp>

<comp id="36" class="1001" name="const_36">
<pin_list>
<pin id="37" dir="1" index="0" bw="1" slack="0"/>
</pin_list>
<bind>
<StgValue><ssdm name=""/></StgValue>
</bind>
</comp>

<comp id="38" class="1001" name="const_38">
<pin_list>
<pin id="39" dir="1" index="0" bw="1" slack="0"/>
</pin_list>
<bind>
<StgValue><ssdm name=""/></StgValue>
</bind>
</comp>

<comp id="40" class="1001" name="const_40">
<pin_list>
<pin id="41" dir="1" index="0" bw="1" slack="0"/>
</pin_list>
<bind>
<StgValue><ssdm name=""/></StgValue>
</bind>
</comp>

<comp id="42" class="1004" name="in_elem_0_0_0_0_0_val_read_read_fu_42">
<pin_list>
<pin id="43" dir="0" index="0" bw="16" slack="0"/>
<pin id="44" dir="0" index="1" bw="16" slack="0"/>
<pin id="45" dir="1" index="2" bw="16" slack="0"/>
</pin_list>
<bind>
<opcode="read(1150) " fcode="read"/>
<opset="in_elem_0_0_0_0_0_val_read/1 "/>
</bind>
</comp>

<comp id="48" class="1004" name="p_03_i_fu_48">
<pin_list>
<pin id="49" dir="0" index="0" bw="16" slack="0"/>
<pin id="50" dir="0" index="1" bw="16" slack="0"/>
<pin id="51" dir="0" index="2" bw="16" slack="0"/>
<pin id="52" dir="0" index="3" bw="1" slack="0"/>
<pin id="53" dir="1" index="4" bw="16" slack="0"/>
</pin_list>
<bind>
<opcode="memshiftread(1195) " fcode="memshiftread"/>
<opset="p_03_i/1 "/>
</bind>
</comp>

<comp id="58" class="1004" name="p_0_i_fu_58">
<pin_list>
<pin id="59" dir="0" index="0" bw="16" slack="0"/>
<pin id="60" dir="0" index="1" bw="16" slack="0"/>
<pin id="61" dir="0" index="2" bw="16" slack="0"/>
<pin id="62" dir="0" index="3" bw="1" slack="0"/>
<pin id="63" dir="1" index="4" bw="16" slack="0"/>
</pin_list>
<bind>
<opcode="memshiftread(1195) " fcode="memshiftread"/>
<opset="p_0_i/1 "/>
</bind>
</comp>

<comp id="68" class="1004" name="void_compute_output_buffer_2d_array_const_ap_shift_reg_n_chan_stream_weig_81_load_fu_68">
<pin_list>
<pin id="69" dir="0" index="0" bw="16" slack="0"/>
<pin id="70" dir="1" index="1" bw="16" slack="0"/>
</pin_list>
<bind>
<opcode="load(27) " fcode="load"/>
<opset="void_compute_output_buffer_2d_array_const_ap_shift_reg_n_chan_stream_weig_81/1 "/>
</bind>
</comp>

<comp id="72" class="1004" name="store_ln196_store_fu_72">
<pin_list>
<pin id="73" dir="0" index="0" bw="16" slack="0"/>
<pin id="74" dir="0" index="1" bw="16" slack="0"/>
<pin id="75" dir="1" index="2" bw="0" slack="2147483647"/>
</pin_list>
<bind>
<opcode="store(28) " fcode="store"/>
<opset="store_ln196/1 "/>
</bind>
</comp>

<comp id="78" class="1004" name="void_compute_output_buffer_2d_array_const_ap_shift_reg_n_chan_stream_weig_82_load_fu_78">
<pin_list>
<pin id="79" dir="0" index="0" bw="16" slack="0"/>
<pin id="80" dir="1" index="1" bw="16" slack="0"/>
</pin_list>
<bind>
<opcode="load(27) " fcode="load"/>
<opset="void_compute_output_buffer_2d_array_const_ap_shift_reg_n_chan_stream_weig_82/1 "/>
</bind>
</comp>

<comp id="82" class="1004" name="store_ln196_store_fu_82">
<pin_list>
<pin id="83" dir="0" index="0" bw="16" slack="0"/>
<pin id="84" dir="0" index="1" bw="16" slack="0"/>
<pin id="85" dir="1" index="2" bw="0" slack="2147483647"/>
</pin_list>
<bind>
<opcode="store(28) " fcode="store"/>
<opset="store_ln196/1 "/>
</bind>
</comp>

<comp id="88" class="1004" name="void_compute_output_buffer_2d_array_const_ap_shift_reg_n_chan_stream_weig_83_load_fu_88">
<pin_list>
<pin id="89" dir="0" index="0" bw="16" slack="0"/>
<pin id="90" dir="1" index="1" bw="16" slack="0"/>
</pin_list>
<bind>
<opcode="load(27) " fcode="load"/>
<opset="void_compute_output_buffer_2d_array_const_ap_shift_reg_n_chan_stream_weig_83/1 "/>
</bind>
</comp>

<comp id="92" class="1004" name="store_ln196_store_fu_92">
<pin_list>
<pin id="93" dir="0" index="0" bw="16" slack="0"/>
<pin id="94" dir="0" index="1" bw="16" slack="0"/>
<pin id="95" dir="1" index="2" bw="0" slack="2147483647"/>
</pin_list>
<bind>
<opcode="store(28) " fcode="store"/>
<opset="store_ln196/1 "/>
</bind>
</comp>

<comp id="98" class="1004" name="void_compute_output_buffer_2d_array_const_ap_shift_reg_n_chan_stream_weig_84_load_fu_98">
<pin_list>
<pin id="99" dir="0" index="0" bw="16" slack="0"/>
<pin id="100" dir="1" index="1" bw="16" slack="0"/>
</pin_list>
<bind>
<opcode="load(27) " fcode="load"/>
<opset="void_compute_output_buffer_2d_array_const_ap_shift_reg_n_chan_stream_weig_84/1 "/>
</bind>
</comp>

<comp id="102" class="1004" name="store_ln196_store_fu_102">
<pin_list>
<pin id="103" dir="0" index="0" bw="16" slack="0"/>
<pin id="104" dir="0" index="1" bw="16" slack="0"/>
<pin id="105" dir="1" index="2" bw="0" slack="2147483647"/>
</pin_list>
<bind>
<opcode="store(28) " fcode="store"/>
<opset="store_ln196/1 "/>
</bind>
</comp>

<comp id="108" class="1004" name="void_compute_output_buffer_2d_array_const_ap_shift_reg_n_chan_stream_weig_85_load_fu_108">
<pin_list>
<pin id="109" dir="0" index="0" bw="16" slack="0"/>
<pin id="110" dir="1" index="1" bw="16" slack="0"/>
</pin_list>
<bind>
<opcode="load(27) " fcode="load"/>
<opset="void_compute_output_buffer_2d_array_const_ap_shift_reg_n_chan_stream_weig_85/1 "/>
</bind>
</comp>

<comp id="112" class="1004" name="store_ln196_store_fu_112">
<pin_list>
<pin id="113" dir="0" index="0" bw="16" slack="0"/>
<pin id="114" dir="0" index="1" bw="16" slack="0"/>
<pin id="115" dir="1" index="2" bw="0" slack="2147483647"/>
</pin_list>
<bind>
<opcode="store(28) " fcode="store"/>
<opset="store_ln196/1 "/>
</bind>
</comp>

<comp id="118" class="1004" name="void_compute_output_buffer_2d_array_const_ap_shift_reg_n_chan_stream_weig_86_load_fu_118">
<pin_list>
<pin id="119" dir="0" index="0" bw="16" slack="0"/>
<pin id="120" dir="1" index="1" bw="16" slack="0"/>
</pin_list>
<bind>
<opcode="load(27) " fcode="load"/>
<opset="void_compute_output_buffer_2d_array_const_ap_shift_reg_n_chan_stream_weig_86/1 "/>
</bind>
</comp>

<comp id="122" class="1004" name="store_ln196_store_fu_122">
<pin_list>
<pin id="123" dir="0" index="0" bw="16" slack="0"/>
<pin id="124" dir="0" index="1" bw="16" slack="0"/>
<pin id="125" dir="1" index="2" bw="0" slack="2147483647"/>
</pin_list>
<bind>
<opcode="store(28) " fcode="store"/>
<opset="store_ln196/1 "/>
</bind>
</comp>

<comp id="128" class="1004" name="store_ln209_store_fu_128">
<pin_list>
<pin id="129" dir="0" index="0" bw="16" slack="0"/>
<pin id="130" dir="0" index="1" bw="16" slack="0"/>
<pin id="131" dir="1" index="2" bw="0" slack="2147483647"/>
</pin_list>
<bind>
<opcode="store(28) " fcode="store"/>
<opset="store_ln209/1 "/>
</bind>
</comp>

<comp id="134" class="1004" name="store_ln209_store_fu_134">
<pin_list>
<pin id="135" dir="0" index="0" bw="16" slack="0"/>
<pin id="136" dir="0" index="1" bw="16" slack="0"/>
<pin id="137" dir="1" index="2" bw="0" slack="2147483647"/>
</pin_list>
<bind>
<opcode="store(28) " fcode="store"/>
<opset="store_ln209/1 "/>
</bind>
</comp>

<comp id="140" class="1004" name="store_ln209_store_fu_140">
<pin_list>
<pin id="141" dir="0" index="0" bw="16" slack="0"/>
<pin id="142" dir="0" index="1" bw="16" slack="0"/>
<pin id="143" dir="1" index="2" bw="0" slack="2147483647"/>
</pin_list>
<bind>
<opcode="store(28) " fcode="store"/>
<opset="store_ln209/1 "/>
</bind>
</comp>

</comp_list>

<net_list>
<net id="46"><net_src comp="32" pin="0"/><net_sink comp="42" pin=0"/></net>

<net id="47"><net_src comp="0" pin="0"/><net_sink comp="42" pin=1"/></net>

<net id="54"><net_src comp="34" pin="0"/><net_sink comp="48" pin=0"/></net>

<net id="55"><net_src comp="36" pin="0"/><net_sink comp="48" pin=1"/></net>

<net id="56"><net_src comp="42" pin="2"/><net_sink comp="48" pin=2"/></net>

<net id="57"><net_src comp="38" pin="0"/><net_sink comp="48" pin=3"/></net>

<net id="64"><net_src comp="34" pin="0"/><net_sink comp="58" pin=0"/></net>

<net id="65"><net_src comp="40" pin="0"/><net_sink comp="58" pin=1"/></net>

<net id="66"><net_src comp="48" pin="4"/><net_sink comp="58" pin=2"/></net>

<net id="67"><net_src comp="38" pin="0"/><net_sink comp="58" pin=3"/></net>

<net id="71"><net_src comp="2" pin="0"/><net_sink comp="68" pin=0"/></net>

<net id="76"><net_src comp="68" pin="1"/><net_sink comp="72" pin=0"/></net>

<net id="77"><net_src comp="4" pin="0"/><net_sink comp="72" pin=1"/></net>

<net id="81"><net_src comp="6" pin="0"/><net_sink comp="78" pin=0"/></net>

<net id="86"><net_src comp="78" pin="1"/><net_sink comp="82" pin=0"/></net>

<net id="87"><net_src comp="8" pin="0"/><net_sink comp="82" pin=1"/></net>

<net id="91"><net_src comp="10" pin="0"/><net_sink comp="88" pin=0"/></net>

<net id="96"><net_src comp="88" pin="1"/><net_sink comp="92" pin=0"/></net>

<net id="97"><net_src comp="12" pin="0"/><net_sink comp="92" pin=1"/></net>

<net id="101"><net_src comp="14" pin="0"/><net_sink comp="98" pin=0"/></net>

<net id="106"><net_src comp="98" pin="1"/><net_sink comp="102" pin=0"/></net>

<net id="107"><net_src comp="2" pin="0"/><net_sink comp="102" pin=1"/></net>

<net id="111"><net_src comp="16" pin="0"/><net_sink comp="108" pin=0"/></net>

<net id="116"><net_src comp="108" pin="1"/><net_sink comp="112" pin=0"/></net>

<net id="117"><net_src comp="6" pin="0"/><net_sink comp="112" pin=1"/></net>

<net id="121"><net_src comp="18" pin="0"/><net_sink comp="118" pin=0"/></net>

<net id="126"><net_src comp="118" pin="1"/><net_sink comp="122" pin=0"/></net>

<net id="127"><net_src comp="10" pin="0"/><net_sink comp="122" pin=1"/></net>

<net id="132"><net_src comp="58" pin="4"/><net_sink comp="128" pin=0"/></net>

<net id="133"><net_src comp="14" pin="0"/><net_sink comp="128" pin=1"/></net>

<net id="138"><net_src comp="48" pin="4"/><net_sink comp="134" pin=0"/></net>

<net id="139"><net_src comp="16" pin="0"/><net_sink comp="134" pin=1"/></net>

<net id="144"><net_src comp="42" pin="2"/><net_sink comp="140" pin=0"/></net>

<net id="145"><net_src comp="18" pin="0"/><net_sink comp="140" pin=1"/></net>

</net_list>

</model> 
---------------- Datapath Model END ------------------

* FSMD analyzer results:
  - Output states:
	Port: void_compute_output_buffer_2d_array_const_ap_shift_reg_n_chan_stream_weig_57 | {1 }
	Port: void_compute_output_buffer_2d_array_const_ap_shift_reg_n_chan_stream_weig_58 | {1 }
	Port: void_compute_output_buffer_2d_array_const_ap_shift_reg_n_chan_stream_weig_54 | {1 }
	Port: void_compute_output_buffer_2d_array_const_ap_shift_reg_n_chan_stream_weig_55 | {1 }
	Port: void_compute_output_buffer_2d_array_const_ap_shift_reg_n_chan_stream_weig_51 | {1 }
	Port: void_compute_output_buffer_2d_array_const_ap_shift_reg_n_chan_stream_weig_52 | {1 }
	Port: void_compute_output_buffer_2d_array_const_ap_shift_reg_n_chan_stream_weig_56 | {1 }
	Port: void_compute_output_buffer_2d_array_const_ap_shift_reg_n_chan_stream_weig_53 | {1 }
	Port: void_compute_output_buffer_2d_array_const_ap_shift_reg_n_chan_stream_weig_50 | {1 }
	Port: void_conv_2d_buffer_latency_cl_stream_stream_weight_t_bias_t_line_buffer_1 | {1 }
	Port: void_conv_2d_buffer_latency_cl_stream_stream_weight_t_bias_t_line_buffer | {1 }
 - Input state : 
	Port: shift_line_buffer<array<ap_fixed<16, 6, 5, 3, 0>, 1u>, config2> : in_elem_0_0_0_0_0_val | {1 }
	Port: shift_line_buffer<array<ap_fixed<16, 6, 5, 3, 0>, 1u>, config2> : void_compute_output_buffer_2d_array_const_ap_shift_reg_n_chan_stream_weig_57 | {1 }
	Port: shift_line_buffer<array<ap_fixed<16, 6, 5, 3, 0>, 1u>, config2> : void_compute_output_buffer_2d_array_const_ap_shift_reg_n_chan_stream_weig_58 | {}
	Port: shift_line_buffer<array<ap_fixed<16, 6, 5, 3, 0>, 1u>, config2> : void_compute_output_buffer_2d_array_const_ap_shift_reg_n_chan_stream_weig_54 | {1 }
	Port: shift_line_buffer<array<ap_fixed<16, 6, 5, 3, 0>, 1u>, config2> : void_compute_output_buffer_2d_array_const_ap_shift_reg_n_chan_stream_weig_55 | {}
	Port: shift_line_buffer<array<ap_fixed<16, 6, 5, 3, 0>, 1u>, config2> : void_compute_output_buffer_2d_array_const_ap_shift_reg_n_chan_stream_weig_51 | {1 }
	Port: shift_line_buffer<array<ap_fixed<16, 6, 5, 3, 0>, 1u>, config2> : void_compute_output_buffer_2d_array_const_ap_shift_reg_n_chan_stream_weig_52 | {}
	Port: shift_line_buffer<array<ap_fixed<16, 6, 5, 3, 0>, 1u>, config2> : void_compute_output_buffer_2d_array_const_ap_shift_reg_n_chan_stream_weig_56 | {1 }
	Port: shift_line_buffer<array<ap_fixed<16, 6, 5, 3, 0>, 1u>, config2> : void_compute_output_buffer_2d_array_const_ap_shift_reg_n_chan_stream_weig_53 | {1 }
	Port: shift_line_buffer<array<ap_fixed<16, 6, 5, 3, 0>, 1u>, config2> : void_compute_output_buffer_2d_array_const_ap_shift_reg_n_chan_stream_weig_50 | {1 }
	Port: shift_line_buffer<array<ap_fixed<16, 6, 5, 3, 0>, 1u>, config2> : void_conv_2d_buffer_latency_cl_stream_stream_weight_t_bias_t_line_buffer_1 | {1 }
	Port: shift_line_buffer<array<ap_fixed<16, 6, 5, 3, 0>, 1u>, config2> : void_conv_2d_buffer_latency_cl_stream_stream_weight_t_bias_t_line_buffer | {1 }
  - Chain level:
	State 1
		p_0_i : 1
		store_ln196 : 1
		store_ln196 : 1
		store_ln196 : 1
		store_ln196 : 1
		store_ln196 : 1
		store_ln196 : 1
		store_ln209 : 2
		store_ln209 : 1


============================================================
+ Verbose Summary: Datapath Resource usage 
============================================================

* Functional unit list:
|----------|---------------------------------------|
| Operation|            Functional Unit            |
|----------|---------------------------------------|
|   read   | in_elem_0_0_0_0_0_val_read_read_fu_42 |
|----------|---------------------------------------|
|memshiftread|              p_03_i_fu_48             |
|          |              p_0_i_fu_58              |
|----------|---------------------------------------|
|   Total  |                                       |
|----------|---------------------------------------|

Memories:
N/A

* Register list:
N/A

* Multiplexer (MUX) list: 
|--------|------|------|------|--------|
|  Comp  |  Pin | Size |  BW  | S x BW |
|--------|------|------|------|--------|
|  Total |      |      |      |    0   |
|--------|------|------|------|--------|



* Summary:
+-----------+
|           |
+-----------+
|  Function |
|   Memory  |
|Multiplexer|
|  Register |
+-----------+
|   Total   |
+-----------+
