

================================================================
== Vitis HLS Report for 'sigmoid_array_array_ap_fixed_16_6_5_3_0_1u_sigmoid_config28_s'
================================================================
* Date:           Sun Apr 26 02:59:48 2026

* Version:        2025.2 (Build 6295257 on Nov 14 2025)
* Project:        folo_prj
* Solution:       solution1 (Vivado IP Flow Target)
* Product family: kintexu
* Target device:  xcku035-fbva676-2-e


================================================================
== Performance Estimates
================================================================
+ Timing: 
    * Summary: 
    +--------+---------+----------+------------+
    |  Clock |  Target | Estimated| Uncertainty|
    +--------+---------+----------+------------+
    |ap_clk  |  5.00 ns|  3.177 ns|     1.35 ns|
    +--------+---------+----------+------------+

+ Latency: 
    * Summary: 
    +---------+---------+----------+----------+------+------+------------------------------------------------+
    |  Latency (cycles) |  Latency (absolute) |   Interval  |                    Pipeline                    |
    |   min   |   max   |    min   |    max   |  min |  max |                      Type                      |
    +---------+---------+----------+----------+------+------+------------------------------------------------+
    |     1029|     1029|  5.145 us|  5.145 us|  1024|  1024|  loop auto-rewind stp (delay=0 clock cycles(s))|
    +---------+---------+----------+----------+------+------+------------------------------------------------+

    + Detail: 
        * Instance: 
        N/A

        * Loop: 
        +------------------+---------+---------+----------+-----------+-----------+------+----------+
        |                  |  Latency (cycles) | Iteration|  Initiation Interval  | Trip |          |
        |     Loop Name    |   min   |   max   |  Latency |  achieved |   target  | Count| Pipelined|
        +------------------+---------+---------+----------+-----------+-----------+------+----------+
        |- SigmoidActLoop  |     1027|     1027|         5|          1|          1|  1024|       yes|
        +------------------+---------+---------+----------+-----------+-----------+------+----------+

============================================================
+ Verbose Summary: Synthesis Manager
============================================================
InlineROM: 1
ExposeGlobal: 0
============================================================
+ Verbose Summary: CDFG Model
============================================================
IsTopModel: 0
ResetActiveHigh: 1
IsCombinational: 2
IsDatapathOnly: 0
HasWiredReturn: 1
HasMFsm: 2
HasVarLatency: 1
IsPipeline: 0
IsRtlPipelined: 0
IsInstanceOverlapped: 0
IsDontTouch: 0
HasImplIP: 0
IsGatedGlobalClock: 0

+ Individual pipeline summary: 
  * Pipeline-0: initiation interval (II) = 1, depth = 5


============================================================
+ Verbose Summary: Schedule
============================================================
* Number of FSM states : 5
* Pipeline : 1
  Pipeline-0 : II = 1, D = 5, States = { 1 2 3 4 5 }
* Dataflow Pipeline: 0

* FSM state transitions: 
1 --> 2 
2 --> 3 
3 --> 4 
4 --> 5 
5 --> 

* FSM state operations: 

State 1 <SV = 0> <Delay = 3.17>
ST_1 : Operation 8 [1/1] (0.00ns)   --->   "%i = alloca i32 1" [firmware/nnet_utils/nnet_activation_stream.h:80]   --->   Operation 8 'alloca' 'i' <Predicate = true> <Delay = 0.00>
ST_1 : Operation 9 [1/1] (0.00ns)   --->   "%specinterface_ln0 = specinterface void @_ssdm_op_SpecInterface, i16 %layer26_out, void @empty_10, i32 0, i32 0, void @empty_11, i32 0, i32 0, void @empty_11, void @empty_11, void @empty_11, i32 0, i32 0, i32 0, i32 0, void @empty_11, void @empty_11, i32 4294967295, i32 0, i32 0, i32 0"   --->   Operation 9 'specinterface' 'specinterface_ln0' <Predicate = true> <Delay = 0.00>
ST_1 : Operation 10 [1/1] (0.00ns)   --->   "%specinterface_ln0 = specinterface void @_ssdm_op_SpecInterface, i16 %layer28_out, void @empty_1, i32 1, i32 1, void @empty, i32 0, i32 0, void @empty_11, void @empty_11, void @empty_11, i32 0, i32 0, i32 0, i32 0, void @empty_11, void @empty_11, i32 4294967295, i32 0, i32 0, i32 0"   --->   Operation 10 'specinterface' 'specinterface_ln0' <Predicate = true> <Delay = 0.00>
ST_1 : Operation 11 [1/1] (0.53ns)   --->   "%store_ln80 = store i10 0, i10 %i" [firmware/nnet_utils/nnet_activation_stream.h:80]   --->   Operation 11 'store' 'store_ln80' <Predicate = true> <Delay = 0.53>
ST_1 : Operation 12 [1/1] (0.00ns)   --->   "%br_ln80 = br void %SigmoidPackLoop.split_ifconv" [firmware/nnet_utils/nnet_activation_stream.h:80]   --->   Operation 12 'br' 'br_ln80' <Predicate = true> <Delay = 0.00>
ST_1 : Operation 13 [1/1] (0.00ns)   --->   "%i_13 = load i10 %i" [firmware/nnet_utils/nnet_activation_stream.h:80]   --->   Operation 13 'load' 'i_13' <Predicate = true> <Delay = 0.00>
ST_1 : Operation 14 [1/1] ( I:1.82ns O:1.82ns )   --->   "%in_data = read i16 @_ssdm_op_Read.ap_fifo.volatile.i16P0A, i16 %layer26_out" [firmware/nnet_utils/nnet_activation_stream.h:83]   --->   Operation 14 'read' 'in_data' <Predicate = true> <Delay = 1.82> <CoreInst = "FIFO">   --->   Core 77 'FIFO' <Latency = 0> <II = 1> <Delay = 2.16> <Storage> <Opcode : 'read' 'write' 'nbread' 'nbwrite'> <Ports = 0> <Width = 16> <Depth = 100000> <FIFO>
ST_1 : Operation 15 [1/1] (0.00ns)   --->   "%tmp_1 = partselect i12 @_ssdm_op_PartSelect.i12.i16.i32.i32, i16 %in_data, i32 4, i32 15" [firmware/nnet_utils/nnet_activation_stream.h:90]   --->   Operation 15 'partselect' 'tmp_1' <Predicate = true> <Delay = 0.00>
ST_1 : Operation 16 [1/1] (0.00ns)   --->   "%trunc_ln90 = trunc i16 %in_data" [firmware/nnet_utils/nnet_activation_stream.h:90]   --->   Operation 16 'trunc' 'trunc_ln90' <Predicate = true> <Delay = 0.00>
ST_1 : Operation 17 [1/1] (0.00ns)   --->   "%tmp_2 = bitconcatenate i10 @_ssdm_op_BitConcatenate.i10.i4.i6, i4 %trunc_ln90, i6 0" [firmware/nnet_utils/nnet_activation_stream.h:90]   --->   Operation 17 'bitconcatenate' 'tmp_2' <Predicate = true> <Delay = 0.00>
ST_1 : Operation 18 [1/1] (1.31ns)   --->   "%icmp_ln90 = icmp_ne  i10 %tmp_2, i10 0" [firmware/nnet_utils/nnet_activation_stream.h:90]   --->   Operation 18 'icmp' 'icmp_ln90' <Predicate = true> <Delay = 1.31> <CoreInst = "Cmp">   --->   Core 9 'Cmp' <Latency = 0> <II = 1> <Delay = 1.31> <FuncUnit> <Opcode : 'seteq' 'setne' 'setle' 'setge' 'setlt' 'setgt'> <InPorts = 2> <OutPorts = 1>
ST_1 : Operation 19 [1/1] (1.35ns)   --->   "%add_ln90 = add i12 %tmp_1, i12 1" [firmware/nnet_utils/nnet_activation_stream.h:90]   --->   Operation 19 'add' 'add_ln90' <Predicate = true> <Delay = 1.35> <CoreInst = "Adder">   --->   Core 1 'Adder' <Latency = 0> <II = 1> <Delay = 1.35> <FuncUnit> <Opcode : 'add' 'sub'> <InPorts = 2> <OutPorts = 1>
ST_1 : Operation 20 [1/1] (1.31ns)   --->   "%i_14 = add i10 %i_13, i10 1" [firmware/nnet_utils/nnet_activation_stream.h:80]   --->   Operation 20 'add' 'i_14' <Predicate = true> <Delay = 1.31> <CoreInst = "Adder">   --->   Core 1 'Adder' <Latency = 0> <II = 1> <Delay = 1.31> <FuncUnit> <Opcode : 'add' 'sub'> <InPorts = 2> <OutPorts = 1>
ST_1 : Operation 21 [1/1] (1.31ns)   --->   "%icmp_ln80 = icmp_eq  i10 %i_13, i10 1023" [firmware/nnet_utils/nnet_activation_stream.h:80]   --->   Operation 21 'icmp' 'icmp_ln80' <Predicate = true> <Delay = 1.31> <CoreInst = "Cmp">   --->   Core 9 'Cmp' <Latency = 0> <II = 1> <Delay = 1.31> <FuncUnit> <Opcode : 'seteq' 'setne' 'setle' 'setge' 'setlt' 'setgt'> <InPorts = 2> <OutPorts = 1>
ST_1 : Operation 22 [1/1] (0.53ns)   --->   "%store_ln80 = store i10 %i_14, i10 %i" [firmware/nnet_utils/nnet_activation_stream.h:80]   --->   Operation 22 'store' 'store_ln80' <Predicate = true> <Delay = 0.53>
ST_1 : Operation 23 [1/1] (0.00ns)   --->   "%br_ln80 = br i1 %icmp_ln80, void %SigmoidPackLoop.split_ifconv, void %for.end18" [firmware/nnet_utils/nnet_activation_stream.h:80]   --->   Operation 23 'br' 'br_ln80' <Predicate = true> <Delay = 0.00>

State 2 <SV = 1> <Delay = 2.60>
ST_2 : Operation 24 [1/1] (0.00ns) (grouped into LUT with out node index)   --->   "%tmp = bitselect i1 @_ssdm_op_BitSelect.i1.i16.i32, i16 %in_data, i32 15" [firmware/nnet_utils/nnet_activation_stream.h:90]   --->   Operation 24 'bitselect' 'tmp' <Predicate = true> <Delay = 0.00>
ST_2 : Operation 25 [1/1] (0.00ns) (grouped into LUT with out node index)   --->   "%select_ln90 = select i1 %icmp_ln90, i12 %add_ln90, i12 %tmp_1" [firmware/nnet_utils/nnet_activation_stream.h:90]   --->   Operation 25 'select' 'select_ln90' <Predicate = true> <Delay = 0.00> <CoreInst = "Sel">   --->   Core 73 'Sel' <Latency = 0> <II = 1> <Delay = 0.37> <FuncUnit> <Opcode : 'select'> <InPorts = 3> <OutPorts = 1>
ST_2 : Operation 26 [1/1] (0.00ns) (grouped into LUT with out node index)   --->   "%data_round = select i1 %tmp, i12 %select_ln90, i12 %tmp_1" [firmware/nnet_utils/nnet_activation_stream.h:90]   --->   Operation 26 'select' 'data_round' <Predicate = true> <Delay = 0.00> <CoreInst = "Sel">   --->   Core 73 'Sel' <Latency = 0> <II = 1> <Delay = 0.37> <FuncUnit> <Opcode : 'select'> <InPorts = 3> <OutPorts = 1>
ST_2 : Operation 27 [1/1] (0.00ns) (grouped into LUT with out node index)   --->   "%sext_ln90 = sext i12 %data_round" [firmware/nnet_utils/nnet_activation_stream.h:90]   --->   Operation 27 'sext' 'sext_ln90' <Predicate = true> <Delay = 0.00>
ST_2 : Operation 28 [1/1] (1.35ns) (out node of the LUT)   --->   "%index = add i13 %sext_ln90, i13 512" [firmware/nnet_utils/nnet_activation_stream.h:91]   --->   Operation 28 'add' 'index' <Predicate = true> <Delay = 1.35> <CoreInst = "Adder">   --->   Core 1 'Adder' <Latency = 0> <II = 1> <Delay = 1.35> <FuncUnit> <Opcode : 'add' 'sub'> <InPorts = 2> <OutPorts = 1>
ST_2 : Operation 29 [1/1] (0.00ns) (grouped into LUT with out node index_1)   --->   "%trunc_ln91 = trunc i13 %index" [firmware/nnet_utils/nnet_activation_stream.h:91]   --->   Operation 29 'trunc' 'trunc_ln91' <Predicate = true> <Delay = 0.00>
ST_2 : Operation 30 [1/1] (0.00ns)   --->   "%tmp_3 = bitselect i1 @_ssdm_op_BitSelect.i1.i13.i32, i13 %index, i32 12" [firmware/nnet_utils/nnet_activation_stream.h:92]   --->   Operation 30 'bitselect' 'tmp_3' <Predicate = true> <Delay = 0.00>
ST_2 : Operation 31 [1/1] (0.00ns)   --->   "%tmp_4 = partselect i3 @_ssdm_op_PartSelect.i3.i13.i32.i32, i13 %index, i32 10, i32 12" [firmware/nnet_utils/nnet_activation_stream.h:94]   --->   Operation 31 'partselect' 'tmp_4' <Predicate = true> <Delay = 0.00>
ST_2 : Operation 32 [1/1] (0.83ns)   --->   "%icmp_ln94 = icmp_ne  i3 %tmp_4, i3 0" [firmware/nnet_utils/nnet_activation_stream.h:94]   --->   Operation 32 'icmp' 'icmp_ln94' <Predicate = true> <Delay = 0.83> <CoreInst = "Cmp">   --->   Core 9 'Cmp' <Latency = 0> <II = 1> <Delay = 0.83> <FuncUnit> <Opcode : 'seteq' 'setne' 'setle' 'setge' 'setlt' 'setgt'> <InPorts = 2> <OutPorts = 1>
ST_2 : Operation 33 [1/1] (0.00ns) (grouped into LUT with out node index_1)   --->   "%xor_ln92 = xor i1 %tmp_3, i1 1" [firmware/nnet_utils/nnet_activation_stream.h:92]   --->   Operation 33 'xor' 'xor_ln92' <Predicate = true> <Delay = 0.00> <CoreInst = "LogicGate">   --->   Core 74 'LogicGate' <Latency = 0> <II = 1> <Delay = 0.33> <FuncUnit> <Opcode : 'and' 'or' 'xor'> <InPorts = 2> <OutPorts = 1>
ST_2 : Operation 34 [1/1] (0.00ns) (grouped into LUT with out node index_1)   --->   "%select_ln92 = select i1 %xor_ln92, i10 1023, i10 0" [firmware/nnet_utils/nnet_activation_stream.h:92]   --->   Operation 34 'select' 'select_ln92' <Predicate = true> <Delay = 0.00> <CoreInst = "Sel">   --->   Core 73 'Sel' <Latency = 0> <II = 1> <Delay = 0.41> <FuncUnit> <Opcode : 'select'> <InPorts = 3> <OutPorts = 1>
ST_2 : Operation 35 [1/1] (0.00ns) (grouped into LUT with out node index_1)   --->   "%or_ln92 = or i1 %tmp_3, i1 %icmp_ln94" [firmware/nnet_utils/nnet_activation_stream.h:92]   --->   Operation 35 'or' 'or_ln92' <Predicate = true> <Delay = 0.00> <CoreInst = "LogicGate">   --->   Core 74 'LogicGate' <Latency = 0> <II = 1> <Delay = 0.33> <FuncUnit> <Opcode : 'and' 'or' 'xor'> <InPorts = 2> <OutPorts = 1>
ST_2 : Operation 36 [1/1] (0.41ns) (out node of the LUT)   --->   "%index_1 = select i1 %or_ln92, i10 %select_ln92, i10 %trunc_ln91" [firmware/nnet_utils/nnet_activation_stream.h:92]   --->   Operation 36 'select' 'index_1' <Predicate = true> <Delay = 0.41> <CoreInst = "Sel">   --->   Core 73 'Sel' <Latency = 0> <II = 1> <Delay = 0.30> <FuncUnit> <Opcode : 'select'> <InPorts = 3> <OutPorts = 1>

State 3 <SV = 2> <Delay = 1.77>
ST_3 : Operation 37 [1/1] (0.00ns)   --->   "%zext_ln96 = zext i10 %index_1" [firmware/nnet_utils/nnet_activation_stream.h:96]   --->   Operation 37 'zext' 'zext_ln96' <Predicate = true> <Delay = 0.00>
ST_3 : Operation 38 [1/1] (0.00ns)   --->   "%sigmoid_table_addr = getelementptr i10 %sigmoid_table, i64 0, i64 %zext_ln96" [firmware/nnet_utils/nnet_activation_stream.h:96]   --->   Operation 38 'getelementptr' 'sigmoid_table_addr' <Predicate = true> <Delay = 0.00>
ST_3 : Operation 39 [2/2] (1.77ns)   --->   "%sigmoid_table_load = load i10 %sigmoid_table_addr" [firmware/nnet_utils/nnet_activation_stream.h:96]   --->   Operation 39 'load' 'sigmoid_table_load' <Predicate = true> <Delay = 1.77> <CoreInst = "ROM">   --->   Core 100 'ROM' <Latency = 1> <II = 1> <Delay = 1.77> <Storage> <Opcode : 'load'> <Ports = 0> <Width = 10> <Depth = 1024> <ROM>

State 4 <SV = 3> <Delay = 2.34>
ST_4 : Operation 40 [1/2] ( I:1.77ns O:1.77ns )   --->   "%sigmoid_table_load = load i10 %sigmoid_table_addr" [firmware/nnet_utils/nnet_activation_stream.h:96]   --->   Operation 40 'load' 'sigmoid_table_load' <Predicate = true> <Delay = 1.77> <CoreInst = "ROM">   --->   Core 100 'ROM' <Latency = 1> <II = 1> <Delay = 1.77> <Storage> <Opcode : 'load'> <Ports = 0> <Width = 10> <Depth = 1024> <ROM>
ST_4 : Operation 41 [1/1] (0.00ns)   --->   "%zext_ln96_1 = zext i10 %sigmoid_table_load" [firmware/nnet_utils/nnet_activation_stream.h:96]   --->   Operation 41 'zext' 'zext_ln96_1' <Predicate = true> <Delay = 0.00>
ST_4 : Operation 42 [2/2] (0.57ns)   --->   "%write_ln99 = write void @_ssdm_op_Write.axis.volatile.i16P128A, i16 %layer28_out, i16 %zext_ln96_1" [firmware/nnet_utils/nnet_activation_stream.h:99]   --->   Operation 42 'write' 'write_ln99' <Predicate = true> <Delay = 0.57> <CoreInst = "regslice">   --->   Core 143 'regslice' <Latency = 0> <II = 1> <Delay = 0.69> <Adapter> <Opcode : 'read' 'write'>

State 5 <SV = 4> <Delay = 0.57>
ST_5 : Operation 43 [1/1] (0.00ns)   --->   "%specpipeline_ln81 = specpipeline void @_ssdm_op_SpecPipeline, i32 4294967295, i32 0, i32 0, i32 0, i32 4294967295, void @empty_11" [firmware/nnet_utils/nnet_activation_stream.h:81]   --->   Operation 43 'specpipeline' 'specpipeline_ln81' <Predicate = true> <Delay = 0.00>
ST_5 : Operation 44 [1/1] (0.00ns)   --->   "%speclooptripcount_ln80 = speclooptripcount void @_ssdm_op_SpecLoopTripCount, i64 1024, i64 1024, i64 1024" [firmware/nnet_utils/nnet_activation_stream.h:80]   --->   Operation 44 'speclooptripcount' 'speclooptripcount_ln80' <Predicate = true> <Delay = 0.00>
ST_5 : Operation 45 [1/1] (0.00ns)   --->   "%specloopname_ln80 = specloopname void @_ssdm_op_SpecLoopName, void @empty_2" [firmware/nnet_utils/nnet_activation_stream.h:80]   --->   Operation 45 'specloopname' 'specloopname_ln80' <Predicate = true> <Delay = 0.00>
ST_5 : Operation 46 [1/2] ( I:0.57ns O:0.57ns )   --->   "%write_ln99 = write void @_ssdm_op_Write.axis.volatile.i16P128A, i16 %layer28_out, i16 %zext_ln96_1" [firmware/nnet_utils/nnet_activation_stream.h:99]   --->   Operation 46 'write' 'write_ln99' <Predicate = true> <Delay = 0.57> <CoreInst = "regslice">   --->   Core 143 'regslice' <Latency = 0> <II = 1> <Delay = 0.69> <Adapter> <Opcode : 'read' 'write'>
ST_5 : Operation 47 [1/1] (0.53ns)   --->   "%ret_ln101 = ret" [firmware/nnet_utils/nnet_activation_stream.h:101]   --->   Operation 47 'ret' 'ret_ln101' <Predicate = (icmp_ln80)> <Delay = 0.53>


============================================================
+ Verbose Summary: Binding
============================================================
STG Binding: 
---------------- STG Properties BEGIN ----------------
- Is combinational: 0
- Is one-state seq: 0
- Is datapath-only: 0
- Is pipelined: 0
- Is top level: 0
Port [ Return ] is wired: 1; IO mode=ap_ctrl_hs:ce=0
Port [ layer26_out]:  wired=1; compound=1; hidden=0; nouse=0; global=0; static=0; extern=0; dir=0; type=3; pingpong=0; private_global=0; IO mode=ap_fifo:ce=0
Port [ layer28_out]:  wired=1; compound=1; hidden=0; nouse=0; global=0; static=0; extern=0; dir=1; type=0; pingpong=0; private_global=0; IO mode=axis:ce=0
Port [ sigmoid_table]:  wired=0; compound=1; hidden=1; nouse=0; global=1; static=1; extern=0; dir=0; type=1; pingpong=0; private_global=1; MemPort=[1]; IO mode=ap_memory:ce=0
---------------- STG Properties END ------------------

---------------- Datapath Model BEGIN ----------------

<LifeTime>
<method=bitvector/>
i                      (alloca           ) [ 010000]
specinterface_ln0      (specinterface    ) [ 000000]
specinterface_ln0      (specinterface    ) [ 000000]
store_ln80             (store            ) [ 000000]
br_ln80                (br               ) [ 000000]
i_13                   (load             ) [ 000000]
in_data                (read             ) [ 011000]
tmp_1                  (partselect       ) [ 011000]
trunc_ln90             (trunc            ) [ 000000]
tmp_2                  (bitconcatenate   ) [ 000000]
icmp_ln90              (icmp             ) [ 011000]
add_ln90               (add              ) [ 011000]
i_14                   (add              ) [ 000000]
icmp_ln80              (icmp             ) [ 011111]
store_ln80             (store            ) [ 000000]
br_ln80                (br               ) [ 000000]
tmp                    (bitselect        ) [ 000000]
select_ln90            (select           ) [ 000000]
data_round             (select           ) [ 000000]
sext_ln90              (sext             ) [ 000000]
index                  (add              ) [ 000000]
trunc_ln91             (trunc            ) [ 000000]
tmp_3                  (bitselect        ) [ 000000]
tmp_4                  (partselect       ) [ 000000]
icmp_ln94              (icmp             ) [ 000000]
xor_ln92               (xor              ) [ 000000]
select_ln92            (select           ) [ 000000]
or_ln92                (or               ) [ 000000]
index_1                (select           ) [ 010100]
zext_ln96              (zext             ) [ 000000]
sigmoid_table_addr     (getelementptr    ) [ 010010]
sigmoid_table_load     (load             ) [ 000000]
zext_ln96_1            (zext             ) [ 010001]
specpipeline_ln81      (specpipeline     ) [ 000000]
speclooptripcount_ln80 (speclooptripcount) [ 000000]
specloopname_ln80      (specloopname     ) [ 000000]
write_ln99             (write            ) [ 000000]
ret_ln101              (ret              ) [ 000000]
</LifeTime>

<model>

<comp_list>
<comp id="0" class="1000" name="layer26_out">
<pin_list>
<pin id="1" dir="1" index="0" bw="1" slack="0"/>
</pin_list>
<bind>
<StgValue><ssdm name="layer26_out"/></StgValue>
</bind>
</comp>

<comp id="2" class="1000" name="layer28_out">
<pin_list>
<pin id="3" dir="1" index="0" bw="1" slack="0"/>
</pin_list>
<bind>
<StgValue><ssdm name="layer28_out"/></StgValue>
</bind>
</comp>

<comp id="4" class="1000" name="sigmoid_table">
<pin_list>
<pin id="5" dir="1" index="0" bw="1" slack="0"/>
</pin_list>
<bind>
<StgValue><ssdm name="sigmoid_table"/><MemPortTyVec>1 </MemPortTyVec>
</StgValue>
</bind>
</comp>

<comp id="6" class="1001" name="const_6">
<pin_list>
<pin id="7" dir="1" index="0" bw="1" slack="0"/>
</pin_list>
<bind>
<StgValue><ssdm name=""/></StgValue>
</bind>
</comp>

<comp id="8" class="1001" name="const_8">
<pin_list>
<pin id="9" dir="1" index="0" bw="1" slack="2147483647"/>
</pin_list>
<bind>
<StgValue><ssdm name="_ssdm_op_SpecInterface"/></StgValue>
</bind>
</comp>

<comp id="10" class="1001" name="const_10">
<pin_list>
<pin id="11" dir="1" index="0" bw="1" slack="2147483647"/>
</pin_list>
<bind>
<StgValue><ssdm name="empty_10"/></StgValue>
</bind>
</comp>

<comp id="12" class="1001" name="const_12">
<pin_list>
<pin id="13" dir="1" index="0" bw="1" slack="2147483647"/>
</pin_list>
<bind>
<StgValue><ssdm name=""/></StgValue>
</bind>
</comp>

<comp id="14" class="1001" name="const_14">
<pin_list>
<pin id="15" dir="1" index="0" bw="1" slack="2147483647"/>
</pin_list>
<bind>
<StgValue><ssdm name="empty_11"/></StgValue>
</bind>
</comp>

<comp id="16" class="1001" name="const_16">
<pin_list>
<pin id="17" dir="1" index="0" bw="1" slack="2147483647"/>
</pin_list>
<bind>
<StgValue><ssdm name=""/></StgValue>
</bind>
</comp>

<comp id="18" class="1001" name="const_18">
<pin_list>
<pin id="19" dir="1" index="0" bw="1" slack="2147483647"/>
</pin_list>
<bind>
<StgValue><ssdm name="empty_1"/></StgValue>
</bind>
</comp>

<comp id="20" class="1001" name="const_20">
<pin_list>
<pin id="21" dir="1" index="0" bw="1" slack="2147483647"/>
</pin_list>
<bind>
<StgValue><ssdm name="empty"/></StgValue>
</bind>
</comp>

<comp id="22" class="1001" name="const_22">
<pin_list>
<pin id="23" dir="1" index="0" bw="1" slack="0"/>
</pin_list>
<bind>
<StgValue><ssdm name=""/></StgValue>
</bind>
</comp>

<comp id="24" class="1001" name="const_24">
<pin_list>
<pin id="25" dir="1" index="0" bw="1" slack="0"/>
</pin_list>
<bind>
<StgValue><ssdm name="_ssdm_op_Read.ap_fifo.volatile.i16P0A"/></StgValue>
</bind>
</comp>

<comp id="26" class="1001" name="const_26">
<pin_list>
<pin id="27" dir="1" index="0" bw="1" slack="0"/>
</pin_list>
<bind>
<StgValue><ssdm name="_ssdm_op_PartSelect.i12.i16.i32.i32"/></StgValue>
</bind>
</comp>

<comp id="28" class="1001" name="const_28">
<pin_list>
<pin id="29" dir="1" index="0" bw="1" slack="0"/>
</pin_list>
<bind>
<StgValue><ssdm name=""/></StgValue>
</bind>
</comp>

<comp id="30" class="1001" name="const_30">
<pin_list>
<pin id="31" dir="1" index="0" bw="1" slack="0"/>
</pin_list>
<bind>
<StgValue><ssdm name=""/></StgValue>
</bind>
</comp>

<comp id="32" class="1001" name="const_32">
<pin_list>
<pin id="33" dir="1" index="0" bw="1" slack="0"/>
</pin_list>
<bind>
<StgValue><ssdm name="_ssdm_op_BitConcatenate.i10.i4.i6"/></StgValue>
</bind>
</comp>

<comp id="34" class="1001" name="const_34">
<pin_list>
<pin id="35" dir="1" index="0" bw="1" slack="0"/>
</pin_list>
<bind>
<StgValue><ssdm name=""/></StgValue>
</bind>
</comp>

<comp id="36" class="1001" name="const_36">
<pin_list>
<pin id="37" dir="1" index="0" bw="1" slack="0"/>
</pin_list>
<bind>
<StgValue><ssdm name=""/></StgValue>
</bind>
</comp>

<comp id="38" class="1001" name="const_38">
<pin_list>
<pin id="39" dir="1" index="0" bw="1" slack="0"/>
</pin_list>
<bind>
<StgValue><ssdm name=""/></StgValue>
</bind>
</comp>

<comp id="40" class="1001" name="const_40">
<pin_list>
<pin id="41" dir="1" index="0" bw="1" slack="0"/>
</pin_list>
<bind>
<StgValue><ssdm name=""/></StgValue>
</bind>
</comp>

<comp id="42" class="1001" name="const_42">
<pin_list>
<pin id="43" dir="1" index="0" bw="1" slack="0"/>
</pin_list>
<bind>
<StgValue><ssdm name="_ssdm_op_BitSelect.i1.i16.i32"/></StgValue>
</bind>
</comp>

<comp id="44" class="1001" name="const_44">
<pin_list>
<pin id="45" dir="1" index="0" bw="1" slack="0"/>
</pin_list>
<bind>
<StgValue><ssdm name=""/></StgValue>
</bind>
</comp>

<comp id="46" class="1001" name="const_46">
<pin_list>
<pin id="47" dir="1" index="0" bw="1" slack="0"/>
</pin_list>
<bind>
<StgValue><ssdm name="_ssdm_op_BitSelect.i1.i13.i32"/></StgValue>
</bind>
</comp>

<comp id="48" class="1001" name="const_48">
<pin_list>
<pin id="49" dir="1" index="0" bw="1" slack="0"/>
</pin_list>
<bind>
<StgValue><ssdm name=""/></StgValue>
</bind>
</comp>

<comp id="50" class="1001" name="const_50">
<pin_list>
<pin id="51" dir="1" index="0" bw="1" slack="0"/>
</pin_list>
<bind>
<StgValue><ssdm name="_ssdm_op_PartSelect.i3.i13.i32.i32"/></StgValue>
</bind>
</comp>

<comp id="52" class="1001" name="const_52">
<pin_list>
<pin id="53" dir="1" index="0" bw="1" slack="0"/>
</pin_list>
<bind>
<StgValue><ssdm name=""/></StgValue>
</bind>
</comp>

<comp id="54" class="1001" name="const_54">
<pin_list>
<pin id="55" dir="1" index="0" bw="1" slack="0"/>
</pin_list>
<bind>
<StgValue><ssdm name=""/></StgValue>
</bind>
</comp>

<comp id="56" class="1001" name="const_56">
<pin_list>
<pin id="57" dir="1" index="0" bw="1" slack="0"/>
</pin_list>
<bind>
<StgValue><ssdm name=""/></StgValue>
</bind>
</comp>

<comp id="58" class="1001" name="const_58">
<pin_list>
<pin id="59" dir="1" index="0" bw="1" slack="0"/>
</pin_list>
<bind>
<StgValue><ssdm name=""/></StgValue>
</bind>
</comp>

<comp id="60" class="1001" name="const_60">
<pin_list>
<pin id="61" dir="1" index="0" bw="1" slack="0"/>
</pin_list>
<bind>
<StgValue><ssdm name="_ssdm_op_Write.axis.volatile.i16P128A"/></StgValue>
</bind>
</comp>

<comp id="62" class="1001" name="const_62">
<pin_list>
<pin id="63" dir="1" index="0" bw="1" slack="2147483647"/>
</pin_list>
<bind>
<StgValue><ssdm name="_ssdm_op_SpecPipeline"/></StgValue>
</bind>
</comp>

<comp id="64" class="1001" name="const_64">
<pin_list>
<pin id="65" dir="1" index="0" bw="1" slack="2147483647"/>
</pin_list>
<bind>
<StgValue><ssdm name="_ssdm_op_SpecLoopTripCount"/></StgValue>
</bind>
</comp>

<comp id="66" class="1001" name="const_66">
<pin_list>
<pin id="67" dir="1" index="0" bw="1" slack="2147483647"/>
</pin_list>
<bind>
<StgValue><ssdm name=""/></StgValue>
</bind>
</comp>

<comp id="68" class="1001" name="const_68">
<pin_list>
<pin id="69" dir="1" index="0" bw="1" slack="2147483647"/>
</pin_list>
<bind>
<StgValue><ssdm name="_ssdm_op_SpecLoopName"/></StgValue>
</bind>
</comp>

<comp id="70" class="1001" name="const_70">
<pin_list>
<pin id="71" dir="1" index="0" bw="1" slack="2147483647"/>
</pin_list>
<bind>
<StgValue><ssdm name="empty_2"/></StgValue>
</bind>
</comp>

<comp id="72" class="1004" name="i_fu_72">
<pin_list>
<pin id="73" dir="0" index="0" bw="1" slack="0"/>
<pin id="74" dir="1" index="1" bw="10" slack="0"/>
</pin_list>
<bind>
<opcode="alloca(26) " fcode="alloca"/>
<opset="i/1 "/>
</bind>
</comp>

<comp id="76" class="1004" name="in_data_read_fu_76">
<pin_list>
<pin id="77" dir="0" index="0" bw="16" slack="0"/>
<pin id="78" dir="0" index="1" bw="16" slack="0"/>
<pin id="79" dir="1" index="2" bw="16" slack="0"/>
</pin_list>
<bind>
<opcode="read(1150) " fcode="read"/>
<opset="in_data/1 "/>
</bind>
</comp>

<comp id="82" class="1004" name="grp_write_fu_82">
<pin_list>
<pin id="83" dir="0" index="0" bw="0" slack="0"/>
<pin id="84" dir="0" index="1" bw="16" slack="0"/>
<pin id="85" dir="0" index="2" bw="10" slack="0"/>
<pin id="86" dir="1" index="3" bw="0" slack="2147483647"/>
</pin_list>
<bind>
<opcode="write(1151) " fcode="write"/>
<opset="write_ln99/4 "/>
</bind>
</comp>

<comp id="89" class="1004" name="sigmoid_table_addr_gep_fu_89">
<pin_list>
<pin id="90" dir="0" index="0" bw="10" slack="0"/>
<pin id="91" dir="0" index="1" bw="1" slack="0"/>
<pin id="92" dir="0" index="2" bw="10" slack="0"/>
<pin id="93" dir="1" index="3" bw="10" slack="0"/>
</pin_list>
<bind>
<opcode="getelementptr(29) " fcode="getelementptr"/>
<opset="sigmoid_table_addr/3 "/>
</bind>
</comp>

<comp id="96" class="1004" name="grp_access_fu_96">
<pin_list>
<pin id="97" dir="0" index="0" bw="10" slack="0"/>
<pin id="98" dir="0" index="1" bw="10" slack="2147483647"/>
<pin id="99" dir="0" index="2" bw="0" slack="2147483647"/>
<pin id="100" dir="1" index="3" bw="10" slack="0"/>
</pin_list>
<bind>
<opcode="load(27) " fcode="load"/>
<opset="sigmoid_table_load/3 "/>
</bind>
</comp>

<comp id="102" class="1004" name="store_ln80_store_fu_102">
<pin_list>
<pin id="103" dir="0" index="0" bw="1" slack="0"/>
<pin id="104" dir="0" index="1" bw="10" slack="0"/>
<pin id="105" dir="1" index="2" bw="0" slack="2147483647"/>
</pin_list>
<bind>
<opcode="store(28) " fcode="store"/>
<opset="store_ln80/1 "/>
</bind>
</comp>

<comp id="107" class="1004" name="i_13_load_fu_107">
<pin_list>
<pin id="108" dir="0" index="0" bw="10" slack="0"/>
<pin id="109" dir="1" index="1" bw="10" slack="0"/>
</pin_list>
<bind>
<opcode="load(27) " fcode="load"/>
<opset="i_13/1 "/>
</bind>
</comp>

<comp id="110" class="1004" name="tmp_1_fu_110">
<pin_list>
<pin id="111" dir="0" index="0" bw="12" slack="0"/>
<pin id="112" dir="0" index="1" bw="16" slack="0"/>
<pin id="113" dir="0" index="2" bw="4" slack="0"/>
<pin id="114" dir="0" index="3" bw="5" slack="0"/>
<pin id="115" dir="1" index="4" bw="12" slack="0"/>
</pin_list>
<bind>
<opcode="partselect(1002) " fcode="partselect"/>
<opset="tmp_1/1 "/>
</bind>
</comp>

<comp id="120" class="1004" name="trunc_ln90_fu_120">
<pin_list>
<pin id="121" dir="0" index="0" bw="16" slack="0"/>
<pin id="122" dir="1" index="1" bw="4" slack="0"/>
</pin_list>
<bind>
<opcode="trunc(33) " fcode="trunc"/>
<opset="trunc_ln90/1 "/>
</bind>
</comp>

<comp id="124" class="1004" name="tmp_2_fu_124">
<pin_list>
<pin id="125" dir="0" index="0" bw="10" slack="0"/>
<pin id="126" dir="0" index="1" bw="4" slack="0"/>
<pin id="127" dir="0" index="2" bw="1" slack="0"/>
<pin id="128" dir="1" index="3" bw="10" slack="0"/>
</pin_list>
<bind>
<opcode="bitconcatenate(1004) " fcode="bitconcatenate"/>
<opset="tmp_2/1 "/>
</bind>
</comp>

<comp id="132" class="1004" name="icmp_ln90_fu_132">
<pin_list>
<pin id="133" dir="0" index="0" bw="10" slack="0"/>
<pin id="134" dir="0" index="1" bw="1" slack="0"/>
<pin id="135" dir="1" index="2" bw="1" slack="1"/>
</pin_list>
<bind>
<opcode="icmp(45) " fcode="icmp"/>
<opset="icmp_ln90/1 "/>
</bind>
</comp>

<comp id="138" class="1004" name="add_ln90_fu_138">
<pin_list>
<pin id="139" dir="0" index="0" bw="12" slack="0"/>
<pin id="140" dir="0" index="1" bw="1" slack="0"/>
<pin id="141" dir="1" index="2" bw="12" slack="1"/>
</pin_list>
<bind>
<opcode="add(8) " fcode="add"/>
<opset="add_ln90/1 "/>
</bind>
</comp>

<comp id="144" class="1004" name="i_14_fu_144">
<pin_list>
<pin id="145" dir="0" index="0" bw="10" slack="0"/>
<pin id="146" dir="0" index="1" bw="1" slack="0"/>
<pin id="147" dir="1" index="2" bw="10" slack="0"/>
</pin_list>
<bind>
<opcode="add(8) " fcode="add"/>
<opset="i_14/1 "/>
</bind>
</comp>

<comp id="150" class="1004" name="icmp_ln80_fu_150">
<pin_list>
<pin id="151" dir="0" index="0" bw="10" slack="0"/>
<pin id="152" dir="0" index="1" bw="1" slack="0"/>
<pin id="153" dir="1" index="2" bw="1" slack="4"/>
</pin_list>
<bind>
<opcode="icmp(45) " fcode="icmp"/>
<opset="icmp_ln80/1 "/>
</bind>
</comp>

<comp id="156" class="1004" name="store_ln80_store_fu_156">
<pin_list>
<pin id="157" dir="0" index="0" bw="10" slack="0"/>
<pin id="158" dir="0" index="1" bw="10" slack="0"/>
<pin id="159" dir="1" index="2" bw="0" slack="2147483647"/>
</pin_list>
<bind>
<opcode="store(28) " fcode="store"/>
<opset="store_ln80/1 "/>
</bind>
</comp>

<comp id="161" class="1004" name="tmp_fu_161">
<pin_list>
<pin id="162" dir="0" index="0" bw="1" slack="0"/>
<pin id="163" dir="0" index="1" bw="16" slack="1"/>
<pin id="164" dir="0" index="2" bw="5" slack="0"/>
<pin id="165" dir="1" index="3" bw="1" slack="0"/>
</pin_list>
<bind>
<opcode="bitselect(1000) " fcode="bitselect"/>
<opset="tmp/2 "/>
</bind>
</comp>

<comp id="168" class="1004" name="select_ln90_fu_168">
<pin_list>
<pin id="169" dir="0" index="0" bw="1" slack="1"/>
<pin id="170" dir="0" index="1" bw="12" slack="1"/>
<pin id="171" dir="0" index="2" bw="12" slack="1"/>
<pin id="172" dir="1" index="3" bw="12" slack="0"/>
</pin_list>
<bind>
<opcode="select(49) " fcode="select"/>
<opset="select_ln90/2 "/>
</bind>
</comp>

<comp id="173" class="1004" name="data_round_fu_173">
<pin_list>
<pin id="174" dir="0" index="0" bw="1" slack="0"/>
<pin id="175" dir="0" index="1" bw="12" slack="0"/>
<pin id="176" dir="0" index="2" bw="12" slack="1"/>
<pin id="177" dir="1" index="3" bw="12" slack="0"/>
</pin_list>
<bind>
<opcode="select(49) " fcode="select"/>
<opset="data_round/2 "/>
</bind>
</comp>

<comp id="180" class="1004" name="sext_ln90_fu_180">
<pin_list>
<pin id="181" dir="0" index="0" bw="12" slack="0"/>
<pin id="182" dir="1" index="1" bw="13" slack="0"/>
</pin_list>
<bind>
<opcode="sext(35) " fcode="sext"/>
<opset="sext_ln90/2 "/>
</bind>
</comp>

<comp id="184" class="1004" name="index_fu_184">
<pin_list>
<pin id="185" dir="0" index="0" bw="12" slack="0"/>
<pin id="186" dir="0" index="1" bw="11" slack="0"/>
<pin id="187" dir="1" index="2" bw="13" slack="0"/>
</pin_list>
<bind>
<opcode="add(8) " fcode="add"/>
<opset="index/2 "/>
</bind>
</comp>

<comp id="190" class="1004" name="trunc_ln91_fu_190">
<pin_list>
<pin id="191" dir="0" index="0" bw="13" slack="0"/>
<pin id="192" dir="1" index="1" bw="10" slack="0"/>
</pin_list>
<bind>
<opcode="trunc(33) " fcode="trunc"/>
<opset="trunc_ln91/2 "/>
</bind>
</comp>

<comp id="194" class="1004" name="tmp_3_fu_194">
<pin_list>
<pin id="195" dir="0" index="0" bw="1" slack="0"/>
<pin id="196" dir="0" index="1" bw="13" slack="0"/>
<pin id="197" dir="0" index="2" bw="5" slack="0"/>
<pin id="198" dir="1" index="3" bw="1" slack="0"/>
</pin_list>
<bind>
<opcode="bitselect(1000) " fcode="bitselect"/>
<opset="tmp_3/2 "/>
</bind>
</comp>

<comp id="202" class="1004" name="tmp_4_fu_202">
<pin_list>
<pin id="203" dir="0" index="0" bw="3" slack="0"/>
<pin id="204" dir="0" index="1" bw="13" slack="0"/>
<pin id="205" dir="0" index="2" bw="5" slack="0"/>
<pin id="206" dir="0" index="3" bw="5" slack="0"/>
<pin id="207" dir="1" index="4" bw="3" slack="0"/>
</pin_list>
<bind>
<opcode="partselect(1002) " fcode="partselect"/>
<opset="tmp_4/2 "/>
</bind>
</comp>

<comp id="212" class="1004" name="icmp_ln94_fu_212">
<pin_list>
<pin id="213" dir="0" index="0" bw="3" slack="0"/>
<pin id="214" dir="0" index="1" bw="1" slack="0"/>
<pin id="215" dir="1" index="2" bw="1" slack="0"/>
</pin_list>
<bind>
<opcode="icmp(45) " fcode="icmp"/>
<opset="icmp_ln94/2 "/>
</bind>
</comp>

<comp id="218" class="1004" name="xor_ln92_fu_218">
<pin_list>
<pin id="219" dir="0" index="0" bw="1" slack="0"/>
<pin id="220" dir="0" index="1" bw="1" slack="0"/>
<pin id="221" dir="1" index="2" bw="1" slack="0"/>
</pin_list>
<bind>
<opcode="xor(25) " fcode="xor"/>
<opset="xor_ln92/2 "/>
</bind>
</comp>

<comp id="224" class="1004" name="select_ln92_fu_224">
<pin_list>
<pin id="225" dir="0" index="0" bw="1" slack="0"/>
<pin id="226" dir="0" index="1" bw="1" slack="0"/>
<pin id="227" dir="0" index="2" bw="1" slack="0"/>
<pin id="228" dir="1" index="3" bw="10" slack="0"/>
</pin_list>
<bind>
<opcode="select(49) " fcode="select"/>
<opset="select_ln92/2 "/>
</bind>
</comp>

<comp id="232" class="1004" name="or_ln92_fu_232">
<pin_list>
<pin id="233" dir="0" index="0" bw="1" slack="0"/>
<pin id="234" dir="0" index="1" bw="1" slack="0"/>
<pin id="235" dir="1" index="2" bw="1" slack="0"/>
</pin_list>
<bind>
<opcode="or(24) " fcode="or"/>
<opset="or_ln92/2 "/>
</bind>
</comp>

<comp id="238" class="1004" name="index_1_fu_238">
<pin_list>
<pin id="239" dir="0" index="0" bw="1" slack="0"/>
<pin id="240" dir="0" index="1" bw="10" slack="0"/>
<pin id="241" dir="0" index="2" bw="10" slack="0"/>
<pin id="242" dir="1" index="3" bw="10" slack="1"/>
</pin_list>
<bind>
<opcode="select(49) " fcode="select"/>
<opset="index_1/2 "/>
</bind>
</comp>

<comp id="246" class="1004" name="zext_ln96_fu_246">
<pin_list>
<pin id="247" dir="0" index="0" bw="10" slack="1"/>
<pin id="248" dir="1" index="1" bw="64" slack="0"/>
</pin_list>
<bind>
<opcode="zext(34) " fcode="zext"/>
<opset="zext_ln96/3 "/>
</bind>
</comp>

<comp id="250" class="1004" name="zext_ln96_1_fu_250">
<pin_list>
<pin id="251" dir="0" index="0" bw="10" slack="0"/>
<pin id="252" dir="1" index="1" bw="16" slack="0"/>
</pin_list>
<bind>
<opcode="zext(34) " fcode="zext"/>
<opset="zext_ln96_1/4 "/>
</bind>
</comp>

<comp id="255" class="1005" name="i_reg_255">
<pin_list>
<pin id="256" dir="0" index="0" bw="10" slack="0"/>
<pin id="257" dir="1" index="1" bw="10" slack="0"/>
</pin_list>
<bind>
<opset="i "/>
</bind>
</comp>

<comp id="262" class="1005" name="in_data_reg_262">
<pin_list>
<pin id="263" dir="0" index="0" bw="16" slack="1"/>
<pin id="264" dir="1" index="1" bw="16" slack="1"/>
</pin_list>
<bind>
<opset="in_data "/>
</bind>
</comp>

<comp id="267" class="1005" name="tmp_1_reg_267">
<pin_list>
<pin id="268" dir="0" index="0" bw="12" slack="1"/>
<pin id="269" dir="1" index="1" bw="12" slack="1"/>
</pin_list>
<bind>
<opset="tmp_1 "/>
</bind>
</comp>

<comp id="273" class="1005" name="icmp_ln90_reg_273">
<pin_list>
<pin id="274" dir="0" index="0" bw="1" slack="1"/>
<pin id="275" dir="1" index="1" bw="1" slack="1"/>
</pin_list>
<bind>
<opset="icmp_ln90 "/>
</bind>
</comp>

<comp id="278" class="1005" name="add_ln90_reg_278">
<pin_list>
<pin id="279" dir="0" index="0" bw="12" slack="1"/>
<pin id="280" dir="1" index="1" bw="12" slack="1"/>
</pin_list>
<bind>
<opset="add_ln90 "/>
</bind>
</comp>

<comp id="283" class="1005" name="icmp_ln80_reg_283">
<pin_list>
<pin id="284" dir="0" index="0" bw="1" slack="4"/>
<pin id="285" dir="1" index="1" bw="1" slack="2147483647"/>
</pin_list>
<bind>
<opset="icmp_ln80 "/>
</bind>
</comp>

<comp id="287" class="1005" name="index_1_reg_287">
<pin_list>
<pin id="288" dir="0" index="0" bw="10" slack="1"/>
<pin id="289" dir="1" index="1" bw="10" slack="1"/>
</pin_list>
<bind>
<opset="index_1 "/>
</bind>
</comp>

<comp id="292" class="1005" name="sigmoid_table_addr_reg_292">
<pin_list>
<pin id="293" dir="0" index="0" bw="10" slack="1"/>
<pin id="294" dir="1" index="1" bw="10" slack="1"/>
</pin_list>
<bind>
<opset="sigmoid_table_addr "/>
</bind>
</comp>

<comp id="297" class="1005" name="zext_ln96_1_reg_297">
<pin_list>
<pin id="298" dir="0" index="0" bw="16" slack="1"/>
<pin id="299" dir="1" index="1" bw="16" slack="1"/>
</pin_list>
<bind>
<opset="zext_ln96_1 "/>
</bind>
</comp>

</comp_list>

<net_list>
<net id="75"><net_src comp="6" pin="0"/><net_sink comp="72" pin=0"/></net>

<net id="80"><net_src comp="24" pin="0"/><net_sink comp="76" pin=0"/></net>

<net id="81"><net_src comp="0" pin="0"/><net_sink comp="76" pin=1"/></net>

<net id="87"><net_src comp="60" pin="0"/><net_sink comp="82" pin=0"/></net>

<net id="88"><net_src comp="2" pin="0"/><net_sink comp="82" pin=1"/></net>

<net id="94"><net_src comp="4" pin="0"/><net_sink comp="89" pin=0"/></net>

<net id="95"><net_src comp="58" pin="0"/><net_sink comp="89" pin=1"/></net>

<net id="101"><net_src comp="89" pin="3"/><net_sink comp="96" pin=0"/></net>

<net id="106"><net_src comp="22" pin="0"/><net_sink comp="102" pin=0"/></net>

<net id="116"><net_src comp="26" pin="0"/><net_sink comp="110" pin=0"/></net>

<net id="117"><net_src comp="76" pin="2"/><net_sink comp="110" pin=1"/></net>

<net id="118"><net_src comp="28" pin="0"/><net_sink comp="110" pin=2"/></net>

<net id="119"><net_src comp="30" pin="0"/><net_sink comp="110" pin=3"/></net>

<net id="123"><net_src comp="76" pin="2"/><net_sink comp="120" pin=0"/></net>

<net id="129"><net_src comp="32" pin="0"/><net_sink comp="124" pin=0"/></net>

<net id="130"><net_src comp="120" pin="1"/><net_sink comp="124" pin=1"/></net>

<net id="131"><net_src comp="34" pin="0"/><net_sink comp="124" pin=2"/></net>

<net id="136"><net_src comp="124" pin="3"/><net_sink comp="132" pin=0"/></net>

<net id="137"><net_src comp="22" pin="0"/><net_sink comp="132" pin=1"/></net>

<net id="142"><net_src comp="110" pin="4"/><net_sink comp="138" pin=0"/></net>

<net id="143"><net_src comp="36" pin="0"/><net_sink comp="138" pin=1"/></net>

<net id="148"><net_src comp="107" pin="1"/><net_sink comp="144" pin=0"/></net>

<net id="149"><net_src comp="38" pin="0"/><net_sink comp="144" pin=1"/></net>

<net id="154"><net_src comp="107" pin="1"/><net_sink comp="150" pin=0"/></net>

<net id="155"><net_src comp="40" pin="0"/><net_sink comp="150" pin=1"/></net>

<net id="160"><net_src comp="144" pin="2"/><net_sink comp="156" pin=0"/></net>

<net id="166"><net_src comp="42" pin="0"/><net_sink comp="161" pin=0"/></net>

<net id="167"><net_src comp="30" pin="0"/><net_sink comp="161" pin=2"/></net>

<net id="178"><net_src comp="161" pin="3"/><net_sink comp="173" pin=0"/></net>

<net id="179"><net_src comp="168" pin="3"/><net_sink comp="173" pin=1"/></net>

<net id="183"><net_src comp="173" pin="3"/><net_sink comp="180" pin=0"/></net>

<net id="188"><net_src comp="180" pin="1"/><net_sink comp="184" pin=0"/></net>

<net id="189"><net_src comp="44" pin="0"/><net_sink comp="184" pin=1"/></net>

<net id="193"><net_src comp="184" pin="2"/><net_sink comp="190" pin=0"/></net>

<net id="199"><net_src comp="46" pin="0"/><net_sink comp="194" pin=0"/></net>

<net id="200"><net_src comp="184" pin="2"/><net_sink comp="194" pin=1"/></net>

<net id="201"><net_src comp="48" pin="0"/><net_sink comp="194" pin=2"/></net>

<net id="208"><net_src comp="50" pin="0"/><net_sink comp="202" pin=0"/></net>

<net id="209"><net_src comp="184" pin="2"/><net_sink comp="202" pin=1"/></net>

<net id="210"><net_src comp="52" pin="0"/><net_sink comp="202" pin=2"/></net>

<net id="211"><net_src comp="48" pin="0"/><net_sink comp="202" pin=3"/></net>

<net id="216"><net_src comp="202" pin="4"/><net_sink comp="212" pin=0"/></net>

<net id="217"><net_src comp="54" pin="0"/><net_sink comp="212" pin=1"/></net>

<net id="222"><net_src comp="194" pin="3"/><net_sink comp="218" pin=0"/></net>

<net id="223"><net_src comp="56" pin="0"/><net_sink comp="218" pin=1"/></net>

<net id="229"><net_src comp="218" pin="2"/><net_sink comp="224" pin=0"/></net>

<net id="230"><net_src comp="40" pin="0"/><net_sink comp="224" pin=1"/></net>

<net id="231"><net_src comp="22" pin="0"/><net_sink comp="224" pin=2"/></net>

<net id="236"><net_src comp="194" pin="3"/><net_sink comp="232" pin=0"/></net>

<net id="237"><net_src comp="212" pin="2"/><net_sink comp="232" pin=1"/></net>

<net id="243"><net_src comp="232" pin="2"/><net_sink comp="238" pin=0"/></net>

<net id="244"><net_src comp="224" pin="3"/><net_sink comp="238" pin=1"/></net>

<net id="245"><net_src comp="190" pin="1"/><net_sink comp="238" pin=2"/></net>

<net id="249"><net_src comp="246" pin="1"/><net_sink comp="89" pin=2"/></net>

<net id="253"><net_src comp="96" pin="3"/><net_sink comp="250" pin=0"/></net>

<net id="254"><net_src comp="250" pin="1"/><net_sink comp="82" pin=2"/></net>

<net id="258"><net_src comp="72" pin="1"/><net_sink comp="255" pin=0"/></net>

<net id="259"><net_src comp="255" pin="1"/><net_sink comp="102" pin=1"/></net>

<net id="260"><net_src comp="255" pin="1"/><net_sink comp="107" pin=0"/></net>

<net id="261"><net_src comp="255" pin="1"/><net_sink comp="156" pin=1"/></net>

<net id="265"><net_src comp="76" pin="2"/><net_sink comp="262" pin=0"/></net>

<net id="266"><net_src comp="262" pin="1"/><net_sink comp="161" pin=1"/></net>

<net id="270"><net_src comp="110" pin="4"/><net_sink comp="267" pin=0"/></net>

<net id="271"><net_src comp="267" pin="1"/><net_sink comp="168" pin=2"/></net>

<net id="272"><net_src comp="267" pin="1"/><net_sink comp="173" pin=2"/></net>

<net id="276"><net_src comp="132" pin="2"/><net_sink comp="273" pin=0"/></net>

<net id="277"><net_src comp="273" pin="1"/><net_sink comp="168" pin=0"/></net>

<net id="281"><net_src comp="138" pin="2"/><net_sink comp="278" pin=0"/></net>

<net id="282"><net_src comp="278" pin="1"/><net_sink comp="168" pin=1"/></net>

<net id="286"><net_src comp="150" pin="2"/><net_sink comp="283" pin=0"/></net>

<net id="290"><net_src comp="238" pin="3"/><net_sink comp="287" pin=0"/></net>

<net id="291"><net_src comp="287" pin="1"/><net_sink comp="246" pin=0"/></net>

<net id="295"><net_src comp="89" pin="3"/><net_sink comp="292" pin=0"/></net>

<net id="296"><net_src comp="292" pin="1"/><net_sink comp="96" pin=0"/></net>

<net id="300"><net_src comp="250" pin="1"/><net_sink comp="297" pin=0"/></net>

<net id="301"><net_src comp="297" pin="1"/><net_sink comp="82" pin=2"/></net>

</net_list>

</model> 
---------------- Datapath Model END ------------------

* FSMD analyzer results:
  - Output states:
	Port: layer28_out | {5 }
 - Input state : 
	Port: sigmoid<array,array<ap_fixed<16,6,5,3,0>,1u>,sigmoid_config28> : layer26_out | {1 }
	Port: sigmoid<array,array<ap_fixed<16,6,5,3,0>,1u>,sigmoid_config28> : sigmoid_table | {3 4 }
  - Chain level:
	State 1
		store_ln80 : 1
		i_13 : 1
		tmp_2 : 1
		icmp_ln90 : 2
		add_ln90 : 1
		i_14 : 2
		icmp_ln80 : 2
		store_ln80 : 3
		br_ln80 : 3
	State 2
		data_round : 1
		sext_ln90 : 2
		index : 3
		trunc_ln91 : 4
		tmp_3 : 4
		tmp_4 : 4
		icmp_ln94 : 5
		xor_ln92 : 5
		select_ln92 : 5
		or_ln92 : 6
		index_1 : 6
	State 3
		sigmoid_table_addr : 1
		sigmoid_table_load : 2
	State 4
		zext_ln96_1 : 1
		write_ln99 : 2
	State 5


============================================================
+ Verbose Summary: Datapath Resource usage 
============================================================

* Functional unit list:
|----------|--------------------|---------|---------|
| Operation|   Functional Unit  |    FF   |   LUT   |
|----------|--------------------|---------|---------|
|          |   add_ln90_fu_138  |    0    |    19   |
|    add   |     i_14_fu_144    |    0    |    17   |
|          |    index_fu_184    |    0    |    19   |
|----------|--------------------|---------|---------|
|          |  icmp_ln90_fu_132  |    0    |    17   |
|   icmp   |  icmp_ln80_fu_150  |    0    |    17   |
|          |  icmp_ln94_fu_212  |    0    |    10   |
|----------|--------------------|---------|---------|
|          | select_ln90_fu_168 |    0    |    12   |
|  select  |  data_round_fu_173 |    0    |    12   |
|          | select_ln92_fu_224 |    0    |    2    |
|          |   index_1_fu_238   |    0    |    10   |
|----------|--------------------|---------|---------|
|    xor   |   xor_ln92_fu_218  |    0    |    2    |
|----------|--------------------|---------|---------|
|    or    |   or_ln92_fu_232   |    0    |    2    |
|----------|--------------------|---------|---------|
|   read   | in_data_read_fu_76 |    0    |    0    |
|----------|--------------------|---------|---------|
|   write  |   grp_write_fu_82  |    0    |    0    |
|----------|--------------------|---------|---------|
|partselect|    tmp_1_fu_110    |    0    |    0    |
|          |    tmp_4_fu_202    |    0    |    0    |
|----------|--------------------|---------|---------|
|   trunc  |  trunc_ln90_fu_120 |    0    |    0    |
|          |  trunc_ln91_fu_190 |    0    |    0    |
|----------|--------------------|---------|---------|
|bitconcatenate|    tmp_2_fu_124    |    0    |    0    |
|----------|--------------------|---------|---------|
| bitselect|     tmp_fu_161     |    0    |    0    |
|          |    tmp_3_fu_194    |    0    |    0    |
|----------|--------------------|---------|---------|
|   sext   |  sext_ln90_fu_180  |    0    |    0    |
|----------|--------------------|---------|---------|
|   zext   |  zext_ln96_fu_246  |    0    |    0    |
|          | zext_ln96_1_fu_250 |    0    |    0    |
|----------|--------------------|---------|---------|
|   Total  |                    |    0    |   139   |
|----------|--------------------|---------|---------|

Memories:
N/A

* Register list:
+--------------------------+--------+
|                          |   FF   |
+--------------------------+--------+
|     add_ln90_reg_278     |   12   |
|         i_reg_255        |   10   |
|     icmp_ln80_reg_283    |    1   |
|     icmp_ln90_reg_273    |    1   |
|      in_data_reg_262     |   16   |
|      index_1_reg_287     |   10   |
|sigmoid_table_addr_reg_292|   10   |
|       tmp_1_reg_267      |   12   |
|    zext_ln96_1_reg_297   |   16   |
+--------------------------+--------+
|           Total          |   88   |
+--------------------------+--------+

* Multiplexer (MUX) list: 
|------------------|------|------|------|--------||---------||---------||---------|
|       Comp       |  Pin | Size |  BW  | S x BW ||  Delay  ||    FF   ||   LUT   |
|------------------|------|------|------|--------||---------||---------||---------|
|  grp_write_fu_82 |  p2  |   2  |  10  |   20   ||    0    ||    9    |
| grp_access_fu_96 |  p0  |   2  |  10  |   20   ||    0    ||    9    |
|------------------|------|------|------|--------||---------||---------||---------|
|       Total      |      |      |      |   40   ||  1.076  ||    0    ||    18   |
|------------------|------|------|------|--------||---------||---------||---------|



* Summary:
+-----------+--------+--------+--------+
|           |  Delay |   FF   |   LUT  |
+-----------+--------+--------+--------+
|  Function |    -   |    0   |   139  |
|   Memory  |    -   |    -   |    -   |
|Multiplexer|    1   |    0   |   18   |
|  Register |    -   |   88   |    -   |
+-----------+--------+--------+--------+
|   Total   |    1   |   88   |   157  |
+-----------+--------+--------+--------+
