

================================================================
== Vitis HLS Report for 'sigmoid_array_array_ap_fixed_16_6_5_3_0_1u_sigmoid_config12_s'
================================================================
* Date:           Sat Apr  4 17:12:58 2026

* Version:        2023.2 (Build 4023990 on Oct 11 2023)
* Project:        folo_prj
* Solution:       solution1 (Vivado IP Flow Target)
* Product family: kintexu
* Target device:  xcku035-fbva676-2-e


================================================================
== Performance Estimates
================================================================
+ Timing: 
    * Summary: 
    +--------+---------+----------+------------+
    |  Clock |  Target | Estimated| Uncertainty|
    +--------+---------+----------+------------+
    |ap_clk  |  5.00 ns|  3.425 ns|     1.35 ns|
    +--------+---------+----------+------------+

+ Latency: 
    * Summary: 
    +---------+---------+----------+----------+------+------+---------+
    |  Latency (cycles) |  Latency (absolute) |   Interval  | Pipeline|
    |   min   |   max   |    min   |    max   |  min |  max |   Type  |
    +---------+---------+----------+----------+------+------+---------+
    |     1030|     1030|  5.150 us|  5.150 us|  1030|  1030|       no|
    +---------+---------+----------+----------+------+------+---------+

    + Detail: 
        * Instance: 
        N/A

        * Loop: 
        +------------------+---------+---------+----------+-----------+-----------+------+----------+
        |                  |  Latency (cycles) | Iteration|  Initiation Interval  | Trip |          |
        |     Loop Name    |   min   |   max   |  Latency |  achieved |   target  | Count| Pipelined|
        +------------------+---------+---------+----------+-----------+-----------+------+----------+
        |- SigmoidActLoop  |     1028|     1028|         6|          1|          1|  1024|       yes|
        +------------------+---------+---------+----------+-----------+-----------+------+----------+



================================================================
== Utilization Estimates
================================================================
* Summary: 
+-----------------+---------+------+--------+--------+-----+
|       Name      | BRAM_18K|  DSP |   FF   |   LUT  | URAM|
+-----------------+---------+------+--------+--------+-----+
|DSP              |        -|     -|       -|       -|    -|
|Expression       |        -|     -|       0|     299|    -|
|FIFO             |        -|     -|       -|       -|    -|
|Instance         |        -|     -|       -|       -|    -|
|Memory           |        1|     -|       0|       0|    -|
|Multiplexer      |        -|     -|       -|      54|    -|
|Register         |        -|     -|      90|       -|    -|
+-----------------+---------+------+--------+--------+-----+
|Total            |        1|     0|      90|     353|    0|
+-----------------+---------+------+--------+--------+-----+
|Available        |     1080|  1700|  406256|  203128|    0|
+-----------------+---------+------+--------+--------+-----+
|Utilization (%)  |       ~0|     0|      ~0|      ~0|    0|
+-----------------+---------+------+--------+--------+-----+

+ Detail: 
    * Instance: 
    N/A

    * DSP: 
    N/A

    * Memory: 
    +-----------------+----------------------------------------------------------------------------------+---------+---+----+-----+------+-----+------+-------------+
    |      Memory     |                                      Module                                      | BRAM_18K| FF| LUT| URAM| Words| Bits| Banks| W*Bits*Banks|
    +-----------------+----------------------------------------------------------------------------------+---------+---+----+-----+------+-----+------+-------------+
    |sigmoid_table_U  |sigmoid_array_array_ap_fixed_16_6_5_3_0_1u_sigmoid_config12_s_sigmoid_table_RbMq  |        1|  0|   0|    0|  1024|   10|     1|        10240|
    +-----------------+----------------------------------------------------------------------------------+---------+---+----+-----+------+-----+------+-------------+
    |Total            |                                                                                  |        1|  0|   0|    0|  1024|   10|     1|        10240|
    +-----------------+----------------------------------------------------------------------------------+---------+---+----+-----+------+-----+------+-------------+

    * FIFO: 
    N/A

    * Expression: 
    +----------------------------------+----------+----+---+----+------------+------------+
    |           Variable Name          | Operation| DSP| FF| LUT| Bitwidth P0| Bitwidth P1|
    +----------------------------------+----------+----+---+----+------------+------------+
    |add_ln90_fu_181_p2                |         +|   0|  0|  35|          28|           1|
    |i_8_fu_124_p2                     |         +|   0|  0|  18|          11|           1|
    |index_fu_198_p2                   |         +|   0|  0|  35|          28|          10|
    |ap_condition_149                  |       and|   0|  0|   2|           1|           1|
    |icmp_ln80_fu_118_p2               |      icmp|   0|  0|  19|          11|          12|
    |icmp_ln90_1_fu_175_p2             |      icmp|   0|  0|  27|          20|           1|
    |icmp_ln90_fu_157_p2               |      icmp|   0|  0|  58|          51|           5|
    |icmp_ln94_fu_226_p2               |      icmp|   0|  0|  25|          18|           1|
    |ap_block_pp0_stage0_01001         |        or|   0|  0|   2|           1|           1|
    |ap_block_pp0_stage0_11001         |        or|   0|  0|   2|           1|           1|
    |ap_block_state5_pp0_stage0_iter4  |        or|   0|  0|   2|           1|           1|
    |or_ln92_fu_246_p2                 |        or|   0|  0|   2|           1|           1|
    |data_round_fu_192_p3              |    select|   0|  0|  28|           1|          28|
    |index_1_fu_252_p3                 |    select|   0|  0|  10|           1|          10|
    |select_ln90_fu_187_p3             |    select|   0|  0|  28|           1|          28|
    |select_ln92_fu_238_p3             |    select|   0|  0|   2|           1|           2|
    |ap_enable_pp0                     |       xor|   0|  0|   2|           1|           2|
    |xor_ln92_fu_232_p2                |       xor|   0|  0|   2|           1|           2|
    +----------------------------------+----------+----+---+----+------------+------------+
    |Total                             |          |   0|  0| 299|         178|         108|
    +----------------------------------+----------+----+---+----+------------+------------+

    * Multiplexer: 
    +-------------------------+----+-----------+-----+-----------+
    |           Name          | LUT| Input Size| Bits| Total Bits|
    +-------------------------+----+-----------+-----+-----------+
    |ap_done_int              |   9|          2|    1|          2|
    |ap_enable_reg_pp0_iter1  |   9|          2|    1|          2|
    |ap_sig_allocacmp_i_7     |   9|          2|   11|         22|
    |i_fu_80                  |   9|          2|   11|         22|
    |layer11_out_blk_n        |   9|          2|    1|          2|
    |layer12_out_TDATA_blk_n  |   9|          2|    1|          2|
    +-------------------------+----+-----------+-----+-----------+
    |Total                    |  54|         12|   26|         52|
    +-------------------------+----+-----------+-----+-----------+

    * Register: 
    +----------------------------------+----+----+-----+-----------+
    |               Name               | FF | LUT| Bits| Const Bits|
    +----------------------------------+----+----+-----+-----------+
    |add_ln90_reg_296                  |  28|   0|   28|          0|
    |ap_CS_fsm                         |   1|   0|    1|          0|
    |ap_done_reg                       |   1|   0|    1|          0|
    |ap_enable_reg_pp0_iter1           |   1|   0|    1|          0|
    |ap_enable_reg_pp0_iter2           |   1|   0|    1|          0|
    |ap_enable_reg_pp0_iter3           |   1|   0|    1|          0|
    |ap_enable_reg_pp0_iter4           |   1|   0|    1|          0|
    |ap_enable_reg_pp0_iter5           |   1|   0|    1|          0|
    |ap_loop_exit_ready_pp0_iter1_reg  |   1|   0|    1|          0|
    |ap_loop_exit_ready_pp0_iter2_reg  |   1|   0|    1|          0|
    |ap_loop_exit_ready_pp0_iter3_reg  |   1|   0|    1|          0|
    |ap_loop_exit_ready_pp0_iter4_reg  |   1|   0|    1|          0|
    |i_fu_80                           |  11|   0|   11|          0|
    |icmp_ln90_1_reg_291               |   1|   0|    1|          0|
    |icmp_ln90_reg_286                 |   1|   0|    1|          0|
    |index_1_reg_301                   |  10|   0|   10|          0|
    |sext_ln90_reg_280                 |  28|   0|   28|          0|
    +----------------------------------+----+----+-----+-----------+
    |Total                             |  90|   0|   90|          0|
    +----------------------------------+----+----+-----+-----------+



================================================================
== Interface
================================================================
* Summary: 
+----------------------------+-----+-----+------------+----------------------------------------------------------------+--------------+
|          RTL Ports         | Dir | Bits|  Protocol  |                          Source Object                         |    C Type    |
+----------------------------+-----+-----+------------+----------------------------------------------------------------+--------------+
|ap_clk                      |   in|    1|  ap_ctrl_hs|  sigmoid<array,array<ap_fixed<16,6,5,3,0>,1u>,sigmoid_config12>|  return value|
|ap_rst                      |   in|    1|  ap_ctrl_hs|  sigmoid<array,array<ap_fixed<16,6,5,3,0>,1u>,sigmoid_config12>|  return value|
|ap_start                    |   in|    1|  ap_ctrl_hs|  sigmoid<array,array<ap_fixed<16,6,5,3,0>,1u>,sigmoid_config12>|  return value|
|ap_done                     |  out|    1|  ap_ctrl_hs|  sigmoid<array,array<ap_fixed<16,6,5,3,0>,1u>,sigmoid_config12>|  return value|
|ap_continue                 |   in|    1|  ap_ctrl_hs|  sigmoid<array,array<ap_fixed<16,6,5,3,0>,1u>,sigmoid_config12>|  return value|
|ap_idle                     |  out|    1|  ap_ctrl_hs|  sigmoid<array,array<ap_fixed<16,6,5,3,0>,1u>,sigmoid_config12>|  return value|
|ap_ready                    |  out|    1|  ap_ctrl_hs|  sigmoid<array,array<ap_fixed<16,6,5,3,0>,1u>,sigmoid_config12>|  return value|
|layer11_out_dout            |   in|   41|     ap_fifo|                                                     layer11_out|       pointer|
|layer11_out_num_data_valid  |   in|   11|     ap_fifo|                                                     layer11_out|       pointer|
|layer11_out_fifo_cap        |   in|   11|     ap_fifo|                                                     layer11_out|       pointer|
|layer11_out_empty_n         |   in|    1|     ap_fifo|                                                     layer11_out|       pointer|
|layer11_out_read            |  out|    1|     ap_fifo|                                                     layer11_out|       pointer|
|layer12_out_TREADY          |   in|    1|        axis|                                                     layer12_out|       pointer|
|layer12_out_TDATA           |  out|   16|        axis|                                                     layer12_out|       pointer|
|layer12_out_TVALID          |  out|    1|        axis|                                                     layer12_out|       pointer|
+----------------------------+-----+-----+------------+----------------------------------------------------------------+--------------+

============================================================
+ Verbose Summary: Synthesis Manager
============================================================
InlineROM: 1
ExposeGlobal: 0
============================================================
+ Verbose Summary: CDFG Model
============================================================
IsTopModel: 0
ResetActiveHigh: 1
IsCombinational: 2
IsDatapathOnly: 0
HasWiredReturn: 1
HasMFsm: 2
HasVarLatency: 1
IsPipeline: 0
IsRtlPipelined: 0
IsInstanceOverlapped: 0
IsDontTouch: 0
HasImplIP: 0
IsGatedGlobalClock: 0

+ Individual pipeline summary: 
  * Pipeline-0: initiation interval (II) = 1, depth = 6


============================================================
+ Verbose Summary: Schedule
============================================================
* Number of FSM states : 6
* Pipeline : 1
  Pipeline-0 : II = 1, D = 6, States = { 1 2 3 4 5 6 }
* Dataflow Pipeline: 0

* FSM state transitions: 
1 --> 2 
2 --> 3 
3 --> 4 
4 --> 5 
5 --> 6 
6 --> 

* FSM state operations: 

State 1 <SV = 0> <Delay = 2.41>
ST_1 : Operation 9 [1/1] (0.00ns)   --->   "%i = alloca i32 1" [firmware/nnet_utils/nnet_activation_stream.h:80]   --->   Operation 9 'alloca' 'i' <Predicate = true> <Delay = 0.00>
ST_1 : Operation 10 [1/1] (0.00ns)   --->   "%specinterface_ln0 = specinterface void @_ssdm_op_SpecInterface, i41 %layer11_out, void @empty_3, i32 0, i32 0, void @empty_2, i32 0, i32 0, void @empty_2, void @empty_2, void @empty_2, i32 0, i32 0, i32 0, i32 0, void @empty_2, void @empty_2, i32 4294967295, i32 0"   --->   Operation 10 'specinterface' 'specinterface_ln0' <Predicate = true> <Delay = 0.00>
ST_1 : Operation 11 [1/1] (0.00ns)   --->   "%specinterface_ln0 = specinterface void @_ssdm_op_SpecInterface, i16 %layer12_out, void @empty_9, i32 1, i32 1, void @empty_1, i32 0, i32 0, void @empty_2, void @empty_2, void @empty_2, i32 0, i32 0, i32 0, i32 0, void @empty_2, void @empty_2, i32 4294967295, i32 0"   --->   Operation 11 'specinterface' 'specinterface_ln0' <Predicate = true> <Delay = 0.00>
ST_1 : Operation 12 [1/1] (0.53ns)   --->   "%store_ln80 = store i11 0, i11 %i" [firmware/nnet_utils/nnet_activation_stream.h:80]   --->   Operation 12 'store' 'store_ln80' <Predicate = true> <Delay = 0.53>
ST_1 : Operation 13 [1/1] (0.00ns)   --->   "%br_ln80 = br void %SigmoidPackLoop" [firmware/nnet_utils/nnet_activation_stream.h:80]   --->   Operation 13 'br' 'br_ln80' <Predicate = true> <Delay = 0.00>
ST_1 : Operation 14 [1/1] (0.00ns)   --->   "%i_7 = load i11 %i" [firmware/nnet_utils/nnet_activation_stream.h:80]   --->   Operation 14 'load' 'i_7' <Predicate = true> <Delay = 0.00>
ST_1 : Operation 15 [1/1] (1.33ns)   --->   "%icmp_ln80 = icmp_eq  i11 %i_7, i11 1024" [firmware/nnet_utils/nnet_activation_stream.h:80]   --->   Operation 15 'icmp' 'icmp_ln80' <Predicate = true> <Delay = 1.33> <CoreInst = "Cmp">   --->   Core 9 'Cmp' <Latency = 0> <II = 1> <Delay = 1.35> <FuncUnit> <Opcode : 'icmp'> <InPorts = 2> <OutPorts = 1>
ST_1 : Operation 16 [1/1] (1.33ns)   --->   "%i_8 = add i11 %i_7, i11 1" [firmware/nnet_utils/nnet_activation_stream.h:80]   --->   Operation 16 'add' 'i_8' <Predicate = true> <Delay = 1.33> <CoreInst = "Adder">   --->   Core 1 'Adder' <Latency = 0> <II = 1> <Delay = 1.33> <FuncUnit> <Opcode : 'add' 'sub'> <InPorts = 2> <OutPorts = 1>
ST_1 : Operation 17 [1/1] (0.00ns)   --->   "%br_ln80 = br i1 %icmp_ln80, void %SigmoidPackLoop.split_ifconv, void %for.end17" [firmware/nnet_utils/nnet_activation_stream.h:80]   --->   Operation 17 'br' 'br_ln80' <Predicate = true> <Delay = 0.00>
ST_1 : Operation 18 [1/1] (0.53ns)   --->   "%store_ln80 = store i11 %i_8, i11 %i" [firmware/nnet_utils/nnet_activation_stream.h:80]   --->   Operation 18 'store' 'store_ln80' <Predicate = (!icmp_ln80)> <Delay = 0.53>

State 2 <SV = 1> <Delay = 3.42>
ST_2 : Operation 19 [1/1] (1.82ns)   --->   "%layer11_out_read = read i41 @_ssdm_op_Read.ap_fifo.volatile.i41P0A, i41 %layer11_out" [firmware/nnet_utils/nnet_activation_stream.h:83]   --->   Operation 19 'read' 'layer11_out_read' <Predicate = true> <Delay = 1.82> <CoreInst = "FIFO">   --->   Core 78 'FIFO' <Latency = 0> <II = 1> <Delay = 2.16> <Storage> <Opcode : 'read' 'write' 'nbread' 'nbwrite'> <Ports = 0> <Width = 41> <Depth = 1024> <FIFO>
ST_2 : Operation 20 [1/1] (0.00ns)   --->   "%shl_ln = bitconcatenate i51 @_ssdm_op_BitConcatenate.i51.i41.i10, i41 %layer11_out_read, i10 0" [firmware/nnet_utils/nnet_activation_stream.h:90]   --->   Operation 20 'bitconcatenate' 'shl_ln' <Predicate = true> <Delay = 0.00>
ST_2 : Operation 21 [1/1] (0.00ns)   --->   "%tmp_1 = partselect i27 @_ssdm_op_PartSelect.i27.i41.i32.i32, i41 %layer11_out_read, i32 14, i32 40" [firmware/nnet_utils/nnet_activation_stream.h:90]   --->   Operation 21 'partselect' 'tmp_1' <Predicate = true> <Delay = 0.00>
ST_2 : Operation 22 [1/1] (0.00ns)   --->   "%sext_ln90 = sext i27 %tmp_1" [firmware/nnet_utils/nnet_activation_stream.h:90]   --->   Operation 22 'sext' 'sext_ln90' <Predicate = true> <Delay = 0.00>
ST_2 : Operation 23 [1/1] (1.60ns)   --->   "%icmp_ln90 = icmp_slt  i51 %shl_ln, i51 2251799813685233" [firmware/nnet_utils/nnet_activation_stream.h:90]   --->   Operation 23 'icmp' 'icmp_ln90' <Predicate = true> <Delay = 1.60> <CoreInst = "Cmp">   --->   Core 9 'Cmp' <Latency = 0> <II = 1> <Delay = 1.60> <FuncUnit> <Opcode : 'icmp'> <InPorts = 2> <OutPorts = 1>
ST_2 : Operation 24 [1/1] (0.00ns)   --->   "%trunc_ln90 = trunc i41 %layer11_out_read" [firmware/nnet_utils/nnet_activation_stream.h:90]   --->   Operation 24 'trunc' 'trunc_ln90' <Predicate = true> <Delay = 0.00>
ST_2 : Operation 25 [1/1] (0.00ns)   --->   "%tmp_s = bitconcatenate i20 @_ssdm_op_BitConcatenate.i20.i14.i6, i14 %trunc_ln90, i6 0" [firmware/nnet_utils/nnet_activation_stream.h:90]   --->   Operation 25 'bitconcatenate' 'tmp_s' <Predicate = true> <Delay = 0.00>
ST_2 : Operation 26 [1/1] (1.43ns)   --->   "%icmp_ln90_1 = icmp_eq  i20 %tmp_s, i20 0" [firmware/nnet_utils/nnet_activation_stream.h:90]   --->   Operation 26 'icmp' 'icmp_ln90_1' <Predicate = true> <Delay = 1.43> <CoreInst = "Cmp">   --->   Core 9 'Cmp' <Latency = 0> <II = 1> <Delay = 1.43> <FuncUnit> <Opcode : 'icmp'> <InPorts = 2> <OutPorts = 1>
ST_2 : Operation 27 [1/1] (1.46ns)   --->   "%add_ln90 = add i28 %sext_ln90, i28 1" [firmware/nnet_utils/nnet_activation_stream.h:90]   --->   Operation 27 'add' 'add_ln90' <Predicate = true> <Delay = 1.46> <CoreInst = "Adder">   --->   Core 1 'Adder' <Latency = 0> <II = 1> <Delay = 1.46> <FuncUnit> <Opcode : 'add' 'sub'> <InPorts = 2> <OutPorts = 1>

State 3 <SV = 2> <Delay = 3.31>
ST_3 : Operation 28 [1/1] (0.00ns) (grouped into LUT with out node index)   --->   "%select_ln90 = select i1 %icmp_ln90_1, i28 %sext_ln90, i28 %add_ln90" [firmware/nnet_utils/nnet_activation_stream.h:90]   --->   Operation 28 'select' 'select_ln90' <Predicate = (icmp_ln90)> <Delay = 0.00> <CoreInst = "Sel">   --->   Core 73 'Sel' <Latency = 0> <II = 1> <Delay = 0.52> <FuncUnit> <Opcode : 'select'> <InPorts = 3> <OutPorts = 1>
ST_3 : Operation 29 [1/1] (0.00ns) (grouped into LUT with out node index)   --->   "%data_round = select i1 %icmp_ln90, i28 %select_ln90, i28 %sext_ln90" [firmware/nnet_utils/nnet_activation_stream.h:90]   --->   Operation 29 'select' 'data_round' <Predicate = true> <Delay = 0.00> <CoreInst = "Sel">   --->   Core 73 'Sel' <Latency = 0> <II = 1> <Delay = 0.52> <FuncUnit> <Opcode : 'select'> <InPorts = 3> <OutPorts = 1>
ST_3 : Operation 30 [1/1] (1.46ns) (out node of the LUT)   --->   "%index = add i28 %data_round, i28 512" [firmware/nnet_utils/nnet_activation_stream.h:91]   --->   Operation 30 'add' 'index' <Predicate = true> <Delay = 1.46> <CoreInst = "Adder">   --->   Core 1 'Adder' <Latency = 0> <II = 1> <Delay = 1.46> <FuncUnit> <Opcode : 'add' 'sub'> <InPorts = 2> <OutPorts = 1>
ST_3 : Operation 31 [1/1] (0.00ns) (grouped into LUT with out node index_1)   --->   "%trunc_ln91 = trunc i28 %index" [firmware/nnet_utils/nnet_activation_stream.h:91]   --->   Operation 31 'trunc' 'trunc_ln91' <Predicate = true> <Delay = 0.00>
ST_3 : Operation 32 [1/1] (0.00ns)   --->   "%tmp = bitselect i1 @_ssdm_op_BitSelect.i1.i28.i32, i28 %index, i32 27" [firmware/nnet_utils/nnet_activation_stream.h:92]   --->   Operation 32 'bitselect' 'tmp' <Predicate = true> <Delay = 0.00>
ST_3 : Operation 33 [1/1] (0.00ns)   --->   "%tmp_2 = partselect i18 @_ssdm_op_PartSelect.i18.i28.i32.i32, i28 %index, i32 10, i32 27" [firmware/nnet_utils/nnet_activation_stream.h:94]   --->   Operation 33 'partselect' 'tmp_2' <Predicate = true> <Delay = 0.00>
ST_3 : Operation 34 [1/1] (1.42ns)   --->   "%icmp_ln94 = icmp_ne  i18 %tmp_2, i18 0" [firmware/nnet_utils/nnet_activation_stream.h:94]   --->   Operation 34 'icmp' 'icmp_ln94' <Predicate = true> <Delay = 1.42> <CoreInst = "Cmp">   --->   Core 9 'Cmp' <Latency = 0> <II = 1> <Delay = 1.42> <FuncUnit> <Opcode : 'icmp'> <InPorts = 2> <OutPorts = 1>
ST_3 : Operation 35 [1/1] (0.00ns) (grouped into LUT with out node index_1)   --->   "%xor_ln92 = xor i1 %tmp, i1 1" [firmware/nnet_utils/nnet_activation_stream.h:92]   --->   Operation 35 'xor' 'xor_ln92' <Predicate = true> <Delay = 0.00> <CoreInst = "LogicGate">   --->   Core 74 'LogicGate' <Latency = 0> <II = 1> <Delay = 0.33> <FuncUnit> <Opcode : 'and' 'or' 'xor'> <InPorts = 2> <OutPorts = 1>
ST_3 : Operation 36 [1/1] (0.00ns) (grouped into LUT with out node index_1)   --->   "%select_ln92 = select i1 %xor_ln92, i10 1023, i10 0" [firmware/nnet_utils/nnet_activation_stream.h:92]   --->   Operation 36 'select' 'select_ln92' <Predicate = true> <Delay = 0.00> <CoreInst = "Sel">   --->   Core 73 'Sel' <Latency = 0> <II = 1> <Delay = 0.41> <FuncUnit> <Opcode : 'select'> <InPorts = 3> <OutPorts = 1>
ST_3 : Operation 37 [1/1] (0.00ns) (grouped into LUT with out node index_1)   --->   "%or_ln92 = or i1 %tmp, i1 %icmp_ln94" [firmware/nnet_utils/nnet_activation_stream.h:92]   --->   Operation 37 'or' 'or_ln92' <Predicate = true> <Delay = 0.00> <CoreInst = "LogicGate">   --->   Core 74 'LogicGate' <Latency = 0> <II = 1> <Delay = 0.33> <FuncUnit> <Opcode : 'and' 'or' 'xor'> <InPorts = 2> <OutPorts = 1>
ST_3 : Operation 38 [1/1] (0.41ns) (out node of the LUT)   --->   "%index_1 = select i1 %or_ln92, i10 %select_ln92, i10 %trunc_ln91" [firmware/nnet_utils/nnet_activation_stream.h:92]   --->   Operation 38 'select' 'index_1' <Predicate = true> <Delay = 0.41> <CoreInst = "Sel">   --->   Core 73 'Sel' <Latency = 0> <II = 1> <Delay = 0.30> <FuncUnit> <Opcode : 'select'> <InPorts = 3> <OutPorts = 1>

State 4 <SV = 3> <Delay = 1.77>
ST_4 : Operation 39 [1/1] (0.00ns)   --->   "%zext_ln96 = zext i10 %index_1" [firmware/nnet_utils/nnet_activation_stream.h:96]   --->   Operation 39 'zext' 'zext_ln96' <Predicate = true> <Delay = 0.00>
ST_4 : Operation 40 [1/1] (0.00ns)   --->   "%sigmoid_table_addr = getelementptr i10 %sigmoid_table, i64 0, i64 %zext_ln96" [firmware/nnet_utils/nnet_activation_stream.h:96]   --->   Operation 40 'getelementptr' 'sigmoid_table_addr' <Predicate = true> <Delay = 0.00>
ST_4 : Operation 41 [2/2] (1.77ns)   --->   "%sigmoid_table_load = load i10 %sigmoid_table_addr" [firmware/nnet_utils/nnet_activation_stream.h:96]   --->   Operation 41 'load' 'sigmoid_table_load' <Predicate = true> <Delay = 1.77> <CoreInst = "ROM">   --->   Core 101 'ROM' <Latency = 1> <II = 1> <Delay = 1.77> <Storage> <Opcode : 'load'> <Ports = 0> <Width = 10> <Depth = 1024> <ROM>

State 5 <SV = 4> <Delay = 2.77>
ST_5 : Operation 42 [1/2] (1.77ns)   --->   "%sigmoid_table_load = load i10 %sigmoid_table_addr" [firmware/nnet_utils/nnet_activation_stream.h:96]   --->   Operation 42 'load' 'sigmoid_table_load' <Predicate = true> <Delay = 1.77> <CoreInst = "ROM">   --->   Core 101 'ROM' <Latency = 1> <II = 1> <Delay = 1.77> <Storage> <Opcode : 'load'> <Ports = 0> <Width = 10> <Depth = 1024> <ROM>
ST_5 : Operation 43 [1/1] (0.00ns)   --->   "%zext_ln96_1 = zext i10 %sigmoid_table_load" [firmware/nnet_utils/nnet_activation_stream.h:96]   --->   Operation 43 'zext' 'zext_ln96_1' <Predicate = true> <Delay = 0.00>
ST_5 : Operation 44 [2/2] (1.00ns)   --->   "%write_ln99 = write void @_ssdm_op_Write.axis.volatile.i16P128A, i16 %layer12_out, i16 %zext_ln96_1" [firmware/nnet_utils/nnet_activation_stream.h:99]   --->   Operation 44 'write' 'write_ln99' <Predicate = true> <Delay = 1.00> <CoreInst = "axis">   --->   Core 123 'axis' <Latency = 0> <II = 1> <Delay = 1.00> <Adapter> <Opcode : >
ST_5 : Operation 50 [1/1] (0.00ns)   --->   "%ret_ln101 = ret" [firmware/nnet_utils/nnet_activation_stream.h:101]   --->   Operation 50 'ret' 'ret_ln101' <Predicate = (icmp_ln80)> <Delay = 0.00>

State 6 <SV = 5> <Delay = 1.00>
ST_6 : Operation 45 [1/1] (0.00ns)   --->   "%specpipeline_ln81 = specpipeline void @_ssdm_op_SpecPipeline, i32 4294967295, i32 0, i32 0, i32 0, void @empty_2" [firmware/nnet_utils/nnet_activation_stream.h:81]   --->   Operation 45 'specpipeline' 'specpipeline_ln81' <Predicate = true> <Delay = 0.00>
ST_6 : Operation 46 [1/1] (0.00ns)   --->   "%speclooptripcount_ln80 = speclooptripcount void @_ssdm_op_SpecLoopTripCount, i64 1024, i64 1024, i64 1024" [firmware/nnet_utils/nnet_activation_stream.h:80]   --->   Operation 46 'speclooptripcount' 'speclooptripcount_ln80' <Predicate = true> <Delay = 0.00>
ST_6 : Operation 47 [1/1] (0.00ns)   --->   "%specloopname_ln80 = specloopname void @_ssdm_op_SpecLoopName, void @empty_8" [firmware/nnet_utils/nnet_activation_stream.h:80]   --->   Operation 47 'specloopname' 'specloopname_ln80' <Predicate = true> <Delay = 0.00>
ST_6 : Operation 48 [1/2] (1.00ns)   --->   "%write_ln99 = write void @_ssdm_op_Write.axis.volatile.i16P128A, i16 %layer12_out, i16 %zext_ln96_1" [firmware/nnet_utils/nnet_activation_stream.h:99]   --->   Operation 48 'write' 'write_ln99' <Predicate = true> <Delay = 1.00> <CoreInst = "axis">   --->   Core 123 'axis' <Latency = 0> <II = 1> <Delay = 1.00> <Adapter> <Opcode : >
ST_6 : Operation 49 [1/1] (0.00ns)   --->   "%br_ln80 = br void %SigmoidPackLoop" [firmware/nnet_utils/nnet_activation_stream.h:80]   --->   Operation 49 'br' 'br_ln80' <Predicate = true> <Delay = 0.00>


============================================================
+ Verbose Summary: Binding
============================================================
STG Binding: 
---------------- STG Properties BEGIN ----------------
- Is combinational: 0
- Is one-state seq: 0
- Is datapath-only: 0
- Is pipelined: 0
- Is top level: 0
Port [ Return ] is wired: 1; IO mode=ap_ctrl_hs:ce=0
Port [ layer11_out]:  wired=1; compound=1; hidden=0; nouse=0; global=0; static=0; extern=0; dir=0; type=3; pingpong=0; private_global=0; IO mode=ap_fifo:ce=0
Port [ layer12_out]:  wired=1; compound=1; hidden=0; nouse=0; global=0; static=0; extern=0; dir=1; type=0; pingpong=0; private_global=0; IO mode=axis:ce=0
Port [ sigmoid_table]:  wired=0; compound=1; hidden=1; nouse=0; global=1; static=1; extern=0; dir=0; type=1; pingpong=0; private_global=1; MemPort=[1]; IO mode=ap_memory:ce=0
---------------- STG Properties END ------------------

---------------- Datapath Model BEGIN ----------------

<LifeTime>
<method=bitvector/>
i                      (alloca           ) [ 0100000]
specinterface_ln0      (specinterface    ) [ 0000000]
specinterface_ln0      (specinterface    ) [ 0000000]
store_ln80             (store            ) [ 0000000]
br_ln80                (br               ) [ 0000000]
i_7                    (load             ) [ 0000000]
icmp_ln80              (icmp             ) [ 0111110]
i_8                    (add              ) [ 0000000]
br_ln80                (br               ) [ 0000000]
store_ln80             (store            ) [ 0000000]
layer11_out_read       (read             ) [ 0000000]
shl_ln                 (bitconcatenate   ) [ 0000000]
tmp_1                  (partselect       ) [ 0000000]
sext_ln90              (sext             ) [ 0101000]
icmp_ln90              (icmp             ) [ 0101000]
trunc_ln90             (trunc            ) [ 0000000]
tmp_s                  (bitconcatenate   ) [ 0000000]
icmp_ln90_1            (icmp             ) [ 0101000]
add_ln90               (add              ) [ 0101000]
select_ln90            (select           ) [ 0000000]
data_round             (select           ) [ 0000000]
index                  (add              ) [ 0000000]
trunc_ln91             (trunc            ) [ 0000000]
tmp                    (bitselect        ) [ 0000000]
tmp_2                  (partselect       ) [ 0000000]
icmp_ln94              (icmp             ) [ 0000000]
xor_ln92               (xor              ) [ 0000000]
select_ln92            (select           ) [ 0000000]
or_ln92                (or               ) [ 0000000]
index_1                (select           ) [ 0100100]
zext_ln96              (zext             ) [ 0000000]
sigmoid_table_addr     (getelementptr    ) [ 0100010]
sigmoid_table_load     (load             ) [ 0000000]
zext_ln96_1            (zext             ) [ 0100001]
specpipeline_ln81      (specpipeline     ) [ 0000000]
speclooptripcount_ln80 (speclooptripcount) [ 0000000]
specloopname_ln80      (specloopname     ) [ 0000000]
write_ln99             (write            ) [ 0000000]
br_ln80                (br               ) [ 0000000]
ret_ln101              (ret              ) [ 0000000]
</LifeTime>

<model>

<comp_list>
<comp id="0" class="1000" name="layer11_out">
<pin_list>
<pin id="1" dir="1" index="0" bw="1" slack="0"/>
</pin_list>
<bind>
<StgValue><ssdm name="layer11_out"/></StgValue>
</bind>
</comp>

<comp id="2" class="1000" name="layer12_out">
<pin_list>
<pin id="3" dir="1" index="0" bw="1" slack="0"/>
</pin_list>
<bind>
<StgValue><ssdm name="layer12_out"/></StgValue>
</bind>
</comp>

<comp id="4" class="1000" name="sigmoid_table">
<pin_list>
<pin id="5" dir="1" index="0" bw="1" slack="0"/>
</pin_list>
<bind>
<StgValue><ssdm name="sigmoid_table"/><MemPortTyVec>1 </MemPortTyVec>
</StgValue>
</bind>
</comp>

<comp id="6" class="1001" name="const_6">
<pin_list>
<pin id="7" dir="1" index="0" bw="1" slack="0"/>
</pin_list>
<bind>
<StgValue><ssdm name=""/></StgValue>
</bind>
</comp>

<comp id="8" class="1001" name="const_8">
<pin_list>
<pin id="9" dir="1" index="0" bw="1" slack="2147483647"/>
</pin_list>
<bind>
<StgValue><ssdm name="_ssdm_op_SpecInterface"/></StgValue>
</bind>
</comp>

<comp id="10" class="1001" name="const_10">
<pin_list>
<pin id="11" dir="1" index="0" bw="1" slack="2147483647"/>
</pin_list>
<bind>
<StgValue><ssdm name="empty_3"/></StgValue>
</bind>
</comp>

<comp id="12" class="1001" name="const_12">
<pin_list>
<pin id="13" dir="1" index="0" bw="1" slack="2147483647"/>
</pin_list>
<bind>
<StgValue><ssdm name=""/></StgValue>
</bind>
</comp>

<comp id="14" class="1001" name="const_14">
<pin_list>
<pin id="15" dir="1" index="0" bw="1" slack="2147483647"/>
</pin_list>
<bind>
<StgValue><ssdm name="empty_2"/></StgValue>
</bind>
</comp>

<comp id="16" class="1001" name="const_16">
<pin_list>
<pin id="17" dir="1" index="0" bw="1" slack="2147483647"/>
</pin_list>
<bind>
<StgValue><ssdm name=""/></StgValue>
</bind>
</comp>

<comp id="18" class="1001" name="const_18">
<pin_list>
<pin id="19" dir="1" index="0" bw="1" slack="2147483647"/>
</pin_list>
<bind>
<StgValue><ssdm name="empty_9"/></StgValue>
</bind>
</comp>

<comp id="20" class="1001" name="const_20">
<pin_list>
<pin id="21" dir="1" index="0" bw="1" slack="2147483647"/>
</pin_list>
<bind>
<StgValue><ssdm name="empty_1"/></StgValue>
</bind>
</comp>

<comp id="22" class="1001" name="const_22">
<pin_list>
<pin id="23" dir="1" index="0" bw="1" slack="0"/>
</pin_list>
<bind>
<StgValue><ssdm name=""/></StgValue>
</bind>
</comp>

<comp id="24" class="1001" name="const_24">
<pin_list>
<pin id="25" dir="1" index="0" bw="1" slack="0"/>
</pin_list>
<bind>
<StgValue><ssdm name=""/></StgValue>
</bind>
</comp>

<comp id="26" class="1001" name="const_26">
<pin_list>
<pin id="27" dir="1" index="0" bw="1" slack="0"/>
</pin_list>
<bind>
<StgValue><ssdm name=""/></StgValue>
</bind>
</comp>

<comp id="28" class="1001" name="const_28">
<pin_list>
<pin id="29" dir="1" index="0" bw="1" slack="0"/>
</pin_list>
<bind>
<StgValue><ssdm name="_ssdm_op_Read.ap_fifo.volatile.i41P0A"/></StgValue>
</bind>
</comp>

<comp id="30" class="1001" name="const_30">
<pin_list>
<pin id="31" dir="1" index="0" bw="1" slack="0"/>
</pin_list>
<bind>
<StgValue><ssdm name="_ssdm_op_BitConcatenate.i51.i41.i10"/></StgValue>
</bind>
</comp>

<comp id="32" class="1001" name="const_32">
<pin_list>
<pin id="33" dir="1" index="0" bw="1" slack="0"/>
</pin_list>
<bind>
<StgValue><ssdm name=""/></StgValue>
</bind>
</comp>

<comp id="34" class="1001" name="const_34">
<pin_list>
<pin id="35" dir="1" index="0" bw="1" slack="0"/>
</pin_list>
<bind>
<StgValue><ssdm name="_ssdm_op_PartSelect.i27.i41.i32.i32"/></StgValue>
</bind>
</comp>

<comp id="36" class="1001" name="const_36">
<pin_list>
<pin id="37" dir="1" index="0" bw="1" slack="0"/>
</pin_list>
<bind>
<StgValue><ssdm name=""/></StgValue>
</bind>
</comp>

<comp id="38" class="1001" name="const_38">
<pin_list>
<pin id="39" dir="1" index="0" bw="1" slack="0"/>
</pin_list>
<bind>
<StgValue><ssdm name=""/></StgValue>
</bind>
</comp>

<comp id="40" class="1001" name="const_40">
<pin_list>
<pin id="41" dir="1" index="0" bw="1" slack="0"/>
</pin_list>
<bind>
<StgValue><ssdm name=""/></StgValue>
</bind>
</comp>

<comp id="42" class="1001" name="const_42">
<pin_list>
<pin id="43" dir="1" index="0" bw="1" slack="0"/>
</pin_list>
<bind>
<StgValue><ssdm name="_ssdm_op_BitConcatenate.i20.i14.i6"/></StgValue>
</bind>
</comp>

<comp id="44" class="1001" name="const_44">
<pin_list>
<pin id="45" dir="1" index="0" bw="1" slack="0"/>
</pin_list>
<bind>
<StgValue><ssdm name=""/></StgValue>
</bind>
</comp>

<comp id="46" class="1001" name="const_46">
<pin_list>
<pin id="47" dir="1" index="0" bw="1" slack="0"/>
</pin_list>
<bind>
<StgValue><ssdm name=""/></StgValue>
</bind>
</comp>

<comp id="48" class="1001" name="const_48">
<pin_list>
<pin id="49" dir="1" index="0" bw="1" slack="0"/>
</pin_list>
<bind>
<StgValue><ssdm name=""/></StgValue>
</bind>
</comp>

<comp id="50" class="1001" name="const_50">
<pin_list>
<pin id="51" dir="1" index="0" bw="1" slack="0"/>
</pin_list>
<bind>
<StgValue><ssdm name=""/></StgValue>
</bind>
</comp>

<comp id="52" class="1001" name="const_52">
<pin_list>
<pin id="53" dir="1" index="0" bw="1" slack="0"/>
</pin_list>
<bind>
<StgValue><ssdm name="_ssdm_op_BitSelect.i1.i28.i32"/></StgValue>
</bind>
</comp>

<comp id="54" class="1001" name="const_54">
<pin_list>
<pin id="55" dir="1" index="0" bw="1" slack="0"/>
</pin_list>
<bind>
<StgValue><ssdm name=""/></StgValue>
</bind>
</comp>

<comp id="56" class="1001" name="const_56">
<pin_list>
<pin id="57" dir="1" index="0" bw="1" slack="0"/>
</pin_list>
<bind>
<StgValue><ssdm name="_ssdm_op_PartSelect.i18.i28.i32.i32"/></StgValue>
</bind>
</comp>

<comp id="58" class="1001" name="const_58">
<pin_list>
<pin id="59" dir="1" index="0" bw="1" slack="0"/>
</pin_list>
<bind>
<StgValue><ssdm name=""/></StgValue>
</bind>
</comp>

<comp id="60" class="1001" name="const_60">
<pin_list>
<pin id="61" dir="1" index="0" bw="1" slack="0"/>
</pin_list>
<bind>
<StgValue><ssdm name=""/></StgValue>
</bind>
</comp>

<comp id="62" class="1001" name="const_62">
<pin_list>
<pin id="63" dir="1" index="0" bw="1" slack="0"/>
</pin_list>
<bind>
<StgValue><ssdm name=""/></StgValue>
</bind>
</comp>

<comp id="64" class="1001" name="const_64">
<pin_list>
<pin id="65" dir="1" index="0" bw="1" slack="0"/>
</pin_list>
<bind>
<StgValue><ssdm name=""/></StgValue>
</bind>
</comp>

<comp id="66" class="1001" name="const_66">
<pin_list>
<pin id="67" dir="1" index="0" bw="1" slack="0"/>
</pin_list>
<bind>
<StgValue><ssdm name=""/></StgValue>
</bind>
</comp>

<comp id="68" class="1001" name="const_68">
<pin_list>
<pin id="69" dir="1" index="0" bw="1" slack="0"/>
</pin_list>
<bind>
<StgValue><ssdm name="_ssdm_op_Write.axis.volatile.i16P128A"/></StgValue>
</bind>
</comp>

<comp id="70" class="1001" name="const_70">
<pin_list>
<pin id="71" dir="1" index="0" bw="1" slack="2147483647"/>
</pin_list>
<bind>
<StgValue><ssdm name="_ssdm_op_SpecPipeline"/></StgValue>
</bind>
</comp>

<comp id="72" class="1001" name="const_72">
<pin_list>
<pin id="73" dir="1" index="0" bw="1" slack="2147483647"/>
</pin_list>
<bind>
<StgValue><ssdm name="_ssdm_op_SpecLoopTripCount"/></StgValue>
</bind>
</comp>

<comp id="74" class="1001" name="const_74">
<pin_list>
<pin id="75" dir="1" index="0" bw="1" slack="2147483647"/>
</pin_list>
<bind>
<StgValue><ssdm name=""/></StgValue>
</bind>
</comp>

<comp id="76" class="1001" name="const_76">
<pin_list>
<pin id="77" dir="1" index="0" bw="1" slack="2147483647"/>
</pin_list>
<bind>
<StgValue><ssdm name="_ssdm_op_SpecLoopName"/></StgValue>
</bind>
</comp>

<comp id="78" class="1001" name="const_78">
<pin_list>
<pin id="79" dir="1" index="0" bw="1" slack="2147483647"/>
</pin_list>
<bind>
<StgValue><ssdm name="empty_8"/></StgValue>
</bind>
</comp>

<comp id="80" class="1004" name="i_fu_80">
<pin_list>
<pin id="81" dir="0" index="0" bw="1" slack="0"/>
<pin id="82" dir="1" index="1" bw="11" slack="0"/>
</pin_list>
<bind>
<opcode="alloca(26) " fcode="alloca"/>
<opset="i/1 "/>
</bind>
</comp>

<comp id="84" class="1004" name="layer11_out_read_read_fu_84">
<pin_list>
<pin id="85" dir="0" index="0" bw="41" slack="0"/>
<pin id="86" dir="0" index="1" bw="41" slack="0"/>
<pin id="87" dir="1" index="2" bw="41" slack="0"/>
</pin_list>
<bind>
<opcode="read(1150) " fcode="read"/>
<opset="layer11_out_read/2 "/>
</bind>
</comp>

<comp id="90" class="1004" name="grp_write_fu_90">
<pin_list>
<pin id="91" dir="0" index="0" bw="0" slack="0"/>
<pin id="92" dir="0" index="1" bw="16" slack="0"/>
<pin id="93" dir="0" index="2" bw="10" slack="0"/>
<pin id="94" dir="1" index="3" bw="0" slack="2147483647"/>
</pin_list>
<bind>
<opcode="write(1151) " fcode="write"/>
<opset="write_ln99/5 "/>
</bind>
</comp>

<comp id="97" class="1004" name="sigmoid_table_addr_gep_fu_97">
<pin_list>
<pin id="98" dir="0" index="0" bw="10" slack="0"/>
<pin id="99" dir="0" index="1" bw="1" slack="0"/>
<pin id="100" dir="0" index="2" bw="10" slack="0"/>
<pin id="101" dir="1" index="3" bw="10" slack="0"/>
</pin_list>
<bind>
<opcode="getelementptr(29) " fcode="getelementptr"/>
<opset="sigmoid_table_addr/4 "/>
</bind>
</comp>

<comp id="104" class="1004" name="grp_access_fu_104">
<pin_list>
<pin id="105" dir="0" index="0" bw="10" slack="0"/>
<pin id="106" dir="0" index="1" bw="10" slack="2147483647"/>
<pin id="107" dir="0" index="2" bw="0" slack="2147483647"/>
<pin id="108" dir="1" index="3" bw="10" slack="0"/>
</pin_list>
<bind>
<opcode="load(27) " fcode="load"/>
<opset="sigmoid_table_load/4 "/>
</bind>
</comp>

<comp id="110" class="1004" name="store_ln80_store_fu_110">
<pin_list>
<pin id="111" dir="0" index="0" bw="1" slack="0"/>
<pin id="112" dir="0" index="1" bw="11" slack="0"/>
<pin id="113" dir="1" index="2" bw="0" slack="2147483647"/>
</pin_list>
<bind>
<opcode="store(28) " fcode="store"/>
<opset="store_ln80/1 "/>
</bind>
</comp>

<comp id="115" class="1004" name="i_7_load_fu_115">
<pin_list>
<pin id="116" dir="0" index="0" bw="11" slack="0"/>
<pin id="117" dir="1" index="1" bw="11" slack="0"/>
</pin_list>
<bind>
<opcode="load(27) " fcode="load"/>
<opset="i_7/1 "/>
</bind>
</comp>

<comp id="118" class="1004" name="icmp_ln80_fu_118">
<pin_list>
<pin id="119" dir="0" index="0" bw="11" slack="0"/>
<pin id="120" dir="0" index="1" bw="11" slack="0"/>
<pin id="121" dir="1" index="2" bw="1" slack="4"/>
</pin_list>
<bind>
<opcode="icmp(45) " fcode="icmp"/>
<opset="icmp_ln80/1 "/>
</bind>
</comp>

<comp id="124" class="1004" name="i_8_fu_124">
<pin_list>
<pin id="125" dir="0" index="0" bw="11" slack="0"/>
<pin id="126" dir="0" index="1" bw="1" slack="0"/>
<pin id="127" dir="1" index="2" bw="11" slack="0"/>
</pin_list>
<bind>
<opcode="add(8) " fcode="add"/>
<opset="i_8/1 "/>
</bind>
</comp>

<comp id="130" class="1004" name="store_ln80_store_fu_130">
<pin_list>
<pin id="131" dir="0" index="0" bw="11" slack="0"/>
<pin id="132" dir="0" index="1" bw="11" slack="0"/>
<pin id="133" dir="1" index="2" bw="0" slack="2147483647"/>
</pin_list>
<bind>
<opcode="store(28) " fcode="store"/>
<opset="store_ln80/1 "/>
</bind>
</comp>

<comp id="135" class="1004" name="shl_ln_fu_135">
<pin_list>
<pin id="136" dir="0" index="0" bw="51" slack="0"/>
<pin id="137" dir="0" index="1" bw="41" slack="0"/>
<pin id="138" dir="0" index="2" bw="1" slack="0"/>
<pin id="139" dir="1" index="3" bw="51" slack="0"/>
</pin_list>
<bind>
<opcode="bitconcatenate(1004) " fcode="bitconcatenate"/>
<opset="shl_ln/2 "/>
</bind>
</comp>

<comp id="143" class="1004" name="tmp_1_fu_143">
<pin_list>
<pin id="144" dir="0" index="0" bw="27" slack="0"/>
<pin id="145" dir="0" index="1" bw="41" slack="0"/>
<pin id="146" dir="0" index="2" bw="5" slack="0"/>
<pin id="147" dir="0" index="3" bw="7" slack="0"/>
<pin id="148" dir="1" index="4" bw="27" slack="0"/>
</pin_list>
<bind>
<opcode="partselect(1002) " fcode="partselect"/>
<opset="tmp_1/2 "/>
</bind>
</comp>

<comp id="153" class="1004" name="sext_ln90_fu_153">
<pin_list>
<pin id="154" dir="0" index="0" bw="27" slack="0"/>
<pin id="155" dir="1" index="1" bw="28" slack="0"/>
</pin_list>
<bind>
<opcode="sext(35) " fcode="sext"/>
<opset="sext_ln90/2 "/>
</bind>
</comp>

<comp id="157" class="1004" name="icmp_ln90_fu_157">
<pin_list>
<pin id="158" dir="0" index="0" bw="51" slack="0"/>
<pin id="159" dir="0" index="1" bw="51" slack="0"/>
<pin id="160" dir="1" index="2" bw="1" slack="1"/>
</pin_list>
<bind>
<opcode="icmp(45) " fcode="icmp"/>
<opset="icmp_ln90/2 "/>
</bind>
</comp>

<comp id="163" class="1004" name="trunc_ln90_fu_163">
<pin_list>
<pin id="164" dir="0" index="0" bw="41" slack="0"/>
<pin id="165" dir="1" index="1" bw="14" slack="0"/>
</pin_list>
<bind>
<opcode="trunc(33) " fcode="trunc"/>
<opset="trunc_ln90/2 "/>
</bind>
</comp>

<comp id="167" class="1004" name="tmp_s_fu_167">
<pin_list>
<pin id="168" dir="0" index="0" bw="20" slack="0"/>
<pin id="169" dir="0" index="1" bw="14" slack="0"/>
<pin id="170" dir="0" index="2" bw="1" slack="0"/>
<pin id="171" dir="1" index="3" bw="20" slack="0"/>
</pin_list>
<bind>
<opcode="bitconcatenate(1004) " fcode="bitconcatenate"/>
<opset="tmp_s/2 "/>
</bind>
</comp>

<comp id="175" class="1004" name="icmp_ln90_1_fu_175">
<pin_list>
<pin id="176" dir="0" index="0" bw="20" slack="0"/>
<pin id="177" dir="0" index="1" bw="20" slack="0"/>
<pin id="178" dir="1" index="2" bw="1" slack="1"/>
</pin_list>
<bind>
<opcode="icmp(45) " fcode="icmp"/>
<opset="icmp_ln90_1/2 "/>
</bind>
</comp>

<comp id="181" class="1004" name="add_ln90_fu_181">
<pin_list>
<pin id="182" dir="0" index="0" bw="27" slack="0"/>
<pin id="183" dir="0" index="1" bw="1" slack="0"/>
<pin id="184" dir="1" index="2" bw="28" slack="1"/>
</pin_list>
<bind>
<opcode="add(8) " fcode="add"/>
<opset="add_ln90/2 "/>
</bind>
</comp>

<comp id="187" class="1004" name="select_ln90_fu_187">
<pin_list>
<pin id="188" dir="0" index="0" bw="1" slack="1"/>
<pin id="189" dir="0" index="1" bw="28" slack="1"/>
<pin id="190" dir="0" index="2" bw="28" slack="1"/>
<pin id="191" dir="1" index="3" bw="28" slack="0"/>
</pin_list>
<bind>
<opcode="select(49) " fcode="select"/>
<opset="select_ln90/3 "/>
</bind>
</comp>

<comp id="192" class="1004" name="data_round_fu_192">
<pin_list>
<pin id="193" dir="0" index="0" bw="1" slack="1"/>
<pin id="194" dir="0" index="1" bw="28" slack="0"/>
<pin id="195" dir="0" index="2" bw="28" slack="1"/>
<pin id="196" dir="1" index="3" bw="28" slack="0"/>
</pin_list>
<bind>
<opcode="select(49) " fcode="select"/>
<opset="data_round/3 "/>
</bind>
</comp>

<comp id="198" class="1004" name="index_fu_198">
<pin_list>
<pin id="199" dir="0" index="0" bw="28" slack="0"/>
<pin id="200" dir="0" index="1" bw="11" slack="0"/>
<pin id="201" dir="1" index="2" bw="28" slack="0"/>
</pin_list>
<bind>
<opcode="add(8) " fcode="add"/>
<opset="index/3 "/>
</bind>
</comp>

<comp id="204" class="1004" name="trunc_ln91_fu_204">
<pin_list>
<pin id="205" dir="0" index="0" bw="28" slack="0"/>
<pin id="206" dir="1" index="1" bw="10" slack="0"/>
</pin_list>
<bind>
<opcode="trunc(33) " fcode="trunc"/>
<opset="trunc_ln91/3 "/>
</bind>
</comp>

<comp id="208" class="1004" name="tmp_fu_208">
<pin_list>
<pin id="209" dir="0" index="0" bw="1" slack="0"/>
<pin id="210" dir="0" index="1" bw="28" slack="0"/>
<pin id="211" dir="0" index="2" bw="6" slack="0"/>
<pin id="212" dir="1" index="3" bw="1" slack="0"/>
</pin_list>
<bind>
<opcode="bitselect(1000) " fcode="bitselect"/>
<opset="tmp/3 "/>
</bind>
</comp>

<comp id="216" class="1004" name="tmp_2_fu_216">
<pin_list>
<pin id="217" dir="0" index="0" bw="18" slack="0"/>
<pin id="218" dir="0" index="1" bw="28" slack="0"/>
<pin id="219" dir="0" index="2" bw="5" slack="0"/>
<pin id="220" dir="0" index="3" bw="6" slack="0"/>
<pin id="221" dir="1" index="4" bw="18" slack="0"/>
</pin_list>
<bind>
<opcode="partselect(1002) " fcode="partselect"/>
<opset="tmp_2/3 "/>
</bind>
</comp>

<comp id="226" class="1004" name="icmp_ln94_fu_226">
<pin_list>
<pin id="227" dir="0" index="0" bw="18" slack="0"/>
<pin id="228" dir="0" index="1" bw="18" slack="0"/>
<pin id="229" dir="1" index="2" bw="1" slack="0"/>
</pin_list>
<bind>
<opcode="icmp(45) " fcode="icmp"/>
<opset="icmp_ln94/3 "/>
</bind>
</comp>

<comp id="232" class="1004" name="xor_ln92_fu_232">
<pin_list>
<pin id="233" dir="0" index="0" bw="1" slack="0"/>
<pin id="234" dir="0" index="1" bw="1" slack="0"/>
<pin id="235" dir="1" index="2" bw="1" slack="0"/>
</pin_list>
<bind>
<opcode="xor(25) " fcode="xor"/>
<opset="xor_ln92/3 "/>
</bind>
</comp>

<comp id="238" class="1004" name="select_ln92_fu_238">
<pin_list>
<pin id="239" dir="0" index="0" bw="1" slack="0"/>
<pin id="240" dir="0" index="1" bw="10" slack="0"/>
<pin id="241" dir="0" index="2" bw="10" slack="0"/>
<pin id="242" dir="1" index="3" bw="10" slack="0"/>
</pin_list>
<bind>
<opcode="select(49) " fcode="select"/>
<opset="select_ln92/3 "/>
</bind>
</comp>

<comp id="246" class="1004" name="or_ln92_fu_246">
<pin_list>
<pin id="247" dir="0" index="0" bw="1" slack="0"/>
<pin id="248" dir="0" index="1" bw="1" slack="0"/>
<pin id="249" dir="1" index="2" bw="1" slack="0"/>
</pin_list>
<bind>
<opcode="or(24) " fcode="or"/>
<opset="or_ln92/3 "/>
</bind>
</comp>

<comp id="252" class="1004" name="index_1_fu_252">
<pin_list>
<pin id="253" dir="0" index="0" bw="1" slack="0"/>
<pin id="254" dir="0" index="1" bw="10" slack="0"/>
<pin id="255" dir="0" index="2" bw="10" slack="0"/>
<pin id="256" dir="1" index="3" bw="10" slack="1"/>
</pin_list>
<bind>
<opcode="select(49) " fcode="select"/>
<opset="index_1/3 "/>
</bind>
</comp>

<comp id="260" class="1004" name="zext_ln96_fu_260">
<pin_list>
<pin id="261" dir="0" index="0" bw="10" slack="1"/>
<pin id="262" dir="1" index="1" bw="64" slack="0"/>
</pin_list>
<bind>
<opcode="zext(34) " fcode="zext"/>
<opset="zext_ln96/4 "/>
</bind>
</comp>

<comp id="264" class="1004" name="zext_ln96_1_fu_264">
<pin_list>
<pin id="265" dir="0" index="0" bw="10" slack="0"/>
<pin id="266" dir="1" index="1" bw="16" slack="0"/>
</pin_list>
<bind>
<opcode="zext(34) " fcode="zext"/>
<opset="zext_ln96_1/5 "/>
</bind>
</comp>

<comp id="269" class="1005" name="i_reg_269">
<pin_list>
<pin id="270" dir="0" index="0" bw="11" slack="0"/>
<pin id="271" dir="1" index="1" bw="11" slack="0"/>
</pin_list>
<bind>
<opset="i "/>
</bind>
</comp>

<comp id="276" class="1005" name="icmp_ln80_reg_276">
<pin_list>
<pin id="277" dir="0" index="0" bw="1" slack="4"/>
<pin id="278" dir="1" index="1" bw="1" slack="2147483647"/>
</pin_list>
<bind>
<opset="icmp_ln80 "/>
</bind>
</comp>

<comp id="280" class="1005" name="sext_ln90_reg_280">
<pin_list>
<pin id="281" dir="0" index="0" bw="28" slack="1"/>
<pin id="282" dir="1" index="1" bw="28" slack="1"/>
</pin_list>
<bind>
<opset="sext_ln90 "/>
</bind>
</comp>

<comp id="286" class="1005" name="icmp_ln90_reg_286">
<pin_list>
<pin id="287" dir="0" index="0" bw="1" slack="1"/>
<pin id="288" dir="1" index="1" bw="1" slack="1"/>
</pin_list>
<bind>
<opset="icmp_ln90 "/>
</bind>
</comp>

<comp id="291" class="1005" name="icmp_ln90_1_reg_291">
<pin_list>
<pin id="292" dir="0" index="0" bw="1" slack="1"/>
<pin id="293" dir="1" index="1" bw="1" slack="1"/>
</pin_list>
<bind>
<opset="icmp_ln90_1 "/>
</bind>
</comp>

<comp id="296" class="1005" name="add_ln90_reg_296">
<pin_list>
<pin id="297" dir="0" index="0" bw="28" slack="1"/>
<pin id="298" dir="1" index="1" bw="28" slack="1"/>
</pin_list>
<bind>
<opset="add_ln90 "/>
</bind>
</comp>

<comp id="301" class="1005" name="index_1_reg_301">
<pin_list>
<pin id="302" dir="0" index="0" bw="10" slack="1"/>
<pin id="303" dir="1" index="1" bw="10" slack="1"/>
</pin_list>
<bind>
<opset="index_1 "/>
</bind>
</comp>

<comp id="306" class="1005" name="sigmoid_table_addr_reg_306">
<pin_list>
<pin id="307" dir="0" index="0" bw="10" slack="1"/>
<pin id="308" dir="1" index="1" bw="10" slack="1"/>
</pin_list>
<bind>
<opset="sigmoid_table_addr "/>
</bind>
</comp>

<comp id="311" class="1005" name="zext_ln96_1_reg_311">
<pin_list>
<pin id="312" dir="0" index="0" bw="16" slack="1"/>
<pin id="313" dir="1" index="1" bw="16" slack="1"/>
</pin_list>
<bind>
<opset="zext_ln96_1 "/>
</bind>
</comp>

</comp_list>

<net_list>
<net id="83"><net_src comp="6" pin="0"/><net_sink comp="80" pin=0"/></net>

<net id="88"><net_src comp="28" pin="0"/><net_sink comp="84" pin=0"/></net>

<net id="89"><net_src comp="0" pin="0"/><net_sink comp="84" pin=1"/></net>

<net id="95"><net_src comp="68" pin="0"/><net_sink comp="90" pin=0"/></net>

<net id="96"><net_src comp="2" pin="0"/><net_sink comp="90" pin=1"/></net>

<net id="102"><net_src comp="4" pin="0"/><net_sink comp="97" pin=0"/></net>

<net id="103"><net_src comp="66" pin="0"/><net_sink comp="97" pin=1"/></net>

<net id="109"><net_src comp="97" pin="3"/><net_sink comp="104" pin=0"/></net>

<net id="114"><net_src comp="22" pin="0"/><net_sink comp="110" pin=0"/></net>

<net id="122"><net_src comp="115" pin="1"/><net_sink comp="118" pin=0"/></net>

<net id="123"><net_src comp="24" pin="0"/><net_sink comp="118" pin=1"/></net>

<net id="128"><net_src comp="115" pin="1"/><net_sink comp="124" pin=0"/></net>

<net id="129"><net_src comp="26" pin="0"/><net_sink comp="124" pin=1"/></net>

<net id="134"><net_src comp="124" pin="2"/><net_sink comp="130" pin=0"/></net>

<net id="140"><net_src comp="30" pin="0"/><net_sink comp="135" pin=0"/></net>

<net id="141"><net_src comp="84" pin="2"/><net_sink comp="135" pin=1"/></net>

<net id="142"><net_src comp="32" pin="0"/><net_sink comp="135" pin=2"/></net>

<net id="149"><net_src comp="34" pin="0"/><net_sink comp="143" pin=0"/></net>

<net id="150"><net_src comp="84" pin="2"/><net_sink comp="143" pin=1"/></net>

<net id="151"><net_src comp="36" pin="0"/><net_sink comp="143" pin=2"/></net>

<net id="152"><net_src comp="38" pin="0"/><net_sink comp="143" pin=3"/></net>

<net id="156"><net_src comp="143" pin="4"/><net_sink comp="153" pin=0"/></net>

<net id="161"><net_src comp="135" pin="3"/><net_sink comp="157" pin=0"/></net>

<net id="162"><net_src comp="40" pin="0"/><net_sink comp="157" pin=1"/></net>

<net id="166"><net_src comp="84" pin="2"/><net_sink comp="163" pin=0"/></net>

<net id="172"><net_src comp="42" pin="0"/><net_sink comp="167" pin=0"/></net>

<net id="173"><net_src comp="163" pin="1"/><net_sink comp="167" pin=1"/></net>

<net id="174"><net_src comp="44" pin="0"/><net_sink comp="167" pin=2"/></net>

<net id="179"><net_src comp="167" pin="3"/><net_sink comp="175" pin=0"/></net>

<net id="180"><net_src comp="46" pin="0"/><net_sink comp="175" pin=1"/></net>

<net id="185"><net_src comp="153" pin="1"/><net_sink comp="181" pin=0"/></net>

<net id="186"><net_src comp="48" pin="0"/><net_sink comp="181" pin=1"/></net>

<net id="197"><net_src comp="187" pin="3"/><net_sink comp="192" pin=1"/></net>

<net id="202"><net_src comp="192" pin="3"/><net_sink comp="198" pin=0"/></net>

<net id="203"><net_src comp="50" pin="0"/><net_sink comp="198" pin=1"/></net>

<net id="207"><net_src comp="198" pin="2"/><net_sink comp="204" pin=0"/></net>

<net id="213"><net_src comp="52" pin="0"/><net_sink comp="208" pin=0"/></net>

<net id="214"><net_src comp="198" pin="2"/><net_sink comp="208" pin=1"/></net>

<net id="215"><net_src comp="54" pin="0"/><net_sink comp="208" pin=2"/></net>

<net id="222"><net_src comp="56" pin="0"/><net_sink comp="216" pin=0"/></net>

<net id="223"><net_src comp="198" pin="2"/><net_sink comp="216" pin=1"/></net>

<net id="224"><net_src comp="58" pin="0"/><net_sink comp="216" pin=2"/></net>

<net id="225"><net_src comp="54" pin="0"/><net_sink comp="216" pin=3"/></net>

<net id="230"><net_src comp="216" pin="4"/><net_sink comp="226" pin=0"/></net>

<net id="231"><net_src comp="60" pin="0"/><net_sink comp="226" pin=1"/></net>

<net id="236"><net_src comp="208" pin="3"/><net_sink comp="232" pin=0"/></net>

<net id="237"><net_src comp="62" pin="0"/><net_sink comp="232" pin=1"/></net>

<net id="243"><net_src comp="232" pin="2"/><net_sink comp="238" pin=0"/></net>

<net id="244"><net_src comp="64" pin="0"/><net_sink comp="238" pin=1"/></net>

<net id="245"><net_src comp="32" pin="0"/><net_sink comp="238" pin=2"/></net>

<net id="250"><net_src comp="208" pin="3"/><net_sink comp="246" pin=0"/></net>

<net id="251"><net_src comp="226" pin="2"/><net_sink comp="246" pin=1"/></net>

<net id="257"><net_src comp="246" pin="2"/><net_sink comp="252" pin=0"/></net>

<net id="258"><net_src comp="238" pin="3"/><net_sink comp="252" pin=1"/></net>

<net id="259"><net_src comp="204" pin="1"/><net_sink comp="252" pin=2"/></net>

<net id="263"><net_src comp="260" pin="1"/><net_sink comp="97" pin=2"/></net>

<net id="267"><net_src comp="104" pin="3"/><net_sink comp="264" pin=0"/></net>

<net id="268"><net_src comp="264" pin="1"/><net_sink comp="90" pin=2"/></net>

<net id="272"><net_src comp="80" pin="1"/><net_sink comp="269" pin=0"/></net>

<net id="273"><net_src comp="269" pin="1"/><net_sink comp="110" pin=1"/></net>

<net id="274"><net_src comp="269" pin="1"/><net_sink comp="115" pin=0"/></net>

<net id="275"><net_src comp="269" pin="1"/><net_sink comp="130" pin=1"/></net>

<net id="279"><net_src comp="118" pin="2"/><net_sink comp="276" pin=0"/></net>

<net id="283"><net_src comp="153" pin="1"/><net_sink comp="280" pin=0"/></net>

<net id="284"><net_src comp="280" pin="1"/><net_sink comp="187" pin=1"/></net>

<net id="285"><net_src comp="280" pin="1"/><net_sink comp="192" pin=2"/></net>

<net id="289"><net_src comp="157" pin="2"/><net_sink comp="286" pin=0"/></net>

<net id="290"><net_src comp="286" pin="1"/><net_sink comp="192" pin=0"/></net>

<net id="294"><net_src comp="175" pin="2"/><net_sink comp="291" pin=0"/></net>

<net id="295"><net_src comp="291" pin="1"/><net_sink comp="187" pin=0"/></net>

<net id="299"><net_src comp="181" pin="2"/><net_sink comp="296" pin=0"/></net>

<net id="300"><net_src comp="296" pin="1"/><net_sink comp="187" pin=2"/></net>

<net id="304"><net_src comp="252" pin="3"/><net_sink comp="301" pin=0"/></net>

<net id="305"><net_src comp="301" pin="1"/><net_sink comp="260" pin=0"/></net>

<net id="309"><net_src comp="97" pin="3"/><net_sink comp="306" pin=0"/></net>

<net id="310"><net_src comp="306" pin="1"/><net_sink comp="104" pin=0"/></net>

<net id="314"><net_src comp="264" pin="1"/><net_sink comp="311" pin=0"/></net>

<net id="315"><net_src comp="311" pin="1"/><net_sink comp="90" pin=2"/></net>

</net_list>

</model> 
---------------- Datapath Model END ------------------

* FSMD analyzer results:
  - Output states:
	Port: layer12_out | {6 }
	Port: sigmoid_table | {}
 - Input state : 
	Port: sigmoid<array,array<ap_fixed<16,6,5,3,0>,1u>,sigmoid_config12> : layer11_out | {2 }
	Port: sigmoid<array,array<ap_fixed<16,6,5,3,0>,1u>,sigmoid_config12> : layer12_out | {}
	Port: sigmoid<array,array<ap_fixed<16,6,5,3,0>,1u>,sigmoid_config12> : sigmoid_table | {4 5 }
  - Chain level:
	State 1
		store_ln80 : 1
		i_7 : 1
		icmp_ln80 : 2
		i_8 : 2
		br_ln80 : 3
		store_ln80 : 3
	State 2
		sext_ln90 : 1
		icmp_ln90 : 1
		tmp_s : 1
		icmp_ln90_1 : 2
		add_ln90 : 2
	State 3
		data_round : 1
		index : 2
		trunc_ln91 : 3
		tmp : 3
		tmp_2 : 3
		icmp_ln94 : 4
		xor_ln92 : 4
		select_ln92 : 4
		or_ln92 : 5
		index_1 : 5
	State 4
		sigmoid_table_addr : 1
		sigmoid_table_load : 2
	State 5
		zext_ln96_1 : 1
		write_ln99 : 2
	State 6


============================================================
+ Verbose Summary: Datapath Resource usage 
============================================================

* Functional unit list:
|----------|-----------------------------|---------|---------|
| Operation|       Functional Unit       |    FF   |   LUT   |
|----------|-----------------------------|---------|---------|
|          |       icmp_ln80_fu_118      |    0    |    18   |
|   icmp   |       icmp_ln90_fu_157      |    0    |    58   |
|          |      icmp_ln90_1_fu_175     |    0    |    27   |
|          |       icmp_ln94_fu_226      |    0    |    25   |
|----------|-----------------------------|---------|---------|
|          |          i_8_fu_124         |    0    |    18   |
|    add   |       add_ln90_fu_181       |    0    |    34   |
|          |         index_fu_198        |    0    |    35   |
|----------|-----------------------------|---------|---------|
|          |      select_ln90_fu_187     |    0    |    28   |
|  select  |      data_round_fu_192      |    0    |    28   |
|          |      select_ln92_fu_238     |    0    |    10   |
|          |        index_1_fu_252       |    0    |    10   |
|----------|-----------------------------|---------|---------|
|    xor   |       xor_ln92_fu_232       |    0    |    2    |
|----------|-----------------------------|---------|---------|
|    or    |        or_ln92_fu_246       |    0    |    2    |
|----------|-----------------------------|---------|---------|
|   read   | layer11_out_read_read_fu_84 |    0    |    0    |
|----------|-----------------------------|---------|---------|
|   write  |       grp_write_fu_90       |    0    |    0    |
|----------|-----------------------------|---------|---------|
|bitconcatenate|        shl_ln_fu_135        |    0    |    0    |
|          |         tmp_s_fu_167        |    0    |    0    |
|----------|-----------------------------|---------|---------|
|partselect|         tmp_1_fu_143        |    0    |    0    |
|          |         tmp_2_fu_216        |    0    |    0    |
|----------|-----------------------------|---------|---------|
|   sext   |       sext_ln90_fu_153      |    0    |    0    |
|----------|-----------------------------|---------|---------|
|   trunc  |      trunc_ln90_fu_163      |    0    |    0    |
|          |      trunc_ln91_fu_204      |    0    |    0    |
|----------|-----------------------------|---------|---------|
| bitselect|          tmp_fu_208         |    0    |    0    |
|----------|-----------------------------|---------|---------|
|   zext   |       zext_ln96_fu_260      |    0    |    0    |
|          |      zext_ln96_1_fu_264     |    0    |    0    |
|----------|-----------------------------|---------|---------|
|   Total  |                             |    0    |   295   |
|----------|-----------------------------|---------|---------|

Memories:
N/A

* Register list:
+--------------------------+--------+
|                          |   FF   |
+--------------------------+--------+
|     add_ln90_reg_296     |   28   |
|         i_reg_269        |   11   |
|     icmp_ln80_reg_276    |    1   |
|    icmp_ln90_1_reg_291   |    1   |
|     icmp_ln90_reg_286    |    1   |
|      index_1_reg_301     |   10   |
|     sext_ln90_reg_280    |   28   |
|sigmoid_table_addr_reg_306|   10   |
|    zext_ln96_1_reg_311   |   16   |
+--------------------------+--------+
|           Total          |   106  |
+--------------------------+--------+

* Multiplexer (MUX) list: 
|-------------------|------|------|------|--------||---------||---------|
|        Comp       |  Pin | Size |  BW  | S x BW ||  Delay  ||   LUT   |
|-------------------|------|------|------|--------||---------||---------|
|  grp_write_fu_90  |  p2  |   2  |  10  |   20   ||    9    |
| grp_access_fu_104 |  p0  |   2  |  10  |   20   ||    9    |
|-------------------|------|------|------|--------||---------||---------|
|       Total       |      |      |      |   40   ||  1.076  ||    18   |
|-------------------|------|------|------|--------||---------||---------|



* Summary:
+-----------+--------+--------+--------+
|           |  Delay |   FF   |   LUT  |
+-----------+--------+--------+--------+
|  Function |    -   |    0   |   295  |
|   Memory  |    -   |    -   |    -   |
|Multiplexer|    1   |    -   |   18   |
|  Register |    -   |   106  |    -   |
+-----------+--------+--------+--------+
|   Total   |    1   |   106  |   313  |
+-----------+--------+--------+--------+
