

================================================================
== Vitis HLS Report for 'sigmoid_array_array_ap_fixed_12_6_5_3_0_1u_sigmoid_config26_s'
================================================================
* Date:           Wed Apr 22 16:02:05 2026

* Version:        2023.2 (Build 4023990 on Oct 11 2023)
* Project:        folo_prj
* Solution:       solution1 (Vivado IP Flow Target)
* Product family: kintexu
* Target device:  xcku035-fbva676-2-e


================================================================
== Performance Estimates
================================================================
+ Timing: 
    * Summary: 
    +--------+---------+----------+------------+
    |  Clock |  Target | Estimated| Uncertainty|
    +--------+---------+----------+------------+
    |ap_clk  |  5.00 ns|  3.177 ns|     1.35 ns|
    +--------+---------+----------+------------+

+ Latency: 
    * Summary: 
    +---------+---------+----------+----------+------+------+---------+
    |  Latency (cycles) |  Latency (absolute) |   Interval  | Pipeline|
    |   min   |   max   |    min   |    max   |  min |  max |   Type  |
    +---------+---------+----------+----------+------+------+---------+
    |     1029|     1029|  5.145 us|  5.145 us|  1029|  1029|       no|
    +---------+---------+----------+----------+------+------+---------+

    + Detail: 
        * Instance: 
        N/A

        * Loop: 
        +------------------+---------+---------+----------+-----------+-----------+------+----------+
        |                  |  Latency (cycles) | Iteration|  Initiation Interval  | Trip |          |
        |     Loop Name    |   min   |   max   |  Latency |  achieved |   target  | Count| Pipelined|
        +------------------+---------+---------+----------+-----------+-----------+------+----------+
        |- SigmoidActLoop  |     1027|     1027|         5|          1|          1|  1024|       yes|
        +------------------+---------+---------+----------+-----------+-----------+------+----------+

============================================================
+ Verbose Summary: Synthesis Manager
============================================================
InlineROM: 1
ExposeGlobal: 0
============================================================
+ Verbose Summary: CDFG Model
============================================================
IsTopModel: 0
ResetActiveHigh: 1
IsCombinational: 2
IsDatapathOnly: 0
HasWiredReturn: 1
HasMFsm: 2
HasVarLatency: 1
IsPipeline: 0
IsRtlPipelined: 0
IsInstanceOverlapped: 0
IsDontTouch: 0
HasImplIP: 0
IsGatedGlobalClock: 0

+ Individual pipeline summary: 
  * Pipeline-0: initiation interval (II) = 1, depth = 5


============================================================
+ Verbose Summary: Schedule
============================================================
* Number of FSM states : 5
* Pipeline : 1
  Pipeline-0 : II = 1, D = 5, States = { 1 2 3 4 5 }
* Dataflow Pipeline: 0

* FSM state transitions: 
1 --> 2 
2 --> 3 
3 --> 4 
4 --> 5 
5 --> 

* FSM state operations: 

State 1 <SV = 0> <Delay = 2.41>
ST_1 : Operation 8 [1/1] (0.00ns)   --->   "%i = alloca i32 1" [firmware/nnet_utils/nnet_activation_stream.h:80]   --->   Operation 8 'alloca' 'i' <Predicate = true> <Delay = 0.00>
ST_1 : Operation 9 [1/1] (0.00ns)   --->   "%specinterface_ln0 = specinterface void @_ssdm_op_SpecInterface, i12 %layer25_out, void @empty_13, i32 0, i32 0, void @empty_8, i32 0, i32 0, void @empty_8, void @empty_8, void @empty_8, i32 0, i32 0, i32 0, i32 0, void @empty_8, void @empty_8, i32 4294967295, i32 0"   --->   Operation 9 'specinterface' 'specinterface_ln0' <Predicate = true> <Delay = 0.00>
ST_1 : Operation 10 [1/1] (0.00ns)   --->   "%specinterface_ln0 = specinterface void @_ssdm_op_SpecInterface, i16 %layer26_out, void @empty_6, i32 1, i32 1, void @empty_14, i32 0, i32 0, void @empty_8, void @empty_8, void @empty_8, i32 0, i32 0, i32 0, i32 0, void @empty_8, void @empty_8, i32 4294967295, i32 0"   --->   Operation 10 'specinterface' 'specinterface_ln0' <Predicate = true> <Delay = 0.00>
ST_1 : Operation 11 [1/1] (0.53ns)   --->   "%store_ln80 = store i11 0, i11 %i" [firmware/nnet_utils/nnet_activation_stream.h:80]   --->   Operation 11 'store' 'store_ln80' <Predicate = true> <Delay = 0.53>
ST_1 : Operation 12 [1/1] (0.00ns)   --->   "%br_ln80 = br void %SigmoidPackLoop" [firmware/nnet_utils/nnet_activation_stream.h:80]   --->   Operation 12 'br' 'br_ln80' <Predicate = true> <Delay = 0.00>
ST_1 : Operation 13 [1/1] (0.00ns)   --->   "%i_13 = load i11 %i" [firmware/nnet_utils/nnet_activation_stream.h:80]   --->   Operation 13 'load' 'i_13' <Predicate = true> <Delay = 0.00>
ST_1 : Operation 14 [1/1] (1.33ns)   --->   "%icmp_ln80 = icmp_eq  i11 %i_13, i11 1024" [firmware/nnet_utils/nnet_activation_stream.h:80]   --->   Operation 14 'icmp' 'icmp_ln80' <Predicate = true> <Delay = 1.33> <CoreInst = "Cmp">   --->   Core 9 'Cmp' <Latency = 0> <II = 1> <Delay = 1.33> <FuncUnit> <Opcode : 'icmp'> <InPorts = 2> <OutPorts = 1>
ST_1 : Operation 15 [1/1] (1.33ns)   --->   "%i_14 = add i11 %i_13, i11 1" [firmware/nnet_utils/nnet_activation_stream.h:80]   --->   Operation 15 'add' 'i_14' <Predicate = true> <Delay = 1.33> <CoreInst = "Adder">   --->   Core 1 'Adder' <Latency = 0> <II = 1> <Delay = 1.33> <FuncUnit> <Opcode : 'add' 'sub'> <InPorts = 2> <OutPorts = 1>
ST_1 : Operation 16 [1/1] (0.00ns)   --->   "%br_ln80 = br i1 %icmp_ln80, void %SigmoidPackLoop.split, void %for.end17" [firmware/nnet_utils/nnet_activation_stream.h:80]   --->   Operation 16 'br' 'br_ln80' <Predicate = true> <Delay = 0.00>
ST_1 : Operation 17 [1/1] (0.53ns)   --->   "%store_ln80 = store i11 %i_14, i11 %i" [firmware/nnet_utils/nnet_activation_stream.h:80]   --->   Operation 17 'store' 'store_ln80' <Predicate = (!icmp_ln80)> <Delay = 0.53>

State 2 <SV = 1> <Delay = 3.17>
ST_2 : Operation 18 [1/1] (1.82ns)   --->   "%data_round = read i12 @_ssdm_op_Read.ap_fifo.volatile.i12P0A, i12 %layer25_out" [firmware/nnet_utils/nnet_activation_stream.h:83]   --->   Operation 18 'read' 'data_round' <Predicate = true> <Delay = 1.82> <CoreInst = "FIFO">   --->   Core 78 'FIFO' <Latency = 0> <II = 1> <Delay = 2.16> <Storage> <Opcode : 'read' 'write' 'nbread' 'nbwrite'> <Ports = 0> <Width = 12> <Depth = 1024> <FIFO>
ST_2 : Operation 19 [1/1] (0.00ns)   --->   "%sext_ln90 = sext i12 %data_round" [firmware/nnet_utils/nnet_activation_stream.h:90]   --->   Operation 19 'sext' 'sext_ln90' <Predicate = true> <Delay = 0.00>
ST_2 : Operation 20 [1/1] (1.35ns)   --->   "%index = add i13 %sext_ln90, i13 512" [firmware/nnet_utils/nnet_activation_stream.h:91]   --->   Operation 20 'add' 'index' <Predicate = true> <Delay = 1.35> <CoreInst = "Adder">   --->   Core 1 'Adder' <Latency = 0> <II = 1> <Delay = 1.35> <FuncUnit> <Opcode : 'add' 'sub'> <InPorts = 2> <OutPorts = 1>
ST_2 : Operation 21 [1/1] (0.00ns)   --->   "%tmp = bitselect i1 @_ssdm_op_BitSelect.i1.i13.i32, i13 %index, i32 12" [firmware/nnet_utils/nnet_activation_stream.h:92]   --->   Operation 21 'bitselect' 'tmp' <Predicate = true> <Delay = 0.00>
ST_2 : Operation 22 [1/1] (0.00ns)   --->   "%tmp_1 = partselect i3 @_ssdm_op_PartSelect.i3.i13.i32.i32, i13 %index, i32 10, i32 12" [firmware/nnet_utils/nnet_activation_stream.h:94]   --->   Operation 22 'partselect' 'tmp_1' <Predicate = true> <Delay = 0.00>

State 3 <SV = 2> <Delay = 3.02>
ST_3 : Operation 23 [1/1] (0.00ns) (grouped into LUT with out node index_1)   --->   "%trunc_ln91 = trunc i13 %index" [firmware/nnet_utils/nnet_activation_stream.h:91]   --->   Operation 23 'trunc' 'trunc_ln91' <Predicate = true> <Delay = 0.00>
ST_3 : Operation 24 [1/1] (0.83ns)   --->   "%icmp_ln94 = icmp_ne  i3 %tmp_1, i3 0" [firmware/nnet_utils/nnet_activation_stream.h:94]   --->   Operation 24 'icmp' 'icmp_ln94' <Predicate = true> <Delay = 0.83> <CoreInst = "Cmp">   --->   Core 9 'Cmp' <Latency = 0> <II = 1> <Delay = 0.83> <FuncUnit> <Opcode : 'icmp'> <InPorts = 2> <OutPorts = 1>
ST_3 : Operation 25 [1/1] (0.00ns) (grouped into LUT with out node index_1)   --->   "%xor_ln92 = xor i1 %tmp, i1 1" [firmware/nnet_utils/nnet_activation_stream.h:92]   --->   Operation 25 'xor' 'xor_ln92' <Predicate = true> <Delay = 0.00> <CoreInst = "LogicGate">   --->   Core 74 'LogicGate' <Latency = 0> <II = 1> <Delay = 0.33> <FuncUnit> <Opcode : 'and' 'or' 'xor'> <InPorts = 2> <OutPorts = 1>
ST_3 : Operation 26 [1/1] (0.00ns) (grouped into LUT with out node index_1)   --->   "%select_ln92 = select i1 %xor_ln92, i10 1023, i10 0" [firmware/nnet_utils/nnet_activation_stream.h:92]   --->   Operation 26 'select' 'select_ln92' <Predicate = true> <Delay = 0.00> <CoreInst = "Sel">   --->   Core 73 'Sel' <Latency = 0> <II = 1> <Delay = 0.41> <FuncUnit> <Opcode : 'select'> <InPorts = 3> <OutPorts = 1>
ST_3 : Operation 27 [1/1] (0.00ns) (grouped into LUT with out node index_1)   --->   "%or_ln92 = or i1 %tmp, i1 %icmp_ln94" [firmware/nnet_utils/nnet_activation_stream.h:92]   --->   Operation 27 'or' 'or_ln92' <Predicate = true> <Delay = 0.00> <CoreInst = "LogicGate">   --->   Core 74 'LogicGate' <Latency = 0> <II = 1> <Delay = 0.33> <FuncUnit> <Opcode : 'and' 'or' 'xor'> <InPorts = 2> <OutPorts = 1>
ST_3 : Operation 28 [1/1] (0.41ns) (out node of the LUT)   --->   "%index_1 = select i1 %or_ln92, i10 %select_ln92, i10 %trunc_ln91" [firmware/nnet_utils/nnet_activation_stream.h:92]   --->   Operation 28 'select' 'index_1' <Predicate = true> <Delay = 0.41> <CoreInst = "Sel">   --->   Core 73 'Sel' <Latency = 0> <II = 1> <Delay = 0.30> <FuncUnit> <Opcode : 'select'> <InPorts = 3> <OutPorts = 1>
ST_3 : Operation 29 [1/1] (0.00ns)   --->   "%zext_ln96 = zext i10 %index_1" [firmware/nnet_utils/nnet_activation_stream.h:96]   --->   Operation 29 'zext' 'zext_ln96' <Predicate = true> <Delay = 0.00>
ST_3 : Operation 30 [1/1] (0.00ns)   --->   "%sigmoid_table_addr = getelementptr i10 %sigmoid_table, i64 0, i64 %zext_ln96" [firmware/nnet_utils/nnet_activation_stream.h:96]   --->   Operation 30 'getelementptr' 'sigmoid_table_addr' <Predicate = true> <Delay = 0.00>
ST_3 : Operation 31 [2/2] (1.77ns)   --->   "%sigmoid_table_load = load i10 %sigmoid_table_addr" [firmware/nnet_utils/nnet_activation_stream.h:96]   --->   Operation 31 'load' 'sigmoid_table_load' <Predicate = true> <Delay = 1.77> <CoreInst = "ROM">   --->   Core 101 'ROM' <Latency = 1> <II = 1> <Delay = 1.77> <Storage> <Opcode : 'load'> <Ports = 0> <Width = 10> <Depth = 1024> <ROM>

State 4 <SV = 3> <Delay = 2.77>
ST_4 : Operation 32 [1/2] (1.77ns)   --->   "%sigmoid_table_load = load i10 %sigmoid_table_addr" [firmware/nnet_utils/nnet_activation_stream.h:96]   --->   Operation 32 'load' 'sigmoid_table_load' <Predicate = true> <Delay = 1.77> <CoreInst = "ROM">   --->   Core 101 'ROM' <Latency = 1> <II = 1> <Delay = 1.77> <Storage> <Opcode : 'load'> <Ports = 0> <Width = 10> <Depth = 1024> <ROM>
ST_4 : Operation 33 [1/1] (0.00ns)   --->   "%lshr_ln = partselect i6 @_ssdm_op_PartSelect.i6.i10.i32.i32, i10 %sigmoid_table_load, i32 4, i32 9" [firmware/nnet_utils/nnet_activation_stream.h:96]   --->   Operation 33 'partselect' 'lshr_ln' <Predicate = true> <Delay = 0.00>
ST_4 : Operation 34 [1/1] (0.00ns)   --->   "%zext_ln99 = zext i6 %lshr_ln" [firmware/nnet_utils/nnet_activation_stream.h:99]   --->   Operation 34 'zext' 'zext_ln99' <Predicate = true> <Delay = 0.00>
ST_4 : Operation 35 [2/2] (1.00ns)   --->   "%write_ln99 = write void @_ssdm_op_Write.axis.volatile.i16P128A, i16 %layer26_out, i16 %zext_ln99" [firmware/nnet_utils/nnet_activation_stream.h:99]   --->   Operation 35 'write' 'write_ln99' <Predicate = true> <Delay = 1.00> <CoreInst = "axis">   --->   Core 123 'axis' <Latency = 0> <II = 1> <Delay = 1.00> <Adapter> <Opcode : >
ST_4 : Operation 41 [1/1] (0.00ns)   --->   "%ret_ln101 = ret" [firmware/nnet_utils/nnet_activation_stream.h:101]   --->   Operation 41 'ret' 'ret_ln101' <Predicate = (icmp_ln80)> <Delay = 0.00>

State 5 <SV = 4> <Delay = 1.00>
ST_5 : Operation 36 [1/1] (0.00ns)   --->   "%specpipeline_ln81 = specpipeline void @_ssdm_op_SpecPipeline, i32 4294967295, i32 0, i32 0, i32 0, void @empty_8" [firmware/nnet_utils/nnet_activation_stream.h:81]   --->   Operation 36 'specpipeline' 'specpipeline_ln81' <Predicate = true> <Delay = 0.00>
ST_5 : Operation 37 [1/1] (0.00ns)   --->   "%speclooptripcount_ln80 = speclooptripcount void @_ssdm_op_SpecLoopTripCount, i64 1024, i64 1024, i64 1024" [firmware/nnet_utils/nnet_activation_stream.h:80]   --->   Operation 37 'speclooptripcount' 'speclooptripcount_ln80' <Predicate = true> <Delay = 0.00>
ST_5 : Operation 38 [1/1] (0.00ns)   --->   "%specloopname_ln80 = specloopname void @_ssdm_op_SpecLoopName, void @empty_11" [firmware/nnet_utils/nnet_activation_stream.h:80]   --->   Operation 38 'specloopname' 'specloopname_ln80' <Predicate = true> <Delay = 0.00>
ST_5 : Operation 39 [1/2] (1.00ns)   --->   "%write_ln99 = write void @_ssdm_op_Write.axis.volatile.i16P128A, i16 %layer26_out, i16 %zext_ln99" [firmware/nnet_utils/nnet_activation_stream.h:99]   --->   Operation 39 'write' 'write_ln99' <Predicate = true> <Delay = 1.00> <CoreInst = "axis">   --->   Core 123 'axis' <Latency = 0> <II = 1> <Delay = 1.00> <Adapter> <Opcode : >
ST_5 : Operation 40 [1/1] (0.00ns)   --->   "%br_ln80 = br void %SigmoidPackLoop" [firmware/nnet_utils/nnet_activation_stream.h:80]   --->   Operation 40 'br' 'br_ln80' <Predicate = true> <Delay = 0.00>


============================================================
+ Verbose Summary: Timing violations
============================================================
Target clock period: 5.000ns, clock uncertainty: 1.350ns.

 <State 1>: 2.411ns
The critical path consists of the following:
	'store' operation 0 bit ('store_ln80', firmware/nnet_utils/nnet_activation_stream.h:80) of constant 0 on local variable 'i', firmware/nnet_utils/nnet_activation_stream.h:80 [7]  (0.538 ns)
	'load' operation 11 bit ('i', firmware/nnet_utils/nnet_activation_stream.h:80) on local variable 'i', firmware/nnet_utils/nnet_activation_stream.h:80 [10]  (0.000 ns)
	'add' operation 11 bit ('i', firmware/nnet_utils/nnet_activation_stream.h:80) [12]  (1.335 ns)
	'store' operation 0 bit ('store_ln80', firmware/nnet_utils/nnet_activation_stream.h:80) of variable 'i', firmware/nnet_utils/nnet_activation_stream.h:80 on local variable 'i', firmware/nnet_utils/nnet_activation_stream.h:80 [35]  (0.538 ns)

 <State 2>: 3.177ns
The critical path consists of the following:
	fifo read operation ('data_round', firmware/nnet_utils/nnet_activation_stream.h:83) on port 'layer25_out' (firmware/nnet_utils/nnet_activation_stream.h:83) [18]  (1.825 ns)
	'add' operation 13 bit ('index', firmware/nnet_utils/nnet_activation_stream.h:91) [20]  (1.352 ns)

 <State 3>: 3.025ns
The critical path consists of the following:
	'icmp' operation 1 bit ('icmp_ln94', firmware/nnet_utils/nnet_activation_stream.h:94) [24]  (0.836 ns)
	'or' operation 1 bit ('or_ln92', firmware/nnet_utils/nnet_activation_stream.h:92) [27]  (0.000 ns)
	'select' operation 10 bit ('index', firmware/nnet_utils/nnet_activation_stream.h:92) [28]  (0.418 ns)
	'getelementptr' operation 10 bit ('sigmoid_table_addr', firmware/nnet_utils/nnet_activation_stream.h:96) [30]  (0.000 ns)
	'load' operation 10 bit ('sigmoid_table_load', firmware/nnet_utils/nnet_activation_stream.h:96) on array 'sigmoid_table' [31]  (1.771 ns)

 <State 4>: 2.771ns
The critical path consists of the following:
	'load' operation 10 bit ('sigmoid_table_load', firmware/nnet_utils/nnet_activation_stream.h:96) on array 'sigmoid_table' [31]  (1.771 ns)
	axis write operation ('write_ln99', firmware/nnet_utils/nnet_activation_stream.h:99) on port 'layer26_out' (firmware/nnet_utils/nnet_activation_stream.h:99) [34]  (1.000 ns)

 <State 5>: 1.000ns
The critical path consists of the following:
	axis write operation ('write_ln99', firmware/nnet_utils/nnet_activation_stream.h:99) on port 'layer26_out' (firmware/nnet_utils/nnet_activation_stream.h:99) [34]  (1.000 ns)


============================================================
+ Verbose Summary: Binding
============================================================
N/A
* FSMD analyzer results:
  - Output states:
 - Input state : 
  - Chain level:
	State 1
	State 2
	State 3
	State 4
	State 5


============================================================
+ Verbose Summary: Datapath Resource usage 
============================================================
N/A
