

================================================================
== Vitis HLS Report for 'thresholded_relu_array_ap_fixed_array_ap_fixed_4u_thresholdedrelu_config8_s'
================================================================
* Date:           Fri Apr 24 00:23:00 2026

* Version:        2025.2 (Build 6295257 on Nov 14 2025)
* Project:        folo_prj
* Solution:       solution1 (Vivado IP Flow Target)
* Product family: kintexu
* Target device:  xcku035-fbva676-2-e


================================================================
== Performance Estimates
================================================================
+ Timing: 
    * Summary: 
    +--------+---------+----------+------------+
    |  Clock |  Target | Estimated| Uncertainty|
    +--------+---------+----------+------------+
    |ap_clk  |  5.00 ns|  3.597 ns|     1.35 ns|
    +--------+---------+----------+------------+

+ Latency: 
    * Summary: 
    +---------+---------+-----------+-----------+-------+-------+------------------------------------------------+
    |  Latency (cycles) |   Latency (absolute)  |    Interval   |                    Pipeline                    |
    |   min   |   max   |    min    |    max    |  min  |  max  |                      Type                      |
    +---------+---------+-----------+-----------+-------+-------+------------------------------------------------+
    |    16386|    16386|  81.930 us|  81.930 us|  16384|  16384|  loop auto-rewind stp (delay=0 clock cycles(s))|
    +---------+---------+-----------+-----------+-------+-------+------------------------------------------------+

    + Detail: 
        * Instance: 
        N/A

        * Loop: 
        +--------------------------+---------+---------+----------+-----------+-----------+-------+----------+
        |                          |  Latency (cycles) | Iteration|  Initiation Interval  |  Trip |          |
        |         Loop Name        |   min   |   max   |  Latency |  achieved |   target  | Count | Pipelined|
        +--------------------------+---------+---------+----------+-----------+-----------+-------+----------+
        |- ThresholdedReLUActLoop  |    16384|    16384|         2|          1|          1|  16384|       yes|
        +--------------------------+---------+---------+----------+-----------+-----------+-------+----------+



================================================================
== Utilization Estimates
================================================================
* Summary: 
+-----------------+---------+------+--------+--------+-----+
|       Name      | BRAM_18K|  DSP |   FF   |   LUT  | URAM|
+-----------------+---------+------+--------+--------+-----+
|DSP              |        -|     -|       -|       -|    -|
|Expression       |        -|     -|       0|     232|    -|
|FIFO             |        -|     -|       -|       -|    -|
|Instance         |        -|     -|       -|       -|    -|
|Memory           |        -|     -|       -|       -|    -|
|Multiplexer      |        -|     -|       0|      63|    -|
|Register         |        -|     -|      59|       -|    -|
+-----------------+---------+------+--------+--------+-----+
|Total            |        0|     0|      59|     295|    0|
+-----------------+---------+------+--------+--------+-----+
|Available        |     1080|  1700|  406256|  203128|    0|
+-----------------+---------+------+--------+--------+-----+
|Utilization (%)  |        0|     0|      ~0|      ~0|    0|
+-----------------+---------+------+--------+--------+-----+

+ Detail: 
    * Instance: 
    N/A

    * DSP: 
    N/A

    * Memory: 
    N/A

    * FIFO: 
    N/A

    * Expression: 
    +---------------------------------------+----------+----+---+----+------------+------------+
    |             Variable Name             | Operation| DSP| FF| LUT| Bitwidth P0| Bitwidth P1|
    +---------------------------------------+----------+----+---+----+------------+------------+
    |i_fu_229_p2                            |         +|   0|  0|  21|          14|           1|
    |ap_condition_121                       |       and|   0|  0|   2|           1|           1|
    |icmp_ln528_fu_235_p2                   |      icmp|   0|  0|  21|          14|           2|
    |icmp_ln538_13_fu_157_p2                |      icmp|   0|  0|  35|          28|           1|
    |icmp_ln538_14_fu_181_p2                |      icmp|   0|  0|  35|          28|           1|
    |icmp_ln538_15_fu_205_p2                |      icmp|   0|  0|  35|          28|           1|
    |icmp_ln538_fu_133_p2                   |      icmp|   0|  0|  35|          28|           1|
    |ap_block_pp0_stage0_01001_grp1         |        or|   0|  0|   2|           1|           1|
    |ap_block_pp0_stage0_11001              |        or|   0|  0|   2|           1|           1|
    |ap_block_state1_pp0_stage0_iter0_grp1  |        or|   0|  0|   2|           1|           1|
    |select_ln538_13_fu_173_p3              |    select|   0|  0|  10|           1|          10|
    |select_ln538_14_fu_197_p3              |    select|   0|  0|  10|           1|          10|
    |select_ln538_15_fu_221_p3              |    select|   0|  0|  10|           1|          10|
    |select_ln538_fu_149_p3                 |    select|   0|  0|  10|           1|          10|
    |ap_enable_pp0                          |       xor|   0|  0|   2|           1|           2|
    +---------------------------------------+----------+----+---+----+------------+------------+
    |Total                                  |          |   0|  0| 232|         149|          53|
    +---------------------------------------+----------+----+---+----+------------+------------+

    * Multiplexer: 
    +----------------------------------+----+-----------+-----+-----------+
    |               Name               | LUT| Input Size| Bits| Total Bits|
    +----------------------------------+----+-----------+-----+-----------+
    |ap_done_int                       |   9|          2|    1|          2|
    |ap_loop_exit_ready_pp0_iter1_reg  |   9|          2|    1|          2|
    |ap_sig_allocacmp_i_22             |   9|          2|   14|         28|
    |i_21_fu_74                        |   9|          2|   14|         28|
    |layer7_out_blk_n                  |   9|          2|    1|          2|
    |layer8_out_blk_n                  |   9|          2|    1|          2|
    |real_start                        |   9|          2|    1|          2|
    +----------------------------------+----+-----------+-----+-----------+
    |Total                             |  63|         14|   33|         66|
    +----------------------------------+----+-----------+-----+-----------+

    * Register: 
    +----------------------------------+----+----+-----+-----------+
    |               Name               | FF | LUT| Bits| Const Bits|
    +----------------------------------+----+----+-----+-----------+
    |ap_CS_fsm                         |   1|   0|    1|          0|
    |ap_done_reg                       |   1|   0|    1|          0|
    |ap_enable_reg_pp0_iter1           |   1|   0|    1|          0|
    |ap_loop_exit_ready_pp0_iter1_reg  |   1|   0|    1|          0|
    |i_21_fu_74                        |  14|   0|   14|          0|
    |select_ln538_13_reg_267           |  10|   0|   10|          0|
    |select_ln538_14_reg_272           |  10|   0|   10|          0|
    |select_ln538_15_reg_277           |  10|   0|   10|          0|
    |select_ln538_reg_262              |  10|   0|   10|          0|
    |start_once_reg                    |   1|   0|    1|          0|
    +----------------------------------+----+----+-----+-----------+
    |Total                             |  59|   0|   59|          0|
    +----------------------------------+----+----+-----+-----------+



================================================================
== Interface
================================================================
* Summary: 
+---------------------------+-----+-----+------------+-----------------------------------------------------------------------------+--------------+
|         RTL Ports         | Dir | Bits|  Protocol  |                                Source Object                                |    C Type    |
+---------------------------+-----+-----+------------+-----------------------------------------------------------------------------+--------------+
|ap_clk                     |   in|    1|  ap_ctrl_hs|  thresholded_relu<array,ap_fixed,array<ap_fixed,4u>,thresholdedrelu_config8>|  return value|
|ap_rst                     |   in|    1|  ap_ctrl_hs|  thresholded_relu<array,ap_fixed,array<ap_fixed,4u>,thresholdedrelu_config8>|  return value|
|ap_start                   |   in|    1|  ap_ctrl_hs|  thresholded_relu<array,ap_fixed,array<ap_fixed,4u>,thresholdedrelu_config8>|  return value|
|start_full_n               |   in|    1|  ap_ctrl_hs|  thresholded_relu<array,ap_fixed,array<ap_fixed,4u>,thresholdedrelu_config8>|  return value|
|ap_done                    |  out|    1|  ap_ctrl_hs|  thresholded_relu<array,ap_fixed,array<ap_fixed,4u>,thresholdedrelu_config8>|  return value|
|ap_continue                |   in|    1|  ap_ctrl_hs|  thresholded_relu<array,ap_fixed,array<ap_fixed,4u>,thresholdedrelu_config8>|  return value|
|ap_idle                    |  out|    1|  ap_ctrl_hs|  thresholded_relu<array,ap_fixed,array<ap_fixed,4u>,thresholdedrelu_config8>|  return value|
|ap_ready                   |  out|    1|  ap_ctrl_hs|  thresholded_relu<array,ap_fixed,array<ap_fixed,4u>,thresholdedrelu_config8>|  return value|
|start_out                  |  out|    1|  ap_ctrl_hs|  thresholded_relu<array,ap_fixed,array<ap_fixed,4u>,thresholdedrelu_config8>|  return value|
|start_write                |  out|    1|  ap_ctrl_hs|  thresholded_relu<array,ap_fixed,array<ap_fixed,4u>,thresholdedrelu_config8>|  return value|
|layer7_out_dout            |   in|  112|     ap_fifo|                                                                   layer7_out|       pointer|
|layer7_out_empty_n         |   in|    1|     ap_fifo|                                                                   layer7_out|       pointer|
|layer7_out_read            |  out|    1|     ap_fifo|                                                                   layer7_out|       pointer|
|layer7_out_num_data_valid  |   in|    3|     ap_fifo|                                                                   layer7_out|       pointer|
|layer7_out_fifo_cap        |   in|    3|     ap_fifo|                                                                   layer7_out|       pointer|
|layer8_out_din             |  out|   40|     ap_fifo|                                                                   layer8_out|       pointer|
|layer8_out_full_n          |   in|    1|     ap_fifo|                                                                   layer8_out|       pointer|
|layer8_out_write           |  out|    1|     ap_fifo|                                                                   layer8_out|       pointer|
|layer8_out_num_data_valid  |   in|   32|     ap_fifo|                                                                   layer8_out|       pointer|
|layer8_out_fifo_cap        |   in|   32|     ap_fifo|                                                                   layer8_out|       pointer|
+---------------------------+-----+-----+------------+-----------------------------------------------------------------------------+--------------+

============================================================
+ Verbose Summary: Synthesis Manager
============================================================
InlineROM: 1
ExposeGlobal: 0
============================================================
+ Verbose Summary: CDFG Model
============================================================
IsTopModel: 0
ResetActiveHigh: 1
IsCombinational: 2
IsDatapathOnly: 0
HasWiredReturn: 1
HasMFsm: 2
HasVarLatency: 1
IsPipeline: 0
IsRtlPipelined: 0
IsInstanceOverlapped: 0
IsDontTouch: 0
HasImplIP: 0
IsGatedGlobalClock: 0

+ Individual pipeline summary: 
  * Pipeline-0: initiation interval (II) = 1, depth = 2


============================================================
+ Verbose Summary: Schedule
============================================================
* Number of FSM states : 2
* Pipeline : 1
  Pipeline-0 : II = 1, D = 2, States = { 1 2 }
* Dataflow Pipeline: 0

* FSM state transitions: 
1 --> 2 
2 --> 

* FSM state operations: 

State 1 <SV = 0> <Delay = 3.59>
ST_1 : Operation 5 [1/1] (0.00ns)   --->   "%i_21 = alloca i32 1" [firmware/nnet_utils/nnet_activation_stream.h:528]   --->   Operation 5 'alloca' 'i_21' <Predicate = true> <Delay = 0.00>
ST_1 : Operation 6 [1/1] (0.00ns)   --->   "%specinterface_ln0 = specinterface void @_ssdm_op_SpecInterface, i40 %layer8_out, void @empty_2, i32 0, i32 0, void @empty_1, i32 0, i32 0, void @empty_1, void @empty_1, void @empty_1, i32 0, i32 0, i32 0, i32 0, void @empty_1, void @empty_1, i32 4294967295, i32 0, i32 0, i32 0"   --->   Operation 6 'specinterface' 'specinterface_ln0' <Predicate = true> <Delay = 0.00>
ST_1 : Operation 7 [1/1] (0.00ns)   --->   "%specinterface_ln0 = specinterface void @_ssdm_op_SpecInterface, i112 %layer7_out, void @empty_2, i32 0, i32 0, void @empty_1, i32 0, i32 0, void @empty_1, void @empty_1, void @empty_1, i32 0, i32 0, i32 0, i32 0, void @empty_1, void @empty_1, i32 4294967295, i32 0, i32 0, i32 0"   --->   Operation 7 'specinterface' 'specinterface_ln0' <Predicate = true> <Delay = 0.00>
ST_1 : Operation 8 [1/1] (0.53ns)   --->   "%store_ln528 = store i14 0, i14 %i_21" [firmware/nnet_utils/nnet_activation_stream.h:528]   --->   Operation 8 'store' 'store_ln528' <Predicate = true> <Delay = 0.53>
ST_1 : Operation 9 [1/1] (0.00ns)   --->   "%br_ln528 = br void %ThresholdedReLUPackLoop.split" [firmware/nnet_utils/nnet_activation_stream.h:528]   --->   Operation 9 'br' 'br_ln528' <Predicate = true> <Delay = 0.00>
ST_1 : Operation 10 [1/1] (0.00ns)   --->   "%i_22 = load i14 %i_21" [firmware/nnet_utils/nnet_activation_stream.h:528]   --->   Operation 10 'load' 'i_22' <Predicate = true> <Delay = 0.00>
ST_1 : Operation 11 [1/1] ( I:1.82ns O:1.82ns )   --->   "%layer7_out_read = read i112 @_ssdm_op_Read.ap_fifo.volatile.i112P0A, i112 %layer7_out" [firmware/nnet_utils/nnet_activation_stream.h:531]   --->   Operation 11 'read' 'layer7_out_read' <Predicate = true> <Delay = 1.82> <CoreInst = "FIFO_SRL">   --->   Core 80 'FIFO_SRL' <Latency = 0> <II = 1> <Delay = 2.26> <Storage> <Opcode : 'read' 'write' 'nbread' 'nbwrite'> <Ports = 0> <Width = 112> <Depth = 2> <FIFO>
ST_1 : Operation 12 [1/1] (0.00ns)   --->   "%trunc_ln531 = trunc i112 %layer7_out_read" [firmware/nnet_utils/nnet_activation_stream.h:531]   --->   Operation 12 'trunc' 'trunc_ln531' <Predicate = true> <Delay = 0.00>
ST_1 : Operation 13 [1/1] (0.00ns)   --->   "%trunc_ln531_6 = partselect i28 @_ssdm_op_PartSelect.i28.i112.i32.i32, i112 %layer7_out_read, i32 28, i32 55" [firmware/nnet_utils/nnet_activation_stream.h:531]   --->   Operation 13 'partselect' 'trunc_ln531_6' <Predicate = true> <Delay = 0.00>
ST_1 : Operation 14 [1/1] (0.00ns)   --->   "%trunc_ln531_7 = partselect i28 @_ssdm_op_PartSelect.i28.i112.i32.i32, i112 %layer7_out_read, i32 56, i32 83" [firmware/nnet_utils/nnet_activation_stream.h:531]   --->   Operation 14 'partselect' 'trunc_ln531_7' <Predicate = true> <Delay = 0.00>
ST_1 : Operation 15 [1/1] (0.00ns)   --->   "%trunc_ln531_s = partselect i28 @_ssdm_op_PartSelect.i28.i112.i32.i32, i112 %layer7_out_read, i32 84, i32 111" [firmware/nnet_utils/nnet_activation_stream.h:531]   --->   Operation 15 'partselect' 'trunc_ln531_s' <Predicate = true> <Delay = 0.00>
ST_1 : Operation 16 [1/1] (1.46ns)   --->   "%icmp_ln538 = icmp_sgt  i28 %trunc_ln531, i28 0" [firmware/nnet_utils/nnet_activation_stream.h:538]   --->   Operation 16 'icmp' 'icmp_ln538' <Predicate = true> <Delay = 1.46> <CoreInst = "Cmp">   --->   Core 9 'Cmp' <Latency = 0> <II = 1> <Delay = 1.46> <FuncUnit> <Opcode : 'seteq' 'setne' 'setle' 'setge' 'setlt' 'setgt'> <InPorts = 2> <OutPorts = 1>
ST_1 : Operation 17 [1/1] (0.00ns)   --->   "%trunc_ln5 = partselect i10 @_ssdm_op_PartSelect.i10.i112.i32.i32, i112 %layer7_out_read, i32 10, i32 19" [firmware/nnet_utils/nnet_activation_stream.h:539]   --->   Operation 17 'partselect' 'trunc_ln5' <Predicate = true> <Delay = 0.00>
ST_1 : Operation 18 [1/1] (0.30ns)   --->   "%select_ln538 = select i1 %icmp_ln538, i10 %trunc_ln5, i10 0" [firmware/nnet_utils/nnet_activation_stream.h:538]   --->   Operation 18 'select' 'select_ln538' <Predicate = true> <Delay = 0.30> <CoreInst = "Sel">   --->   Core 73 'Sel' <Latency = 0> <II = 1> <Delay = 0.30> <FuncUnit> <Opcode : 'select'> <InPorts = 3> <OutPorts = 1>
ST_1 : Operation 19 [1/1] (1.46ns)   --->   "%icmp_ln538_13 = icmp_sgt  i28 %trunc_ln531_6, i28 0" [firmware/nnet_utils/nnet_activation_stream.h:538]   --->   Operation 19 'icmp' 'icmp_ln538_13' <Predicate = true> <Delay = 1.46> <CoreInst = "Cmp">   --->   Core 9 'Cmp' <Latency = 0> <II = 1> <Delay = 1.46> <FuncUnit> <Opcode : 'seteq' 'setne' 'setle' 'setge' 'setlt' 'setgt'> <InPorts = 2> <OutPorts = 1>
ST_1 : Operation 20 [1/1] (0.00ns)   --->   "%trunc_ln539_6 = partselect i10 @_ssdm_op_PartSelect.i10.i112.i32.i32, i112 %layer7_out_read, i32 38, i32 47" [firmware/nnet_utils/nnet_activation_stream.h:539]   --->   Operation 20 'partselect' 'trunc_ln539_6' <Predicate = true> <Delay = 0.00>
ST_1 : Operation 21 [1/1] (0.30ns)   --->   "%select_ln538_13 = select i1 %icmp_ln538_13, i10 %trunc_ln539_6, i10 0" [firmware/nnet_utils/nnet_activation_stream.h:538]   --->   Operation 21 'select' 'select_ln538_13' <Predicate = true> <Delay = 0.30> <CoreInst = "Sel">   --->   Core 73 'Sel' <Latency = 0> <II = 1> <Delay = 0.30> <FuncUnit> <Opcode : 'select'> <InPorts = 3> <OutPorts = 1>
ST_1 : Operation 22 [1/1] (1.46ns)   --->   "%icmp_ln538_14 = icmp_sgt  i28 %trunc_ln531_7, i28 0" [firmware/nnet_utils/nnet_activation_stream.h:538]   --->   Operation 22 'icmp' 'icmp_ln538_14' <Predicate = true> <Delay = 1.46> <CoreInst = "Cmp">   --->   Core 9 'Cmp' <Latency = 0> <II = 1> <Delay = 1.46> <FuncUnit> <Opcode : 'seteq' 'setne' 'setle' 'setge' 'setlt' 'setgt'> <InPorts = 2> <OutPorts = 1>
ST_1 : Operation 23 [1/1] (0.00ns)   --->   "%trunc_ln539_7 = partselect i10 @_ssdm_op_PartSelect.i10.i112.i32.i32, i112 %layer7_out_read, i32 66, i32 75" [firmware/nnet_utils/nnet_activation_stream.h:539]   --->   Operation 23 'partselect' 'trunc_ln539_7' <Predicate = true> <Delay = 0.00>
ST_1 : Operation 24 [1/1] (0.30ns)   --->   "%select_ln538_14 = select i1 %icmp_ln538_14, i10 %trunc_ln539_7, i10 0" [firmware/nnet_utils/nnet_activation_stream.h:538]   --->   Operation 24 'select' 'select_ln538_14' <Predicate = true> <Delay = 0.30> <CoreInst = "Sel">   --->   Core 73 'Sel' <Latency = 0> <II = 1> <Delay = 0.30> <FuncUnit> <Opcode : 'select'> <InPorts = 3> <OutPorts = 1>
ST_1 : Operation 25 [1/1] (1.46ns)   --->   "%icmp_ln538_15 = icmp_sgt  i28 %trunc_ln531_s, i28 0" [firmware/nnet_utils/nnet_activation_stream.h:538]   --->   Operation 25 'icmp' 'icmp_ln538_15' <Predicate = true> <Delay = 1.46> <CoreInst = "Cmp">   --->   Core 9 'Cmp' <Latency = 0> <II = 1> <Delay = 1.46> <FuncUnit> <Opcode : 'seteq' 'setne' 'setle' 'setge' 'setlt' 'setgt'> <InPorts = 2> <OutPorts = 1>
ST_1 : Operation 26 [1/1] (0.00ns)   --->   "%trunc_ln539_s = partselect i10 @_ssdm_op_PartSelect.i10.i112.i32.i32, i112 %layer7_out_read, i32 94, i32 103" [firmware/nnet_utils/nnet_activation_stream.h:539]   --->   Operation 26 'partselect' 'trunc_ln539_s' <Predicate = true> <Delay = 0.00>
ST_1 : Operation 27 [1/1] (0.30ns)   --->   "%select_ln538_15 = select i1 %icmp_ln538_15, i10 %trunc_ln539_s, i10 0" [firmware/nnet_utils/nnet_activation_stream.h:538]   --->   Operation 27 'select' 'select_ln538_15' <Predicate = true> <Delay = 0.30> <CoreInst = "Sel">   --->   Core 73 'Sel' <Latency = 0> <II = 1> <Delay = 0.30> <FuncUnit> <Opcode : 'select'> <InPorts = 3> <OutPorts = 1>
ST_1 : Operation 28 [1/1] (1.38ns)   --->   "%i = add i14 %i_22, i14 1" [firmware/nnet_utils/nnet_activation_stream.h:528]   --->   Operation 28 'add' 'i' <Predicate = true> <Delay = 1.38> <CoreInst = "Adder">   --->   Core 1 'Adder' <Latency = 0> <II = 1> <Delay = 1.38> <FuncUnit> <Opcode : 'add' 'sub'> <InPorts = 2> <OutPorts = 1>
ST_1 : Operation 29 [1/1] (1.38ns)   --->   "%icmp_ln528 = icmp_eq  i14 %i_22, i14 16383" [firmware/nnet_utils/nnet_activation_stream.h:528]   --->   Operation 29 'icmp' 'icmp_ln528' <Predicate = true> <Delay = 1.38> <CoreInst = "Cmp">   --->   Core 9 'Cmp' <Latency = 0> <II = 1> <Delay = 1.38> <FuncUnit> <Opcode : 'seteq' 'setne' 'setle' 'setge' 'setlt' 'setgt'> <InPorts = 2> <OutPorts = 1>
ST_1 : Operation 30 [1/1] (0.53ns)   --->   "%store_ln528 = store i14 %i, i14 %i_21" [firmware/nnet_utils/nnet_activation_stream.h:528]   --->   Operation 30 'store' 'store_ln528' <Predicate = true> <Delay = 0.53>
ST_1 : Operation 31 [1/1] (0.00ns)   --->   "%br_ln528 = br i1 %icmp_ln528, void %ThresholdedReLUPackLoop.split, void %for.end15" [firmware/nnet_utils/nnet_activation_stream.h:528]   --->   Operation 31 'br' 'br_ln528' <Predicate = true> <Delay = 0.00>

State 2 <SV = 1> <Delay = 1.82>
ST_2 : Operation 32 [1/1] (0.00ns)   --->   "%specpipeline_ln529 = specpipeline void @_ssdm_op_SpecPipeline, i32 4294967295, i32 0, i32 0, i32 0, i32 4294967295, void @empty_1" [firmware/nnet_utils/nnet_activation_stream.h:529]   --->   Operation 32 'specpipeline' 'specpipeline_ln529' <Predicate = true> <Delay = 0.00>
ST_2 : Operation 33 [1/1] (0.00ns)   --->   "%speclooptripcount_ln528 = speclooptripcount void @_ssdm_op_SpecLoopTripCount, i64 16384, i64 16384, i64 16384" [firmware/nnet_utils/nnet_activation_stream.h:528]   --->   Operation 33 'speclooptripcount' 'speclooptripcount_ln528' <Predicate = true> <Delay = 0.00>
ST_2 : Operation 34 [1/1] (0.00ns)   --->   "%specloopname_ln528 = specloopname void @_ssdm_op_SpecLoopName, void @empty_12" [firmware/nnet_utils/nnet_activation_stream.h:528]   --->   Operation 34 'specloopname' 'specloopname_ln528' <Predicate = true> <Delay = 0.00>
ST_2 : Operation 35 [1/1] (0.00ns)   --->   "%or_ln544_s = bitconcatenate i40 @_ssdm_op_BitConcatenate.i40.i10.i10.i10.i10, i10 %select_ln538_15, i10 %select_ln538_14, i10 %select_ln538_13, i10 %select_ln538" [firmware/nnet_utils/nnet_activation_stream.h:544]   --->   Operation 35 'bitconcatenate' 'or_ln544_s' <Predicate = true> <Delay = 0.00>
ST_2 : Operation 36 [1/1] ( I:1.82ns O:1.82ns )   --->   "%write_ln544 = write void @_ssdm_op_Write.ap_fifo.volatile.i40P0A, i40 %layer8_out, i40 %or_ln544_s" [firmware/nnet_utils/nnet_activation_stream.h:544]   --->   Operation 36 'write' 'write_ln544' <Predicate = true> <Delay = 1.82> <CoreInst = "FIFO_SRL">   --->   Core 80 'FIFO_SRL' <Latency = 0> <II = 1> <Delay = 2.06> <Storage> <Opcode : 'read' 'write' 'nbread' 'nbwrite'> <Ports = 0> <Width = 40> <Depth = 8> <FIFO>
ST_2 : Operation 37 [1/1] (0.53ns)   --->   "%ret_ln546 = ret" [firmware/nnet_utils/nnet_activation_stream.h:546]   --->   Operation 37 'ret' 'ret_ln546' <Predicate = (icmp_ln528)> <Delay = 0.53>


============================================================
+ Verbose Summary: Binding
============================================================
STG Binding: 
---------------- STG Properties BEGIN ----------------
- Is combinational: 0
- Is one-state seq: 0
- Is datapath-only: 0
- Is pipelined: 0
- Is top level: 0
Port [ Return ] is wired: 1; IO mode=ap_ctrl_hs:ce=0
Port [ layer7_out]:  wired=1; compound=1; hidden=0; nouse=0; global=0; static=0; extern=0; dir=0; type=3; pingpong=0; private_global=0; IO mode=ap_fifo:ce=0
Port [ layer8_out]:  wired=1; compound=1; hidden=0; nouse=0; global=0; static=0; extern=0; dir=1; type=3; pingpong=0; private_global=0; IO mode=ap_fifo:ce=0
---------------- STG Properties END ------------------

---------------- Datapath Model BEGIN ----------------

<LifeTime>
<method=bitvector/>
i_21                    (alloca           ) [ 010]
specinterface_ln0       (specinterface    ) [ 000]
specinterface_ln0       (specinterface    ) [ 000]
store_ln528             (store            ) [ 000]
br_ln528                (br               ) [ 000]
i_22                    (load             ) [ 000]
layer7_out_read         (read             ) [ 000]
trunc_ln531             (trunc            ) [ 000]
trunc_ln531_6           (partselect       ) [ 000]
trunc_ln531_7           (partselect       ) [ 000]
trunc_ln531_s           (partselect       ) [ 000]
icmp_ln538              (icmp             ) [ 000]
trunc_ln5               (partselect       ) [ 000]
select_ln538            (select           ) [ 011]
icmp_ln538_13           (icmp             ) [ 000]
trunc_ln539_6           (partselect       ) [ 000]
select_ln538_13         (select           ) [ 011]
icmp_ln538_14           (icmp             ) [ 000]
trunc_ln539_7           (partselect       ) [ 000]
select_ln538_14         (select           ) [ 011]
icmp_ln538_15           (icmp             ) [ 000]
trunc_ln539_s           (partselect       ) [ 000]
select_ln538_15         (select           ) [ 011]
i                       (add              ) [ 000]
icmp_ln528              (icmp             ) [ 011]
store_ln528             (store            ) [ 000]
br_ln528                (br               ) [ 000]
specpipeline_ln529      (specpipeline     ) [ 000]
speclooptripcount_ln528 (speclooptripcount) [ 000]
specloopname_ln528      (specloopname     ) [ 000]
or_ln544_s              (bitconcatenate   ) [ 000]
write_ln544             (write            ) [ 000]
ret_ln546               (ret              ) [ 000]
</LifeTime>

<model>

<comp_list>
<comp id="0" class="1000" name="layer7_out">
<pin_list>
<pin id="1" dir="1" index="0" bw="1" slack="0"/>
</pin_list>
<bind>
<StgValue><ssdm name="layer7_out"/></StgValue>
</bind>
</comp>

<comp id="2" class="1000" name="layer8_out">
<pin_list>
<pin id="3" dir="1" index="0" bw="1" slack="0"/>
</pin_list>
<bind>
<StgValue><ssdm name="layer8_out"/></StgValue>
</bind>
</comp>

<comp id="4" class="1001" name="const_4">
<pin_list>
<pin id="5" dir="1" index="0" bw="1" slack="0"/>
</pin_list>
<bind>
<StgValue><ssdm name=""/></StgValue>
</bind>
</comp>

<comp id="6" class="1001" name="const_6">
<pin_list>
<pin id="7" dir="1" index="0" bw="1" slack="2147483647"/>
</pin_list>
<bind>
<StgValue><ssdm name="_ssdm_op_SpecInterface"/></StgValue>
</bind>
</comp>

<comp id="8" class="1001" name="const_8">
<pin_list>
<pin id="9" dir="1" index="0" bw="1" slack="2147483647"/>
</pin_list>
<bind>
<StgValue><ssdm name="empty_2"/></StgValue>
</bind>
</comp>

<comp id="10" class="1001" name="const_10">
<pin_list>
<pin id="11" dir="1" index="0" bw="1" slack="2147483647"/>
</pin_list>
<bind>
<StgValue><ssdm name=""/></StgValue>
</bind>
</comp>

<comp id="12" class="1001" name="const_12">
<pin_list>
<pin id="13" dir="1" index="0" bw="1" slack="2147483647"/>
</pin_list>
<bind>
<StgValue><ssdm name="empty_1"/></StgValue>
</bind>
</comp>

<comp id="14" class="1001" name="const_14">
<pin_list>
<pin id="15" dir="1" index="0" bw="1" slack="2147483647"/>
</pin_list>
<bind>
<StgValue><ssdm name=""/></StgValue>
</bind>
</comp>

<comp id="16" class="1001" name="const_16">
<pin_list>
<pin id="17" dir="1" index="0" bw="1" slack="0"/>
</pin_list>
<bind>
<StgValue><ssdm name=""/></StgValue>
</bind>
</comp>

<comp id="18" class="1001" name="const_18">
<pin_list>
<pin id="19" dir="1" index="0" bw="1" slack="0"/>
</pin_list>
<bind>
<StgValue><ssdm name="_ssdm_op_Read.ap_fifo.volatile.i112P0A"/></StgValue>
</bind>
</comp>

<comp id="20" class="1001" name="const_20">
<pin_list>
<pin id="21" dir="1" index="0" bw="1" slack="0"/>
</pin_list>
<bind>
<StgValue><ssdm name="_ssdm_op_PartSelect.i28.i112.i32.i32"/></StgValue>
</bind>
</comp>

<comp id="22" class="1001" name="const_22">
<pin_list>
<pin id="23" dir="1" index="0" bw="1" slack="0"/>
</pin_list>
<bind>
<StgValue><ssdm name=""/></StgValue>
</bind>
</comp>

<comp id="24" class="1001" name="const_24">
<pin_list>
<pin id="25" dir="1" index="0" bw="1" slack="0"/>
</pin_list>
<bind>
<StgValue><ssdm name=""/></StgValue>
</bind>
</comp>

<comp id="26" class="1001" name="const_26">
<pin_list>
<pin id="27" dir="1" index="0" bw="1" slack="0"/>
</pin_list>
<bind>
<StgValue><ssdm name=""/></StgValue>
</bind>
</comp>

<comp id="28" class="1001" name="const_28">
<pin_list>
<pin id="29" dir="1" index="0" bw="1" slack="0"/>
</pin_list>
<bind>
<StgValue><ssdm name=""/></StgValue>
</bind>
</comp>

<comp id="30" class="1001" name="const_30">
<pin_list>
<pin id="31" dir="1" index="0" bw="1" slack="0"/>
</pin_list>
<bind>
<StgValue><ssdm name=""/></StgValue>
</bind>
</comp>

<comp id="32" class="1001" name="const_32">
<pin_list>
<pin id="33" dir="1" index="0" bw="1" slack="0"/>
</pin_list>
<bind>
<StgValue><ssdm name=""/></StgValue>
</bind>
</comp>

<comp id="34" class="1001" name="const_34">
<pin_list>
<pin id="35" dir="1" index="0" bw="1" slack="0"/>
</pin_list>
<bind>
<StgValue><ssdm name=""/></StgValue>
</bind>
</comp>

<comp id="36" class="1001" name="const_36">
<pin_list>
<pin id="37" dir="1" index="0" bw="1" slack="0"/>
</pin_list>
<bind>
<StgValue><ssdm name="_ssdm_op_PartSelect.i10.i112.i32.i32"/></StgValue>
</bind>
</comp>

<comp id="38" class="1001" name="const_38">
<pin_list>
<pin id="39" dir="1" index="0" bw="1" slack="0"/>
</pin_list>
<bind>
<StgValue><ssdm name=""/></StgValue>
</bind>
</comp>

<comp id="40" class="1001" name="const_40">
<pin_list>
<pin id="41" dir="1" index="0" bw="1" slack="0"/>
</pin_list>
<bind>
<StgValue><ssdm name=""/></StgValue>
</bind>
</comp>

<comp id="42" class="1001" name="const_42">
<pin_list>
<pin id="43" dir="1" index="0" bw="1" slack="0"/>
</pin_list>
<bind>
<StgValue><ssdm name=""/></StgValue>
</bind>
</comp>

<comp id="44" class="1001" name="const_44">
<pin_list>
<pin id="45" dir="1" index="0" bw="1" slack="0"/>
</pin_list>
<bind>
<StgValue><ssdm name=""/></StgValue>
</bind>
</comp>

<comp id="46" class="1001" name="const_46">
<pin_list>
<pin id="47" dir="1" index="0" bw="1" slack="0"/>
</pin_list>
<bind>
<StgValue><ssdm name=""/></StgValue>
</bind>
</comp>

<comp id="48" class="1001" name="const_48">
<pin_list>
<pin id="49" dir="1" index="0" bw="1" slack="0"/>
</pin_list>
<bind>
<StgValue><ssdm name=""/></StgValue>
</bind>
</comp>

<comp id="50" class="1001" name="const_50">
<pin_list>
<pin id="51" dir="1" index="0" bw="1" slack="0"/>
</pin_list>
<bind>
<StgValue><ssdm name=""/></StgValue>
</bind>
</comp>

<comp id="52" class="1001" name="const_52">
<pin_list>
<pin id="53" dir="1" index="0" bw="1" slack="0"/>
</pin_list>
<bind>
<StgValue><ssdm name=""/></StgValue>
</bind>
</comp>

<comp id="54" class="1001" name="const_54">
<pin_list>
<pin id="55" dir="1" index="0" bw="1" slack="0"/>
</pin_list>
<bind>
<StgValue><ssdm name=""/></StgValue>
</bind>
</comp>

<comp id="56" class="1001" name="const_56">
<pin_list>
<pin id="57" dir="1" index="0" bw="1" slack="0"/>
</pin_list>
<bind>
<StgValue><ssdm name=""/></StgValue>
</bind>
</comp>

<comp id="58" class="1001" name="const_58">
<pin_list>
<pin id="59" dir="1" index="0" bw="1" slack="0"/>
</pin_list>
<bind>
<StgValue><ssdm name=""/></StgValue>
</bind>
</comp>

<comp id="60" class="1001" name="const_60">
<pin_list>
<pin id="61" dir="1" index="0" bw="1" slack="2147483647"/>
</pin_list>
<bind>
<StgValue><ssdm name="_ssdm_op_SpecPipeline"/></StgValue>
</bind>
</comp>

<comp id="62" class="1001" name="const_62">
<pin_list>
<pin id="63" dir="1" index="0" bw="1" slack="2147483647"/>
</pin_list>
<bind>
<StgValue><ssdm name="_ssdm_op_SpecLoopTripCount"/></StgValue>
</bind>
</comp>

<comp id="64" class="1001" name="const_64">
<pin_list>
<pin id="65" dir="1" index="0" bw="1" slack="2147483647"/>
</pin_list>
<bind>
<StgValue><ssdm name=""/></StgValue>
</bind>
</comp>

<comp id="66" class="1001" name="const_66">
<pin_list>
<pin id="67" dir="1" index="0" bw="1" slack="2147483647"/>
</pin_list>
<bind>
<StgValue><ssdm name="_ssdm_op_SpecLoopName"/></StgValue>
</bind>
</comp>

<comp id="68" class="1001" name="const_68">
<pin_list>
<pin id="69" dir="1" index="0" bw="1" slack="2147483647"/>
</pin_list>
<bind>
<StgValue><ssdm name="empty_12"/></StgValue>
</bind>
</comp>

<comp id="70" class="1001" name="const_70">
<pin_list>
<pin id="71" dir="1" index="0" bw="1" slack="0"/>
</pin_list>
<bind>
<StgValue><ssdm name="_ssdm_op_BitConcatenate.i40.i10.i10.i10.i10"/></StgValue>
</bind>
</comp>

<comp id="72" class="1001" name="const_72">
<pin_list>
<pin id="73" dir="1" index="0" bw="1" slack="0"/>
</pin_list>
<bind>
<StgValue><ssdm name="_ssdm_op_Write.ap_fifo.volatile.i40P0A"/></StgValue>
</bind>
</comp>

<comp id="74" class="1004" name="i_21_fu_74">
<pin_list>
<pin id="75" dir="0" index="0" bw="1" slack="0"/>
<pin id="76" dir="1" index="1" bw="14" slack="0"/>
</pin_list>
<bind>
<opcode="alloca(26) " fcode="alloca"/>
<opset="i_21/1 "/>
</bind>
</comp>

<comp id="78" class="1004" name="layer7_out_read_read_fu_78">
<pin_list>
<pin id="79" dir="0" index="0" bw="112" slack="0"/>
<pin id="80" dir="0" index="1" bw="112" slack="0"/>
<pin id="81" dir="1" index="2" bw="112" slack="0"/>
</pin_list>
<bind>
<opcode="read(1150) " fcode="read"/>
<opset="layer7_out_read/1 "/>
</bind>
</comp>

<comp id="84" class="1004" name="write_ln544_write_fu_84">
<pin_list>
<pin id="85" dir="0" index="0" bw="0" slack="0"/>
<pin id="86" dir="0" index="1" bw="40" slack="0"/>
<pin id="87" dir="0" index="2" bw="40" slack="0"/>
<pin id="88" dir="1" index="3" bw="0" slack="2147483647"/>
</pin_list>
<bind>
<opcode="write(1151) " fcode="write"/>
<opset="write_ln544/2 "/>
</bind>
</comp>

<comp id="91" class="1004" name="store_ln528_store_fu_91">
<pin_list>
<pin id="92" dir="0" index="0" bw="1" slack="0"/>
<pin id="93" dir="0" index="1" bw="14" slack="0"/>
<pin id="94" dir="1" index="2" bw="0" slack="2147483647"/>
</pin_list>
<bind>
<opcode="store(28) " fcode="store"/>
<opset="store_ln528/1 "/>
</bind>
</comp>

<comp id="96" class="1004" name="i_22_load_fu_96">
<pin_list>
<pin id="97" dir="0" index="0" bw="14" slack="0"/>
<pin id="98" dir="1" index="1" bw="14" slack="0"/>
</pin_list>
<bind>
<opcode="load(27) " fcode="load"/>
<opset="i_22/1 "/>
</bind>
</comp>

<comp id="99" class="1004" name="trunc_ln531_fu_99">
<pin_list>
<pin id="100" dir="0" index="0" bw="112" slack="0"/>
<pin id="101" dir="1" index="1" bw="28" slack="0"/>
</pin_list>
<bind>
<opcode="trunc(33) " fcode="trunc"/>
<opset="trunc_ln531/1 "/>
</bind>
</comp>

<comp id="103" class="1004" name="trunc_ln531_6_fu_103">
<pin_list>
<pin id="104" dir="0" index="0" bw="28" slack="0"/>
<pin id="105" dir="0" index="1" bw="112" slack="0"/>
<pin id="106" dir="0" index="2" bw="6" slack="0"/>
<pin id="107" dir="0" index="3" bw="7" slack="0"/>
<pin id="108" dir="1" index="4" bw="28" slack="0"/>
</pin_list>
<bind>
<opcode="partselect(1002) " fcode="partselect"/>
<opset="trunc_ln531_6/1 "/>
</bind>
</comp>

<comp id="113" class="1004" name="trunc_ln531_7_fu_113">
<pin_list>
<pin id="114" dir="0" index="0" bw="28" slack="0"/>
<pin id="115" dir="0" index="1" bw="112" slack="0"/>
<pin id="116" dir="0" index="2" bw="7" slack="0"/>
<pin id="117" dir="0" index="3" bw="8" slack="0"/>
<pin id="118" dir="1" index="4" bw="28" slack="0"/>
</pin_list>
<bind>
<opcode="partselect(1002) " fcode="partselect"/>
<opset="trunc_ln531_7/1 "/>
</bind>
</comp>

<comp id="123" class="1004" name="trunc_ln531_s_fu_123">
<pin_list>
<pin id="124" dir="0" index="0" bw="28" slack="0"/>
<pin id="125" dir="0" index="1" bw="112" slack="0"/>
<pin id="126" dir="0" index="2" bw="8" slack="0"/>
<pin id="127" dir="0" index="3" bw="8" slack="0"/>
<pin id="128" dir="1" index="4" bw="28" slack="0"/>
</pin_list>
<bind>
<opcode="partselect(1002) " fcode="partselect"/>
<opset="trunc_ln531_s/1 "/>
</bind>
</comp>

<comp id="133" class="1004" name="icmp_ln538_fu_133">
<pin_list>
<pin id="134" dir="0" index="0" bw="28" slack="0"/>
<pin id="135" dir="0" index="1" bw="28" slack="0"/>
<pin id="136" dir="1" index="2" bw="1" slack="0"/>
</pin_list>
<bind>
<opcode="icmp(45) " fcode="icmp"/>
<opset="icmp_ln538/1 "/>
</bind>
</comp>

<comp id="139" class="1004" name="trunc_ln5_fu_139">
<pin_list>
<pin id="140" dir="0" index="0" bw="10" slack="0"/>
<pin id="141" dir="0" index="1" bw="112" slack="0"/>
<pin id="142" dir="0" index="2" bw="5" slack="0"/>
<pin id="143" dir="0" index="3" bw="6" slack="0"/>
<pin id="144" dir="1" index="4" bw="10" slack="0"/>
</pin_list>
<bind>
<opcode="partselect(1002) " fcode="partselect"/>
<opset="trunc_ln5/1 "/>
</bind>
</comp>

<comp id="149" class="1004" name="select_ln538_fu_149">
<pin_list>
<pin id="150" dir="0" index="0" bw="1" slack="0"/>
<pin id="151" dir="0" index="1" bw="10" slack="0"/>
<pin id="152" dir="0" index="2" bw="10" slack="0"/>
<pin id="153" dir="1" index="3" bw="10" slack="1"/>
</pin_list>
<bind>
<opcode="select(49) " fcode="select"/>
<opset="select_ln538/1 "/>
</bind>
</comp>

<comp id="157" class="1004" name="icmp_ln538_13_fu_157">
<pin_list>
<pin id="158" dir="0" index="0" bw="28" slack="0"/>
<pin id="159" dir="0" index="1" bw="28" slack="0"/>
<pin id="160" dir="1" index="2" bw="1" slack="0"/>
</pin_list>
<bind>
<opcode="icmp(45) " fcode="icmp"/>
<opset="icmp_ln538_13/1 "/>
</bind>
</comp>

<comp id="163" class="1004" name="trunc_ln539_6_fu_163">
<pin_list>
<pin id="164" dir="0" index="0" bw="10" slack="0"/>
<pin id="165" dir="0" index="1" bw="112" slack="0"/>
<pin id="166" dir="0" index="2" bw="7" slack="0"/>
<pin id="167" dir="0" index="3" bw="7" slack="0"/>
<pin id="168" dir="1" index="4" bw="10" slack="0"/>
</pin_list>
<bind>
<opcode="partselect(1002) " fcode="partselect"/>
<opset="trunc_ln539_6/1 "/>
</bind>
</comp>

<comp id="173" class="1004" name="select_ln538_13_fu_173">
<pin_list>
<pin id="174" dir="0" index="0" bw="1" slack="0"/>
<pin id="175" dir="0" index="1" bw="10" slack="0"/>
<pin id="176" dir="0" index="2" bw="10" slack="0"/>
<pin id="177" dir="1" index="3" bw="10" slack="1"/>
</pin_list>
<bind>
<opcode="select(49) " fcode="select"/>
<opset="select_ln538_13/1 "/>
</bind>
</comp>

<comp id="181" class="1004" name="icmp_ln538_14_fu_181">
<pin_list>
<pin id="182" dir="0" index="0" bw="28" slack="0"/>
<pin id="183" dir="0" index="1" bw="28" slack="0"/>
<pin id="184" dir="1" index="2" bw="1" slack="0"/>
</pin_list>
<bind>
<opcode="icmp(45) " fcode="icmp"/>
<opset="icmp_ln538_14/1 "/>
</bind>
</comp>

<comp id="187" class="1004" name="trunc_ln539_7_fu_187">
<pin_list>
<pin id="188" dir="0" index="0" bw="10" slack="0"/>
<pin id="189" dir="0" index="1" bw="112" slack="0"/>
<pin id="190" dir="0" index="2" bw="8" slack="0"/>
<pin id="191" dir="0" index="3" bw="8" slack="0"/>
<pin id="192" dir="1" index="4" bw="10" slack="0"/>
</pin_list>
<bind>
<opcode="partselect(1002) " fcode="partselect"/>
<opset="trunc_ln539_7/1 "/>
</bind>
</comp>

<comp id="197" class="1004" name="select_ln538_14_fu_197">
<pin_list>
<pin id="198" dir="0" index="0" bw="1" slack="0"/>
<pin id="199" dir="0" index="1" bw="10" slack="0"/>
<pin id="200" dir="0" index="2" bw="10" slack="0"/>
<pin id="201" dir="1" index="3" bw="10" slack="1"/>
</pin_list>
<bind>
<opcode="select(49) " fcode="select"/>
<opset="select_ln538_14/1 "/>
</bind>
</comp>

<comp id="205" class="1004" name="icmp_ln538_15_fu_205">
<pin_list>
<pin id="206" dir="0" index="0" bw="28" slack="0"/>
<pin id="207" dir="0" index="1" bw="28" slack="0"/>
<pin id="208" dir="1" index="2" bw="1" slack="0"/>
</pin_list>
<bind>
<opcode="icmp(45) " fcode="icmp"/>
<opset="icmp_ln538_15/1 "/>
</bind>
</comp>

<comp id="211" class="1004" name="trunc_ln539_s_fu_211">
<pin_list>
<pin id="212" dir="0" index="0" bw="10" slack="0"/>
<pin id="213" dir="0" index="1" bw="112" slack="0"/>
<pin id="214" dir="0" index="2" bw="8" slack="0"/>
<pin id="215" dir="0" index="3" bw="8" slack="0"/>
<pin id="216" dir="1" index="4" bw="10" slack="0"/>
</pin_list>
<bind>
<opcode="partselect(1002) " fcode="partselect"/>
<opset="trunc_ln539_s/1 "/>
</bind>
</comp>

<comp id="221" class="1004" name="select_ln538_15_fu_221">
<pin_list>
<pin id="222" dir="0" index="0" bw="1" slack="0"/>
<pin id="223" dir="0" index="1" bw="10" slack="0"/>
<pin id="224" dir="0" index="2" bw="10" slack="0"/>
<pin id="225" dir="1" index="3" bw="10" slack="1"/>
</pin_list>
<bind>
<opcode="select(49) " fcode="select"/>
<opset="select_ln538_15/1 "/>
</bind>
</comp>

<comp id="229" class="1004" name="i_fu_229">
<pin_list>
<pin id="230" dir="0" index="0" bw="14" slack="0"/>
<pin id="231" dir="0" index="1" bw="1" slack="0"/>
<pin id="232" dir="1" index="2" bw="14" slack="0"/>
</pin_list>
<bind>
<opcode="add(8) " fcode="add"/>
<opset="i/1 "/>
</bind>
</comp>

<comp id="235" class="1004" name="icmp_ln528_fu_235">
<pin_list>
<pin id="236" dir="0" index="0" bw="14" slack="0"/>
<pin id="237" dir="0" index="1" bw="14" slack="0"/>
<pin id="238" dir="1" index="2" bw="1" slack="1"/>
</pin_list>
<bind>
<opcode="icmp(45) " fcode="icmp"/>
<opset="icmp_ln528/1 "/>
</bind>
</comp>

<comp id="241" class="1004" name="store_ln528_store_fu_241">
<pin_list>
<pin id="242" dir="0" index="0" bw="14" slack="0"/>
<pin id="243" dir="0" index="1" bw="14" slack="0"/>
<pin id="244" dir="1" index="2" bw="0" slack="2147483647"/>
</pin_list>
<bind>
<opcode="store(28) " fcode="store"/>
<opset="store_ln528/1 "/>
</bind>
</comp>

<comp id="246" class="1004" name="or_ln544_s_fu_246">
<pin_list>
<pin id="247" dir="0" index="0" bw="40" slack="0"/>
<pin id="248" dir="0" index="1" bw="10" slack="1"/>
<pin id="249" dir="0" index="2" bw="10" slack="1"/>
<pin id="250" dir="0" index="3" bw="10" slack="1"/>
<pin id="251" dir="0" index="4" bw="10" slack="1"/>
<pin id="252" dir="1" index="5" bw="40" slack="0"/>
</pin_list>
<bind>
<opcode="bitconcatenate(1004) " fcode="bitconcatenate"/>
<opset="or_ln544_s/2 "/>
</bind>
</comp>

<comp id="255" class="1005" name="i_21_reg_255">
<pin_list>
<pin id="256" dir="0" index="0" bw="14" slack="0"/>
<pin id="257" dir="1" index="1" bw="14" slack="0"/>
</pin_list>
<bind>
<opset="i_21 "/>
</bind>
</comp>

<comp id="262" class="1005" name="select_ln538_reg_262">
<pin_list>
<pin id="263" dir="0" index="0" bw="10" slack="1"/>
<pin id="264" dir="1" index="1" bw="10" slack="1"/>
</pin_list>
<bind>
<opset="select_ln538 "/>
</bind>
</comp>

<comp id="267" class="1005" name="select_ln538_13_reg_267">
<pin_list>
<pin id="268" dir="0" index="0" bw="10" slack="1"/>
<pin id="269" dir="1" index="1" bw="10" slack="1"/>
</pin_list>
<bind>
<opset="select_ln538_13 "/>
</bind>
</comp>

<comp id="272" class="1005" name="select_ln538_14_reg_272">
<pin_list>
<pin id="273" dir="0" index="0" bw="10" slack="1"/>
<pin id="274" dir="1" index="1" bw="10" slack="1"/>
</pin_list>
<bind>
<opset="select_ln538_14 "/>
</bind>
</comp>

<comp id="277" class="1005" name="select_ln538_15_reg_277">
<pin_list>
<pin id="278" dir="0" index="0" bw="10" slack="1"/>
<pin id="279" dir="1" index="1" bw="10" slack="1"/>
</pin_list>
<bind>
<opset="select_ln538_15 "/>
</bind>
</comp>

<comp id="282" class="1005" name="icmp_ln528_reg_282">
<pin_list>
<pin id="283" dir="0" index="0" bw="1" slack="1"/>
<pin id="284" dir="1" index="1" bw="1" slack="2147483647"/>
</pin_list>
<bind>
<opset="icmp_ln528 "/>
</bind>
</comp>

</comp_list>

<net_list>
<net id="77"><net_src comp="4" pin="0"/><net_sink comp="74" pin=0"/></net>

<net id="82"><net_src comp="18" pin="0"/><net_sink comp="78" pin=0"/></net>

<net id="83"><net_src comp="0" pin="0"/><net_sink comp="78" pin=1"/></net>

<net id="89"><net_src comp="72" pin="0"/><net_sink comp="84" pin=0"/></net>

<net id="90"><net_src comp="2" pin="0"/><net_sink comp="84" pin=1"/></net>

<net id="95"><net_src comp="16" pin="0"/><net_sink comp="91" pin=0"/></net>

<net id="102"><net_src comp="78" pin="2"/><net_sink comp="99" pin=0"/></net>

<net id="109"><net_src comp="20" pin="0"/><net_sink comp="103" pin=0"/></net>

<net id="110"><net_src comp="78" pin="2"/><net_sink comp="103" pin=1"/></net>

<net id="111"><net_src comp="22" pin="0"/><net_sink comp="103" pin=2"/></net>

<net id="112"><net_src comp="24" pin="0"/><net_sink comp="103" pin=3"/></net>

<net id="119"><net_src comp="20" pin="0"/><net_sink comp="113" pin=0"/></net>

<net id="120"><net_src comp="78" pin="2"/><net_sink comp="113" pin=1"/></net>

<net id="121"><net_src comp="26" pin="0"/><net_sink comp="113" pin=2"/></net>

<net id="122"><net_src comp="28" pin="0"/><net_sink comp="113" pin=3"/></net>

<net id="129"><net_src comp="20" pin="0"/><net_sink comp="123" pin=0"/></net>

<net id="130"><net_src comp="78" pin="2"/><net_sink comp="123" pin=1"/></net>

<net id="131"><net_src comp="30" pin="0"/><net_sink comp="123" pin=2"/></net>

<net id="132"><net_src comp="32" pin="0"/><net_sink comp="123" pin=3"/></net>

<net id="137"><net_src comp="99" pin="1"/><net_sink comp="133" pin=0"/></net>

<net id="138"><net_src comp="34" pin="0"/><net_sink comp="133" pin=1"/></net>

<net id="145"><net_src comp="36" pin="0"/><net_sink comp="139" pin=0"/></net>

<net id="146"><net_src comp="78" pin="2"/><net_sink comp="139" pin=1"/></net>

<net id="147"><net_src comp="38" pin="0"/><net_sink comp="139" pin=2"/></net>

<net id="148"><net_src comp="40" pin="0"/><net_sink comp="139" pin=3"/></net>

<net id="154"><net_src comp="133" pin="2"/><net_sink comp="149" pin=0"/></net>

<net id="155"><net_src comp="139" pin="4"/><net_sink comp="149" pin=1"/></net>

<net id="156"><net_src comp="42" pin="0"/><net_sink comp="149" pin=2"/></net>

<net id="161"><net_src comp="103" pin="4"/><net_sink comp="157" pin=0"/></net>

<net id="162"><net_src comp="34" pin="0"/><net_sink comp="157" pin=1"/></net>

<net id="169"><net_src comp="36" pin="0"/><net_sink comp="163" pin=0"/></net>

<net id="170"><net_src comp="78" pin="2"/><net_sink comp="163" pin=1"/></net>

<net id="171"><net_src comp="44" pin="0"/><net_sink comp="163" pin=2"/></net>

<net id="172"><net_src comp="46" pin="0"/><net_sink comp="163" pin=3"/></net>

<net id="178"><net_src comp="157" pin="2"/><net_sink comp="173" pin=0"/></net>

<net id="179"><net_src comp="163" pin="4"/><net_sink comp="173" pin=1"/></net>

<net id="180"><net_src comp="42" pin="0"/><net_sink comp="173" pin=2"/></net>

<net id="185"><net_src comp="113" pin="4"/><net_sink comp="181" pin=0"/></net>

<net id="186"><net_src comp="34" pin="0"/><net_sink comp="181" pin=1"/></net>

<net id="193"><net_src comp="36" pin="0"/><net_sink comp="187" pin=0"/></net>

<net id="194"><net_src comp="78" pin="2"/><net_sink comp="187" pin=1"/></net>

<net id="195"><net_src comp="48" pin="0"/><net_sink comp="187" pin=2"/></net>

<net id="196"><net_src comp="50" pin="0"/><net_sink comp="187" pin=3"/></net>

<net id="202"><net_src comp="181" pin="2"/><net_sink comp="197" pin=0"/></net>

<net id="203"><net_src comp="187" pin="4"/><net_sink comp="197" pin=1"/></net>

<net id="204"><net_src comp="42" pin="0"/><net_sink comp="197" pin=2"/></net>

<net id="209"><net_src comp="123" pin="4"/><net_sink comp="205" pin=0"/></net>

<net id="210"><net_src comp="34" pin="0"/><net_sink comp="205" pin=1"/></net>

<net id="217"><net_src comp="36" pin="0"/><net_sink comp="211" pin=0"/></net>

<net id="218"><net_src comp="78" pin="2"/><net_sink comp="211" pin=1"/></net>

<net id="219"><net_src comp="52" pin="0"/><net_sink comp="211" pin=2"/></net>

<net id="220"><net_src comp="54" pin="0"/><net_sink comp="211" pin=3"/></net>

<net id="226"><net_src comp="205" pin="2"/><net_sink comp="221" pin=0"/></net>

<net id="227"><net_src comp="211" pin="4"/><net_sink comp="221" pin=1"/></net>

<net id="228"><net_src comp="42" pin="0"/><net_sink comp="221" pin=2"/></net>

<net id="233"><net_src comp="96" pin="1"/><net_sink comp="229" pin=0"/></net>

<net id="234"><net_src comp="56" pin="0"/><net_sink comp="229" pin=1"/></net>

<net id="239"><net_src comp="96" pin="1"/><net_sink comp="235" pin=0"/></net>

<net id="240"><net_src comp="58" pin="0"/><net_sink comp="235" pin=1"/></net>

<net id="245"><net_src comp="229" pin="2"/><net_sink comp="241" pin=0"/></net>

<net id="253"><net_src comp="70" pin="0"/><net_sink comp="246" pin=0"/></net>

<net id="254"><net_src comp="246" pin="5"/><net_sink comp="84" pin=2"/></net>

<net id="258"><net_src comp="74" pin="1"/><net_sink comp="255" pin=0"/></net>

<net id="259"><net_src comp="255" pin="1"/><net_sink comp="91" pin=1"/></net>

<net id="260"><net_src comp="255" pin="1"/><net_sink comp="96" pin=0"/></net>

<net id="261"><net_src comp="255" pin="1"/><net_sink comp="241" pin=1"/></net>

<net id="265"><net_src comp="149" pin="3"/><net_sink comp="262" pin=0"/></net>

<net id="266"><net_src comp="262" pin="1"/><net_sink comp="246" pin=4"/></net>

<net id="270"><net_src comp="173" pin="3"/><net_sink comp="267" pin=0"/></net>

<net id="271"><net_src comp="267" pin="1"/><net_sink comp="246" pin=3"/></net>

<net id="275"><net_src comp="197" pin="3"/><net_sink comp="272" pin=0"/></net>

<net id="276"><net_src comp="272" pin="1"/><net_sink comp="246" pin=2"/></net>

<net id="280"><net_src comp="221" pin="3"/><net_sink comp="277" pin=0"/></net>

<net id="281"><net_src comp="277" pin="1"/><net_sink comp="246" pin=1"/></net>

<net id="285"><net_src comp="235" pin="2"/><net_sink comp="282" pin=0"/></net>

</net_list>

</model> 
---------------- Datapath Model END ------------------

* FSMD analyzer results:
  - Output states:
	Port: layer8_out | {2 }
 - Input state : 
	Port: thresholded_relu<array,ap_fixed,array<ap_fixed,4u>,thresholdedrelu_config8> : layer7_out | {1 }
  - Chain level:
	State 1
		store_ln528 : 1
		i_22 : 1
		icmp_ln538 : 1
		select_ln538 : 2
		icmp_ln538_13 : 1
		select_ln538_13 : 2
		icmp_ln538_14 : 1
		select_ln538_14 : 2
		icmp_ln538_15 : 1
		select_ln538_15 : 2
		i : 2
		icmp_ln528 : 2
		store_ln528 : 3
		br_ln528 : 3
	State 2
		write_ln544 : 1


============================================================
+ Verbose Summary: Datapath Resource usage 
============================================================

* Functional unit list:
|----------|----------------------------|---------|---------|
| Operation|       Functional Unit      |    FF   |   LUT   |
|----------|----------------------------|---------|---------|
|          |      icmp_ln538_fu_133     |    0    |    35   |
|          |    icmp_ln538_13_fu_157    |    0    |    35   |
|   icmp   |    icmp_ln538_14_fu_181    |    0    |    35   |
|          |    icmp_ln538_15_fu_205    |    0    |    35   |
|          |      icmp_ln528_fu_235     |    0    |    21   |
|----------|----------------------------|---------|---------|
|          |     select_ln538_fu_149    |    0    |    10   |
|  select  |   select_ln538_13_fu_173   |    0    |    10   |
|          |   select_ln538_14_fu_197   |    0    |    10   |
|          |   select_ln538_15_fu_221   |    0    |    10   |
|----------|----------------------------|---------|---------|
|    add   |          i_fu_229          |    0    |    21   |
|----------|----------------------------|---------|---------|
|   read   | layer7_out_read_read_fu_78 |    0    |    0    |
|----------|----------------------------|---------|---------|
|   write  |   write_ln544_write_fu_84  |    0    |    0    |
|----------|----------------------------|---------|---------|
|   trunc  |      trunc_ln531_fu_99     |    0    |    0    |
|----------|----------------------------|---------|---------|
|          |    trunc_ln531_6_fu_103    |    0    |    0    |
|          |    trunc_ln531_7_fu_113    |    0    |    0    |
|          |    trunc_ln531_s_fu_123    |    0    |    0    |
|partselect|      trunc_ln5_fu_139      |    0    |    0    |
|          |    trunc_ln539_6_fu_163    |    0    |    0    |
|          |    trunc_ln539_7_fu_187    |    0    |    0    |
|          |    trunc_ln539_s_fu_211    |    0    |    0    |
|----------|----------------------------|---------|---------|
|bitconcatenate|      or_ln544_s_fu_246     |    0    |    0    |
|----------|----------------------------|---------|---------|
|   Total  |                            |    0    |   222   |
|----------|----------------------------|---------|---------|

Memories:
N/A

* Register list:
+-----------------------+--------+
|                       |   FF   |
+-----------------------+--------+
|      i_21_reg_255     |   14   |
|   icmp_ln528_reg_282  |    1   |
|select_ln538_13_reg_267|   10   |
|select_ln538_14_reg_272|   10   |
|select_ln538_15_reg_277|   10   |
|  select_ln538_reg_262 |   10   |
+-----------------------+--------+
|         Total         |   55   |
+-----------------------+--------+

* Multiplexer (MUX) list: 
|--------|------|------|------|--------|
|  Comp  |  Pin | Size |  BW  | S x BW |
|--------|------|------|------|--------|
|  Total |      |      |      |    0   |
|--------|------|------|------|--------|



* Summary:
+-----------+--------+--------+
|           |   FF   |   LUT  |
+-----------+--------+--------+
|  Function |    0   |   222  |
|   Memory  |    -   |    -   |
|Multiplexer|    -   |    -   |
|  Register |   55   |    -   |
+-----------+--------+--------+
|   Total   |   55   |   222  |
+-----------+--------+--------+
