

================================================================
== Vitis HLS Report for 'thresholded_relu_array_ap_fixed_array_ap_fixed_6u_thresholdedrelu_config11_s'
================================================================
* Date:           Wed Apr 22 16:01:57 2026

* Version:        2023.2 (Build 4023990 on Oct 11 2023)
* Project:        folo_prj
* Solution:       solution1 (Vivado IP Flow Target)
* Product family: kintexu
* Target device:  xcku035-fbva676-2-e


================================================================
== Performance Estimates
================================================================
+ Timing: 
    * Summary: 
    +--------+---------+----------+------------+
    |  Clock |  Target | Estimated| Uncertainty|
    +--------+---------+----------+------------+
    |ap_clk  |  5.00 ns|  3.515 ns|     1.35 ns|
    +--------+---------+----------+------------+

+ Latency: 
    * Summary: 
    +---------+---------+-----------+-----------+------+------+---------+
    |  Latency (cycles) |   Latency (absolute)  |   Interval  | Pipeline|
    |   min   |   max   |    min    |    max    |  min |  max |   Type  |
    +---------+---------+-----------+-----------+------+------+---------+
    |     4099|     4099|  20.495 us|  20.495 us|  4099|  4099|       no|
    +---------+---------+-----------+-----------+------+------+---------+

    + Detail: 
        * Instance: 
        N/A

        * Loop: 
        +--------------------------+---------+---------+----------+-----------+-----------+------+----------+
        |                          |  Latency (cycles) | Iteration|  Initiation Interval  | Trip |          |
        |         Loop Name        |   min   |   max   |  Latency |  achieved |   target  | Count| Pipelined|
        +--------------------------+---------+---------+----------+-----------+-----------+------+----------+
        |- ThresholdedReLUActLoop  |     4097|     4097|         3|          1|          1|  4096|       yes|
        +--------------------------+---------+---------+----------+-----------+-----------+------+----------+

============================================================
+ Verbose Summary: Synthesis Manager
============================================================
InlineROM: 1
ExposeGlobal: 0
============================================================
+ Verbose Summary: CDFG Model
============================================================
IsTopModel: 0
ResetActiveHigh: 1
IsCombinational: 2
IsDatapathOnly: 0
HasWiredReturn: 1
HasMFsm: 2
HasVarLatency: 1
IsPipeline: 0
IsRtlPipelined: 0
IsInstanceOverlapped: 0
IsDontTouch: 0
HasImplIP: 0
IsGatedGlobalClock: 0

+ Individual pipeline summary: 
  * Pipeline-0: initiation interval (II) = 1, depth = 3


============================================================
+ Verbose Summary: Schedule
============================================================
* Number of FSM states : 3
* Pipeline : 1
  Pipeline-0 : II = 1, D = 3, States = { 1 2 3 }
* Dataflow Pipeline: 0

* FSM state transitions: 
1 --> 2 
2 --> 3 
3 --> 

* FSM state operations: 

State 1 <SV = 0> <Delay = 2.44>
ST_1 : Operation 6 [1/1] (0.00ns)   --->   "%i_03 = alloca i32 1" [firmware/nnet_utils/nnet_activation_stream.h:528]   --->   Operation 6 'alloca' 'i_03' <Predicate = true> <Delay = 0.00>
ST_1 : Operation 7 [1/1] (0.00ns)   --->   "%specinterface_ln0 = specinterface void @_ssdm_op_SpecInterface, i72 %layer11_out, void @empty_13, i32 0, i32 0, void @empty_8, i32 0, i32 0, void @empty_8, void @empty_8, void @empty_8, i32 0, i32 0, i32 0, i32 0, void @empty_8, void @empty_8, i32 4294967295, i32 0"   --->   Operation 7 'specinterface' 'specinterface_ln0' <Predicate = true> <Delay = 0.00>
ST_1 : Operation 8 [1/1] (0.00ns)   --->   "%specinterface_ln0 = specinterface void @_ssdm_op_SpecInterface, i72 %layer10_out, void @empty_13, i32 0, i32 0, void @empty_8, i32 0, i32 0, void @empty_8, void @empty_8, void @empty_8, i32 0, i32 0, i32 0, i32 0, void @empty_8, void @empty_8, i32 4294967295, i32 0"   --->   Operation 8 'specinterface' 'specinterface_ln0' <Predicate = true> <Delay = 0.00>
ST_1 : Operation 9 [1/1] (0.53ns)   --->   "%store_ln528 = store i13 0, i13 %i_03" [firmware/nnet_utils/nnet_activation_stream.h:528]   --->   Operation 9 'store' 'store_ln528' <Predicate = true> <Delay = 0.53>
ST_1 : Operation 10 [1/1] (0.00ns)   --->   "%br_ln528 = br void %ThresholdedReLUPackLoop" [firmware/nnet_utils/nnet_activation_stream.h:528]   --->   Operation 10 'br' 'br_ln528' <Predicate = true> <Delay = 0.00>
ST_1 : Operation 11 [1/1] (0.00ns)   --->   "%i = load i13 %i_03" [firmware/nnet_utils/nnet_activation_stream.h:528]   --->   Operation 11 'load' 'i' <Predicate = true> <Delay = 0.00>
ST_1 : Operation 12 [1/1] (1.36ns)   --->   "%icmp_ln528 = icmp_eq  i13 %i, i13 4096" [firmware/nnet_utils/nnet_activation_stream.h:528]   --->   Operation 12 'icmp' 'icmp_ln528' <Predicate = true> <Delay = 1.36> <CoreInst = "Cmp">   --->   Core 9 'Cmp' <Latency = 0> <II = 1> <Delay = 1.36> <FuncUnit> <Opcode : 'icmp'> <InPorts = 2> <OutPorts = 1>
ST_1 : Operation 13 [1/1] (1.36ns)   --->   "%i_10 = add i13 %i, i13 1" [firmware/nnet_utils/nnet_activation_stream.h:528]   --->   Operation 13 'add' 'i_10' <Predicate = true> <Delay = 1.36> <CoreInst = "Adder">   --->   Core 1 'Adder' <Latency = 0> <II = 1> <Delay = 1.36> <FuncUnit> <Opcode : 'add' 'sub'> <InPorts = 2> <OutPorts = 1>
ST_1 : Operation 14 [1/1] (0.00ns)   --->   "%br_ln528 = br i1 %icmp_ln528, void %ThresholdedReLUPackLoop.split, void %for.end14" [firmware/nnet_utils/nnet_activation_stream.h:528]   --->   Operation 14 'br' 'br_ln528' <Predicate = true> <Delay = 0.00>
ST_1 : Operation 15 [1/1] (0.53ns)   --->   "%store_ln528 = store i13 %i_10, i13 %i_03" [firmware/nnet_utils/nnet_activation_stream.h:528]   --->   Operation 15 'store' 'store_ln528' <Predicate = (!icmp_ln528)> <Delay = 0.53>

State 2 <SV = 1> <Delay = 3.51>
ST_2 : Operation 16 [1/1] (1.82ns)   --->   "%layer10_out_read = read i72 @_ssdm_op_Read.ap_fifo.volatile.i72P0A, i72 %layer10_out" [firmware/nnet_utils/nnet_activation_stream.h:531]   --->   Operation 16 'read' 'layer10_out_read' <Predicate = true> <Delay = 1.82> <CoreInst = "FIFO">   --->   Core 78 'FIFO' <Latency = 0> <II = 1> <Delay = 2.16> <Storage> <Opcode : 'read' 'write' 'nbread' 'nbwrite'> <Ports = 0> <Width = 72> <Depth = 4096> <FIFO>
ST_2 : Operation 17 [1/1] (0.00ns)   --->   "%out_data = trunc i72 %layer10_out_read" [firmware/nnet_utils/nnet_activation_stream.h:531]   --->   Operation 17 'trunc' 'out_data' <Predicate = true> <Delay = 0.00>
ST_2 : Operation 18 [1/1] (0.00ns)   --->   "%trunc_ln531_29 = trunc i72 %layer10_out_read" [firmware/nnet_utils/nnet_activation_stream.h:531]   --->   Operation 18 'trunc' 'trunc_ln531_29' <Predicate = true> <Delay = 0.00>
ST_2 : Operation 19 [1/1] (0.00ns)   --->   "%out_data_20 = partselect i12 @_ssdm_op_PartSelect.i12.i72.i32.i32, i72 %layer10_out_read, i32 12, i32 23" [firmware/nnet_utils/nnet_activation_stream.h:531]   --->   Operation 19 'partselect' 'out_data_20' <Predicate = true> <Delay = 0.00>
ST_2 : Operation 20 [1/1] (0.00ns)   --->   "%trunc_ln531_s = partselect i11 @_ssdm_op_PartSelect.i11.i72.i32.i32, i72 %layer10_out_read, i32 12, i32 22" [firmware/nnet_utils/nnet_activation_stream.h:531]   --->   Operation 20 'partselect' 'trunc_ln531_s' <Predicate = true> <Delay = 0.00>
ST_2 : Operation 21 [1/1] (0.00ns)   --->   "%out_data_4 = partselect i12 @_ssdm_op_PartSelect.i12.i72.i32.i32, i72 %layer10_out_read, i32 24, i32 35" [firmware/nnet_utils/nnet_activation_stream.h:531]   --->   Operation 21 'partselect' 'out_data_4' <Predicate = true> <Delay = 0.00>
ST_2 : Operation 22 [1/1] (0.00ns)   --->   "%trunc_ln531_15 = partselect i11 @_ssdm_op_PartSelect.i11.i72.i32.i32, i72 %layer10_out_read, i32 24, i32 34" [firmware/nnet_utils/nnet_activation_stream.h:531]   --->   Operation 22 'partselect' 'trunc_ln531_15' <Predicate = true> <Delay = 0.00>
ST_2 : Operation 23 [1/1] (0.00ns)   --->   "%out_data_5 = partselect i12 @_ssdm_op_PartSelect.i12.i72.i32.i32, i72 %layer10_out_read, i32 36, i32 47" [firmware/nnet_utils/nnet_activation_stream.h:531]   --->   Operation 23 'partselect' 'out_data_5' <Predicate = true> <Delay = 0.00>
ST_2 : Operation 24 [1/1] (0.00ns)   --->   "%trunc_ln531_16 = partselect i11 @_ssdm_op_PartSelect.i11.i72.i32.i32, i72 %layer10_out_read, i32 36, i32 46" [firmware/nnet_utils/nnet_activation_stream.h:531]   --->   Operation 24 'partselect' 'trunc_ln531_16' <Predicate = true> <Delay = 0.00>
ST_2 : Operation 25 [1/1] (0.00ns)   --->   "%trunc_ln531_17 = partselect i12 @_ssdm_op_PartSelect.i12.i72.i32.i32, i72 %layer10_out_read, i32 48, i32 59" [firmware/nnet_utils/nnet_activation_stream.h:531]   --->   Operation 25 'partselect' 'trunc_ln531_17' <Predicate = true> <Delay = 0.00>
ST_2 : Operation 26 [1/1] (0.00ns)   --->   "%trunc_ln531_18 = partselect i11 @_ssdm_op_PartSelect.i11.i72.i32.i32, i72 %layer10_out_read, i32 48, i32 58" [firmware/nnet_utils/nnet_activation_stream.h:531]   --->   Operation 26 'partselect' 'trunc_ln531_18' <Predicate = true> <Delay = 0.00>
ST_2 : Operation 27 [1/1] (0.00ns)   --->   "%trunc_ln531_19 = partselect i12 @_ssdm_op_PartSelect.i12.i72.i32.i32, i72 %layer10_out_read, i32 60, i32 71" [firmware/nnet_utils/nnet_activation_stream.h:531]   --->   Operation 27 'partselect' 'trunc_ln531_19' <Predicate = true> <Delay = 0.00>
ST_2 : Operation 28 [1/1] (0.00ns)   --->   "%trunc_ln = partselect i11 @_ssdm_op_PartSelect.i11.i72.i32.i32, i72 %layer10_out_read, i32 60, i32 70" [firmware/nnet_utils/nnet_activation_stream.h:538]   --->   Operation 28 'partselect' 'trunc_ln' <Predicate = true> <Delay = 0.00>
ST_2 : Operation 29 [1/1] (1.35ns)   --->   "%icmp_ln538 = icmp_sgt  i12 %out_data, i12 0" [firmware/nnet_utils/nnet_activation_stream.h:538]   --->   Operation 29 'icmp' 'icmp_ln538' <Predicate = true> <Delay = 1.35> <CoreInst = "Cmp">   --->   Core 9 'Cmp' <Latency = 0> <II = 1> <Delay = 1.35> <FuncUnit> <Opcode : 'icmp'> <InPorts = 2> <OutPorts = 1>
ST_2 : Operation 30 [1/1] (0.33ns)   --->   "%out_data_19 = select i1 %icmp_ln538, i11 %trunc_ln531_29, i11 0" [firmware/nnet_utils/nnet_activation_stream.h:538]   --->   Operation 30 'select' 'out_data_19' <Predicate = true> <Delay = 0.33> <CoreInst = "Sel">   --->   Core 73 'Sel' <Latency = 0> <II = 1> <Delay = 0.33> <FuncUnit> <Opcode : 'select'> <InPorts = 3> <OutPorts = 1>
ST_2 : Operation 31 [1/1] (1.35ns)   --->   "%icmp_ln538_20 = icmp_sgt  i12 %out_data_20, i12 0" [firmware/nnet_utils/nnet_activation_stream.h:538]   --->   Operation 31 'icmp' 'icmp_ln538_20' <Predicate = true> <Delay = 1.35> <CoreInst = "Cmp">   --->   Core 9 'Cmp' <Latency = 0> <II = 1> <Delay = 1.35> <FuncUnit> <Opcode : 'icmp'> <InPorts = 2> <OutPorts = 1>
ST_2 : Operation 32 [1/1] (0.33ns)   --->   "%out_data_21 = select i1 %icmp_ln538_20, i11 %trunc_ln531_s, i11 0" [firmware/nnet_utils/nnet_activation_stream.h:538]   --->   Operation 32 'select' 'out_data_21' <Predicate = true> <Delay = 0.33> <CoreInst = "Sel">   --->   Core 73 'Sel' <Latency = 0> <II = 1> <Delay = 0.33> <FuncUnit> <Opcode : 'select'> <InPorts = 3> <OutPorts = 1>
ST_2 : Operation 33 [1/1] (1.35ns)   --->   "%icmp_ln538_21 = icmp_sgt  i12 %out_data_4, i12 0" [firmware/nnet_utils/nnet_activation_stream.h:538]   --->   Operation 33 'icmp' 'icmp_ln538_21' <Predicate = true> <Delay = 1.35> <CoreInst = "Cmp">   --->   Core 9 'Cmp' <Latency = 0> <II = 1> <Delay = 1.35> <FuncUnit> <Opcode : 'icmp'> <InPorts = 2> <OutPorts = 1>
ST_2 : Operation 34 [1/1] (0.33ns)   --->   "%out_data_22 = select i1 %icmp_ln538_21, i11 %trunc_ln531_15, i11 0" [firmware/nnet_utils/nnet_activation_stream.h:538]   --->   Operation 34 'select' 'out_data_22' <Predicate = true> <Delay = 0.33> <CoreInst = "Sel">   --->   Core 73 'Sel' <Latency = 0> <II = 1> <Delay = 0.33> <FuncUnit> <Opcode : 'select'> <InPorts = 3> <OutPorts = 1>
ST_2 : Operation 35 [1/1] (1.35ns)   --->   "%icmp_ln538_22 = icmp_sgt  i12 %out_data_5, i12 0" [firmware/nnet_utils/nnet_activation_stream.h:538]   --->   Operation 35 'icmp' 'icmp_ln538_22' <Predicate = true> <Delay = 1.35> <CoreInst = "Cmp">   --->   Core 9 'Cmp' <Latency = 0> <II = 1> <Delay = 1.35> <FuncUnit> <Opcode : 'icmp'> <InPorts = 2> <OutPorts = 1>
ST_2 : Operation 36 [1/1] (0.33ns)   --->   "%out_data_23 = select i1 %icmp_ln538_22, i11 %trunc_ln531_16, i11 0" [firmware/nnet_utils/nnet_activation_stream.h:538]   --->   Operation 36 'select' 'out_data_23' <Predicate = true> <Delay = 0.33> <CoreInst = "Sel">   --->   Core 73 'Sel' <Latency = 0> <II = 1> <Delay = 0.33> <FuncUnit> <Opcode : 'select'> <InPorts = 3> <OutPorts = 1>
ST_2 : Operation 37 [1/1] (1.35ns)   --->   "%icmp_ln538_23 = icmp_sgt  i12 %trunc_ln531_17, i12 0" [firmware/nnet_utils/nnet_activation_stream.h:538]   --->   Operation 37 'icmp' 'icmp_ln538_23' <Predicate = true> <Delay = 1.35> <CoreInst = "Cmp">   --->   Core 9 'Cmp' <Latency = 0> <II = 1> <Delay = 1.35> <FuncUnit> <Opcode : 'icmp'> <InPorts = 2> <OutPorts = 1>
ST_2 : Operation 38 [1/1] (0.33ns)   --->   "%select_ln538 = select i1 %icmp_ln538_23, i11 %trunc_ln531_18, i11 0" [firmware/nnet_utils/nnet_activation_stream.h:538]   --->   Operation 38 'select' 'select_ln538' <Predicate = true> <Delay = 0.33> <CoreInst = "Sel">   --->   Core 73 'Sel' <Latency = 0> <II = 1> <Delay = 0.33> <FuncUnit> <Opcode : 'select'> <InPorts = 3> <OutPorts = 1>
ST_2 : Operation 39 [1/1] (1.35ns)   --->   "%icmp_ln538_24 = icmp_sgt  i12 %trunc_ln531_19, i12 0" [firmware/nnet_utils/nnet_activation_stream.h:538]   --->   Operation 39 'icmp' 'icmp_ln538_24' <Predicate = true> <Delay = 1.35> <CoreInst = "Cmp">   --->   Core 9 'Cmp' <Latency = 0> <II = 1> <Delay = 1.35> <FuncUnit> <Opcode : 'icmp'> <InPorts = 2> <OutPorts = 1>
ST_2 : Operation 40 [1/1] (0.33ns)   --->   "%select_ln538_8 = select i1 %icmp_ln538_24, i11 %trunc_ln, i11 0" [firmware/nnet_utils/nnet_activation_stream.h:538]   --->   Operation 40 'select' 'select_ln538_8' <Predicate = true> <Delay = 0.33> <CoreInst = "Sel">   --->   Core 73 'Sel' <Latency = 0> <II = 1> <Delay = 0.33> <FuncUnit> <Opcode : 'select'> <InPorts = 3> <OutPorts = 1>
ST_2 : Operation 53 [1/1] (0.00ns)   --->   "%ret_ln546 = ret" [firmware/nnet_utils/nnet_activation_stream.h:546]   --->   Operation 53 'ret' 'ret_ln546' <Predicate = (icmp_ln528)> <Delay = 0.00>

State 3 <SV = 2> <Delay = 1.82>
ST_3 : Operation 41 [1/1] (0.00ns)   --->   "%specpipeline_ln529 = specpipeline void @_ssdm_op_SpecPipeline, i32 4294967295, i32 0, i32 0, i32 0, void @empty_8" [firmware/nnet_utils/nnet_activation_stream.h:529]   --->   Operation 41 'specpipeline' 'specpipeline_ln529' <Predicate = true> <Delay = 0.00>
ST_3 : Operation 42 [1/1] (0.00ns)   --->   "%speclooptripcount_ln528 = speclooptripcount void @_ssdm_op_SpecLoopTripCount, i64 4096, i64 4096, i64 4096" [firmware/nnet_utils/nnet_activation_stream.h:528]   --->   Operation 42 'speclooptripcount' 'speclooptripcount_ln528' <Predicate = true> <Delay = 0.00>
ST_3 : Operation 43 [1/1] (0.00ns)   --->   "%specloopname_ln528 = specloopname void @_ssdm_op_SpecLoopName, void @empty_4" [firmware/nnet_utils/nnet_activation_stream.h:528]   --->   Operation 43 'specloopname' 'specloopname_ln528' <Predicate = true> <Delay = 0.00>
ST_3 : Operation 44 [1/1] (0.00ns)   --->   "%zext_ln532 = zext i11 %out_data_19" [firmware/nnet_utils/nnet_activation_stream.h:532]   --->   Operation 44 'zext' 'zext_ln532' <Predicate = true> <Delay = 0.00>
ST_3 : Operation 45 [1/1] (0.00ns)   --->   "%zext_ln532_10 = zext i11 %out_data_21" [firmware/nnet_utils/nnet_activation_stream.h:532]   --->   Operation 45 'zext' 'zext_ln532_10' <Predicate = true> <Delay = 0.00>
ST_3 : Operation 46 [1/1] (0.00ns)   --->   "%zext_ln532_11 = zext i11 %out_data_22" [firmware/nnet_utils/nnet_activation_stream.h:532]   --->   Operation 46 'zext' 'zext_ln532_11' <Predicate = true> <Delay = 0.00>
ST_3 : Operation 47 [1/1] (0.00ns)   --->   "%zext_ln532_12 = zext i11 %out_data_23" [firmware/nnet_utils/nnet_activation_stream.h:532]   --->   Operation 47 'zext' 'zext_ln532_12' <Predicate = true> <Delay = 0.00>
ST_3 : Operation 48 [1/1] (0.00ns)   --->   "%zext_ln538 = zext i11 %select_ln538" [firmware/nnet_utils/nnet_activation_stream.h:538]   --->   Operation 48 'zext' 'zext_ln538' <Predicate = true> <Delay = 0.00>
ST_3 : Operation 49 [1/1] (0.00ns)   --->   "%or_ln544_s = bitconcatenate i71 @_ssdm_op_BitConcatenate.i71.i11.i12.i12.i12.i12.i12, i11 %select_ln538_8, i12 %zext_ln538, i12 %zext_ln532_12, i12 %zext_ln532_11, i12 %zext_ln532_10, i12 %zext_ln532" [firmware/nnet_utils/nnet_activation_stream.h:544]   --->   Operation 49 'bitconcatenate' 'or_ln544_s' <Predicate = true> <Delay = 0.00>
ST_3 : Operation 50 [1/1] (0.00ns)   --->   "%zext_ln544 = zext i71 %or_ln544_s" [firmware/nnet_utils/nnet_activation_stream.h:544]   --->   Operation 50 'zext' 'zext_ln544' <Predicate = true> <Delay = 0.00>
ST_3 : Operation 51 [1/1] (1.82ns)   --->   "%write_ln544 = write void @_ssdm_op_Write.ap_fifo.volatile.i72P0A, i72 %layer11_out, i72 %zext_ln544" [firmware/nnet_utils/nnet_activation_stream.h:544]   --->   Operation 51 'write' 'write_ln544' <Predicate = true> <Delay = 1.82> <CoreInst = "FIFO">   --->   Core 78 'FIFO' <Latency = 0> <II = 1> <Delay = 2.16> <Storage> <Opcode : 'read' 'write' 'nbread' 'nbwrite'> <Ports = 0> <Width = 72> <Depth = 4096> <FIFO>
ST_3 : Operation 52 [1/1] (0.00ns)   --->   "%br_ln528 = br void %ThresholdedReLUPackLoop" [firmware/nnet_utils/nnet_activation_stream.h:528]   --->   Operation 52 'br' 'br_ln528' <Predicate = true> <Delay = 0.00>


============================================================
+ Verbose Summary: Timing violations
============================================================
Target clock period: 5.000ns, clock uncertainty: 1.350ns.

 <State 1>: 2.445ns
The critical path consists of the following:
	'store' operation 0 bit ('store_ln528', firmware/nnet_utils/nnet_activation_stream.h:528) of constant 0 on local variable 'i', firmware/nnet_utils/nnet_activation_stream.h:528 [6]  (0.538 ns)
	'load' operation 13 bit ('i', firmware/nnet_utils/nnet_activation_stream.h:528) on local variable 'i', firmware/nnet_utils/nnet_activation_stream.h:528 [9]  (0.000 ns)
	'add' operation 13 bit ('i', firmware/nnet_utils/nnet_activation_stream.h:528) [11]  (1.369 ns)
	'store' operation 0 bit ('store_ln528', firmware/nnet_utils/nnet_activation_stream.h:528) of variable 'i', firmware/nnet_utils/nnet_activation_stream.h:528 on local variable 'i', firmware/nnet_utils/nnet_activation_stream.h:528 [50]  (0.538 ns)

 <State 2>: 3.515ns
The critical path consists of the following:
	fifo read operation ('layer10_out_read', firmware/nnet_utils/nnet_activation_stream.h:531) on port 'layer10_out' (firmware/nnet_utils/nnet_activation_stream.h:531) [17]  (1.825 ns)
	'icmp' operation 1 bit ('icmp_ln538', firmware/nnet_utils/nnet_activation_stream.h:538) [30]  (1.352 ns)
	'select' operation 11 bit ('out_data', firmware/nnet_utils/nnet_activation_stream.h:538) [31]  (0.338 ns)

 <State 3>: 1.825ns
The critical path consists of the following:
	fifo write operation ('write_ln544', firmware/nnet_utils/nnet_activation_stream.h:544) on port 'layer11_out' (firmware/nnet_utils/nnet_activation_stream.h:544) [49]  (1.825 ns)


============================================================
+ Verbose Summary: Binding
============================================================
N/A
* FSMD analyzer results:
  - Output states:
 - Input state : 
  - Chain level:
	State 1
	State 2
	State 3


============================================================
+ Verbose Summary: Datapath Resource usage 
============================================================
N/A
