

================================================================
== Vitis HLS Report for 'thresholded_relu_array_ap_fixed_array_ap_fixed_16u_thresholdedrelu_config9_s'
================================================================
* Date:           Sat Apr  4 17:12:39 2026

* Version:        2023.2 (Build 4023990 on Oct 11 2023)
* Project:        folo_prj
* Solution:       solution1 (Vivado IP Flow Target)
* Product family: kintexu
* Target device:  xcku035-fbva676-2-e


================================================================
== Performance Estimates
================================================================
+ Timing: 
    * Summary: 
    +--------+---------+----------+------------+
    |  Clock |  Target | Estimated| Uncertainty|
    +--------+---------+----------+------------+
    |ap_clk  |  5.00 ns|  3.391 ns|     1.35 ns|
    +--------+---------+----------+------------+

+ Latency: 
    * Summary: 
    +---------+---------+-----------+-----------+------+------+---------+
    |  Latency (cycles) |   Latency (absolute)  |   Interval  | Pipeline|
    |   min   |   max   |    min    |    max    |  min |  max |   Type  |
    +---------+---------+-----------+-----------+------+------+---------+
    |     4099|     4099|  20.495 us|  20.495 us|  4099|  4099|       no|
    +---------+---------+-----------+-----------+------+------+---------+

    + Detail: 
        * Instance: 
        N/A

        * Loop: 
        +--------------------------+---------+---------+----------+-----------+-----------+------+----------+
        |                          |  Latency (cycles) | Iteration|  Initiation Interval  | Trip |          |
        |         Loop Name        |   min   |   max   |  Latency |  achieved |   target  | Count| Pipelined|
        +--------------------------+---------+---------+----------+-----------+-----------+------+----------+
        |- ThresholdedReLUActLoop  |     4097|     4097|         3|          1|          1|  4096|       yes|
        +--------------------------+---------+---------+----------+-----------+-----------+------+----------+

============================================================
+ Verbose Summary: Synthesis Manager
============================================================
InlineROM: 1
ExposeGlobal: 0
============================================================
+ Verbose Summary: CDFG Model
============================================================
IsTopModel: 0
ResetActiveHigh: 1
IsCombinational: 2
IsDatapathOnly: 0
HasWiredReturn: 1
HasMFsm: 2
HasVarLatency: 1
IsPipeline: 0
IsRtlPipelined: 0
IsInstanceOverlapped: 0
IsDontTouch: 0
HasImplIP: 0
IsGatedGlobalClock: 0

+ Individual pipeline summary: 
  * Pipeline-0: initiation interval (II) = 1, depth = 3


============================================================
+ Verbose Summary: Schedule
============================================================
* Number of FSM states : 3
* Pipeline : 1
  Pipeline-0 : II = 1, D = 3, States = { 1 2 3 }
* Dataflow Pipeline: 0

* FSM state transitions: 
1 --> 2 
2 --> 3 
3 --> 

* FSM state operations: 

State 1 <SV = 0> <Delay = 2.44>
ST_1 : Operation 6 [1/1] (0.00ns)   --->   "%i_3 = alloca i32 1" [firmware/nnet_utils/nnet_activation_stream.h:528]   --->   Operation 6 'alloca' 'i_3' <Predicate = true> <Delay = 0.00>
ST_1 : Operation 7 [1/1] (0.00ns)   --->   "%specinterface_ln0 = specinterface void @_ssdm_op_SpecInterface, i256 %layer9_out, void @empty_3, i32 0, i32 0, void @empty_2, i32 0, i32 0, void @empty_2, void @empty_2, void @empty_2, i32 0, i32 0, i32 0, i32 0, void @empty_2, void @empty_2, i32 4294967295, i32 0"   --->   Operation 7 'specinterface' 'specinterface_ln0' <Predicate = true> <Delay = 0.00>
ST_1 : Operation 8 [1/1] (0.00ns)   --->   "%specinterface_ln0 = specinterface void @_ssdm_op_SpecInterface, i656 %layer7_out, void @empty_3, i32 0, i32 0, void @empty_2, i32 0, i32 0, void @empty_2, void @empty_2, void @empty_2, i32 0, i32 0, i32 0, i32 0, void @empty_2, void @empty_2, i32 4294967295, i32 0"   --->   Operation 8 'specinterface' 'specinterface_ln0' <Predicate = true> <Delay = 0.00>
ST_1 : Operation 9 [1/1] (0.53ns)   --->   "%store_ln528 = store i13 0, i13 %i_3" [firmware/nnet_utils/nnet_activation_stream.h:528]   --->   Operation 9 'store' 'store_ln528' <Predicate = true> <Delay = 0.53>
ST_1 : Operation 10 [1/1] (0.00ns)   --->   "%br_ln528 = br void %ThresholdedReLUPackLoop" [firmware/nnet_utils/nnet_activation_stream.h:528]   --->   Operation 10 'br' 'br_ln528' <Predicate = true> <Delay = 0.00>
ST_1 : Operation 11 [1/1] (0.00ns)   --->   "%i = load i13 %i_3" [firmware/nnet_utils/nnet_activation_stream.h:528]   --->   Operation 11 'load' 'i' <Predicate = true> <Delay = 0.00>
ST_1 : Operation 12 [1/1] (1.36ns)   --->   "%icmp_ln528 = icmp_eq  i13 %i, i13 4096" [firmware/nnet_utils/nnet_activation_stream.h:528]   --->   Operation 12 'icmp' 'icmp_ln528' <Predicate = true> <Delay = 1.36> <CoreInst = "Cmp">   --->   Core 9 'Cmp' <Latency = 0> <II = 1> <Delay = 1.36> <FuncUnit> <Opcode : 'icmp'> <InPorts = 2> <OutPorts = 1>
ST_1 : Operation 13 [1/1] (1.36ns)   --->   "%i_5 = add i13 %i, i13 1" [firmware/nnet_utils/nnet_activation_stream.h:528]   --->   Operation 13 'add' 'i_5' <Predicate = true> <Delay = 1.36> <CoreInst = "Adder">   --->   Core 1 'Adder' <Latency = 0> <II = 1> <Delay = 1.36> <FuncUnit> <Opcode : 'add' 'sub'> <InPorts = 2> <OutPorts = 1>
ST_1 : Operation 14 [1/1] (0.00ns)   --->   "%br_ln528 = br i1 %icmp_ln528, void %ThresholdedReLUPackLoop.split, void %for.end15" [firmware/nnet_utils/nnet_activation_stream.h:528]   --->   Operation 14 'br' 'br_ln528' <Predicate = true> <Delay = 0.00>
ST_1 : Operation 15 [1/1] (0.53ns)   --->   "%store_ln528 = store i13 %i_5, i13 %i_3" [firmware/nnet_utils/nnet_activation_stream.h:528]   --->   Operation 15 'store' 'store_ln528' <Predicate = (!icmp_ln528)> <Delay = 0.53>

State 2 <SV = 1> <Delay = 3.39>
ST_2 : Operation 16 [1/1] (1.82ns)   --->   "%layer7_out_read = read i656 @_ssdm_op_Read.ap_fifo.volatile.i656P0A, i656 %layer7_out" [firmware/nnet_utils/nnet_activation_stream.h:531]   --->   Operation 16 'read' 'layer7_out_read' <Predicate = true> <Delay = 1.82> <CoreInst = "FIFO">   --->   Core 78 'FIFO' <Latency = 0> <II = 1> <Delay = 2.16> <Storage> <Opcode : 'read' 'write' 'nbread' 'nbwrite'> <Ports = 0> <Width = 656> <Depth = 4096> <FIFO>
ST_2 : Operation 17 [1/1] (0.00ns)   --->   "%trunc_ln531 = trunc i656 %layer7_out_read" [firmware/nnet_utils/nnet_activation_stream.h:531]   --->   Operation 17 'trunc' 'trunc_ln531' <Predicate = true> <Delay = 0.00>
ST_2 : Operation 18 [1/1] (0.00ns)   --->   "%trunc_ln531_1 = partselect i41 @_ssdm_op_PartSelect.i41.i656.i32.i32, i656 %layer7_out_read, i32 41, i32 81" [firmware/nnet_utils/nnet_activation_stream.h:531]   --->   Operation 18 'partselect' 'trunc_ln531_1' <Predicate = true> <Delay = 0.00>
ST_2 : Operation 19 [1/1] (0.00ns)   --->   "%trunc_ln531_2 = partselect i41 @_ssdm_op_PartSelect.i41.i656.i32.i32, i656 %layer7_out_read, i32 82, i32 122" [firmware/nnet_utils/nnet_activation_stream.h:531]   --->   Operation 19 'partselect' 'trunc_ln531_2' <Predicate = true> <Delay = 0.00>
ST_2 : Operation 20 [1/1] (0.00ns)   --->   "%trunc_ln531_3 = partselect i41 @_ssdm_op_PartSelect.i41.i656.i32.i32, i656 %layer7_out_read, i32 123, i32 163" [firmware/nnet_utils/nnet_activation_stream.h:531]   --->   Operation 20 'partselect' 'trunc_ln531_3' <Predicate = true> <Delay = 0.00>
ST_2 : Operation 21 [1/1] (0.00ns)   --->   "%trunc_ln531_4 = partselect i41 @_ssdm_op_PartSelect.i41.i656.i32.i32, i656 %layer7_out_read, i32 164, i32 204" [firmware/nnet_utils/nnet_activation_stream.h:531]   --->   Operation 21 'partselect' 'trunc_ln531_4' <Predicate = true> <Delay = 0.00>
ST_2 : Operation 22 [1/1] (0.00ns)   --->   "%trunc_ln531_5 = partselect i41 @_ssdm_op_PartSelect.i41.i656.i32.i32, i656 %layer7_out_read, i32 205, i32 245" [firmware/nnet_utils/nnet_activation_stream.h:531]   --->   Operation 22 'partselect' 'trunc_ln531_5' <Predicate = true> <Delay = 0.00>
ST_2 : Operation 23 [1/1] (0.00ns)   --->   "%trunc_ln531_6 = partselect i41 @_ssdm_op_PartSelect.i41.i656.i32.i32, i656 %layer7_out_read, i32 246, i32 286" [firmware/nnet_utils/nnet_activation_stream.h:531]   --->   Operation 23 'partselect' 'trunc_ln531_6' <Predicate = true> <Delay = 0.00>
ST_2 : Operation 24 [1/1] (0.00ns)   --->   "%trunc_ln531_7 = partselect i41 @_ssdm_op_PartSelect.i41.i656.i32.i32, i656 %layer7_out_read, i32 287, i32 327" [firmware/nnet_utils/nnet_activation_stream.h:531]   --->   Operation 24 'partselect' 'trunc_ln531_7' <Predicate = true> <Delay = 0.00>
ST_2 : Operation 25 [1/1] (0.00ns)   --->   "%trunc_ln531_8 = partselect i41 @_ssdm_op_PartSelect.i41.i656.i32.i32, i656 %layer7_out_read, i32 328, i32 368" [firmware/nnet_utils/nnet_activation_stream.h:531]   --->   Operation 25 'partselect' 'trunc_ln531_8' <Predicate = true> <Delay = 0.00>
ST_2 : Operation 26 [1/1] (0.00ns)   --->   "%trunc_ln531_9 = partselect i41 @_ssdm_op_PartSelect.i41.i656.i32.i32, i656 %layer7_out_read, i32 369, i32 409" [firmware/nnet_utils/nnet_activation_stream.h:531]   --->   Operation 26 'partselect' 'trunc_ln531_9' <Predicate = true> <Delay = 0.00>
ST_2 : Operation 27 [1/1] (0.00ns)   --->   "%trunc_ln531_s = partselect i41 @_ssdm_op_PartSelect.i41.i656.i32.i32, i656 %layer7_out_read, i32 410, i32 450" [firmware/nnet_utils/nnet_activation_stream.h:531]   --->   Operation 27 'partselect' 'trunc_ln531_s' <Predicate = true> <Delay = 0.00>
ST_2 : Operation 28 [1/1] (0.00ns)   --->   "%trunc_ln531_10 = partselect i41 @_ssdm_op_PartSelect.i41.i656.i32.i32, i656 %layer7_out_read, i32 451, i32 491" [firmware/nnet_utils/nnet_activation_stream.h:531]   --->   Operation 28 'partselect' 'trunc_ln531_10' <Predicate = true> <Delay = 0.00>
ST_2 : Operation 29 [1/1] (0.00ns)   --->   "%trunc_ln531_11 = partselect i41 @_ssdm_op_PartSelect.i41.i656.i32.i32, i656 %layer7_out_read, i32 492, i32 532" [firmware/nnet_utils/nnet_activation_stream.h:531]   --->   Operation 29 'partselect' 'trunc_ln531_11' <Predicate = true> <Delay = 0.00>
ST_2 : Operation 30 [1/1] (0.00ns)   --->   "%trunc_ln531_12 = partselect i41 @_ssdm_op_PartSelect.i41.i656.i32.i32, i656 %layer7_out_read, i32 533, i32 573" [firmware/nnet_utils/nnet_activation_stream.h:531]   --->   Operation 30 'partselect' 'trunc_ln531_12' <Predicate = true> <Delay = 0.00>
ST_2 : Operation 31 [1/1] (0.00ns)   --->   "%trunc_ln531_13 = partselect i41 @_ssdm_op_PartSelect.i41.i656.i32.i32, i656 %layer7_out_read, i32 574, i32 614" [firmware/nnet_utils/nnet_activation_stream.h:531]   --->   Operation 31 'partselect' 'trunc_ln531_13' <Predicate = true> <Delay = 0.00>
ST_2 : Operation 32 [1/1] (0.00ns)   --->   "%trunc_ln531_14 = partselect i41 @_ssdm_op_PartSelect.i41.i656.i32.i32, i656 %layer7_out_read, i32 615, i32 655" [firmware/nnet_utils/nnet_activation_stream.h:531]   --->   Operation 32 'partselect' 'trunc_ln531_14' <Predicate = true> <Delay = 0.00>
ST_2 : Operation 33 [1/1] (1.56ns)   --->   "%icmp_ln538 = icmp_sgt  i41 %trunc_ln531, i41 0" [firmware/nnet_utils/nnet_activation_stream.h:538]   --->   Operation 33 'icmp' 'icmp_ln538' <Predicate = true> <Delay = 1.56> <CoreInst = "Cmp">   --->   Core 9 'Cmp' <Latency = 0> <II = 1> <Delay = 1.56> <FuncUnit> <Opcode : 'icmp'> <InPorts = 2> <OutPorts = 1>
ST_2 : Operation 34 [1/1] (0.00ns)   --->   "%out_data = partselect i16 @_ssdm_op_PartSelect.i16.i656.i32.i32, i656 %layer7_out_read, i32 10, i32 25" [firmware/nnet_utils/nnet_activation_stream.h:539]   --->   Operation 34 'partselect' 'out_data' <Predicate = true> <Delay = 0.00>
ST_2 : Operation 35 [1/1] (1.56ns)   --->   "%icmp_ln538_1 = icmp_sgt  i41 %trunc_ln531_1, i41 0" [firmware/nnet_utils/nnet_activation_stream.h:538]   --->   Operation 35 'icmp' 'icmp_ln538_1' <Predicate = true> <Delay = 1.56> <CoreInst = "Cmp">   --->   Core 9 'Cmp' <Latency = 0> <II = 1> <Delay = 1.56> <FuncUnit> <Opcode : 'icmp'> <InPorts = 2> <OutPorts = 1>
ST_2 : Operation 36 [1/1] (0.00ns)   --->   "%out_data_2 = partselect i16 @_ssdm_op_PartSelect.i16.i656.i32.i32, i656 %layer7_out_read, i32 51, i32 66" [firmware/nnet_utils/nnet_activation_stream.h:539]   --->   Operation 36 'partselect' 'out_data_2' <Predicate = true> <Delay = 0.00>
ST_2 : Operation 37 [1/1] (1.56ns)   --->   "%icmp_ln538_2 = icmp_sgt  i41 %trunc_ln531_2, i41 0" [firmware/nnet_utils/nnet_activation_stream.h:538]   --->   Operation 37 'icmp' 'icmp_ln538_2' <Predicate = true> <Delay = 1.56> <CoreInst = "Cmp">   --->   Core 9 'Cmp' <Latency = 0> <II = 1> <Delay = 1.56> <FuncUnit> <Opcode : 'icmp'> <InPorts = 2> <OutPorts = 1>
ST_2 : Operation 38 [1/1] (0.00ns)   --->   "%out_data_4 = partselect i16 @_ssdm_op_PartSelect.i16.i656.i32.i32, i656 %layer7_out_read, i32 92, i32 107" [firmware/nnet_utils/nnet_activation_stream.h:539]   --->   Operation 38 'partselect' 'out_data_4' <Predicate = true> <Delay = 0.00>
ST_2 : Operation 39 [1/1] (1.56ns)   --->   "%icmp_ln538_3 = icmp_sgt  i41 %trunc_ln531_3, i41 0" [firmware/nnet_utils/nnet_activation_stream.h:538]   --->   Operation 39 'icmp' 'icmp_ln538_3' <Predicate = true> <Delay = 1.56> <CoreInst = "Cmp">   --->   Core 9 'Cmp' <Latency = 0> <II = 1> <Delay = 1.56> <FuncUnit> <Opcode : 'icmp'> <InPorts = 2> <OutPorts = 1>
ST_2 : Operation 40 [1/1] (0.00ns)   --->   "%out_data_6 = partselect i16 @_ssdm_op_PartSelect.i16.i656.i32.i32, i656 %layer7_out_read, i32 133, i32 148" [firmware/nnet_utils/nnet_activation_stream.h:539]   --->   Operation 40 'partselect' 'out_data_6' <Predicate = true> <Delay = 0.00>
ST_2 : Operation 41 [1/1] (1.56ns)   --->   "%icmp_ln538_4 = icmp_sgt  i41 %trunc_ln531_4, i41 0" [firmware/nnet_utils/nnet_activation_stream.h:538]   --->   Operation 41 'icmp' 'icmp_ln538_4' <Predicate = true> <Delay = 1.56> <CoreInst = "Cmp">   --->   Core 9 'Cmp' <Latency = 0> <II = 1> <Delay = 1.56> <FuncUnit> <Opcode : 'icmp'> <InPorts = 2> <OutPorts = 1>
ST_2 : Operation 42 [1/1] (0.00ns)   --->   "%trunc_ln1 = partselect i16 @_ssdm_op_PartSelect.i16.i656.i32.i32, i656 %layer7_out_read, i32 174, i32 189" [firmware/nnet_utils/nnet_activation_stream.h:539]   --->   Operation 42 'partselect' 'trunc_ln1' <Predicate = true> <Delay = 0.00>
ST_2 : Operation 43 [1/1] (1.56ns)   --->   "%icmp_ln538_5 = icmp_sgt  i41 %trunc_ln531_5, i41 0" [firmware/nnet_utils/nnet_activation_stream.h:538]   --->   Operation 43 'icmp' 'icmp_ln538_5' <Predicate = true> <Delay = 1.56> <CoreInst = "Cmp">   --->   Core 9 'Cmp' <Latency = 0> <II = 1> <Delay = 1.56> <FuncUnit> <Opcode : 'icmp'> <InPorts = 2> <OutPorts = 1>
ST_2 : Operation 44 [1/1] (0.00ns)   --->   "%trunc_ln539_1 = partselect i16 @_ssdm_op_PartSelect.i16.i656.i32.i32, i656 %layer7_out_read, i32 215, i32 230" [firmware/nnet_utils/nnet_activation_stream.h:539]   --->   Operation 44 'partselect' 'trunc_ln539_1' <Predicate = true> <Delay = 0.00>
ST_2 : Operation 45 [1/1] (1.56ns)   --->   "%icmp_ln538_6 = icmp_sgt  i41 %trunc_ln531_6, i41 0" [firmware/nnet_utils/nnet_activation_stream.h:538]   --->   Operation 45 'icmp' 'icmp_ln538_6' <Predicate = true> <Delay = 1.56> <CoreInst = "Cmp">   --->   Core 9 'Cmp' <Latency = 0> <II = 1> <Delay = 1.56> <FuncUnit> <Opcode : 'icmp'> <InPorts = 2> <OutPorts = 1>
ST_2 : Operation 46 [1/1] (0.00ns)   --->   "%trunc_ln539_2 = partselect i16 @_ssdm_op_PartSelect.i16.i656.i32.i32, i656 %layer7_out_read, i32 256, i32 271" [firmware/nnet_utils/nnet_activation_stream.h:539]   --->   Operation 46 'partselect' 'trunc_ln539_2' <Predicate = true> <Delay = 0.00>
ST_2 : Operation 47 [1/1] (1.56ns)   --->   "%icmp_ln538_7 = icmp_sgt  i41 %trunc_ln531_7, i41 0" [firmware/nnet_utils/nnet_activation_stream.h:538]   --->   Operation 47 'icmp' 'icmp_ln538_7' <Predicate = true> <Delay = 1.56> <CoreInst = "Cmp">   --->   Core 9 'Cmp' <Latency = 0> <II = 1> <Delay = 1.56> <FuncUnit> <Opcode : 'icmp'> <InPorts = 2> <OutPorts = 1>
ST_2 : Operation 48 [1/1] (0.00ns)   --->   "%trunc_ln539_3 = partselect i16 @_ssdm_op_PartSelect.i16.i656.i32.i32, i656 %layer7_out_read, i32 297, i32 312" [firmware/nnet_utils/nnet_activation_stream.h:539]   --->   Operation 48 'partselect' 'trunc_ln539_3' <Predicate = true> <Delay = 0.00>
ST_2 : Operation 49 [1/1] (1.56ns)   --->   "%icmp_ln538_8 = icmp_sgt  i41 %trunc_ln531_8, i41 0" [firmware/nnet_utils/nnet_activation_stream.h:538]   --->   Operation 49 'icmp' 'icmp_ln538_8' <Predicate = true> <Delay = 1.56> <CoreInst = "Cmp">   --->   Core 9 'Cmp' <Latency = 0> <II = 1> <Delay = 1.56> <FuncUnit> <Opcode : 'icmp'> <InPorts = 2> <OutPorts = 1>
ST_2 : Operation 50 [1/1] (0.00ns)   --->   "%trunc_ln539_4 = partselect i16 @_ssdm_op_PartSelect.i16.i656.i32.i32, i656 %layer7_out_read, i32 338, i32 353" [firmware/nnet_utils/nnet_activation_stream.h:539]   --->   Operation 50 'partselect' 'trunc_ln539_4' <Predicate = true> <Delay = 0.00>
ST_2 : Operation 51 [1/1] (1.56ns)   --->   "%icmp_ln538_9 = icmp_sgt  i41 %trunc_ln531_9, i41 0" [firmware/nnet_utils/nnet_activation_stream.h:538]   --->   Operation 51 'icmp' 'icmp_ln538_9' <Predicate = true> <Delay = 1.56> <CoreInst = "Cmp">   --->   Core 9 'Cmp' <Latency = 0> <II = 1> <Delay = 1.56> <FuncUnit> <Opcode : 'icmp'> <InPorts = 2> <OutPorts = 1>
ST_2 : Operation 52 [1/1] (0.00ns)   --->   "%trunc_ln539_5 = partselect i16 @_ssdm_op_PartSelect.i16.i656.i32.i32, i656 %layer7_out_read, i32 379, i32 394" [firmware/nnet_utils/nnet_activation_stream.h:539]   --->   Operation 52 'partselect' 'trunc_ln539_5' <Predicate = true> <Delay = 0.00>
ST_2 : Operation 53 [1/1] (1.56ns)   --->   "%icmp_ln538_10 = icmp_sgt  i41 %trunc_ln531_s, i41 0" [firmware/nnet_utils/nnet_activation_stream.h:538]   --->   Operation 53 'icmp' 'icmp_ln538_10' <Predicate = true> <Delay = 1.56> <CoreInst = "Cmp">   --->   Core 9 'Cmp' <Latency = 0> <II = 1> <Delay = 1.56> <FuncUnit> <Opcode : 'icmp'> <InPorts = 2> <OutPorts = 1>
ST_2 : Operation 54 [1/1] (0.00ns)   --->   "%trunc_ln539_6 = partselect i16 @_ssdm_op_PartSelect.i16.i656.i32.i32, i656 %layer7_out_read, i32 420, i32 435" [firmware/nnet_utils/nnet_activation_stream.h:539]   --->   Operation 54 'partselect' 'trunc_ln539_6' <Predicate = true> <Delay = 0.00>
ST_2 : Operation 55 [1/1] (1.56ns)   --->   "%icmp_ln538_11 = icmp_sgt  i41 %trunc_ln531_10, i41 0" [firmware/nnet_utils/nnet_activation_stream.h:538]   --->   Operation 55 'icmp' 'icmp_ln538_11' <Predicate = true> <Delay = 1.56> <CoreInst = "Cmp">   --->   Core 9 'Cmp' <Latency = 0> <II = 1> <Delay = 1.56> <FuncUnit> <Opcode : 'icmp'> <InPorts = 2> <OutPorts = 1>
ST_2 : Operation 56 [1/1] (0.00ns)   --->   "%trunc_ln539_7 = partselect i16 @_ssdm_op_PartSelect.i16.i656.i32.i32, i656 %layer7_out_read, i32 461, i32 476" [firmware/nnet_utils/nnet_activation_stream.h:539]   --->   Operation 56 'partselect' 'trunc_ln539_7' <Predicate = true> <Delay = 0.00>
ST_2 : Operation 57 [1/1] (1.56ns)   --->   "%icmp_ln538_12 = icmp_sgt  i41 %trunc_ln531_11, i41 0" [firmware/nnet_utils/nnet_activation_stream.h:538]   --->   Operation 57 'icmp' 'icmp_ln538_12' <Predicate = true> <Delay = 1.56> <CoreInst = "Cmp">   --->   Core 9 'Cmp' <Latency = 0> <II = 1> <Delay = 1.56> <FuncUnit> <Opcode : 'icmp'> <InPorts = 2> <OutPorts = 1>
ST_2 : Operation 58 [1/1] (0.00ns)   --->   "%trunc_ln539_8 = partselect i16 @_ssdm_op_PartSelect.i16.i656.i32.i32, i656 %layer7_out_read, i32 502, i32 517" [firmware/nnet_utils/nnet_activation_stream.h:539]   --->   Operation 58 'partselect' 'trunc_ln539_8' <Predicate = true> <Delay = 0.00>
ST_2 : Operation 59 [1/1] (1.56ns)   --->   "%icmp_ln538_13 = icmp_sgt  i41 %trunc_ln531_12, i41 0" [firmware/nnet_utils/nnet_activation_stream.h:538]   --->   Operation 59 'icmp' 'icmp_ln538_13' <Predicate = true> <Delay = 1.56> <CoreInst = "Cmp">   --->   Core 9 'Cmp' <Latency = 0> <II = 1> <Delay = 1.56> <FuncUnit> <Opcode : 'icmp'> <InPorts = 2> <OutPorts = 1>
ST_2 : Operation 60 [1/1] (0.00ns)   --->   "%trunc_ln539_9 = partselect i16 @_ssdm_op_PartSelect.i16.i656.i32.i32, i656 %layer7_out_read, i32 543, i32 558" [firmware/nnet_utils/nnet_activation_stream.h:539]   --->   Operation 60 'partselect' 'trunc_ln539_9' <Predicate = true> <Delay = 0.00>
ST_2 : Operation 61 [1/1] (1.56ns)   --->   "%icmp_ln538_14 = icmp_sgt  i41 %trunc_ln531_13, i41 0" [firmware/nnet_utils/nnet_activation_stream.h:538]   --->   Operation 61 'icmp' 'icmp_ln538_14' <Predicate = true> <Delay = 1.56> <CoreInst = "Cmp">   --->   Core 9 'Cmp' <Latency = 0> <II = 1> <Delay = 1.56> <FuncUnit> <Opcode : 'icmp'> <InPorts = 2> <OutPorts = 1>
ST_2 : Operation 62 [1/1] (0.00ns)   --->   "%trunc_ln539_s = partselect i16 @_ssdm_op_PartSelect.i16.i656.i32.i32, i656 %layer7_out_read, i32 584, i32 599" [firmware/nnet_utils/nnet_activation_stream.h:539]   --->   Operation 62 'partselect' 'trunc_ln539_s' <Predicate = true> <Delay = 0.00>
ST_2 : Operation 63 [1/1] (1.56ns)   --->   "%icmp_ln538_15 = icmp_sgt  i41 %trunc_ln531_14, i41 0" [firmware/nnet_utils/nnet_activation_stream.h:538]   --->   Operation 63 'icmp' 'icmp_ln538_15' <Predicate = true> <Delay = 1.56> <CoreInst = "Cmp">   --->   Core 9 'Cmp' <Latency = 0> <II = 1> <Delay = 1.56> <FuncUnit> <Opcode : 'icmp'> <InPorts = 2> <OutPorts = 1>
ST_2 : Operation 64 [1/1] (0.00ns)   --->   "%trunc_ln539_10 = partselect i16 @_ssdm_op_PartSelect.i16.i656.i32.i32, i656 %layer7_out_read, i32 625, i32 640" [firmware/nnet_utils/nnet_activation_stream.h:539]   --->   Operation 64 'partselect' 'trunc_ln539_10' <Predicate = true> <Delay = 0.00>
ST_2 : Operation 87 [1/1] (0.00ns)   --->   "%ret_ln546 = ret" [firmware/nnet_utils/nnet_activation_stream.h:546]   --->   Operation 87 'ret' 'ret_ln546' <Predicate = (icmp_ln528)> <Delay = 0.00>

State 3 <SV = 2> <Delay = 2.23>
ST_3 : Operation 65 [1/1] (0.00ns)   --->   "%specpipeline_ln529 = specpipeline void @_ssdm_op_SpecPipeline, i32 4294967295, i32 0, i32 0, i32 0, void @empty_2" [firmware/nnet_utils/nnet_activation_stream.h:529]   --->   Operation 65 'specpipeline' 'specpipeline_ln529' <Predicate = true> <Delay = 0.00>
ST_3 : Operation 66 [1/1] (0.00ns)   --->   "%speclooptripcount_ln528 = speclooptripcount void @_ssdm_op_SpecLoopTripCount, i64 4096, i64 4096, i64 4096" [firmware/nnet_utils/nnet_activation_stream.h:528]   --->   Operation 66 'speclooptripcount' 'speclooptripcount_ln528' <Predicate = true> <Delay = 0.00>
ST_3 : Operation 67 [1/1] (0.00ns)   --->   "%specloopname_ln528 = specloopname void @_ssdm_op_SpecLoopName, void @empty_7" [firmware/nnet_utils/nnet_activation_stream.h:528]   --->   Operation 67 'specloopname' 'specloopname_ln528' <Predicate = true> <Delay = 0.00>
ST_3 : Operation 68 [1/1] (0.41ns)   --->   "%out_data_1 = select i1 %icmp_ln538, i16 %out_data, i16 0" [firmware/nnet_utils/nnet_activation_stream.h:538]   --->   Operation 68 'select' 'out_data_1' <Predicate = true> <Delay = 0.41> <CoreInst = "Sel">   --->   Core 73 'Sel' <Latency = 0> <II = 1> <Delay = 0.41> <FuncUnit> <Opcode : 'select'> <InPorts = 3> <OutPorts = 1>
ST_3 : Operation 69 [1/1] (0.41ns)   --->   "%out_data_3 = select i1 %icmp_ln538_1, i16 %out_data_2, i16 0" [firmware/nnet_utils/nnet_activation_stream.h:538]   --->   Operation 69 'select' 'out_data_3' <Predicate = true> <Delay = 0.41> <CoreInst = "Sel">   --->   Core 73 'Sel' <Latency = 0> <II = 1> <Delay = 0.41> <FuncUnit> <Opcode : 'select'> <InPorts = 3> <OutPorts = 1>
ST_3 : Operation 70 [1/1] (0.41ns)   --->   "%out_data_5 = select i1 %icmp_ln538_2, i16 %out_data_4, i16 0" [firmware/nnet_utils/nnet_activation_stream.h:538]   --->   Operation 70 'select' 'out_data_5' <Predicate = true> <Delay = 0.41> <CoreInst = "Sel">   --->   Core 73 'Sel' <Latency = 0> <II = 1> <Delay = 0.41> <FuncUnit> <Opcode : 'select'> <InPorts = 3> <OutPorts = 1>
ST_3 : Operation 71 [1/1] (0.41ns)   --->   "%out_data_7 = select i1 %icmp_ln538_3, i16 %out_data_6, i16 0" [firmware/nnet_utils/nnet_activation_stream.h:538]   --->   Operation 71 'select' 'out_data_7' <Predicate = true> <Delay = 0.41> <CoreInst = "Sel">   --->   Core 73 'Sel' <Latency = 0> <II = 1> <Delay = 0.41> <FuncUnit> <Opcode : 'select'> <InPorts = 3> <OutPorts = 1>
ST_3 : Operation 72 [1/1] (0.41ns)   --->   "%select_ln538 = select i1 %icmp_ln538_4, i16 %trunc_ln1, i16 0" [firmware/nnet_utils/nnet_activation_stream.h:538]   --->   Operation 72 'select' 'select_ln538' <Predicate = true> <Delay = 0.41> <CoreInst = "Sel">   --->   Core 73 'Sel' <Latency = 0> <II = 1> <Delay = 0.41> <FuncUnit> <Opcode : 'select'> <InPorts = 3> <OutPorts = 1>
ST_3 : Operation 73 [1/1] (0.41ns)   --->   "%select_ln538_1 = select i1 %icmp_ln538_5, i16 %trunc_ln539_1, i16 0" [firmware/nnet_utils/nnet_activation_stream.h:538]   --->   Operation 73 'select' 'select_ln538_1' <Predicate = true> <Delay = 0.41> <CoreInst = "Sel">   --->   Core 73 'Sel' <Latency = 0> <II = 1> <Delay = 0.41> <FuncUnit> <Opcode : 'select'> <InPorts = 3> <OutPorts = 1>
ST_3 : Operation 74 [1/1] (0.41ns)   --->   "%select_ln538_2 = select i1 %icmp_ln538_6, i16 %trunc_ln539_2, i16 0" [firmware/nnet_utils/nnet_activation_stream.h:538]   --->   Operation 74 'select' 'select_ln538_2' <Predicate = true> <Delay = 0.41> <CoreInst = "Sel">   --->   Core 73 'Sel' <Latency = 0> <II = 1> <Delay = 0.41> <FuncUnit> <Opcode : 'select'> <InPorts = 3> <OutPorts = 1>
ST_3 : Operation 75 [1/1] (0.41ns)   --->   "%select_ln538_3 = select i1 %icmp_ln538_7, i16 %trunc_ln539_3, i16 0" [firmware/nnet_utils/nnet_activation_stream.h:538]   --->   Operation 75 'select' 'select_ln538_3' <Predicate = true> <Delay = 0.41> <CoreInst = "Sel">   --->   Core 73 'Sel' <Latency = 0> <II = 1> <Delay = 0.41> <FuncUnit> <Opcode : 'select'> <InPorts = 3> <OutPorts = 1>
ST_3 : Operation 76 [1/1] (0.41ns)   --->   "%select_ln538_4 = select i1 %icmp_ln538_8, i16 %trunc_ln539_4, i16 0" [firmware/nnet_utils/nnet_activation_stream.h:538]   --->   Operation 76 'select' 'select_ln538_4' <Predicate = true> <Delay = 0.41> <CoreInst = "Sel">   --->   Core 73 'Sel' <Latency = 0> <II = 1> <Delay = 0.41> <FuncUnit> <Opcode : 'select'> <InPorts = 3> <OutPorts = 1>
ST_3 : Operation 77 [1/1] (0.41ns)   --->   "%select_ln538_5 = select i1 %icmp_ln538_9, i16 %trunc_ln539_5, i16 0" [firmware/nnet_utils/nnet_activation_stream.h:538]   --->   Operation 77 'select' 'select_ln538_5' <Predicate = true> <Delay = 0.41> <CoreInst = "Sel">   --->   Core 73 'Sel' <Latency = 0> <II = 1> <Delay = 0.41> <FuncUnit> <Opcode : 'select'> <InPorts = 3> <OutPorts = 1>
ST_3 : Operation 78 [1/1] (0.41ns)   --->   "%select_ln538_6 = select i1 %icmp_ln538_10, i16 %trunc_ln539_6, i16 0" [firmware/nnet_utils/nnet_activation_stream.h:538]   --->   Operation 78 'select' 'select_ln538_6' <Predicate = true> <Delay = 0.41> <CoreInst = "Sel">   --->   Core 73 'Sel' <Latency = 0> <II = 1> <Delay = 0.41> <FuncUnit> <Opcode : 'select'> <InPorts = 3> <OutPorts = 1>
ST_3 : Operation 79 [1/1] (0.41ns)   --->   "%select_ln538_7 = select i1 %icmp_ln538_11, i16 %trunc_ln539_7, i16 0" [firmware/nnet_utils/nnet_activation_stream.h:538]   --->   Operation 79 'select' 'select_ln538_7' <Predicate = true> <Delay = 0.41> <CoreInst = "Sel">   --->   Core 73 'Sel' <Latency = 0> <II = 1> <Delay = 0.41> <FuncUnit> <Opcode : 'select'> <InPorts = 3> <OutPorts = 1>
ST_3 : Operation 80 [1/1] (0.41ns)   --->   "%select_ln538_8 = select i1 %icmp_ln538_12, i16 %trunc_ln539_8, i16 0" [firmware/nnet_utils/nnet_activation_stream.h:538]   --->   Operation 80 'select' 'select_ln538_8' <Predicate = true> <Delay = 0.41> <CoreInst = "Sel">   --->   Core 73 'Sel' <Latency = 0> <II = 1> <Delay = 0.41> <FuncUnit> <Opcode : 'select'> <InPorts = 3> <OutPorts = 1>
ST_3 : Operation 81 [1/1] (0.41ns)   --->   "%select_ln538_9 = select i1 %icmp_ln538_13, i16 %trunc_ln539_9, i16 0" [firmware/nnet_utils/nnet_activation_stream.h:538]   --->   Operation 81 'select' 'select_ln538_9' <Predicate = true> <Delay = 0.41> <CoreInst = "Sel">   --->   Core 73 'Sel' <Latency = 0> <II = 1> <Delay = 0.41> <FuncUnit> <Opcode : 'select'> <InPorts = 3> <OutPorts = 1>
ST_3 : Operation 82 [1/1] (0.41ns)   --->   "%select_ln538_10 = select i1 %icmp_ln538_14, i16 %trunc_ln539_s, i16 0" [firmware/nnet_utils/nnet_activation_stream.h:538]   --->   Operation 82 'select' 'select_ln538_10' <Predicate = true> <Delay = 0.41> <CoreInst = "Sel">   --->   Core 73 'Sel' <Latency = 0> <II = 1> <Delay = 0.41> <FuncUnit> <Opcode : 'select'> <InPorts = 3> <OutPorts = 1>
ST_3 : Operation 83 [1/1] (0.41ns)   --->   "%select_ln538_11 = select i1 %icmp_ln538_15, i16 %trunc_ln539_10, i16 0" [firmware/nnet_utils/nnet_activation_stream.h:538]   --->   Operation 83 'select' 'select_ln538_11' <Predicate = true> <Delay = 0.41> <CoreInst = "Sel">   --->   Core 73 'Sel' <Latency = 0> <II = 1> <Delay = 0.41> <FuncUnit> <Opcode : 'select'> <InPorts = 3> <OutPorts = 1>
ST_3 : Operation 84 [1/1] (0.00ns)   --->   "%or_ln544_s = bitconcatenate i256 @_ssdm_op_BitConcatenate.i256.i16.i16.i16.i16.i16.i16.i16.i16.i16.i16.i16.i16.i16.i16.i16.i16, i16 %select_ln538_11, i16 %select_ln538_10, i16 %select_ln538_9, i16 %select_ln538_8, i16 %select_ln538_7, i16 %select_ln538_6, i16 %select_ln538_5, i16 %select_ln538_4, i16 %select_ln538_3, i16 %select_ln538_2, i16 %select_ln538_1, i16 %select_ln538, i16 %out_data_7, i16 %out_data_5, i16 %out_data_3, i16 %out_data_1" [firmware/nnet_utils/nnet_activation_stream.h:544]   --->   Operation 84 'bitconcatenate' 'or_ln544_s' <Predicate = true> <Delay = 0.00>
ST_3 : Operation 85 [1/1] (1.82ns)   --->   "%write_ln544 = write void @_ssdm_op_Write.ap_fifo.volatile.i256P0A, i256 %layer9_out, i256 %or_ln544_s" [firmware/nnet_utils/nnet_activation_stream.h:544]   --->   Operation 85 'write' 'write_ln544' <Predicate = true> <Delay = 1.82> <CoreInst = "FIFO">   --->   Core 78 'FIFO' <Latency = 0> <II = 1> <Delay = 2.16> <Storage> <Opcode : 'read' 'write' 'nbread' 'nbwrite'> <Ports = 0> <Width = 256> <Depth = 4096> <FIFO>
ST_3 : Operation 86 [1/1] (0.00ns)   --->   "%br_ln528 = br void %ThresholdedReLUPackLoop" [firmware/nnet_utils/nnet_activation_stream.h:528]   --->   Operation 86 'br' 'br_ln528' <Predicate = true> <Delay = 0.00>


============================================================
+ Verbose Summary: Timing violations
============================================================
Target clock period: 5.000ns, clock uncertainty: 1.350ns.

 <State 1>: 2.445ns
The critical path consists of the following:
	'store' operation 0 bit ('store_ln528', firmware/nnet_utils/nnet_activation_stream.h:528) of constant 0 on local variable 'i', firmware/nnet_utils/nnet_activation_stream.h:528 [6]  (0.538 ns)
	'load' operation 13 bit ('i', firmware/nnet_utils/nnet_activation_stream.h:528) on local variable 'i', firmware/nnet_utils/nnet_activation_stream.h:528 [9]  (0.000 ns)
	'icmp' operation 1 bit ('icmp_ln528', firmware/nnet_utils/nnet_activation_stream.h:528) [10]  (1.369 ns)
	'store' operation 0 bit ('store_ln528', firmware/nnet_utils/nnet_activation_stream.h:528) of variable 'i', firmware/nnet_utils/nnet_activation_stream.h:528 on local variable 'i', firmware/nnet_utils/nnet_activation_stream.h:528 [84]  (0.538 ns)

 <State 2>: 3.391ns
The critical path consists of the following:
	fifo read operation ('layer7_out_read', firmware/nnet_utils/nnet_activation_stream.h:531) on port 'layer7_out' (firmware/nnet_utils/nnet_activation_stream.h:531) [17]  (1.825 ns)
	'icmp' operation 1 bit ('icmp_ln538', firmware/nnet_utils/nnet_activation_stream.h:538) [34]  (1.566 ns)

 <State 3>: 2.236ns
The critical path consists of the following:
	'select' operation 16 bit ('out_data', firmware/nnet_utils/nnet_activation_stream.h:538) [36]  (0.411 ns)
	fifo write operation ('write_ln544', firmware/nnet_utils/nnet_activation_stream.h:544) on port 'layer9_out' (firmware/nnet_utils/nnet_activation_stream.h:544) [83]  (1.825 ns)


============================================================
+ Verbose Summary: Binding
============================================================
N/A
* FSMD analyzer results:
  - Output states:
 - Input state : 
  - Chain level:
	State 1
	State 2
	State 3


============================================================
+ Verbose Summary: Datapath Resource usage 
============================================================
N/A
