

================================================================
== Vitis HLS Report for 'thresholded_relu_array_ap_fixed_array_ap_fixed_4u_thresholdedrelu_config4_s'
================================================================
* Date:           Fri Apr 24 00:23:00 2026

* Version:        2025.2 (Build 6295257 on Nov 14 2025)
* Project:        folo_prj
* Solution:       solution1 (Vivado IP Flow Target)
* Product family: kintexu
* Target device:  xcku035-fbva676-2-e


================================================================
== Performance Estimates
================================================================
+ Timing: 
    * Summary: 
    +--------+---------+----------+------------+
    |  Clock |  Target | Estimated| Uncertainty|
    +--------+---------+----------+------------+
    |ap_clk  |  5.00 ns|  3.290 ns|     1.35 ns|
    +--------+---------+----------+------------+

+ Latency: 
    * Summary: 
    +---------+---------+-----------+-----------+-------+-------+------------------------------------------------+
    |  Latency (cycles) |   Latency (absolute)  |    Interval   |                    Pipeline                    |
    |   min   |   max   |    min    |    max    |  min  |  max  |                      Type                      |
    +---------+---------+-----------+-----------+-------+-------+------------------------------------------------+
    |    16386|    16386|  81.930 us|  81.930 us|  16384|  16384|  loop auto-rewind stp (delay=0 clock cycles(s))|
    +---------+---------+-----------+-----------+-------+-------+------------------------------------------------+

    + Detail: 
        * Instance: 
        N/A

        * Loop: 
        +--------------------------+---------+---------+----------+-----------+-----------+-------+----------+
        |                          |  Latency (cycles) | Iteration|  Initiation Interval  |  Trip |          |
        |         Loop Name        |   min   |   max   |  Latency |  achieved |   target  | Count | Pipelined|
        +--------------------------+---------+---------+----------+-----------+-----------+-------+----------+
        |- ThresholdedReLUActLoop  |    16384|    16384|         2|          1|          1|  16384|       yes|
        +--------------------------+---------+---------+----------+-----------+-----------+-------+----------+



================================================================
== Utilization Estimates
================================================================
* Summary: 
+-----------------+---------+------+--------+--------+-----+
|       Name      | BRAM_18K|  DSP |   FF   |   LUT  | URAM|
+-----------------+---------+------+--------+--------+-----+
|DSP              |        -|     -|       -|       -|    -|
|Expression       |        -|     -|       0|     252|    -|
|FIFO             |        -|     -|       -|       -|    -|
|Instance         |        -|     -|       -|       -|    -|
|Memory           |        -|     -|       -|       -|    -|
|Multiplexer      |        -|     -|       0|      63|    -|
|Register         |        -|     -|      87|       -|    -|
+-----------------+---------+------+--------+--------+-----+
|Total            |        0|     0|      87|     315|    0|
+-----------------+---------+------+--------+--------+-----+
|Available        |     1080|  1700|  406256|  203128|    0|
+-----------------+---------+------+--------+--------+-----+
|Utilization (%)  |        0|     0|      ~0|      ~0|    0|
+-----------------+---------+------+--------+--------+-----+

+ Detail: 
    * Instance: 
    N/A

    * DSP: 
    N/A

    * Memory: 
    N/A

    * FIFO: 
    N/A

    * Expression: 
    +---------------------------------------+----------+----+---+----+------------+------------+
    |             Variable Name             | Operation| DSP| FF| LUT| Bitwidth P0| Bitwidth P1|
    +---------------------------------------+----------+----+---+----+------------+------------+
    |i_fu_197_p2                            |         +|   0|  0|  21|          14|           1|
    |ap_condition_129                       |       and|   0|  0|   2|           1|           1|
    |icmp_ln528_fu_203_p2                   |      icmp|   0|  0|  21|          14|           2|
    |icmp_ln538_20_fu_149_p2                |      icmp|   0|  0|  34|          27|           1|
    |icmp_ln538_21_fu_165_p2                |      icmp|   0|  0|  34|          27|           1|
    |icmp_ln538_22_fu_181_p2                |      icmp|   0|  0|  34|          27|           1|
    |icmp_ln538_fu_133_p2                   |      icmp|   0|  0|  34|          27|           1|
    |ap_block_pp0_stage0_01001_grp1         |        or|   0|  0|   2|           1|           1|
    |ap_block_pp0_stage0_11001              |        or|   0|  0|   2|           1|           1|
    |ap_block_state1_pp0_stage0_iter0_grp1  |        or|   0|  0|   2|           1|           1|
    |select_ln538_20_fu_220_p3              |    select|   0|  0|  16|           1|          16|
    |select_ln538_21_fu_226_p3              |    select|   0|  0|  16|           1|          16|
    |select_ln538_22_fu_232_p3              |    select|   0|  0|  16|           1|          16|
    |select_ln538_fu_214_p3                 |    select|   0|  0|  16|           1|          16|
    |ap_enable_pp0                          |       xor|   0|  0|   2|           1|           2|
    +---------------------------------------+----------+----+---+----+------------+------------+
    |Total                                  |          |   0|  0| 252|         145|          77|
    +---------------------------------------+----------+----+---+----+------------+------------+

    * Multiplexer: 
    +----------------------------------+----+-----------+-----+-----------+
    |               Name               | LUT| Input Size| Bits| Total Bits|
    +----------------------------------+----+-----------+-----+-----------+
    |ap_done_int                       |   9|          2|    1|          2|
    |ap_loop_exit_ready_pp0_iter1_reg  |   9|          2|    1|          2|
    |ap_sig_allocacmp_i_24             |   9|          2|   14|         28|
    |i_23_fu_74                        |   9|          2|   14|         28|
    |layer3_out_blk_n                  |   9|          2|    1|          2|
    |layer4_out_blk_n                  |   9|          2|    1|          2|
    |real_start                        |   9|          2|    1|          2|
    +----------------------------------+----+-----------+-----+-----------+
    |Total                             |  63|         14|   33|         66|
    +----------------------------------+----+-----------+-----+-----------+

    * Register: 
    +----------------------------------+----+----+-----+-----------+
    |               Name               | FF | LUT| Bits| Const Bits|
    +----------------------------------+----+----+-----+-----------+
    |ap_CS_fsm                         |   1|   0|    1|          0|
    |ap_done_reg                       |   1|   0|    1|          0|
    |ap_enable_reg_pp0_iter1           |   1|   0|    1|          0|
    |ap_loop_exit_ready_pp0_iter1_reg  |   1|   0|    1|          0|
    |i_23_fu_74                        |  14|   0|   14|          0|
    |icmp_ln538_20_reg_268             |   1|   0|    1|          0|
    |icmp_ln538_21_reg_278             |   1|   0|    1|          0|
    |icmp_ln538_22_reg_288             |   1|   0|    1|          0|
    |icmp_ln538_reg_258                |   1|   0|    1|          0|
    |start_once_reg                    |   1|   0|    1|          0|
    |trunc_ln539_8_reg_283             |  16|   0|   16|          0|
    |trunc_ln539_9_reg_293             |  16|   0|   16|          0|
    |trunc_ln539_s_reg_273             |  16|   0|   16|          0|
    |trunc_ln6_reg_263                 |  16|   0|   16|          0|
    +----------------------------------+----+----+-----+-----------+
    |Total                             |  87|   0|   87|          0|
    +----------------------------------+----+----+-----+-----------+



================================================================
== Interface
================================================================
* Summary: 
+---------------------------+-----+-----+------------+-----------------------------------------------------------------------------+--------------+
|         RTL Ports         | Dir | Bits|  Protocol  |                                Source Object                                |    C Type    |
+---------------------------+-----+-----+------------+-----------------------------------------------------------------------------+--------------+
|ap_clk                     |   in|    1|  ap_ctrl_hs|  thresholded_relu<array,ap_fixed,array<ap_fixed,4u>,thresholdedrelu_config4>|  return value|
|ap_rst                     |   in|    1|  ap_ctrl_hs|  thresholded_relu<array,ap_fixed,array<ap_fixed,4u>,thresholdedrelu_config4>|  return value|
|ap_start                   |   in|    1|  ap_ctrl_hs|  thresholded_relu<array,ap_fixed,array<ap_fixed,4u>,thresholdedrelu_config4>|  return value|
|start_full_n               |   in|    1|  ap_ctrl_hs|  thresholded_relu<array,ap_fixed,array<ap_fixed,4u>,thresholdedrelu_config4>|  return value|
|ap_done                    |  out|    1|  ap_ctrl_hs|  thresholded_relu<array,ap_fixed,array<ap_fixed,4u>,thresholdedrelu_config4>|  return value|
|ap_continue                |   in|    1|  ap_ctrl_hs|  thresholded_relu<array,ap_fixed,array<ap_fixed,4u>,thresholdedrelu_config4>|  return value|
|ap_idle                    |  out|    1|  ap_ctrl_hs|  thresholded_relu<array,ap_fixed,array<ap_fixed,4u>,thresholdedrelu_config4>|  return value|
|ap_ready                   |  out|    1|  ap_ctrl_hs|  thresholded_relu<array,ap_fixed,array<ap_fixed,4u>,thresholdedrelu_config4>|  return value|
|start_out                  |  out|    1|  ap_ctrl_hs|  thresholded_relu<array,ap_fixed,array<ap_fixed,4u>,thresholdedrelu_config4>|  return value|
|start_write                |  out|    1|  ap_ctrl_hs|  thresholded_relu<array,ap_fixed,array<ap_fixed,4u>,thresholdedrelu_config4>|  return value|
|layer3_out_dout            |   in|  108|     ap_fifo|                                                                   layer3_out|       pointer|
|layer3_out_empty_n         |   in|    1|     ap_fifo|                                                                   layer3_out|       pointer|
|layer3_out_read            |  out|    1|     ap_fifo|                                                                   layer3_out|       pointer|
|layer3_out_num_data_valid  |   in|    2|     ap_fifo|                                                                   layer3_out|       pointer|
|layer3_out_fifo_cap        |   in|    2|     ap_fifo|                                                                   layer3_out|       pointer|
|layer4_out_din             |  out|   64|     ap_fifo|                                                                   layer4_out|       pointer|
|layer4_out_full_n          |   in|    1|     ap_fifo|                                                                   layer4_out|       pointer|
|layer4_out_write           |  out|    1|     ap_fifo|                                                                   layer4_out|       pointer|
|layer4_out_num_data_valid  |   in|   32|     ap_fifo|                                                                   layer4_out|       pointer|
|layer4_out_fifo_cap        |   in|   32|     ap_fifo|                                                                   layer4_out|       pointer|
+---------------------------+-----+-----+------------+-----------------------------------------------------------------------------+--------------+

============================================================
+ Verbose Summary: Synthesis Manager
============================================================
InlineROM: 1
ExposeGlobal: 0
============================================================
+ Verbose Summary: CDFG Model
============================================================
IsTopModel: 0
ResetActiveHigh: 1
IsCombinational: 2
IsDatapathOnly: 0
HasWiredReturn: 1
HasMFsm: 2
HasVarLatency: 1
IsPipeline: 0
IsRtlPipelined: 0
IsInstanceOverlapped: 0
IsDontTouch: 0
HasImplIP: 0
IsGatedGlobalClock: 0

+ Individual pipeline summary: 
  * Pipeline-0: initiation interval (II) = 1, depth = 2


============================================================
+ Verbose Summary: Schedule
============================================================
* Number of FSM states : 2
* Pipeline : 1
  Pipeline-0 : II = 1, D = 2, States = { 1 2 }
* Dataflow Pipeline: 0

* FSM state transitions: 
1 --> 2 
2 --> 

* FSM state operations: 

State 1 <SV = 0> <Delay = 3.29>
ST_1 : Operation 5 [1/1] (0.00ns)   --->   "%i_23 = alloca i32 1" [firmware/nnet_utils/nnet_activation_stream.h:528]   --->   Operation 5 'alloca' 'i_23' <Predicate = true> <Delay = 0.00>
ST_1 : Operation 6 [1/1] (0.00ns)   --->   "%specinterface_ln0 = specinterface void @_ssdm_op_SpecInterface, i64 %layer4_out, void @empty_2, i32 0, i32 0, void @empty_1, i32 0, i32 0, void @empty_1, void @empty_1, void @empty_1, i32 0, i32 0, i32 0, i32 0, void @empty_1, void @empty_1, i32 4294967295, i32 0, i32 0, i32 0"   --->   Operation 6 'specinterface' 'specinterface_ln0' <Predicate = true> <Delay = 0.00>
ST_1 : Operation 7 [1/1] (0.00ns)   --->   "%specinterface_ln0 = specinterface void @_ssdm_op_SpecInterface, i108 %layer3_out, void @empty_2, i32 0, i32 0, void @empty_1, i32 0, i32 0, void @empty_1, void @empty_1, void @empty_1, i32 0, i32 0, i32 0, i32 0, void @empty_1, void @empty_1, i32 4294967295, i32 0, i32 0, i32 0"   --->   Operation 7 'specinterface' 'specinterface_ln0' <Predicate = true> <Delay = 0.00>
ST_1 : Operation 8 [1/1] (0.53ns)   --->   "%store_ln528 = store i14 0, i14 %i_23" [firmware/nnet_utils/nnet_activation_stream.h:528]   --->   Operation 8 'store' 'store_ln528' <Predicate = true> <Delay = 0.53>
ST_1 : Operation 9 [1/1] (0.00ns)   --->   "%br_ln528 = br void %ThresholdedReLUPackLoop.split" [firmware/nnet_utils/nnet_activation_stream.h:528]   --->   Operation 9 'br' 'br_ln528' <Predicate = true> <Delay = 0.00>
ST_1 : Operation 10 [1/1] (0.00ns)   --->   "%i_24 = load i14 %i_23" [firmware/nnet_utils/nnet_activation_stream.h:528]   --->   Operation 10 'load' 'i_24' <Predicate = true> <Delay = 0.00>
ST_1 : Operation 11 [1/1] ( I:1.82ns O:1.82ns )   --->   "%layer3_out_read = read i108 @_ssdm_op_Read.ap_fifo.volatile.i108P0A, i108 %layer3_out" [firmware/nnet_utils/nnet_activation_stream.h:531]   --->   Operation 11 'read' 'layer3_out_read' <Predicate = true> <Delay = 1.82> <CoreInst = "FIFO_SRL">   --->   Core 80 'FIFO_SRL' <Latency = 0> <II = 1> <Delay = 2.26> <Storage> <Opcode : 'read' 'write' 'nbread' 'nbwrite'> <Ports = 0> <Width = 108> <Depth = 1> <FIFO>
ST_1 : Operation 12 [1/1] (0.00ns)   --->   "%trunc_ln531 = trunc i108 %layer3_out_read" [firmware/nnet_utils/nnet_activation_stream.h:531]   --->   Operation 12 'trunc' 'trunc_ln531' <Predicate = true> <Delay = 0.00>
ST_1 : Operation 13 [1/1] (0.00ns)   --->   "%trunc_ln531_s = partselect i27 @_ssdm_op_PartSelect.i27.i108.i32.i32, i108 %layer3_out_read, i32 27, i32 53" [firmware/nnet_utils/nnet_activation_stream.h:531]   --->   Operation 13 'partselect' 'trunc_ln531_s' <Predicate = true> <Delay = 0.00>
ST_1 : Operation 14 [1/1] (0.00ns)   --->   "%trunc_ln531_8 = partselect i27 @_ssdm_op_PartSelect.i27.i108.i32.i32, i108 %layer3_out_read, i32 54, i32 80" [firmware/nnet_utils/nnet_activation_stream.h:531]   --->   Operation 14 'partselect' 'trunc_ln531_8' <Predicate = true> <Delay = 0.00>
ST_1 : Operation 15 [1/1] (0.00ns)   --->   "%trunc_ln531_9 = partselect i27 @_ssdm_op_PartSelect.i27.i108.i32.i32, i108 %layer3_out_read, i32 81, i32 107" [firmware/nnet_utils/nnet_activation_stream.h:531]   --->   Operation 15 'partselect' 'trunc_ln531_9' <Predicate = true> <Delay = 0.00>
ST_1 : Operation 16 [1/1] (1.46ns)   --->   "%icmp_ln538 = icmp_sgt  i27 %trunc_ln531, i27 0" [firmware/nnet_utils/nnet_activation_stream.h:538]   --->   Operation 16 'icmp' 'icmp_ln538' <Predicate = true> <Delay = 1.46> <CoreInst = "Cmp">   --->   Core 9 'Cmp' <Latency = 0> <II = 1> <Delay = 1.46> <FuncUnit> <Opcode : 'seteq' 'setne' 'setle' 'setge' 'setlt' 'setgt'> <InPorts = 2> <OutPorts = 1>
ST_1 : Operation 17 [1/1] (0.00ns)   --->   "%trunc_ln6 = partselect i16 @_ssdm_op_PartSelect.i16.i108.i32.i32, i108 %layer3_out_read, i32 8, i32 23" [firmware/nnet_utils/nnet_activation_stream.h:539]   --->   Operation 17 'partselect' 'trunc_ln6' <Predicate = true> <Delay = 0.00>
ST_1 : Operation 18 [1/1] (1.46ns)   --->   "%icmp_ln538_20 = icmp_sgt  i27 %trunc_ln531_s, i27 0" [firmware/nnet_utils/nnet_activation_stream.h:538]   --->   Operation 18 'icmp' 'icmp_ln538_20' <Predicate = true> <Delay = 1.46> <CoreInst = "Cmp">   --->   Core 9 'Cmp' <Latency = 0> <II = 1> <Delay = 1.46> <FuncUnit> <Opcode : 'seteq' 'setne' 'setle' 'setge' 'setlt' 'setgt'> <InPorts = 2> <OutPorts = 1>
ST_1 : Operation 19 [1/1] (0.00ns)   --->   "%trunc_ln539_s = partselect i16 @_ssdm_op_PartSelect.i16.i108.i32.i32, i108 %layer3_out_read, i32 35, i32 50" [firmware/nnet_utils/nnet_activation_stream.h:539]   --->   Operation 19 'partselect' 'trunc_ln539_s' <Predicate = true> <Delay = 0.00>
ST_1 : Operation 20 [1/1] (1.46ns)   --->   "%icmp_ln538_21 = icmp_sgt  i27 %trunc_ln531_8, i27 0" [firmware/nnet_utils/nnet_activation_stream.h:538]   --->   Operation 20 'icmp' 'icmp_ln538_21' <Predicate = true> <Delay = 1.46> <CoreInst = "Cmp">   --->   Core 9 'Cmp' <Latency = 0> <II = 1> <Delay = 1.46> <FuncUnit> <Opcode : 'seteq' 'setne' 'setle' 'setge' 'setlt' 'setgt'> <InPorts = 2> <OutPorts = 1>
ST_1 : Operation 21 [1/1] (0.00ns)   --->   "%trunc_ln539_8 = partselect i16 @_ssdm_op_PartSelect.i16.i108.i32.i32, i108 %layer3_out_read, i32 62, i32 77" [firmware/nnet_utils/nnet_activation_stream.h:539]   --->   Operation 21 'partselect' 'trunc_ln539_8' <Predicate = true> <Delay = 0.00>
ST_1 : Operation 22 [1/1] (1.46ns)   --->   "%icmp_ln538_22 = icmp_sgt  i27 %trunc_ln531_9, i27 0" [firmware/nnet_utils/nnet_activation_stream.h:538]   --->   Operation 22 'icmp' 'icmp_ln538_22' <Predicate = true> <Delay = 1.46> <CoreInst = "Cmp">   --->   Core 9 'Cmp' <Latency = 0> <II = 1> <Delay = 1.46> <FuncUnit> <Opcode : 'seteq' 'setne' 'setle' 'setge' 'setlt' 'setgt'> <InPorts = 2> <OutPorts = 1>
ST_1 : Operation 23 [1/1] (0.00ns)   --->   "%trunc_ln539_9 = partselect i16 @_ssdm_op_PartSelect.i16.i108.i32.i32, i108 %layer3_out_read, i32 89, i32 104" [firmware/nnet_utils/nnet_activation_stream.h:539]   --->   Operation 23 'partselect' 'trunc_ln539_9' <Predicate = true> <Delay = 0.00>
ST_1 : Operation 24 [1/1] (1.38ns)   --->   "%i = add i14 %i_24, i14 1" [firmware/nnet_utils/nnet_activation_stream.h:528]   --->   Operation 24 'add' 'i' <Predicate = true> <Delay = 1.38> <CoreInst = "Adder">   --->   Core 1 'Adder' <Latency = 0> <II = 1> <Delay = 1.38> <FuncUnit> <Opcode : 'add' 'sub'> <InPorts = 2> <OutPorts = 1>
ST_1 : Operation 25 [1/1] (1.38ns)   --->   "%icmp_ln528 = icmp_eq  i14 %i_24, i14 16383" [firmware/nnet_utils/nnet_activation_stream.h:528]   --->   Operation 25 'icmp' 'icmp_ln528' <Predicate = true> <Delay = 1.38> <CoreInst = "Cmp">   --->   Core 9 'Cmp' <Latency = 0> <II = 1> <Delay = 1.38> <FuncUnit> <Opcode : 'seteq' 'setne' 'setle' 'setge' 'setlt' 'setgt'> <InPorts = 2> <OutPorts = 1>
ST_1 : Operation 26 [1/1] (0.53ns)   --->   "%store_ln528 = store i14 %i, i14 %i_23" [firmware/nnet_utils/nnet_activation_stream.h:528]   --->   Operation 26 'store' 'store_ln528' <Predicate = true> <Delay = 0.53>
ST_1 : Operation 27 [1/1] (0.00ns)   --->   "%br_ln528 = br i1 %icmp_ln528, void %ThresholdedReLUPackLoop.split, void %for.end15" [firmware/nnet_utils/nnet_activation_stream.h:528]   --->   Operation 27 'br' 'br_ln528' <Predicate = true> <Delay = 0.00>

State 2 <SV = 1> <Delay = 2.23>
ST_2 : Operation 28 [1/1] (0.00ns)   --->   "%specpipeline_ln529 = specpipeline void @_ssdm_op_SpecPipeline, i32 4294967295, i32 0, i32 0, i32 0, i32 4294967295, void @empty_1" [firmware/nnet_utils/nnet_activation_stream.h:529]   --->   Operation 28 'specpipeline' 'specpipeline_ln529' <Predicate = true> <Delay = 0.00>
ST_2 : Operation 29 [1/1] (0.00ns)   --->   "%speclooptripcount_ln528 = speclooptripcount void @_ssdm_op_SpecLoopTripCount, i64 16384, i64 16384, i64 16384" [firmware/nnet_utils/nnet_activation_stream.h:528]   --->   Operation 29 'speclooptripcount' 'speclooptripcount_ln528' <Predicate = true> <Delay = 0.00>
ST_2 : Operation 30 [1/1] (0.00ns)   --->   "%specloopname_ln528 = specloopname void @_ssdm_op_SpecLoopName, void @empty_12" [firmware/nnet_utils/nnet_activation_stream.h:528]   --->   Operation 30 'specloopname' 'specloopname_ln528' <Predicate = true> <Delay = 0.00>
ST_2 : Operation 31 [1/1] (0.41ns)   --->   "%select_ln538 = select i1 %icmp_ln538, i16 %trunc_ln6, i16 0" [firmware/nnet_utils/nnet_activation_stream.h:538]   --->   Operation 31 'select' 'select_ln538' <Predicate = true> <Delay = 0.41> <CoreInst = "Sel">   --->   Core 73 'Sel' <Latency = 0> <II = 1> <Delay = 0.41> <FuncUnit> <Opcode : 'select'> <InPorts = 3> <OutPorts = 1>
ST_2 : Operation 32 [1/1] (0.41ns)   --->   "%select_ln538_20 = select i1 %icmp_ln538_20, i16 %trunc_ln539_s, i16 0" [firmware/nnet_utils/nnet_activation_stream.h:538]   --->   Operation 32 'select' 'select_ln538_20' <Predicate = true> <Delay = 0.41> <CoreInst = "Sel">   --->   Core 73 'Sel' <Latency = 0> <II = 1> <Delay = 0.41> <FuncUnit> <Opcode : 'select'> <InPorts = 3> <OutPorts = 1>
ST_2 : Operation 33 [1/1] (0.41ns)   --->   "%select_ln538_21 = select i1 %icmp_ln538_21, i16 %trunc_ln539_8, i16 0" [firmware/nnet_utils/nnet_activation_stream.h:538]   --->   Operation 33 'select' 'select_ln538_21' <Predicate = true> <Delay = 0.41> <CoreInst = "Sel">   --->   Core 73 'Sel' <Latency = 0> <II = 1> <Delay = 0.41> <FuncUnit> <Opcode : 'select'> <InPorts = 3> <OutPorts = 1>
ST_2 : Operation 34 [1/1] (0.41ns)   --->   "%select_ln538_22 = select i1 %icmp_ln538_22, i16 %trunc_ln539_9, i16 0" [firmware/nnet_utils/nnet_activation_stream.h:538]   --->   Operation 34 'select' 'select_ln538_22' <Predicate = true> <Delay = 0.41> <CoreInst = "Sel">   --->   Core 73 'Sel' <Latency = 0> <II = 1> <Delay = 0.41> <FuncUnit> <Opcode : 'select'> <InPorts = 3> <OutPorts = 1>
ST_2 : Operation 35 [1/1] (0.00ns)   --->   "%or_ln544_s = bitconcatenate i64 @_ssdm_op_BitConcatenate.i64.i16.i16.i16.i16, i16 %select_ln538_22, i16 %select_ln538_21, i16 %select_ln538_20, i16 %select_ln538" [firmware/nnet_utils/nnet_activation_stream.h:544]   --->   Operation 35 'bitconcatenate' 'or_ln544_s' <Predicate = true> <Delay = 0.00>
ST_2 : Operation 36 [1/1] ( I:1.82ns O:1.82ns )   --->   "%write_ln544 = write void @_ssdm_op_Write.ap_fifo.volatile.i64P0A, i64 %layer4_out, i64 %or_ln544_s" [firmware/nnet_utils/nnet_activation_stream.h:544]   --->   Operation 36 'write' 'write_ln544' <Predicate = true> <Delay = 1.82> <CoreInst = "FIFO_SRL">   --->   Core 80 'FIFO_SRL' <Latency = 0> <II = 1> <Delay = 2.26> <Storage> <Opcode : 'read' 'write' 'nbread' 'nbwrite'> <Ports = 0> <Width = 64> <Depth = 2> <FIFO>
ST_2 : Operation 37 [1/1] (0.53ns)   --->   "%ret_ln546 = ret" [firmware/nnet_utils/nnet_activation_stream.h:546]   --->   Operation 37 'ret' 'ret_ln546' <Predicate = (icmp_ln528)> <Delay = 0.53>


============================================================
+ Verbose Summary: Binding
============================================================
STG Binding: 
---------------- STG Properties BEGIN ----------------
- Is combinational: 0
- Is one-state seq: 0
- Is datapath-only: 0
- Is pipelined: 0
- Is top level: 0
Port [ Return ] is wired: 1; IO mode=ap_ctrl_hs:ce=0
Port [ layer3_out]:  wired=1; compound=1; hidden=0; nouse=0; global=0; static=0; extern=0; dir=0; type=3; pingpong=0; private_global=0; IO mode=ap_fifo:ce=0
Port [ layer4_out]:  wired=1; compound=1; hidden=0; nouse=0; global=0; static=0; extern=0; dir=1; type=3; pingpong=0; private_global=0; IO mode=ap_fifo:ce=0
---------------- STG Properties END ------------------

---------------- Datapath Model BEGIN ----------------

<LifeTime>
<method=bitvector/>
i_23                    (alloca           ) [ 010]
specinterface_ln0       (specinterface    ) [ 000]
specinterface_ln0       (specinterface    ) [ 000]
store_ln528             (store            ) [ 000]
br_ln528                (br               ) [ 000]
i_24                    (load             ) [ 000]
layer3_out_read         (read             ) [ 000]
trunc_ln531             (trunc            ) [ 000]
trunc_ln531_s           (partselect       ) [ 000]
trunc_ln531_8           (partselect       ) [ 000]
trunc_ln531_9           (partselect       ) [ 000]
icmp_ln538              (icmp             ) [ 011]
trunc_ln6               (partselect       ) [ 011]
icmp_ln538_20           (icmp             ) [ 011]
trunc_ln539_s           (partselect       ) [ 011]
icmp_ln538_21           (icmp             ) [ 011]
trunc_ln539_8           (partselect       ) [ 011]
icmp_ln538_22           (icmp             ) [ 011]
trunc_ln539_9           (partselect       ) [ 011]
i                       (add              ) [ 000]
icmp_ln528              (icmp             ) [ 011]
store_ln528             (store            ) [ 000]
br_ln528                (br               ) [ 000]
specpipeline_ln529      (specpipeline     ) [ 000]
speclooptripcount_ln528 (speclooptripcount) [ 000]
specloopname_ln528      (specloopname     ) [ 000]
select_ln538            (select           ) [ 000]
select_ln538_20         (select           ) [ 000]
select_ln538_21         (select           ) [ 000]
select_ln538_22         (select           ) [ 000]
or_ln544_s              (bitconcatenate   ) [ 000]
write_ln544             (write            ) [ 000]
ret_ln546               (ret              ) [ 000]
</LifeTime>

<model>

<comp_list>
<comp id="0" class="1000" name="layer3_out">
<pin_list>
<pin id="1" dir="1" index="0" bw="1" slack="0"/>
</pin_list>
<bind>
<StgValue><ssdm name="layer3_out"/></StgValue>
</bind>
</comp>

<comp id="2" class="1000" name="layer4_out">
<pin_list>
<pin id="3" dir="1" index="0" bw="1" slack="0"/>
</pin_list>
<bind>
<StgValue><ssdm name="layer4_out"/></StgValue>
</bind>
</comp>

<comp id="4" class="1001" name="const_4">
<pin_list>
<pin id="5" dir="1" index="0" bw="1" slack="0"/>
</pin_list>
<bind>
<StgValue><ssdm name=""/></StgValue>
</bind>
</comp>

<comp id="6" class="1001" name="const_6">
<pin_list>
<pin id="7" dir="1" index="0" bw="1" slack="2147483647"/>
</pin_list>
<bind>
<StgValue><ssdm name="_ssdm_op_SpecInterface"/></StgValue>
</bind>
</comp>

<comp id="8" class="1001" name="const_8">
<pin_list>
<pin id="9" dir="1" index="0" bw="1" slack="2147483647"/>
</pin_list>
<bind>
<StgValue><ssdm name="empty_2"/></StgValue>
</bind>
</comp>

<comp id="10" class="1001" name="const_10">
<pin_list>
<pin id="11" dir="1" index="0" bw="1" slack="2147483647"/>
</pin_list>
<bind>
<StgValue><ssdm name=""/></StgValue>
</bind>
</comp>

<comp id="12" class="1001" name="const_12">
<pin_list>
<pin id="13" dir="1" index="0" bw="1" slack="2147483647"/>
</pin_list>
<bind>
<StgValue><ssdm name="empty_1"/></StgValue>
</bind>
</comp>

<comp id="14" class="1001" name="const_14">
<pin_list>
<pin id="15" dir="1" index="0" bw="1" slack="2147483647"/>
</pin_list>
<bind>
<StgValue><ssdm name=""/></StgValue>
</bind>
</comp>

<comp id="16" class="1001" name="const_16">
<pin_list>
<pin id="17" dir="1" index="0" bw="1" slack="0"/>
</pin_list>
<bind>
<StgValue><ssdm name=""/></StgValue>
</bind>
</comp>

<comp id="18" class="1001" name="const_18">
<pin_list>
<pin id="19" dir="1" index="0" bw="1" slack="0"/>
</pin_list>
<bind>
<StgValue><ssdm name="_ssdm_op_Read.ap_fifo.volatile.i108P0A"/></StgValue>
</bind>
</comp>

<comp id="20" class="1001" name="const_20">
<pin_list>
<pin id="21" dir="1" index="0" bw="1" slack="0"/>
</pin_list>
<bind>
<StgValue><ssdm name="_ssdm_op_PartSelect.i27.i108.i32.i32"/></StgValue>
</bind>
</comp>

<comp id="22" class="1001" name="const_22">
<pin_list>
<pin id="23" dir="1" index="0" bw="1" slack="0"/>
</pin_list>
<bind>
<StgValue><ssdm name=""/></StgValue>
</bind>
</comp>

<comp id="24" class="1001" name="const_24">
<pin_list>
<pin id="25" dir="1" index="0" bw="1" slack="0"/>
</pin_list>
<bind>
<StgValue><ssdm name=""/></StgValue>
</bind>
</comp>

<comp id="26" class="1001" name="const_26">
<pin_list>
<pin id="27" dir="1" index="0" bw="1" slack="0"/>
</pin_list>
<bind>
<StgValue><ssdm name=""/></StgValue>
</bind>
</comp>

<comp id="28" class="1001" name="const_28">
<pin_list>
<pin id="29" dir="1" index="0" bw="1" slack="0"/>
</pin_list>
<bind>
<StgValue><ssdm name=""/></StgValue>
</bind>
</comp>

<comp id="30" class="1001" name="const_30">
<pin_list>
<pin id="31" dir="1" index="0" bw="1" slack="0"/>
</pin_list>
<bind>
<StgValue><ssdm name=""/></StgValue>
</bind>
</comp>

<comp id="32" class="1001" name="const_32">
<pin_list>
<pin id="33" dir="1" index="0" bw="1" slack="0"/>
</pin_list>
<bind>
<StgValue><ssdm name=""/></StgValue>
</bind>
</comp>

<comp id="34" class="1001" name="const_34">
<pin_list>
<pin id="35" dir="1" index="0" bw="1" slack="0"/>
</pin_list>
<bind>
<StgValue><ssdm name=""/></StgValue>
</bind>
</comp>

<comp id="36" class="1001" name="const_36">
<pin_list>
<pin id="37" dir="1" index="0" bw="1" slack="0"/>
</pin_list>
<bind>
<StgValue><ssdm name="_ssdm_op_PartSelect.i16.i108.i32.i32"/></StgValue>
</bind>
</comp>

<comp id="38" class="1001" name="const_38">
<pin_list>
<pin id="39" dir="1" index="0" bw="1" slack="0"/>
</pin_list>
<bind>
<StgValue><ssdm name=""/></StgValue>
</bind>
</comp>

<comp id="40" class="1001" name="const_40">
<pin_list>
<pin id="41" dir="1" index="0" bw="1" slack="0"/>
</pin_list>
<bind>
<StgValue><ssdm name=""/></StgValue>
</bind>
</comp>

<comp id="42" class="1001" name="const_42">
<pin_list>
<pin id="43" dir="1" index="0" bw="1" slack="0"/>
</pin_list>
<bind>
<StgValue><ssdm name=""/></StgValue>
</bind>
</comp>

<comp id="44" class="1001" name="const_44">
<pin_list>
<pin id="45" dir="1" index="0" bw="1" slack="0"/>
</pin_list>
<bind>
<StgValue><ssdm name=""/></StgValue>
</bind>
</comp>

<comp id="46" class="1001" name="const_46">
<pin_list>
<pin id="47" dir="1" index="0" bw="1" slack="0"/>
</pin_list>
<bind>
<StgValue><ssdm name=""/></StgValue>
</bind>
</comp>

<comp id="48" class="1001" name="const_48">
<pin_list>
<pin id="49" dir="1" index="0" bw="1" slack="0"/>
</pin_list>
<bind>
<StgValue><ssdm name=""/></StgValue>
</bind>
</comp>

<comp id="50" class="1001" name="const_50">
<pin_list>
<pin id="51" dir="1" index="0" bw="1" slack="0"/>
</pin_list>
<bind>
<StgValue><ssdm name=""/></StgValue>
</bind>
</comp>

<comp id="52" class="1001" name="const_52">
<pin_list>
<pin id="53" dir="1" index="0" bw="1" slack="0"/>
</pin_list>
<bind>
<StgValue><ssdm name=""/></StgValue>
</bind>
</comp>

<comp id="54" class="1001" name="const_54">
<pin_list>
<pin id="55" dir="1" index="0" bw="1" slack="0"/>
</pin_list>
<bind>
<StgValue><ssdm name=""/></StgValue>
</bind>
</comp>

<comp id="56" class="1001" name="const_56">
<pin_list>
<pin id="57" dir="1" index="0" bw="1" slack="0"/>
</pin_list>
<bind>
<StgValue><ssdm name=""/></StgValue>
</bind>
</comp>

<comp id="58" class="1001" name="const_58">
<pin_list>
<pin id="59" dir="1" index="0" bw="1" slack="2147483647"/>
</pin_list>
<bind>
<StgValue><ssdm name="_ssdm_op_SpecPipeline"/></StgValue>
</bind>
</comp>

<comp id="60" class="1001" name="const_60">
<pin_list>
<pin id="61" dir="1" index="0" bw="1" slack="2147483647"/>
</pin_list>
<bind>
<StgValue><ssdm name="_ssdm_op_SpecLoopTripCount"/></StgValue>
</bind>
</comp>

<comp id="62" class="1001" name="const_62">
<pin_list>
<pin id="63" dir="1" index="0" bw="1" slack="2147483647"/>
</pin_list>
<bind>
<StgValue><ssdm name=""/></StgValue>
</bind>
</comp>

<comp id="64" class="1001" name="const_64">
<pin_list>
<pin id="65" dir="1" index="0" bw="1" slack="2147483647"/>
</pin_list>
<bind>
<StgValue><ssdm name="_ssdm_op_SpecLoopName"/></StgValue>
</bind>
</comp>

<comp id="66" class="1001" name="const_66">
<pin_list>
<pin id="67" dir="1" index="0" bw="1" slack="2147483647"/>
</pin_list>
<bind>
<StgValue><ssdm name="empty_12"/></StgValue>
</bind>
</comp>

<comp id="68" class="1001" name="const_68">
<pin_list>
<pin id="69" dir="1" index="0" bw="1" slack="0"/>
</pin_list>
<bind>
<StgValue><ssdm name=""/></StgValue>
</bind>
</comp>

<comp id="70" class="1001" name="const_70">
<pin_list>
<pin id="71" dir="1" index="0" bw="1" slack="0"/>
</pin_list>
<bind>
<StgValue><ssdm name="_ssdm_op_BitConcatenate.i64.i16.i16.i16.i16"/></StgValue>
</bind>
</comp>

<comp id="72" class="1001" name="const_72">
<pin_list>
<pin id="73" dir="1" index="0" bw="1" slack="0"/>
</pin_list>
<bind>
<StgValue><ssdm name="_ssdm_op_Write.ap_fifo.volatile.i64P0A"/></StgValue>
</bind>
</comp>

<comp id="74" class="1004" name="i_23_fu_74">
<pin_list>
<pin id="75" dir="0" index="0" bw="1" slack="0"/>
<pin id="76" dir="1" index="1" bw="14" slack="0"/>
</pin_list>
<bind>
<opcode="alloca(26) " fcode="alloca"/>
<opset="i_23/1 "/>
</bind>
</comp>

<comp id="78" class="1004" name="layer3_out_read_read_fu_78">
<pin_list>
<pin id="79" dir="0" index="0" bw="108" slack="0"/>
<pin id="80" dir="0" index="1" bw="108" slack="0"/>
<pin id="81" dir="1" index="2" bw="108" slack="0"/>
</pin_list>
<bind>
<opcode="read(1150) " fcode="read"/>
<opset="layer3_out_read/1 "/>
</bind>
</comp>

<comp id="84" class="1004" name="write_ln544_write_fu_84">
<pin_list>
<pin id="85" dir="0" index="0" bw="0" slack="0"/>
<pin id="86" dir="0" index="1" bw="64" slack="0"/>
<pin id="87" dir="0" index="2" bw="64" slack="0"/>
<pin id="88" dir="1" index="3" bw="0" slack="2147483647"/>
</pin_list>
<bind>
<opcode="write(1151) " fcode="write"/>
<opset="write_ln544/2 "/>
</bind>
</comp>

<comp id="91" class="1004" name="store_ln528_store_fu_91">
<pin_list>
<pin id="92" dir="0" index="0" bw="1" slack="0"/>
<pin id="93" dir="0" index="1" bw="14" slack="0"/>
<pin id="94" dir="1" index="2" bw="0" slack="2147483647"/>
</pin_list>
<bind>
<opcode="store(28) " fcode="store"/>
<opset="store_ln528/1 "/>
</bind>
</comp>

<comp id="96" class="1004" name="i_24_load_fu_96">
<pin_list>
<pin id="97" dir="0" index="0" bw="14" slack="0"/>
<pin id="98" dir="1" index="1" bw="14" slack="0"/>
</pin_list>
<bind>
<opcode="load(27) " fcode="load"/>
<opset="i_24/1 "/>
</bind>
</comp>

<comp id="99" class="1004" name="trunc_ln531_fu_99">
<pin_list>
<pin id="100" dir="0" index="0" bw="108" slack="0"/>
<pin id="101" dir="1" index="1" bw="27" slack="0"/>
</pin_list>
<bind>
<opcode="trunc(33) " fcode="trunc"/>
<opset="trunc_ln531/1 "/>
</bind>
</comp>

<comp id="103" class="1004" name="trunc_ln531_s_fu_103">
<pin_list>
<pin id="104" dir="0" index="0" bw="27" slack="0"/>
<pin id="105" dir="0" index="1" bw="108" slack="0"/>
<pin id="106" dir="0" index="2" bw="6" slack="0"/>
<pin id="107" dir="0" index="3" bw="7" slack="0"/>
<pin id="108" dir="1" index="4" bw="27" slack="0"/>
</pin_list>
<bind>
<opcode="partselect(1002) " fcode="partselect"/>
<opset="trunc_ln531_s/1 "/>
</bind>
</comp>

<comp id="113" class="1004" name="trunc_ln531_8_fu_113">
<pin_list>
<pin id="114" dir="0" index="0" bw="27" slack="0"/>
<pin id="115" dir="0" index="1" bw="108" slack="0"/>
<pin id="116" dir="0" index="2" bw="7" slack="0"/>
<pin id="117" dir="0" index="3" bw="8" slack="0"/>
<pin id="118" dir="1" index="4" bw="27" slack="0"/>
</pin_list>
<bind>
<opcode="partselect(1002) " fcode="partselect"/>
<opset="trunc_ln531_8/1 "/>
</bind>
</comp>

<comp id="123" class="1004" name="trunc_ln531_9_fu_123">
<pin_list>
<pin id="124" dir="0" index="0" bw="27" slack="0"/>
<pin id="125" dir="0" index="1" bw="108" slack="0"/>
<pin id="126" dir="0" index="2" bw="8" slack="0"/>
<pin id="127" dir="0" index="3" bw="8" slack="0"/>
<pin id="128" dir="1" index="4" bw="27" slack="0"/>
</pin_list>
<bind>
<opcode="partselect(1002) " fcode="partselect"/>
<opset="trunc_ln531_9/1 "/>
</bind>
</comp>

<comp id="133" class="1004" name="icmp_ln538_fu_133">
<pin_list>
<pin id="134" dir="0" index="0" bw="27" slack="0"/>
<pin id="135" dir="0" index="1" bw="27" slack="0"/>
<pin id="136" dir="1" index="2" bw="1" slack="1"/>
</pin_list>
<bind>
<opcode="icmp(45) " fcode="icmp"/>
<opset="icmp_ln538/1 "/>
</bind>
</comp>

<comp id="139" class="1004" name="trunc_ln6_fu_139">
<pin_list>
<pin id="140" dir="0" index="0" bw="16" slack="0"/>
<pin id="141" dir="0" index="1" bw="108" slack="0"/>
<pin id="142" dir="0" index="2" bw="5" slack="0"/>
<pin id="143" dir="0" index="3" bw="6" slack="0"/>
<pin id="144" dir="1" index="4" bw="16" slack="1"/>
</pin_list>
<bind>
<opcode="partselect(1002) " fcode="partselect"/>
<opset="trunc_ln6/1 "/>
</bind>
</comp>

<comp id="149" class="1004" name="icmp_ln538_20_fu_149">
<pin_list>
<pin id="150" dir="0" index="0" bw="27" slack="0"/>
<pin id="151" dir="0" index="1" bw="27" slack="0"/>
<pin id="152" dir="1" index="2" bw="1" slack="1"/>
</pin_list>
<bind>
<opcode="icmp(45) " fcode="icmp"/>
<opset="icmp_ln538_20/1 "/>
</bind>
</comp>

<comp id="155" class="1004" name="trunc_ln539_s_fu_155">
<pin_list>
<pin id="156" dir="0" index="0" bw="16" slack="0"/>
<pin id="157" dir="0" index="1" bw="108" slack="0"/>
<pin id="158" dir="0" index="2" bw="7" slack="0"/>
<pin id="159" dir="0" index="3" bw="7" slack="0"/>
<pin id="160" dir="1" index="4" bw="16" slack="1"/>
</pin_list>
<bind>
<opcode="partselect(1002) " fcode="partselect"/>
<opset="trunc_ln539_s/1 "/>
</bind>
</comp>

<comp id="165" class="1004" name="icmp_ln538_21_fu_165">
<pin_list>
<pin id="166" dir="0" index="0" bw="27" slack="0"/>
<pin id="167" dir="0" index="1" bw="27" slack="0"/>
<pin id="168" dir="1" index="2" bw="1" slack="1"/>
</pin_list>
<bind>
<opcode="icmp(45) " fcode="icmp"/>
<opset="icmp_ln538_21/1 "/>
</bind>
</comp>

<comp id="171" class="1004" name="trunc_ln539_8_fu_171">
<pin_list>
<pin id="172" dir="0" index="0" bw="16" slack="0"/>
<pin id="173" dir="0" index="1" bw="108" slack="0"/>
<pin id="174" dir="0" index="2" bw="7" slack="0"/>
<pin id="175" dir="0" index="3" bw="8" slack="0"/>
<pin id="176" dir="1" index="4" bw="16" slack="1"/>
</pin_list>
<bind>
<opcode="partselect(1002) " fcode="partselect"/>
<opset="trunc_ln539_8/1 "/>
</bind>
</comp>

<comp id="181" class="1004" name="icmp_ln538_22_fu_181">
<pin_list>
<pin id="182" dir="0" index="0" bw="27" slack="0"/>
<pin id="183" dir="0" index="1" bw="27" slack="0"/>
<pin id="184" dir="1" index="2" bw="1" slack="1"/>
</pin_list>
<bind>
<opcode="icmp(45) " fcode="icmp"/>
<opset="icmp_ln538_22/1 "/>
</bind>
</comp>

<comp id="187" class="1004" name="trunc_ln539_9_fu_187">
<pin_list>
<pin id="188" dir="0" index="0" bw="16" slack="0"/>
<pin id="189" dir="0" index="1" bw="108" slack="0"/>
<pin id="190" dir="0" index="2" bw="8" slack="0"/>
<pin id="191" dir="0" index="3" bw="8" slack="0"/>
<pin id="192" dir="1" index="4" bw="16" slack="1"/>
</pin_list>
<bind>
<opcode="partselect(1002) " fcode="partselect"/>
<opset="trunc_ln539_9/1 "/>
</bind>
</comp>

<comp id="197" class="1004" name="i_fu_197">
<pin_list>
<pin id="198" dir="0" index="0" bw="14" slack="0"/>
<pin id="199" dir="0" index="1" bw="1" slack="0"/>
<pin id="200" dir="1" index="2" bw="14" slack="0"/>
</pin_list>
<bind>
<opcode="add(8) " fcode="add"/>
<opset="i/1 "/>
</bind>
</comp>

<comp id="203" class="1004" name="icmp_ln528_fu_203">
<pin_list>
<pin id="204" dir="0" index="0" bw="14" slack="0"/>
<pin id="205" dir="0" index="1" bw="14" slack="0"/>
<pin id="206" dir="1" index="2" bw="1" slack="1"/>
</pin_list>
<bind>
<opcode="icmp(45) " fcode="icmp"/>
<opset="icmp_ln528/1 "/>
</bind>
</comp>

<comp id="209" class="1004" name="store_ln528_store_fu_209">
<pin_list>
<pin id="210" dir="0" index="0" bw="14" slack="0"/>
<pin id="211" dir="0" index="1" bw="14" slack="0"/>
<pin id="212" dir="1" index="2" bw="0" slack="2147483647"/>
</pin_list>
<bind>
<opcode="store(28) " fcode="store"/>
<opset="store_ln528/1 "/>
</bind>
</comp>

<comp id="214" class="1004" name="select_ln538_fu_214">
<pin_list>
<pin id="215" dir="0" index="0" bw="1" slack="1"/>
<pin id="216" dir="0" index="1" bw="16" slack="1"/>
<pin id="217" dir="0" index="2" bw="16" slack="0"/>
<pin id="218" dir="1" index="3" bw="16" slack="0"/>
</pin_list>
<bind>
<opcode="select(49) " fcode="select"/>
<opset="select_ln538/2 "/>
</bind>
</comp>

<comp id="220" class="1004" name="select_ln538_20_fu_220">
<pin_list>
<pin id="221" dir="0" index="0" bw="1" slack="1"/>
<pin id="222" dir="0" index="1" bw="16" slack="1"/>
<pin id="223" dir="0" index="2" bw="16" slack="0"/>
<pin id="224" dir="1" index="3" bw="16" slack="0"/>
</pin_list>
<bind>
<opcode="select(49) " fcode="select"/>
<opset="select_ln538_20/2 "/>
</bind>
</comp>

<comp id="226" class="1004" name="select_ln538_21_fu_226">
<pin_list>
<pin id="227" dir="0" index="0" bw="1" slack="1"/>
<pin id="228" dir="0" index="1" bw="16" slack="1"/>
<pin id="229" dir="0" index="2" bw="16" slack="0"/>
<pin id="230" dir="1" index="3" bw="16" slack="0"/>
</pin_list>
<bind>
<opcode="select(49) " fcode="select"/>
<opset="select_ln538_21/2 "/>
</bind>
</comp>

<comp id="232" class="1004" name="select_ln538_22_fu_232">
<pin_list>
<pin id="233" dir="0" index="0" bw="1" slack="1"/>
<pin id="234" dir="0" index="1" bw="16" slack="1"/>
<pin id="235" dir="0" index="2" bw="16" slack="0"/>
<pin id="236" dir="1" index="3" bw="16" slack="0"/>
</pin_list>
<bind>
<opcode="select(49) " fcode="select"/>
<opset="select_ln538_22/2 "/>
</bind>
</comp>

<comp id="238" class="1004" name="or_ln544_s_fu_238">
<pin_list>
<pin id="239" dir="0" index="0" bw="64" slack="0"/>
<pin id="240" dir="0" index="1" bw="16" slack="0"/>
<pin id="241" dir="0" index="2" bw="16" slack="0"/>
<pin id="242" dir="0" index="3" bw="16" slack="0"/>
<pin id="243" dir="0" index="4" bw="16" slack="0"/>
<pin id="244" dir="1" index="5" bw="64" slack="0"/>
</pin_list>
<bind>
<opcode="bitconcatenate(1004) " fcode="bitconcatenate"/>
<opset="or_ln544_s/2 "/>
</bind>
</comp>

<comp id="251" class="1005" name="i_23_reg_251">
<pin_list>
<pin id="252" dir="0" index="0" bw="14" slack="0"/>
<pin id="253" dir="1" index="1" bw="14" slack="0"/>
</pin_list>
<bind>
<opset="i_23 "/>
</bind>
</comp>

<comp id="258" class="1005" name="icmp_ln538_reg_258">
<pin_list>
<pin id="259" dir="0" index="0" bw="1" slack="1"/>
<pin id="260" dir="1" index="1" bw="1" slack="1"/>
</pin_list>
<bind>
<opset="icmp_ln538 "/>
</bind>
</comp>

<comp id="263" class="1005" name="trunc_ln6_reg_263">
<pin_list>
<pin id="264" dir="0" index="0" bw="16" slack="1"/>
<pin id="265" dir="1" index="1" bw="16" slack="1"/>
</pin_list>
<bind>
<opset="trunc_ln6 "/>
</bind>
</comp>

<comp id="268" class="1005" name="icmp_ln538_20_reg_268">
<pin_list>
<pin id="269" dir="0" index="0" bw="1" slack="1"/>
<pin id="270" dir="1" index="1" bw="1" slack="1"/>
</pin_list>
<bind>
<opset="icmp_ln538_20 "/>
</bind>
</comp>

<comp id="273" class="1005" name="trunc_ln539_s_reg_273">
<pin_list>
<pin id="274" dir="0" index="0" bw="16" slack="1"/>
<pin id="275" dir="1" index="1" bw="16" slack="1"/>
</pin_list>
<bind>
<opset="trunc_ln539_s "/>
</bind>
</comp>

<comp id="278" class="1005" name="icmp_ln538_21_reg_278">
<pin_list>
<pin id="279" dir="0" index="0" bw="1" slack="1"/>
<pin id="280" dir="1" index="1" bw="1" slack="1"/>
</pin_list>
<bind>
<opset="icmp_ln538_21 "/>
</bind>
</comp>

<comp id="283" class="1005" name="trunc_ln539_8_reg_283">
<pin_list>
<pin id="284" dir="0" index="0" bw="16" slack="1"/>
<pin id="285" dir="1" index="1" bw="16" slack="1"/>
</pin_list>
<bind>
<opset="trunc_ln539_8 "/>
</bind>
</comp>

<comp id="288" class="1005" name="icmp_ln538_22_reg_288">
<pin_list>
<pin id="289" dir="0" index="0" bw="1" slack="1"/>
<pin id="290" dir="1" index="1" bw="1" slack="1"/>
</pin_list>
<bind>
<opset="icmp_ln538_22 "/>
</bind>
</comp>

<comp id="293" class="1005" name="trunc_ln539_9_reg_293">
<pin_list>
<pin id="294" dir="0" index="0" bw="16" slack="1"/>
<pin id="295" dir="1" index="1" bw="16" slack="1"/>
</pin_list>
<bind>
<opset="trunc_ln539_9 "/>
</bind>
</comp>

<comp id="298" class="1005" name="icmp_ln528_reg_298">
<pin_list>
<pin id="299" dir="0" index="0" bw="1" slack="1"/>
<pin id="300" dir="1" index="1" bw="1" slack="2147483647"/>
</pin_list>
<bind>
<opset="icmp_ln528 "/>
</bind>
</comp>

</comp_list>

<net_list>
<net id="77"><net_src comp="4" pin="0"/><net_sink comp="74" pin=0"/></net>

<net id="82"><net_src comp="18" pin="0"/><net_sink comp="78" pin=0"/></net>

<net id="83"><net_src comp="0" pin="0"/><net_sink comp="78" pin=1"/></net>

<net id="89"><net_src comp="72" pin="0"/><net_sink comp="84" pin=0"/></net>

<net id="90"><net_src comp="2" pin="0"/><net_sink comp="84" pin=1"/></net>

<net id="95"><net_src comp="16" pin="0"/><net_sink comp="91" pin=0"/></net>

<net id="102"><net_src comp="78" pin="2"/><net_sink comp="99" pin=0"/></net>

<net id="109"><net_src comp="20" pin="0"/><net_sink comp="103" pin=0"/></net>

<net id="110"><net_src comp="78" pin="2"/><net_sink comp="103" pin=1"/></net>

<net id="111"><net_src comp="22" pin="0"/><net_sink comp="103" pin=2"/></net>

<net id="112"><net_src comp="24" pin="0"/><net_sink comp="103" pin=3"/></net>

<net id="119"><net_src comp="20" pin="0"/><net_sink comp="113" pin=0"/></net>

<net id="120"><net_src comp="78" pin="2"/><net_sink comp="113" pin=1"/></net>

<net id="121"><net_src comp="26" pin="0"/><net_sink comp="113" pin=2"/></net>

<net id="122"><net_src comp="28" pin="0"/><net_sink comp="113" pin=3"/></net>

<net id="129"><net_src comp="20" pin="0"/><net_sink comp="123" pin=0"/></net>

<net id="130"><net_src comp="78" pin="2"/><net_sink comp="123" pin=1"/></net>

<net id="131"><net_src comp="30" pin="0"/><net_sink comp="123" pin=2"/></net>

<net id="132"><net_src comp="32" pin="0"/><net_sink comp="123" pin=3"/></net>

<net id="137"><net_src comp="99" pin="1"/><net_sink comp="133" pin=0"/></net>

<net id="138"><net_src comp="34" pin="0"/><net_sink comp="133" pin=1"/></net>

<net id="145"><net_src comp="36" pin="0"/><net_sink comp="139" pin=0"/></net>

<net id="146"><net_src comp="78" pin="2"/><net_sink comp="139" pin=1"/></net>

<net id="147"><net_src comp="38" pin="0"/><net_sink comp="139" pin=2"/></net>

<net id="148"><net_src comp="40" pin="0"/><net_sink comp="139" pin=3"/></net>

<net id="153"><net_src comp="103" pin="4"/><net_sink comp="149" pin=0"/></net>

<net id="154"><net_src comp="34" pin="0"/><net_sink comp="149" pin=1"/></net>

<net id="161"><net_src comp="36" pin="0"/><net_sink comp="155" pin=0"/></net>

<net id="162"><net_src comp="78" pin="2"/><net_sink comp="155" pin=1"/></net>

<net id="163"><net_src comp="42" pin="0"/><net_sink comp="155" pin=2"/></net>

<net id="164"><net_src comp="44" pin="0"/><net_sink comp="155" pin=3"/></net>

<net id="169"><net_src comp="113" pin="4"/><net_sink comp="165" pin=0"/></net>

<net id="170"><net_src comp="34" pin="0"/><net_sink comp="165" pin=1"/></net>

<net id="177"><net_src comp="36" pin="0"/><net_sink comp="171" pin=0"/></net>

<net id="178"><net_src comp="78" pin="2"/><net_sink comp="171" pin=1"/></net>

<net id="179"><net_src comp="46" pin="0"/><net_sink comp="171" pin=2"/></net>

<net id="180"><net_src comp="48" pin="0"/><net_sink comp="171" pin=3"/></net>

<net id="185"><net_src comp="123" pin="4"/><net_sink comp="181" pin=0"/></net>

<net id="186"><net_src comp="34" pin="0"/><net_sink comp="181" pin=1"/></net>

<net id="193"><net_src comp="36" pin="0"/><net_sink comp="187" pin=0"/></net>

<net id="194"><net_src comp="78" pin="2"/><net_sink comp="187" pin=1"/></net>

<net id="195"><net_src comp="50" pin="0"/><net_sink comp="187" pin=2"/></net>

<net id="196"><net_src comp="52" pin="0"/><net_sink comp="187" pin=3"/></net>

<net id="201"><net_src comp="96" pin="1"/><net_sink comp="197" pin=0"/></net>

<net id="202"><net_src comp="54" pin="0"/><net_sink comp="197" pin=1"/></net>

<net id="207"><net_src comp="96" pin="1"/><net_sink comp="203" pin=0"/></net>

<net id="208"><net_src comp="56" pin="0"/><net_sink comp="203" pin=1"/></net>

<net id="213"><net_src comp="197" pin="2"/><net_sink comp="209" pin=0"/></net>

<net id="219"><net_src comp="68" pin="0"/><net_sink comp="214" pin=2"/></net>

<net id="225"><net_src comp="68" pin="0"/><net_sink comp="220" pin=2"/></net>

<net id="231"><net_src comp="68" pin="0"/><net_sink comp="226" pin=2"/></net>

<net id="237"><net_src comp="68" pin="0"/><net_sink comp="232" pin=2"/></net>

<net id="245"><net_src comp="70" pin="0"/><net_sink comp="238" pin=0"/></net>

<net id="246"><net_src comp="232" pin="3"/><net_sink comp="238" pin=1"/></net>

<net id="247"><net_src comp="226" pin="3"/><net_sink comp="238" pin=2"/></net>

<net id="248"><net_src comp="220" pin="3"/><net_sink comp="238" pin=3"/></net>

<net id="249"><net_src comp="214" pin="3"/><net_sink comp="238" pin=4"/></net>

<net id="250"><net_src comp="238" pin="5"/><net_sink comp="84" pin=2"/></net>

<net id="254"><net_src comp="74" pin="1"/><net_sink comp="251" pin=0"/></net>

<net id="255"><net_src comp="251" pin="1"/><net_sink comp="91" pin=1"/></net>

<net id="256"><net_src comp="251" pin="1"/><net_sink comp="96" pin=0"/></net>

<net id="257"><net_src comp="251" pin="1"/><net_sink comp="209" pin=1"/></net>

<net id="261"><net_src comp="133" pin="2"/><net_sink comp="258" pin=0"/></net>

<net id="262"><net_src comp="258" pin="1"/><net_sink comp="214" pin=0"/></net>

<net id="266"><net_src comp="139" pin="4"/><net_sink comp="263" pin=0"/></net>

<net id="267"><net_src comp="263" pin="1"/><net_sink comp="214" pin=1"/></net>

<net id="271"><net_src comp="149" pin="2"/><net_sink comp="268" pin=0"/></net>

<net id="272"><net_src comp="268" pin="1"/><net_sink comp="220" pin=0"/></net>

<net id="276"><net_src comp="155" pin="4"/><net_sink comp="273" pin=0"/></net>

<net id="277"><net_src comp="273" pin="1"/><net_sink comp="220" pin=1"/></net>

<net id="281"><net_src comp="165" pin="2"/><net_sink comp="278" pin=0"/></net>

<net id="282"><net_src comp="278" pin="1"/><net_sink comp="226" pin=0"/></net>

<net id="286"><net_src comp="171" pin="4"/><net_sink comp="283" pin=0"/></net>

<net id="287"><net_src comp="283" pin="1"/><net_sink comp="226" pin=1"/></net>

<net id="291"><net_src comp="181" pin="2"/><net_sink comp="288" pin=0"/></net>

<net id="292"><net_src comp="288" pin="1"/><net_sink comp="232" pin=0"/></net>

<net id="296"><net_src comp="187" pin="4"/><net_sink comp="293" pin=0"/></net>

<net id="297"><net_src comp="293" pin="1"/><net_sink comp="232" pin=1"/></net>

<net id="301"><net_src comp="203" pin="2"/><net_sink comp="298" pin=0"/></net>

</net_list>

</model> 
---------------- Datapath Model END ------------------

* FSMD analyzer results:
  - Output states:
	Port: layer4_out | {2 }
 - Input state : 
	Port: thresholded_relu<array,ap_fixed,array<ap_fixed,4u>,thresholdedrelu_config4> : layer3_out | {1 }
  - Chain level:
	State 1
		store_ln528 : 1
		i_24 : 1
		icmp_ln538 : 1
		icmp_ln538_20 : 1
		icmp_ln538_21 : 1
		icmp_ln538_22 : 1
		i : 2
		icmp_ln528 : 2
		store_ln528 : 3
		br_ln528 : 3
	State 2
		or_ln544_s : 1
		write_ln544 : 2


============================================================
+ Verbose Summary: Datapath Resource usage 
============================================================

* Functional unit list:
|----------|----------------------------|---------|---------|
| Operation|       Functional Unit      |    FF   |   LUT   |
|----------|----------------------------|---------|---------|
|          |      icmp_ln538_fu_133     |    0    |    34   |
|          |    icmp_ln538_20_fu_149    |    0    |    34   |
|   icmp   |    icmp_ln538_21_fu_165    |    0    |    34   |
|          |    icmp_ln538_22_fu_181    |    0    |    34   |
|          |      icmp_ln528_fu_203     |    0    |    21   |
|----------|----------------------------|---------|---------|
|          |     select_ln538_fu_214    |    0    |    16   |
|  select  |   select_ln538_20_fu_220   |    0    |    16   |
|          |   select_ln538_21_fu_226   |    0    |    16   |
|          |   select_ln538_22_fu_232   |    0    |    16   |
|----------|----------------------------|---------|---------|
|    add   |          i_fu_197          |    0    |    21   |
|----------|----------------------------|---------|---------|
|   read   | layer3_out_read_read_fu_78 |    0    |    0    |
|----------|----------------------------|---------|---------|
|   write  |   write_ln544_write_fu_84  |    0    |    0    |
|----------|----------------------------|---------|---------|
|   trunc  |      trunc_ln531_fu_99     |    0    |    0    |
|----------|----------------------------|---------|---------|
|          |    trunc_ln531_s_fu_103    |    0    |    0    |
|          |    trunc_ln531_8_fu_113    |    0    |    0    |
|          |    trunc_ln531_9_fu_123    |    0    |    0    |
|partselect|      trunc_ln6_fu_139      |    0    |    0    |
|          |    trunc_ln539_s_fu_155    |    0    |    0    |
|          |    trunc_ln539_8_fu_171    |    0    |    0    |
|          |    trunc_ln539_9_fu_187    |    0    |    0    |
|----------|----------------------------|---------|---------|
|bitconcatenate|      or_ln544_s_fu_238     |    0    |    0    |
|----------|----------------------------|---------|---------|
|   Total  |                            |    0    |   242   |
|----------|----------------------------|---------|---------|

Memories:
N/A

* Register list:
+---------------------+--------+
|                     |   FF   |
+---------------------+--------+
|     i_23_reg_251    |   14   |
|  icmp_ln528_reg_298 |    1   |
|icmp_ln538_20_reg_268|    1   |
|icmp_ln538_21_reg_278|    1   |
|icmp_ln538_22_reg_288|    1   |
|  icmp_ln538_reg_258 |    1   |
|trunc_ln539_8_reg_283|   16   |
|trunc_ln539_9_reg_293|   16   |
|trunc_ln539_s_reg_273|   16   |
|  trunc_ln6_reg_263  |   16   |
+---------------------+--------+
|        Total        |   83   |
+---------------------+--------+

* Multiplexer (MUX) list: 
|--------|------|------|------|--------|
|  Comp  |  Pin | Size |  BW  | S x BW |
|--------|------|------|------|--------|
|  Total |      |      |      |    0   |
|--------|------|------|------|--------|



* Summary:
+-----------+--------+--------+
|           |   FF   |   LUT  |
+-----------+--------+--------+
|  Function |    0   |   242  |
|   Memory  |    -   |    -   |
|Multiplexer|    -   |    -   |
|  Register |   83   |    -   |
+-----------+--------+--------+
|   Total   |   83   |   242  |
+-----------+--------+--------+
