

================================================================
== Vitis HLS Report for 'thresholded_relu_array_ap_fixed_array_ap_fixed_8u_thresholdedrelu_config22_s'
================================================================
* Date:           Thu Apr 23 22:46:37 2026

* Version:        2025.2 (Build 6295257 on Nov 14 2025)
* Project:        folo_prj
* Solution:       solution1 (Vivado IP Flow Target)
* Product family: kintexu
* Target device:  xcku035-fbva676-2-e


================================================================
== Performance Estimates
================================================================
+ Timing: 
    * Summary: 
    +--------+---------+----------+------------+
    |  Clock |  Target | Estimated| Uncertainty|
    +--------+---------+----------+------------+
    |ap_clk  |  5.00 ns|  3.647 ns|     1.35 ns|
    +--------+---------+----------+------------+

+ Latency: 
    * Summary: 
    +---------+---------+----------+----------+------+------+------------------------------------------------+
    |  Latency (cycles) |  Latency (absolute) |   Interval  |                    Pipeline                    |
    |   min   |   max   |    min   |    max   |  min |  max |                      Type                      |
    +---------+---------+----------+----------+------+------+------------------------------------------------+
    |     1026|     1026|  5.130 us|  5.130 us|  1024|  1024|  loop auto-rewind stp (delay=0 clock cycles(s))|
    +---------+---------+----------+----------+------+------+------------------------------------------------+

    + Detail: 
        * Instance: 
        N/A

        * Loop: 
        +--------------------------+---------+---------+----------+-----------+-----------+------+----------+
        |                          |  Latency (cycles) | Iteration|  Initiation Interval  | Trip |          |
        |         Loop Name        |   min   |   max   |  Latency |  achieved |   target  | Count| Pipelined|
        +--------------------------+---------+---------+----------+-----------+-----------+------+----------+
        |- ThresholdedReLUActLoop  |     1024|     1024|         2|          1|          1|  1024|       yes|
        +--------------------------+---------+---------+----------+-----------+-----------+------+----------+

============================================================
+ Verbose Summary: Synthesis Manager
============================================================
InlineROM: 1
ExposeGlobal: 0
============================================================
+ Verbose Summary: CDFG Model
============================================================
IsTopModel: 0
ResetActiveHigh: 1
IsCombinational: 2
IsDatapathOnly: 0
HasWiredReturn: 1
HasMFsm: 2
HasVarLatency: 1
IsPipeline: 0
IsRtlPipelined: 0
IsInstanceOverlapped: 0
IsDontTouch: 0
HasImplIP: 0
IsGatedGlobalClock: 0

+ Individual pipeline summary: 
  * Pipeline-0: initiation interval (II) = 1, depth = 2


============================================================
+ Verbose Summary: Schedule
============================================================
* Number of FSM states : 2
* Pipeline : 1
  Pipeline-0 : II = 1, D = 2, States = { 1 2 }
* Dataflow Pipeline: 0

* FSM state transitions: 
1 --> 2 
2 --> 

* FSM state operations: 

State 1 <SV = 0> <Delay = 3.64>
ST_1 : Operation 5 [1/1] (0.00ns)   --->   "%i_13 = alloca i32 1" [firmware/nnet_utils/nnet_activation_stream.h:528]   --->   Operation 5 'alloca' 'i_13' <Predicate = true> <Delay = 0.00>
ST_1 : Operation 6 [1/1] (0.00ns)   --->   "%specinterface_ln0 = specinterface void @_ssdm_op_SpecInterface, i128 %layer22_out, void @empty_2, i32 0, i32 0, void @empty_1, i32 0, i32 0, void @empty_1, void @empty_1, void @empty_1, i32 0, i32 0, i32 0, i32 0, void @empty_1, void @empty_1, i32 4294967295, i32 0, i32 0, i32 0"   --->   Operation 6 'specinterface' 'specinterface_ln0' <Predicate = true> <Delay = 0.00>
ST_1 : Operation 7 [1/1] (0.00ns)   --->   "%specinterface_ln0 = specinterface void @_ssdm_op_SpecInterface, i128 %layer21_out, void @empty_2, i32 0, i32 0, void @empty_1, i32 0, i32 0, void @empty_1, void @empty_1, void @empty_1, i32 0, i32 0, i32 0, i32 0, void @empty_1, void @empty_1, i32 4294967295, i32 0, i32 0, i32 0"   --->   Operation 7 'specinterface' 'specinterface_ln0' <Predicate = true> <Delay = 0.00>
ST_1 : Operation 8 [1/1] (0.53ns)   --->   "%store_ln528 = store i10 0, i10 %i_13" [firmware/nnet_utils/nnet_activation_stream.h:528]   --->   Operation 8 'store' 'store_ln528' <Predicate = true> <Delay = 0.53>
ST_1 : Operation 9 [1/1] (0.00ns)   --->   "%br_ln528 = br void %ThresholdedReLUPackLoop.split" [firmware/nnet_utils/nnet_activation_stream.h:528]   --->   Operation 9 'br' 'br_ln528' <Predicate = true> <Delay = 0.00>
ST_1 : Operation 10 [1/1] (0.00ns)   --->   "%i_14 = load i10 %i_13" [firmware/nnet_utils/nnet_activation_stream.h:528]   --->   Operation 10 'load' 'i_14' <Predicate = true> <Delay = 0.00>
ST_1 : Operation 11 [1/1] ( I:1.82ns O:1.82ns )   --->   "%layer21_out_read = read i128 @_ssdm_op_Read.ap_fifo.volatile.i128P0A, i128 %layer21_out" [firmware/nnet_utils/nnet_activation_stream.h:531]   --->   Operation 11 'read' 'layer21_out_read' <Predicate = true> <Delay = 1.82> <CoreInst = "FIFO_SRL">   --->   Core 80 'FIFO_SRL' <Latency = 0> <II = 1> <Delay = 2.26> <Storage> <Opcode : 'read' 'write' 'nbread' 'nbwrite'> <Ports = 0> <Width = 128> <Depth = 2> <FIFO>
ST_1 : Operation 12 [1/1] (0.00ns)   --->   "%trunc_ln531 = trunc i128 %layer21_out_read" [firmware/nnet_utils/nnet_activation_stream.h:531]   --->   Operation 12 'trunc' 'trunc_ln531' <Predicate = true> <Delay = 0.00>
ST_1 : Operation 13 [1/1] (0.00ns)   --->   "%trunc_ln531_14 = trunc i128 %layer21_out_read" [firmware/nnet_utils/nnet_activation_stream.h:531]   --->   Operation 13 'trunc' 'trunc_ln531_14' <Predicate = true> <Delay = 0.00>
ST_1 : Operation 14 [1/1] (0.00ns)   --->   "%trunc_ln531_1 = partselect i16 @_ssdm_op_PartSelect.i16.i128.i32.i32, i128 %layer21_out_read, i32 16, i32 31" [firmware/nnet_utils/nnet_activation_stream.h:531]   --->   Operation 14 'partselect' 'trunc_ln531_1' <Predicate = true> <Delay = 0.00>
ST_1 : Operation 15 [1/1] (0.00ns)   --->   "%trunc_ln531_8 = partselect i15 @_ssdm_op_PartSelect.i15.i128.i32.i32, i128 %layer21_out_read, i32 16, i32 30" [firmware/nnet_utils/nnet_activation_stream.h:531]   --->   Operation 15 'partselect' 'trunc_ln531_8' <Predicate = true> <Delay = 0.00>
ST_1 : Operation 16 [1/1] (0.00ns)   --->   "%trunc_ln531_2 = partselect i16 @_ssdm_op_PartSelect.i16.i128.i32.i32, i128 %layer21_out_read, i32 32, i32 47" [firmware/nnet_utils/nnet_activation_stream.h:531]   --->   Operation 16 'partselect' 'trunc_ln531_2' <Predicate = true> <Delay = 0.00>
ST_1 : Operation 17 [1/1] (0.00ns)   --->   "%trunc_ln531_9 = partselect i15 @_ssdm_op_PartSelect.i15.i128.i32.i32, i128 %layer21_out_read, i32 32, i32 46" [firmware/nnet_utils/nnet_activation_stream.h:531]   --->   Operation 17 'partselect' 'trunc_ln531_9' <Predicate = true> <Delay = 0.00>
ST_1 : Operation 18 [1/1] (0.00ns)   --->   "%trunc_ln531_3 = partselect i16 @_ssdm_op_PartSelect.i16.i128.i32.i32, i128 %layer21_out_read, i32 48, i32 63" [firmware/nnet_utils/nnet_activation_stream.h:531]   --->   Operation 18 'partselect' 'trunc_ln531_3' <Predicate = true> <Delay = 0.00>
ST_1 : Operation 19 [1/1] (0.00ns)   --->   "%trunc_ln531_s = partselect i15 @_ssdm_op_PartSelect.i15.i128.i32.i32, i128 %layer21_out_read, i32 48, i32 62" [firmware/nnet_utils/nnet_activation_stream.h:531]   --->   Operation 19 'partselect' 'trunc_ln531_s' <Predicate = true> <Delay = 0.00>
ST_1 : Operation 20 [1/1] (0.00ns)   --->   "%trunc_ln531_4 = partselect i16 @_ssdm_op_PartSelect.i16.i128.i32.i32, i128 %layer21_out_read, i32 64, i32 79" [firmware/nnet_utils/nnet_activation_stream.h:531]   --->   Operation 20 'partselect' 'trunc_ln531_4' <Predicate = true> <Delay = 0.00>
ST_1 : Operation 21 [1/1] (0.00ns)   --->   "%trunc_ln531_10 = partselect i15 @_ssdm_op_PartSelect.i15.i128.i32.i32, i128 %layer21_out_read, i32 64, i32 78" [firmware/nnet_utils/nnet_activation_stream.h:531]   --->   Operation 21 'partselect' 'trunc_ln531_10' <Predicate = true> <Delay = 0.00>
ST_1 : Operation 22 [1/1] (0.00ns)   --->   "%trunc_ln531_5 = partselect i16 @_ssdm_op_PartSelect.i16.i128.i32.i32, i128 %layer21_out_read, i32 80, i32 95" [firmware/nnet_utils/nnet_activation_stream.h:531]   --->   Operation 22 'partselect' 'trunc_ln531_5' <Predicate = true> <Delay = 0.00>
ST_1 : Operation 23 [1/1] (0.00ns)   --->   "%trunc_ln531_11 = partselect i15 @_ssdm_op_PartSelect.i15.i128.i32.i32, i128 %layer21_out_read, i32 80, i32 94" [firmware/nnet_utils/nnet_activation_stream.h:531]   --->   Operation 23 'partselect' 'trunc_ln531_11' <Predicate = true> <Delay = 0.00>
ST_1 : Operation 24 [1/1] (0.00ns)   --->   "%trunc_ln531_6 = partselect i16 @_ssdm_op_PartSelect.i16.i128.i32.i32, i128 %layer21_out_read, i32 96, i32 111" [firmware/nnet_utils/nnet_activation_stream.h:531]   --->   Operation 24 'partselect' 'trunc_ln531_6' <Predicate = true> <Delay = 0.00>
ST_1 : Operation 25 [1/1] (0.00ns)   --->   "%trunc_ln531_12 = partselect i15 @_ssdm_op_PartSelect.i15.i128.i32.i32, i128 %layer21_out_read, i32 96, i32 110" [firmware/nnet_utils/nnet_activation_stream.h:531]   --->   Operation 25 'partselect' 'trunc_ln531_12' <Predicate = true> <Delay = 0.00>
ST_1 : Operation 26 [1/1] (0.00ns)   --->   "%trunc_ln531_7 = partselect i16 @_ssdm_op_PartSelect.i16.i128.i32.i32, i128 %layer21_out_read, i32 112, i32 127" [firmware/nnet_utils/nnet_activation_stream.h:531]   --->   Operation 26 'partselect' 'trunc_ln531_7' <Predicate = true> <Delay = 0.00>
ST_1 : Operation 27 [1/1] (0.00ns)   --->   "%trunc_ln1 = partselect i15 @_ssdm_op_PartSelect.i15.i128.i32.i32, i128 %layer21_out_read, i32 112, i32 126" [firmware/nnet_utils/nnet_activation_stream.h:538]   --->   Operation 27 'partselect' 'trunc_ln1' <Predicate = true> <Delay = 0.00>
ST_1 : Operation 28 [1/1] (1.41ns)   --->   "%icmp_ln538 = icmp_sgt  i16 %trunc_ln531, i16 0" [firmware/nnet_utils/nnet_activation_stream.h:538]   --->   Operation 28 'icmp' 'icmp_ln538' <Predicate = true> <Delay = 1.41> <CoreInst = "Cmp">   --->   Core 9 'Cmp' <Latency = 0> <II = 1> <Delay = 1.41> <FuncUnit> <Opcode : 'seteq' 'setne' 'setle' 'setge' 'setlt' 'setgt'> <InPorts = 2> <OutPorts = 1>
ST_1 : Operation 29 [1/1] (0.40ns)   --->   "%select_ln538 = select i1 %icmp_ln538, i15 %trunc_ln531_14, i15 0" [firmware/nnet_utils/nnet_activation_stream.h:538]   --->   Operation 29 'select' 'select_ln538' <Predicate = true> <Delay = 0.40> <CoreInst = "Sel">   --->   Core 73 'Sel' <Latency = 0> <II = 1> <Delay = 0.40> <FuncUnit> <Opcode : 'select'> <InPorts = 3> <OutPorts = 1>
ST_1 : Operation 30 [1/1] (1.41ns)   --->   "%icmp_ln538_1 = icmp_sgt  i16 %trunc_ln531_1, i16 0" [firmware/nnet_utils/nnet_activation_stream.h:538]   --->   Operation 30 'icmp' 'icmp_ln538_1' <Predicate = true> <Delay = 1.41> <CoreInst = "Cmp">   --->   Core 9 'Cmp' <Latency = 0> <II = 1> <Delay = 1.41> <FuncUnit> <Opcode : 'seteq' 'setne' 'setle' 'setge' 'setlt' 'setgt'> <InPorts = 2> <OutPorts = 1>
ST_1 : Operation 31 [1/1] (0.40ns)   --->   "%select_ln538_1 = select i1 %icmp_ln538_1, i15 %trunc_ln531_8, i15 0" [firmware/nnet_utils/nnet_activation_stream.h:538]   --->   Operation 31 'select' 'select_ln538_1' <Predicate = true> <Delay = 0.40> <CoreInst = "Sel">   --->   Core 73 'Sel' <Latency = 0> <II = 1> <Delay = 0.40> <FuncUnit> <Opcode : 'select'> <InPorts = 3> <OutPorts = 1>
ST_1 : Operation 32 [1/1] (1.41ns)   --->   "%icmp_ln538_2 = icmp_sgt  i16 %trunc_ln531_2, i16 0" [firmware/nnet_utils/nnet_activation_stream.h:538]   --->   Operation 32 'icmp' 'icmp_ln538_2' <Predicate = true> <Delay = 1.41> <CoreInst = "Cmp">   --->   Core 9 'Cmp' <Latency = 0> <II = 1> <Delay = 1.41> <FuncUnit> <Opcode : 'seteq' 'setne' 'setle' 'setge' 'setlt' 'setgt'> <InPorts = 2> <OutPorts = 1>
ST_1 : Operation 33 [1/1] (0.40ns)   --->   "%select_ln538_2 = select i1 %icmp_ln538_2, i15 %trunc_ln531_9, i15 0" [firmware/nnet_utils/nnet_activation_stream.h:538]   --->   Operation 33 'select' 'select_ln538_2' <Predicate = true> <Delay = 0.40> <CoreInst = "Sel">   --->   Core 73 'Sel' <Latency = 0> <II = 1> <Delay = 0.40> <FuncUnit> <Opcode : 'select'> <InPorts = 3> <OutPorts = 1>
ST_1 : Operation 34 [1/1] (1.41ns)   --->   "%icmp_ln538_3 = icmp_sgt  i16 %trunc_ln531_3, i16 0" [firmware/nnet_utils/nnet_activation_stream.h:538]   --->   Operation 34 'icmp' 'icmp_ln538_3' <Predicate = true> <Delay = 1.41> <CoreInst = "Cmp">   --->   Core 9 'Cmp' <Latency = 0> <II = 1> <Delay = 1.41> <FuncUnit> <Opcode : 'seteq' 'setne' 'setle' 'setge' 'setlt' 'setgt'> <InPorts = 2> <OutPorts = 1>
ST_1 : Operation 35 [1/1] (0.40ns)   --->   "%select_ln538_3 = select i1 %icmp_ln538_3, i15 %trunc_ln531_s, i15 0" [firmware/nnet_utils/nnet_activation_stream.h:538]   --->   Operation 35 'select' 'select_ln538_3' <Predicate = true> <Delay = 0.40> <CoreInst = "Sel">   --->   Core 73 'Sel' <Latency = 0> <II = 1> <Delay = 0.40> <FuncUnit> <Opcode : 'select'> <InPorts = 3> <OutPorts = 1>
ST_1 : Operation 36 [1/1] (1.41ns)   --->   "%icmp_ln538_4 = icmp_sgt  i16 %trunc_ln531_4, i16 0" [firmware/nnet_utils/nnet_activation_stream.h:538]   --->   Operation 36 'icmp' 'icmp_ln538_4' <Predicate = true> <Delay = 1.41> <CoreInst = "Cmp">   --->   Core 9 'Cmp' <Latency = 0> <II = 1> <Delay = 1.41> <FuncUnit> <Opcode : 'seteq' 'setne' 'setle' 'setge' 'setlt' 'setgt'> <InPorts = 2> <OutPorts = 1>
ST_1 : Operation 37 [1/1] (0.40ns)   --->   "%select_ln538_4 = select i1 %icmp_ln538_4, i15 %trunc_ln531_10, i15 0" [firmware/nnet_utils/nnet_activation_stream.h:538]   --->   Operation 37 'select' 'select_ln538_4' <Predicate = true> <Delay = 0.40> <CoreInst = "Sel">   --->   Core 73 'Sel' <Latency = 0> <II = 1> <Delay = 0.40> <FuncUnit> <Opcode : 'select'> <InPorts = 3> <OutPorts = 1>
ST_1 : Operation 38 [1/1] (1.41ns)   --->   "%icmp_ln538_5 = icmp_sgt  i16 %trunc_ln531_5, i16 0" [firmware/nnet_utils/nnet_activation_stream.h:538]   --->   Operation 38 'icmp' 'icmp_ln538_5' <Predicate = true> <Delay = 1.41> <CoreInst = "Cmp">   --->   Core 9 'Cmp' <Latency = 0> <II = 1> <Delay = 1.41> <FuncUnit> <Opcode : 'seteq' 'setne' 'setle' 'setge' 'setlt' 'setgt'> <InPorts = 2> <OutPorts = 1>
ST_1 : Operation 39 [1/1] (0.40ns)   --->   "%select_ln538_5 = select i1 %icmp_ln538_5, i15 %trunc_ln531_11, i15 0" [firmware/nnet_utils/nnet_activation_stream.h:538]   --->   Operation 39 'select' 'select_ln538_5' <Predicate = true> <Delay = 0.40> <CoreInst = "Sel">   --->   Core 73 'Sel' <Latency = 0> <II = 1> <Delay = 0.40> <FuncUnit> <Opcode : 'select'> <InPorts = 3> <OutPorts = 1>
ST_1 : Operation 40 [1/1] (1.41ns)   --->   "%icmp_ln538_6 = icmp_sgt  i16 %trunc_ln531_6, i16 0" [firmware/nnet_utils/nnet_activation_stream.h:538]   --->   Operation 40 'icmp' 'icmp_ln538_6' <Predicate = true> <Delay = 1.41> <CoreInst = "Cmp">   --->   Core 9 'Cmp' <Latency = 0> <II = 1> <Delay = 1.41> <FuncUnit> <Opcode : 'seteq' 'setne' 'setle' 'setge' 'setlt' 'setgt'> <InPorts = 2> <OutPorts = 1>
ST_1 : Operation 41 [1/1] (0.40ns)   --->   "%select_ln538_6 = select i1 %icmp_ln538_6, i15 %trunc_ln531_12, i15 0" [firmware/nnet_utils/nnet_activation_stream.h:538]   --->   Operation 41 'select' 'select_ln538_6' <Predicate = true> <Delay = 0.40> <CoreInst = "Sel">   --->   Core 73 'Sel' <Latency = 0> <II = 1> <Delay = 0.40> <FuncUnit> <Opcode : 'select'> <InPorts = 3> <OutPorts = 1>
ST_1 : Operation 42 [1/1] (1.41ns)   --->   "%icmp_ln538_7 = icmp_sgt  i16 %trunc_ln531_7, i16 0" [firmware/nnet_utils/nnet_activation_stream.h:538]   --->   Operation 42 'icmp' 'icmp_ln538_7' <Predicate = true> <Delay = 1.41> <CoreInst = "Cmp">   --->   Core 9 'Cmp' <Latency = 0> <II = 1> <Delay = 1.41> <FuncUnit> <Opcode : 'seteq' 'setne' 'setle' 'setge' 'setlt' 'setgt'> <InPorts = 2> <OutPorts = 1>
ST_1 : Operation 43 [1/1] (0.40ns)   --->   "%select_ln538_7 = select i1 %icmp_ln538_7, i15 %trunc_ln1, i15 0" [firmware/nnet_utils/nnet_activation_stream.h:538]   --->   Operation 43 'select' 'select_ln538_7' <Predicate = true> <Delay = 0.40> <CoreInst = "Sel">   --->   Core 73 'Sel' <Latency = 0> <II = 1> <Delay = 0.40> <FuncUnit> <Opcode : 'select'> <InPorts = 3> <OutPorts = 1>
ST_1 : Operation 44 [1/1] (1.31ns)   --->   "%i = add i10 %i_14, i10 1" [firmware/nnet_utils/nnet_activation_stream.h:528]   --->   Operation 44 'add' 'i' <Predicate = true> <Delay = 1.31> <CoreInst = "Adder">   --->   Core 1 'Adder' <Latency = 0> <II = 1> <Delay = 1.31> <FuncUnit> <Opcode : 'add' 'sub'> <InPorts = 2> <OutPorts = 1>
ST_1 : Operation 45 [1/1] (1.31ns)   --->   "%icmp_ln528 = icmp_eq  i10 %i_14, i10 1023" [firmware/nnet_utils/nnet_activation_stream.h:528]   --->   Operation 45 'icmp' 'icmp_ln528' <Predicate = true> <Delay = 1.31> <CoreInst = "Cmp">   --->   Core 9 'Cmp' <Latency = 0> <II = 1> <Delay = 1.31> <FuncUnit> <Opcode : 'seteq' 'setne' 'setle' 'setge' 'setlt' 'setgt'> <InPorts = 2> <OutPorts = 1>
ST_1 : Operation 46 [1/1] (0.53ns)   --->   "%store_ln528 = store i10 %i, i10 %i_13" [firmware/nnet_utils/nnet_activation_stream.h:528]   --->   Operation 46 'store' 'store_ln528' <Predicate = true> <Delay = 0.53>
ST_1 : Operation 47 [1/1] (0.00ns)   --->   "%br_ln528 = br i1 %icmp_ln528, void %ThresholdedReLUPackLoop.split, void %for.end14" [firmware/nnet_utils/nnet_activation_stream.h:528]   --->   Operation 47 'br' 'br_ln528' <Predicate = true> <Delay = 0.00>

State 2 <SV = 1> <Delay = 1.82>
ST_2 : Operation 48 [1/1] (0.00ns)   --->   "%specpipeline_ln529 = specpipeline void @_ssdm_op_SpecPipeline, i32 4294967295, i32 0, i32 0, i32 0, i32 4294967295, void @empty_1" [firmware/nnet_utils/nnet_activation_stream.h:529]   --->   Operation 48 'specpipeline' 'specpipeline_ln529' <Predicate = true> <Delay = 0.00>
ST_2 : Operation 49 [1/1] (0.00ns)   --->   "%speclooptripcount_ln528 = speclooptripcount void @_ssdm_op_SpecLoopTripCount, i64 1024, i64 1024, i64 1024" [firmware/nnet_utils/nnet_activation_stream.h:528]   --->   Operation 49 'speclooptripcount' 'speclooptripcount_ln528' <Predicate = true> <Delay = 0.00>
ST_2 : Operation 50 [1/1] (0.00ns)   --->   "%specloopname_ln528 = specloopname void @_ssdm_op_SpecLoopName, void @empty_12" [firmware/nnet_utils/nnet_activation_stream.h:528]   --->   Operation 50 'specloopname' 'specloopname_ln528' <Predicate = true> <Delay = 0.00>
ST_2 : Operation 51 [1/1] (0.00ns)   --->   "%zext_ln538 = zext i15 %select_ln538" [firmware/nnet_utils/nnet_activation_stream.h:538]   --->   Operation 51 'zext' 'zext_ln538' <Predicate = true> <Delay = 0.00>
ST_2 : Operation 52 [1/1] (0.00ns)   --->   "%zext_ln538_1 = zext i15 %select_ln538_1" [firmware/nnet_utils/nnet_activation_stream.h:538]   --->   Operation 52 'zext' 'zext_ln538_1' <Predicate = true> <Delay = 0.00>
ST_2 : Operation 53 [1/1] (0.00ns)   --->   "%zext_ln538_2 = zext i15 %select_ln538_2" [firmware/nnet_utils/nnet_activation_stream.h:538]   --->   Operation 53 'zext' 'zext_ln538_2' <Predicate = true> <Delay = 0.00>
ST_2 : Operation 54 [1/1] (0.00ns)   --->   "%zext_ln538_3 = zext i15 %select_ln538_3" [firmware/nnet_utils/nnet_activation_stream.h:538]   --->   Operation 54 'zext' 'zext_ln538_3' <Predicate = true> <Delay = 0.00>
ST_2 : Operation 55 [1/1] (0.00ns)   --->   "%zext_ln538_4 = zext i15 %select_ln538_4" [firmware/nnet_utils/nnet_activation_stream.h:538]   --->   Operation 55 'zext' 'zext_ln538_4' <Predicate = true> <Delay = 0.00>
ST_2 : Operation 56 [1/1] (0.00ns)   --->   "%zext_ln538_5 = zext i15 %select_ln538_5" [firmware/nnet_utils/nnet_activation_stream.h:538]   --->   Operation 56 'zext' 'zext_ln538_5' <Predicate = true> <Delay = 0.00>
ST_2 : Operation 57 [1/1] (0.00ns)   --->   "%zext_ln538_6 = zext i15 %select_ln538_6" [firmware/nnet_utils/nnet_activation_stream.h:538]   --->   Operation 57 'zext' 'zext_ln538_6' <Predicate = true> <Delay = 0.00>
ST_2 : Operation 58 [1/1] (0.00ns)   --->   "%or_ln544_s = bitconcatenate i127 @_ssdm_op_BitConcatenate.i127.i15.i16.i16.i16.i16.i16.i16.i16, i15 %select_ln538_7, i16 %zext_ln538_6, i16 %zext_ln538_5, i16 %zext_ln538_4, i16 %zext_ln538_3, i16 %zext_ln538_2, i16 %zext_ln538_1, i16 %zext_ln538" [firmware/nnet_utils/nnet_activation_stream.h:544]   --->   Operation 58 'bitconcatenate' 'or_ln544_s' <Predicate = true> <Delay = 0.00>
ST_2 : Operation 59 [1/1] (0.00ns)   --->   "%zext_ln544 = zext i127 %or_ln544_s" [firmware/nnet_utils/nnet_activation_stream.h:544]   --->   Operation 59 'zext' 'zext_ln544' <Predicate = true> <Delay = 0.00>
ST_2 : Operation 60 [1/1] ( I:1.82ns O:1.82ns )   --->   "%write_ln544 = write void @_ssdm_op_Write.ap_fifo.volatile.i128P0A, i128 %layer22_out, i128 %zext_ln544" [firmware/nnet_utils/nnet_activation_stream.h:544]   --->   Operation 60 'write' 'write_ln544' <Predicate = true> <Delay = 1.82> <CoreInst = "FIFO_SRL">   --->   Core 80 'FIFO_SRL' <Latency = 0> <II = 1> <Delay = 2.26> <Storage> <Opcode : 'read' 'write' 'nbread' 'nbwrite'> <Ports = 0> <Width = 128> <Depth = 2> <FIFO>
ST_2 : Operation 61 [1/1] (0.53ns)   --->   "%ret_ln546 = ret" [firmware/nnet_utils/nnet_activation_stream.h:546]   --->   Operation 61 'ret' 'ret_ln546' <Predicate = (icmp_ln528)> <Delay = 0.53>


============================================================
+ Verbose Summary: Binding
============================================================
STG Binding: 
---------------- STG Properties BEGIN ----------------
- Is combinational: 0
- Is one-state seq: 0
- Is datapath-only: 0
- Is pipelined: 0
- Is top level: 0
Port [ Return ] is wired: 1; IO mode=ap_ctrl_hs:ce=0
Port [ layer21_out]:  wired=1; compound=1; hidden=0; nouse=0; global=0; static=0; extern=0; dir=0; type=3; pingpong=0; private_global=0; IO mode=ap_fifo:ce=0
Port [ layer22_out]:  wired=1; compound=1; hidden=0; nouse=0; global=0; static=0; extern=0; dir=1; type=3; pingpong=0; private_global=0; IO mode=ap_fifo:ce=0
---------------- STG Properties END ------------------

---------------- Datapath Model BEGIN ----------------

<LifeTime>
<method=bitvector/>
i_13                    (alloca           ) [ 010]
specinterface_ln0       (specinterface    ) [ 000]
specinterface_ln0       (specinterface    ) [ 000]
store_ln528             (store            ) [ 000]
br_ln528                (br               ) [ 000]
i_14                    (load             ) [ 000]
layer21_out_read        (read             ) [ 000]
trunc_ln531             (trunc            ) [ 000]
trunc_ln531_14          (trunc            ) [ 000]
trunc_ln531_1           (partselect       ) [ 000]
trunc_ln531_8           (partselect       ) [ 000]
trunc_ln531_2           (partselect       ) [ 000]
trunc_ln531_9           (partselect       ) [ 000]
trunc_ln531_3           (partselect       ) [ 000]
trunc_ln531_s           (partselect       ) [ 000]
trunc_ln531_4           (partselect       ) [ 000]
trunc_ln531_10          (partselect       ) [ 000]
trunc_ln531_5           (partselect       ) [ 000]
trunc_ln531_11          (partselect       ) [ 000]
trunc_ln531_6           (partselect       ) [ 000]
trunc_ln531_12          (partselect       ) [ 000]
trunc_ln531_7           (partselect       ) [ 000]
trunc_ln1               (partselect       ) [ 000]
icmp_ln538              (icmp             ) [ 000]
select_ln538            (select           ) [ 011]
icmp_ln538_1            (icmp             ) [ 000]
select_ln538_1          (select           ) [ 011]
icmp_ln538_2            (icmp             ) [ 000]
select_ln538_2          (select           ) [ 011]
icmp_ln538_3            (icmp             ) [ 000]
select_ln538_3          (select           ) [ 011]
icmp_ln538_4            (icmp             ) [ 000]
select_ln538_4          (select           ) [ 011]
icmp_ln538_5            (icmp             ) [ 000]
select_ln538_5          (select           ) [ 011]
icmp_ln538_6            (icmp             ) [ 000]
select_ln538_6          (select           ) [ 011]
icmp_ln538_7            (icmp             ) [ 000]
select_ln538_7          (select           ) [ 011]
i                       (add              ) [ 000]
icmp_ln528              (icmp             ) [ 011]
store_ln528             (store            ) [ 000]
br_ln528                (br               ) [ 000]
specpipeline_ln529      (specpipeline     ) [ 000]
speclooptripcount_ln528 (speclooptripcount) [ 000]
specloopname_ln528      (specloopname     ) [ 000]
zext_ln538              (zext             ) [ 000]
zext_ln538_1            (zext             ) [ 000]
zext_ln538_2            (zext             ) [ 000]
zext_ln538_3            (zext             ) [ 000]
zext_ln538_4            (zext             ) [ 000]
zext_ln538_5            (zext             ) [ 000]
zext_ln538_6            (zext             ) [ 000]
or_ln544_s              (bitconcatenate   ) [ 000]
zext_ln544              (zext             ) [ 000]
write_ln544             (write            ) [ 000]
ret_ln546               (ret              ) [ 000]
</LifeTime>

<model>

<comp_list>
<comp id="0" class="1000" name="layer21_out">
<pin_list>
<pin id="1" dir="1" index="0" bw="1" slack="0"/>
</pin_list>
<bind>
<StgValue><ssdm name="layer21_out"/></StgValue>
</bind>
</comp>

<comp id="2" class="1000" name="layer22_out">
<pin_list>
<pin id="3" dir="1" index="0" bw="1" slack="0"/>
</pin_list>
<bind>
<StgValue><ssdm name="layer22_out"/></StgValue>
</bind>
</comp>

<comp id="4" class="1001" name="const_4">
<pin_list>
<pin id="5" dir="1" index="0" bw="1" slack="0"/>
</pin_list>
<bind>
<StgValue><ssdm name=""/></StgValue>
</bind>
</comp>

<comp id="6" class="1001" name="const_6">
<pin_list>
<pin id="7" dir="1" index="0" bw="1" slack="2147483647"/>
</pin_list>
<bind>
<StgValue><ssdm name="_ssdm_op_SpecInterface"/></StgValue>
</bind>
</comp>

<comp id="8" class="1001" name="const_8">
<pin_list>
<pin id="9" dir="1" index="0" bw="1" slack="2147483647"/>
</pin_list>
<bind>
<StgValue><ssdm name="empty_2"/></StgValue>
</bind>
</comp>

<comp id="10" class="1001" name="const_10">
<pin_list>
<pin id="11" dir="1" index="0" bw="1" slack="2147483647"/>
</pin_list>
<bind>
<StgValue><ssdm name=""/></StgValue>
</bind>
</comp>

<comp id="12" class="1001" name="const_12">
<pin_list>
<pin id="13" dir="1" index="0" bw="1" slack="2147483647"/>
</pin_list>
<bind>
<StgValue><ssdm name="empty_1"/></StgValue>
</bind>
</comp>

<comp id="14" class="1001" name="const_14">
<pin_list>
<pin id="15" dir="1" index="0" bw="1" slack="2147483647"/>
</pin_list>
<bind>
<StgValue><ssdm name=""/></StgValue>
</bind>
</comp>

<comp id="16" class="1001" name="const_16">
<pin_list>
<pin id="17" dir="1" index="0" bw="1" slack="0"/>
</pin_list>
<bind>
<StgValue><ssdm name=""/></StgValue>
</bind>
</comp>

<comp id="18" class="1001" name="const_18">
<pin_list>
<pin id="19" dir="1" index="0" bw="1" slack="0"/>
</pin_list>
<bind>
<StgValue><ssdm name="_ssdm_op_Read.ap_fifo.volatile.i128P0A"/></StgValue>
</bind>
</comp>

<comp id="20" class="1001" name="const_20">
<pin_list>
<pin id="21" dir="1" index="0" bw="1" slack="0"/>
</pin_list>
<bind>
<StgValue><ssdm name="_ssdm_op_PartSelect.i16.i128.i32.i32"/></StgValue>
</bind>
</comp>

<comp id="22" class="1001" name="const_22">
<pin_list>
<pin id="23" dir="1" index="0" bw="1" slack="0"/>
</pin_list>
<bind>
<StgValue><ssdm name=""/></StgValue>
</bind>
</comp>

<comp id="24" class="1001" name="const_24">
<pin_list>
<pin id="25" dir="1" index="0" bw="1" slack="0"/>
</pin_list>
<bind>
<StgValue><ssdm name=""/></StgValue>
</bind>
</comp>

<comp id="26" class="1001" name="const_26">
<pin_list>
<pin id="27" dir="1" index="0" bw="1" slack="0"/>
</pin_list>
<bind>
<StgValue><ssdm name="_ssdm_op_PartSelect.i15.i128.i32.i32"/></StgValue>
</bind>
</comp>

<comp id="28" class="1001" name="const_28">
<pin_list>
<pin id="29" dir="1" index="0" bw="1" slack="0"/>
</pin_list>
<bind>
<StgValue><ssdm name=""/></StgValue>
</bind>
</comp>

<comp id="30" class="1001" name="const_30">
<pin_list>
<pin id="31" dir="1" index="0" bw="1" slack="0"/>
</pin_list>
<bind>
<StgValue><ssdm name=""/></StgValue>
</bind>
</comp>

<comp id="32" class="1001" name="const_32">
<pin_list>
<pin id="33" dir="1" index="0" bw="1" slack="0"/>
</pin_list>
<bind>
<StgValue><ssdm name=""/></StgValue>
</bind>
</comp>

<comp id="34" class="1001" name="const_34">
<pin_list>
<pin id="35" dir="1" index="0" bw="1" slack="0"/>
</pin_list>
<bind>
<StgValue><ssdm name=""/></StgValue>
</bind>
</comp>

<comp id="36" class="1001" name="const_36">
<pin_list>
<pin id="37" dir="1" index="0" bw="1" slack="0"/>
</pin_list>
<bind>
<StgValue><ssdm name=""/></StgValue>
</bind>
</comp>

<comp id="38" class="1001" name="const_38">
<pin_list>
<pin id="39" dir="1" index="0" bw="1" slack="0"/>
</pin_list>
<bind>
<StgValue><ssdm name=""/></StgValue>
</bind>
</comp>

<comp id="40" class="1001" name="const_40">
<pin_list>
<pin id="41" dir="1" index="0" bw="1" slack="0"/>
</pin_list>
<bind>
<StgValue><ssdm name=""/></StgValue>
</bind>
</comp>

<comp id="42" class="1001" name="const_42">
<pin_list>
<pin id="43" dir="1" index="0" bw="1" slack="0"/>
</pin_list>
<bind>
<StgValue><ssdm name=""/></StgValue>
</bind>
</comp>

<comp id="44" class="1001" name="const_44">
<pin_list>
<pin id="45" dir="1" index="0" bw="1" slack="0"/>
</pin_list>
<bind>
<StgValue><ssdm name=""/></StgValue>
</bind>
</comp>

<comp id="46" class="1001" name="const_46">
<pin_list>
<pin id="47" dir="1" index="0" bw="1" slack="0"/>
</pin_list>
<bind>
<StgValue><ssdm name=""/></StgValue>
</bind>
</comp>

<comp id="48" class="1001" name="const_48">
<pin_list>
<pin id="49" dir="1" index="0" bw="1" slack="0"/>
</pin_list>
<bind>
<StgValue><ssdm name=""/></StgValue>
</bind>
</comp>

<comp id="50" class="1001" name="const_50">
<pin_list>
<pin id="51" dir="1" index="0" bw="1" slack="0"/>
</pin_list>
<bind>
<StgValue><ssdm name=""/></StgValue>
</bind>
</comp>

<comp id="52" class="1001" name="const_52">
<pin_list>
<pin id="53" dir="1" index="0" bw="1" slack="0"/>
</pin_list>
<bind>
<StgValue><ssdm name=""/></StgValue>
</bind>
</comp>

<comp id="54" class="1001" name="const_54">
<pin_list>
<pin id="55" dir="1" index="0" bw="1" slack="0"/>
</pin_list>
<bind>
<StgValue><ssdm name=""/></StgValue>
</bind>
</comp>

<comp id="56" class="1001" name="const_56">
<pin_list>
<pin id="57" dir="1" index="0" bw="1" slack="0"/>
</pin_list>
<bind>
<StgValue><ssdm name=""/></StgValue>
</bind>
</comp>

<comp id="58" class="1001" name="const_58">
<pin_list>
<pin id="59" dir="1" index="0" bw="1" slack="0"/>
</pin_list>
<bind>
<StgValue><ssdm name=""/></StgValue>
</bind>
</comp>

<comp id="60" class="1001" name="const_60">
<pin_list>
<pin id="61" dir="1" index="0" bw="1" slack="0"/>
</pin_list>
<bind>
<StgValue><ssdm name=""/></StgValue>
</bind>
</comp>

<comp id="62" class="1001" name="const_62">
<pin_list>
<pin id="63" dir="1" index="0" bw="1" slack="0"/>
</pin_list>
<bind>
<StgValue><ssdm name=""/></StgValue>
</bind>
</comp>

<comp id="64" class="1001" name="const_64">
<pin_list>
<pin id="65" dir="1" index="0" bw="1" slack="0"/>
</pin_list>
<bind>
<StgValue><ssdm name=""/></StgValue>
</bind>
</comp>

<comp id="66" class="1001" name="const_66">
<pin_list>
<pin id="67" dir="1" index="0" bw="1" slack="0"/>
</pin_list>
<bind>
<StgValue><ssdm name=""/></StgValue>
</bind>
</comp>

<comp id="68" class="1001" name="const_68">
<pin_list>
<pin id="69" dir="1" index="0" bw="1" slack="0"/>
</pin_list>
<bind>
<StgValue><ssdm name=""/></StgValue>
</bind>
</comp>

<comp id="70" class="1001" name="const_70">
<pin_list>
<pin id="71" dir="1" index="0" bw="1" slack="0"/>
</pin_list>
<bind>
<StgValue><ssdm name=""/></StgValue>
</bind>
</comp>

<comp id="72" class="1001" name="const_72">
<pin_list>
<pin id="73" dir="1" index="0" bw="1" slack="0"/>
</pin_list>
<bind>
<StgValue><ssdm name=""/></StgValue>
</bind>
</comp>

<comp id="74" class="1001" name="const_74">
<pin_list>
<pin id="75" dir="1" index="0" bw="1" slack="2147483647"/>
</pin_list>
<bind>
<StgValue><ssdm name="_ssdm_op_SpecPipeline"/></StgValue>
</bind>
</comp>

<comp id="76" class="1001" name="const_76">
<pin_list>
<pin id="77" dir="1" index="0" bw="1" slack="2147483647"/>
</pin_list>
<bind>
<StgValue><ssdm name="_ssdm_op_SpecLoopTripCount"/></StgValue>
</bind>
</comp>

<comp id="78" class="1001" name="const_78">
<pin_list>
<pin id="79" dir="1" index="0" bw="1" slack="2147483647"/>
</pin_list>
<bind>
<StgValue><ssdm name=""/></StgValue>
</bind>
</comp>

<comp id="80" class="1001" name="const_80">
<pin_list>
<pin id="81" dir="1" index="0" bw="1" slack="2147483647"/>
</pin_list>
<bind>
<StgValue><ssdm name="_ssdm_op_SpecLoopName"/></StgValue>
</bind>
</comp>

<comp id="82" class="1001" name="const_82">
<pin_list>
<pin id="83" dir="1" index="0" bw="1" slack="2147483647"/>
</pin_list>
<bind>
<StgValue><ssdm name="empty_12"/></StgValue>
</bind>
</comp>

<comp id="84" class="1001" name="const_84">
<pin_list>
<pin id="85" dir="1" index="0" bw="1" slack="0"/>
</pin_list>
<bind>
<StgValue><ssdm name="_ssdm_op_BitConcatenate.i127.i15.i16.i16.i16.i16.i16.i16.i16"/></StgValue>
</bind>
</comp>

<comp id="86" class="1001" name="const_86">
<pin_list>
<pin id="87" dir="1" index="0" bw="1" slack="0"/>
</pin_list>
<bind>
<StgValue><ssdm name="_ssdm_op_Write.ap_fifo.volatile.i128P0A"/></StgValue>
</bind>
</comp>

<comp id="88" class="1004" name="i_13_fu_88">
<pin_list>
<pin id="89" dir="0" index="0" bw="1" slack="0"/>
<pin id="90" dir="1" index="1" bw="10" slack="0"/>
</pin_list>
<bind>
<opcode="alloca(26) " fcode="alloca"/>
<opset="i_13/1 "/>
</bind>
</comp>

<comp id="92" class="1004" name="layer21_out_read_read_fu_92">
<pin_list>
<pin id="93" dir="0" index="0" bw="128" slack="0"/>
<pin id="94" dir="0" index="1" bw="128" slack="0"/>
<pin id="95" dir="1" index="2" bw="128" slack="0"/>
</pin_list>
<bind>
<opcode="read(1150) " fcode="read"/>
<opset="layer21_out_read/1 "/>
</bind>
</comp>

<comp id="98" class="1004" name="write_ln544_write_fu_98">
<pin_list>
<pin id="99" dir="0" index="0" bw="0" slack="0"/>
<pin id="100" dir="0" index="1" bw="128" slack="0"/>
<pin id="101" dir="0" index="2" bw="127" slack="0"/>
<pin id="102" dir="1" index="3" bw="0" slack="2147483647"/>
</pin_list>
<bind>
<opcode="write(1151) " fcode="write"/>
<opset="write_ln544/2 "/>
</bind>
</comp>

<comp id="105" class="1004" name="store_ln528_store_fu_105">
<pin_list>
<pin id="106" dir="0" index="0" bw="1" slack="0"/>
<pin id="107" dir="0" index="1" bw="10" slack="0"/>
<pin id="108" dir="1" index="2" bw="0" slack="2147483647"/>
</pin_list>
<bind>
<opcode="store(28) " fcode="store"/>
<opset="store_ln528/1 "/>
</bind>
</comp>

<comp id="110" class="1004" name="i_14_load_fu_110">
<pin_list>
<pin id="111" dir="0" index="0" bw="10" slack="0"/>
<pin id="112" dir="1" index="1" bw="10" slack="0"/>
</pin_list>
<bind>
<opcode="load(27) " fcode="load"/>
<opset="i_14/1 "/>
</bind>
</comp>

<comp id="113" class="1004" name="trunc_ln531_fu_113">
<pin_list>
<pin id="114" dir="0" index="0" bw="128" slack="0"/>
<pin id="115" dir="1" index="1" bw="16" slack="0"/>
</pin_list>
<bind>
<opcode="trunc(33) " fcode="trunc"/>
<opset="trunc_ln531/1 "/>
</bind>
</comp>

<comp id="117" class="1004" name="trunc_ln531_14_fu_117">
<pin_list>
<pin id="118" dir="0" index="0" bw="128" slack="0"/>
<pin id="119" dir="1" index="1" bw="15" slack="0"/>
</pin_list>
<bind>
<opcode="trunc(33) " fcode="trunc"/>
<opset="trunc_ln531_14/1 "/>
</bind>
</comp>

<comp id="121" class="1004" name="trunc_ln531_1_fu_121">
<pin_list>
<pin id="122" dir="0" index="0" bw="16" slack="0"/>
<pin id="123" dir="0" index="1" bw="128" slack="0"/>
<pin id="124" dir="0" index="2" bw="6" slack="0"/>
<pin id="125" dir="0" index="3" bw="6" slack="0"/>
<pin id="126" dir="1" index="4" bw="16" slack="0"/>
</pin_list>
<bind>
<opcode="partselect(1002) " fcode="partselect"/>
<opset="trunc_ln531_1/1 "/>
</bind>
</comp>

<comp id="131" class="1004" name="trunc_ln531_8_fu_131">
<pin_list>
<pin id="132" dir="0" index="0" bw="15" slack="0"/>
<pin id="133" dir="0" index="1" bw="128" slack="0"/>
<pin id="134" dir="0" index="2" bw="6" slack="0"/>
<pin id="135" dir="0" index="3" bw="6" slack="0"/>
<pin id="136" dir="1" index="4" bw="15" slack="0"/>
</pin_list>
<bind>
<opcode="partselect(1002) " fcode="partselect"/>
<opset="trunc_ln531_8/1 "/>
</bind>
</comp>

<comp id="141" class="1004" name="trunc_ln531_2_fu_141">
<pin_list>
<pin id="142" dir="0" index="0" bw="16" slack="0"/>
<pin id="143" dir="0" index="1" bw="128" slack="0"/>
<pin id="144" dir="0" index="2" bw="7" slack="0"/>
<pin id="145" dir="0" index="3" bw="7" slack="0"/>
<pin id="146" dir="1" index="4" bw="16" slack="0"/>
</pin_list>
<bind>
<opcode="partselect(1002) " fcode="partselect"/>
<opset="trunc_ln531_2/1 "/>
</bind>
</comp>

<comp id="151" class="1004" name="trunc_ln531_9_fu_151">
<pin_list>
<pin id="152" dir="0" index="0" bw="15" slack="0"/>
<pin id="153" dir="0" index="1" bw="128" slack="0"/>
<pin id="154" dir="0" index="2" bw="7" slack="0"/>
<pin id="155" dir="0" index="3" bw="7" slack="0"/>
<pin id="156" dir="1" index="4" bw="15" slack="0"/>
</pin_list>
<bind>
<opcode="partselect(1002) " fcode="partselect"/>
<opset="trunc_ln531_9/1 "/>
</bind>
</comp>

<comp id="161" class="1004" name="trunc_ln531_3_fu_161">
<pin_list>
<pin id="162" dir="0" index="0" bw="16" slack="0"/>
<pin id="163" dir="0" index="1" bw="128" slack="0"/>
<pin id="164" dir="0" index="2" bw="7" slack="0"/>
<pin id="165" dir="0" index="3" bw="7" slack="0"/>
<pin id="166" dir="1" index="4" bw="16" slack="0"/>
</pin_list>
<bind>
<opcode="partselect(1002) " fcode="partselect"/>
<opset="trunc_ln531_3/1 "/>
</bind>
</comp>

<comp id="171" class="1004" name="trunc_ln531_s_fu_171">
<pin_list>
<pin id="172" dir="0" index="0" bw="15" slack="0"/>
<pin id="173" dir="0" index="1" bw="128" slack="0"/>
<pin id="174" dir="0" index="2" bw="7" slack="0"/>
<pin id="175" dir="0" index="3" bw="7" slack="0"/>
<pin id="176" dir="1" index="4" bw="15" slack="0"/>
</pin_list>
<bind>
<opcode="partselect(1002) " fcode="partselect"/>
<opset="trunc_ln531_s/1 "/>
</bind>
</comp>

<comp id="181" class="1004" name="trunc_ln531_4_fu_181">
<pin_list>
<pin id="182" dir="0" index="0" bw="16" slack="0"/>
<pin id="183" dir="0" index="1" bw="128" slack="0"/>
<pin id="184" dir="0" index="2" bw="8" slack="0"/>
<pin id="185" dir="0" index="3" bw="8" slack="0"/>
<pin id="186" dir="1" index="4" bw="16" slack="0"/>
</pin_list>
<bind>
<opcode="partselect(1002) " fcode="partselect"/>
<opset="trunc_ln531_4/1 "/>
</bind>
</comp>

<comp id="191" class="1004" name="trunc_ln531_10_fu_191">
<pin_list>
<pin id="192" dir="0" index="0" bw="15" slack="0"/>
<pin id="193" dir="0" index="1" bw="128" slack="0"/>
<pin id="194" dir="0" index="2" bw="8" slack="0"/>
<pin id="195" dir="0" index="3" bw="8" slack="0"/>
<pin id="196" dir="1" index="4" bw="15" slack="0"/>
</pin_list>
<bind>
<opcode="partselect(1002) " fcode="partselect"/>
<opset="trunc_ln531_10/1 "/>
</bind>
</comp>

<comp id="201" class="1004" name="trunc_ln531_5_fu_201">
<pin_list>
<pin id="202" dir="0" index="0" bw="16" slack="0"/>
<pin id="203" dir="0" index="1" bw="128" slack="0"/>
<pin id="204" dir="0" index="2" bw="8" slack="0"/>
<pin id="205" dir="0" index="3" bw="8" slack="0"/>
<pin id="206" dir="1" index="4" bw="16" slack="0"/>
</pin_list>
<bind>
<opcode="partselect(1002) " fcode="partselect"/>
<opset="trunc_ln531_5/1 "/>
</bind>
</comp>

<comp id="211" class="1004" name="trunc_ln531_11_fu_211">
<pin_list>
<pin id="212" dir="0" index="0" bw="15" slack="0"/>
<pin id="213" dir="0" index="1" bw="128" slack="0"/>
<pin id="214" dir="0" index="2" bw="8" slack="0"/>
<pin id="215" dir="0" index="3" bw="8" slack="0"/>
<pin id="216" dir="1" index="4" bw="15" slack="0"/>
</pin_list>
<bind>
<opcode="partselect(1002) " fcode="partselect"/>
<opset="trunc_ln531_11/1 "/>
</bind>
</comp>

<comp id="221" class="1004" name="trunc_ln531_6_fu_221">
<pin_list>
<pin id="222" dir="0" index="0" bw="16" slack="0"/>
<pin id="223" dir="0" index="1" bw="128" slack="0"/>
<pin id="224" dir="0" index="2" bw="8" slack="0"/>
<pin id="225" dir="0" index="3" bw="8" slack="0"/>
<pin id="226" dir="1" index="4" bw="16" slack="0"/>
</pin_list>
<bind>
<opcode="partselect(1002) " fcode="partselect"/>
<opset="trunc_ln531_6/1 "/>
</bind>
</comp>

<comp id="231" class="1004" name="trunc_ln531_12_fu_231">
<pin_list>
<pin id="232" dir="0" index="0" bw="15" slack="0"/>
<pin id="233" dir="0" index="1" bw="128" slack="0"/>
<pin id="234" dir="0" index="2" bw="8" slack="0"/>
<pin id="235" dir="0" index="3" bw="8" slack="0"/>
<pin id="236" dir="1" index="4" bw="15" slack="0"/>
</pin_list>
<bind>
<opcode="partselect(1002) " fcode="partselect"/>
<opset="trunc_ln531_12/1 "/>
</bind>
</comp>

<comp id="241" class="1004" name="trunc_ln531_7_fu_241">
<pin_list>
<pin id="242" dir="0" index="0" bw="16" slack="0"/>
<pin id="243" dir="0" index="1" bw="128" slack="0"/>
<pin id="244" dir="0" index="2" bw="8" slack="0"/>
<pin id="245" dir="0" index="3" bw="8" slack="0"/>
<pin id="246" dir="1" index="4" bw="16" slack="0"/>
</pin_list>
<bind>
<opcode="partselect(1002) " fcode="partselect"/>
<opset="trunc_ln531_7/1 "/>
</bind>
</comp>

<comp id="251" class="1004" name="trunc_ln1_fu_251">
<pin_list>
<pin id="252" dir="0" index="0" bw="15" slack="0"/>
<pin id="253" dir="0" index="1" bw="128" slack="0"/>
<pin id="254" dir="0" index="2" bw="8" slack="0"/>
<pin id="255" dir="0" index="3" bw="8" slack="0"/>
<pin id="256" dir="1" index="4" bw="15" slack="0"/>
</pin_list>
<bind>
<opcode="partselect(1002) " fcode="partselect"/>
<opset="trunc_ln1/1 "/>
</bind>
</comp>

<comp id="261" class="1004" name="icmp_ln538_fu_261">
<pin_list>
<pin id="262" dir="0" index="0" bw="16" slack="0"/>
<pin id="263" dir="0" index="1" bw="1" slack="0"/>
<pin id="264" dir="1" index="2" bw="1" slack="0"/>
</pin_list>
<bind>
<opcode="icmp(45) " fcode="icmp"/>
<opset="icmp_ln538/1 "/>
</bind>
</comp>

<comp id="267" class="1004" name="select_ln538_fu_267">
<pin_list>
<pin id="268" dir="0" index="0" bw="1" slack="0"/>
<pin id="269" dir="0" index="1" bw="15" slack="0"/>
<pin id="270" dir="0" index="2" bw="1" slack="0"/>
<pin id="271" dir="1" index="3" bw="15" slack="1"/>
</pin_list>
<bind>
<opcode="select(49) " fcode="select"/>
<opset="select_ln538/1 "/>
</bind>
</comp>

<comp id="275" class="1004" name="icmp_ln538_1_fu_275">
<pin_list>
<pin id="276" dir="0" index="0" bw="16" slack="0"/>
<pin id="277" dir="0" index="1" bw="1" slack="0"/>
<pin id="278" dir="1" index="2" bw="1" slack="0"/>
</pin_list>
<bind>
<opcode="icmp(45) " fcode="icmp"/>
<opset="icmp_ln538_1/1 "/>
</bind>
</comp>

<comp id="281" class="1004" name="select_ln538_1_fu_281">
<pin_list>
<pin id="282" dir="0" index="0" bw="1" slack="0"/>
<pin id="283" dir="0" index="1" bw="15" slack="0"/>
<pin id="284" dir="0" index="2" bw="1" slack="0"/>
<pin id="285" dir="1" index="3" bw="15" slack="1"/>
</pin_list>
<bind>
<opcode="select(49) " fcode="select"/>
<opset="select_ln538_1/1 "/>
</bind>
</comp>

<comp id="289" class="1004" name="icmp_ln538_2_fu_289">
<pin_list>
<pin id="290" dir="0" index="0" bw="16" slack="0"/>
<pin id="291" dir="0" index="1" bw="1" slack="0"/>
<pin id="292" dir="1" index="2" bw="1" slack="0"/>
</pin_list>
<bind>
<opcode="icmp(45) " fcode="icmp"/>
<opset="icmp_ln538_2/1 "/>
</bind>
</comp>

<comp id="295" class="1004" name="select_ln538_2_fu_295">
<pin_list>
<pin id="296" dir="0" index="0" bw="1" slack="0"/>
<pin id="297" dir="0" index="1" bw="15" slack="0"/>
<pin id="298" dir="0" index="2" bw="1" slack="0"/>
<pin id="299" dir="1" index="3" bw="15" slack="1"/>
</pin_list>
<bind>
<opcode="select(49) " fcode="select"/>
<opset="select_ln538_2/1 "/>
</bind>
</comp>

<comp id="303" class="1004" name="icmp_ln538_3_fu_303">
<pin_list>
<pin id="304" dir="0" index="0" bw="16" slack="0"/>
<pin id="305" dir="0" index="1" bw="1" slack="0"/>
<pin id="306" dir="1" index="2" bw="1" slack="0"/>
</pin_list>
<bind>
<opcode="icmp(45) " fcode="icmp"/>
<opset="icmp_ln538_3/1 "/>
</bind>
</comp>

<comp id="309" class="1004" name="select_ln538_3_fu_309">
<pin_list>
<pin id="310" dir="0" index="0" bw="1" slack="0"/>
<pin id="311" dir="0" index="1" bw="15" slack="0"/>
<pin id="312" dir="0" index="2" bw="1" slack="0"/>
<pin id="313" dir="1" index="3" bw="15" slack="1"/>
</pin_list>
<bind>
<opcode="select(49) " fcode="select"/>
<opset="select_ln538_3/1 "/>
</bind>
</comp>

<comp id="317" class="1004" name="icmp_ln538_4_fu_317">
<pin_list>
<pin id="318" dir="0" index="0" bw="16" slack="0"/>
<pin id="319" dir="0" index="1" bw="1" slack="0"/>
<pin id="320" dir="1" index="2" bw="1" slack="0"/>
</pin_list>
<bind>
<opcode="icmp(45) " fcode="icmp"/>
<opset="icmp_ln538_4/1 "/>
</bind>
</comp>

<comp id="323" class="1004" name="select_ln538_4_fu_323">
<pin_list>
<pin id="324" dir="0" index="0" bw="1" slack="0"/>
<pin id="325" dir="0" index="1" bw="15" slack="0"/>
<pin id="326" dir="0" index="2" bw="1" slack="0"/>
<pin id="327" dir="1" index="3" bw="15" slack="1"/>
</pin_list>
<bind>
<opcode="select(49) " fcode="select"/>
<opset="select_ln538_4/1 "/>
</bind>
</comp>

<comp id="331" class="1004" name="icmp_ln538_5_fu_331">
<pin_list>
<pin id="332" dir="0" index="0" bw="16" slack="0"/>
<pin id="333" dir="0" index="1" bw="1" slack="0"/>
<pin id="334" dir="1" index="2" bw="1" slack="0"/>
</pin_list>
<bind>
<opcode="icmp(45) " fcode="icmp"/>
<opset="icmp_ln538_5/1 "/>
</bind>
</comp>

<comp id="337" class="1004" name="select_ln538_5_fu_337">
<pin_list>
<pin id="338" dir="0" index="0" bw="1" slack="0"/>
<pin id="339" dir="0" index="1" bw="15" slack="0"/>
<pin id="340" dir="0" index="2" bw="1" slack="0"/>
<pin id="341" dir="1" index="3" bw="15" slack="1"/>
</pin_list>
<bind>
<opcode="select(49) " fcode="select"/>
<opset="select_ln538_5/1 "/>
</bind>
</comp>

<comp id="345" class="1004" name="icmp_ln538_6_fu_345">
<pin_list>
<pin id="346" dir="0" index="0" bw="16" slack="0"/>
<pin id="347" dir="0" index="1" bw="1" slack="0"/>
<pin id="348" dir="1" index="2" bw="1" slack="0"/>
</pin_list>
<bind>
<opcode="icmp(45) " fcode="icmp"/>
<opset="icmp_ln538_6/1 "/>
</bind>
</comp>

<comp id="351" class="1004" name="select_ln538_6_fu_351">
<pin_list>
<pin id="352" dir="0" index="0" bw="1" slack="0"/>
<pin id="353" dir="0" index="1" bw="15" slack="0"/>
<pin id="354" dir="0" index="2" bw="1" slack="0"/>
<pin id="355" dir="1" index="3" bw="15" slack="1"/>
</pin_list>
<bind>
<opcode="select(49) " fcode="select"/>
<opset="select_ln538_6/1 "/>
</bind>
</comp>

<comp id="359" class="1004" name="icmp_ln538_7_fu_359">
<pin_list>
<pin id="360" dir="0" index="0" bw="16" slack="0"/>
<pin id="361" dir="0" index="1" bw="1" slack="0"/>
<pin id="362" dir="1" index="2" bw="1" slack="0"/>
</pin_list>
<bind>
<opcode="icmp(45) " fcode="icmp"/>
<opset="icmp_ln538_7/1 "/>
</bind>
</comp>

<comp id="365" class="1004" name="select_ln538_7_fu_365">
<pin_list>
<pin id="366" dir="0" index="0" bw="1" slack="0"/>
<pin id="367" dir="0" index="1" bw="15" slack="0"/>
<pin id="368" dir="0" index="2" bw="1" slack="0"/>
<pin id="369" dir="1" index="3" bw="15" slack="1"/>
</pin_list>
<bind>
<opcode="select(49) " fcode="select"/>
<opset="select_ln538_7/1 "/>
</bind>
</comp>

<comp id="373" class="1004" name="i_fu_373">
<pin_list>
<pin id="374" dir="0" index="0" bw="10" slack="0"/>
<pin id="375" dir="0" index="1" bw="1" slack="0"/>
<pin id="376" dir="1" index="2" bw="10" slack="0"/>
</pin_list>
<bind>
<opcode="add(8) " fcode="add"/>
<opset="i/1 "/>
</bind>
</comp>

<comp id="379" class="1004" name="icmp_ln528_fu_379">
<pin_list>
<pin id="380" dir="0" index="0" bw="10" slack="0"/>
<pin id="381" dir="0" index="1" bw="1" slack="0"/>
<pin id="382" dir="1" index="2" bw="1" slack="1"/>
</pin_list>
<bind>
<opcode="icmp(45) " fcode="icmp"/>
<opset="icmp_ln528/1 "/>
</bind>
</comp>

<comp id="385" class="1004" name="store_ln528_store_fu_385">
<pin_list>
<pin id="386" dir="0" index="0" bw="10" slack="0"/>
<pin id="387" dir="0" index="1" bw="10" slack="0"/>
<pin id="388" dir="1" index="2" bw="0" slack="2147483647"/>
</pin_list>
<bind>
<opcode="store(28) " fcode="store"/>
<opset="store_ln528/1 "/>
</bind>
</comp>

<comp id="390" class="1004" name="zext_ln538_fu_390">
<pin_list>
<pin id="391" dir="0" index="0" bw="15" slack="1"/>
<pin id="392" dir="1" index="1" bw="16" slack="0"/>
</pin_list>
<bind>
<opcode="zext(34) " fcode="zext"/>
<opset="zext_ln538/2 "/>
</bind>
</comp>

<comp id="393" class="1004" name="zext_ln538_1_fu_393">
<pin_list>
<pin id="394" dir="0" index="0" bw="15" slack="1"/>
<pin id="395" dir="1" index="1" bw="16" slack="0"/>
</pin_list>
<bind>
<opcode="zext(34) " fcode="zext"/>
<opset="zext_ln538_1/2 "/>
</bind>
</comp>

<comp id="396" class="1004" name="zext_ln538_2_fu_396">
<pin_list>
<pin id="397" dir="0" index="0" bw="15" slack="1"/>
<pin id="398" dir="1" index="1" bw="16" slack="0"/>
</pin_list>
<bind>
<opcode="zext(34) " fcode="zext"/>
<opset="zext_ln538_2/2 "/>
</bind>
</comp>

<comp id="399" class="1004" name="zext_ln538_3_fu_399">
<pin_list>
<pin id="400" dir="0" index="0" bw="15" slack="1"/>
<pin id="401" dir="1" index="1" bw="16" slack="0"/>
</pin_list>
<bind>
<opcode="zext(34) " fcode="zext"/>
<opset="zext_ln538_3/2 "/>
</bind>
</comp>

<comp id="402" class="1004" name="zext_ln538_4_fu_402">
<pin_list>
<pin id="403" dir="0" index="0" bw="15" slack="1"/>
<pin id="404" dir="1" index="1" bw="16" slack="0"/>
</pin_list>
<bind>
<opcode="zext(34) " fcode="zext"/>
<opset="zext_ln538_4/2 "/>
</bind>
</comp>

<comp id="405" class="1004" name="zext_ln538_5_fu_405">
<pin_list>
<pin id="406" dir="0" index="0" bw="15" slack="1"/>
<pin id="407" dir="1" index="1" bw="16" slack="0"/>
</pin_list>
<bind>
<opcode="zext(34) " fcode="zext"/>
<opset="zext_ln538_5/2 "/>
</bind>
</comp>

<comp id="408" class="1004" name="zext_ln538_6_fu_408">
<pin_list>
<pin id="409" dir="0" index="0" bw="15" slack="1"/>
<pin id="410" dir="1" index="1" bw="16" slack="0"/>
</pin_list>
<bind>
<opcode="zext(34) " fcode="zext"/>
<opset="zext_ln538_6/2 "/>
</bind>
</comp>

<comp id="411" class="1004" name="or_ln544_s_fu_411">
<pin_list>
<pin id="412" dir="0" index="0" bw="127" slack="0"/>
<pin id="413" dir="0" index="1" bw="15" slack="1"/>
<pin id="414" dir="0" index="2" bw="15" slack="0"/>
<pin id="415" dir="0" index="3" bw="15" slack="0"/>
<pin id="416" dir="0" index="4" bw="15" slack="0"/>
<pin id="417" dir="0" index="5" bw="15" slack="0"/>
<pin id="418" dir="0" index="6" bw="15" slack="0"/>
<pin id="419" dir="0" index="7" bw="15" slack="0"/>
<pin id="420" dir="0" index="8" bw="15" slack="0"/>
<pin id="421" dir="1" index="9" bw="127" slack="0"/>
</pin_list>
<bind>
<opcode="bitconcatenate(1004) " fcode="bitconcatenate"/>
<opset="or_ln544_s/2 "/>
</bind>
</comp>

<comp id="430" class="1004" name="zext_ln544_fu_430">
<pin_list>
<pin id="431" dir="0" index="0" bw="127" slack="0"/>
<pin id="432" dir="1" index="1" bw="128" slack="0"/>
</pin_list>
<bind>
<opcode="zext(34) " fcode="zext"/>
<opset="zext_ln544/2 "/>
</bind>
</comp>

<comp id="435" class="1005" name="i_13_reg_435">
<pin_list>
<pin id="436" dir="0" index="0" bw="10" slack="0"/>
<pin id="437" dir="1" index="1" bw="10" slack="0"/>
</pin_list>
<bind>
<opset="i_13 "/>
</bind>
</comp>

<comp id="442" class="1005" name="select_ln538_reg_442">
<pin_list>
<pin id="443" dir="0" index="0" bw="15" slack="1"/>
<pin id="444" dir="1" index="1" bw="15" slack="1"/>
</pin_list>
<bind>
<opset="select_ln538 "/>
</bind>
</comp>

<comp id="447" class="1005" name="select_ln538_1_reg_447">
<pin_list>
<pin id="448" dir="0" index="0" bw="15" slack="1"/>
<pin id="449" dir="1" index="1" bw="15" slack="1"/>
</pin_list>
<bind>
<opset="select_ln538_1 "/>
</bind>
</comp>

<comp id="452" class="1005" name="select_ln538_2_reg_452">
<pin_list>
<pin id="453" dir="0" index="0" bw="15" slack="1"/>
<pin id="454" dir="1" index="1" bw="15" slack="1"/>
</pin_list>
<bind>
<opset="select_ln538_2 "/>
</bind>
</comp>

<comp id="457" class="1005" name="select_ln538_3_reg_457">
<pin_list>
<pin id="458" dir="0" index="0" bw="15" slack="1"/>
<pin id="459" dir="1" index="1" bw="15" slack="1"/>
</pin_list>
<bind>
<opset="select_ln538_3 "/>
</bind>
</comp>

<comp id="462" class="1005" name="select_ln538_4_reg_462">
<pin_list>
<pin id="463" dir="0" index="0" bw="15" slack="1"/>
<pin id="464" dir="1" index="1" bw="15" slack="1"/>
</pin_list>
<bind>
<opset="select_ln538_4 "/>
</bind>
</comp>

<comp id="467" class="1005" name="select_ln538_5_reg_467">
<pin_list>
<pin id="468" dir="0" index="0" bw="15" slack="1"/>
<pin id="469" dir="1" index="1" bw="15" slack="1"/>
</pin_list>
<bind>
<opset="select_ln538_5 "/>
</bind>
</comp>

<comp id="472" class="1005" name="select_ln538_6_reg_472">
<pin_list>
<pin id="473" dir="0" index="0" bw="15" slack="1"/>
<pin id="474" dir="1" index="1" bw="15" slack="1"/>
</pin_list>
<bind>
<opset="select_ln538_6 "/>
</bind>
</comp>

<comp id="477" class="1005" name="select_ln538_7_reg_477">
<pin_list>
<pin id="478" dir="0" index="0" bw="15" slack="1"/>
<pin id="479" dir="1" index="1" bw="15" slack="1"/>
</pin_list>
<bind>
<opset="select_ln538_7 "/>
</bind>
</comp>

<comp id="482" class="1005" name="icmp_ln528_reg_482">
<pin_list>
<pin id="483" dir="0" index="0" bw="1" slack="1"/>
<pin id="484" dir="1" index="1" bw="1" slack="2147483647"/>
</pin_list>
<bind>
<opset="icmp_ln528 "/>
</bind>
</comp>

</comp_list>

<net_list>
<net id="91"><net_src comp="4" pin="0"/><net_sink comp="88" pin=0"/></net>

<net id="96"><net_src comp="18" pin="0"/><net_sink comp="92" pin=0"/></net>

<net id="97"><net_src comp="0" pin="0"/><net_sink comp="92" pin=1"/></net>

<net id="103"><net_src comp="86" pin="0"/><net_sink comp="98" pin=0"/></net>

<net id="104"><net_src comp="2" pin="0"/><net_sink comp="98" pin=1"/></net>

<net id="109"><net_src comp="16" pin="0"/><net_sink comp="105" pin=0"/></net>

<net id="116"><net_src comp="92" pin="2"/><net_sink comp="113" pin=0"/></net>

<net id="120"><net_src comp="92" pin="2"/><net_sink comp="117" pin=0"/></net>

<net id="127"><net_src comp="20" pin="0"/><net_sink comp="121" pin=0"/></net>

<net id="128"><net_src comp="92" pin="2"/><net_sink comp="121" pin=1"/></net>

<net id="129"><net_src comp="22" pin="0"/><net_sink comp="121" pin=2"/></net>

<net id="130"><net_src comp="24" pin="0"/><net_sink comp="121" pin=3"/></net>

<net id="137"><net_src comp="26" pin="0"/><net_sink comp="131" pin=0"/></net>

<net id="138"><net_src comp="92" pin="2"/><net_sink comp="131" pin=1"/></net>

<net id="139"><net_src comp="22" pin="0"/><net_sink comp="131" pin=2"/></net>

<net id="140"><net_src comp="28" pin="0"/><net_sink comp="131" pin=3"/></net>

<net id="147"><net_src comp="20" pin="0"/><net_sink comp="141" pin=0"/></net>

<net id="148"><net_src comp="92" pin="2"/><net_sink comp="141" pin=1"/></net>

<net id="149"><net_src comp="30" pin="0"/><net_sink comp="141" pin=2"/></net>

<net id="150"><net_src comp="32" pin="0"/><net_sink comp="141" pin=3"/></net>

<net id="157"><net_src comp="26" pin="0"/><net_sink comp="151" pin=0"/></net>

<net id="158"><net_src comp="92" pin="2"/><net_sink comp="151" pin=1"/></net>

<net id="159"><net_src comp="30" pin="0"/><net_sink comp="151" pin=2"/></net>

<net id="160"><net_src comp="34" pin="0"/><net_sink comp="151" pin=3"/></net>

<net id="167"><net_src comp="20" pin="0"/><net_sink comp="161" pin=0"/></net>

<net id="168"><net_src comp="92" pin="2"/><net_sink comp="161" pin=1"/></net>

<net id="169"><net_src comp="36" pin="0"/><net_sink comp="161" pin=2"/></net>

<net id="170"><net_src comp="38" pin="0"/><net_sink comp="161" pin=3"/></net>

<net id="177"><net_src comp="26" pin="0"/><net_sink comp="171" pin=0"/></net>

<net id="178"><net_src comp="92" pin="2"/><net_sink comp="171" pin=1"/></net>

<net id="179"><net_src comp="36" pin="0"/><net_sink comp="171" pin=2"/></net>

<net id="180"><net_src comp="40" pin="0"/><net_sink comp="171" pin=3"/></net>

<net id="187"><net_src comp="20" pin="0"/><net_sink comp="181" pin=0"/></net>

<net id="188"><net_src comp="92" pin="2"/><net_sink comp="181" pin=1"/></net>

<net id="189"><net_src comp="42" pin="0"/><net_sink comp="181" pin=2"/></net>

<net id="190"><net_src comp="44" pin="0"/><net_sink comp="181" pin=3"/></net>

<net id="197"><net_src comp="26" pin="0"/><net_sink comp="191" pin=0"/></net>

<net id="198"><net_src comp="92" pin="2"/><net_sink comp="191" pin=1"/></net>

<net id="199"><net_src comp="42" pin="0"/><net_sink comp="191" pin=2"/></net>

<net id="200"><net_src comp="46" pin="0"/><net_sink comp="191" pin=3"/></net>

<net id="207"><net_src comp="20" pin="0"/><net_sink comp="201" pin=0"/></net>

<net id="208"><net_src comp="92" pin="2"/><net_sink comp="201" pin=1"/></net>

<net id="209"><net_src comp="48" pin="0"/><net_sink comp="201" pin=2"/></net>

<net id="210"><net_src comp="50" pin="0"/><net_sink comp="201" pin=3"/></net>

<net id="217"><net_src comp="26" pin="0"/><net_sink comp="211" pin=0"/></net>

<net id="218"><net_src comp="92" pin="2"/><net_sink comp="211" pin=1"/></net>

<net id="219"><net_src comp="48" pin="0"/><net_sink comp="211" pin=2"/></net>

<net id="220"><net_src comp="52" pin="0"/><net_sink comp="211" pin=3"/></net>

<net id="227"><net_src comp="20" pin="0"/><net_sink comp="221" pin=0"/></net>

<net id="228"><net_src comp="92" pin="2"/><net_sink comp="221" pin=1"/></net>

<net id="229"><net_src comp="54" pin="0"/><net_sink comp="221" pin=2"/></net>

<net id="230"><net_src comp="56" pin="0"/><net_sink comp="221" pin=3"/></net>

<net id="237"><net_src comp="26" pin="0"/><net_sink comp="231" pin=0"/></net>

<net id="238"><net_src comp="92" pin="2"/><net_sink comp="231" pin=1"/></net>

<net id="239"><net_src comp="54" pin="0"/><net_sink comp="231" pin=2"/></net>

<net id="240"><net_src comp="58" pin="0"/><net_sink comp="231" pin=3"/></net>

<net id="247"><net_src comp="20" pin="0"/><net_sink comp="241" pin=0"/></net>

<net id="248"><net_src comp="92" pin="2"/><net_sink comp="241" pin=1"/></net>

<net id="249"><net_src comp="60" pin="0"/><net_sink comp="241" pin=2"/></net>

<net id="250"><net_src comp="62" pin="0"/><net_sink comp="241" pin=3"/></net>

<net id="257"><net_src comp="26" pin="0"/><net_sink comp="251" pin=0"/></net>

<net id="258"><net_src comp="92" pin="2"/><net_sink comp="251" pin=1"/></net>

<net id="259"><net_src comp="60" pin="0"/><net_sink comp="251" pin=2"/></net>

<net id="260"><net_src comp="64" pin="0"/><net_sink comp="251" pin=3"/></net>

<net id="265"><net_src comp="113" pin="1"/><net_sink comp="261" pin=0"/></net>

<net id="266"><net_src comp="66" pin="0"/><net_sink comp="261" pin=1"/></net>

<net id="272"><net_src comp="261" pin="2"/><net_sink comp="267" pin=0"/></net>

<net id="273"><net_src comp="117" pin="1"/><net_sink comp="267" pin=1"/></net>

<net id="274"><net_src comp="68" pin="0"/><net_sink comp="267" pin=2"/></net>

<net id="279"><net_src comp="121" pin="4"/><net_sink comp="275" pin=0"/></net>

<net id="280"><net_src comp="66" pin="0"/><net_sink comp="275" pin=1"/></net>

<net id="286"><net_src comp="275" pin="2"/><net_sink comp="281" pin=0"/></net>

<net id="287"><net_src comp="131" pin="4"/><net_sink comp="281" pin=1"/></net>

<net id="288"><net_src comp="68" pin="0"/><net_sink comp="281" pin=2"/></net>

<net id="293"><net_src comp="141" pin="4"/><net_sink comp="289" pin=0"/></net>

<net id="294"><net_src comp="66" pin="0"/><net_sink comp="289" pin=1"/></net>

<net id="300"><net_src comp="289" pin="2"/><net_sink comp="295" pin=0"/></net>

<net id="301"><net_src comp="151" pin="4"/><net_sink comp="295" pin=1"/></net>

<net id="302"><net_src comp="68" pin="0"/><net_sink comp="295" pin=2"/></net>

<net id="307"><net_src comp="161" pin="4"/><net_sink comp="303" pin=0"/></net>

<net id="308"><net_src comp="66" pin="0"/><net_sink comp="303" pin=1"/></net>

<net id="314"><net_src comp="303" pin="2"/><net_sink comp="309" pin=0"/></net>

<net id="315"><net_src comp="171" pin="4"/><net_sink comp="309" pin=1"/></net>

<net id="316"><net_src comp="68" pin="0"/><net_sink comp="309" pin=2"/></net>

<net id="321"><net_src comp="181" pin="4"/><net_sink comp="317" pin=0"/></net>

<net id="322"><net_src comp="66" pin="0"/><net_sink comp="317" pin=1"/></net>

<net id="328"><net_src comp="317" pin="2"/><net_sink comp="323" pin=0"/></net>

<net id="329"><net_src comp="191" pin="4"/><net_sink comp="323" pin=1"/></net>

<net id="330"><net_src comp="68" pin="0"/><net_sink comp="323" pin=2"/></net>

<net id="335"><net_src comp="201" pin="4"/><net_sink comp="331" pin=0"/></net>

<net id="336"><net_src comp="66" pin="0"/><net_sink comp="331" pin=1"/></net>

<net id="342"><net_src comp="331" pin="2"/><net_sink comp="337" pin=0"/></net>

<net id="343"><net_src comp="211" pin="4"/><net_sink comp="337" pin=1"/></net>

<net id="344"><net_src comp="68" pin="0"/><net_sink comp="337" pin=2"/></net>

<net id="349"><net_src comp="221" pin="4"/><net_sink comp="345" pin=0"/></net>

<net id="350"><net_src comp="66" pin="0"/><net_sink comp="345" pin=1"/></net>

<net id="356"><net_src comp="345" pin="2"/><net_sink comp="351" pin=0"/></net>

<net id="357"><net_src comp="231" pin="4"/><net_sink comp="351" pin=1"/></net>

<net id="358"><net_src comp="68" pin="0"/><net_sink comp="351" pin=2"/></net>

<net id="363"><net_src comp="241" pin="4"/><net_sink comp="359" pin=0"/></net>

<net id="364"><net_src comp="66" pin="0"/><net_sink comp="359" pin=1"/></net>

<net id="370"><net_src comp="359" pin="2"/><net_sink comp="365" pin=0"/></net>

<net id="371"><net_src comp="251" pin="4"/><net_sink comp="365" pin=1"/></net>

<net id="372"><net_src comp="68" pin="0"/><net_sink comp="365" pin=2"/></net>

<net id="377"><net_src comp="110" pin="1"/><net_sink comp="373" pin=0"/></net>

<net id="378"><net_src comp="70" pin="0"/><net_sink comp="373" pin=1"/></net>

<net id="383"><net_src comp="110" pin="1"/><net_sink comp="379" pin=0"/></net>

<net id="384"><net_src comp="72" pin="0"/><net_sink comp="379" pin=1"/></net>

<net id="389"><net_src comp="373" pin="2"/><net_sink comp="385" pin=0"/></net>

<net id="422"><net_src comp="84" pin="0"/><net_sink comp="411" pin=0"/></net>

<net id="423"><net_src comp="408" pin="1"/><net_sink comp="411" pin=2"/></net>

<net id="424"><net_src comp="405" pin="1"/><net_sink comp="411" pin=3"/></net>

<net id="425"><net_src comp="402" pin="1"/><net_sink comp="411" pin=4"/></net>

<net id="426"><net_src comp="399" pin="1"/><net_sink comp="411" pin=5"/></net>

<net id="427"><net_src comp="396" pin="1"/><net_sink comp="411" pin=6"/></net>

<net id="428"><net_src comp="393" pin="1"/><net_sink comp="411" pin=7"/></net>

<net id="429"><net_src comp="390" pin="1"/><net_sink comp="411" pin=8"/></net>

<net id="433"><net_src comp="411" pin="9"/><net_sink comp="430" pin=0"/></net>

<net id="434"><net_src comp="430" pin="1"/><net_sink comp="98" pin=2"/></net>

<net id="438"><net_src comp="88" pin="1"/><net_sink comp="435" pin=0"/></net>

<net id="439"><net_src comp="435" pin="1"/><net_sink comp="105" pin=1"/></net>

<net id="440"><net_src comp="435" pin="1"/><net_sink comp="110" pin=0"/></net>

<net id="441"><net_src comp="435" pin="1"/><net_sink comp="385" pin=1"/></net>

<net id="445"><net_src comp="267" pin="3"/><net_sink comp="442" pin=0"/></net>

<net id="446"><net_src comp="442" pin="1"/><net_sink comp="390" pin=0"/></net>

<net id="450"><net_src comp="281" pin="3"/><net_sink comp="447" pin=0"/></net>

<net id="451"><net_src comp="447" pin="1"/><net_sink comp="393" pin=0"/></net>

<net id="455"><net_src comp="295" pin="3"/><net_sink comp="452" pin=0"/></net>

<net id="456"><net_src comp="452" pin="1"/><net_sink comp="396" pin=0"/></net>

<net id="460"><net_src comp="309" pin="3"/><net_sink comp="457" pin=0"/></net>

<net id="461"><net_src comp="457" pin="1"/><net_sink comp="399" pin=0"/></net>

<net id="465"><net_src comp="323" pin="3"/><net_sink comp="462" pin=0"/></net>

<net id="466"><net_src comp="462" pin="1"/><net_sink comp="402" pin=0"/></net>

<net id="470"><net_src comp="337" pin="3"/><net_sink comp="467" pin=0"/></net>

<net id="471"><net_src comp="467" pin="1"/><net_sink comp="405" pin=0"/></net>

<net id="475"><net_src comp="351" pin="3"/><net_sink comp="472" pin=0"/></net>

<net id="476"><net_src comp="472" pin="1"/><net_sink comp="408" pin=0"/></net>

<net id="480"><net_src comp="365" pin="3"/><net_sink comp="477" pin=0"/></net>

<net id="481"><net_src comp="477" pin="1"/><net_sink comp="411" pin=1"/></net>

<net id="485"><net_src comp="379" pin="2"/><net_sink comp="482" pin=0"/></net>

</net_list>

</model> 
---------------- Datapath Model END ------------------

* FSMD analyzer results:
  - Output states:
	Port: layer22_out | {2 }
 - Input state : 
	Port: thresholded_relu<array,ap_fixed,array<ap_fixed,8u>,thresholdedrelu_config22> : layer21_out | {1 }
  - Chain level:
	State 1
		store_ln528 : 1
		i_14 : 1
		icmp_ln538 : 1
		select_ln538 : 2
		icmp_ln538_1 : 1
		select_ln538_1 : 2
		icmp_ln538_2 : 1
		select_ln538_2 : 2
		icmp_ln538_3 : 1
		select_ln538_3 : 2
		icmp_ln538_4 : 1
		select_ln538_4 : 2
		icmp_ln538_5 : 1
		select_ln538_5 : 2
		icmp_ln538_6 : 1
		select_ln538_6 : 2
		icmp_ln538_7 : 1
		select_ln538_7 : 2
		i : 2
		icmp_ln528 : 2
		store_ln528 : 3
		br_ln528 : 3
	State 2
		or_ln544_s : 1
		zext_ln544 : 2
		write_ln544 : 3


============================================================
+ Verbose Summary: Datapath Resource usage 
============================================================

* Functional unit list:
|----------|-----------------------------|---------|---------|
| Operation|       Functional Unit       |    FF   |   LUT   |
|----------|-----------------------------|---------|---------|
|          |      icmp_ln538_fu_261      |    0    |    23   |
|          |     icmp_ln538_1_fu_275     |    0    |    23   |
|          |     icmp_ln538_2_fu_289     |    0    |    23   |
|          |     icmp_ln538_3_fu_303     |    0    |    23   |
|   icmp   |     icmp_ln538_4_fu_317     |    0    |    23   |
|          |     icmp_ln538_5_fu_331     |    0    |    23   |
|          |     icmp_ln538_6_fu_345     |    0    |    23   |
|          |     icmp_ln538_7_fu_359     |    0    |    23   |
|          |      icmp_ln528_fu_379      |    0    |    17   |
|----------|-----------------------------|---------|---------|
|          |     select_ln538_fu_267     |    0    |    15   |
|          |    select_ln538_1_fu_281    |    0    |    15   |
|          |    select_ln538_2_fu_295    |    0    |    15   |
|  select  |    select_ln538_3_fu_309    |    0    |    15   |
|          |    select_ln538_4_fu_323    |    0    |    15   |
|          |    select_ln538_5_fu_337    |    0    |    15   |
|          |    select_ln538_6_fu_351    |    0    |    15   |
|          |    select_ln538_7_fu_365    |    0    |    15   |
|----------|-----------------------------|---------|---------|
|    add   |           i_fu_373          |    0    |    17   |
|----------|-----------------------------|---------|---------|
|   read   | layer21_out_read_read_fu_92 |    0    |    0    |
|----------|-----------------------------|---------|---------|
|   write  |   write_ln544_write_fu_98   |    0    |    0    |
|----------|-----------------------------|---------|---------|
|   trunc  |      trunc_ln531_fu_113     |    0    |    0    |
|          |    trunc_ln531_14_fu_117    |    0    |    0    |
|----------|-----------------------------|---------|---------|
|          |     trunc_ln531_1_fu_121    |    0    |    0    |
|          |     trunc_ln531_8_fu_131    |    0    |    0    |
|          |     trunc_ln531_2_fu_141    |    0    |    0    |
|          |     trunc_ln531_9_fu_151    |    0    |    0    |
|          |     trunc_ln531_3_fu_161    |    0    |    0    |
|          |     trunc_ln531_s_fu_171    |    0    |    0    |
|partselect|     trunc_ln531_4_fu_181    |    0    |    0    |
|          |    trunc_ln531_10_fu_191    |    0    |    0    |
|          |     trunc_ln531_5_fu_201    |    0    |    0    |
|          |    trunc_ln531_11_fu_211    |    0    |    0    |
|          |     trunc_ln531_6_fu_221    |    0    |    0    |
|          |    trunc_ln531_12_fu_231    |    0    |    0    |
|          |     trunc_ln531_7_fu_241    |    0    |    0    |
|          |       trunc_ln1_fu_251      |    0    |    0    |
|----------|-----------------------------|---------|---------|
|          |      zext_ln538_fu_390      |    0    |    0    |
|          |     zext_ln538_1_fu_393     |    0    |    0    |
|          |     zext_ln538_2_fu_396     |    0    |    0    |
|   zext   |     zext_ln538_3_fu_399     |    0    |    0    |
|          |     zext_ln538_4_fu_402     |    0    |    0    |
|          |     zext_ln538_5_fu_405     |    0    |    0    |
|          |     zext_ln538_6_fu_408     |    0    |    0    |
|          |      zext_ln544_fu_430      |    0    |    0    |
|----------|-----------------------------|---------|---------|
|bitconcatenate|      or_ln544_s_fu_411      |    0    |    0    |
|----------|-----------------------------|---------|---------|
|   Total  |                             |    0    |   338   |
|----------|-----------------------------|---------|---------|

Memories:
N/A

* Register list:
+----------------------+--------+
|                      |   FF   |
+----------------------+--------+
|     i_13_reg_435     |   10   |
|  icmp_ln528_reg_482  |    1   |
|select_ln538_1_reg_447|   15   |
|select_ln538_2_reg_452|   15   |
|select_ln538_3_reg_457|   15   |
|select_ln538_4_reg_462|   15   |
|select_ln538_5_reg_467|   15   |
|select_ln538_6_reg_472|   15   |
|select_ln538_7_reg_477|   15   |
| select_ln538_reg_442 |   15   |
+----------------------+--------+
|         Total        |   131  |
+----------------------+--------+

* Multiplexer (MUX) list: 
|--------|------|------|------|--------|
|  Comp  |  Pin | Size |  BW  | S x BW |
|--------|------|------|------|--------|
|  Total |      |      |      |    0   |
|--------|------|------|------|--------|



* Summary:
+-----------+--------+--------+
|           |   FF   |   LUT  |
+-----------+--------+--------+
|  Function |    0   |   338  |
|   Memory  |    -   |    -   |
|Multiplexer|    -   |    -   |
|  Register |   131  |    -   |
+-----------+--------+--------+
|   Total   |   131  |   338  |
+-----------+--------+--------+
