

================================================================
== Vitis HLS Report for 'zeropad2d_cl_array_ap_fixed_8u_array_ap_fixed_16_6_5_3_0_8u_config35_s'
================================================================
* Date:           Thu Apr 23 22:46:41 2026

* Version:        2025.2 (Build 6295257 on Nov 14 2025)
* Project:        folo_prj
* Solution:       solution1 (Vivado IP Flow Target)
* Product family: kintexu
* Target device:  xcku035-fbva676-2-e


================================================================
== Performance Estimates
================================================================
+ Timing: 
    * Summary: 
    +--------+---------+----------+------------+
    |  Clock |  Target | Estimated| Uncertainty|
    +--------+---------+----------+------------+
    |ap_clk  |  5.00 ns|  2.192 ns|     1.35 ns|
    +--------+---------+----------+------------+

+ Latency: 
    * Summary: 
    +---------+---------+----------+----------+------+------+---------+
    |  Latency (cycles) |  Latency (absolute) |   Interval  | Pipeline|
    |   min   |   max   |    min   |    max   |  min |  max |   Type  |
    +---------+---------+----------+----------+------+------+---------+
    |     1167|     1167|  5.835 us|  5.835 us|  1167|  1167|       no|
    +---------+---------+----------+----------+------+------+---------+

    + Detail: 
        * Instance: 
        +-----------------------------------------------------------------------------------------+-------------------------------------------------------------------------------+---------+---------+----------+----------+-----+-----+-------------------+
        |                                                                                         |                                                                               |  Latency (cycles) |  Latency (absolute) |  Interval |      Pipeline     |
        |                                         Instance                                        |                                     Module                                    |   min   |   max   |    min   |    max   | min | max |        Type       |
        +-----------------------------------------------------------------------------------------+-------------------------------------------------------------------------------+---------+---------+----------+----------+-----+-----+-------------------+
        |grp_zeropad2d_cl_array_array_ap_fixed_16_6_5_3_0_8u_config35_Pipeline_PadTopWidth_fu_22  |zeropad2d_cl_array_array_ap_fixed_16_6_5_3_0_8u_config35_Pipeline_PadTopWidth  |       36|       36|  0.180 us|  0.180 us|    0|    0|  loop pipeline stp|
        |grp_zeropad2d_cl_array_array_ap_fixed_16_6_5_3_0_8u_config35_Pipeline_PadMain_fu_28      |zeropad2d_cl_array_array_ap_fixed_16_6_5_3_0_8u_config35_Pipeline_PadMain      |     1090|     1090|  5.450 us|  5.450 us|    0|    0|  loop pipeline stp|
        |grp_zeropad2d_cl_array_array_ap_fixed_8u_config35_Pipeline_PadBottomWidth_fu_36          |zeropad2d_cl_array_array_ap_fixed_8u_config35_Pipeline_PadBottomWidth          |       36|       36|  0.180 us|  0.180 us|    0|    0|  loop pipeline stp|
        +-----------------------------------------------------------------------------------------+-------------------------------------------------------------------------------+---------+---------+----------+----------+-----+-----+-------------------+

        * Loop: 
        N/A



================================================================
== Utilization Estimates
================================================================
* Summary: 
+-----------------+---------+------+--------+--------+-----+
|       Name      | BRAM_18K|  DSP |   FF   |   LUT  | URAM|
+-----------------+---------+------+--------+--------+-----+
|DSP              |        -|     -|       -|       -|    -|
|Expression       |        -|     -|       0|       2|    -|
|FIFO             |        -|     -|       -|       -|    -|
|Instance         |        -|     -|     190|     493|    -|
|Memory           |        -|     -|       -|       -|    -|
|Multiplexer      |        -|     -|       0|      89|    -|
|Register         |        -|     -|      11|       -|    -|
+-----------------+---------+------+--------+--------+-----+
|Total            |        0|     0|     201|     584|    0|
+-----------------+---------+------+--------+--------+-----+
|Available        |     1080|  1700|  406256|  203128|    0|
+-----------------+---------+------+--------+--------+-----+
|Utilization (%)  |        0|     0|      ~0|      ~0|    0|
+-----------------+---------+------+--------+--------+-----+

+ Detail: 
    * Instance: 
    +-----------------------------------------------------------------------------------------+-------------------------------------------------------------------------------+---------+----+-----+-----+-----+
    |                                         Instance                                        |                                     Module                                    | BRAM_18K| DSP|  FF | LUT | URAM|
    +-----------------------------------------------------------------------------------------+-------------------------------------------------------------------------------+---------+----+-----+-----+-----+
    |grp_zeropad2d_cl_array_array_ap_fixed_16_6_5_3_0_8u_config35_Pipeline_PadMain_fu_28      |zeropad2d_cl_array_array_ap_fixed_16_6_5_3_0_8u_config35_Pipeline_PadMain      |        0|   0|  172|  343|    0|
    |grp_zeropad2d_cl_array_array_ap_fixed_16_6_5_3_0_8u_config35_Pipeline_PadTopWidth_fu_22  |zeropad2d_cl_array_array_ap_fixed_16_6_5_3_0_8u_config35_Pipeline_PadTopWidth  |        0|   0|    9|   75|    0|
    |grp_zeropad2d_cl_array_array_ap_fixed_8u_config35_Pipeline_PadBottomWidth_fu_36          |zeropad2d_cl_array_array_ap_fixed_8u_config35_Pipeline_PadBottomWidth          |        0|   0|    9|   75|    0|
    +-----------------------------------------------------------------------------------------+-------------------------------------------------------------------------------+---------+----+-----+-----+-----+
    |Total                                                                                    |                                                                               |        0|   0|  190|  493|    0|
    +-----------------------------------------------------------------------------------------+-------------------------------------------------------------------------------+---------+----+-----+-----+-----+

    * DSP: 
    N/A

    * Memory: 
    N/A

    * FIFO: 
    N/A

    * Expression: 
    +-----------------+----------+----+---+----+------------+------------+
    |  Variable Name  | Operation| DSP| FF| LUT| Bitwidth P0| Bitwidth P1|
    +-----------------+----------+----+---+----+------------+------------+
    |ap_block_state1  |        or|   0|  0|   2|           1|           1|
    +-----------------+----------+----+---+----+------------+------------+
    |Total            |          |   0|  0|   2|           1|           1|
    +-----------------+----------+----+---+----+------------+------------+

    * Multiplexer: 
    +-------------------+----+-----------+-----+-----------+
    |        Name       | LUT| Input Size| Bits| Total Bits|
    +-------------------+----+-----------+-----+-----------+
    |ap_NS_fsm          |  37|          7|    1|          7|
    |ap_done            |   9|          2|    1|          2|
    |layer35_out_din    |  14|          3|  128|        384|
    |layer35_out_write  |  20|          4|    1|          4|
    |real_start         |   9|          2|    1|          2|
    +-------------------+----+-----------+-----+-----------+
    |Total              |  89|         18|  132|        399|
    +-------------------+----+-----------+-----+-----------+

    * Register: 
    +------------------------------------------------------------------------------------------------------+---+----+-----+-----------+
    |                                                 Name                                                 | FF| LUT| Bits| Const Bits|
    +------------------------------------------------------------------------------------------------------+---+----+-----+-----------+
    |ap_CS_fsm                                                                                             |  6|   0|    6|          0|
    |ap_done_reg                                                                                           |  1|   0|    1|          0|
    |grp_zeropad2d_cl_array_array_ap_fixed_16_6_5_3_0_8u_config35_Pipeline_PadMain_fu_28_ap_start_reg      |  1|   0|    1|          0|
    |grp_zeropad2d_cl_array_array_ap_fixed_16_6_5_3_0_8u_config35_Pipeline_PadTopWidth_fu_22_ap_start_reg  |  1|   0|    1|          0|
    |grp_zeropad2d_cl_array_array_ap_fixed_8u_config35_Pipeline_PadBottomWidth_fu_36_ap_start_reg          |  1|   0|    1|          0|
    |start_once_reg                                                                                        |  1|   0|    1|          0|
    +------------------------------------------------------------------------------------------------------+---+----+-----+-----------+
    |Total                                                                                                 | 11|   0|   11|          0|
    +------------------------------------------------------------------------------------------------------+---+----+-----+-----------+



================================================================
== Interface
================================================================
* Summary: 
+-----------------------------+-----+-----+------------+--------------------------------------------------------------------------+--------------+
|          RTL Ports          | Dir | Bits|  Protocol  |                               Source Object                              |    C Type    |
+-----------------------------+-----+-----+------------+--------------------------------------------------------------------------+--------------+
|ap_clk                       |   in|    1|  ap_ctrl_hs|  zeropad2d_cl<array<ap_fixed,8u>,array<ap_fixed<16,6,5,3,0>,8u>,config35>|  return value|
|ap_rst                       |   in|    1|  ap_ctrl_hs|  zeropad2d_cl<array<ap_fixed,8u>,array<ap_fixed<16,6,5,3,0>,8u>,config35>|  return value|
|ap_start                     |   in|    1|  ap_ctrl_hs|  zeropad2d_cl<array<ap_fixed,8u>,array<ap_fixed<16,6,5,3,0>,8u>,config35>|  return value|
|start_full_n                 |   in|    1|  ap_ctrl_hs|  zeropad2d_cl<array<ap_fixed,8u>,array<ap_fixed<16,6,5,3,0>,8u>,config35>|  return value|
|ap_done                      |  out|    1|  ap_ctrl_hs|  zeropad2d_cl<array<ap_fixed,8u>,array<ap_fixed<16,6,5,3,0>,8u>,config35>|  return value|
|ap_continue                  |   in|    1|  ap_ctrl_hs|  zeropad2d_cl<array<ap_fixed,8u>,array<ap_fixed<16,6,5,3,0>,8u>,config35>|  return value|
|ap_idle                      |  out|    1|  ap_ctrl_hs|  zeropad2d_cl<array<ap_fixed,8u>,array<ap_fixed<16,6,5,3,0>,8u>,config35>|  return value|
|ap_ready                     |  out|    1|  ap_ctrl_hs|  zeropad2d_cl<array<ap_fixed,8u>,array<ap_fixed<16,6,5,3,0>,8u>,config35>|  return value|
|start_out                    |  out|    1|  ap_ctrl_hs|  zeropad2d_cl<array<ap_fixed,8u>,array<ap_fixed<16,6,5,3,0>,8u>,config35>|  return value|
|start_write                  |  out|    1|  ap_ctrl_hs|  zeropad2d_cl<array<ap_fixed,8u>,array<ap_fixed<16,6,5,3,0>,8u>,config35>|  return value|
|layer29_cpy1_dout            |   in|  128|     ap_fifo|                                                              layer29_cpy1|       pointer|
|layer29_cpy1_empty_n         |   in|    1|     ap_fifo|                                                              layer29_cpy1|       pointer|
|layer29_cpy1_read            |  out|    1|     ap_fifo|                                                              layer29_cpy1|       pointer|
|layer29_cpy1_num_data_valid  |   in|    3|     ap_fifo|                                                              layer29_cpy1|       pointer|
|layer29_cpy1_fifo_cap        |   in|    3|     ap_fifo|                                                              layer29_cpy1|       pointer|
|layer35_out_din              |  out|  128|     ap_fifo|                                                               layer35_out|       pointer|
|layer35_out_full_n           |   in|    1|     ap_fifo|                                                               layer35_out|       pointer|
|layer35_out_write            |  out|    1|     ap_fifo|                                                               layer35_out|       pointer|
|layer35_out_num_data_valid   |   in|   32|     ap_fifo|                                                               layer35_out|       pointer|
|layer35_out_fifo_cap         |   in|   32|     ap_fifo|                                                               layer35_out|       pointer|
+-----------------------------+-----+-----+------------+--------------------------------------------------------------------------+--------------+

============================================================
+ Verbose Summary: Synthesis Manager
============================================================
InlineROM: 1
ExposeGlobal: 0
============================================================
+ Verbose Summary: CDFG Model
============================================================
IsTopModel: 0
ResetActiveHigh: 1
IsCombinational: 2
IsDatapathOnly: 0
HasWiredReturn: 1
HasMFsm: 0
HasVarLatency: 1
IsPipeline: 0
IsRtlPipelined: 0
IsInstanceOverlapped: 0
IsDontTouch: 0
HasImplIP: 0
IsGatedGlobalClock: 0


============================================================
+ Verbose Summary: Schedule
============================================================
* Number of FSM states : 6
* Pipeline : 0
* Dataflow Pipeline: 0

* FSM state transitions: 
1 --> 2 
2 --> 3 
3 --> 4 
4 --> 5 
5 --> 6 
6 --> 

* FSM state operations: 

State 1 <SV = 0> <Delay = 0.00>
ST_1 : Operation 7 [2/2] (0.00ns)   --->   "%call_ln0 = call void @zeropad2d_cl<array,array<ap_fixed<16,6,5,3,0>,8u>,config35>_Pipeline_PadTopWidth, i128 %layer35_out"   --->   Operation 7 'call' 'call_ln0' <Predicate = true> <Delay = 0.00> <CoreType = "Generic">   --->   Generic Core

State 2 <SV = 1> <Delay = 2.19>
ST_2 : Operation 8 [1/2] (2.19ns)   --->   "%call_ln0 = call void @zeropad2d_cl<array,array<ap_fixed<16,6,5,3,0>,8u>,config35>_Pipeline_PadTopWidth, i128 %layer35_out"   --->   Operation 8 'call' 'call_ln0' <Predicate = true> <Delay = 2.19> <CoreType = "Generic">   --->   Generic Core

State 3 <SV = 2> <Delay = 0.00>
ST_3 : Operation 9 [1/1] (0.00ns)   --->   "%fence_ln59 = fence void @_ssdm_op_Fence, i128 %layer35_out, i32 4294967295, i128 %layer35_out, i128 %layer29_cpy1, i32 0" [firmware/nnet_utils/nnet_padding_stream.h:59]   --->   Operation 9 'fence' 'fence_ln59' <Predicate = true> <Delay = 0.00>
ST_3 : Operation 10 [1/1] (0.00ns)   --->   "%fence_ln59 = fence void @_ssdm_op_Fence, i128 %layer35_out, i32 4294967295, i128 %layer35_out, i128 %layer29_cpy1, i32 0" [firmware/nnet_utils/nnet_padding_stream.h:59]   --->   Operation 10 'fence' 'fence_ln59' <Predicate = true> <Delay = 0.00>
ST_3 : Operation 11 [2/2] (0.00ns)   --->   "%call_ln0 = call void @zeropad2d_cl<array,array<ap_fixed<16,6,5,3,0>,8u>,config35>_Pipeline_PadMain, i128 %layer35_out, i128 %layer29_cpy1"   --->   Operation 11 'call' 'call_ln0' <Predicate = true> <Delay = 0.00> <CoreType = "Generic">   --->   Generic Core

State 4 <SV = 3> <Delay = 2.19>
ST_4 : Operation 12 [1/2] (2.19ns)   --->   "%call_ln0 = call void @zeropad2d_cl<array,array<ap_fixed<16,6,5,3,0>,8u>,config35>_Pipeline_PadMain, i128 %layer35_out, i128 %layer29_cpy1"   --->   Operation 12 'call' 'call_ln0' <Predicate = true> <Delay = 2.19> <CoreType = "Generic">   --->   Generic Core

State 5 <SV = 4> <Delay = 0.00>
ST_5 : Operation 13 [1/1] (0.00ns)   --->   "%fence_ln77 = fence void @_ssdm_op_Fence, i128 %layer35_out, i128 %layer29_cpy1, i32 4294967295, i128 %layer35_out, i32 0" [firmware/nnet_utils/nnet_padding_stream.h:77]   --->   Operation 13 'fence' 'fence_ln77' <Predicate = true> <Delay = 0.00>
ST_5 : Operation 14 [1/1] (0.00ns)   --->   "%fence_ln77 = fence void @_ssdm_op_Fence, i128 %layer35_out, i128 %layer29_cpy1, i32 4294967295, i128 %layer35_out, i32 0" [firmware/nnet_utils/nnet_padding_stream.h:77]   --->   Operation 14 'fence' 'fence_ln77' <Predicate = true> <Delay = 0.00>
ST_5 : Operation 15 [2/2] (0.00ns)   --->   "%call_ln0 = call void @zeropad2d_cl<array,array<ap_fixed,8u>,config35>_Pipeline_PadBottomWidth, i128 %layer35_out"   --->   Operation 15 'call' 'call_ln0' <Predicate = true> <Delay = 0.00> <CoreType = "Generic">   --->   Generic Core

State 6 <SV = 5> <Delay = 2.19>
ST_6 : Operation 16 [1/1] (0.00ns)   --->   "%specinterface_ln0 = specinterface void @_ssdm_op_SpecInterface, i128 %layer35_out, void @empty_2, i32 0, i32 0, void @empty_1, i32 0, i32 0, void @empty_1, void @empty_1, void @empty_1, i32 0, i32 0, i32 0, i32 0, void @empty_1, void @empty_1, i32 4294967295, i32 0, i32 0, i32 0"   --->   Operation 16 'specinterface' 'specinterface_ln0' <Predicate = true> <Delay = 0.00>
ST_6 : Operation 17 [1/1] (0.00ns)   --->   "%specinterface_ln0 = specinterface void @_ssdm_op_SpecInterface, i128 %layer29_cpy1, void @empty_2, i32 0, i32 0, void @empty_1, i32 0, i32 0, void @empty_1, void @empty_1, void @empty_1, i32 0, i32 0, i32 0, i32 0, void @empty_1, void @empty_1, i32 4294967295, i32 0, i32 0, i32 0"   --->   Operation 17 'specinterface' 'specinterface_ln0' <Predicate = true> <Delay = 0.00>
ST_6 : Operation 18 [1/2] (2.19ns)   --->   "%call_ln0 = call void @zeropad2d_cl<array,array<ap_fixed,8u>,config35>_Pipeline_PadBottomWidth, i128 %layer35_out"   --->   Operation 18 'call' 'call_ln0' <Predicate = true> <Delay = 2.19> <CoreType = "Generic">   --->   Generic Core
ST_6 : Operation 19 [1/1] (0.00ns)   --->   "%ret_ln81 = ret" [firmware/nnet_utils/nnet_padding_stream.h:81]   --->   Operation 19 'ret' 'ret_ln81' <Predicate = true> <Delay = 0.00>


============================================================
+ Verbose Summary: Binding
============================================================
STG Binding: 
---------------- STG Properties BEGIN ----------------
- Is combinational: 0
- Is one-state seq: 0
- Is datapath-only: 0
- Is pipelined: 0
- Is top level: 0
Port [ Return ] is wired: 1; IO mode=ap_ctrl_hs:ce=0
Port [ layer29_cpy1]:  wired=1; compound=1; hidden=0; nouse=0; global=0; static=0; extern=0; dir=0; type=3; pingpong=0; private_global=0; IO mode=ap_fifo:ce=0
Port [ layer35_out]:  wired=1; compound=1; hidden=0; nouse=0; global=0; static=0; extern=0; dir=1; type=3; pingpong=0; private_global=0; IO mode=ap_fifo:ce=0
---------------- STG Properties END ------------------

---------------- Datapath Model BEGIN ----------------

<LifeTime>
<method=bitvector/>
call_ln0          (call         ) [ 0000000]
fence_ln59        (fence        ) [ 0000000]
fence_ln59        (fence        ) [ 0000000]
call_ln0          (call         ) [ 0000000]
fence_ln77        (fence        ) [ 0000000]
fence_ln77        (fence        ) [ 0000000]
specinterface_ln0 (specinterface) [ 0000000]
specinterface_ln0 (specinterface) [ 0000000]
call_ln0          (call         ) [ 0000000]
ret_ln81          (ret          ) [ 0000000]
</LifeTime>

<model>

<comp_list>
<comp id="0" class="1000" name="layer29_cpy1">
<pin_list>
<pin id="1" dir="1" index="0" bw="1" slack="0"/>
</pin_list>
<bind>
<StgValue><ssdm name="layer29_cpy1"/></StgValue>
</bind>
</comp>

<comp id="2" class="1000" name="layer35_out">
<pin_list>
<pin id="3" dir="1" index="0" bw="1" slack="0"/>
</pin_list>
<bind>
<StgValue><ssdm name="layer35_out"/></StgValue>
</bind>
</comp>

<comp id="4" class="1001" name="const_4">
<pin_list>
<pin id="5" dir="1" index="0" bw="1" slack="0"/>
</pin_list>
<bind>
<StgValue><ssdm name="zeropad2d_cl<array,array<ap_fixed<16,6,5,3,0>,8u>,config35>_Pipeline_PadTopWidth"/></StgValue>
</bind>
</comp>

<comp id="6" class="1001" name="const_6">
<pin_list>
<pin id="7" dir="1" index="0" bw="1" slack="0"/>
</pin_list>
<bind>
<StgValue><ssdm name="_ssdm_op_Fence"/></StgValue>
</bind>
</comp>

<comp id="8" class="1001" name="const_8">
<pin_list>
<pin id="9" dir="1" index="0" bw="1" slack="0"/>
</pin_list>
<bind>
<StgValue><ssdm name=""/></StgValue>
</bind>
</comp>

<comp id="10" class="1001" name="const_10">
<pin_list>
<pin id="11" dir="1" index="0" bw="1" slack="0"/>
</pin_list>
<bind>
<StgValue><ssdm name=""/></StgValue>
</bind>
</comp>

<comp id="12" class="1001" name="const_12">
<pin_list>
<pin id="13" dir="1" index="0" bw="1" slack="0"/>
</pin_list>
<bind>
<StgValue><ssdm name="zeropad2d_cl<array,array<ap_fixed<16,6,5,3,0>,8u>,config35>_Pipeline_PadMain"/></StgValue>
</bind>
</comp>

<comp id="14" class="1001" name="const_14">
<pin_list>
<pin id="15" dir="1" index="0" bw="1" slack="0"/>
</pin_list>
<bind>
<StgValue><ssdm name="zeropad2d_cl<array,array<ap_fixed,8u>,config35>_Pipeline_PadBottomWidth"/></StgValue>
</bind>
</comp>

<comp id="16" class="1001" name="const_16">
<pin_list>
<pin id="17" dir="1" index="0" bw="1" slack="2147483647"/>
</pin_list>
<bind>
<StgValue><ssdm name="_ssdm_op_SpecInterface"/></StgValue>
</bind>
</comp>

<comp id="18" class="1001" name="const_18">
<pin_list>
<pin id="19" dir="1" index="0" bw="1" slack="2147483647"/>
</pin_list>
<bind>
<StgValue><ssdm name="empty_2"/></StgValue>
</bind>
</comp>

<comp id="20" class="1001" name="const_20">
<pin_list>
<pin id="21" dir="1" index="0" bw="1" slack="2147483647"/>
</pin_list>
<bind>
<StgValue><ssdm name="empty_1"/></StgValue>
</bind>
</comp>

<comp id="22" class="1004" name="grp_zeropad2d_cl_array_array_ap_fixed_16_6_5_3_0_8u_config35_Pipeline_PadTopWidth_fu_22">
<pin_list>
<pin id="23" dir="0" index="0" bw="0" slack="0"/>
<pin id="24" dir="0" index="1" bw="128" slack="0"/>
<pin id="25" dir="1" index="2" bw="0" slack="2147483647"/>
</pin_list>
<bind>
<opcode="call(48) " fcode="call"/>
<opset="call_ln0/1 "/>
</bind>
</comp>

<comp id="28" class="1004" name="grp_zeropad2d_cl_array_array_ap_fixed_16_6_5_3_0_8u_config35_Pipeline_PadMain_fu_28">
<pin_list>
<pin id="29" dir="0" index="0" bw="0" slack="0"/>
<pin id="30" dir="0" index="1" bw="128" slack="0"/>
<pin id="31" dir="0" index="2" bw="128" slack="0"/>
<pin id="32" dir="1" index="3" bw="0" slack="2147483647"/>
</pin_list>
<bind>
<opcode="call(48) " fcode="call"/>
<opset="call_ln0/3 "/>
</bind>
</comp>

<comp id="36" class="1004" name="grp_zeropad2d_cl_array_array_ap_fixed_8u_config35_Pipeline_PadBottomWidth_fu_36">
<pin_list>
<pin id="37" dir="0" index="0" bw="0" slack="0"/>
<pin id="38" dir="0" index="1" bw="128" slack="0"/>
<pin id="39" dir="1" index="2" bw="0" slack="2147483647"/>
</pin_list>
<bind>
<opcode="call(48) " fcode="call"/>
<opset="call_ln0/5 "/>
</bind>
</comp>

<comp id="42" class="1004" name="fence_ln59_fu_42">
<pin_list>
<pin id="43" dir="0" index="0" bw="0" slack="0"/>
<pin id="44" dir="0" index="1" bw="128" slack="0"/>
<pin id="45" dir="0" index="2" bw="1" slack="0"/>
<pin id="46" dir="0" index="3" bw="128" slack="0"/>
<pin id="47" dir="0" index="4" bw="128" slack="0"/>
<pin id="48" dir="0" index="5" bw="1" slack="0"/>
<pin id="49" dir="1" index="6" bw="0" slack="2147483647"/>
</pin_list>
<bind>
<opcode="fence(30) " fcode="fence"/>
<opset="fence_ln59/3 "/>
</bind>
</comp>

<comp id="56" class="1004" name="fence_ln59_fu_56">
<pin_list>
<pin id="57" dir="0" index="0" bw="0" slack="0"/>
<pin id="58" dir="0" index="1" bw="128" slack="0"/>
<pin id="59" dir="0" index="2" bw="1" slack="0"/>
<pin id="60" dir="0" index="3" bw="128" slack="0"/>
<pin id="61" dir="0" index="4" bw="128" slack="0"/>
<pin id="62" dir="0" index="5" bw="1" slack="0"/>
<pin id="63" dir="1" index="6" bw="0" slack="2147483647"/>
</pin_list>
<bind>
<opcode="fence(30) " fcode="fence"/>
<opset="fence_ln59/3 "/>
</bind>
</comp>

<comp id="70" class="1004" name="fence_ln77_fu_70">
<pin_list>
<pin id="71" dir="0" index="0" bw="0" slack="0"/>
<pin id="72" dir="0" index="1" bw="128" slack="0"/>
<pin id="73" dir="0" index="2" bw="128" slack="0"/>
<pin id="74" dir="0" index="3" bw="1" slack="0"/>
<pin id="75" dir="0" index="4" bw="128" slack="0"/>
<pin id="76" dir="0" index="5" bw="1" slack="0"/>
<pin id="77" dir="1" index="6" bw="0" slack="2147483647"/>
</pin_list>
<bind>
<opcode="fence(30) " fcode="fence"/>
<opset="fence_ln77/5 "/>
</bind>
</comp>

<comp id="84" class="1004" name="fence_ln77_fu_84">
<pin_list>
<pin id="85" dir="0" index="0" bw="0" slack="0"/>
<pin id="86" dir="0" index="1" bw="128" slack="0"/>
<pin id="87" dir="0" index="2" bw="128" slack="0"/>
<pin id="88" dir="0" index="3" bw="1" slack="0"/>
<pin id="89" dir="0" index="4" bw="128" slack="0"/>
<pin id="90" dir="0" index="5" bw="1" slack="0"/>
<pin id="91" dir="1" index="6" bw="0" slack="2147483647"/>
</pin_list>
<bind>
<opcode="fence(30) " fcode="fence"/>
<opset="fence_ln77/5 "/>
</bind>
</comp>

</comp_list>

<net_list>
<net id="26"><net_src comp="4" pin="0"/><net_sink comp="22" pin=0"/></net>

<net id="27"><net_src comp="2" pin="0"/><net_sink comp="22" pin=1"/></net>

<net id="33"><net_src comp="12" pin="0"/><net_sink comp="28" pin=0"/></net>

<net id="34"><net_src comp="2" pin="0"/><net_sink comp="28" pin=1"/></net>

<net id="35"><net_src comp="0" pin="0"/><net_sink comp="28" pin=2"/></net>

<net id="40"><net_src comp="14" pin="0"/><net_sink comp="36" pin=0"/></net>

<net id="41"><net_src comp="2" pin="0"/><net_sink comp="36" pin=1"/></net>

<net id="50"><net_src comp="6" pin="0"/><net_sink comp="42" pin=0"/></net>

<net id="51"><net_src comp="2" pin="0"/><net_sink comp="42" pin=1"/></net>

<net id="52"><net_src comp="8" pin="0"/><net_sink comp="42" pin=2"/></net>

<net id="53"><net_src comp="2" pin="0"/><net_sink comp="42" pin=3"/></net>

<net id="54"><net_src comp="0" pin="0"/><net_sink comp="42" pin=4"/></net>

<net id="55"><net_src comp="10" pin="0"/><net_sink comp="42" pin=5"/></net>

<net id="64"><net_src comp="6" pin="0"/><net_sink comp="56" pin=0"/></net>

<net id="65"><net_src comp="2" pin="0"/><net_sink comp="56" pin=1"/></net>

<net id="66"><net_src comp="8" pin="0"/><net_sink comp="56" pin=2"/></net>

<net id="67"><net_src comp="2" pin="0"/><net_sink comp="56" pin=3"/></net>

<net id="68"><net_src comp="0" pin="0"/><net_sink comp="56" pin=4"/></net>

<net id="69"><net_src comp="10" pin="0"/><net_sink comp="56" pin=5"/></net>

<net id="78"><net_src comp="6" pin="0"/><net_sink comp="70" pin=0"/></net>

<net id="79"><net_src comp="2" pin="0"/><net_sink comp="70" pin=1"/></net>

<net id="80"><net_src comp="0" pin="0"/><net_sink comp="70" pin=2"/></net>

<net id="81"><net_src comp="8" pin="0"/><net_sink comp="70" pin=3"/></net>

<net id="82"><net_src comp="2" pin="0"/><net_sink comp="70" pin=4"/></net>

<net id="83"><net_src comp="10" pin="0"/><net_sink comp="70" pin=5"/></net>

<net id="92"><net_src comp="6" pin="0"/><net_sink comp="84" pin=0"/></net>

<net id="93"><net_src comp="2" pin="0"/><net_sink comp="84" pin=1"/></net>

<net id="94"><net_src comp="0" pin="0"/><net_sink comp="84" pin=2"/></net>

<net id="95"><net_src comp="8" pin="0"/><net_sink comp="84" pin=3"/></net>

<net id="96"><net_src comp="2" pin="0"/><net_sink comp="84" pin=4"/></net>

<net id="97"><net_src comp="10" pin="0"/><net_sink comp="84" pin=5"/></net>

</net_list>

</model> 
---------------- Datapath Model END ------------------

* FSMD analyzer results:
  - Output states:
	Port: layer35_out | {1 2 3 4 5 6 }
 - Input state : 
	Port: zeropad2d_cl<array<ap_fixed,8u>,array<ap_fixed<16,6,5,3,0>,8u>,config35> : layer29_cpy1 | {3 4 }
  - Chain level:
	State 1
	State 2
	State 3
	State 4
	State 5
	State 6


============================================================
+ Verbose Summary: Datapath Resource usage 
============================================================

* Functional unit list:
|----------|-----------------------------------------------------------------------------------------|---------|---------|---------|
| Operation|                                     Functional Unit                                     |  Delay  |    FF   |   LUT   |
|----------|-----------------------------------------------------------------------------------------|---------|---------|---------|
|          | grp_zeropad2d_cl_array_array_ap_fixed_16_6_5_3_0_8u_config35_Pipeline_PadTopWidth_fu_22 |    0    |    6    |    26   |
|   call   |   grp_zeropad2d_cl_array_array_ap_fixed_16_6_5_3_0_8u_config35_Pipeline_PadMain_fu_28   |  0.538  |   135   |    35   |
|          |     grp_zeropad2d_cl_array_array_ap_fixed_8u_config35_Pipeline_PadBottomWidth_fu_36     |    0    |    6    |    26   |
|----------|-----------------------------------------------------------------------------------------|---------|---------|---------|
|          |                                     fence_ln59_fu_42                                    |    0    |    0    |    0    |
|   fence  |                                     fence_ln59_fu_56                                    |    0    |    0    |    0    |
|          |                                     fence_ln77_fu_70                                    |    0    |    0    |    0    |
|          |                                     fence_ln77_fu_84                                    |    0    |    0    |    0    |
|----------|-----------------------------------------------------------------------------------------|---------|---------|---------|
|   Total  |                                                                                         |  0.538  |   147   |    87   |
|----------|-----------------------------------------------------------------------------------------|---------|---------|---------|

Memories:
N/A

* Register list:
N/A

* Multiplexer (MUX) list: 
|--------|------|------|------|--------|
|  Comp  |  Pin | Size |  BW  | S x BW |
|--------|------|------|------|--------|
|  Total |      |      |      |    0   |
|--------|------|------|------|--------|



* Summary:
+-----------+--------+--------+--------+
|           |  Delay |   FF   |   LUT  |
+-----------+--------+--------+--------+
|  Function |    0   |   147  |   87   |
|   Memory  |    -   |    -   |    -   |
|Multiplexer|    -   |    -   |    -   |
|  Register |    -   |    -   |    -   |
+-----------+--------+--------+--------+
|   Total   |    0   |   147  |   87   |
+-----------+--------+--------+--------+
