

================================================================
== Vitis HLS Report for 'zeropad2d_cl_array_ap_fixed_4u_array_ap_fixed_16_6_5_3_0_4u_config32_s'
================================================================
* Date:           Thu Apr 23 22:46:30 2026

* Version:        2025.2 (Build 6295257 on Nov 14 2025)
* Project:        folo_prj
* Solution:       solution1 (Vivado IP Flow Target)
* Product family: kintexu
* Target device:  xcku035-fbva676-2-e


================================================================
== Performance Estimates
================================================================
+ Timing: 
    * Summary: 
    +--------+---------+----------+------------+
    |  Clock |  Target | Estimated| Uncertainty|
    +--------+---------+----------+------------+
    |ap_clk  |  5.00 ns|  3.650 ns|     1.35 ns|
    +--------+---------+----------+------------+

+ Latency: 
    * Summary: 
    +---------+---------+-----------+-----------+-------+-------+---------+
    |  Latency (cycles) |   Latency (absolute)  |    Interval   | Pipeline|
    |   min   |   max   |    min    |    max    |  min  |  max  |   Type  |
    +---------+---------+-----------+-----------+-------+-------+---------+
    |    17157|    17157|  85.785 us|  85.785 us|  17157|  17157|       no|
    +---------+---------+-----------+-----------+-------+-------+---------+

    + Detail: 
        * Instance: 
        +--------------------------------------------------------------------------------------+----------------------------------------------------------------------------+---------+---------+----------+----------+-----+-----+-------------------+
        |                                                                                      |                                                                            |  Latency (cycles) |  Latency (absolute) |  Interval |      Pipeline     |
        |                                       Instance                                       |                                   Module                                   |   min   |   max   |    min   |    max   | min | max |        Type       |
        +--------------------------------------------------------------------------------------+----------------------------------------------------------------------------+---------+---------+----------+----------+-----+-----+-------------------+
        |grp_zeropad2d_cl_array_array_ap_fixed_16_6_5_3_0_4u_config32_Pipeline_CopyMain_fu_52  |zeropad2d_cl_array_array_ap_fixed_16_6_5_3_0_4u_config32_Pipeline_CopyMain  |      130|      130|  0.650 us|  0.650 us|    0|    0|  loop pipeline stp|
        |grp_zeropad2d_cl_array_array_ap_fixed_4u_config32_Pipeline_PadBottomWidth_fu_60       |zeropad2d_cl_array_array_ap_fixed_4u_config32_Pipeline_PadBottomWidth       |      131|      131|  0.655 us|  0.655 us|    0|    0|  loop pipeline stp|
        +--------------------------------------------------------------------------------------+----------------------------------------------------------------------------+---------+---------+----------+----------+-----+-----+-------------------+

        * Loop: 
        +-----------+---------+---------+----------+-----------+-----------+------+----------+
        |           |  Latency (cycles) | Iteration|  Initiation Interval  | Trip |          |
        | Loop Name |   min   |   max   |  Latency |  achieved |   target  | Count| Pipelined|
        +-----------+---------+---------+----------+-----------+-----------+------+----------+
        |- PadMain  |    17024|    17024|       133|          -|          -|   128|        no|
        +-----------+---------+---------+----------+-----------+-----------+------+----------+

============================================================
+ Verbose Summary: Synthesis Manager
============================================================
InlineROM: 1
ExposeGlobal: 0
============================================================
+ Verbose Summary: CDFG Model
============================================================
IsTopModel: 0
ResetActiveHigh: 1
IsCombinational: 2
IsDatapathOnly: 0
HasWiredReturn: 1
HasMFsm: 0
HasVarLatency: 1
IsPipeline: 0
IsRtlPipelined: 0
IsInstanceOverlapped: 0
IsDontTouch: 0
HasImplIP: 0
IsGatedGlobalClock: 0


============================================================
+ Verbose Summary: Schedule
============================================================
* Number of FSM states : 5
* Pipeline : 0
* Dataflow Pipeline: 0

* FSM state transitions: 
1 --> 2 
2 --> 3 5 
3 --> 4 
4 --> 2 
5 --> 

* FSM state operations: 

State 1 <SV = 0> <Delay = 0.53>
ST_1 : Operation 6 [1/1] (0.00ns)   --->   "%i = alloca i32 1" [firmware/nnet_utils/nnet_padding_stream.h:59]   --->   Operation 6 'alloca' 'i' <Predicate = true> <Delay = 0.00>
ST_1 : Operation 7 [1/1] (0.00ns)   --->   "%specinterface_ln0 = specinterface void @_ssdm_op_SpecInterface, i64 %layer32_out, void @empty_2, i32 0, i32 0, void @empty_1, i32 0, i32 0, void @empty_1, void @empty_1, void @empty_1, i32 0, i32 0, i32 0, i32 0, void @empty_1, void @empty_1, i32 4294967295, i32 0, i32 0, i32 0"   --->   Operation 7 'specinterface' 'specinterface_ln0' <Predicate = true> <Delay = 0.00>
ST_1 : Operation 8 [1/1] (0.00ns)   --->   "%specinterface_ln0 = specinterface void @_ssdm_op_SpecInterface, i64 %layer8_out, void @empty_2, i32 0, i32 0, void @empty_1, i32 0, i32 0, void @empty_1, void @empty_1, void @empty_1, i32 0, i32 0, i32 0, i32 0, void @empty_1, void @empty_1, i32 4294967295, i32 0, i32 0, i32 0"   --->   Operation 8 'specinterface' 'specinterface_ln0' <Predicate = true> <Delay = 0.00>
ST_1 : Operation 9 [1/1] (0.53ns)   --->   "%store_ln59 = store i8 0, i8 %i" [firmware/nnet_utils/nnet_padding_stream.h:59]   --->   Operation 9 'store' 'store_ln59' <Predicate = true> <Delay = 0.53>
ST_1 : Operation 10 [1/1] (0.00ns)   --->   "%br_ln59 = br void %CopyMain" [firmware/nnet_utils/nnet_padding_stream.h:59]   --->   Operation 10 'br' 'br_ln59' <Predicate = true> <Delay = 0.00>

State 2 <SV = 1> <Delay = 1.82>
ST_2 : Operation 11 [1/1] (0.00ns)   --->   "%i_1 = load i8 %i" [firmware/nnet_utils/nnet_padding_stream.h:59]   --->   Operation 11 'load' 'i_1' <Predicate = true> <Delay = 0.00>
ST_2 : Operation 12 [1/1] (1.28ns)   --->   "%icmp_ln59 = icmp_eq  i8 %i_1, i8 128" [firmware/nnet_utils/nnet_padding_stream.h:59]   --->   Operation 12 'icmp' 'icmp_ln59' <Predicate = true> <Delay = 1.28> <CoreInst = "Cmp">   --->   Core 9 'Cmp' <Latency = 0> <II = 1> <Delay = 1.28> <FuncUnit> <Opcode : 'seteq' 'setne' 'setle' 'setge' 'setlt' 'setgt'> <InPorts = 2> <OutPorts = 1>
ST_2 : Operation 13 [1/1] (1.28ns)   --->   "%i_2 = add i8 %i_1, i8 1" [firmware/nnet_utils/nnet_padding_stream.h:59]   --->   Operation 13 'add' 'i_2' <Predicate = true> <Delay = 1.28> <CoreInst = "Adder">   --->   Core 1 'Adder' <Latency = 0> <II = 1> <Delay = 1.28> <FuncUnit> <Opcode : 'add' 'sub'> <InPorts = 2> <OutPorts = 1>
ST_2 : Operation 14 [1/1] (0.00ns)   --->   "%br_ln59 = br i1 %icmp_ln59, void %CopyMain.split, void %for.inc50.preheader" [firmware/nnet_utils/nnet_padding_stream.h:59]   --->   Operation 14 'br' 'br_ln59' <Predicate = true> <Delay = 0.00>
ST_2 : Operation 15 [2/2] (0.00ns)   --->   "%call_ln0 = call void @zeropad2d_cl<array,array<ap_fixed<16,6,5,3,0>,4u>,config32>_Pipeline_CopyMain, i64 %layer8_out, i64 %layer32_out"   --->   Operation 15 'call' 'call_ln0' <Predicate = (!icmp_ln59)> <Delay = 0.00> <CoreType = "Generic">   --->   Generic Core
ST_2 : Operation 16 [1/1] (0.53ns)   --->   "%store_ln59 = store i8 %i_2, i8 %i" [firmware/nnet_utils/nnet_padding_stream.h:59]   --->   Operation 16 'store' 'store_ln59' <Predicate = (!icmp_ln59)> <Delay = 0.53>
ST_2 : Operation 17 [1/1] (0.00ns)   --->   "%fence_ln77 = fence void @_ssdm_op_Fence, i64 %layer8_out, i64 %layer32_out, i32 4294967295, i64 %layer32_out, i32 0" [firmware/nnet_utils/nnet_padding_stream.h:77]   --->   Operation 17 'fence' 'fence_ln77' <Predicate = (icmp_ln59)> <Delay = 0.00>
ST_2 : Operation 18 [2/2] (0.00ns)   --->   "%call_ln0 = call void @zeropad2d_cl<array,array<ap_fixed,4u>,config32>_Pipeline_PadBottomWidth, i64 %layer32_out"   --->   Operation 18 'call' 'call_ln0' <Predicate = (icmp_ln59)> <Delay = 0.00> <CoreType = "Generic">   --->   Generic Core

State 3 <SV = 2> <Delay = 2.36>
ST_3 : Operation 19 [1/2] (2.36ns)   --->   "%call_ln0 = call void @zeropad2d_cl<array,array<ap_fixed<16,6,5,3,0>,4u>,config32>_Pipeline_CopyMain, i64 %layer8_out, i64 %layer32_out"   --->   Operation 19 'call' 'call_ln0' <Predicate = true> <Delay = 2.36> <CoreType = "Generic">   --->   Generic Core

State 4 <SV = 3> <Delay = 1.82>
ST_4 : Operation 20 [1/1] (0.00ns)   --->   "%speclooptripcount_ln59 = speclooptripcount void @_ssdm_op_SpecLoopTripCount, i64 128, i64 128, i64 128" [firmware/nnet_utils/nnet_padding_stream.h:59]   --->   Operation 20 'speclooptripcount' 'speclooptripcount_ln59' <Predicate = true> <Delay = 0.00>
ST_4 : Operation 21 [1/1] (0.00ns)   --->   "%specloopname_ln59 = specloopname void @_ssdm_op_SpecLoopName, void @empty_14" [firmware/nnet_utils/nnet_padding_stream.h:59]   --->   Operation 21 'specloopname' 'specloopname_ln59' <Predicate = true> <Delay = 0.00>
ST_4 : Operation 22 [1/1] (0.00ns)   --->   "%fence_ln8 = fence void @_ssdm_op_Fence, i64 %layer8_out, i64 %layer32_out, i32 4294967295, i64 %layer32_out, i32 0" [firmware/nnet_utils/nnet_padding_stream.h:8->firmware/nnet_utils/nnet_padding_stream.h:70]   --->   Operation 22 'fence' 'fence_ln8' <Predicate = true> <Delay = 0.00>
ST_4 : Operation 23 [1/1] ( I:1.82ns O:1.82ns )   --->   "%write_ln15 = write void @_ssdm_op_Write.ap_fifo.volatile.i64P0A, i64 %layer32_out, i64 0" [firmware/nnet_utils/nnet_padding_stream.h:15->firmware/nnet_utils/nnet_padding_stream.h:70]   --->   Operation 23 'write' 'write_ln15' <Predicate = true> <Delay = 1.82> <CoreInst = "FIFO">   --->   Core 77 'FIFO' <Latency = 0> <II = 1> <Delay = 2.24> <Storage> <Opcode : 'read' 'write' 'nbread' 'nbwrite'> <Ports = 0> <Width = 64> <Depth = 131> <FIFO>
ST_4 : Operation 24 [1/1] (0.00ns)   --->   "%br_ln59 = br void %CopyMain" [firmware/nnet_utils/nnet_padding_stream.h:59]   --->   Operation 24 'br' 'br_ln59' <Predicate = true> <Delay = 0.00>

State 5 <SV = 2> <Delay = 2.36>
ST_5 : Operation 25 [1/2] (2.36ns)   --->   "%call_ln0 = call void @zeropad2d_cl<array,array<ap_fixed,4u>,config32>_Pipeline_PadBottomWidth, i64 %layer32_out"   --->   Operation 25 'call' 'call_ln0' <Predicate = true> <Delay = 2.36> <CoreType = "Generic">   --->   Generic Core
ST_5 : Operation 26 [1/1] (0.00ns)   --->   "%ret_ln81 = ret" [firmware/nnet_utils/nnet_padding_stream.h:81]   --->   Operation 26 'ret' 'ret_ln81' <Predicate = true> <Delay = 0.00>


============================================================
+ Verbose Summary: Binding
============================================================
STG Binding: 
---------------- STG Properties BEGIN ----------------
- Is combinational: 0
- Is one-state seq: 0
- Is datapath-only: 0
- Is pipelined: 0
- Is top level: 0
Port [ Return ] is wired: 1; IO mode=ap_ctrl_hs:ce=0
Port [ layer8_out]:  wired=1; compound=1; hidden=0; nouse=0; global=0; static=0; extern=0; dir=0; type=3; pingpong=0; private_global=0; IO mode=ap_fifo:ce=0
Port [ layer32_out]:  wired=1; compound=1; hidden=0; nouse=0; global=0; static=0; extern=0; dir=1; type=3; pingpong=0; private_global=0; IO mode=ap_fifo:ce=0
---------------- STG Properties END ------------------

---------------- Datapath Model BEGIN ----------------

<LifeTime>
<method=bitvector/>
i                      (alloca           ) [ 011110]
specinterface_ln0      (specinterface    ) [ 000000]
specinterface_ln0      (specinterface    ) [ 000000]
store_ln59             (store            ) [ 000000]
br_ln59                (br               ) [ 000000]
i_1                    (load             ) [ 000000]
icmp_ln59              (icmp             ) [ 001110]
i_2                    (add              ) [ 000000]
br_ln59                (br               ) [ 000000]
store_ln59             (store            ) [ 000000]
fence_ln77             (fence            ) [ 000000]
call_ln0               (call             ) [ 000000]
speclooptripcount_ln59 (speclooptripcount) [ 000000]
specloopname_ln59      (specloopname     ) [ 000000]
fence_ln8              (fence            ) [ 000000]
write_ln15             (write            ) [ 000000]
br_ln59                (br               ) [ 000000]
call_ln0               (call             ) [ 000000]
ret_ln81               (ret              ) [ 000000]
</LifeTime>

<model>

<comp_list>
<comp id="0" class="1000" name="layer8_out">
<pin_list>
<pin id="1" dir="1" index="0" bw="1" slack="0"/>
</pin_list>
<bind>
<StgValue><ssdm name="layer8_out"/></StgValue>
</bind>
</comp>

<comp id="2" class="1000" name="layer32_out">
<pin_list>
<pin id="3" dir="1" index="0" bw="1" slack="0"/>
</pin_list>
<bind>
<StgValue><ssdm name="layer32_out"/></StgValue>
</bind>
</comp>

<comp id="4" class="1001" name="const_4">
<pin_list>
<pin id="5" dir="1" index="0" bw="1" slack="0"/>
</pin_list>
<bind>
<StgValue><ssdm name=""/></StgValue>
</bind>
</comp>

<comp id="6" class="1001" name="const_6">
<pin_list>
<pin id="7" dir="1" index="0" bw="1" slack="2147483647"/>
</pin_list>
<bind>
<StgValue><ssdm name="_ssdm_op_SpecInterface"/></StgValue>
</bind>
</comp>

<comp id="8" class="1001" name="const_8">
<pin_list>
<pin id="9" dir="1" index="0" bw="1" slack="2147483647"/>
</pin_list>
<bind>
<StgValue><ssdm name="empty_2"/></StgValue>
</bind>
</comp>

<comp id="10" class="1001" name="const_10">
<pin_list>
<pin id="11" dir="1" index="0" bw="1" slack="0"/>
</pin_list>
<bind>
<StgValue><ssdm name=""/></StgValue>
</bind>
</comp>

<comp id="12" class="1001" name="const_12">
<pin_list>
<pin id="13" dir="1" index="0" bw="1" slack="2147483647"/>
</pin_list>
<bind>
<StgValue><ssdm name="empty_1"/></StgValue>
</bind>
</comp>

<comp id="14" class="1001" name="const_14">
<pin_list>
<pin id="15" dir="1" index="0" bw="1" slack="0"/>
</pin_list>
<bind>
<StgValue><ssdm name=""/></StgValue>
</bind>
</comp>

<comp id="16" class="1001" name="const_16">
<pin_list>
<pin id="17" dir="1" index="0" bw="1" slack="0"/>
</pin_list>
<bind>
<StgValue><ssdm name=""/></StgValue>
</bind>
</comp>

<comp id="18" class="1001" name="const_18">
<pin_list>
<pin id="19" dir="1" index="0" bw="1" slack="0"/>
</pin_list>
<bind>
<StgValue><ssdm name=""/></StgValue>
</bind>
</comp>

<comp id="20" class="1001" name="const_20">
<pin_list>
<pin id="21" dir="1" index="0" bw="1" slack="0"/>
</pin_list>
<bind>
<StgValue><ssdm name=""/></StgValue>
</bind>
</comp>

<comp id="22" class="1001" name="const_22">
<pin_list>
<pin id="23" dir="1" index="0" bw="1" slack="0"/>
</pin_list>
<bind>
<StgValue><ssdm name="zeropad2d_cl<array,array<ap_fixed<16,6,5,3,0>,4u>,config32>_Pipeline_CopyMain"/></StgValue>
</bind>
</comp>

<comp id="24" class="1001" name="const_24">
<pin_list>
<pin id="25" dir="1" index="0" bw="1" slack="0"/>
</pin_list>
<bind>
<StgValue><ssdm name="_ssdm_op_Fence"/></StgValue>
</bind>
</comp>

<comp id="26" class="1001" name="const_26">
<pin_list>
<pin id="27" dir="1" index="0" bw="1" slack="0"/>
</pin_list>
<bind>
<StgValue><ssdm name="zeropad2d_cl<array,array<ap_fixed,4u>,config32>_Pipeline_PadBottomWidth"/></StgValue>
</bind>
</comp>

<comp id="28" class="1001" name="const_28">
<pin_list>
<pin id="29" dir="1" index="0" bw="1" slack="2147483647"/>
</pin_list>
<bind>
<StgValue><ssdm name="_ssdm_op_SpecLoopTripCount"/></StgValue>
</bind>
</comp>

<comp id="30" class="1001" name="const_30">
<pin_list>
<pin id="31" dir="1" index="0" bw="1" slack="2147483647"/>
</pin_list>
<bind>
<StgValue><ssdm name=""/></StgValue>
</bind>
</comp>

<comp id="32" class="1001" name="const_32">
<pin_list>
<pin id="33" dir="1" index="0" bw="1" slack="2147483647"/>
</pin_list>
<bind>
<StgValue><ssdm name="_ssdm_op_SpecLoopName"/></StgValue>
</bind>
</comp>

<comp id="34" class="1001" name="const_34">
<pin_list>
<pin id="35" dir="1" index="0" bw="1" slack="2147483647"/>
</pin_list>
<bind>
<StgValue><ssdm name="empty_14"/></StgValue>
</bind>
</comp>

<comp id="36" class="1001" name="const_36">
<pin_list>
<pin id="37" dir="1" index="0" bw="1" slack="0"/>
</pin_list>
<bind>
<StgValue><ssdm name="_ssdm_op_Write.ap_fifo.volatile.i64P0A"/></StgValue>
</bind>
</comp>

<comp id="38" class="1001" name="const_38">
<pin_list>
<pin id="39" dir="1" index="0" bw="1" slack="0"/>
</pin_list>
<bind>
<StgValue><ssdm name=""/></StgValue>
</bind>
</comp>

<comp id="40" class="1004" name="i_fu_40">
<pin_list>
<pin id="41" dir="0" index="0" bw="1" slack="0"/>
<pin id="42" dir="1" index="1" bw="8" slack="0"/>
</pin_list>
<bind>
<opcode="alloca(26) " fcode="alloca"/>
<opset="i/1 "/>
</bind>
</comp>

<comp id="44" class="1004" name="write_ln15_write_fu_44">
<pin_list>
<pin id="45" dir="0" index="0" bw="0" slack="0"/>
<pin id="46" dir="0" index="1" bw="64" slack="0"/>
<pin id="47" dir="0" index="2" bw="1" slack="0"/>
<pin id="48" dir="1" index="3" bw="0" slack="2147483647"/>
</pin_list>
<bind>
<opcode="write(1151) " fcode="write"/>
<opset="write_ln15/4 "/>
</bind>
</comp>

<comp id="52" class="1004" name="grp_zeropad2d_cl_array_array_ap_fixed_16_6_5_3_0_4u_config32_Pipeline_CopyMain_fu_52">
<pin_list>
<pin id="53" dir="0" index="0" bw="0" slack="0"/>
<pin id="54" dir="0" index="1" bw="64" slack="0"/>
<pin id="55" dir="0" index="2" bw="64" slack="0"/>
<pin id="56" dir="1" index="3" bw="0" slack="2147483647"/>
</pin_list>
<bind>
<opcode="call(48) " fcode="call"/>
<opset="call_ln0/2 "/>
</bind>
</comp>

<comp id="60" class="1004" name="grp_zeropad2d_cl_array_array_ap_fixed_4u_config32_Pipeline_PadBottomWidth_fu_60">
<pin_list>
<pin id="61" dir="0" index="0" bw="0" slack="0"/>
<pin id="62" dir="0" index="1" bw="64" slack="0"/>
<pin id="63" dir="1" index="2" bw="0" slack="2147483647"/>
</pin_list>
<bind>
<opcode="call(48) " fcode="call"/>
<opset="call_ln0/2 "/>
</bind>
</comp>

<comp id="66" class="1004" name="grp_fu_66">
<pin_list>
<pin id="67" dir="0" index="0" bw="0" slack="0"/>
<pin id="68" dir="0" index="1" bw="64" slack="0"/>
<pin id="69" dir="0" index="2" bw="64" slack="0"/>
<pin id="70" dir="0" index="3" bw="1" slack="0"/>
<pin id="71" dir="0" index="4" bw="64" slack="0"/>
<pin id="72" dir="0" index="5" bw="1" slack="0"/>
<pin id="73" dir="1" index="6" bw="0" slack="2147483647"/>
</pin_list>
<bind>
<opcode="fence(30) " fcode="fence"/>
<opset="fence_ln77/2 fence_ln8/4 "/>
</bind>
</comp>

<comp id="80" class="1004" name="store_ln59_store_fu_80">
<pin_list>
<pin id="81" dir="0" index="0" bw="1" slack="0"/>
<pin id="82" dir="0" index="1" bw="8" slack="0"/>
<pin id="83" dir="1" index="2" bw="0" slack="2147483647"/>
</pin_list>
<bind>
<opcode="store(28) " fcode="store"/>
<opset="store_ln59/1 "/>
</bind>
</comp>

<comp id="85" class="1004" name="i_1_load_fu_85">
<pin_list>
<pin id="86" dir="0" index="0" bw="8" slack="1"/>
<pin id="87" dir="1" index="1" bw="8" slack="0"/>
</pin_list>
<bind>
<opcode="load(27) " fcode="load"/>
<opset="i_1/2 "/>
</bind>
</comp>

<comp id="88" class="1004" name="icmp_ln59_fu_88">
<pin_list>
<pin id="89" dir="0" index="0" bw="8" slack="0"/>
<pin id="90" dir="0" index="1" bw="8" slack="0"/>
<pin id="91" dir="1" index="2" bw="1" slack="2147483647"/>
</pin_list>
<bind>
<opcode="icmp(45) " fcode="icmp"/>
<opset="icmp_ln59/2 "/>
</bind>
</comp>

<comp id="94" class="1004" name="i_2_fu_94">
<pin_list>
<pin id="95" dir="0" index="0" bw="8" slack="0"/>
<pin id="96" dir="0" index="1" bw="1" slack="0"/>
<pin id="97" dir="1" index="2" bw="8" slack="0"/>
</pin_list>
<bind>
<opcode="add(8) " fcode="add"/>
<opset="i_2/2 "/>
</bind>
</comp>

<comp id="100" class="1004" name="store_ln59_store_fu_100">
<pin_list>
<pin id="101" dir="0" index="0" bw="8" slack="0"/>
<pin id="102" dir="0" index="1" bw="8" slack="1"/>
<pin id="103" dir="1" index="2" bw="0" slack="2147483647"/>
</pin_list>
<bind>
<opcode="store(28) " fcode="store"/>
<opset="store_ln59/2 "/>
</bind>
</comp>

<comp id="105" class="1005" name="i_reg_105">
<pin_list>
<pin id="106" dir="0" index="0" bw="8" slack="0"/>
<pin id="107" dir="1" index="1" bw="8" slack="0"/>
</pin_list>
<bind>
<opset="i "/>
</bind>
</comp>

</comp_list>

<net_list>
<net id="43"><net_src comp="4" pin="0"/><net_sink comp="40" pin=0"/></net>

<net id="49"><net_src comp="36" pin="0"/><net_sink comp="44" pin=0"/></net>

<net id="50"><net_src comp="2" pin="0"/><net_sink comp="44" pin=1"/></net>

<net id="51"><net_src comp="38" pin="0"/><net_sink comp="44" pin=2"/></net>

<net id="57"><net_src comp="22" pin="0"/><net_sink comp="52" pin=0"/></net>

<net id="58"><net_src comp="0" pin="0"/><net_sink comp="52" pin=1"/></net>

<net id="59"><net_src comp="2" pin="0"/><net_sink comp="52" pin=2"/></net>

<net id="64"><net_src comp="26" pin="0"/><net_sink comp="60" pin=0"/></net>

<net id="65"><net_src comp="2" pin="0"/><net_sink comp="60" pin=1"/></net>

<net id="74"><net_src comp="24" pin="0"/><net_sink comp="66" pin=0"/></net>

<net id="75"><net_src comp="0" pin="0"/><net_sink comp="66" pin=1"/></net>

<net id="76"><net_src comp="2" pin="0"/><net_sink comp="66" pin=2"/></net>

<net id="77"><net_src comp="14" pin="0"/><net_sink comp="66" pin=3"/></net>

<net id="78"><net_src comp="2" pin="0"/><net_sink comp="66" pin=4"/></net>

<net id="79"><net_src comp="10" pin="0"/><net_sink comp="66" pin=5"/></net>

<net id="84"><net_src comp="16" pin="0"/><net_sink comp="80" pin=0"/></net>

<net id="92"><net_src comp="85" pin="1"/><net_sink comp="88" pin=0"/></net>

<net id="93"><net_src comp="18" pin="0"/><net_sink comp="88" pin=1"/></net>

<net id="98"><net_src comp="85" pin="1"/><net_sink comp="94" pin=0"/></net>

<net id="99"><net_src comp="20" pin="0"/><net_sink comp="94" pin=1"/></net>

<net id="104"><net_src comp="94" pin="2"/><net_sink comp="100" pin=0"/></net>

<net id="108"><net_src comp="40" pin="1"/><net_sink comp="105" pin=0"/></net>

<net id="109"><net_src comp="105" pin="1"/><net_sink comp="80" pin=1"/></net>

<net id="110"><net_src comp="105" pin="1"/><net_sink comp="85" pin=0"/></net>

<net id="111"><net_src comp="105" pin="1"/><net_sink comp="100" pin=1"/></net>

</net_list>

</model> 
---------------- Datapath Model END ------------------

* FSMD analyzer results:
  - Output states:
	Port: layer32_out | {2 3 4 5 }
 - Input state : 
	Port: zeropad2d_cl<array<ap_fixed,4u>,array<ap_fixed<16,6,5,3,0>,4u>,config32> : layer8_out | {2 3 }
  - Chain level:
	State 1
		store_ln59 : 1
	State 2
		icmp_ln59 : 1
		i_2 : 1
		br_ln59 : 2
		store_ln59 : 2
	State 3
	State 4
	State 5


============================================================
+ Verbose Summary: Datapath Resource usage 
============================================================

* Functional unit list:
|----------|--------------------------------------------------------------------------------------|---------|---------|
| Operation|                                    Functional Unit                                   |    FF   |   LUT   |
|----------|--------------------------------------------------------------------------------------|---------|---------|
|   call   | grp_zeropad2d_cl_array_array_ap_fixed_16_6_5_3_0_4u_config32_Pipeline_CopyMain_fu_52 |    8    |    30   |
|          |    grp_zeropad2d_cl_array_array_ap_fixed_4u_config32_Pipeline_PadBottomWidth_fu_60   |    8    |    30   |
|----------|--------------------------------------------------------------------------------------|---------|---------|
|   icmp   |                                    icmp_ln59_fu_88                                   |    0    |    15   |
|----------|--------------------------------------------------------------------------------------|---------|---------|
|    add   |                                       i_2_fu_94                                      |    0    |    15   |
|----------|--------------------------------------------------------------------------------------|---------|---------|
|   write  |                                write_ln15_write_fu_44                                |    0    |    0    |
|----------|--------------------------------------------------------------------------------------|---------|---------|
|   fence  |                                       grp_fu_66                                      |    0    |    0    |
|----------|--------------------------------------------------------------------------------------|---------|---------|
|   Total  |                                                                                      |    16   |    90   |
|----------|--------------------------------------------------------------------------------------|---------|---------|

Memories:
N/A

* Register list:
+---------+--------+
|         |   FF   |
+---------+--------+
|i_reg_105|    8   |
+---------+--------+
|  Total  |    8   |
+---------+--------+

* Multiplexer (MUX) list: 
|--------|------|------|------|--------|
|  Comp  |  Pin | Size |  BW  | S x BW |
|--------|------|------|------|--------|
|  Total |      |      |      |    0   |
|--------|------|------|------|--------|



* Summary:
+-----------+--------+--------+
|           |   FF   |   LUT  |
+-----------+--------+--------+
|  Function |   16   |   90   |
|   Memory  |    -   |    -   |
|Multiplexer|    -   |    -   |
|  Register |    8   |    -   |
+-----------+--------+--------+
|   Total   |   24   |   90   |
+-----------+--------+--------+
