

================================================================
== Vitis HLS Report for 'zeropad2d_cl_array_array_ap_fixed_16_6_5_3_0_8u_config37_Pipeline_PadMain'
================================================================
* Date:           Sun Apr 26 02:59:46 2026

* Version:        2025.2 (Build 6295257 on Nov 14 2025)
* Project:        folo_prj
* Solution:       solution1 (Vivado IP Flow Target)
* Product family: kintexu
* Target device:  xcku035-fbva676-2-e


================================================================
== Performance Estimates
================================================================
+ Timing: 
    * Summary: 
    +--------+---------+----------+------------+
    |  Clock |  Target | Estimated| Uncertainty|
    +--------+---------+----------+------------+
    |ap_clk  |  5.00 ns|  2.192 ns|     1.35 ns|
    +--------+---------+----------+------------+

+ Latency: 
    * Summary: 
    +---------+---------+----------+----------+-----+-----+-------------------+
    |  Latency (cycles) |  Latency (absolute) |  Interval |      Pipeline     |
    |   min   |   max   |    min   |    max   | min | max |        Type       |
    +---------+---------+----------+----------+-----+-----+-------------------+
    |     1090|     1090|  5.450 us|  5.450 us|    0|    0|  loop pipeline stp|
    +---------+---------+----------+----------+-----+-----+-------------------+

    + Detail: 
        * Instance: 
        N/A

        * Loop: 
        +-----------+---------+---------+----------+-----------+-----------+------+----------+
        |           |  Latency (cycles) | Iteration|  Initiation Interval  | Trip |          |
        | Loop Name |   min   |   max   |  Latency |  achieved |   target  | Count| Pipelined|
        +-----------+---------+---------+----------+-----------+-----------+------+----------+
        |- PadMain  |     1088|     1088|        35|         34|          1|    32|       yes|
        +-----------+---------+---------+----------+-----------+-----------+------+----------+

============================================================
+ Verbose Summary: Synthesis Manager
============================================================
InlineROM: 1
ExposeGlobal: 0
============================================================
+ Verbose Summary: CDFG Model
============================================================
IsTopModel: 0
ResetActiveHigh: 1
IsCombinational: 0
IsDatapathOnly: 0
HasWiredReturn: 1
HasMFsm: 2
HasVarLatency: 1
IsPipeline: 0
IsRtlPipelined: 0
IsInstanceOverlapped: 0
IsDontTouch: 0
HasImplIP: 0
IsGatedGlobalClock: 0

+ Individual pipeline summary: 
  * Pipeline-0: initiation interval (II) = 34, depth = 35


============================================================
+ Verbose Summary: Schedule
============================================================
* Number of FSM states : 35
* Pipeline : 1
  Pipeline-0 : II = 34, D = 35, States = { 1 2 3 4 5 6 7 8 9 10 11 12 13 14 15 16 17 18 19 20 21 22 23 24 25 26 27 28 29 30 31 32 33 34 35 }
* Dataflow Pipeline: 0

* FSM state transitions: 
1 --> 2 
2 --> 3 
3 --> 4 
4 --> 5 
5 --> 6 
6 --> 7 
7 --> 8 
8 --> 9 
9 --> 10 
10 --> 11 
11 --> 12 
12 --> 13 
13 --> 14 
14 --> 15 
15 --> 16 
16 --> 17 
17 --> 18 
18 --> 19 
19 --> 20 
20 --> 21 
21 --> 22 
22 --> 23 
23 --> 24 
24 --> 25 
25 --> 26 
26 --> 27 
27 --> 28 
28 --> 29 
29 --> 30 
30 --> 31 
31 --> 32 
32 --> 33 
33 --> 34 
34 --> 35 
35 --> 

* FSM state operations: 

State 1 <SV = 0> <Delay = 2.19>
ST_1 : Operation 38 [1/1] (0.00ns)   --->   "%i = alloca i32 1" [firmware/nnet_utils/nnet_padding_stream.h:59]   --->   Operation 38 'alloca' 'i' <Predicate = true> <Delay = 0.00>
ST_1 : Operation 39 [1/1] (0.00ns)   --->   "%specinterface_ln0 = specinterface void @_ssdm_op_SpecInterface, i128 %layer31_cpy1, void @empty_10, i32 0, i32 0, void @empty_11, i32 0, i32 0, void @empty_11, void @empty_11, void @empty_11, i32 0, i32 0, i32 0, i32 0, void @empty_11, void @empty_11, i32 4294967295, i32 0, i32 0, i32 0"   --->   Operation 39 'specinterface' 'specinterface_ln0' <Predicate = true> <Delay = 0.00>
ST_1 : Operation 40 [1/1] (0.00ns)   --->   "%specinterface_ln0 = specinterface void @_ssdm_op_SpecInterface, i128 %layer37_out, void @empty_10, i32 0, i32 0, void @empty_11, i32 0, i32 0, void @empty_11, void @empty_11, void @empty_11, i32 0, i32 0, i32 0, i32 0, void @empty_11, void @empty_11, i32 4294967295, i32 0, i32 0, i32 0"   --->   Operation 40 'specinterface' 'specinterface_ln0' <Predicate = true> <Delay = 0.00>
ST_1 : Operation 41 [1/1] (0.53ns)   --->   "%store_ln59 = store i6 0, i6 %i" [firmware/nnet_utils/nnet_padding_stream.h:59]   --->   Operation 41 'store' 'store_ln59' <Predicate = true> <Delay = 0.53>
ST_1 : Operation 42 [1/1] (0.00ns)   --->   "%br_ln59 = br void %PadLeft" [firmware/nnet_utils/nnet_padding_stream.h:59]   --->   Operation 42 'br' 'br_ln59' <Predicate = true> <Delay = 0.00>
ST_1 : Operation 43 [1/1] (0.00ns)   --->   "%i_7 = load i6 %i" [firmware/nnet_utils/nnet_padding_stream.h:59]   --->   Operation 43 'load' 'i_7' <Predicate = true> <Delay = 0.00>
ST_1 : Operation 44 [1/1] (1.11ns)   --->   "%icmp_ln59 = icmp_eq  i6 %i_7, i6 32" [firmware/nnet_utils/nnet_padding_stream.h:59]   --->   Operation 44 'icmp' 'icmp_ln59' <Predicate = true> <Delay = 1.11> <CoreInst = "Cmp">   --->   Core 9 'Cmp' <Latency = 0> <II = 1> <Delay = 1.11> <FuncUnit> <Opcode : 'seteq' 'setne' 'setle' 'setge' 'setlt' 'setgt'> <InPorts = 2> <OutPorts = 1>
ST_1 : Operation 45 [1/1] (1.11ns)   --->   "%i_8 = add i6 %i_7, i6 1" [firmware/nnet_utils/nnet_padding_stream.h:59]   --->   Operation 45 'add' 'i_8' <Predicate = true> <Delay = 1.11> <CoreInst = "Adder">   --->   Core 1 'Adder' <Latency = 0> <II = 1> <Delay = 1.11> <FuncUnit> <Opcode : 'add' 'sub'> <InPorts = 2> <OutPorts = 1>
ST_1 : Operation 46 [1/1] (0.00ns)   --->   "%br_ln59 = br i1 %icmp_ln59, void %PadLeft.split, void %for.inc50.preheader.exitStub" [firmware/nnet_utils/nnet_padding_stream.h:59]   --->   Operation 46 'br' 'br_ln59' <Predicate = true> <Delay = 0.00>
ST_1 : Operation 47 [1/1] (0.53ns)   --->   "%store_ln59 = store i6 %i_8, i6 %i" [firmware/nnet_utils/nnet_padding_stream.h:59]   --->   Operation 47 'store' 'store_ln59' <Predicate = (!icmp_ln59)> <Delay = 0.53>
ST_1 : Operation 118 [1/1] (0.53ns)   --->   "%ret_ln0 = ret"   --->   Operation 118 'ret' 'ret_ln0' <Predicate = (icmp_ln59)> <Delay = 0.53>

State 2 <SV = 1> <Delay = 1.82>
ST_2 : Operation 48 [1/1] ( I:1.82ns O:1.82ns )   --->   "%write_ln15 = write void @_ssdm_op_Write.ap_fifo.volatile.i128P0A, i128 %layer37_out, i128 0" [firmware/nnet_utils/nnet_padding_stream.h:15->firmware/nnet_utils/nnet_padding_stream.h:62]   --->   Operation 48 'write' 'write_ln15' <Predicate = (!icmp_ln59)> <Delay = 1.82> <CoreInst = "FIFO">   --->   Core 77 'FIFO' <Latency = 0> <II = 1> <Delay = 2.16> <Storage> <Opcode : 'read' 'write' 'nbread' 'nbwrite'> <Ports = 0> <Width = 128> <Depth = 100000> <FIFO>
ST_2 : Operation 49 [1/1] ( I:1.82ns O:1.82ns )   --->   "%layer31_cpy1_read = read i128 @_ssdm_op_Read.ap_fifo.volatile.i128P0A, i128 %layer31_cpy1" [firmware/nnet_utils/nnet_padding_stream.h:20->firmware/nnet_utils/nnet_padding_stream.h:66]   --->   Operation 49 'read' 'layer31_cpy1_read' <Predicate = (!icmp_ln59)> <Delay = 1.82> <CoreInst = "FIFO">   --->   Core 77 'FIFO' <Latency = 0> <II = 1> <Delay = 2.16> <Storage> <Opcode : 'read' 'write' 'nbread' 'nbwrite'> <Ports = 0> <Width = 128> <Depth = 100000> <FIFO>

State 3 <SV = 2> <Delay = 1.82>
ST_3 : Operation 50 [1/1] ( I:1.82ns O:1.82ns )   --->   "%write_ln26 = write void @_ssdm_op_Write.ap_fifo.volatile.i128P0A, i128 %layer37_out, i128 %layer31_cpy1_read" [firmware/nnet_utils/nnet_padding_stream.h:26->firmware/nnet_utils/nnet_padding_stream.h:66]   --->   Operation 50 'write' 'write_ln26' <Predicate = (!icmp_ln59)> <Delay = 1.82> <CoreInst = "FIFO">   --->   Core 77 'FIFO' <Latency = 0> <II = 1> <Delay = 2.16> <Storage> <Opcode : 'read' 'write' 'nbread' 'nbwrite'> <Ports = 0> <Width = 128> <Depth = 100000> <FIFO>
ST_3 : Operation 51 [1/1] ( I:1.82ns O:1.82ns )   --->   "%layer31_cpy1_read_1 = read i128 @_ssdm_op_Read.ap_fifo.volatile.i128P0A, i128 %layer31_cpy1" [firmware/nnet_utils/nnet_padding_stream.h:20->firmware/nnet_utils/nnet_padding_stream.h:66]   --->   Operation 51 'read' 'layer31_cpy1_read_1' <Predicate = (!icmp_ln59)> <Delay = 1.82> <CoreInst = "FIFO">   --->   Core 77 'FIFO' <Latency = 0> <II = 1> <Delay = 2.16> <Storage> <Opcode : 'read' 'write' 'nbread' 'nbwrite'> <Ports = 0> <Width = 128> <Depth = 100000> <FIFO>

State 4 <SV = 3> <Delay = 1.82>
ST_4 : Operation 52 [1/1] ( I:1.82ns O:1.82ns )   --->   "%write_ln26 = write void @_ssdm_op_Write.ap_fifo.volatile.i128P0A, i128 %layer37_out, i128 %layer31_cpy1_read_1" [firmware/nnet_utils/nnet_padding_stream.h:26->firmware/nnet_utils/nnet_padding_stream.h:66]   --->   Operation 52 'write' 'write_ln26' <Predicate = (!icmp_ln59)> <Delay = 1.82> <CoreInst = "FIFO">   --->   Core 77 'FIFO' <Latency = 0> <II = 1> <Delay = 2.16> <Storage> <Opcode : 'read' 'write' 'nbread' 'nbwrite'> <Ports = 0> <Width = 128> <Depth = 100000> <FIFO>
ST_4 : Operation 53 [1/1] ( I:1.82ns O:1.82ns )   --->   "%layer31_cpy1_read_2 = read i128 @_ssdm_op_Read.ap_fifo.volatile.i128P0A, i128 %layer31_cpy1" [firmware/nnet_utils/nnet_padding_stream.h:20->firmware/nnet_utils/nnet_padding_stream.h:66]   --->   Operation 53 'read' 'layer31_cpy1_read_2' <Predicate = (!icmp_ln59)> <Delay = 1.82> <CoreInst = "FIFO">   --->   Core 77 'FIFO' <Latency = 0> <II = 1> <Delay = 2.16> <Storage> <Opcode : 'read' 'write' 'nbread' 'nbwrite'> <Ports = 0> <Width = 128> <Depth = 100000> <FIFO>

State 5 <SV = 4> <Delay = 1.82>
ST_5 : Operation 54 [1/1] ( I:1.82ns O:1.82ns )   --->   "%write_ln26 = write void @_ssdm_op_Write.ap_fifo.volatile.i128P0A, i128 %layer37_out, i128 %layer31_cpy1_read_2" [firmware/nnet_utils/nnet_padding_stream.h:26->firmware/nnet_utils/nnet_padding_stream.h:66]   --->   Operation 54 'write' 'write_ln26' <Predicate = (!icmp_ln59)> <Delay = 1.82> <CoreInst = "FIFO">   --->   Core 77 'FIFO' <Latency = 0> <II = 1> <Delay = 2.16> <Storage> <Opcode : 'read' 'write' 'nbread' 'nbwrite'> <Ports = 0> <Width = 128> <Depth = 100000> <FIFO>
ST_5 : Operation 55 [1/1] ( I:1.82ns O:1.82ns )   --->   "%layer31_cpy1_read_3 = read i128 @_ssdm_op_Read.ap_fifo.volatile.i128P0A, i128 %layer31_cpy1" [firmware/nnet_utils/nnet_padding_stream.h:20->firmware/nnet_utils/nnet_padding_stream.h:66]   --->   Operation 55 'read' 'layer31_cpy1_read_3' <Predicate = (!icmp_ln59)> <Delay = 1.82> <CoreInst = "FIFO">   --->   Core 77 'FIFO' <Latency = 0> <II = 1> <Delay = 2.16> <Storage> <Opcode : 'read' 'write' 'nbread' 'nbwrite'> <Ports = 0> <Width = 128> <Depth = 100000> <FIFO>

State 6 <SV = 5> <Delay = 1.82>
ST_6 : Operation 56 [1/1] ( I:1.82ns O:1.82ns )   --->   "%write_ln26 = write void @_ssdm_op_Write.ap_fifo.volatile.i128P0A, i128 %layer37_out, i128 %layer31_cpy1_read_3" [firmware/nnet_utils/nnet_padding_stream.h:26->firmware/nnet_utils/nnet_padding_stream.h:66]   --->   Operation 56 'write' 'write_ln26' <Predicate = (!icmp_ln59)> <Delay = 1.82> <CoreInst = "FIFO">   --->   Core 77 'FIFO' <Latency = 0> <II = 1> <Delay = 2.16> <Storage> <Opcode : 'read' 'write' 'nbread' 'nbwrite'> <Ports = 0> <Width = 128> <Depth = 100000> <FIFO>
ST_6 : Operation 57 [1/1] ( I:1.82ns O:1.82ns )   --->   "%layer31_cpy1_read_4 = read i128 @_ssdm_op_Read.ap_fifo.volatile.i128P0A, i128 %layer31_cpy1" [firmware/nnet_utils/nnet_padding_stream.h:20->firmware/nnet_utils/nnet_padding_stream.h:66]   --->   Operation 57 'read' 'layer31_cpy1_read_4' <Predicate = (!icmp_ln59)> <Delay = 1.82> <CoreInst = "FIFO">   --->   Core 77 'FIFO' <Latency = 0> <II = 1> <Delay = 2.16> <Storage> <Opcode : 'read' 'write' 'nbread' 'nbwrite'> <Ports = 0> <Width = 128> <Depth = 100000> <FIFO>

State 7 <SV = 6> <Delay = 1.82>
ST_7 : Operation 58 [1/1] ( I:1.82ns O:1.82ns )   --->   "%write_ln26 = write void @_ssdm_op_Write.ap_fifo.volatile.i128P0A, i128 %layer37_out, i128 %layer31_cpy1_read_4" [firmware/nnet_utils/nnet_padding_stream.h:26->firmware/nnet_utils/nnet_padding_stream.h:66]   --->   Operation 58 'write' 'write_ln26' <Predicate = (!icmp_ln59)> <Delay = 1.82> <CoreInst = "FIFO">   --->   Core 77 'FIFO' <Latency = 0> <II = 1> <Delay = 2.16> <Storage> <Opcode : 'read' 'write' 'nbread' 'nbwrite'> <Ports = 0> <Width = 128> <Depth = 100000> <FIFO>
ST_7 : Operation 59 [1/1] ( I:1.82ns O:1.82ns )   --->   "%layer31_cpy1_read_5 = read i128 @_ssdm_op_Read.ap_fifo.volatile.i128P0A, i128 %layer31_cpy1" [firmware/nnet_utils/nnet_padding_stream.h:20->firmware/nnet_utils/nnet_padding_stream.h:66]   --->   Operation 59 'read' 'layer31_cpy1_read_5' <Predicate = (!icmp_ln59)> <Delay = 1.82> <CoreInst = "FIFO">   --->   Core 77 'FIFO' <Latency = 0> <II = 1> <Delay = 2.16> <Storage> <Opcode : 'read' 'write' 'nbread' 'nbwrite'> <Ports = 0> <Width = 128> <Depth = 100000> <FIFO>

State 8 <SV = 7> <Delay = 1.82>
ST_8 : Operation 60 [1/1] ( I:1.82ns O:1.82ns )   --->   "%write_ln26 = write void @_ssdm_op_Write.ap_fifo.volatile.i128P0A, i128 %layer37_out, i128 %layer31_cpy1_read_5" [firmware/nnet_utils/nnet_padding_stream.h:26->firmware/nnet_utils/nnet_padding_stream.h:66]   --->   Operation 60 'write' 'write_ln26' <Predicate = (!icmp_ln59)> <Delay = 1.82> <CoreInst = "FIFO">   --->   Core 77 'FIFO' <Latency = 0> <II = 1> <Delay = 2.16> <Storage> <Opcode : 'read' 'write' 'nbread' 'nbwrite'> <Ports = 0> <Width = 128> <Depth = 100000> <FIFO>
ST_8 : Operation 61 [1/1] ( I:1.82ns O:1.82ns )   --->   "%layer31_cpy1_read_6 = read i128 @_ssdm_op_Read.ap_fifo.volatile.i128P0A, i128 %layer31_cpy1" [firmware/nnet_utils/nnet_padding_stream.h:20->firmware/nnet_utils/nnet_padding_stream.h:66]   --->   Operation 61 'read' 'layer31_cpy1_read_6' <Predicate = (!icmp_ln59)> <Delay = 1.82> <CoreInst = "FIFO">   --->   Core 77 'FIFO' <Latency = 0> <II = 1> <Delay = 2.16> <Storage> <Opcode : 'read' 'write' 'nbread' 'nbwrite'> <Ports = 0> <Width = 128> <Depth = 100000> <FIFO>

State 9 <SV = 8> <Delay = 1.82>
ST_9 : Operation 62 [1/1] ( I:1.82ns O:1.82ns )   --->   "%write_ln26 = write void @_ssdm_op_Write.ap_fifo.volatile.i128P0A, i128 %layer37_out, i128 %layer31_cpy1_read_6" [firmware/nnet_utils/nnet_padding_stream.h:26->firmware/nnet_utils/nnet_padding_stream.h:66]   --->   Operation 62 'write' 'write_ln26' <Predicate = (!icmp_ln59)> <Delay = 1.82> <CoreInst = "FIFO">   --->   Core 77 'FIFO' <Latency = 0> <II = 1> <Delay = 2.16> <Storage> <Opcode : 'read' 'write' 'nbread' 'nbwrite'> <Ports = 0> <Width = 128> <Depth = 100000> <FIFO>
ST_9 : Operation 63 [1/1] ( I:1.82ns O:1.82ns )   --->   "%layer31_cpy1_read_7 = read i128 @_ssdm_op_Read.ap_fifo.volatile.i128P0A, i128 %layer31_cpy1" [firmware/nnet_utils/nnet_padding_stream.h:20->firmware/nnet_utils/nnet_padding_stream.h:66]   --->   Operation 63 'read' 'layer31_cpy1_read_7' <Predicate = (!icmp_ln59)> <Delay = 1.82> <CoreInst = "FIFO">   --->   Core 77 'FIFO' <Latency = 0> <II = 1> <Delay = 2.16> <Storage> <Opcode : 'read' 'write' 'nbread' 'nbwrite'> <Ports = 0> <Width = 128> <Depth = 100000> <FIFO>

State 10 <SV = 9> <Delay = 1.82>
ST_10 : Operation 64 [1/1] ( I:1.82ns O:1.82ns )   --->   "%write_ln26 = write void @_ssdm_op_Write.ap_fifo.volatile.i128P0A, i128 %layer37_out, i128 %layer31_cpy1_read_7" [firmware/nnet_utils/nnet_padding_stream.h:26->firmware/nnet_utils/nnet_padding_stream.h:66]   --->   Operation 64 'write' 'write_ln26' <Predicate = (!icmp_ln59)> <Delay = 1.82> <CoreInst = "FIFO">   --->   Core 77 'FIFO' <Latency = 0> <II = 1> <Delay = 2.16> <Storage> <Opcode : 'read' 'write' 'nbread' 'nbwrite'> <Ports = 0> <Width = 128> <Depth = 100000> <FIFO>
ST_10 : Operation 65 [1/1] ( I:1.82ns O:1.82ns )   --->   "%layer31_cpy1_read_8 = read i128 @_ssdm_op_Read.ap_fifo.volatile.i128P0A, i128 %layer31_cpy1" [firmware/nnet_utils/nnet_padding_stream.h:20->firmware/nnet_utils/nnet_padding_stream.h:66]   --->   Operation 65 'read' 'layer31_cpy1_read_8' <Predicate = (!icmp_ln59)> <Delay = 1.82> <CoreInst = "FIFO">   --->   Core 77 'FIFO' <Latency = 0> <II = 1> <Delay = 2.16> <Storage> <Opcode : 'read' 'write' 'nbread' 'nbwrite'> <Ports = 0> <Width = 128> <Depth = 100000> <FIFO>

State 11 <SV = 10> <Delay = 1.82>
ST_11 : Operation 66 [1/1] ( I:1.82ns O:1.82ns )   --->   "%write_ln26 = write void @_ssdm_op_Write.ap_fifo.volatile.i128P0A, i128 %layer37_out, i128 %layer31_cpy1_read_8" [firmware/nnet_utils/nnet_padding_stream.h:26->firmware/nnet_utils/nnet_padding_stream.h:66]   --->   Operation 66 'write' 'write_ln26' <Predicate = (!icmp_ln59)> <Delay = 1.82> <CoreInst = "FIFO">   --->   Core 77 'FIFO' <Latency = 0> <II = 1> <Delay = 2.16> <Storage> <Opcode : 'read' 'write' 'nbread' 'nbwrite'> <Ports = 0> <Width = 128> <Depth = 100000> <FIFO>
ST_11 : Operation 67 [1/1] ( I:1.82ns O:1.82ns )   --->   "%layer31_cpy1_read_9 = read i128 @_ssdm_op_Read.ap_fifo.volatile.i128P0A, i128 %layer31_cpy1" [firmware/nnet_utils/nnet_padding_stream.h:20->firmware/nnet_utils/nnet_padding_stream.h:66]   --->   Operation 67 'read' 'layer31_cpy1_read_9' <Predicate = (!icmp_ln59)> <Delay = 1.82> <CoreInst = "FIFO">   --->   Core 77 'FIFO' <Latency = 0> <II = 1> <Delay = 2.16> <Storage> <Opcode : 'read' 'write' 'nbread' 'nbwrite'> <Ports = 0> <Width = 128> <Depth = 100000> <FIFO>

State 12 <SV = 11> <Delay = 1.82>
ST_12 : Operation 68 [1/1] ( I:1.82ns O:1.82ns )   --->   "%write_ln26 = write void @_ssdm_op_Write.ap_fifo.volatile.i128P0A, i128 %layer37_out, i128 %layer31_cpy1_read_9" [firmware/nnet_utils/nnet_padding_stream.h:26->firmware/nnet_utils/nnet_padding_stream.h:66]   --->   Operation 68 'write' 'write_ln26' <Predicate = (!icmp_ln59)> <Delay = 1.82> <CoreInst = "FIFO">   --->   Core 77 'FIFO' <Latency = 0> <II = 1> <Delay = 2.16> <Storage> <Opcode : 'read' 'write' 'nbread' 'nbwrite'> <Ports = 0> <Width = 128> <Depth = 100000> <FIFO>
ST_12 : Operation 69 [1/1] ( I:1.82ns O:1.82ns )   --->   "%layer31_cpy1_read_10 = read i128 @_ssdm_op_Read.ap_fifo.volatile.i128P0A, i128 %layer31_cpy1" [firmware/nnet_utils/nnet_padding_stream.h:20->firmware/nnet_utils/nnet_padding_stream.h:66]   --->   Operation 69 'read' 'layer31_cpy1_read_10' <Predicate = (!icmp_ln59)> <Delay = 1.82> <CoreInst = "FIFO">   --->   Core 77 'FIFO' <Latency = 0> <II = 1> <Delay = 2.16> <Storage> <Opcode : 'read' 'write' 'nbread' 'nbwrite'> <Ports = 0> <Width = 128> <Depth = 100000> <FIFO>

State 13 <SV = 12> <Delay = 1.82>
ST_13 : Operation 70 [1/1] ( I:1.82ns O:1.82ns )   --->   "%write_ln26 = write void @_ssdm_op_Write.ap_fifo.volatile.i128P0A, i128 %layer37_out, i128 %layer31_cpy1_read_10" [firmware/nnet_utils/nnet_padding_stream.h:26->firmware/nnet_utils/nnet_padding_stream.h:66]   --->   Operation 70 'write' 'write_ln26' <Predicate = (!icmp_ln59)> <Delay = 1.82> <CoreInst = "FIFO">   --->   Core 77 'FIFO' <Latency = 0> <II = 1> <Delay = 2.16> <Storage> <Opcode : 'read' 'write' 'nbread' 'nbwrite'> <Ports = 0> <Width = 128> <Depth = 100000> <FIFO>
ST_13 : Operation 71 [1/1] ( I:1.82ns O:1.82ns )   --->   "%layer31_cpy1_read_11 = read i128 @_ssdm_op_Read.ap_fifo.volatile.i128P0A, i128 %layer31_cpy1" [firmware/nnet_utils/nnet_padding_stream.h:20->firmware/nnet_utils/nnet_padding_stream.h:66]   --->   Operation 71 'read' 'layer31_cpy1_read_11' <Predicate = (!icmp_ln59)> <Delay = 1.82> <CoreInst = "FIFO">   --->   Core 77 'FIFO' <Latency = 0> <II = 1> <Delay = 2.16> <Storage> <Opcode : 'read' 'write' 'nbread' 'nbwrite'> <Ports = 0> <Width = 128> <Depth = 100000> <FIFO>

State 14 <SV = 13> <Delay = 1.82>
ST_14 : Operation 72 [1/1] ( I:1.82ns O:1.82ns )   --->   "%write_ln26 = write void @_ssdm_op_Write.ap_fifo.volatile.i128P0A, i128 %layer37_out, i128 %layer31_cpy1_read_11" [firmware/nnet_utils/nnet_padding_stream.h:26->firmware/nnet_utils/nnet_padding_stream.h:66]   --->   Operation 72 'write' 'write_ln26' <Predicate = (!icmp_ln59)> <Delay = 1.82> <CoreInst = "FIFO">   --->   Core 77 'FIFO' <Latency = 0> <II = 1> <Delay = 2.16> <Storage> <Opcode : 'read' 'write' 'nbread' 'nbwrite'> <Ports = 0> <Width = 128> <Depth = 100000> <FIFO>
ST_14 : Operation 73 [1/1] ( I:1.82ns O:1.82ns )   --->   "%layer31_cpy1_read_12 = read i128 @_ssdm_op_Read.ap_fifo.volatile.i128P0A, i128 %layer31_cpy1" [firmware/nnet_utils/nnet_padding_stream.h:20->firmware/nnet_utils/nnet_padding_stream.h:66]   --->   Operation 73 'read' 'layer31_cpy1_read_12' <Predicate = (!icmp_ln59)> <Delay = 1.82> <CoreInst = "FIFO">   --->   Core 77 'FIFO' <Latency = 0> <II = 1> <Delay = 2.16> <Storage> <Opcode : 'read' 'write' 'nbread' 'nbwrite'> <Ports = 0> <Width = 128> <Depth = 100000> <FIFO>

State 15 <SV = 14> <Delay = 1.82>
ST_15 : Operation 74 [1/1] ( I:1.82ns O:1.82ns )   --->   "%write_ln26 = write void @_ssdm_op_Write.ap_fifo.volatile.i128P0A, i128 %layer37_out, i128 %layer31_cpy1_read_12" [firmware/nnet_utils/nnet_padding_stream.h:26->firmware/nnet_utils/nnet_padding_stream.h:66]   --->   Operation 74 'write' 'write_ln26' <Predicate = (!icmp_ln59)> <Delay = 1.82> <CoreInst = "FIFO">   --->   Core 77 'FIFO' <Latency = 0> <II = 1> <Delay = 2.16> <Storage> <Opcode : 'read' 'write' 'nbread' 'nbwrite'> <Ports = 0> <Width = 128> <Depth = 100000> <FIFO>
ST_15 : Operation 75 [1/1] ( I:1.82ns O:1.82ns )   --->   "%layer31_cpy1_read_13 = read i128 @_ssdm_op_Read.ap_fifo.volatile.i128P0A, i128 %layer31_cpy1" [firmware/nnet_utils/nnet_padding_stream.h:20->firmware/nnet_utils/nnet_padding_stream.h:66]   --->   Operation 75 'read' 'layer31_cpy1_read_13' <Predicate = (!icmp_ln59)> <Delay = 1.82> <CoreInst = "FIFO">   --->   Core 77 'FIFO' <Latency = 0> <II = 1> <Delay = 2.16> <Storage> <Opcode : 'read' 'write' 'nbread' 'nbwrite'> <Ports = 0> <Width = 128> <Depth = 100000> <FIFO>

State 16 <SV = 15> <Delay = 1.82>
ST_16 : Operation 76 [1/1] ( I:1.82ns O:1.82ns )   --->   "%write_ln26 = write void @_ssdm_op_Write.ap_fifo.volatile.i128P0A, i128 %layer37_out, i128 %layer31_cpy1_read_13" [firmware/nnet_utils/nnet_padding_stream.h:26->firmware/nnet_utils/nnet_padding_stream.h:66]   --->   Operation 76 'write' 'write_ln26' <Predicate = (!icmp_ln59)> <Delay = 1.82> <CoreInst = "FIFO">   --->   Core 77 'FIFO' <Latency = 0> <II = 1> <Delay = 2.16> <Storage> <Opcode : 'read' 'write' 'nbread' 'nbwrite'> <Ports = 0> <Width = 128> <Depth = 100000> <FIFO>
ST_16 : Operation 77 [1/1] ( I:1.82ns O:1.82ns )   --->   "%layer31_cpy1_read_14 = read i128 @_ssdm_op_Read.ap_fifo.volatile.i128P0A, i128 %layer31_cpy1" [firmware/nnet_utils/nnet_padding_stream.h:20->firmware/nnet_utils/nnet_padding_stream.h:66]   --->   Operation 77 'read' 'layer31_cpy1_read_14' <Predicate = (!icmp_ln59)> <Delay = 1.82> <CoreInst = "FIFO">   --->   Core 77 'FIFO' <Latency = 0> <II = 1> <Delay = 2.16> <Storage> <Opcode : 'read' 'write' 'nbread' 'nbwrite'> <Ports = 0> <Width = 128> <Depth = 100000> <FIFO>

State 17 <SV = 16> <Delay = 1.82>
ST_17 : Operation 78 [1/1] ( I:1.82ns O:1.82ns )   --->   "%write_ln26 = write void @_ssdm_op_Write.ap_fifo.volatile.i128P0A, i128 %layer37_out, i128 %layer31_cpy1_read_14" [firmware/nnet_utils/nnet_padding_stream.h:26->firmware/nnet_utils/nnet_padding_stream.h:66]   --->   Operation 78 'write' 'write_ln26' <Predicate = (!icmp_ln59)> <Delay = 1.82> <CoreInst = "FIFO">   --->   Core 77 'FIFO' <Latency = 0> <II = 1> <Delay = 2.16> <Storage> <Opcode : 'read' 'write' 'nbread' 'nbwrite'> <Ports = 0> <Width = 128> <Depth = 100000> <FIFO>
ST_17 : Operation 79 [1/1] ( I:1.82ns O:1.82ns )   --->   "%layer31_cpy1_read_15 = read i128 @_ssdm_op_Read.ap_fifo.volatile.i128P0A, i128 %layer31_cpy1" [firmware/nnet_utils/nnet_padding_stream.h:20->firmware/nnet_utils/nnet_padding_stream.h:66]   --->   Operation 79 'read' 'layer31_cpy1_read_15' <Predicate = (!icmp_ln59)> <Delay = 1.82> <CoreInst = "FIFO">   --->   Core 77 'FIFO' <Latency = 0> <II = 1> <Delay = 2.16> <Storage> <Opcode : 'read' 'write' 'nbread' 'nbwrite'> <Ports = 0> <Width = 128> <Depth = 100000> <FIFO>

State 18 <SV = 17> <Delay = 1.82>
ST_18 : Operation 80 [1/1] ( I:1.82ns O:1.82ns )   --->   "%write_ln26 = write void @_ssdm_op_Write.ap_fifo.volatile.i128P0A, i128 %layer37_out, i128 %layer31_cpy1_read_15" [firmware/nnet_utils/nnet_padding_stream.h:26->firmware/nnet_utils/nnet_padding_stream.h:66]   --->   Operation 80 'write' 'write_ln26' <Predicate = (!icmp_ln59)> <Delay = 1.82> <CoreInst = "FIFO">   --->   Core 77 'FIFO' <Latency = 0> <II = 1> <Delay = 2.16> <Storage> <Opcode : 'read' 'write' 'nbread' 'nbwrite'> <Ports = 0> <Width = 128> <Depth = 100000> <FIFO>
ST_18 : Operation 81 [1/1] ( I:1.82ns O:1.82ns )   --->   "%layer31_cpy1_read_16 = read i128 @_ssdm_op_Read.ap_fifo.volatile.i128P0A, i128 %layer31_cpy1" [firmware/nnet_utils/nnet_padding_stream.h:20->firmware/nnet_utils/nnet_padding_stream.h:66]   --->   Operation 81 'read' 'layer31_cpy1_read_16' <Predicate = (!icmp_ln59)> <Delay = 1.82> <CoreInst = "FIFO">   --->   Core 77 'FIFO' <Latency = 0> <II = 1> <Delay = 2.16> <Storage> <Opcode : 'read' 'write' 'nbread' 'nbwrite'> <Ports = 0> <Width = 128> <Depth = 100000> <FIFO>

State 19 <SV = 18> <Delay = 1.82>
ST_19 : Operation 82 [1/1] ( I:1.82ns O:1.82ns )   --->   "%write_ln26 = write void @_ssdm_op_Write.ap_fifo.volatile.i128P0A, i128 %layer37_out, i128 %layer31_cpy1_read_16" [firmware/nnet_utils/nnet_padding_stream.h:26->firmware/nnet_utils/nnet_padding_stream.h:66]   --->   Operation 82 'write' 'write_ln26' <Predicate = (!icmp_ln59)> <Delay = 1.82> <CoreInst = "FIFO">   --->   Core 77 'FIFO' <Latency = 0> <II = 1> <Delay = 2.16> <Storage> <Opcode : 'read' 'write' 'nbread' 'nbwrite'> <Ports = 0> <Width = 128> <Depth = 100000> <FIFO>
ST_19 : Operation 83 [1/1] ( I:1.82ns O:1.82ns )   --->   "%layer31_cpy1_read_17 = read i128 @_ssdm_op_Read.ap_fifo.volatile.i128P0A, i128 %layer31_cpy1" [firmware/nnet_utils/nnet_padding_stream.h:20->firmware/nnet_utils/nnet_padding_stream.h:66]   --->   Operation 83 'read' 'layer31_cpy1_read_17' <Predicate = (!icmp_ln59)> <Delay = 1.82> <CoreInst = "FIFO">   --->   Core 77 'FIFO' <Latency = 0> <II = 1> <Delay = 2.16> <Storage> <Opcode : 'read' 'write' 'nbread' 'nbwrite'> <Ports = 0> <Width = 128> <Depth = 100000> <FIFO>

State 20 <SV = 19> <Delay = 1.82>
ST_20 : Operation 84 [1/1] ( I:1.82ns O:1.82ns )   --->   "%write_ln26 = write void @_ssdm_op_Write.ap_fifo.volatile.i128P0A, i128 %layer37_out, i128 %layer31_cpy1_read_17" [firmware/nnet_utils/nnet_padding_stream.h:26->firmware/nnet_utils/nnet_padding_stream.h:66]   --->   Operation 84 'write' 'write_ln26' <Predicate = (!icmp_ln59)> <Delay = 1.82> <CoreInst = "FIFO">   --->   Core 77 'FIFO' <Latency = 0> <II = 1> <Delay = 2.16> <Storage> <Opcode : 'read' 'write' 'nbread' 'nbwrite'> <Ports = 0> <Width = 128> <Depth = 100000> <FIFO>
ST_20 : Operation 85 [1/1] ( I:1.82ns O:1.82ns )   --->   "%layer31_cpy1_read_18 = read i128 @_ssdm_op_Read.ap_fifo.volatile.i128P0A, i128 %layer31_cpy1" [firmware/nnet_utils/nnet_padding_stream.h:20->firmware/nnet_utils/nnet_padding_stream.h:66]   --->   Operation 85 'read' 'layer31_cpy1_read_18' <Predicate = (!icmp_ln59)> <Delay = 1.82> <CoreInst = "FIFO">   --->   Core 77 'FIFO' <Latency = 0> <II = 1> <Delay = 2.16> <Storage> <Opcode : 'read' 'write' 'nbread' 'nbwrite'> <Ports = 0> <Width = 128> <Depth = 100000> <FIFO>

State 21 <SV = 20> <Delay = 1.82>
ST_21 : Operation 86 [1/1] ( I:1.82ns O:1.82ns )   --->   "%write_ln26 = write void @_ssdm_op_Write.ap_fifo.volatile.i128P0A, i128 %layer37_out, i128 %layer31_cpy1_read_18" [firmware/nnet_utils/nnet_padding_stream.h:26->firmware/nnet_utils/nnet_padding_stream.h:66]   --->   Operation 86 'write' 'write_ln26' <Predicate = (!icmp_ln59)> <Delay = 1.82> <CoreInst = "FIFO">   --->   Core 77 'FIFO' <Latency = 0> <II = 1> <Delay = 2.16> <Storage> <Opcode : 'read' 'write' 'nbread' 'nbwrite'> <Ports = 0> <Width = 128> <Depth = 100000> <FIFO>
ST_21 : Operation 87 [1/1] ( I:1.82ns O:1.82ns )   --->   "%layer31_cpy1_read_19 = read i128 @_ssdm_op_Read.ap_fifo.volatile.i128P0A, i128 %layer31_cpy1" [firmware/nnet_utils/nnet_padding_stream.h:20->firmware/nnet_utils/nnet_padding_stream.h:66]   --->   Operation 87 'read' 'layer31_cpy1_read_19' <Predicate = (!icmp_ln59)> <Delay = 1.82> <CoreInst = "FIFO">   --->   Core 77 'FIFO' <Latency = 0> <II = 1> <Delay = 2.16> <Storage> <Opcode : 'read' 'write' 'nbread' 'nbwrite'> <Ports = 0> <Width = 128> <Depth = 100000> <FIFO>

State 22 <SV = 21> <Delay = 1.82>
ST_22 : Operation 88 [1/1] ( I:1.82ns O:1.82ns )   --->   "%write_ln26 = write void @_ssdm_op_Write.ap_fifo.volatile.i128P0A, i128 %layer37_out, i128 %layer31_cpy1_read_19" [firmware/nnet_utils/nnet_padding_stream.h:26->firmware/nnet_utils/nnet_padding_stream.h:66]   --->   Operation 88 'write' 'write_ln26' <Predicate = (!icmp_ln59)> <Delay = 1.82> <CoreInst = "FIFO">   --->   Core 77 'FIFO' <Latency = 0> <II = 1> <Delay = 2.16> <Storage> <Opcode : 'read' 'write' 'nbread' 'nbwrite'> <Ports = 0> <Width = 128> <Depth = 100000> <FIFO>
ST_22 : Operation 89 [1/1] ( I:1.82ns O:1.82ns )   --->   "%layer31_cpy1_read_20 = read i128 @_ssdm_op_Read.ap_fifo.volatile.i128P0A, i128 %layer31_cpy1" [firmware/nnet_utils/nnet_padding_stream.h:20->firmware/nnet_utils/nnet_padding_stream.h:66]   --->   Operation 89 'read' 'layer31_cpy1_read_20' <Predicate = (!icmp_ln59)> <Delay = 1.82> <CoreInst = "FIFO">   --->   Core 77 'FIFO' <Latency = 0> <II = 1> <Delay = 2.16> <Storage> <Opcode : 'read' 'write' 'nbread' 'nbwrite'> <Ports = 0> <Width = 128> <Depth = 100000> <FIFO>

State 23 <SV = 22> <Delay = 1.82>
ST_23 : Operation 90 [1/1] ( I:1.82ns O:1.82ns )   --->   "%write_ln26 = write void @_ssdm_op_Write.ap_fifo.volatile.i128P0A, i128 %layer37_out, i128 %layer31_cpy1_read_20" [firmware/nnet_utils/nnet_padding_stream.h:26->firmware/nnet_utils/nnet_padding_stream.h:66]   --->   Operation 90 'write' 'write_ln26' <Predicate = (!icmp_ln59)> <Delay = 1.82> <CoreInst = "FIFO">   --->   Core 77 'FIFO' <Latency = 0> <II = 1> <Delay = 2.16> <Storage> <Opcode : 'read' 'write' 'nbread' 'nbwrite'> <Ports = 0> <Width = 128> <Depth = 100000> <FIFO>
ST_23 : Operation 91 [1/1] ( I:1.82ns O:1.82ns )   --->   "%layer31_cpy1_read_21 = read i128 @_ssdm_op_Read.ap_fifo.volatile.i128P0A, i128 %layer31_cpy1" [firmware/nnet_utils/nnet_padding_stream.h:20->firmware/nnet_utils/nnet_padding_stream.h:66]   --->   Operation 91 'read' 'layer31_cpy1_read_21' <Predicate = (!icmp_ln59)> <Delay = 1.82> <CoreInst = "FIFO">   --->   Core 77 'FIFO' <Latency = 0> <II = 1> <Delay = 2.16> <Storage> <Opcode : 'read' 'write' 'nbread' 'nbwrite'> <Ports = 0> <Width = 128> <Depth = 100000> <FIFO>

State 24 <SV = 23> <Delay = 1.82>
ST_24 : Operation 92 [1/1] ( I:1.82ns O:1.82ns )   --->   "%write_ln26 = write void @_ssdm_op_Write.ap_fifo.volatile.i128P0A, i128 %layer37_out, i128 %layer31_cpy1_read_21" [firmware/nnet_utils/nnet_padding_stream.h:26->firmware/nnet_utils/nnet_padding_stream.h:66]   --->   Operation 92 'write' 'write_ln26' <Predicate = (!icmp_ln59)> <Delay = 1.82> <CoreInst = "FIFO">   --->   Core 77 'FIFO' <Latency = 0> <II = 1> <Delay = 2.16> <Storage> <Opcode : 'read' 'write' 'nbread' 'nbwrite'> <Ports = 0> <Width = 128> <Depth = 100000> <FIFO>
ST_24 : Operation 93 [1/1] ( I:1.82ns O:1.82ns )   --->   "%layer31_cpy1_read_22 = read i128 @_ssdm_op_Read.ap_fifo.volatile.i128P0A, i128 %layer31_cpy1" [firmware/nnet_utils/nnet_padding_stream.h:20->firmware/nnet_utils/nnet_padding_stream.h:66]   --->   Operation 93 'read' 'layer31_cpy1_read_22' <Predicate = (!icmp_ln59)> <Delay = 1.82> <CoreInst = "FIFO">   --->   Core 77 'FIFO' <Latency = 0> <II = 1> <Delay = 2.16> <Storage> <Opcode : 'read' 'write' 'nbread' 'nbwrite'> <Ports = 0> <Width = 128> <Depth = 100000> <FIFO>

State 25 <SV = 24> <Delay = 1.82>
ST_25 : Operation 94 [1/1] ( I:1.82ns O:1.82ns )   --->   "%write_ln26 = write void @_ssdm_op_Write.ap_fifo.volatile.i128P0A, i128 %layer37_out, i128 %layer31_cpy1_read_22" [firmware/nnet_utils/nnet_padding_stream.h:26->firmware/nnet_utils/nnet_padding_stream.h:66]   --->   Operation 94 'write' 'write_ln26' <Predicate = (!icmp_ln59)> <Delay = 1.82> <CoreInst = "FIFO">   --->   Core 77 'FIFO' <Latency = 0> <II = 1> <Delay = 2.16> <Storage> <Opcode : 'read' 'write' 'nbread' 'nbwrite'> <Ports = 0> <Width = 128> <Depth = 100000> <FIFO>
ST_25 : Operation 95 [1/1] ( I:1.82ns O:1.82ns )   --->   "%layer31_cpy1_read_23 = read i128 @_ssdm_op_Read.ap_fifo.volatile.i128P0A, i128 %layer31_cpy1" [firmware/nnet_utils/nnet_padding_stream.h:20->firmware/nnet_utils/nnet_padding_stream.h:66]   --->   Operation 95 'read' 'layer31_cpy1_read_23' <Predicate = (!icmp_ln59)> <Delay = 1.82> <CoreInst = "FIFO">   --->   Core 77 'FIFO' <Latency = 0> <II = 1> <Delay = 2.16> <Storage> <Opcode : 'read' 'write' 'nbread' 'nbwrite'> <Ports = 0> <Width = 128> <Depth = 100000> <FIFO>

State 26 <SV = 25> <Delay = 1.82>
ST_26 : Operation 96 [1/1] ( I:1.82ns O:1.82ns )   --->   "%write_ln26 = write void @_ssdm_op_Write.ap_fifo.volatile.i128P0A, i128 %layer37_out, i128 %layer31_cpy1_read_23" [firmware/nnet_utils/nnet_padding_stream.h:26->firmware/nnet_utils/nnet_padding_stream.h:66]   --->   Operation 96 'write' 'write_ln26' <Predicate = (!icmp_ln59)> <Delay = 1.82> <CoreInst = "FIFO">   --->   Core 77 'FIFO' <Latency = 0> <II = 1> <Delay = 2.16> <Storage> <Opcode : 'read' 'write' 'nbread' 'nbwrite'> <Ports = 0> <Width = 128> <Depth = 100000> <FIFO>
ST_26 : Operation 97 [1/1] ( I:1.82ns O:1.82ns )   --->   "%layer31_cpy1_read_24 = read i128 @_ssdm_op_Read.ap_fifo.volatile.i128P0A, i128 %layer31_cpy1" [firmware/nnet_utils/nnet_padding_stream.h:20->firmware/nnet_utils/nnet_padding_stream.h:66]   --->   Operation 97 'read' 'layer31_cpy1_read_24' <Predicate = (!icmp_ln59)> <Delay = 1.82> <CoreInst = "FIFO">   --->   Core 77 'FIFO' <Latency = 0> <II = 1> <Delay = 2.16> <Storage> <Opcode : 'read' 'write' 'nbread' 'nbwrite'> <Ports = 0> <Width = 128> <Depth = 100000> <FIFO>

State 27 <SV = 26> <Delay = 1.82>
ST_27 : Operation 98 [1/1] ( I:1.82ns O:1.82ns )   --->   "%write_ln26 = write void @_ssdm_op_Write.ap_fifo.volatile.i128P0A, i128 %layer37_out, i128 %layer31_cpy1_read_24" [firmware/nnet_utils/nnet_padding_stream.h:26->firmware/nnet_utils/nnet_padding_stream.h:66]   --->   Operation 98 'write' 'write_ln26' <Predicate = (!icmp_ln59)> <Delay = 1.82> <CoreInst = "FIFO">   --->   Core 77 'FIFO' <Latency = 0> <II = 1> <Delay = 2.16> <Storage> <Opcode : 'read' 'write' 'nbread' 'nbwrite'> <Ports = 0> <Width = 128> <Depth = 100000> <FIFO>
ST_27 : Operation 99 [1/1] ( I:1.82ns O:1.82ns )   --->   "%layer31_cpy1_read_25 = read i128 @_ssdm_op_Read.ap_fifo.volatile.i128P0A, i128 %layer31_cpy1" [firmware/nnet_utils/nnet_padding_stream.h:20->firmware/nnet_utils/nnet_padding_stream.h:66]   --->   Operation 99 'read' 'layer31_cpy1_read_25' <Predicate = (!icmp_ln59)> <Delay = 1.82> <CoreInst = "FIFO">   --->   Core 77 'FIFO' <Latency = 0> <II = 1> <Delay = 2.16> <Storage> <Opcode : 'read' 'write' 'nbread' 'nbwrite'> <Ports = 0> <Width = 128> <Depth = 100000> <FIFO>

State 28 <SV = 27> <Delay = 1.82>
ST_28 : Operation 100 [1/1] ( I:1.82ns O:1.82ns )   --->   "%write_ln26 = write void @_ssdm_op_Write.ap_fifo.volatile.i128P0A, i128 %layer37_out, i128 %layer31_cpy1_read_25" [firmware/nnet_utils/nnet_padding_stream.h:26->firmware/nnet_utils/nnet_padding_stream.h:66]   --->   Operation 100 'write' 'write_ln26' <Predicate = (!icmp_ln59)> <Delay = 1.82> <CoreInst = "FIFO">   --->   Core 77 'FIFO' <Latency = 0> <II = 1> <Delay = 2.16> <Storage> <Opcode : 'read' 'write' 'nbread' 'nbwrite'> <Ports = 0> <Width = 128> <Depth = 100000> <FIFO>
ST_28 : Operation 101 [1/1] ( I:1.82ns O:1.82ns )   --->   "%layer31_cpy1_read_26 = read i128 @_ssdm_op_Read.ap_fifo.volatile.i128P0A, i128 %layer31_cpy1" [firmware/nnet_utils/nnet_padding_stream.h:20->firmware/nnet_utils/nnet_padding_stream.h:66]   --->   Operation 101 'read' 'layer31_cpy1_read_26' <Predicate = (!icmp_ln59)> <Delay = 1.82> <CoreInst = "FIFO">   --->   Core 77 'FIFO' <Latency = 0> <II = 1> <Delay = 2.16> <Storage> <Opcode : 'read' 'write' 'nbread' 'nbwrite'> <Ports = 0> <Width = 128> <Depth = 100000> <FIFO>

State 29 <SV = 28> <Delay = 1.82>
ST_29 : Operation 102 [1/1] ( I:1.82ns O:1.82ns )   --->   "%write_ln26 = write void @_ssdm_op_Write.ap_fifo.volatile.i128P0A, i128 %layer37_out, i128 %layer31_cpy1_read_26" [firmware/nnet_utils/nnet_padding_stream.h:26->firmware/nnet_utils/nnet_padding_stream.h:66]   --->   Operation 102 'write' 'write_ln26' <Predicate = (!icmp_ln59)> <Delay = 1.82> <CoreInst = "FIFO">   --->   Core 77 'FIFO' <Latency = 0> <II = 1> <Delay = 2.16> <Storage> <Opcode : 'read' 'write' 'nbread' 'nbwrite'> <Ports = 0> <Width = 128> <Depth = 100000> <FIFO>
ST_29 : Operation 103 [1/1] ( I:1.82ns O:1.82ns )   --->   "%layer31_cpy1_read_27 = read i128 @_ssdm_op_Read.ap_fifo.volatile.i128P0A, i128 %layer31_cpy1" [firmware/nnet_utils/nnet_padding_stream.h:20->firmware/nnet_utils/nnet_padding_stream.h:66]   --->   Operation 103 'read' 'layer31_cpy1_read_27' <Predicate = (!icmp_ln59)> <Delay = 1.82> <CoreInst = "FIFO">   --->   Core 77 'FIFO' <Latency = 0> <II = 1> <Delay = 2.16> <Storage> <Opcode : 'read' 'write' 'nbread' 'nbwrite'> <Ports = 0> <Width = 128> <Depth = 100000> <FIFO>

State 30 <SV = 29> <Delay = 1.82>
ST_30 : Operation 104 [1/1] ( I:1.82ns O:1.82ns )   --->   "%write_ln26 = write void @_ssdm_op_Write.ap_fifo.volatile.i128P0A, i128 %layer37_out, i128 %layer31_cpy1_read_27" [firmware/nnet_utils/nnet_padding_stream.h:26->firmware/nnet_utils/nnet_padding_stream.h:66]   --->   Operation 104 'write' 'write_ln26' <Predicate = (!icmp_ln59)> <Delay = 1.82> <CoreInst = "FIFO">   --->   Core 77 'FIFO' <Latency = 0> <II = 1> <Delay = 2.16> <Storage> <Opcode : 'read' 'write' 'nbread' 'nbwrite'> <Ports = 0> <Width = 128> <Depth = 100000> <FIFO>
ST_30 : Operation 105 [1/1] ( I:1.82ns O:1.82ns )   --->   "%layer31_cpy1_read_28 = read i128 @_ssdm_op_Read.ap_fifo.volatile.i128P0A, i128 %layer31_cpy1" [firmware/nnet_utils/nnet_padding_stream.h:20->firmware/nnet_utils/nnet_padding_stream.h:66]   --->   Operation 105 'read' 'layer31_cpy1_read_28' <Predicate = (!icmp_ln59)> <Delay = 1.82> <CoreInst = "FIFO">   --->   Core 77 'FIFO' <Latency = 0> <II = 1> <Delay = 2.16> <Storage> <Opcode : 'read' 'write' 'nbread' 'nbwrite'> <Ports = 0> <Width = 128> <Depth = 100000> <FIFO>

State 31 <SV = 30> <Delay = 1.82>
ST_31 : Operation 106 [1/1] ( I:1.82ns O:1.82ns )   --->   "%write_ln26 = write void @_ssdm_op_Write.ap_fifo.volatile.i128P0A, i128 %layer37_out, i128 %layer31_cpy1_read_28" [firmware/nnet_utils/nnet_padding_stream.h:26->firmware/nnet_utils/nnet_padding_stream.h:66]   --->   Operation 106 'write' 'write_ln26' <Predicate = (!icmp_ln59)> <Delay = 1.82> <CoreInst = "FIFO">   --->   Core 77 'FIFO' <Latency = 0> <II = 1> <Delay = 2.16> <Storage> <Opcode : 'read' 'write' 'nbread' 'nbwrite'> <Ports = 0> <Width = 128> <Depth = 100000> <FIFO>
ST_31 : Operation 107 [1/1] ( I:1.82ns O:1.82ns )   --->   "%layer31_cpy1_read_29 = read i128 @_ssdm_op_Read.ap_fifo.volatile.i128P0A, i128 %layer31_cpy1" [firmware/nnet_utils/nnet_padding_stream.h:20->firmware/nnet_utils/nnet_padding_stream.h:66]   --->   Operation 107 'read' 'layer31_cpy1_read_29' <Predicate = (!icmp_ln59)> <Delay = 1.82> <CoreInst = "FIFO">   --->   Core 77 'FIFO' <Latency = 0> <II = 1> <Delay = 2.16> <Storage> <Opcode : 'read' 'write' 'nbread' 'nbwrite'> <Ports = 0> <Width = 128> <Depth = 100000> <FIFO>

State 32 <SV = 31> <Delay = 1.82>
ST_32 : Operation 108 [1/1] ( I:1.82ns O:1.82ns )   --->   "%write_ln26 = write void @_ssdm_op_Write.ap_fifo.volatile.i128P0A, i128 %layer37_out, i128 %layer31_cpy1_read_29" [firmware/nnet_utils/nnet_padding_stream.h:26->firmware/nnet_utils/nnet_padding_stream.h:66]   --->   Operation 108 'write' 'write_ln26' <Predicate = (!icmp_ln59)> <Delay = 1.82> <CoreInst = "FIFO">   --->   Core 77 'FIFO' <Latency = 0> <II = 1> <Delay = 2.16> <Storage> <Opcode : 'read' 'write' 'nbread' 'nbwrite'> <Ports = 0> <Width = 128> <Depth = 100000> <FIFO>
ST_32 : Operation 109 [1/1] ( I:1.82ns O:1.82ns )   --->   "%layer31_cpy1_read_30 = read i128 @_ssdm_op_Read.ap_fifo.volatile.i128P0A, i128 %layer31_cpy1" [firmware/nnet_utils/nnet_padding_stream.h:20->firmware/nnet_utils/nnet_padding_stream.h:66]   --->   Operation 109 'read' 'layer31_cpy1_read_30' <Predicate = (!icmp_ln59)> <Delay = 1.82> <CoreInst = "FIFO">   --->   Core 77 'FIFO' <Latency = 0> <II = 1> <Delay = 2.16> <Storage> <Opcode : 'read' 'write' 'nbread' 'nbwrite'> <Ports = 0> <Width = 128> <Depth = 100000> <FIFO>

State 33 <SV = 32> <Delay = 1.82>
ST_33 : Operation 110 [1/1] ( I:1.82ns O:1.82ns )   --->   "%write_ln26 = write void @_ssdm_op_Write.ap_fifo.volatile.i128P0A, i128 %layer37_out, i128 %layer31_cpy1_read_30" [firmware/nnet_utils/nnet_padding_stream.h:26->firmware/nnet_utils/nnet_padding_stream.h:66]   --->   Operation 110 'write' 'write_ln26' <Predicate = (!icmp_ln59)> <Delay = 1.82> <CoreInst = "FIFO">   --->   Core 77 'FIFO' <Latency = 0> <II = 1> <Delay = 2.16> <Storage> <Opcode : 'read' 'write' 'nbread' 'nbwrite'> <Ports = 0> <Width = 128> <Depth = 100000> <FIFO>
ST_33 : Operation 111 [1/1] ( I:1.82ns O:1.82ns )   --->   "%layer31_cpy1_read_31 = read i128 @_ssdm_op_Read.ap_fifo.volatile.i128P0A, i128 %layer31_cpy1" [firmware/nnet_utils/nnet_padding_stream.h:20->firmware/nnet_utils/nnet_padding_stream.h:66]   --->   Operation 111 'read' 'layer31_cpy1_read_31' <Predicate = (!icmp_ln59)> <Delay = 1.82> <CoreInst = "FIFO">   --->   Core 77 'FIFO' <Latency = 0> <II = 1> <Delay = 2.16> <Storage> <Opcode : 'read' 'write' 'nbread' 'nbwrite'> <Ports = 0> <Width = 128> <Depth = 100000> <FIFO>

State 34 <SV = 33> <Delay = 1.82>
ST_34 : Operation 112 [1/1] ( I:1.82ns O:1.82ns )   --->   "%write_ln26 = write void @_ssdm_op_Write.ap_fifo.volatile.i128P0A, i128 %layer37_out, i128 %layer31_cpy1_read_31" [firmware/nnet_utils/nnet_padding_stream.h:26->firmware/nnet_utils/nnet_padding_stream.h:66]   --->   Operation 112 'write' 'write_ln26' <Predicate = (!icmp_ln59)> <Delay = 1.82> <CoreInst = "FIFO">   --->   Core 77 'FIFO' <Latency = 0> <II = 1> <Delay = 2.16> <Storage> <Opcode : 'read' 'write' 'nbread' 'nbwrite'> <Ports = 0> <Width = 128> <Depth = 100000> <FIFO>

State 35 <SV = 34> <Delay = 1.82>
ST_35 : Operation 113 [1/1] (0.00ns)   --->   "%specpipeline_ln59 = specpipeline void @_ssdm_op_SpecPipeline, i32 4294967295, i32 0, i32 0, i32 0, i32 4294967295, void @empty_11" [firmware/nnet_utils/nnet_padding_stream.h:59]   --->   Operation 113 'specpipeline' 'specpipeline_ln59' <Predicate = true> <Delay = 0.00>
ST_35 : Operation 114 [1/1] (0.00ns)   --->   "%speclooptripcount_ln59 = speclooptripcount void @_ssdm_op_SpecLoopTripCount, i64 32, i64 32, i64 32" [firmware/nnet_utils/nnet_padding_stream.h:59]   --->   Operation 114 'speclooptripcount' 'speclooptripcount_ln59' <Predicate = true> <Delay = 0.00>
ST_35 : Operation 115 [1/1] (0.00ns)   --->   "%specloopname_ln59 = specloopname void @_ssdm_op_SpecLoopName, void @empty_5" [firmware/nnet_utils/nnet_padding_stream.h:59]   --->   Operation 115 'specloopname' 'specloopname_ln59' <Predicate = true> <Delay = 0.00>
ST_35 : Operation 116 [1/1] ( I:1.82ns O:1.82ns )   --->   "%write_ln15 = write void @_ssdm_op_Write.ap_fifo.volatile.i128P0A, i128 %layer37_out, i128 0" [firmware/nnet_utils/nnet_padding_stream.h:15->firmware/nnet_utils/nnet_padding_stream.h:70]   --->   Operation 116 'write' 'write_ln15' <Predicate = true> <Delay = 1.82> <CoreInst = "FIFO">   --->   Core 77 'FIFO' <Latency = 0> <II = 1> <Delay = 2.16> <Storage> <Opcode : 'read' 'write' 'nbread' 'nbwrite'> <Ports = 0> <Width = 128> <Depth = 100000> <FIFO>
ST_35 : Operation 117 [1/1] (0.00ns)   --->   "%br_ln59 = br void %PadLeft" [firmware/nnet_utils/nnet_padding_stream.h:59]   --->   Operation 117 'br' 'br_ln59' <Predicate = true> <Delay = 0.00>


============================================================
+ Verbose Summary: Timing violations
============================================================
Target clock period: 5.000ns, clock uncertainty: 1.350ns.

 <State 1>: 2.192ns
The critical path consists of the following:
	'store' operation ('store_ln59', firmware/nnet_utils/nnet_padding_stream.h:59) of constant 0 6 bit on local variable 'i', firmware/nnet_utils/nnet_padding_stream.h:59 [6]  (0.538 ns)
	'load' operation 6 bit ('i', firmware/nnet_utils/nnet_padding_stream.h:59) on local variable 'i', firmware/nnet_utils/nnet_padding_stream.h:59 [9]  (0.000 ns)
	'add' operation 6 bit ('i', firmware/nnet_utils/nnet_padding_stream.h:59) [11]  (1.115 ns)
	'store' operation ('store_ln59', firmware/nnet_utils/nnet_padding_stream.h:59) of variable 'i', firmware/nnet_utils/nnet_padding_stream.h:59 6 bit on local variable 'i', firmware/nnet_utils/nnet_padding_stream.h:59 [83]  (0.538 ns)

 <State 2>: 1.825ns
The critical path consists of the following:
	fifo write operation ('write_ln15', firmware/nnet_utils/nnet_padding_stream.h:15->firmware/nnet_utils/nnet_padding_stream.h:62) on port 'layer37_out' (firmware/nnet_utils/nnet_padding_stream.h:15->firmware/nnet_utils/nnet_padding_stream.h:62) [17]  (1.825 ns)

 <State 3>: 1.825ns
The critical path consists of the following:
	fifo write operation ('write_ln26', firmware/nnet_utils/nnet_padding_stream.h:26->firmware/nnet_utils/nnet_padding_stream.h:66) on port 'layer37_out' (firmware/nnet_utils/nnet_padding_stream.h:26->firmware/nnet_utils/nnet_padding_stream.h:66) [19]  (1.825 ns)

 <State 4>: 1.825ns
The critical path consists of the following:
	fifo write operation ('write_ln26', firmware/nnet_utils/nnet_padding_stream.h:26->firmware/nnet_utils/nnet_padding_stream.h:66) on port 'layer37_out' (firmware/nnet_utils/nnet_padding_stream.h:26->firmware/nnet_utils/nnet_padding_stream.h:66) [21]  (1.825 ns)

 <State 5>: 1.825ns
The critical path consists of the following:
	fifo write operation ('write_ln26', firmware/nnet_utils/nnet_padding_stream.h:26->firmware/nnet_utils/nnet_padding_stream.h:66) on port 'layer37_out' (firmware/nnet_utils/nnet_padding_stream.h:26->firmware/nnet_utils/nnet_padding_stream.h:66) [23]  (1.825 ns)

 <State 6>: 1.825ns
The critical path consists of the following:
	fifo write operation ('write_ln26', firmware/nnet_utils/nnet_padding_stream.h:26->firmware/nnet_utils/nnet_padding_stream.h:66) on port 'layer37_out' (firmware/nnet_utils/nnet_padding_stream.h:26->firmware/nnet_utils/nnet_padding_stream.h:66) [25]  (1.825 ns)

 <State 7>: 1.825ns
The critical path consists of the following:
	fifo write operation ('write_ln26', firmware/nnet_utils/nnet_padding_stream.h:26->firmware/nnet_utils/nnet_padding_stream.h:66) on port 'layer37_out' (firmware/nnet_utils/nnet_padding_stream.h:26->firmware/nnet_utils/nnet_padding_stream.h:66) [27]  (1.825 ns)

 <State 8>: 1.825ns
The critical path consists of the following:
	fifo write operation ('write_ln26', firmware/nnet_utils/nnet_padding_stream.h:26->firmware/nnet_utils/nnet_padding_stream.h:66) on port 'layer37_out' (firmware/nnet_utils/nnet_padding_stream.h:26->firmware/nnet_utils/nnet_padding_stream.h:66) [29]  (1.825 ns)

 <State 9>: 1.825ns
The critical path consists of the following:
	fifo write operation ('write_ln26', firmware/nnet_utils/nnet_padding_stream.h:26->firmware/nnet_utils/nnet_padding_stream.h:66) on port 'layer37_out' (firmware/nnet_utils/nnet_padding_stream.h:26->firmware/nnet_utils/nnet_padding_stream.h:66) [31]  (1.825 ns)

 <State 10>: 1.825ns
The critical path consists of the following:
	fifo write operation ('write_ln26', firmware/nnet_utils/nnet_padding_stream.h:26->firmware/nnet_utils/nnet_padding_stream.h:66) on port 'layer37_out' (firmware/nnet_utils/nnet_padding_stream.h:26->firmware/nnet_utils/nnet_padding_stream.h:66) [33]  (1.825 ns)

 <State 11>: 1.825ns
The critical path consists of the following:
	fifo write operation ('write_ln26', firmware/nnet_utils/nnet_padding_stream.h:26->firmware/nnet_utils/nnet_padding_stream.h:66) on port 'layer37_out' (firmware/nnet_utils/nnet_padding_stream.h:26->firmware/nnet_utils/nnet_padding_stream.h:66) [35]  (1.825 ns)

 <State 12>: 1.825ns
The critical path consists of the following:
	fifo write operation ('write_ln26', firmware/nnet_utils/nnet_padding_stream.h:26->firmware/nnet_utils/nnet_padding_stream.h:66) on port 'layer37_out' (firmware/nnet_utils/nnet_padding_stream.h:26->firmware/nnet_utils/nnet_padding_stream.h:66) [37]  (1.825 ns)

 <State 13>: 1.825ns
The critical path consists of the following:
	fifo write operation ('write_ln26', firmware/nnet_utils/nnet_padding_stream.h:26->firmware/nnet_utils/nnet_padding_stream.h:66) on port 'layer37_out' (firmware/nnet_utils/nnet_padding_stream.h:26->firmware/nnet_utils/nnet_padding_stream.h:66) [39]  (1.825 ns)

 <State 14>: 1.825ns
The critical path consists of the following:
	fifo write operation ('write_ln26', firmware/nnet_utils/nnet_padding_stream.h:26->firmware/nnet_utils/nnet_padding_stream.h:66) on port 'layer37_out' (firmware/nnet_utils/nnet_padding_stream.h:26->firmware/nnet_utils/nnet_padding_stream.h:66) [41]  (1.825 ns)

 <State 15>: 1.825ns
The critical path consists of the following:
	fifo write operation ('write_ln26', firmware/nnet_utils/nnet_padding_stream.h:26->firmware/nnet_utils/nnet_padding_stream.h:66) on port 'layer37_out' (firmware/nnet_utils/nnet_padding_stream.h:26->firmware/nnet_utils/nnet_padding_stream.h:66) [43]  (1.825 ns)

 <State 16>: 1.825ns
The critical path consists of the following:
	fifo write operation ('write_ln26', firmware/nnet_utils/nnet_padding_stream.h:26->firmware/nnet_utils/nnet_padding_stream.h:66) on port 'layer37_out' (firmware/nnet_utils/nnet_padding_stream.h:26->firmware/nnet_utils/nnet_padding_stream.h:66) [45]  (1.825 ns)

 <State 17>: 1.825ns
The critical path consists of the following:
	fifo write operation ('write_ln26', firmware/nnet_utils/nnet_padding_stream.h:26->firmware/nnet_utils/nnet_padding_stream.h:66) on port 'layer37_out' (firmware/nnet_utils/nnet_padding_stream.h:26->firmware/nnet_utils/nnet_padding_stream.h:66) [47]  (1.825 ns)

 <State 18>: 1.825ns
The critical path consists of the following:
	fifo write operation ('write_ln26', firmware/nnet_utils/nnet_padding_stream.h:26->firmware/nnet_utils/nnet_padding_stream.h:66) on port 'layer37_out' (firmware/nnet_utils/nnet_padding_stream.h:26->firmware/nnet_utils/nnet_padding_stream.h:66) [49]  (1.825 ns)

 <State 19>: 1.825ns
The critical path consists of the following:
	fifo write operation ('write_ln26', firmware/nnet_utils/nnet_padding_stream.h:26->firmware/nnet_utils/nnet_padding_stream.h:66) on port 'layer37_out' (firmware/nnet_utils/nnet_padding_stream.h:26->firmware/nnet_utils/nnet_padding_stream.h:66) [51]  (1.825 ns)

 <State 20>: 1.825ns
The critical path consists of the following:
	fifo write operation ('write_ln26', firmware/nnet_utils/nnet_padding_stream.h:26->firmware/nnet_utils/nnet_padding_stream.h:66) on port 'layer37_out' (firmware/nnet_utils/nnet_padding_stream.h:26->firmware/nnet_utils/nnet_padding_stream.h:66) [53]  (1.825 ns)

 <State 21>: 1.825ns
The critical path consists of the following:
	fifo write operation ('write_ln26', firmware/nnet_utils/nnet_padding_stream.h:26->firmware/nnet_utils/nnet_padding_stream.h:66) on port 'layer37_out' (firmware/nnet_utils/nnet_padding_stream.h:26->firmware/nnet_utils/nnet_padding_stream.h:66) [55]  (1.825 ns)

 <State 22>: 1.825ns
The critical path consists of the following:
	fifo write operation ('write_ln26', firmware/nnet_utils/nnet_padding_stream.h:26->firmware/nnet_utils/nnet_padding_stream.h:66) on port 'layer37_out' (firmware/nnet_utils/nnet_padding_stream.h:26->firmware/nnet_utils/nnet_padding_stream.h:66) [57]  (1.825 ns)

 <State 23>: 1.825ns
The critical path consists of the following:
	fifo write operation ('write_ln26', firmware/nnet_utils/nnet_padding_stream.h:26->firmware/nnet_utils/nnet_padding_stream.h:66) on port 'layer37_out' (firmware/nnet_utils/nnet_padding_stream.h:26->firmware/nnet_utils/nnet_padding_stream.h:66) [59]  (1.825 ns)

 <State 24>: 1.825ns
The critical path consists of the following:
	fifo write operation ('write_ln26', firmware/nnet_utils/nnet_padding_stream.h:26->firmware/nnet_utils/nnet_padding_stream.h:66) on port 'layer37_out' (firmware/nnet_utils/nnet_padding_stream.h:26->firmware/nnet_utils/nnet_padding_stream.h:66) [61]  (1.825 ns)

 <State 25>: 1.825ns
The critical path consists of the following:
	fifo write operation ('write_ln26', firmware/nnet_utils/nnet_padding_stream.h:26->firmware/nnet_utils/nnet_padding_stream.h:66) on port 'layer37_out' (firmware/nnet_utils/nnet_padding_stream.h:26->firmware/nnet_utils/nnet_padding_stream.h:66) [63]  (1.825 ns)

 <State 26>: 1.825ns
The critical path consists of the following:
	fifo write operation ('write_ln26', firmware/nnet_utils/nnet_padding_stream.h:26->firmware/nnet_utils/nnet_padding_stream.h:66) on port 'layer37_out' (firmware/nnet_utils/nnet_padding_stream.h:26->firmware/nnet_utils/nnet_padding_stream.h:66) [65]  (1.825 ns)

 <State 27>: 1.825ns
The critical path consists of the following:
	fifo write operation ('write_ln26', firmware/nnet_utils/nnet_padding_stream.h:26->firmware/nnet_utils/nnet_padding_stream.h:66) on port 'layer37_out' (firmware/nnet_utils/nnet_padding_stream.h:26->firmware/nnet_utils/nnet_padding_stream.h:66) [67]  (1.825 ns)

 <State 28>: 1.825ns
The critical path consists of the following:
	fifo write operation ('write_ln26', firmware/nnet_utils/nnet_padding_stream.h:26->firmware/nnet_utils/nnet_padding_stream.h:66) on port 'layer37_out' (firmware/nnet_utils/nnet_padding_stream.h:26->firmware/nnet_utils/nnet_padding_stream.h:66) [69]  (1.825 ns)

 <State 29>: 1.825ns
The critical path consists of the following:
	fifo write operation ('write_ln26', firmware/nnet_utils/nnet_padding_stream.h:26->firmware/nnet_utils/nnet_padding_stream.h:66) on port 'layer37_out' (firmware/nnet_utils/nnet_padding_stream.h:26->firmware/nnet_utils/nnet_padding_stream.h:66) [71]  (1.825 ns)

 <State 30>: 1.825ns
The critical path consists of the following:
	fifo write operation ('write_ln26', firmware/nnet_utils/nnet_padding_stream.h:26->firmware/nnet_utils/nnet_padding_stream.h:66) on port 'layer37_out' (firmware/nnet_utils/nnet_padding_stream.h:26->firmware/nnet_utils/nnet_padding_stream.h:66) [73]  (1.825 ns)

 <State 31>: 1.825ns
The critical path consists of the following:
	fifo write operation ('write_ln26', firmware/nnet_utils/nnet_padding_stream.h:26->firmware/nnet_utils/nnet_padding_stream.h:66) on port 'layer37_out' (firmware/nnet_utils/nnet_padding_stream.h:26->firmware/nnet_utils/nnet_padding_stream.h:66) [75]  (1.825 ns)

 <State 32>: 1.825ns
The critical path consists of the following:
	fifo write operation ('write_ln26', firmware/nnet_utils/nnet_padding_stream.h:26->firmware/nnet_utils/nnet_padding_stream.h:66) on port 'layer37_out' (firmware/nnet_utils/nnet_padding_stream.h:26->firmware/nnet_utils/nnet_padding_stream.h:66) [77]  (1.825 ns)

 <State 33>: 1.825ns
The critical path consists of the following:
	fifo write operation ('write_ln26', firmware/nnet_utils/nnet_padding_stream.h:26->firmware/nnet_utils/nnet_padding_stream.h:66) on port 'layer37_out' (firmware/nnet_utils/nnet_padding_stream.h:26->firmware/nnet_utils/nnet_padding_stream.h:66) [79]  (1.825 ns)

 <State 34>: 1.825ns
The critical path consists of the following:
	fifo write operation ('write_ln26', firmware/nnet_utils/nnet_padding_stream.h:26->firmware/nnet_utils/nnet_padding_stream.h:66) on port 'layer37_out' (firmware/nnet_utils/nnet_padding_stream.h:26->firmware/nnet_utils/nnet_padding_stream.h:66) [81]  (1.825 ns)

 <State 35>: 1.825ns
The critical path consists of the following:
	fifo write operation ('write_ln15', firmware/nnet_utils/nnet_padding_stream.h:15->firmware/nnet_utils/nnet_padding_stream.h:70) on port 'layer37_out' (firmware/nnet_utils/nnet_padding_stream.h:15->firmware/nnet_utils/nnet_padding_stream.h:70) [82]  (1.825 ns)


============================================================
+ Verbose Summary: Binding
============================================================
N/A
* FSMD analyzer results:
  - Output states:
 - Input state : 
  - Chain level:
	State 1
	State 2
	State 3
	State 4
	State 5
	State 6
	State 7
	State 8
	State 9
	State 10
	State 11
	State 12
	State 13
	State 14
	State 15
	State 16
	State 17
	State 18
	State 19
	State 20
	State 21
	State 22
	State 23
	State 24
	State 25
	State 26
	State 27
	State 28
	State 29
	State 30
	State 31
	State 32
	State 33
	State 34
	State 35


============================================================
+ Verbose Summary: Datapath Resource usage 
============================================================
N/A
