

================================================================
== Vitis HLS Report for 'zeropad2d_cl_array_array_ap_fixed_1u_config30_Pipeline_PadMain_CopyMain'
================================================================
* Date:           Wed Apr 22 16:01:54 2026

* Version:        2023.2 (Build 4023990 on Oct 11 2023)
* Project:        folo_prj
* Solution:       solution1 (Vivado IP Flow Target)
* Product family: kintexu
* Target device:  xcku035-fbva676-2-e


================================================================
== Performance Estimates
================================================================
+ Timing: 
    * Summary: 
    +--------+---------+----------+------------+
    |  Clock |  Target | Estimated| Uncertainty|
    +--------+---------+----------+------------+
    |ap_clk  |  5.00 ns|  2.902 ns|     1.35 ns|
    +--------+---------+----------+------------+

+ Latency: 
    * Summary: 
    +---------+---------+----------+----------+--------+--------+---------+
    |  Latency (cycles) |  Latency (absolute) |     Interval    | Pipeline|
    |   min   |   max   |    min   |    max   |   min  |   max  |   Type  |
    +---------+---------+----------+----------+--------+--------+---------+
    |   131074|   131074|  0.655 ms|  0.655 ms|  131074|  131074|       no|
    +---------+---------+----------+----------+--------+--------+---------+

    + Detail: 
        * Instance: 
        N/A

        * Loop: 
        +--------------------+---------+---------+----------+-----------+-----------+-------+----------+
        |                    |  Latency (cycles) | Iteration|  Initiation Interval  |  Trip |          |
        |      Loop Name     |   min   |   max   |  Latency |  achieved |   target  | Count | Pipelined|
        +--------------------+---------+---------+----------+-----------+-----------+-------+----------+
        |- PadMain_CopyMain  |   131072|   131072|         3|          2|          1|  65536|       yes|
        +--------------------+---------+---------+----------+-----------+-----------+-------+----------+

============================================================
+ Verbose Summary: Synthesis Manager
============================================================
InlineROM: 1
ExposeGlobal: 0
============================================================
+ Verbose Summary: CDFG Model
============================================================
IsTopModel: 0
ResetActiveHigh: 1
IsCombinational: 0
IsDatapathOnly: 0
HasWiredReturn: 1
HasMFsm: 2
HasVarLatency: 1
IsPipeline: 0
IsRtlPipelined: 0
IsInstanceOverlapped: 0
IsDontTouch: 0
HasImplIP: 0
IsGatedGlobalClock: 0

+ Individual pipeline summary: 
  * Pipeline-0: initiation interval (II) = 2, depth = 3


============================================================
+ Verbose Summary: Schedule
============================================================
* Number of FSM states : 3
* Pipeline : 1
  Pipeline-0 : II = 2, D = 3, States = { 1 2 3 }
* Dataflow Pipeline: 0

* FSM state transitions: 
1 --> 2 
2 --> 3 
3 --> 

* FSM state operations: 

State 1 <SV = 0> <Delay = 1.96>
ST_1 : Operation 6 [1/1] (0.00ns)   --->   "%j = alloca i32 1" [firmware/nnet_utils/nnet_padding_stream.h:65]   --->   Operation 6 'alloca' 'j' <Predicate = true> <Delay = 0.00>
ST_1 : Operation 7 [1/1] (0.00ns)   --->   "%indvar_flatten = alloca i32 1"   --->   Operation 7 'alloca' 'indvar_flatten' <Predicate = true> <Delay = 0.00>
ST_1 : Operation 8 [1/1] (0.00ns)   --->   "%specinterface_ln0 = specinterface void @_ssdm_op_SpecInterface, i16 %input_layer, void @empty_6, i32 0, i32 0, void @empty_14, i32 0, i32 0, void @empty_8, void @empty_8, void @empty_8, i32 0, i32 0, i32 0, i32 0, void @empty_8, void @empty_8, i32 4294967295, i32 0"   --->   Operation 8 'specinterface' 'specinterface_ln0' <Predicate = true> <Delay = 0.00>
ST_1 : Operation 9 [1/1] (0.00ns)   --->   "%specinterface_ln0 = specinterface void @_ssdm_op_SpecInterface, i12 %layer30_out, void @empty_13, i32 0, i32 0, void @empty_8, i32 0, i32 0, void @empty_8, void @empty_8, void @empty_8, i32 0, i32 0, i32 0, i32 0, void @empty_8, void @empty_8, i32 4294967295, i32 0"   --->   Operation 9 'specinterface' 'specinterface_ln0' <Predicate = true> <Delay = 0.00>
ST_1 : Operation 10 [1/1] (0.53ns)   --->   "%store_ln0 = store i17 0, i17 %indvar_flatten"   --->   Operation 10 'store' 'store_ln0' <Predicate = true> <Delay = 0.53>
ST_1 : Operation 11 [1/1] (0.53ns)   --->   "%store_ln65 = store i9 0, i9 %j" [firmware/nnet_utils/nnet_padding_stream.h:65]   --->   Operation 11 'store' 'store_ln65' <Predicate = true> <Delay = 0.53>
ST_1 : Operation 12 [1/1] (0.00ns)   --->   "%br_ln0 = br void %for.body25"   --->   Operation 12 'br' 'br_ln0' <Predicate = true> <Delay = 0.00>
ST_1 : Operation 13 [1/1] (0.00ns)   --->   "%indvar_flatten_load = load i17 %indvar_flatten" [firmware/nnet_utils/nnet_padding_stream.h:59]   --->   Operation 13 'load' 'indvar_flatten_load' <Predicate = true> <Delay = 0.00>
ST_1 : Operation 14 [1/1] (1.42ns)   --->   "%icmp_ln59 = icmp_eq  i17 %indvar_flatten_load, i17 65536" [firmware/nnet_utils/nnet_padding_stream.h:59]   --->   Operation 14 'icmp' 'icmp_ln59' <Predicate = true> <Delay = 1.42> <CoreInst = "Cmp">   --->   Core 9 'Cmp' <Latency = 0> <II = 1> <Delay = 1.42> <FuncUnit> <Opcode : 'icmp'> <InPorts = 2> <OutPorts = 1>
ST_1 : Operation 15 [1/1] (1.42ns)   --->   "%add_ln59 = add i17 %indvar_flatten_load, i17 1" [firmware/nnet_utils/nnet_padding_stream.h:59]   --->   Operation 15 'add' 'add_ln59' <Predicate = true> <Delay = 1.42> <CoreInst = "Adder">   --->   Core 1 'Adder' <Latency = 0> <II = 1> <Delay = 1.42> <FuncUnit> <Opcode : 'add' 'sub'> <InPorts = 2> <OutPorts = 1>
ST_1 : Operation 16 [1/1] (0.00ns)   --->   "%br_ln59 = br i1 %icmp_ln59, void %for.inc34, void %for.inc50.preheader.exitStub" [firmware/nnet_utils/nnet_padding_stream.h:59]   --->   Operation 16 'br' 'br_ln59' <Predicate = true> <Delay = 0.00>
ST_1 : Operation 34 [1/1] (0.00ns)   --->   "%ret_ln0 = ret"   --->   Operation 34 'ret' 'ret_ln0' <Predicate = (icmp_ln59)> <Delay = 0.00>

State 2 <SV = 1> <Delay = 2.90>
ST_2 : Operation 17 [1/1] (0.00ns)   --->   "%j_load = load i9 %j" [firmware/nnet_utils/nnet_padding_stream.h:65]   --->   Operation 17 'load' 'j_load' <Predicate = (!icmp_ln59)> <Delay = 0.00>
ST_2 : Operation 18 [1/1] (0.00ns)   --->   "%specloopname_ln0 = specloopname void @_ssdm_op_SpecLoopName, void @PadMain_CopyMain_str"   --->   Operation 18 'specloopname' 'specloopname_ln0' <Predicate = (!icmp_ln59)> <Delay = 0.00>
ST_2 : Operation 19 [1/1] (0.00ns)   --->   "%speclooptripcount_ln0 = speclooptripcount void @_ssdm_op_SpecLoopTripCount, i64 65536, i64 65536, i64 65536"   --->   Operation 19 'speclooptripcount' 'speclooptripcount_ln0' <Predicate = (!icmp_ln59)> <Delay = 0.00>
ST_2 : Operation 20 [1/1] (0.00ns)   --->   "%specpipeline_ln18 = specpipeline void @_ssdm_op_SpecPipeline, i32 4294967295, i32 0, i32 0, i32 0, void @empty_8" [firmware/nnet_utils/nnet_padding_stream.h:18->firmware/nnet_utils/nnet_padding_stream.h:66]   --->   Operation 20 'specpipeline' 'specpipeline_ln18' <Predicate = (!icmp_ln59)> <Delay = 0.00>
ST_2 : Operation 21 [1/1] (1.00ns)   --->   "%input_layer_read = read i16 @_ssdm_op_Read.axis.volatile.i16P128A, i16 %input_layer" [firmware/nnet_utils/nnet_padding_stream.h:20->firmware/nnet_utils/nnet_padding_stream.h:66]   --->   Operation 21 'read' 'input_layer_read' <Predicate = (!icmp_ln59)> <Delay = 1.00> <CoreInst = "axis">   --->   Core 123 'axis' <Latency = 0> <II = 1> <Delay = 1.00> <Adapter> <Opcode : >
ST_2 : Operation 22 [1/1] (0.00ns)   --->   "%trunc_ln26 = trunc i16 %input_layer_read" [firmware/nnet_utils/nnet_padding_stream.h:26->firmware/nnet_utils/nnet_padding_stream.h:66]   --->   Operation 22 'trunc' 'trunc_ln26' <Predicate = (!icmp_ln59)> <Delay = 0.00>
ST_2 : Operation 23 [1/1] (1.82ns)   --->   "%write_ln26 = write void @_ssdm_op_Write.ap_fifo.volatile.i12P0A, i12 %layer30_out, i12 %trunc_ln26" [firmware/nnet_utils/nnet_padding_stream.h:26->firmware/nnet_utils/nnet_padding_stream.h:66]   --->   Operation 23 'write' 'write_ln26' <Predicate = (!icmp_ln59)> <Delay = 1.82> <CoreInst = "FIFO">   --->   Core 78 'FIFO' <Latency = 0> <II = 1> <Delay = 2.16> <Storage> <Opcode : 'read' 'write' 'nbread' 'nbwrite'> <Ports = 0> <Width = 12> <Depth = 66049> <FIFO>
ST_2 : Operation 24 [1/1] (1.30ns)   --->   "%add_ln65 = add i9 %j_load, i9 1" [firmware/nnet_utils/nnet_padding_stream.h:65]   --->   Operation 24 'add' 'add_ln65' <Predicate = (!icmp_ln59)> <Delay = 1.30> <CoreInst = "Adder">   --->   Core 1 'Adder' <Latency = 0> <II = 1> <Delay = 1.30> <FuncUnit> <Opcode : 'add' 'sub'> <InPorts = 2> <OutPorts = 1>
ST_2 : Operation 25 [1/1] (1.30ns)   --->   "%icmp_ln65 = icmp_eq  i9 %j_load, i9 256" [firmware/nnet_utils/nnet_padding_stream.h:65]   --->   Operation 25 'icmp' 'icmp_ln65' <Predicate = (!icmp_ln59)> <Delay = 1.30> <CoreInst = "Cmp">   --->   Core 9 'Cmp' <Latency = 0> <II = 1> <Delay = 1.30> <FuncUnit> <Opcode : 'icmp'> <InPorts = 2> <OutPorts = 1>
ST_2 : Operation 26 [1/1] (0.29ns)   --->   "%j_16 = select i1 %icmp_ln65, i9 1, i9 %add_ln65" [firmware/nnet_utils/nnet_padding_stream.h:65]   --->   Operation 26 'select' 'j_16' <Predicate = (!icmp_ln59)> <Delay = 0.29> <CoreInst = "Sel">   --->   Core 73 'Sel' <Latency = 0> <II = 1> <Delay = 0.29> <FuncUnit> <Opcode : 'select'> <InPorts = 3> <OutPorts = 1>
ST_2 : Operation 27 [1/1] (1.30ns)   --->   "%icmp_ln65_3 = icmp_eq  i9 %j_16, i9 256" [firmware/nnet_utils/nnet_padding_stream.h:65]   --->   Operation 27 'icmp' 'icmp_ln65_3' <Predicate = (!icmp_ln59)> <Delay = 1.30> <CoreInst = "Cmp">   --->   Core 9 'Cmp' <Latency = 0> <II = 1> <Delay = 1.30> <FuncUnit> <Opcode : 'icmp'> <InPorts = 2> <OutPorts = 1>
ST_2 : Operation 28 [1/1] (0.00ns)   --->   "%br_ln65 = br i1 %icmp_ln65_3, void %new.latch.for.body25.split, void %last.iter.for.body25.split" [firmware/nnet_utils/nnet_padding_stream.h:65]   --->   Operation 28 'br' 'br_ln65' <Predicate = (!icmp_ln59)> <Delay = 0.00>
ST_2 : Operation 29 [1/1] (0.53ns)   --->   "%store_ln59 = store i17 %add_ln59, i17 %indvar_flatten" [firmware/nnet_utils/nnet_padding_stream.h:59]   --->   Operation 29 'store' 'store_ln59' <Predicate = (!icmp_ln59)> <Delay = 0.53>
ST_2 : Operation 30 [1/1] (0.53ns)   --->   "%store_ln65 = store i9 %j_16, i9 %j" [firmware/nnet_utils/nnet_padding_stream.h:65]   --->   Operation 30 'store' 'store_ln65' <Predicate = (!icmp_ln59)> <Delay = 0.53>
ST_2 : Operation 31 [1/1] (0.00ns)   --->   "%br_ln65 = br void %for.body25" [firmware/nnet_utils/nnet_padding_stream.h:65]   --->   Operation 31 'br' 'br_ln65' <Predicate = (!icmp_ln59)> <Delay = 0.00>

State 3 <SV = 2> <Delay = 1.82>
ST_3 : Operation 32 [1/1] (1.82ns)   --->   "%write_ln15 = write void @_ssdm_op_Write.ap_fifo.volatile.i12P0A, i12 %layer30_out, i12 0" [firmware/nnet_utils/nnet_padding_stream.h:15->firmware/nnet_utils/nnet_padding_stream.h:70]   --->   Operation 32 'write' 'write_ln15' <Predicate = (icmp_ln65_3)> <Delay = 1.82> <CoreInst = "FIFO">   --->   Core 78 'FIFO' <Latency = 0> <II = 1> <Delay = 2.16> <Storage> <Opcode : 'read' 'write' 'nbread' 'nbwrite'> <Ports = 0> <Width = 12> <Depth = 66049> <FIFO>
ST_3 : Operation 33 [1/1] (0.00ns)   --->   "%br_ln65 = br void %new.latch.for.body25.split" [firmware/nnet_utils/nnet_padding_stream.h:65]   --->   Operation 33 'br' 'br_ln65' <Predicate = (icmp_ln65_3)> <Delay = 0.00>


============================================================
+ Verbose Summary: Binding
============================================================
STG Binding: 
---------------- STG Properties BEGIN ----------------
- Is combinational: 0
- Is one-state seq: 0
- Is datapath-only: 0
- Is pipelined: 0
- Is top level: 0
Port [ Return ] is wired: 1; IO mode=ap_ctrl_hs:ce=0
Port [ layer30_out]:  wired=1; compound=1; hidden=0; nouse=0; global=0; static=0; extern=0; dir=1; type=3; pingpong=0; private_global=0; IO mode=ap_fifo:ce=0
Port [ input_layer]:  wired=1; compound=1; hidden=0; nouse=0; global=0; static=0; extern=0; dir=0; type=0; pingpong=0; private_global=0; IO mode=axis:ce=0
---------------- STG Properties END ------------------

---------------- Datapath Model BEGIN ----------------

<LifeTime>
<method=bitvector/>
j                     (alloca           ) [ 0110]
indvar_flatten        (alloca           ) [ 0110]
specinterface_ln0     (specinterface    ) [ 0000]
specinterface_ln0     (specinterface    ) [ 0000]
store_ln0             (store            ) [ 0000]
store_ln65            (store            ) [ 0000]
br_ln0                (br               ) [ 0000]
indvar_flatten_load   (load             ) [ 0000]
icmp_ln59             (icmp             ) [ 0110]
add_ln59              (add              ) [ 0010]
br_ln59               (br               ) [ 0000]
j_load                (load             ) [ 0000]
specloopname_ln0      (specloopname     ) [ 0000]
speclooptripcount_ln0 (speclooptripcount) [ 0000]
specpipeline_ln18     (specpipeline     ) [ 0000]
input_layer_read      (read             ) [ 0000]
trunc_ln26            (trunc            ) [ 0000]
write_ln26            (write            ) [ 0000]
add_ln65              (add              ) [ 0000]
icmp_ln65             (icmp             ) [ 0000]
j_16                  (select           ) [ 0000]
icmp_ln65_3           (icmp             ) [ 0101]
br_ln65               (br               ) [ 0000]
store_ln59            (store            ) [ 0000]
store_ln65            (store            ) [ 0000]
br_ln65               (br               ) [ 0000]
write_ln15            (write            ) [ 0000]
br_ln65               (br               ) [ 0000]
ret_ln0               (ret              ) [ 0000]
</LifeTime>

<model>

<comp_list>
<comp id="0" class="1000" name="layer30_out">
<pin_list>
<pin id="1" dir="1" index="0" bw="1" slack="0"/>
</pin_list>
<bind>
<StgValue><ssdm name="layer30_out"/></StgValue>
</bind>
</comp>

<comp id="2" class="1000" name="input_layer">
<pin_list>
<pin id="3" dir="1" index="0" bw="1" slack="0"/>
</pin_list>
<bind>
<StgValue><ssdm name="input_layer"/></StgValue>
</bind>
</comp>

<comp id="4" class="1001" name="const_4">
<pin_list>
<pin id="5" dir="1" index="0" bw="1" slack="0"/>
</pin_list>
<bind>
<StgValue><ssdm name=""/></StgValue>
</bind>
</comp>

<comp id="6" class="1001" name="const_6">
<pin_list>
<pin id="7" dir="1" index="0" bw="1" slack="2147483647"/>
</pin_list>
<bind>
<StgValue><ssdm name="_ssdm_op_SpecInterface"/></StgValue>
</bind>
</comp>

<comp id="8" class="1001" name="const_8">
<pin_list>
<pin id="9" dir="1" index="0" bw="1" slack="2147483647"/>
</pin_list>
<bind>
<StgValue><ssdm name="empty_6"/></StgValue>
</bind>
</comp>

<comp id="10" class="1001" name="const_10">
<pin_list>
<pin id="11" dir="1" index="0" bw="1" slack="2147483647"/>
</pin_list>
<bind>
<StgValue><ssdm name=""/></StgValue>
</bind>
</comp>

<comp id="12" class="1001" name="const_12">
<pin_list>
<pin id="13" dir="1" index="0" bw="1" slack="2147483647"/>
</pin_list>
<bind>
<StgValue><ssdm name="empty_14"/></StgValue>
</bind>
</comp>

<comp id="14" class="1001" name="const_14">
<pin_list>
<pin id="15" dir="1" index="0" bw="1" slack="2147483647"/>
</pin_list>
<bind>
<StgValue><ssdm name="empty_8"/></StgValue>
</bind>
</comp>

<comp id="16" class="1001" name="const_16">
<pin_list>
<pin id="17" dir="1" index="0" bw="1" slack="2147483647"/>
</pin_list>
<bind>
<StgValue><ssdm name=""/></StgValue>
</bind>
</comp>

<comp id="18" class="1001" name="const_18">
<pin_list>
<pin id="19" dir="1" index="0" bw="1" slack="2147483647"/>
</pin_list>
<bind>
<StgValue><ssdm name="empty_13"/></StgValue>
</bind>
</comp>

<comp id="20" class="1001" name="const_20">
<pin_list>
<pin id="21" dir="1" index="0" bw="1" slack="0"/>
</pin_list>
<bind>
<StgValue><ssdm name=""/></StgValue>
</bind>
</comp>

<comp id="22" class="1001" name="const_22">
<pin_list>
<pin id="23" dir="1" index="0" bw="1" slack="0"/>
</pin_list>
<bind>
<StgValue><ssdm name=""/></StgValue>
</bind>
</comp>

<comp id="24" class="1001" name="const_24">
<pin_list>
<pin id="25" dir="1" index="0" bw="1" slack="0"/>
</pin_list>
<bind>
<StgValue><ssdm name=""/></StgValue>
</bind>
</comp>

<comp id="26" class="1001" name="const_26">
<pin_list>
<pin id="27" dir="1" index="0" bw="1" slack="0"/>
</pin_list>
<bind>
<StgValue><ssdm name=""/></StgValue>
</bind>
</comp>

<comp id="28" class="1001" name="const_28">
<pin_list>
<pin id="29" dir="1" index="0" bw="1" slack="2147483647"/>
</pin_list>
<bind>
<StgValue><ssdm name="_ssdm_op_SpecLoopName"/></StgValue>
</bind>
</comp>

<comp id="30" class="1001" name="const_30">
<pin_list>
<pin id="31" dir="1" index="0" bw="1" slack="2147483647"/>
</pin_list>
<bind>
<StgValue><ssdm name="PadMain_CopyMain_str"/></StgValue>
</bind>
</comp>

<comp id="32" class="1001" name="const_32">
<pin_list>
<pin id="33" dir="1" index="0" bw="1" slack="2147483647"/>
</pin_list>
<bind>
<StgValue><ssdm name="_ssdm_op_SpecLoopTripCount"/></StgValue>
</bind>
</comp>

<comp id="34" class="1001" name="const_34">
<pin_list>
<pin id="35" dir="1" index="0" bw="1" slack="2147483647"/>
</pin_list>
<bind>
<StgValue><ssdm name=""/></StgValue>
</bind>
</comp>

<comp id="36" class="1001" name="const_36">
<pin_list>
<pin id="37" dir="1" index="0" bw="1" slack="2147483647"/>
</pin_list>
<bind>
<StgValue><ssdm name="_ssdm_op_SpecPipeline"/></StgValue>
</bind>
</comp>

<comp id="38" class="1001" name="const_38">
<pin_list>
<pin id="39" dir="1" index="0" bw="1" slack="0"/>
</pin_list>
<bind>
<StgValue><ssdm name="_ssdm_op_Read.axis.volatile.i16P128A"/></StgValue>
</bind>
</comp>

<comp id="40" class="1001" name="const_40">
<pin_list>
<pin id="41" dir="1" index="0" bw="1" slack="0"/>
</pin_list>
<bind>
<StgValue><ssdm name="_ssdm_op_Write.ap_fifo.volatile.i12P0A"/></StgValue>
</bind>
</comp>

<comp id="42" class="1001" name="const_42">
<pin_list>
<pin id="43" dir="1" index="0" bw="1" slack="0"/>
</pin_list>
<bind>
<StgValue><ssdm name=""/></StgValue>
</bind>
</comp>

<comp id="44" class="1001" name="const_44">
<pin_list>
<pin id="45" dir="1" index="0" bw="1" slack="0"/>
</pin_list>
<bind>
<StgValue><ssdm name=""/></StgValue>
</bind>
</comp>

<comp id="46" class="1001" name="const_46">
<pin_list>
<pin id="47" dir="1" index="0" bw="1" slack="0"/>
</pin_list>
<bind>
<StgValue><ssdm name=""/></StgValue>
</bind>
</comp>

<comp id="48" class="1004" name="j_fu_48">
<pin_list>
<pin id="49" dir="0" index="0" bw="1" slack="0"/>
<pin id="50" dir="1" index="1" bw="9" slack="0"/>
</pin_list>
<bind>
<opcode="alloca(26) " fcode="alloca"/>
<opset="j/1 "/>
</bind>
</comp>

<comp id="52" class="1004" name="indvar_flatten_fu_52">
<pin_list>
<pin id="53" dir="0" index="0" bw="1" slack="0"/>
<pin id="54" dir="1" index="1" bw="17" slack="0"/>
</pin_list>
<bind>
<opcode="alloca(26) " fcode="alloca"/>
<opset="indvar_flatten/1 "/>
</bind>
</comp>

<comp id="56" class="1004" name="input_layer_read_read_fu_56">
<pin_list>
<pin id="57" dir="0" index="0" bw="16" slack="0"/>
<pin id="58" dir="0" index="1" bw="16" slack="0"/>
<pin id="59" dir="1" index="2" bw="16" slack="0"/>
</pin_list>
<bind>
<opcode="read(1150) " fcode="read"/>
<opset="input_layer_read/2 "/>
</bind>
</comp>

<comp id="62" class="1004" name="grp_write_fu_62">
<pin_list>
<pin id="63" dir="0" index="0" bw="0" slack="0"/>
<pin id="64" dir="0" index="1" bw="12" slack="0"/>
<pin id="65" dir="0" index="2" bw="12" slack="0"/>
<pin id="66" dir="1" index="3" bw="0" slack="2147483647"/>
</pin_list>
<bind>
<opcode="write(1151) " fcode="write"/>
<opset="write_ln26/2 write_ln15/3 "/>
</bind>
</comp>

<comp id="70" class="1004" name="store_ln0_store_fu_70">
<pin_list>
<pin id="71" dir="0" index="0" bw="1" slack="0"/>
<pin id="72" dir="0" index="1" bw="17" slack="0"/>
<pin id="73" dir="1" index="2" bw="0" slack="2147483647"/>
</pin_list>
<bind>
<opcode="store(28) " fcode="store"/>
<opset="store_ln0/1 "/>
</bind>
</comp>

<comp id="75" class="1004" name="store_ln65_store_fu_75">
<pin_list>
<pin id="76" dir="0" index="0" bw="1" slack="0"/>
<pin id="77" dir="0" index="1" bw="9" slack="0"/>
<pin id="78" dir="1" index="2" bw="0" slack="2147483647"/>
</pin_list>
<bind>
<opcode="store(28) " fcode="store"/>
<opset="store_ln65/1 "/>
</bind>
</comp>

<comp id="80" class="1004" name="indvar_flatten_load_load_fu_80">
<pin_list>
<pin id="81" dir="0" index="0" bw="17" slack="0"/>
<pin id="82" dir="1" index="1" bw="17" slack="0"/>
</pin_list>
<bind>
<opcode="load(27) " fcode="load"/>
<opset="indvar_flatten_load/1 "/>
</bind>
</comp>

<comp id="83" class="1004" name="icmp_ln59_fu_83">
<pin_list>
<pin id="84" dir="0" index="0" bw="17" slack="0"/>
<pin id="85" dir="0" index="1" bw="17" slack="0"/>
<pin id="86" dir="1" index="2" bw="1" slack="1"/>
</pin_list>
<bind>
<opcode="icmp(45) " fcode="icmp"/>
<opset="icmp_ln59/1 "/>
</bind>
</comp>

<comp id="89" class="1004" name="add_ln59_fu_89">
<pin_list>
<pin id="90" dir="0" index="0" bw="17" slack="0"/>
<pin id="91" dir="0" index="1" bw="1" slack="0"/>
<pin id="92" dir="1" index="2" bw="17" slack="1"/>
</pin_list>
<bind>
<opcode="add(8) " fcode="add"/>
<opset="add_ln59/1 "/>
</bind>
</comp>

<comp id="95" class="1004" name="j_load_load_fu_95">
<pin_list>
<pin id="96" dir="0" index="0" bw="9" slack="1"/>
<pin id="97" dir="1" index="1" bw="9" slack="0"/>
</pin_list>
<bind>
<opcode="load(27) " fcode="load"/>
<opset="j_load/2 "/>
</bind>
</comp>

<comp id="98" class="1004" name="trunc_ln26_fu_98">
<pin_list>
<pin id="99" dir="0" index="0" bw="16" slack="0"/>
<pin id="100" dir="1" index="1" bw="12" slack="0"/>
</pin_list>
<bind>
<opcode="trunc(33) " fcode="trunc"/>
<opset="trunc_ln26/2 "/>
</bind>
</comp>

<comp id="103" class="1004" name="add_ln65_fu_103">
<pin_list>
<pin id="104" dir="0" index="0" bw="9" slack="0"/>
<pin id="105" dir="0" index="1" bw="1" slack="0"/>
<pin id="106" dir="1" index="2" bw="9" slack="0"/>
</pin_list>
<bind>
<opcode="add(8) " fcode="add"/>
<opset="add_ln65/2 "/>
</bind>
</comp>

<comp id="109" class="1004" name="icmp_ln65_fu_109">
<pin_list>
<pin id="110" dir="0" index="0" bw="9" slack="0"/>
<pin id="111" dir="0" index="1" bw="9" slack="0"/>
<pin id="112" dir="1" index="2" bw="1" slack="0"/>
</pin_list>
<bind>
<opcode="icmp(45) " fcode="icmp"/>
<opset="icmp_ln65/2 "/>
</bind>
</comp>

<comp id="115" class="1004" name="j_16_fu_115">
<pin_list>
<pin id="116" dir="0" index="0" bw="1" slack="0"/>
<pin id="117" dir="0" index="1" bw="1" slack="0"/>
<pin id="118" dir="0" index="2" bw="9" slack="0"/>
<pin id="119" dir="1" index="3" bw="9" slack="0"/>
</pin_list>
<bind>
<opcode="select(49) " fcode="select"/>
<opset="j_16/2 "/>
</bind>
</comp>

<comp id="123" class="1004" name="icmp_ln65_3_fu_123">
<pin_list>
<pin id="124" dir="0" index="0" bw="9" slack="0"/>
<pin id="125" dir="0" index="1" bw="9" slack="0"/>
<pin id="126" dir="1" index="2" bw="1" slack="1"/>
</pin_list>
<bind>
<opcode="icmp(45) " fcode="icmp"/>
<opset="icmp_ln65_3/2 "/>
</bind>
</comp>

<comp id="129" class="1004" name="store_ln59_store_fu_129">
<pin_list>
<pin id="130" dir="0" index="0" bw="17" slack="1"/>
<pin id="131" dir="0" index="1" bw="17" slack="1"/>
<pin id="132" dir="1" index="2" bw="0" slack="2147483647"/>
</pin_list>
<bind>
<opcode="store(28) " fcode="store"/>
<opset="store_ln59/2 "/>
</bind>
</comp>

<comp id="133" class="1004" name="store_ln65_store_fu_133">
<pin_list>
<pin id="134" dir="0" index="0" bw="9" slack="0"/>
<pin id="135" dir="0" index="1" bw="9" slack="1"/>
<pin id="136" dir="1" index="2" bw="0" slack="2147483647"/>
</pin_list>
<bind>
<opcode="store(28) " fcode="store"/>
<opset="store_ln65/2 "/>
</bind>
</comp>

<comp id="138" class="1005" name="j_reg_138">
<pin_list>
<pin id="139" dir="0" index="0" bw="9" slack="0"/>
<pin id="140" dir="1" index="1" bw="9" slack="0"/>
</pin_list>
<bind>
<opset="j "/>
</bind>
</comp>

<comp id="145" class="1005" name="indvar_flatten_reg_145">
<pin_list>
<pin id="146" dir="0" index="0" bw="17" slack="0"/>
<pin id="147" dir="1" index="1" bw="17" slack="0"/>
</pin_list>
<bind>
<opset="indvar_flatten "/>
</bind>
</comp>

<comp id="152" class="1005" name="icmp_ln59_reg_152">
<pin_list>
<pin id="153" dir="0" index="0" bw="1" slack="1"/>
<pin id="154" dir="1" index="1" bw="1" slack="2147483647"/>
</pin_list>
<bind>
<opset="icmp_ln59 "/>
</bind>
</comp>

<comp id="156" class="1005" name="add_ln59_reg_156">
<pin_list>
<pin id="157" dir="0" index="0" bw="17" slack="1"/>
<pin id="158" dir="1" index="1" bw="17" slack="1"/>
</pin_list>
<bind>
<opset="add_ln59 "/>
</bind>
</comp>

<comp id="161" class="1005" name="icmp_ln65_3_reg_161">
<pin_list>
<pin id="162" dir="0" index="0" bw="1" slack="1"/>
<pin id="163" dir="1" index="1" bw="1" slack="2147483647"/>
</pin_list>
<bind>
<opset="icmp_ln65_3 "/>
</bind>
</comp>

</comp_list>

<net_list>
<net id="51"><net_src comp="4" pin="0"/><net_sink comp="48" pin=0"/></net>

<net id="55"><net_src comp="4" pin="0"/><net_sink comp="52" pin=0"/></net>

<net id="60"><net_src comp="38" pin="0"/><net_sink comp="56" pin=0"/></net>

<net id="61"><net_src comp="2" pin="0"/><net_sink comp="56" pin=1"/></net>

<net id="67"><net_src comp="40" pin="0"/><net_sink comp="62" pin=0"/></net>

<net id="68"><net_src comp="0" pin="0"/><net_sink comp="62" pin=1"/></net>

<net id="69"><net_src comp="46" pin="0"/><net_sink comp="62" pin=2"/></net>

<net id="74"><net_src comp="20" pin="0"/><net_sink comp="70" pin=0"/></net>

<net id="79"><net_src comp="22" pin="0"/><net_sink comp="75" pin=0"/></net>

<net id="87"><net_src comp="80" pin="1"/><net_sink comp="83" pin=0"/></net>

<net id="88"><net_src comp="24" pin="0"/><net_sink comp="83" pin=1"/></net>

<net id="93"><net_src comp="80" pin="1"/><net_sink comp="89" pin=0"/></net>

<net id="94"><net_src comp="26" pin="0"/><net_sink comp="89" pin=1"/></net>

<net id="101"><net_src comp="56" pin="2"/><net_sink comp="98" pin=0"/></net>

<net id="102"><net_src comp="98" pin="1"/><net_sink comp="62" pin=2"/></net>

<net id="107"><net_src comp="95" pin="1"/><net_sink comp="103" pin=0"/></net>

<net id="108"><net_src comp="42" pin="0"/><net_sink comp="103" pin=1"/></net>

<net id="113"><net_src comp="95" pin="1"/><net_sink comp="109" pin=0"/></net>

<net id="114"><net_src comp="44" pin="0"/><net_sink comp="109" pin=1"/></net>

<net id="120"><net_src comp="109" pin="2"/><net_sink comp="115" pin=0"/></net>

<net id="121"><net_src comp="42" pin="0"/><net_sink comp="115" pin=1"/></net>

<net id="122"><net_src comp="103" pin="2"/><net_sink comp="115" pin=2"/></net>

<net id="127"><net_src comp="115" pin="3"/><net_sink comp="123" pin=0"/></net>

<net id="128"><net_src comp="44" pin="0"/><net_sink comp="123" pin=1"/></net>

<net id="137"><net_src comp="115" pin="3"/><net_sink comp="133" pin=0"/></net>

<net id="141"><net_src comp="48" pin="1"/><net_sink comp="138" pin=0"/></net>

<net id="142"><net_src comp="138" pin="1"/><net_sink comp="75" pin=1"/></net>

<net id="143"><net_src comp="138" pin="1"/><net_sink comp="95" pin=0"/></net>

<net id="144"><net_src comp="138" pin="1"/><net_sink comp="133" pin=1"/></net>

<net id="148"><net_src comp="52" pin="1"/><net_sink comp="145" pin=0"/></net>

<net id="149"><net_src comp="145" pin="1"/><net_sink comp="70" pin=1"/></net>

<net id="150"><net_src comp="145" pin="1"/><net_sink comp="80" pin=0"/></net>

<net id="151"><net_src comp="145" pin="1"/><net_sink comp="129" pin=1"/></net>

<net id="155"><net_src comp="83" pin="2"/><net_sink comp="152" pin=0"/></net>

<net id="159"><net_src comp="89" pin="2"/><net_sink comp="156" pin=0"/></net>

<net id="160"><net_src comp="156" pin="1"/><net_sink comp="129" pin=0"/></net>

<net id="164"><net_src comp="123" pin="2"/><net_sink comp="161" pin=0"/></net>

</net_list>

</model> 
---------------- Datapath Model END ------------------

* FSMD analyzer results:
  - Output states:
	Port: layer30_out | {2 3 }
 - Input state : 
	Port: zeropad2d_cl<array,array<ap_fixed,1u>,config30>_Pipeline_PadMain_CopyMain : input_layer | {2 }
  - Chain level:
	State 1
		store_ln0 : 1
		store_ln65 : 1
		indvar_flatten_load : 1
		icmp_ln59 : 2
		add_ln59 : 2
		br_ln59 : 3
	State 2
		write_ln26 : 1
		add_ln65 : 1
		icmp_ln65 : 1
		j_16 : 2
		icmp_ln65_3 : 3
		br_ln65 : 4
		store_ln65 : 3
	State 3


============================================================
+ Verbose Summary: Datapath Resource usage 
============================================================

* Functional unit list:
|----------|-----------------------------|---------|---------|
| Operation|       Functional Unit       |    FF   |   LUT   |
|----------|-----------------------------|---------|---------|
|          |       icmp_ln59_fu_83       |    0    |    24   |
|   icmp   |       icmp_ln65_fu_109      |    0    |    16   |
|          |      icmp_ln65_3_fu_123     |    0    |    16   |
|----------|-----------------------------|---------|---------|
|    add   |        add_ln59_fu_89       |    0    |    24   |
|          |       add_ln65_fu_103       |    0    |    16   |
|----------|-----------------------------|---------|---------|
|  select  |         j_16_fu_115         |    0    |    9    |
|----------|-----------------------------|---------|---------|
|   read   | input_layer_read_read_fu_56 |    0    |    0    |
|----------|-----------------------------|---------|---------|
|   write  |       grp_write_fu_62       |    0    |    0    |
|----------|-----------------------------|---------|---------|
|   trunc  |       trunc_ln26_fu_98      |    0    |    0    |
|----------|-----------------------------|---------|---------|
|   Total  |                             |    0    |   105   |
|----------|-----------------------------|---------|---------|

Memories:
N/A

* Register list:
+----------------------+--------+
|                      |   FF   |
+----------------------+--------+
|   add_ln59_reg_156   |   17   |
|   icmp_ln59_reg_152  |    1   |
|  icmp_ln65_3_reg_161 |    1   |
|indvar_flatten_reg_145|   17   |
|       j_reg_138      |    9   |
+----------------------+--------+
|         Total        |   45   |
+----------------------+--------+

* Multiplexer (MUX) list: 
|-----------------|------|------|------|--------||---------||---------|
|       Comp      |  Pin | Size |  BW  | S x BW ||  Delay  ||   LUT   |
|-----------------|------|------|------|--------||---------||---------|
| grp_write_fu_62 |  p2  |   2  |  12  |   24   ||    9    |
|-----------------|------|------|------|--------||---------||---------|
|      Total      |      |      |      |   24   ||  0.538  ||    9    |
|-----------------|------|------|------|--------||---------||---------|



* Summary:
+-----------+--------+--------+--------+
|           |  Delay |   FF   |   LUT  |
+-----------+--------+--------+--------+
|  Function |    -   |    0   |   105  |
|   Memory  |    -   |    -   |    -   |
|Multiplexer|    0   |    -   |    9   |
|  Register |    -   |   45   |    -   |
+-----------+--------+--------+--------+
|   Total   |    0   |   45   |   114  |
+-----------+--------+--------+--------+
