

================================================================
== Vitis HLS Report for 'zeropad2d_cl_array_array_ap_fixed_6u_config34_Pipeline_PadBottomWidth'
================================================================
* Date:           Wed Apr 22 16:02:01 2026

* Version:        2023.2 (Build 4023990 on Oct 11 2023)
* Project:        folo_prj
* Solution:       solution1 (Vivado IP Flow Target)
* Product family: kintexu
* Target device:  xcku035-fbva676-2-e


================================================================
== Performance Estimates
================================================================
+ Timing: 
    * Summary: 
    +--------+---------+----------+------------+
    |  Clock |  Target | Estimated| Uncertainty|
    +--------+---------+----------+------------+
    |ap_clk  |  5.00 ns|  2.276 ns|     1.35 ns|
    +--------+---------+----------+------------+

+ Latency: 
    * Summary: 
    +---------+---------+----------+----------+-----+-----+---------+
    |  Latency (cycles) |  Latency (absolute) |  Interval | Pipeline|
    |   min   |   max   |    min   |    max   | min | max |   Type  |
    +---------+---------+----------+----------+-----+-----+---------+
    |       67|       67|  0.335 us|  0.335 us|   67|   67|       no|
    +---------+---------+----------+----------+-----+-----+---------+

    + Detail: 
        * Instance: 
        N/A

        * Loop: 
        +------------------+---------+---------+----------+-----------+-----------+------+----------+
        |                  |  Latency (cycles) | Iteration|  Initiation Interval  | Trip |          |
        |     Loop Name    |   min   |   max   |  Latency |  achieved |   target  | Count| Pipelined|
        +------------------+---------+---------+----------+-----------+-----------+------+----------+
        |- PadBottomWidth  |       65|       65|         2|          1|          1|    65|       yes|
        +------------------+---------+---------+----------+-----------+-----------+------+----------+

============================================================
+ Verbose Summary: Synthesis Manager
============================================================
InlineROM: 1
ExposeGlobal: 0
============================================================
+ Verbose Summary: CDFG Model
============================================================
IsTopModel: 0
ResetActiveHigh: 1
IsCombinational: 0
IsDatapathOnly: 0
HasWiredReturn: 1
HasMFsm: 2
HasVarLatency: 1
IsPipeline: 0
IsRtlPipelined: 0
IsInstanceOverlapped: 0
IsDontTouch: 0
HasImplIP: 0
IsGatedGlobalClock: 0

+ Individual pipeline summary: 
  * Pipeline-0: initiation interval (II) = 1, depth = 2


============================================================
+ Verbose Summary: Schedule
============================================================
* Number of FSM states : 2
* Pipeline : 1
  Pipeline-0 : II = 1, D = 2, States = { 1 2 }
* Dataflow Pipeline: 0

* FSM state transitions: 
1 --> 2 
2 --> 

* FSM state operations: 

State 1 <SV = 0> <Delay = 2.27>
ST_1 : Operation 5 [1/1] (0.00ns)   --->   "%j = alloca i32 1" [firmware/nnet_utils/nnet_padding_stream.h:77]   --->   Operation 5 'alloca' 'j' <Predicate = true> <Delay = 0.00>
ST_1 : Operation 6 [1/1] (0.00ns)   --->   "%specinterface_ln0 = specinterface void @_ssdm_op_SpecInterface, i72 %layer34_out, void @empty_13, i32 0, i32 0, void @empty_8, i32 0, i32 0, void @empty_8, void @empty_8, void @empty_8, i32 0, i32 0, i32 0, i32 0, void @empty_8, void @empty_8, i32 4294967295, i32 0"   --->   Operation 6 'specinterface' 'specinterface_ln0' <Predicate = true> <Delay = 0.00>
ST_1 : Operation 7 [1/1] (0.53ns)   --->   "%store_ln77 = store i7 0, i7 %j" [firmware/nnet_utils/nnet_padding_stream.h:77]   --->   Operation 7 'store' 'store_ln77' <Predicate = true> <Delay = 0.53>
ST_1 : Operation 8 [1/1] (0.00ns)   --->   "%br_ln0 = br void %for.inc50"   --->   Operation 8 'br' 'br_ln0' <Predicate = true> <Delay = 0.00>
ST_1 : Operation 9 [1/1] (0.00ns)   --->   "%j_8 = load i7 %j" [firmware/nnet_utils/nnet_padding_stream.h:77]   --->   Operation 9 'load' 'j_8' <Predicate = true> <Delay = 0.00>
ST_1 : Operation 10 [1/1] (1.20ns)   --->   "%icmp_ln77 = icmp_eq  i7 %j_8, i7 65" [firmware/nnet_utils/nnet_padding_stream.h:77]   --->   Operation 10 'icmp' 'icmp_ln77' <Predicate = true> <Delay = 1.20> <CoreInst = "Cmp">   --->   Core 9 'Cmp' <Latency = 0> <II = 1> <Delay = 1.20> <FuncUnit> <Opcode : 'icmp'> <InPorts = 2> <OutPorts = 1>
ST_1 : Operation 11 [1/1] (1.20ns)   --->   "%j_9 = add i7 %j_8, i7 1" [firmware/nnet_utils/nnet_padding_stream.h:77]   --->   Operation 11 'add' 'j_9' <Predicate = true> <Delay = 1.20> <CoreInst = "Adder">   --->   Core 1 'Adder' <Latency = 0> <II = 1> <Delay = 1.20> <FuncUnit> <Opcode : 'add' 'sub'> <InPorts = 2> <OutPorts = 1>
ST_1 : Operation 12 [1/1] (0.00ns)   --->   "%br_ln77 = br i1 %icmp_ln77, void %for.inc50.split, void %for.end55.exitStub" [firmware/nnet_utils/nnet_padding_stream.h:77]   --->   Operation 12 'br' 'br_ln77' <Predicate = true> <Delay = 0.00>
ST_1 : Operation 13 [1/1] (0.53ns)   --->   "%store_ln77 = store i7 %j_9, i7 %j" [firmware/nnet_utils/nnet_padding_stream.h:77]   --->   Operation 13 'store' 'store_ln77' <Predicate = (!icmp_ln77)> <Delay = 0.53>
ST_1 : Operation 19 [1/1] (0.00ns)   --->   "%ret_ln0 = ret"   --->   Operation 19 'ret' 'ret_ln0' <Predicate = (icmp_ln77)> <Delay = 0.00>

State 2 <SV = 1> <Delay = 1.82>
ST_2 : Operation 14 [1/1] (0.00ns)   --->   "%specpipeline_ln77 = specpipeline void @_ssdm_op_SpecPipeline, i32 4294967295, i32 0, i32 0, i32 0, void @empty_8" [firmware/nnet_utils/nnet_padding_stream.h:77]   --->   Operation 14 'specpipeline' 'specpipeline_ln77' <Predicate = true> <Delay = 0.00>
ST_2 : Operation 15 [1/1] (0.00ns)   --->   "%speclooptripcount_ln77 = speclooptripcount void @_ssdm_op_SpecLoopTripCount, i64 65, i64 65, i64 65" [firmware/nnet_utils/nnet_padding_stream.h:77]   --->   Operation 15 'speclooptripcount' 'speclooptripcount_ln77' <Predicate = true> <Delay = 0.00>
ST_2 : Operation 16 [1/1] (0.00ns)   --->   "%specloopname_ln77 = specloopname void @_ssdm_op_SpecLoopName, void @empty_2" [firmware/nnet_utils/nnet_padding_stream.h:77]   --->   Operation 16 'specloopname' 'specloopname_ln77' <Predicate = true> <Delay = 0.00>
ST_2 : Operation 17 [1/1] (1.82ns)   --->   "%write_ln15 = write void @_ssdm_op_Write.ap_fifo.volatile.i72P0A, i72 %layer34_out, i72 0" [firmware/nnet_utils/nnet_padding_stream.h:15->firmware/nnet_utils/nnet_padding_stream.h:78]   --->   Operation 17 'write' 'write_ln15' <Predicate = true> <Delay = 1.82> <CoreInst = "FIFO">   --->   Core 78 'FIFO' <Latency = 0> <II = 1> <Delay = 2.16> <Storage> <Opcode : 'read' 'write' 'nbread' 'nbwrite'> <Ports = 0> <Width = 72> <Depth = 4225> <FIFO>
ST_2 : Operation 18 [1/1] (0.00ns)   --->   "%br_ln77 = br void %for.inc50" [firmware/nnet_utils/nnet_padding_stream.h:77]   --->   Operation 18 'br' 'br_ln77' <Predicate = true> <Delay = 0.00>


============================================================
+ Verbose Summary: Timing violations
============================================================
Target clock period: 5.000ns, clock uncertainty: 1.350ns.

 <State 1>: 2.276ns
The critical path consists of the following:
	'store' operation 0 bit ('store_ln77', firmware/nnet_utils/nnet_padding_stream.h:77) of constant 0 on local variable 'j', firmware/nnet_utils/nnet_padding_stream.h:77 [4]  (0.538 ns)
	'load' operation 7 bit ('j', firmware/nnet_utils/nnet_padding_stream.h:77) on local variable 'j', firmware/nnet_utils/nnet_padding_stream.h:77 [7]  (0.000 ns)
	'add' operation 7 bit ('j', firmware/nnet_utils/nnet_padding_stream.h:77) [9]  (1.200 ns)
	'store' operation 0 bit ('store_ln77', firmware/nnet_utils/nnet_padding_stream.h:77) of variable 'j', firmware/nnet_utils/nnet_padding_stream.h:77 on local variable 'j', firmware/nnet_utils/nnet_padding_stream.h:77 [16]  (0.538 ns)

 <State 2>: 1.825ns
The critical path consists of the following:
	fifo write operation ('write_ln15', firmware/nnet_utils/nnet_padding_stream.h:15->firmware/nnet_utils/nnet_padding_stream.h:78) on port 'layer34_out' (firmware/nnet_utils/nnet_padding_stream.h:15->firmware/nnet_utils/nnet_padding_stream.h:78) [15]  (1.825 ns)


============================================================
+ Verbose Summary: Binding
============================================================
N/A
* FSMD analyzer results:
  - Output states:
 - Input state : 
  - Chain level:
	State 1
	State 2


============================================================
+ Verbose Summary: Datapath Resource usage 
============================================================
N/A
