

================================================================
== Vitis HLS Report for 'zeropad2d_cl_array_array_ap_fixed_1u_config13_Pipeline_PadMain_CopyMain'
================================================================
* Date:           Sat Apr  4 17:12:07 2026

* Version:        2023.2 (Build 4023990 on Oct 11 2023)
* Project:        folo_prj
* Solution:       solution1 (Vivado IP Flow Target)
* Product family: kintexu
* Target device:  xcku035-fbva676-2-e


================================================================
== Performance Estimates
================================================================
+ Timing: 
    * Summary: 
    +--------+---------+----------+------------+
    |  Clock |  Target | Estimated| Uncertainty|
    +--------+---------+----------+------------+
    |ap_clk  |  5.00 ns|  3.650 ns|     1.35 ns|
    +--------+---------+----------+------------+

+ Latency: 
    * Summary: 
    +---------+---------+----------+----------+-------+-------+---------+
    |  Latency (cycles) |  Latency (absolute) |    Interval   | Pipeline|
    |   min   |   max   |    min   |    max   |  min  |  max  |   Type  |
    +---------+---------+----------+----------+-------+-------+---------+
    |    49154|    49154|  0.246 ms|  0.246 ms|  49154|  49154|       no|
    +---------+---------+----------+----------+-------+-------+---------+

    + Detail: 
        * Instance: 
        N/A

        * Loop: 
        +--------------------+---------+---------+----------+-----------+-----------+-------+----------+
        |                    |  Latency (cycles) | Iteration|  Initiation Interval  |  Trip |          |
        |      Loop Name     |   min   |   max   |  Latency |  achieved |   target  | Count | Pipelined|
        +--------------------+---------+---------+----------+-----------+-----------+-------+----------+
        |- PadMain_CopyMain  |    49152|    49152|         4|          3|          1|  16384|       yes|
        +--------------------+---------+---------+----------+-----------+-----------+-------+----------+

============================================================
+ Verbose Summary: Synthesis Manager
============================================================
InlineROM: 1
ExposeGlobal: 0
============================================================
+ Verbose Summary: CDFG Model
============================================================
IsTopModel: 0
ResetActiveHigh: 1
IsCombinational: 0
IsDatapathOnly: 0
HasWiredReturn: 1
HasMFsm: 2
HasVarLatency: 1
IsPipeline: 0
IsRtlPipelined: 0
IsInstanceOverlapped: 0
IsDontTouch: 0
HasImplIP: 0
IsGatedGlobalClock: 0

+ Individual pipeline summary: 
  * Pipeline-0: initiation interval (II) = 3, depth = 4


============================================================
+ Verbose Summary: Schedule
============================================================
* Number of FSM states : 4
* Pipeline : 1
  Pipeline-0 : II = 3, D = 4, States = { 1 2 3 4 }
* Dataflow Pipeline: 0

* FSM state transitions: 
1 --> 2 
2 --> 3 
3 --> 4 
4 --> 

* FSM state operations: 

State 1 <SV = 0> <Delay = 2.16>
ST_1 : Operation 7 [1/1] (0.00ns)   --->   "%j = alloca i32 1" [firmware/nnet_utils/nnet_padding_stream.h:65]   --->   Operation 7 'alloca' 'j' <Predicate = true> <Delay = 0.00>
ST_1 : Operation 8 [1/1] (0.00ns)   --->   "%indvar_flatten = alloca i32 1"   --->   Operation 8 'alloca' 'indvar_flatten' <Predicate = true> <Delay = 0.00>
ST_1 : Operation 9 [1/1] (0.00ns)   --->   "%specinterface_ln0 = specinterface void @_ssdm_op_SpecInterface, i16 %layer2_out, void @empty_3, i32 0, i32 0, void @empty_2, i32 0, i32 0, void @empty_2, void @empty_2, void @empty_2, i32 0, i32 0, i32 0, i32 0, void @empty_2, void @empty_2, i32 4294967295, i32 0"   --->   Operation 9 'specinterface' 'specinterface_ln0' <Predicate = true> <Delay = 0.00>
ST_1 : Operation 10 [1/1] (0.00ns)   --->   "%specinterface_ln0 = specinterface void @_ssdm_op_SpecInterface, i16 %layer13_out, void @empty_3, i32 0, i32 0, void @empty_2, i32 0, i32 0, void @empty_2, void @empty_2, void @empty_2, i32 0, i32 0, i32 0, i32 0, void @empty_2, void @empty_2, i32 4294967295, i32 0"   --->   Operation 10 'specinterface' 'specinterface_ln0' <Predicate = true> <Delay = 0.00>
ST_1 : Operation 11 [1/1] (0.53ns)   --->   "%store_ln0 = store i15 0, i15 %indvar_flatten"   --->   Operation 11 'store' 'store_ln0' <Predicate = true> <Delay = 0.53>
ST_1 : Operation 12 [1/1] (0.53ns)   --->   "%store_ln65 = store i8 0, i8 %j" [firmware/nnet_utils/nnet_padding_stream.h:65]   --->   Operation 12 'store' 'store_ln65' <Predicate = true> <Delay = 0.53>
ST_1 : Operation 13 [1/1] (0.53ns)   --->   "%br_ln0 = br void %for.body25"   --->   Operation 13 'br' 'br_ln0' <Predicate = true> <Delay = 0.53>
ST_1 : Operation 14 [1/1] (0.00ns)   --->   "%first_iter_0 = phi i1 0, void %new.latch.for.body25.split, i1 1, void %newFuncRoot"   --->   Operation 14 'phi' 'first_iter_0' <Predicate = true> <Delay = 0.00>
ST_1 : Operation 15 [1/1] (0.00ns)   --->   "%j_3 = load i8 %j" [firmware/nnet_utils/nnet_padding_stream.h:65]   --->   Operation 15 'load' 'j_3' <Predicate = true> <Delay = 0.00>
ST_1 : Operation 16 [1/1] (0.00ns)   --->   "%indvar_flatten_load = load i15 %indvar_flatten" [firmware/nnet_utils/nnet_padding_stream.h:59]   --->   Operation 16 'load' 'indvar_flatten_load' <Predicate = true> <Delay = 0.00>
ST_1 : Operation 17 [1/1] (1.40ns)   --->   "%icmp_ln59 = icmp_eq  i15 %indvar_flatten_load, i15 16384" [firmware/nnet_utils/nnet_padding_stream.h:59]   --->   Operation 17 'icmp' 'icmp_ln59' <Predicate = true> <Delay = 1.40> <CoreInst = "Cmp">   --->   Core 9 'Cmp' <Latency = 0> <II = 1> <Delay = 1.40> <FuncUnit> <Opcode : 'icmp'> <InPorts = 2> <OutPorts = 1>
ST_1 : Operation 18 [1/1] (1.40ns)   --->   "%add_ln59 = add i15 %indvar_flatten_load, i15 1" [firmware/nnet_utils/nnet_padding_stream.h:59]   --->   Operation 18 'add' 'add_ln59' <Predicate = true> <Delay = 1.40> <CoreInst = "Adder">   --->   Core 1 'Adder' <Latency = 0> <II = 1> <Delay = 1.40> <FuncUnit> <Opcode : 'add' 'sub'> <InPorts = 2> <OutPorts = 1>
ST_1 : Operation 19 [1/1] (0.00ns)   --->   "%br_ln59 = br i1 %icmp_ln59, void %for.inc34, void %for.inc50.preheader.exitStub" [firmware/nnet_utils/nnet_padding_stream.h:59]   --->   Operation 19 'br' 'br_ln59' <Predicate = true> <Delay = 0.00>
ST_1 : Operation 20 [1/1] (0.00ns)   --->   "%specloopname_ln0 = specloopname void @_ssdm_op_SpecLoopName, void @PadMain_CopyMain_str"   --->   Operation 20 'specloopname' 'specloopname_ln0' <Predicate = (!icmp_ln59)> <Delay = 0.00>
ST_1 : Operation 21 [1/1] (0.00ns)   --->   "%speclooptripcount_ln0 = speclooptripcount void @_ssdm_op_SpecLoopTripCount, i64 16384, i64 16384, i64 16384"   --->   Operation 21 'speclooptripcount' 'speclooptripcount_ln0' <Predicate = (!icmp_ln59)> <Delay = 0.00>
ST_1 : Operation 22 [1/1] (1.28ns)   --->   "%icmp_ln65 = icmp_eq  i8 %j_3, i8 128" [firmware/nnet_utils/nnet_padding_stream.h:65]   --->   Operation 22 'icmp' 'icmp_ln65' <Predicate = (!icmp_ln59)> <Delay = 1.28> <CoreInst = "Cmp">   --->   Core 9 'Cmp' <Latency = 0> <II = 1> <Delay = 1.28> <FuncUnit> <Opcode : 'icmp'> <InPorts = 2> <OutPorts = 1>
ST_1 : Operation 23 [1/1] (0.33ns)   --->   "%or_ln59 = or i1 %icmp_ln65, i1 %first_iter_0" [firmware/nnet_utils/nnet_padding_stream.h:59]   --->   Operation 23 'or' 'or_ln59' <Predicate = (!icmp_ln59)> <Delay = 0.33> <CoreInst = "LogicGate">   --->   Core 74 'LogicGate' <Latency = 0> <II = 1> <Delay = 0.33> <FuncUnit> <Opcode : 'and' 'or' 'xor'> <InPorts = 2> <OutPorts = 1>
ST_1 : Operation 24 [1/1] (0.00ns)   --->   "%br_ln65 = br i1 %or_ln59, void %for.body25.split, void %for.first.iter.for.body25" [firmware/nnet_utils/nnet_padding_stream.h:65]   --->   Operation 24 'br' 'br_ln65' <Predicate = (!icmp_ln59)> <Delay = 0.00>
ST_1 : Operation 39 [1/1] (0.00ns)   --->   "%ret_ln0 = ret"   --->   Operation 39 'ret' 'ret_ln0' <Predicate = (icmp_ln59)> <Delay = 0.00>

State 2 <SV = 1> <Delay = 1.82>
ST_2 : Operation 25 [1/1] (1.82ns)   --->   "%write_ln15 = write void @_ssdm_op_Write.ap_fifo.volatile.i16P0A, i16 %layer13_out, i16 0" [firmware/nnet_utils/nnet_padding_stream.h:15->firmware/nnet_utils/nnet_padding_stream.h:62]   --->   Operation 25 'write' 'write_ln15' <Predicate = (!icmp_ln59 & or_ln59)> <Delay = 1.82> <CoreInst = "FIFO">   --->   Core 78 'FIFO' <Latency = 0> <II = 1> <Delay = 2.16> <Storage> <Opcode : 'read' 'write' 'nbread' 'nbwrite'> <Ports = 0> <Width = 16> <Depth = 16900> <FIFO>
ST_2 : Operation 26 [1/1] (0.00ns)   --->   "%br_ln65 = br void %for.body25.split" [firmware/nnet_utils/nnet_padding_stream.h:65]   --->   Operation 26 'br' 'br_ln65' <Predicate = (!icmp_ln59 & or_ln59)> <Delay = 0.00>

State 3 <SV = 2> <Delay = 3.65>
ST_3 : Operation 27 [1/1] (0.00ns)   --->   "%specpipeline_ln65 = specpipeline void @_ssdm_op_SpecPipeline, i32 4294967295, i32 0, i32 0, i32 0, void @empty_2" [firmware/nnet_utils/nnet_padding_stream.h:65]   --->   Operation 27 'specpipeline' 'specpipeline_ln65' <Predicate = (!icmp_ln59)> <Delay = 0.00>
ST_3 : Operation 28 [1/1] (1.82ns)   --->   "%layer2_out_read = read i16 @_ssdm_op_Read.ap_fifo.volatile.i16P0A, i16 %layer2_out" [firmware/nnet_utils/nnet_padding_stream.h:20->firmware/nnet_utils/nnet_padding_stream.h:66]   --->   Operation 28 'read' 'layer2_out_read' <Predicate = (!icmp_ln59)> <Delay = 1.82> <CoreInst = "FIFO">   --->   Core 78 'FIFO' <Latency = 0> <II = 1> <Delay = 2.16> <Storage> <Opcode : 'read' 'write' 'nbread' 'nbwrite'> <Ports = 0> <Width = 16> <Depth = 16384> <FIFO>
ST_3 : Operation 29 [1/1] (1.82ns)   --->   "%write_ln26 = write void @_ssdm_op_Write.ap_fifo.volatile.i16P0A, i16 %layer13_out, i16 %layer2_out_read" [firmware/nnet_utils/nnet_padding_stream.h:26->firmware/nnet_utils/nnet_padding_stream.h:66]   --->   Operation 29 'write' 'write_ln26' <Predicate = (!icmp_ln59)> <Delay = 1.82> <CoreInst = "FIFO">   --->   Core 78 'FIFO' <Latency = 0> <II = 1> <Delay = 2.16> <Storage> <Opcode : 'read' 'write' 'nbread' 'nbwrite'> <Ports = 0> <Width = 16> <Depth = 16900> <FIFO>
ST_3 : Operation 30 [1/1] (1.28ns)   --->   "%add_ln65 = add i8 %j_3, i8 1" [firmware/nnet_utils/nnet_padding_stream.h:65]   --->   Operation 30 'add' 'add_ln65' <Predicate = (!icmp_ln59 & !icmp_ln65)> <Delay = 1.28> <CoreInst = "Adder">   --->   Core 1 'Adder' <Latency = 0> <II = 1> <Delay = 1.28> <FuncUnit> <Opcode : 'add' 'sub'> <InPorts = 2> <OutPorts = 1>
ST_3 : Operation 31 [1/1] (0.29ns)   --->   "%j_4 = select i1 %icmp_ln65, i8 1, i8 %add_ln65" [firmware/nnet_utils/nnet_padding_stream.h:65]   --->   Operation 31 'select' 'j_4' <Predicate = (!icmp_ln59)> <Delay = 0.29> <CoreInst = "Sel">   --->   Core 73 'Sel' <Latency = 0> <II = 1> <Delay = 0.29> <FuncUnit> <Opcode : 'select'> <InPorts = 3> <OutPorts = 1>
ST_3 : Operation 32 [1/1] (1.28ns)   --->   "%icmp_ln65_1 = icmp_eq  i8 %j_4, i8 128" [firmware/nnet_utils/nnet_padding_stream.h:65]   --->   Operation 32 'icmp' 'icmp_ln65_1' <Predicate = (!icmp_ln59)> <Delay = 1.28> <CoreInst = "Cmp">   --->   Core 9 'Cmp' <Latency = 0> <II = 1> <Delay = 1.28> <FuncUnit> <Opcode : 'icmp'> <InPorts = 2> <OutPorts = 1>
ST_3 : Operation 33 [1/1] (0.00ns)   --->   "%br_ln65 = br i1 %icmp_ln65_1, void %new.latch.for.body25.split, void %last.iter.for.body25.split" [firmware/nnet_utils/nnet_padding_stream.h:65]   --->   Operation 33 'br' 'br_ln65' <Predicate = (!icmp_ln59)> <Delay = 0.00>
ST_3 : Operation 34 [1/1] (0.53ns)   --->   "%store_ln59 = store i15 %add_ln59, i15 %indvar_flatten" [firmware/nnet_utils/nnet_padding_stream.h:59]   --->   Operation 34 'store' 'store_ln59' <Predicate = (!icmp_ln59)> <Delay = 0.53>
ST_3 : Operation 35 [1/1] (0.53ns)   --->   "%store_ln65 = store i8 %j_4, i8 %j" [firmware/nnet_utils/nnet_padding_stream.h:65]   --->   Operation 35 'store' 'store_ln65' <Predicate = (!icmp_ln59)> <Delay = 0.53>
ST_3 : Operation 36 [1/1] (0.00ns)   --->   "%br_ln65 = br void %for.body25" [firmware/nnet_utils/nnet_padding_stream.h:65]   --->   Operation 36 'br' 'br_ln65' <Predicate = (!icmp_ln59)> <Delay = 0.00>

State 4 <SV = 3> <Delay = 1.82>
ST_4 : Operation 37 [1/1] (1.82ns)   --->   "%write_ln15 = write void @_ssdm_op_Write.ap_fifo.volatile.i16P0A, i16 %layer13_out, i16 0" [firmware/nnet_utils/nnet_padding_stream.h:15->firmware/nnet_utils/nnet_padding_stream.h:70]   --->   Operation 37 'write' 'write_ln15' <Predicate = (icmp_ln65_1)> <Delay = 1.82> <CoreInst = "FIFO">   --->   Core 78 'FIFO' <Latency = 0> <II = 1> <Delay = 2.16> <Storage> <Opcode : 'read' 'write' 'nbread' 'nbwrite'> <Ports = 0> <Width = 16> <Depth = 16900> <FIFO>
ST_4 : Operation 38 [1/1] (0.00ns)   --->   "%br_ln65 = br void %new.latch.for.body25.split" [firmware/nnet_utils/nnet_padding_stream.h:65]   --->   Operation 38 'br' 'br_ln65' <Predicate = (icmp_ln65_1)> <Delay = 0.00>


============================================================
+ Verbose Summary: Binding
============================================================
STG Binding: 
---------------- STG Properties BEGIN ----------------
- Is combinational: 0
- Is one-state seq: 0
- Is datapath-only: 0
- Is pipelined: 0
- Is top level: 0
Port [ Return ] is wired: 1; IO mode=ap_ctrl_hs:ce=0
Port [ layer13_out]:  wired=1; compound=1; hidden=0; nouse=0; global=0; static=0; extern=0; dir=1; type=3; pingpong=0; private_global=0; IO mode=ap_fifo:ce=0
Port [ layer2_out]:  wired=1; compound=1; hidden=0; nouse=0; global=0; static=0; extern=0; dir=0; type=3; pingpong=0; private_global=0; IO mode=ap_fifo:ce=0
---------------- STG Properties END ------------------

---------------- Datapath Model BEGIN ----------------

<LifeTime>
<method=bitvector/>
j                     (alloca           ) [ 01110]
indvar_flatten        (alloca           ) [ 01110]
specinterface_ln0     (specinterface    ) [ 00000]
specinterface_ln0     (specinterface    ) [ 00000]
store_ln0             (store            ) [ 00000]
store_ln65            (store            ) [ 00000]
br_ln0                (br               ) [ 00000]
first_iter_0          (phi              ) [ 01000]
j_3                   (load             ) [ 00110]
indvar_flatten_load   (load             ) [ 00000]
icmp_ln59             (icmp             ) [ 01111]
add_ln59              (add              ) [ 00110]
br_ln59               (br               ) [ 00000]
specloopname_ln0      (specloopname     ) [ 00000]
speclooptripcount_ln0 (speclooptripcount) [ 00000]
icmp_ln65             (icmp             ) [ 00110]
or_ln59               (or               ) [ 00100]
br_ln65               (br               ) [ 00000]
write_ln15            (write            ) [ 00000]
br_ln65               (br               ) [ 00000]
specpipeline_ln65     (specpipeline     ) [ 00000]
layer2_out_read       (read             ) [ 00000]
write_ln26            (write            ) [ 00000]
add_ln65              (add              ) [ 00000]
j_4                   (select           ) [ 00000]
icmp_ln65_1           (icmp             ) [ 01001]
br_ln65               (br               ) [ 00000]
store_ln59            (store            ) [ 00000]
store_ln65            (store            ) [ 00000]
br_ln65               (br               ) [ 01010]
write_ln15            (write            ) [ 00000]
br_ln65               (br               ) [ 00000]
ret_ln0               (ret              ) [ 00000]
</LifeTime>

<model>

<comp_list>
<comp id="0" class="1000" name="layer13_out">
<pin_list>
<pin id="1" dir="1" index="0" bw="1" slack="0"/>
</pin_list>
<bind>
<StgValue><ssdm name="layer13_out"/></StgValue>
</bind>
</comp>

<comp id="2" class="1000" name="layer2_out">
<pin_list>
<pin id="3" dir="1" index="0" bw="1" slack="0"/>
</pin_list>
<bind>
<StgValue><ssdm name="layer2_out"/></StgValue>
</bind>
</comp>

<comp id="4" class="1001" name="const_4">
<pin_list>
<pin id="5" dir="1" index="0" bw="1" slack="0"/>
</pin_list>
<bind>
<StgValue><ssdm name=""/></StgValue>
</bind>
</comp>

<comp id="6" class="1001" name="const_6">
<pin_list>
<pin id="7" dir="1" index="0" bw="1" slack="2147483647"/>
</pin_list>
<bind>
<StgValue><ssdm name="_ssdm_op_SpecInterface"/></StgValue>
</bind>
</comp>

<comp id="8" class="1001" name="const_8">
<pin_list>
<pin id="9" dir="1" index="0" bw="1" slack="2147483647"/>
</pin_list>
<bind>
<StgValue><ssdm name="empty_3"/></StgValue>
</bind>
</comp>

<comp id="10" class="1001" name="const_10">
<pin_list>
<pin id="11" dir="1" index="0" bw="1" slack="2147483647"/>
</pin_list>
<bind>
<StgValue><ssdm name=""/></StgValue>
</bind>
</comp>

<comp id="12" class="1001" name="const_12">
<pin_list>
<pin id="13" dir="1" index="0" bw="1" slack="2147483647"/>
</pin_list>
<bind>
<StgValue><ssdm name="empty_2"/></StgValue>
</bind>
</comp>

<comp id="14" class="1001" name="const_14">
<pin_list>
<pin id="15" dir="1" index="0" bw="1" slack="2147483647"/>
</pin_list>
<bind>
<StgValue><ssdm name=""/></StgValue>
</bind>
</comp>

<comp id="16" class="1001" name="const_16">
<pin_list>
<pin id="17" dir="1" index="0" bw="1" slack="0"/>
</pin_list>
<bind>
<StgValue><ssdm name=""/></StgValue>
</bind>
</comp>

<comp id="18" class="1001" name="const_18">
<pin_list>
<pin id="19" dir="1" index="0" bw="1" slack="0"/>
</pin_list>
<bind>
<StgValue><ssdm name=""/></StgValue>
</bind>
</comp>

<comp id="20" class="1001" name="const_20">
<pin_list>
<pin id="21" dir="1" index="0" bw="1" slack="1"/>
</pin_list>
<bind>
<StgValue><ssdm name=""/></StgValue>
</bind>
</comp>

<comp id="22" class="1001" name="const_22">
<pin_list>
<pin id="23" dir="1" index="0" bw="1" slack="0"/>
</pin_list>
<bind>
<StgValue><ssdm name=""/></StgValue>
</bind>
</comp>

<comp id="24" class="1001" name="const_24">
<pin_list>
<pin id="25" dir="1" index="0" bw="1" slack="0"/>
</pin_list>
<bind>
<StgValue><ssdm name=""/></StgValue>
</bind>
</comp>

<comp id="26" class="1001" name="const_26">
<pin_list>
<pin id="27" dir="1" index="0" bw="1" slack="0"/>
</pin_list>
<bind>
<StgValue><ssdm name=""/></StgValue>
</bind>
</comp>

<comp id="28" class="1001" name="const_28">
<pin_list>
<pin id="29" dir="1" index="0" bw="1" slack="2147483647"/>
</pin_list>
<bind>
<StgValue><ssdm name="_ssdm_op_SpecLoopName"/></StgValue>
</bind>
</comp>

<comp id="30" class="1001" name="const_30">
<pin_list>
<pin id="31" dir="1" index="0" bw="1" slack="2147483647"/>
</pin_list>
<bind>
<StgValue><ssdm name="PadMain_CopyMain_str"/></StgValue>
</bind>
</comp>

<comp id="32" class="1001" name="const_32">
<pin_list>
<pin id="33" dir="1" index="0" bw="1" slack="2147483647"/>
</pin_list>
<bind>
<StgValue><ssdm name="_ssdm_op_SpecLoopTripCount"/></StgValue>
</bind>
</comp>

<comp id="34" class="1001" name="const_34">
<pin_list>
<pin id="35" dir="1" index="0" bw="1" slack="2147483647"/>
</pin_list>
<bind>
<StgValue><ssdm name=""/></StgValue>
</bind>
</comp>

<comp id="36" class="1001" name="const_36">
<pin_list>
<pin id="37" dir="1" index="0" bw="1" slack="0"/>
</pin_list>
<bind>
<StgValue><ssdm name=""/></StgValue>
</bind>
</comp>

<comp id="38" class="1001" name="const_38">
<pin_list>
<pin id="39" dir="1" index="0" bw="1" slack="0"/>
</pin_list>
<bind>
<StgValue><ssdm name="_ssdm_op_Write.ap_fifo.volatile.i16P0A"/></StgValue>
</bind>
</comp>

<comp id="40" class="1001" name="const_40">
<pin_list>
<pin id="41" dir="1" index="0" bw="1" slack="0"/>
</pin_list>
<bind>
<StgValue><ssdm name=""/></StgValue>
</bind>
</comp>

<comp id="42" class="1001" name="const_42">
<pin_list>
<pin id="43" dir="1" index="0" bw="1" slack="2147483647"/>
</pin_list>
<bind>
<StgValue><ssdm name="_ssdm_op_SpecPipeline"/></StgValue>
</bind>
</comp>

<comp id="44" class="1001" name="const_44">
<pin_list>
<pin id="45" dir="1" index="0" bw="1" slack="0"/>
</pin_list>
<bind>
<StgValue><ssdm name="_ssdm_op_Read.ap_fifo.volatile.i16P0A"/></StgValue>
</bind>
</comp>

<comp id="46" class="1001" name="const_46">
<pin_list>
<pin id="47" dir="1" index="0" bw="1" slack="0"/>
</pin_list>
<bind>
<StgValue><ssdm name=""/></StgValue>
</bind>
</comp>

<comp id="48" class="1004" name="j_fu_48">
<pin_list>
<pin id="49" dir="0" index="0" bw="1" slack="0"/>
<pin id="50" dir="1" index="1" bw="8" slack="0"/>
</pin_list>
<bind>
<opcode="alloca(26) " fcode="alloca"/>
<opset="j/1 "/>
</bind>
</comp>

<comp id="52" class="1004" name="indvar_flatten_fu_52">
<pin_list>
<pin id="53" dir="0" index="0" bw="1" slack="0"/>
<pin id="54" dir="1" index="1" bw="15" slack="0"/>
</pin_list>
<bind>
<opcode="alloca(26) " fcode="alloca"/>
<opset="indvar_flatten/1 "/>
</bind>
</comp>

<comp id="56" class="1004" name="grp_write_fu_56">
<pin_list>
<pin id="57" dir="0" index="0" bw="0" slack="0"/>
<pin id="58" dir="0" index="1" bw="16" slack="0"/>
<pin id="59" dir="0" index="2" bw="16" slack="0"/>
<pin id="60" dir="1" index="3" bw="0" slack="2147483647"/>
</pin_list>
<bind>
<opcode="write(1151) " fcode="write"/>
<opset="write_ln15/2 write_ln26/3 write_ln15/4 "/>
</bind>
</comp>

<comp id="64" class="1004" name="layer2_out_read_read_fu_64">
<pin_list>
<pin id="65" dir="0" index="0" bw="16" slack="0"/>
<pin id="66" dir="0" index="1" bw="16" slack="0"/>
<pin id="67" dir="1" index="2" bw="16" slack="0"/>
</pin_list>
<bind>
<opcode="read(1150) " fcode="read"/>
<opset="layer2_out_read/3 "/>
</bind>
</comp>

<comp id="71" class="1005" name="first_iter_0_reg_71">
<pin_list>
<pin id="72" dir="0" index="0" bw="1" slack="1"/>
<pin id="73" dir="1" index="1" bw="1" slack="1"/>
</pin_list>
<bind>
<opset="first_iter_0 (phireg) "/>
</bind>
</comp>

<comp id="75" class="1004" name="first_iter_0_phi_fu_75">
<pin_list>
<pin id="76" dir="0" index="0" bw="1" slack="1"/>
<pin id="77" dir="0" index="1" bw="0" slack="2147483647"/>
<pin id="78" dir="0" index="2" bw="1" slack="0"/>
<pin id="79" dir="0" index="3" bw="0" slack="2147483647"/>
<pin id="80" dir="1" index="4" bw="1" slack="0"/>
</pin_list>
<bind>
<opcode="phi(47) " fcode="phi"/>
<opset="first_iter_0/1 "/>
</bind>
</comp>

<comp id="83" class="1004" name="store_ln0_store_fu_83">
<pin_list>
<pin id="84" dir="0" index="0" bw="1" slack="0"/>
<pin id="85" dir="0" index="1" bw="15" slack="0"/>
<pin id="86" dir="1" index="2" bw="0" slack="2147483647"/>
</pin_list>
<bind>
<opcode="store(28) " fcode="store"/>
<opset="store_ln0/1 "/>
</bind>
</comp>

<comp id="88" class="1004" name="store_ln65_store_fu_88">
<pin_list>
<pin id="89" dir="0" index="0" bw="1" slack="0"/>
<pin id="90" dir="0" index="1" bw="8" slack="0"/>
<pin id="91" dir="1" index="2" bw="0" slack="2147483647"/>
</pin_list>
<bind>
<opcode="store(28) " fcode="store"/>
<opset="store_ln65/1 "/>
</bind>
</comp>

<comp id="93" class="1004" name="j_3_load_fu_93">
<pin_list>
<pin id="94" dir="0" index="0" bw="8" slack="0"/>
<pin id="95" dir="1" index="1" bw="8" slack="0"/>
</pin_list>
<bind>
<opcode="load(27) " fcode="load"/>
<opset="j_3/1 "/>
</bind>
</comp>

<comp id="96" class="1004" name="indvar_flatten_load_load_fu_96">
<pin_list>
<pin id="97" dir="0" index="0" bw="15" slack="0"/>
<pin id="98" dir="1" index="1" bw="15" slack="0"/>
</pin_list>
<bind>
<opcode="load(27) " fcode="load"/>
<opset="indvar_flatten_load/1 "/>
</bind>
</comp>

<comp id="99" class="1004" name="icmp_ln59_fu_99">
<pin_list>
<pin id="100" dir="0" index="0" bw="15" slack="0"/>
<pin id="101" dir="0" index="1" bw="15" slack="0"/>
<pin id="102" dir="1" index="2" bw="1" slack="1"/>
</pin_list>
<bind>
<opcode="icmp(45) " fcode="icmp"/>
<opset="icmp_ln59/1 "/>
</bind>
</comp>

<comp id="105" class="1004" name="add_ln59_fu_105">
<pin_list>
<pin id="106" dir="0" index="0" bw="15" slack="0"/>
<pin id="107" dir="0" index="1" bw="1" slack="0"/>
<pin id="108" dir="1" index="2" bw="15" slack="2"/>
</pin_list>
<bind>
<opcode="add(8) " fcode="add"/>
<opset="add_ln59/1 "/>
</bind>
</comp>

<comp id="111" class="1004" name="icmp_ln65_fu_111">
<pin_list>
<pin id="112" dir="0" index="0" bw="8" slack="0"/>
<pin id="113" dir="0" index="1" bw="8" slack="0"/>
<pin id="114" dir="1" index="2" bw="1" slack="0"/>
</pin_list>
<bind>
<opcode="icmp(45) " fcode="icmp"/>
<opset="icmp_ln65/1 "/>
</bind>
</comp>

<comp id="117" class="1004" name="or_ln59_fu_117">
<pin_list>
<pin id="118" dir="0" index="0" bw="1" slack="0"/>
<pin id="119" dir="0" index="1" bw="1" slack="0"/>
<pin id="120" dir="1" index="2" bw="1" slack="1"/>
</pin_list>
<bind>
<opcode="or(24) " fcode="or"/>
<opset="or_ln59/1 "/>
</bind>
</comp>

<comp id="123" class="1004" name="add_ln65_fu_123">
<pin_list>
<pin id="124" dir="0" index="0" bw="8" slack="2"/>
<pin id="125" dir="0" index="1" bw="1" slack="0"/>
<pin id="126" dir="1" index="2" bw="8" slack="0"/>
</pin_list>
<bind>
<opcode="add(8) " fcode="add"/>
<opset="add_ln65/3 "/>
</bind>
</comp>

<comp id="128" class="1004" name="j_4_fu_128">
<pin_list>
<pin id="129" dir="0" index="0" bw="1" slack="2"/>
<pin id="130" dir="0" index="1" bw="1" slack="0"/>
<pin id="131" dir="0" index="2" bw="8" slack="0"/>
<pin id="132" dir="1" index="3" bw="8" slack="0"/>
</pin_list>
<bind>
<opcode="select(49) " fcode="select"/>
<opset="j_4/3 "/>
</bind>
</comp>

<comp id="135" class="1004" name="icmp_ln65_1_fu_135">
<pin_list>
<pin id="136" dir="0" index="0" bw="8" slack="0"/>
<pin id="137" dir="0" index="1" bw="8" slack="0"/>
<pin id="138" dir="1" index="2" bw="1" slack="1"/>
</pin_list>
<bind>
<opcode="icmp(45) " fcode="icmp"/>
<opset="icmp_ln65_1/3 "/>
</bind>
</comp>

<comp id="141" class="1004" name="store_ln59_store_fu_141">
<pin_list>
<pin id="142" dir="0" index="0" bw="15" slack="2"/>
<pin id="143" dir="0" index="1" bw="15" slack="2"/>
<pin id="144" dir="1" index="2" bw="0" slack="2147483647"/>
</pin_list>
<bind>
<opcode="store(28) " fcode="store"/>
<opset="store_ln59/3 "/>
</bind>
</comp>

<comp id="145" class="1004" name="store_ln65_store_fu_145">
<pin_list>
<pin id="146" dir="0" index="0" bw="8" slack="0"/>
<pin id="147" dir="0" index="1" bw="8" slack="2"/>
<pin id="148" dir="1" index="2" bw="0" slack="2147483647"/>
</pin_list>
<bind>
<opcode="store(28) " fcode="store"/>
<opset="store_ln65/3 "/>
</bind>
</comp>

<comp id="150" class="1005" name="j_reg_150">
<pin_list>
<pin id="151" dir="0" index="0" bw="8" slack="0"/>
<pin id="152" dir="1" index="1" bw="8" slack="0"/>
</pin_list>
<bind>
<opset="j "/>
</bind>
</comp>

<comp id="157" class="1005" name="indvar_flatten_reg_157">
<pin_list>
<pin id="158" dir="0" index="0" bw="15" slack="0"/>
<pin id="159" dir="1" index="1" bw="15" slack="0"/>
</pin_list>
<bind>
<opset="indvar_flatten "/>
</bind>
</comp>

<comp id="164" class="1005" name="j_3_reg_164">
<pin_list>
<pin id="165" dir="0" index="0" bw="8" slack="2"/>
<pin id="166" dir="1" index="1" bw="8" slack="2"/>
</pin_list>
<bind>
<opset="j_3 "/>
</bind>
</comp>

<comp id="169" class="1005" name="icmp_ln59_reg_169">
<pin_list>
<pin id="170" dir="0" index="0" bw="1" slack="1"/>
<pin id="171" dir="1" index="1" bw="1" slack="2147483647"/>
</pin_list>
<bind>
<opset="icmp_ln59 "/>
</bind>
</comp>

<comp id="173" class="1005" name="add_ln59_reg_173">
<pin_list>
<pin id="174" dir="0" index="0" bw="15" slack="2"/>
<pin id="175" dir="1" index="1" bw="15" slack="2"/>
</pin_list>
<bind>
<opset="add_ln59 "/>
</bind>
</comp>

<comp id="178" class="1005" name="icmp_ln65_reg_178">
<pin_list>
<pin id="179" dir="0" index="0" bw="1" slack="2"/>
<pin id="180" dir="1" index="1" bw="1" slack="2"/>
</pin_list>
<bind>
<opset="icmp_ln65 "/>
</bind>
</comp>

<comp id="183" class="1005" name="or_ln59_reg_183">
<pin_list>
<pin id="184" dir="0" index="0" bw="1" slack="1"/>
<pin id="185" dir="1" index="1" bw="1" slack="2147483647"/>
</pin_list>
<bind>
<opset="or_ln59 "/>
</bind>
</comp>

<comp id="187" class="1005" name="icmp_ln65_1_reg_187">
<pin_list>
<pin id="188" dir="0" index="0" bw="1" slack="1"/>
<pin id="189" dir="1" index="1" bw="1" slack="2147483647"/>
</pin_list>
<bind>
<opset="icmp_ln65_1 "/>
</bind>
</comp>

</comp_list>

<net_list>
<net id="51"><net_src comp="4" pin="0"/><net_sink comp="48" pin=0"/></net>

<net id="55"><net_src comp="4" pin="0"/><net_sink comp="52" pin=0"/></net>

<net id="61"><net_src comp="38" pin="0"/><net_sink comp="56" pin=0"/></net>

<net id="62"><net_src comp="0" pin="0"/><net_sink comp="56" pin=1"/></net>

<net id="63"><net_src comp="40" pin="0"/><net_sink comp="56" pin=2"/></net>

<net id="68"><net_src comp="44" pin="0"/><net_sink comp="64" pin=0"/></net>

<net id="69"><net_src comp="2" pin="0"/><net_sink comp="64" pin=1"/></net>

<net id="70"><net_src comp="64" pin="2"/><net_sink comp="56" pin=2"/></net>

<net id="74"><net_src comp="20" pin="0"/><net_sink comp="71" pin=0"/></net>

<net id="81"><net_src comp="71" pin="1"/><net_sink comp="75" pin=0"/></net>

<net id="82"><net_src comp="22" pin="0"/><net_sink comp="75" pin=2"/></net>

<net id="87"><net_src comp="16" pin="0"/><net_sink comp="83" pin=0"/></net>

<net id="92"><net_src comp="18" pin="0"/><net_sink comp="88" pin=0"/></net>

<net id="103"><net_src comp="96" pin="1"/><net_sink comp="99" pin=0"/></net>

<net id="104"><net_src comp="24" pin="0"/><net_sink comp="99" pin=1"/></net>

<net id="109"><net_src comp="96" pin="1"/><net_sink comp="105" pin=0"/></net>

<net id="110"><net_src comp="26" pin="0"/><net_sink comp="105" pin=1"/></net>

<net id="115"><net_src comp="93" pin="1"/><net_sink comp="111" pin=0"/></net>

<net id="116"><net_src comp="36" pin="0"/><net_sink comp="111" pin=1"/></net>

<net id="121"><net_src comp="111" pin="2"/><net_sink comp="117" pin=0"/></net>

<net id="122"><net_src comp="75" pin="4"/><net_sink comp="117" pin=1"/></net>

<net id="127"><net_src comp="46" pin="0"/><net_sink comp="123" pin=1"/></net>

<net id="133"><net_src comp="46" pin="0"/><net_sink comp="128" pin=1"/></net>

<net id="134"><net_src comp="123" pin="2"/><net_sink comp="128" pin=2"/></net>

<net id="139"><net_src comp="128" pin="3"/><net_sink comp="135" pin=0"/></net>

<net id="140"><net_src comp="36" pin="0"/><net_sink comp="135" pin=1"/></net>

<net id="149"><net_src comp="128" pin="3"/><net_sink comp="145" pin=0"/></net>

<net id="153"><net_src comp="48" pin="1"/><net_sink comp="150" pin=0"/></net>

<net id="154"><net_src comp="150" pin="1"/><net_sink comp="88" pin=1"/></net>

<net id="155"><net_src comp="150" pin="1"/><net_sink comp="93" pin=0"/></net>

<net id="156"><net_src comp="150" pin="1"/><net_sink comp="145" pin=1"/></net>

<net id="160"><net_src comp="52" pin="1"/><net_sink comp="157" pin=0"/></net>

<net id="161"><net_src comp="157" pin="1"/><net_sink comp="83" pin=1"/></net>

<net id="162"><net_src comp="157" pin="1"/><net_sink comp="96" pin=0"/></net>

<net id="163"><net_src comp="157" pin="1"/><net_sink comp="141" pin=1"/></net>

<net id="167"><net_src comp="93" pin="1"/><net_sink comp="164" pin=0"/></net>

<net id="168"><net_src comp="164" pin="1"/><net_sink comp="123" pin=0"/></net>

<net id="172"><net_src comp="99" pin="2"/><net_sink comp="169" pin=0"/></net>

<net id="176"><net_src comp="105" pin="2"/><net_sink comp="173" pin=0"/></net>

<net id="177"><net_src comp="173" pin="1"/><net_sink comp="141" pin=0"/></net>

<net id="181"><net_src comp="111" pin="2"/><net_sink comp="178" pin=0"/></net>

<net id="182"><net_src comp="178" pin="1"/><net_sink comp="128" pin=0"/></net>

<net id="186"><net_src comp="117" pin="2"/><net_sink comp="183" pin=0"/></net>

<net id="190"><net_src comp="135" pin="2"/><net_sink comp="187" pin=0"/></net>

</net_list>

</model> 
---------------- Datapath Model END ------------------

* FSMD analyzer results:
  - Output states:
	Port: layer13_out | {2 3 4 }
 - Input state : 
	Port: zeropad2d_cl<array,array<ap_fixed,1u>,config13>_Pipeline_PadMain_CopyMain : layer2_out | {3 }
  - Chain level:
	State 1
		store_ln0 : 1
		store_ln65 : 1
		first_iter_0 : 1
		j_3 : 1
		indvar_flatten_load : 1
		icmp_ln59 : 2
		add_ln59 : 2
		br_ln59 : 3
		icmp_ln65 : 2
		or_ln59 : 3
		br_ln65 : 3
	State 2
	State 3
		j_4 : 1
		icmp_ln65_1 : 2
		br_ln65 : 3
		store_ln65 : 2
	State 4


============================================================
+ Verbose Summary: Datapath Resource usage 
============================================================

* Functional unit list:
|----------|----------------------------|---------|---------|
| Operation|       Functional Unit      |    FF   |   LUT   |
|----------|----------------------------|---------|---------|
|          |       icmp_ln59_fu_99      |    0    |    22   |
|   icmp   |      icmp_ln65_fu_111      |    0    |    15   |
|          |     icmp_ln65_1_fu_135     |    0    |    15   |
|----------|----------------------------|---------|---------|
|    add   |       add_ln59_fu_105      |    0    |    22   |
|          |       add_ln65_fu_123      |    0    |    15   |
|----------|----------------------------|---------|---------|
|  select  |         j_4_fu_128         |    0    |    8    |
|----------|----------------------------|---------|---------|
|    or    |       or_ln59_fu_117       |    0    |    2    |
|----------|----------------------------|---------|---------|
|   write  |       grp_write_fu_56      |    0    |    0    |
|----------|----------------------------|---------|---------|
|   read   | layer2_out_read_read_fu_64 |    0    |    0    |
|----------|----------------------------|---------|---------|
|   Total  |                            |    0    |    99   |
|----------|----------------------------|---------|---------|

Memories:
N/A

* Register list:
+----------------------+--------+
|                      |   FF   |
+----------------------+--------+
|   add_ln59_reg_173   |   15   |
|  first_iter_0_reg_71 |    1   |
|   icmp_ln59_reg_169  |    1   |
|  icmp_ln65_1_reg_187 |    1   |
|   icmp_ln65_reg_178  |    1   |
|indvar_flatten_reg_157|   15   |
|      j_3_reg_164     |    8   |
|       j_reg_150      |    8   |
|    or_ln59_reg_183   |    1   |
+----------------------+--------+
|         Total        |   51   |
+----------------------+--------+

* Multiplexer (MUX) list: 
|-----------------|------|------|------|--------||---------||---------|
|       Comp      |  Pin | Size |  BW  | S x BW ||  Delay  ||   LUT   |
|-----------------|------|------|------|--------||---------||---------|
| grp_write_fu_56 |  p2  |   2  |  16  |   32   ||    9    |
|-----------------|------|------|------|--------||---------||---------|
|      Total      |      |      |      |   32   ||  0.538  ||    9    |
|-----------------|------|------|------|--------||---------||---------|



* Summary:
+-----------+--------+--------+--------+
|           |  Delay |   FF   |   LUT  |
+-----------+--------+--------+--------+
|  Function |    -   |    0   |   99   |
|   Memory  |    -   |    -   |    -   |
|Multiplexer|    0   |    -   |    9   |
|  Register |    -   |   51   |    -   |
+-----------+--------+--------+--------+
|   Total   |    0   |   51   |   108  |
+-----------+--------+--------+--------+
