

================================================================
== Vitis HLS Report for 'zeropad2d_cl_array_ap_fixed_1u_array_ap_fixed_12_6_5_3_0_1u_config30_s'
================================================================
* Date:           Wed Apr 22 16:01:54 2026

* Version:        2023.2 (Build 4023990 on Oct 11 2023)
* Project:        folo_prj
* Solution:       solution1 (Vivado IP Flow Target)
* Product family: kintexu
* Target device:  xcku035-fbva676-2-e


================================================================
== Performance Estimates
================================================================
+ Timing: 
    * Summary: 
    +--------+---------+----------+------------+
    |  Clock |  Target | Estimated| Uncertainty|
    +--------+---------+----------+------------+
    |ap_clk  |  5.00 ns|  2.902 ns|     1.35 ns|
    +--------+---------+----------+------------+

+ Latency: 
    * Summary: 
    +---------+---------+----------+----------+--------+--------+---------+
    |  Latency (cycles) |  Latency (absolute) |     Interval    | Pipeline|
    |   min   |   max   |    min   |    max   |   min  |   max  |   Type  |
    +---------+---------+----------+----------+--------+--------+---------+
    |   131338|   131338|  0.657 ms|  0.657 ms|  131338|  131338|       no|
    +---------+---------+----------+----------+--------+--------+---------+

    + Detail: 
        * Instance: 
        +-----------------------------------------------------------------------------------+-------------------------------------------------------------------------+---------+---------+----------+----------+--------+--------+---------+
        |                                                                                   |                                                                         |  Latency (cycles) |  Latency (absolute) |     Interval    | Pipeline|
        |                                      Instance                                     |                                  Module                                 |   min   |   max   |    min   |    max   |   min  |   max  |   Type  |
        +-----------------------------------------------------------------------------------+-------------------------------------------------------------------------+---------+---------+----------+----------+--------+--------+---------+
        |grp_zeropad2d_cl_array_array_ap_fixed_1u_config30_Pipeline_PadMain_CopyMain_fu_26  |zeropad2d_cl_array_array_ap_fixed_1u_config30_Pipeline_PadMain_CopyMain  |   131074|   131074|  0.655 ms|  0.655 ms|  131074|  131074|       no|
        |grp_zeropad2d_cl_array_array_ap_fixed_1u_config30_Pipeline_PadBottomWidth_fu_34    |zeropad2d_cl_array_array_ap_fixed_1u_config30_Pipeline_PadBottomWidth    |      259|      259|  1.295 us|  1.295 us|     259|     259|       no|
        +-----------------------------------------------------------------------------------+-------------------------------------------------------------------------+---------+---------+----------+----------+--------+--------+---------+

        * Loop: 
        N/A

============================================================
+ Verbose Summary: Synthesis Manager
============================================================
InlineROM: 1
ExposeGlobal: 0
============================================================
+ Verbose Summary: CDFG Model
============================================================
IsTopModel: 0
ResetActiveHigh: 1
IsCombinational: 2
IsDatapathOnly: 0
HasWiredReturn: 1
HasMFsm: 0
HasVarLatency: 1
IsPipeline: 0
IsRtlPipelined: 0
IsInstanceOverlapped: 0
IsDontTouch: 0
HasImplIP: 0
IsGatedGlobalClock: 0


============================================================
+ Verbose Summary: Schedule
============================================================
* Number of FSM states : 6
* Pipeline : 0
* Dataflow Pipeline: 0

* FSM state transitions: 
1 --> 2 
2 --> 3 
3 --> 4 
4 --> 5 
5 --> 6 
6 --> 

* FSM state operations: 

State 1 <SV = 0> <Delay = 0.00>
ST_1 : Operation 7 [1/1] (0.00ns)   --->   "%empty = wait i32 @_ssdm_op_Wait"   --->   Operation 7 'wait' 'empty' <Predicate = true> <Delay = 0.00>

State 2 <SV = 1> <Delay = 2.82>
ST_2 : Operation 8 [2/2] (2.82ns)   --->   "%call_ln0 = call void @zeropad2d_cl<array,array<ap_fixed,1u>,config30>_Pipeline_PadMain_CopyMain, i12 %layer30_out, i16 %input_layer"   --->   Operation 8 'call' 'call_ln0' <Predicate = true> <Delay = 2.82> <CoreType = "Generic">   --->   Core 0 '' <Latency = 0> <II = 1> <Delay = 1.00> <Generic> <Opcode : >

State 3 <SV = 2> <Delay = 0.00>
ST_3 : Operation 9 [1/2] (0.00ns)   --->   "%call_ln0 = call void @zeropad2d_cl<array,array<ap_fixed,1u>,config30>_Pipeline_PadMain_CopyMain, i12 %layer30_out, i16 %input_layer"   --->   Operation 9 'call' 'call_ln0' <Predicate = true> <Delay = 0.00> <CoreType = "Generic">   --->   Core 0 '' <Latency = 0> <II = 1> <Delay = 1.00> <Generic> <Opcode : >

State 4 <SV = 3> <Delay = 0.00>
ST_4 : Operation 10 [1/1] (0.00ns)   --->   "%empty_64 = wait i32 @_ssdm_op_Wait"   --->   Operation 10 'wait' 'empty_64' <Predicate = true> <Delay = 0.00>

State 5 <SV = 4> <Delay = 0.00>
ST_5 : Operation 11 [1/1] (0.00ns)   --->   "%empty_65 = wait i32 @_ssdm_op_Wait"   --->   Operation 11 'wait' 'empty_65' <Predicate = true> <Delay = 0.00>
ST_5 : Operation 12 [2/2] (0.00ns)   --->   "%call_ln0 = call void @zeropad2d_cl<array,array<ap_fixed,1u>,config30>_Pipeline_PadBottomWidth, i12 %layer30_out"   --->   Operation 12 'call' 'call_ln0' <Predicate = true> <Delay = 0.00> <CoreType = "Generic">   --->   Core 0 '' <Latency = 0> <II = 1> <Delay = 1.00> <Generic> <Opcode : >

State 6 <SV = 5> <Delay = 0.00>
ST_6 : Operation 13 [1/1] (0.00ns)   --->   "%specinterface_ln0 = specinterface void @_ssdm_op_SpecInterface, i12 %layer30_out, void @empty_13, i32 0, i32 0, void @empty_8, i32 0, i32 0, void @empty_8, void @empty_8, void @empty_8, i32 0, i32 0, i32 0, i32 0, void @empty_8, void @empty_8, i32 4294967295, i32 0"   --->   Operation 13 'specinterface' 'specinterface_ln0' <Predicate = true> <Delay = 0.00>
ST_6 : Operation 14 [1/1] (0.00ns)   --->   "%specinterface_ln0 = specinterface void @_ssdm_op_SpecInterface, i16 %input_layer, void @empty_6, i32 1, i32 1, void @empty_14, i32 0, i32 0, void @empty_8, void @empty_8, void @empty_8, i32 0, i32 0, i32 0, i32 0, void @empty_8, void @empty_8, i32 4294967295, i32 0"   --->   Operation 14 'specinterface' 'specinterface_ln0' <Predicate = true> <Delay = 0.00>
ST_6 : Operation 15 [1/2] (0.00ns)   --->   "%call_ln0 = call void @zeropad2d_cl<array,array<ap_fixed,1u>,config30>_Pipeline_PadBottomWidth, i12 %layer30_out"   --->   Operation 15 'call' 'call_ln0' <Predicate = true> <Delay = 0.00> <CoreType = "Generic">   --->   Core 0 '' <Latency = 0> <II = 1> <Delay = 1.00> <Generic> <Opcode : >
ST_6 : Operation 16 [1/1] (0.00ns)   --->   "%ret_ln81 = ret" [firmware/nnet_utils/nnet_padding_stream.h:81]   --->   Operation 16 'ret' 'ret_ln81' <Predicate = true> <Delay = 0.00>


============================================================
+ Verbose Summary: Binding
============================================================
STG Binding: 
---------------- STG Properties BEGIN ----------------
- Is combinational: 0
- Is one-state seq: 0
- Is datapath-only: 0
- Is pipelined: 0
- Is top level: 0
Port [ Return ] is wired: 1; IO mode=ap_ctrl_hs:ce=0
Port [ input_layer]:  wired=1; compound=1; hidden=0; nouse=0; global=0; static=0; extern=0; dir=0; type=0; pingpong=0; private_global=0; IO mode=axis:ce=0
Port [ layer30_out]:  wired=1; compound=1; hidden=0; nouse=0; global=0; static=0; extern=0; dir=1; type=3; pingpong=0; private_global=0; IO mode=ap_fifo:ce=0
---------------- STG Properties END ------------------

---------------- Datapath Model BEGIN ----------------

<LifeTime>
<method=bitvector/>
empty             (wait         ) [ 0000000]
call_ln0          (call         ) [ 0000000]
empty_64          (wait         ) [ 0000000]
empty_65          (wait         ) [ 0000000]
specinterface_ln0 (specinterface) [ 0000000]
specinterface_ln0 (specinterface) [ 0000000]
call_ln0          (call         ) [ 0000000]
ret_ln81          (ret          ) [ 0000000]
</LifeTime>

<model>

<comp_list>
<comp id="0" class="1000" name="input_layer">
<pin_list>
<pin id="1" dir="1" index="0" bw="1" slack="0"/>
</pin_list>
<bind>
<StgValue><ssdm name="input_layer"/></StgValue>
</bind>
</comp>

<comp id="2" class="1000" name="layer30_out">
<pin_list>
<pin id="3" dir="1" index="0" bw="1" slack="0"/>
</pin_list>
<bind>
<StgValue><ssdm name="layer30_out"/></StgValue>
</bind>
</comp>

<comp id="4" class="1001" name="const_4">
<pin_list>
<pin id="5" dir="1" index="0" bw="1" slack="2147483647"/>
</pin_list>
<bind>
<StgValue><ssdm name="_ssdm_op_Wait"/></StgValue>
</bind>
</comp>

<comp id="6" class="1001" name="const_6">
<pin_list>
<pin id="7" dir="1" index="0" bw="1" slack="0"/>
</pin_list>
<bind>
<StgValue><ssdm name="zeropad2d_cl<array,array<ap_fixed,1u>,config30>_Pipeline_PadMain_CopyMain"/></StgValue>
</bind>
</comp>

<comp id="8" class="1001" name="const_8">
<pin_list>
<pin id="9" dir="1" index="0" bw="1" slack="0"/>
</pin_list>
<bind>
<StgValue><ssdm name="zeropad2d_cl<array,array<ap_fixed,1u>,config30>_Pipeline_PadBottomWidth"/></StgValue>
</bind>
</comp>

<comp id="10" class="1001" name="const_10">
<pin_list>
<pin id="11" dir="1" index="0" bw="1" slack="2147483647"/>
</pin_list>
<bind>
<StgValue><ssdm name="_ssdm_op_SpecInterface"/></StgValue>
</bind>
</comp>

<comp id="12" class="1001" name="const_12">
<pin_list>
<pin id="13" dir="1" index="0" bw="1" slack="2147483647"/>
</pin_list>
<bind>
<StgValue><ssdm name="empty_13"/></StgValue>
</bind>
</comp>

<comp id="14" class="1001" name="const_14">
<pin_list>
<pin id="15" dir="1" index="0" bw="1" slack="2147483647"/>
</pin_list>
<bind>
<StgValue><ssdm name=""/></StgValue>
</bind>
</comp>

<comp id="16" class="1001" name="const_16">
<pin_list>
<pin id="17" dir="1" index="0" bw="1" slack="2147483647"/>
</pin_list>
<bind>
<StgValue><ssdm name="empty_8"/></StgValue>
</bind>
</comp>

<comp id="18" class="1001" name="const_18">
<pin_list>
<pin id="19" dir="1" index="0" bw="1" slack="2147483647"/>
</pin_list>
<bind>
<StgValue><ssdm name=""/></StgValue>
</bind>
</comp>

<comp id="20" class="1001" name="const_20">
<pin_list>
<pin id="21" dir="1" index="0" bw="1" slack="2147483647"/>
</pin_list>
<bind>
<StgValue><ssdm name="empty_6"/></StgValue>
</bind>
</comp>

<comp id="22" class="1001" name="const_22">
<pin_list>
<pin id="23" dir="1" index="0" bw="1" slack="2147483647"/>
</pin_list>
<bind>
<StgValue><ssdm name=""/></StgValue>
</bind>
</comp>

<comp id="24" class="1001" name="const_24">
<pin_list>
<pin id="25" dir="1" index="0" bw="1" slack="2147483647"/>
</pin_list>
<bind>
<StgValue><ssdm name="empty_14"/></StgValue>
</bind>
</comp>

<comp id="26" class="1004" name="grp_zeropad2d_cl_array_array_ap_fixed_1u_config30_Pipeline_PadMain_CopyMain_fu_26">
<pin_list>
<pin id="27" dir="0" index="0" bw="0" slack="0"/>
<pin id="28" dir="0" index="1" bw="12" slack="0"/>
<pin id="29" dir="0" index="2" bw="16" slack="0"/>
<pin id="30" dir="1" index="3" bw="0" slack="2147483647"/>
</pin_list>
<bind>
<opcode="call(48) " fcode="call"/>
<opset="call_ln0/2 "/>
</bind>
</comp>

<comp id="34" class="1004" name="grp_zeropad2d_cl_array_array_ap_fixed_1u_config30_Pipeline_PadBottomWidth_fu_34">
<pin_list>
<pin id="35" dir="0" index="0" bw="0" slack="0"/>
<pin id="36" dir="0" index="1" bw="12" slack="0"/>
<pin id="37" dir="1" index="2" bw="0" slack="2147483647"/>
</pin_list>
<bind>
<opcode="call(48) " fcode="call"/>
<opset="call_ln0/5 "/>
</bind>
</comp>

</comp_list>

<net_list>
<net id="31"><net_src comp="6" pin="0"/><net_sink comp="26" pin=0"/></net>

<net id="32"><net_src comp="2" pin="0"/><net_sink comp="26" pin=1"/></net>

<net id="33"><net_src comp="0" pin="0"/><net_sink comp="26" pin=2"/></net>

<net id="38"><net_src comp="8" pin="0"/><net_sink comp="34" pin=0"/></net>

<net id="39"><net_src comp="2" pin="0"/><net_sink comp="34" pin=1"/></net>

</net_list>

</model> 
---------------- Datapath Model END ------------------

* FSMD analyzer results:
  - Output states:
	Port: layer30_out | {2 3 5 6 }
 - Input state : 
	Port: zeropad2d_cl<array<ap_fixed,1u>,array<ap_fixed<12,6,5,3,0>,1u>,config30> : input_layer | {2 3 }
  - Chain level:
	State 1
	State 2
	State 3
	State 4
	State 5
	State 6


============================================================
+ Verbose Summary: Datapath Resource usage 
============================================================

* Functional unit list:
|----------|-----------------------------------------------------------------------------------|---------|---------|---------|
| Operation|                                  Functional Unit                                  |  Delay  |    FF   |   LUT   |
|----------|-----------------------------------------------------------------------------------|---------|---------|---------|
|   call   | grp_zeropad2d_cl_array_array_ap_fixed_1u_config30_Pipeline_PadMain_CopyMain_fu_26 |  0.538  |    45   |   114   |
|          |  grp_zeropad2d_cl_array_array_ap_fixed_1u_config30_Pipeline_PadBottomWidth_fu_34  |    0    |    9    |    32   |
|----------|-----------------------------------------------------------------------------------|---------|---------|---------|
|   Total  |                                                                                   |  0.538  |    54   |   146   |
|----------|-----------------------------------------------------------------------------------|---------|---------|---------|

Memories:
N/A

* Register list:
N/A

* Multiplexer (MUX) list: 
|--------|------|------|------|--------|
|  Comp  |  Pin | Size |  BW  | S x BW |
|--------|------|------|------|--------|
|  Total |      |      |      |    0   |
|--------|------|------|------|--------|



* Summary:
+-----------+--------+--------+--------+
|           |  Delay |   FF   |   LUT  |
+-----------+--------+--------+--------+
|  Function |    0   |   54   |   146  |
|   Memory  |    -   |    -   |    -   |
|Multiplexer|    -   |    -   |    -   |
|  Register |    -   |    -   |    -   |
+-----------+--------+--------+--------+
|   Total   |    0   |   54   |   146  |
+-----------+--------+--------+--------+
