

================================================================
== Vitis HLS Report for 'zeropad2d_cl_array_array_ap_fixed_4u_config32_Pipeline_PadMain_CopyMain'
================================================================
* Date:           Wed Apr 22 16:02:08 2026

* Version:        2023.2 (Build 4023990 on Oct 11 2023)
* Project:        folo_prj
* Solution:       solution1 (Vivado IP Flow Target)
* Product family: kintexu
* Target device:  xcku035-fbva676-2-e


================================================================
== Performance Estimates
================================================================
+ Timing: 
    * Summary: 
    +--------+---------+----------+------------+
    |  Clock |  Target | Estimated| Uncertainty|
    +--------+---------+----------+------------+
    |ap_clk  |  5.00 ns|  3.650 ns|     1.35 ns|
    +--------+---------+----------+------------+

+ Latency: 
    * Summary: 
    +---------+---------+----------+----------+-------+-------+---------+
    |  Latency (cycles) |  Latency (absolute) |    Interval   | Pipeline|
    |   min   |   max   |    min   |    max   |  min  |  max  |   Type  |
    +---------+---------+----------+----------+-------+-------+---------+
    |    32770|    32770|  0.164 ms|  0.164 ms|  32770|  32770|       no|
    +---------+---------+----------+----------+-------+-------+---------+

    + Detail: 
        * Instance: 
        N/A

        * Loop: 
        +--------------------+---------+---------+----------+-----------+-----------+-------+----------+
        |                    |  Latency (cycles) | Iteration|  Initiation Interval  |  Trip |          |
        |      Loop Name     |   min   |   max   |  Latency |  achieved |   target  | Count | Pipelined|
        +--------------------+---------+---------+----------+-----------+-----------+-------+----------+
        |- PadMain_CopyMain  |    32768|    32768|         3|          2|          1|  16384|       yes|
        +--------------------+---------+---------+----------+-----------+-----------+-------+----------+



================================================================
== Utilization Estimates
================================================================
* Summary: 
+-----------------+---------+------+--------+--------+-----+
|       Name      | BRAM_18K|  DSP |   FF   |   LUT  | URAM|
+-----------------+---------+------+--------+--------+-----+
|DSP              |        -|     -|       -|       -|    -|
|Expression       |        -|     -|       0|     110|    -|
|FIFO             |        -|     -|       -|       -|    -|
|Instance         |        -|     -|       -|       -|    -|
|Memory           |        -|     -|       -|       -|    -|
|Multiplexer      |        -|     -|       -|     109|    -|
|Register         |        -|     -|      45|       -|    -|
+-----------------+---------+------+--------+--------+-----+
|Total            |        0|     0|      45|     219|    0|
+-----------------+---------+------+--------+--------+-----+
|Available        |     1080|  1700|  406256|  203128|    0|
+-----------------+---------+------+--------+--------+-----+
|Utilization (%)  |        0|     0|      ~0|      ~0|    0|
+-----------------+---------+------+--------+--------+-----+

+ Detail: 
    * Instance: 
    N/A

    * DSP: 
    N/A

    * Memory: 
    N/A

    * FIFO: 
    N/A

    * Expression: 
    +----------------------------------+----------+----+---+----+------------+------------+
    |           Variable Name          | Operation| DSP| FF| LUT| Bitwidth P0| Bitwidth P1|
    +----------------------------------+----------+----+---+----+------------+------------+
    |add_ln59_fu_86_p2                 |         +|   0|  0|  22|          15|           1|
    |add_ln65_fu_95_p2                 |         +|   0|  0|  15|           8|           1|
    |ap_block_pp0_stage0_01001         |       and|   0|  0|   2|           1|           1|
    |ap_block_pp0_stage1_01001         |       and|   0|  0|   2|           1|           1|
    |ap_block_state3_pp0_stage0_iter1  |       and|   0|  0|   2|           1|           1|
    |icmp_ln59_fu_80_p2                |      icmp|   0|  0|  23|          15|          16|
    |icmp_ln65_1_fu_115_p2             |      icmp|   0|  0|  16|           8|           9|
    |icmp_ln65_fu_101_p2               |      icmp|   0|  0|  16|           8|           9|
    |ap_block_state2_pp0_stage1_iter0  |        or|   0|  0|   2|           1|           1|
    |j_fu_107_p3                       |    select|   0|  0|   8|           1|           1|
    |ap_enable_pp0                     |       xor|   0|  0|   2|           1|           2|
    +----------------------------------+----------+----+---+----+------------+------------+
    |Total                             |          |   0|  0| 110|          60|          43|
    +----------------------------------+----------+----+---+----+------------+------------+

    * Multiplexer: 
    +--------------------------------------+----+-----------+-----+-----------+
    |                 Name                 | LUT| Input Size| Bits| Total Bits|
    +--------------------------------------+----+-----------+-----+-----------+
    |ap_NS_fsm                             |  14|          3|    1|          3|
    |ap_done_int                           |   9|          2|    1|          2|
    |ap_enable_reg_pp0_iter0               |   9|          2|    1|          2|
    |ap_enable_reg_pp0_iter0_reg           |   9|          2|    1|          2|
    |ap_enable_reg_pp0_iter1               |   9|          2|    1|          2|
    |ap_sig_allocacmp_indvar_flatten_load  |   9|          2|   15|         30|
    |indvar_flatten_fu_48                  |   9|          2|   15|         30|
    |j_9_fu_44                             |   9|          2|    8|         16|
    |layer32_out_blk_n                     |   9|          2|    1|          2|
    |layer32_out_din                       |  14|          3|   48|        144|
    |layer8_out_blk_n                      |   9|          2|    1|          2|
    +--------------------------------------+----+-----------+-----+-----------+
    |Total                                 | 109|         24|   93|        235|
    +--------------------------------------+----+-----------+-----+-----------+

    * Register: 
    +-----------------------------+----+----+-----+-----------+
    |             Name            | FF | LUT| Bits| Const Bits|
    +-----------------------------+----+----+-----+-----------+
    |add_ln59_reg_148             |  15|   0|   15|          0|
    |ap_CS_fsm                    |   2|   0|    2|          0|
    |ap_done_reg                  |   1|   0|    1|          0|
    |ap_enable_reg_pp0_iter0_reg  |   1|   0|    1|          0|
    |ap_enable_reg_pp0_iter1      |   1|   0|    1|          0|
    |icmp_ln59_reg_144            |   1|   0|    1|          0|
    |icmp_ln65_1_reg_153          |   1|   0|    1|          0|
    |indvar_flatten_fu_48         |  15|   0|   15|          0|
    |j_9_fu_44                    |   8|   0|    8|          0|
    +-----------------------------+----+----+-----+-----------+
    |Total                        |  45|   0|   45|          0|
    +-----------------------------+----+----+-----+-----------+



================================================================
== Interface
================================================================
* Summary: 
+----------------------------+-----+-----+------------+---------------------------------------------------------------------------+--------------+
|          RTL Ports         | Dir | Bits|  Protocol  |                               Source Object                               |    C Type    |
+----------------------------+-----+-----+------------+---------------------------------------------------------------------------+--------------+
|ap_clk                      |   in|    1|  ap_ctrl_hs|  zeropad2d_cl<array,array<ap_fixed,4u>,config32>_Pipeline_PadMain_CopyMain|  return value|
|ap_rst                      |   in|    1|  ap_ctrl_hs|  zeropad2d_cl<array,array<ap_fixed,4u>,config32>_Pipeline_PadMain_CopyMain|  return value|
|ap_start                    |   in|    1|  ap_ctrl_hs|  zeropad2d_cl<array,array<ap_fixed,4u>,config32>_Pipeline_PadMain_CopyMain|  return value|
|ap_done                     |  out|    1|  ap_ctrl_hs|  zeropad2d_cl<array,array<ap_fixed,4u>,config32>_Pipeline_PadMain_CopyMain|  return value|
|ap_idle                     |  out|    1|  ap_ctrl_hs|  zeropad2d_cl<array,array<ap_fixed,4u>,config32>_Pipeline_PadMain_CopyMain|  return value|
|ap_ready                    |  out|    1|  ap_ctrl_hs|  zeropad2d_cl<array,array<ap_fixed,4u>,config32>_Pipeline_PadMain_CopyMain|  return value|
|layer32_out_din             |  out|   48|     ap_fifo|                                                                layer32_out|       pointer|
|layer32_out_num_data_valid  |   in|   16|     ap_fifo|                                                                layer32_out|       pointer|
|layer32_out_fifo_cap        |   in|   16|     ap_fifo|                                                                layer32_out|       pointer|
|layer32_out_full_n          |   in|    1|     ap_fifo|                                                                layer32_out|       pointer|
|layer32_out_write           |  out|    1|     ap_fifo|                                                                layer32_out|       pointer|
|layer8_out_dout             |   in|   48|     ap_fifo|                                                                 layer8_out|       pointer|
|layer8_out_num_data_valid   |   in|   15|     ap_fifo|                                                                 layer8_out|       pointer|
|layer8_out_fifo_cap         |   in|   15|     ap_fifo|                                                                 layer8_out|       pointer|
|layer8_out_empty_n          |   in|    1|     ap_fifo|                                                                 layer8_out|       pointer|
|layer8_out_read             |  out|    1|     ap_fifo|                                                                 layer8_out|       pointer|
+----------------------------+-----+-----+------------+---------------------------------------------------------------------------+--------------+

============================================================
+ Verbose Summary: Synthesis Manager
============================================================
InlineROM: 1
ExposeGlobal: 0
============================================================
+ Verbose Summary: CDFG Model
============================================================
IsTopModel: 0
ResetActiveHigh: 1
IsCombinational: 2
IsDatapathOnly: 2
HasWiredReturn: 1
HasMFsm: 2
HasVarLatency: 1
IsPipeline: 0
IsRtlPipelined: 0
IsInstanceOverlapped: 0
IsDontTouch: 0
HasImplIP: 0
IsGatedGlobalClock: 0

+ Individual pipeline summary: 
  * Pipeline-0: initiation interval (II) = 2, depth = 3


============================================================
+ Verbose Summary: Schedule
============================================================
* Number of FSM states : 3
* Pipeline : 1
  Pipeline-0 : II = 2, D = 3, States = { 1 2 3 }
* Dataflow Pipeline: 0

* FSM state transitions: 
1 --> 2 
2 --> 3 
3 --> 

* FSM state operations: 

State 1 <SV = 0> <Delay = 1.94>
ST_1 : Operation 6 [1/1] (0.00ns)   --->   "%j_9 = alloca i32 1" [firmware/nnet_utils/nnet_padding_stream.h:65]   --->   Operation 6 'alloca' 'j_9' <Predicate = true> <Delay = 0.00>
ST_1 : Operation 7 [1/1] (0.00ns)   --->   "%indvar_flatten = alloca i32 1"   --->   Operation 7 'alloca' 'indvar_flatten' <Predicate = true> <Delay = 0.00>
ST_1 : Operation 8 [1/1] (0.00ns)   --->   "%specinterface_ln0 = specinterface void @_ssdm_op_SpecInterface, i48 %layer8_out, void @empty_13, i32 0, i32 0, void @empty_8, i32 0, i32 0, void @empty_8, void @empty_8, void @empty_8, i32 0, i32 0, i32 0, i32 0, void @empty_8, void @empty_8, i32 4294967295, i32 0"   --->   Operation 8 'specinterface' 'specinterface_ln0' <Predicate = true> <Delay = 0.00>
ST_1 : Operation 9 [1/1] (0.00ns)   --->   "%specinterface_ln0 = specinterface void @_ssdm_op_SpecInterface, i48 %layer32_out, void @empty_13, i32 0, i32 0, void @empty_8, i32 0, i32 0, void @empty_8, void @empty_8, void @empty_8, i32 0, i32 0, i32 0, i32 0, void @empty_8, void @empty_8, i32 4294967295, i32 0"   --->   Operation 9 'specinterface' 'specinterface_ln0' <Predicate = true> <Delay = 0.00>
ST_1 : Operation 10 [1/1] (0.53ns)   --->   "%store_ln0 = store i15 0, i15 %indvar_flatten"   --->   Operation 10 'store' 'store_ln0' <Predicate = true> <Delay = 0.53>
ST_1 : Operation 11 [1/1] (0.53ns)   --->   "%store_ln65 = store i8 0, i8 %j_9" [firmware/nnet_utils/nnet_padding_stream.h:65]   --->   Operation 11 'store' 'store_ln65' <Predicate = true> <Delay = 0.53>
ST_1 : Operation 12 [1/1] (0.00ns)   --->   "%br_ln0 = br void %for.body25"   --->   Operation 12 'br' 'br_ln0' <Predicate = true> <Delay = 0.00>
ST_1 : Operation 13 [1/1] (0.00ns)   --->   "%indvar_flatten_load = load i15 %indvar_flatten" [firmware/nnet_utils/nnet_padding_stream.h:59]   --->   Operation 13 'load' 'indvar_flatten_load' <Predicate = true> <Delay = 0.00>
ST_1 : Operation 14 [1/1] (1.40ns)   --->   "%icmp_ln59 = icmp_eq  i15 %indvar_flatten_load, i15 16384" [firmware/nnet_utils/nnet_padding_stream.h:59]   --->   Operation 14 'icmp' 'icmp_ln59' <Predicate = true> <Delay = 1.40> <CoreInst = "Cmp">   --->   Core 9 'Cmp' <Latency = 0> <II = 1> <Delay = 1.41> <FuncUnit> <Opcode : 'icmp'> <InPorts = 2> <OutPorts = 1>
ST_1 : Operation 15 [1/1] (1.40ns)   --->   "%add_ln59 = add i15 %indvar_flatten_load, i15 1" [firmware/nnet_utils/nnet_padding_stream.h:59]   --->   Operation 15 'add' 'add_ln59' <Predicate = true> <Delay = 1.40> <CoreInst = "Adder">   --->   Core 1 'Adder' <Latency = 0> <II = 1> <Delay = 1.40> <FuncUnit> <Opcode : 'add' 'sub'> <InPorts = 2> <OutPorts = 1>
ST_1 : Operation 16 [1/1] (0.00ns)   --->   "%br_ln59 = br i1 %icmp_ln59, void %for.inc34, void %for.inc50.preheader.exitStub" [firmware/nnet_utils/nnet_padding_stream.h:59]   --->   Operation 16 'br' 'br_ln59' <Predicate = true> <Delay = 0.00>
ST_1 : Operation 33 [1/1] (0.00ns)   --->   "%ret_ln0 = ret"   --->   Operation 33 'ret' 'ret_ln0' <Predicate = (icmp_ln59)> <Delay = 0.00>

State 2 <SV = 1> <Delay = 3.65>
ST_2 : Operation 17 [1/1] (0.00ns)   --->   "%j_9_load = load i8 %j_9" [firmware/nnet_utils/nnet_padding_stream.h:65]   --->   Operation 17 'load' 'j_9_load' <Predicate = (!icmp_ln59)> <Delay = 0.00>
ST_2 : Operation 18 [1/1] (0.00ns)   --->   "%specloopname_ln0 = specloopname void @_ssdm_op_SpecLoopName, void @PadMain_CopyMain_str"   --->   Operation 18 'specloopname' 'specloopname_ln0' <Predicate = (!icmp_ln59)> <Delay = 0.00>
ST_2 : Operation 19 [1/1] (0.00ns)   --->   "%speclooptripcount_ln0 = speclooptripcount void @_ssdm_op_SpecLoopTripCount, i64 16384, i64 16384, i64 16384"   --->   Operation 19 'speclooptripcount' 'speclooptripcount_ln0' <Predicate = (!icmp_ln59)> <Delay = 0.00>
ST_2 : Operation 20 [1/1] (0.00ns)   --->   "%specpipeline_ln65 = specpipeline void @_ssdm_op_SpecPipeline, i32 4294967295, i32 0, i32 0, i32 0, void @empty_8" [firmware/nnet_utils/nnet_padding_stream.h:65]   --->   Operation 20 'specpipeline' 'specpipeline_ln65' <Predicate = (!icmp_ln59)> <Delay = 0.00>
ST_2 : Operation 21 [1/1] (1.82ns)   --->   "%layer8_out_read = read i48 @_ssdm_op_Read.ap_fifo.volatile.i48P0A, i48 %layer8_out" [firmware/nnet_utils/nnet_padding_stream.h:20->firmware/nnet_utils/nnet_padding_stream.h:66]   --->   Operation 21 'read' 'layer8_out_read' <Predicate = (!icmp_ln59)> <Delay = 1.82> <CoreInst = "FIFO">   --->   Core 78 'FIFO' <Latency = 0> <II = 1> <Delay = 2.16> <Storage> <Opcode : 'read' 'write' 'nbread' 'nbwrite'> <Ports = 0> <Width = 48> <Depth = 16384> <FIFO>
ST_2 : Operation 22 [1/1] (1.82ns)   --->   "%write_ln26 = write void @_ssdm_op_Write.ap_fifo.volatile.i48P0A, i48 %layer32_out, i48 %layer8_out_read" [firmware/nnet_utils/nnet_padding_stream.h:26->firmware/nnet_utils/nnet_padding_stream.h:66]   --->   Operation 22 'write' 'write_ln26' <Predicate = (!icmp_ln59)> <Delay = 1.82> <CoreInst = "FIFO">   --->   Core 78 'FIFO' <Latency = 0> <II = 1> <Delay = 2.16> <Storage> <Opcode : 'read' 'write' 'nbread' 'nbwrite'> <Ports = 0> <Width = 48> <Depth = 16641> <FIFO>
ST_2 : Operation 23 [1/1] (1.28ns)   --->   "%add_ln65 = add i8 %j_9_load, i8 1" [firmware/nnet_utils/nnet_padding_stream.h:65]   --->   Operation 23 'add' 'add_ln65' <Predicate = (!icmp_ln59)> <Delay = 1.28> <CoreInst = "Adder">   --->   Core 1 'Adder' <Latency = 0> <II = 1> <Delay = 1.28> <FuncUnit> <Opcode : 'add' 'sub'> <InPorts = 2> <OutPorts = 1>
ST_2 : Operation 24 [1/1] (1.28ns)   --->   "%icmp_ln65 = icmp_eq  i8 %j_9_load, i8 128" [firmware/nnet_utils/nnet_padding_stream.h:65]   --->   Operation 24 'icmp' 'icmp_ln65' <Predicate = (!icmp_ln59)> <Delay = 1.28> <CoreInst = "Cmp">   --->   Core 9 'Cmp' <Latency = 0> <II = 1> <Delay = 1.30> <FuncUnit> <Opcode : 'icmp'> <InPorts = 2> <OutPorts = 1>
ST_2 : Operation 25 [1/1] (0.29ns)   --->   "%j = select i1 %icmp_ln65, i8 1, i8 %add_ln65" [firmware/nnet_utils/nnet_padding_stream.h:65]   --->   Operation 25 'select' 'j' <Predicate = (!icmp_ln59)> <Delay = 0.29> <CoreInst = "Sel">   --->   Core 73 'Sel' <Latency = 0> <II = 1> <Delay = 0.29> <FuncUnit> <Opcode : 'select'> <InPorts = 3> <OutPorts = 1>
ST_2 : Operation 26 [1/1] (1.28ns)   --->   "%icmp_ln65_1 = icmp_eq  i8 %j, i8 128" [firmware/nnet_utils/nnet_padding_stream.h:65]   --->   Operation 26 'icmp' 'icmp_ln65_1' <Predicate = (!icmp_ln59)> <Delay = 1.28> <CoreInst = "Cmp">   --->   Core 9 'Cmp' <Latency = 0> <II = 1> <Delay = 1.30> <FuncUnit> <Opcode : 'icmp'> <InPorts = 2> <OutPorts = 1>
ST_2 : Operation 27 [1/1] (0.00ns)   --->   "%br_ln65 = br i1 %icmp_ln65_1, void %new.latch.for.body25.split, void %last.iter.for.body25.split" [firmware/nnet_utils/nnet_padding_stream.h:65]   --->   Operation 27 'br' 'br_ln65' <Predicate = (!icmp_ln59)> <Delay = 0.00>
ST_2 : Operation 28 [1/1] (0.53ns)   --->   "%store_ln59 = store i15 %add_ln59, i15 %indvar_flatten" [firmware/nnet_utils/nnet_padding_stream.h:59]   --->   Operation 28 'store' 'store_ln59' <Predicate = (!icmp_ln59)> <Delay = 0.53>
ST_2 : Operation 29 [1/1] (0.53ns)   --->   "%store_ln65 = store i8 %j, i8 %j_9" [firmware/nnet_utils/nnet_padding_stream.h:65]   --->   Operation 29 'store' 'store_ln65' <Predicate = (!icmp_ln59)> <Delay = 0.53>
ST_2 : Operation 30 [1/1] (0.00ns)   --->   "%br_ln65 = br void %for.body25" [firmware/nnet_utils/nnet_padding_stream.h:65]   --->   Operation 30 'br' 'br_ln65' <Predicate = (!icmp_ln59)> <Delay = 0.00>

State 3 <SV = 2> <Delay = 1.82>
ST_3 : Operation 31 [1/1] (1.82ns)   --->   "%write_ln15 = write void @_ssdm_op_Write.ap_fifo.volatile.i48P0A, i48 %layer32_out, i48 0" [firmware/nnet_utils/nnet_padding_stream.h:15->firmware/nnet_utils/nnet_padding_stream.h:70]   --->   Operation 31 'write' 'write_ln15' <Predicate = (icmp_ln65_1)> <Delay = 1.82> <CoreInst = "FIFO">   --->   Core 78 'FIFO' <Latency = 0> <II = 1> <Delay = 2.16> <Storage> <Opcode : 'read' 'write' 'nbread' 'nbwrite'> <Ports = 0> <Width = 48> <Depth = 16641> <FIFO>
ST_3 : Operation 32 [1/1] (0.00ns)   --->   "%br_ln65 = br void %new.latch.for.body25.split" [firmware/nnet_utils/nnet_padding_stream.h:65]   --->   Operation 32 'br' 'br_ln65' <Predicate = (icmp_ln65_1)> <Delay = 0.00>


============================================================
+ Verbose Summary: Binding
============================================================
STG Binding: 
---------------- STG Properties BEGIN ----------------
- Is combinational: 0
- Is one-state seq: 0
- Is datapath-only: 0
- Is pipelined: 0
- Is top level: 0
Port [ Return ] is wired: 1; IO mode=ap_ctrl_hs:ce=0
Port [ layer32_out]:  wired=1; compound=1; hidden=0; nouse=0; global=0; static=0; extern=0; dir=1; type=3; pingpong=0; private_global=0; IO mode=ap_fifo:ce=0
Port [ layer8_out]:  wired=1; compound=1; hidden=0; nouse=0; global=0; static=0; extern=0; dir=0; type=3; pingpong=0; private_global=0; IO mode=ap_fifo:ce=0
---------------- STG Properties END ------------------

---------------- Datapath Model BEGIN ----------------

<LifeTime>
<method=bitvector/>
j_9                   (alloca           ) [ 0110]
indvar_flatten        (alloca           ) [ 0110]
specinterface_ln0     (specinterface    ) [ 0000]
specinterface_ln0     (specinterface    ) [ 0000]
store_ln0             (store            ) [ 0000]
store_ln65            (store            ) [ 0000]
br_ln0                (br               ) [ 0000]
indvar_flatten_load   (load             ) [ 0000]
icmp_ln59             (icmp             ) [ 0110]
add_ln59              (add              ) [ 0010]
br_ln59               (br               ) [ 0000]
j_9_load              (load             ) [ 0000]
specloopname_ln0      (specloopname     ) [ 0000]
speclooptripcount_ln0 (speclooptripcount) [ 0000]
specpipeline_ln65     (specpipeline     ) [ 0000]
layer8_out_read       (read             ) [ 0000]
write_ln26            (write            ) [ 0000]
add_ln65              (add              ) [ 0000]
icmp_ln65             (icmp             ) [ 0000]
j                     (select           ) [ 0000]
icmp_ln65_1           (icmp             ) [ 0101]
br_ln65               (br               ) [ 0000]
store_ln59            (store            ) [ 0000]
store_ln65            (store            ) [ 0000]
br_ln65               (br               ) [ 0000]
write_ln15            (write            ) [ 0000]
br_ln65               (br               ) [ 0000]
ret_ln0               (ret              ) [ 0000]
</LifeTime>

<model>

<comp_list>
<comp id="0" class="1000" name="layer32_out">
<pin_list>
<pin id="1" dir="1" index="0" bw="1" slack="0"/>
</pin_list>
<bind>
<StgValue><ssdm name="layer32_out"/></StgValue>
</bind>
</comp>

<comp id="2" class="1000" name="layer8_out">
<pin_list>
<pin id="3" dir="1" index="0" bw="1" slack="0"/>
</pin_list>
<bind>
<StgValue><ssdm name="layer8_out"/></StgValue>
</bind>
</comp>

<comp id="4" class="1001" name="const_4">
<pin_list>
<pin id="5" dir="1" index="0" bw="1" slack="0"/>
</pin_list>
<bind>
<StgValue><ssdm name=""/></StgValue>
</bind>
</comp>

<comp id="6" class="1001" name="const_6">
<pin_list>
<pin id="7" dir="1" index="0" bw="1" slack="2147483647"/>
</pin_list>
<bind>
<StgValue><ssdm name="_ssdm_op_SpecInterface"/></StgValue>
</bind>
</comp>

<comp id="8" class="1001" name="const_8">
<pin_list>
<pin id="9" dir="1" index="0" bw="1" slack="2147483647"/>
</pin_list>
<bind>
<StgValue><ssdm name="empty_13"/></StgValue>
</bind>
</comp>

<comp id="10" class="1001" name="const_10">
<pin_list>
<pin id="11" dir="1" index="0" bw="1" slack="2147483647"/>
</pin_list>
<bind>
<StgValue><ssdm name=""/></StgValue>
</bind>
</comp>

<comp id="12" class="1001" name="const_12">
<pin_list>
<pin id="13" dir="1" index="0" bw="1" slack="2147483647"/>
</pin_list>
<bind>
<StgValue><ssdm name="empty_8"/></StgValue>
</bind>
</comp>

<comp id="14" class="1001" name="const_14">
<pin_list>
<pin id="15" dir="1" index="0" bw="1" slack="2147483647"/>
</pin_list>
<bind>
<StgValue><ssdm name=""/></StgValue>
</bind>
</comp>

<comp id="16" class="1001" name="const_16">
<pin_list>
<pin id="17" dir="1" index="0" bw="1" slack="0"/>
</pin_list>
<bind>
<StgValue><ssdm name=""/></StgValue>
</bind>
</comp>

<comp id="18" class="1001" name="const_18">
<pin_list>
<pin id="19" dir="1" index="0" bw="1" slack="0"/>
</pin_list>
<bind>
<StgValue><ssdm name=""/></StgValue>
</bind>
</comp>

<comp id="20" class="1001" name="const_20">
<pin_list>
<pin id="21" dir="1" index="0" bw="1" slack="0"/>
</pin_list>
<bind>
<StgValue><ssdm name=""/></StgValue>
</bind>
</comp>

<comp id="22" class="1001" name="const_22">
<pin_list>
<pin id="23" dir="1" index="0" bw="1" slack="0"/>
</pin_list>
<bind>
<StgValue><ssdm name=""/></StgValue>
</bind>
</comp>

<comp id="24" class="1001" name="const_24">
<pin_list>
<pin id="25" dir="1" index="0" bw="1" slack="2147483647"/>
</pin_list>
<bind>
<StgValue><ssdm name="_ssdm_op_SpecLoopName"/></StgValue>
</bind>
</comp>

<comp id="26" class="1001" name="const_26">
<pin_list>
<pin id="27" dir="1" index="0" bw="1" slack="2147483647"/>
</pin_list>
<bind>
<StgValue><ssdm name="PadMain_CopyMain_str"/></StgValue>
</bind>
</comp>

<comp id="28" class="1001" name="const_28">
<pin_list>
<pin id="29" dir="1" index="0" bw="1" slack="2147483647"/>
</pin_list>
<bind>
<StgValue><ssdm name="_ssdm_op_SpecLoopTripCount"/></StgValue>
</bind>
</comp>

<comp id="30" class="1001" name="const_30">
<pin_list>
<pin id="31" dir="1" index="0" bw="1" slack="2147483647"/>
</pin_list>
<bind>
<StgValue><ssdm name=""/></StgValue>
</bind>
</comp>

<comp id="32" class="1001" name="const_32">
<pin_list>
<pin id="33" dir="1" index="0" bw="1" slack="2147483647"/>
</pin_list>
<bind>
<StgValue><ssdm name="_ssdm_op_SpecPipeline"/></StgValue>
</bind>
</comp>

<comp id="34" class="1001" name="const_34">
<pin_list>
<pin id="35" dir="1" index="0" bw="1" slack="0"/>
</pin_list>
<bind>
<StgValue><ssdm name="_ssdm_op_Read.ap_fifo.volatile.i48P0A"/></StgValue>
</bind>
</comp>

<comp id="36" class="1001" name="const_36">
<pin_list>
<pin id="37" dir="1" index="0" bw="1" slack="0"/>
</pin_list>
<bind>
<StgValue><ssdm name="_ssdm_op_Write.ap_fifo.volatile.i48P0A"/></StgValue>
</bind>
</comp>

<comp id="38" class="1001" name="const_38">
<pin_list>
<pin id="39" dir="1" index="0" bw="1" slack="0"/>
</pin_list>
<bind>
<StgValue><ssdm name=""/></StgValue>
</bind>
</comp>

<comp id="40" class="1001" name="const_40">
<pin_list>
<pin id="41" dir="1" index="0" bw="1" slack="0"/>
</pin_list>
<bind>
<StgValue><ssdm name=""/></StgValue>
</bind>
</comp>

<comp id="42" class="1001" name="const_42">
<pin_list>
<pin id="43" dir="1" index="0" bw="1" slack="0"/>
</pin_list>
<bind>
<StgValue><ssdm name=""/></StgValue>
</bind>
</comp>

<comp id="44" class="1004" name="j_9_fu_44">
<pin_list>
<pin id="45" dir="0" index="0" bw="1" slack="0"/>
<pin id="46" dir="1" index="1" bw="8" slack="0"/>
</pin_list>
<bind>
<opcode="alloca(26) " fcode="alloca"/>
<opset="j_9/1 "/>
</bind>
</comp>

<comp id="48" class="1004" name="indvar_flatten_fu_48">
<pin_list>
<pin id="49" dir="0" index="0" bw="1" slack="0"/>
<pin id="50" dir="1" index="1" bw="15" slack="0"/>
</pin_list>
<bind>
<opcode="alloca(26) " fcode="alloca"/>
<opset="indvar_flatten/1 "/>
</bind>
</comp>

<comp id="52" class="1004" name="layer8_out_read_read_fu_52">
<pin_list>
<pin id="53" dir="0" index="0" bw="48" slack="0"/>
<pin id="54" dir="0" index="1" bw="48" slack="0"/>
<pin id="55" dir="1" index="2" bw="48" slack="0"/>
</pin_list>
<bind>
<opcode="read(1150) " fcode="read"/>
<opset="layer8_out_read/2 "/>
</bind>
</comp>

<comp id="58" class="1004" name="grp_write_fu_58">
<pin_list>
<pin id="59" dir="0" index="0" bw="0" slack="0"/>
<pin id="60" dir="0" index="1" bw="48" slack="0"/>
<pin id="61" dir="0" index="2" bw="48" slack="0"/>
<pin id="62" dir="1" index="3" bw="0" slack="2147483647"/>
</pin_list>
<bind>
<opcode="write(1151) " fcode="write"/>
<opset="write_ln26/2 write_ln15/3 "/>
</bind>
</comp>

<comp id="67" class="1004" name="store_ln0_store_fu_67">
<pin_list>
<pin id="68" dir="0" index="0" bw="1" slack="0"/>
<pin id="69" dir="0" index="1" bw="15" slack="0"/>
<pin id="70" dir="1" index="2" bw="0" slack="2147483647"/>
</pin_list>
<bind>
<opcode="store(28) " fcode="store"/>
<opset="store_ln0/1 "/>
</bind>
</comp>

<comp id="72" class="1004" name="store_ln65_store_fu_72">
<pin_list>
<pin id="73" dir="0" index="0" bw="1" slack="0"/>
<pin id="74" dir="0" index="1" bw="8" slack="0"/>
<pin id="75" dir="1" index="2" bw="0" slack="2147483647"/>
</pin_list>
<bind>
<opcode="store(28) " fcode="store"/>
<opset="store_ln65/1 "/>
</bind>
</comp>

<comp id="77" class="1004" name="indvar_flatten_load_load_fu_77">
<pin_list>
<pin id="78" dir="0" index="0" bw="15" slack="0"/>
<pin id="79" dir="1" index="1" bw="15" slack="0"/>
</pin_list>
<bind>
<opcode="load(27) " fcode="load"/>
<opset="indvar_flatten_load/1 "/>
</bind>
</comp>

<comp id="80" class="1004" name="icmp_ln59_fu_80">
<pin_list>
<pin id="81" dir="0" index="0" bw="15" slack="0"/>
<pin id="82" dir="0" index="1" bw="15" slack="0"/>
<pin id="83" dir="1" index="2" bw="1" slack="1"/>
</pin_list>
<bind>
<opcode="icmp(45) " fcode="icmp"/>
<opset="icmp_ln59/1 "/>
</bind>
</comp>

<comp id="86" class="1004" name="add_ln59_fu_86">
<pin_list>
<pin id="87" dir="0" index="0" bw="15" slack="0"/>
<pin id="88" dir="0" index="1" bw="1" slack="0"/>
<pin id="89" dir="1" index="2" bw="15" slack="1"/>
</pin_list>
<bind>
<opcode="add(8) " fcode="add"/>
<opset="add_ln59/1 "/>
</bind>
</comp>

<comp id="92" class="1004" name="j_9_load_load_fu_92">
<pin_list>
<pin id="93" dir="0" index="0" bw="8" slack="1"/>
<pin id="94" dir="1" index="1" bw="8" slack="0"/>
</pin_list>
<bind>
<opcode="load(27) " fcode="load"/>
<opset="j_9_load/2 "/>
</bind>
</comp>

<comp id="95" class="1004" name="add_ln65_fu_95">
<pin_list>
<pin id="96" dir="0" index="0" bw="8" slack="0"/>
<pin id="97" dir="0" index="1" bw="1" slack="0"/>
<pin id="98" dir="1" index="2" bw="8" slack="0"/>
</pin_list>
<bind>
<opcode="add(8) " fcode="add"/>
<opset="add_ln65/2 "/>
</bind>
</comp>

<comp id="101" class="1004" name="icmp_ln65_fu_101">
<pin_list>
<pin id="102" dir="0" index="0" bw="8" slack="0"/>
<pin id="103" dir="0" index="1" bw="8" slack="0"/>
<pin id="104" dir="1" index="2" bw="1" slack="0"/>
</pin_list>
<bind>
<opcode="icmp(45) " fcode="icmp"/>
<opset="icmp_ln65/2 "/>
</bind>
</comp>

<comp id="107" class="1004" name="j_fu_107">
<pin_list>
<pin id="108" dir="0" index="0" bw="1" slack="0"/>
<pin id="109" dir="0" index="1" bw="8" slack="0"/>
<pin id="110" dir="0" index="2" bw="8" slack="0"/>
<pin id="111" dir="1" index="3" bw="8" slack="0"/>
</pin_list>
<bind>
<opcode="select(49) " fcode="select"/>
<opset="j/2 "/>
</bind>
</comp>

<comp id="115" class="1004" name="icmp_ln65_1_fu_115">
<pin_list>
<pin id="116" dir="0" index="0" bw="8" slack="0"/>
<pin id="117" dir="0" index="1" bw="8" slack="0"/>
<pin id="118" dir="1" index="2" bw="1" slack="1"/>
</pin_list>
<bind>
<opcode="icmp(45) " fcode="icmp"/>
<opset="icmp_ln65_1/2 "/>
</bind>
</comp>

<comp id="121" class="1004" name="store_ln59_store_fu_121">
<pin_list>
<pin id="122" dir="0" index="0" bw="15" slack="1"/>
<pin id="123" dir="0" index="1" bw="15" slack="1"/>
<pin id="124" dir="1" index="2" bw="0" slack="2147483647"/>
</pin_list>
<bind>
<opcode="store(28) " fcode="store"/>
<opset="store_ln59/2 "/>
</bind>
</comp>

<comp id="125" class="1004" name="store_ln65_store_fu_125">
<pin_list>
<pin id="126" dir="0" index="0" bw="8" slack="0"/>
<pin id="127" dir="0" index="1" bw="8" slack="1"/>
<pin id="128" dir="1" index="2" bw="0" slack="2147483647"/>
</pin_list>
<bind>
<opcode="store(28) " fcode="store"/>
<opset="store_ln65/2 "/>
</bind>
</comp>

<comp id="130" class="1005" name="j_9_reg_130">
<pin_list>
<pin id="131" dir="0" index="0" bw="8" slack="0"/>
<pin id="132" dir="1" index="1" bw="8" slack="0"/>
</pin_list>
<bind>
<opset="j_9 "/>
</bind>
</comp>

<comp id="137" class="1005" name="indvar_flatten_reg_137">
<pin_list>
<pin id="138" dir="0" index="0" bw="15" slack="0"/>
<pin id="139" dir="1" index="1" bw="15" slack="0"/>
</pin_list>
<bind>
<opset="indvar_flatten "/>
</bind>
</comp>

<comp id="144" class="1005" name="icmp_ln59_reg_144">
<pin_list>
<pin id="145" dir="0" index="0" bw="1" slack="1"/>
<pin id="146" dir="1" index="1" bw="1" slack="2147483647"/>
</pin_list>
<bind>
<opset="icmp_ln59 "/>
</bind>
</comp>

<comp id="148" class="1005" name="add_ln59_reg_148">
<pin_list>
<pin id="149" dir="0" index="0" bw="15" slack="1"/>
<pin id="150" dir="1" index="1" bw="15" slack="1"/>
</pin_list>
<bind>
<opset="add_ln59 "/>
</bind>
</comp>

<comp id="153" class="1005" name="icmp_ln65_1_reg_153">
<pin_list>
<pin id="154" dir="0" index="0" bw="1" slack="1"/>
<pin id="155" dir="1" index="1" bw="1" slack="2147483647"/>
</pin_list>
<bind>
<opset="icmp_ln65_1 "/>
</bind>
</comp>

</comp_list>

<net_list>
<net id="47"><net_src comp="4" pin="0"/><net_sink comp="44" pin=0"/></net>

<net id="51"><net_src comp="4" pin="0"/><net_sink comp="48" pin=0"/></net>

<net id="56"><net_src comp="34" pin="0"/><net_sink comp="52" pin=0"/></net>

<net id="57"><net_src comp="2" pin="0"/><net_sink comp="52" pin=1"/></net>

<net id="63"><net_src comp="36" pin="0"/><net_sink comp="58" pin=0"/></net>

<net id="64"><net_src comp="0" pin="0"/><net_sink comp="58" pin=1"/></net>

<net id="65"><net_src comp="52" pin="2"/><net_sink comp="58" pin=2"/></net>

<net id="66"><net_src comp="42" pin="0"/><net_sink comp="58" pin=2"/></net>

<net id="71"><net_src comp="16" pin="0"/><net_sink comp="67" pin=0"/></net>

<net id="76"><net_src comp="18" pin="0"/><net_sink comp="72" pin=0"/></net>

<net id="84"><net_src comp="77" pin="1"/><net_sink comp="80" pin=0"/></net>

<net id="85"><net_src comp="20" pin="0"/><net_sink comp="80" pin=1"/></net>

<net id="90"><net_src comp="77" pin="1"/><net_sink comp="86" pin=0"/></net>

<net id="91"><net_src comp="22" pin="0"/><net_sink comp="86" pin=1"/></net>

<net id="99"><net_src comp="92" pin="1"/><net_sink comp="95" pin=0"/></net>

<net id="100"><net_src comp="38" pin="0"/><net_sink comp="95" pin=1"/></net>

<net id="105"><net_src comp="92" pin="1"/><net_sink comp="101" pin=0"/></net>

<net id="106"><net_src comp="40" pin="0"/><net_sink comp="101" pin=1"/></net>

<net id="112"><net_src comp="101" pin="2"/><net_sink comp="107" pin=0"/></net>

<net id="113"><net_src comp="38" pin="0"/><net_sink comp="107" pin=1"/></net>

<net id="114"><net_src comp="95" pin="2"/><net_sink comp="107" pin=2"/></net>

<net id="119"><net_src comp="107" pin="3"/><net_sink comp="115" pin=0"/></net>

<net id="120"><net_src comp="40" pin="0"/><net_sink comp="115" pin=1"/></net>

<net id="129"><net_src comp="107" pin="3"/><net_sink comp="125" pin=0"/></net>

<net id="133"><net_src comp="44" pin="1"/><net_sink comp="130" pin=0"/></net>

<net id="134"><net_src comp="130" pin="1"/><net_sink comp="72" pin=1"/></net>

<net id="135"><net_src comp="130" pin="1"/><net_sink comp="92" pin=0"/></net>

<net id="136"><net_src comp="130" pin="1"/><net_sink comp="125" pin=1"/></net>

<net id="140"><net_src comp="48" pin="1"/><net_sink comp="137" pin=0"/></net>

<net id="141"><net_src comp="137" pin="1"/><net_sink comp="67" pin=1"/></net>

<net id="142"><net_src comp="137" pin="1"/><net_sink comp="77" pin=0"/></net>

<net id="143"><net_src comp="137" pin="1"/><net_sink comp="121" pin=1"/></net>

<net id="147"><net_src comp="80" pin="2"/><net_sink comp="144" pin=0"/></net>

<net id="151"><net_src comp="86" pin="2"/><net_sink comp="148" pin=0"/></net>

<net id="152"><net_src comp="148" pin="1"/><net_sink comp="121" pin=0"/></net>

<net id="156"><net_src comp="115" pin="2"/><net_sink comp="153" pin=0"/></net>

</net_list>

</model> 
---------------- Datapath Model END ------------------

* FSMD analyzer results:
  - Output states:
	Port: layer32_out | {2 3 }
	Port: layer8_out | {}
 - Input state : 
	Port: zeropad2d_cl<array,array<ap_fixed,4u>,config32>_Pipeline_PadMain_CopyMain : layer32_out | {}
	Port: zeropad2d_cl<array,array<ap_fixed,4u>,config32>_Pipeline_PadMain_CopyMain : layer8_out | {2 }
  - Chain level:
	State 1
		store_ln0 : 1
		store_ln65 : 1
		indvar_flatten_load : 1
		icmp_ln59 : 2
		add_ln59 : 2
		br_ln59 : 3
	State 2
		add_ln65 : 1
		icmp_ln65 : 1
		j : 2
		icmp_ln65_1 : 3
		br_ln65 : 4
		store_ln65 : 3
	State 3


============================================================
+ Verbose Summary: Datapath Resource usage 
============================================================

* Functional unit list:
|----------|----------------------------|---------|---------|
| Operation|       Functional Unit      |    FF   |   LUT   |
|----------|----------------------------|---------|---------|
|          |       icmp_ln59_fu_80      |    0    |    22   |
|   icmp   |      icmp_ln65_fu_101      |    0    |    15   |
|          |     icmp_ln65_1_fu_115     |    0    |    15   |
|----------|----------------------------|---------|---------|
|    add   |       add_ln59_fu_86       |    0    |    22   |
|          |       add_ln65_fu_95       |    0    |    15   |
|----------|----------------------------|---------|---------|
|  select  |          j_fu_107          |    0    |    8    |
|----------|----------------------------|---------|---------|
|   read   | layer8_out_read_read_fu_52 |    0    |    0    |
|----------|----------------------------|---------|---------|
|   write  |       grp_write_fu_58      |    0    |    0    |
|----------|----------------------------|---------|---------|
|   Total  |                            |    0    |    97   |
|----------|----------------------------|---------|---------|

Memories:
N/A

* Register list:
+----------------------+--------+
|                      |   FF   |
+----------------------+--------+
|   add_ln59_reg_148   |   15   |
|   icmp_ln59_reg_144  |    1   |
|  icmp_ln65_1_reg_153 |    1   |
|indvar_flatten_reg_137|   15   |
|      j_9_reg_130     |    8   |
+----------------------+--------+
|         Total        |   40   |
+----------------------+--------+

* Multiplexer (MUX) list: 
|-----------------|------|------|------|--------||---------||---------|
|       Comp      |  Pin | Size |  BW  | S x BW ||  Delay  ||   LUT   |
|-----------------|------|------|------|--------||---------||---------|
| grp_write_fu_58 |  p2  |   2  |  48  |   96   ||    9    |
|-----------------|------|------|------|--------||---------||---------|
|      Total      |      |      |      |   96   ||  0.538  ||    9    |
|-----------------|------|------|------|--------||---------||---------|



* Summary:
+-----------+--------+--------+--------+
|           |  Delay |   FF   |   LUT  |
+-----------+--------+--------+--------+
|  Function |    -   |    0   |   97   |
|   Memory  |    -   |    -   |    -   |
|Multiplexer|    0   |    -   |    9   |
|  Register |    -   |   40   |    -   |
+-----------+--------+--------+--------+
|   Total   |    0   |   40   |   106  |
+-----------+--------+--------+--------+
