

================================================================
== Vitis HLS Report for 'zeropad2d_cl_array_ap_fixed_6u_array_ap_fixed_16_6_5_3_0_6u_config36_s'
================================================================
* Date:           Sun Apr 26 02:59:45 2026

* Version:        2025.2 (Build 6295257 on Nov 14 2025)
* Project:        folo_prj
* Solution:       solution1 (Vivado IP Flow Target)
* Product family: kintexu
* Target device:  xcku035-fbva676-2-e


================================================================
== Performance Estimates
================================================================
+ Timing: 
    * Summary: 
    +--------+---------+----------+------------+
    |  Clock |  Target | Estimated| Uncertainty|
    +--------+---------+----------+------------+
    |ap_clk  |  5.00 ns|  3.650 ns|     1.35 ns|
    +--------+---------+----------+------------+

+ Latency: 
    * Summary: 
    +---------+---------+-----------+-----------+------+------+---------+
    |  Latency (cycles) |   Latency (absolute)  |   Interval  | Pipeline|
    |   min   |   max   |    min    |    max    |  min |  max |   Type  |
    +---------+---------+-----------+-----------+------+------+---------+
    |     4232|     4232|  21.160 us|  21.160 us|  4232|  4232|       no|
    +---------+---------+-----------+-----------+------+------+---------+

    + Detail: 
        * Instance: 
        N/A

        * Loop: 
        N/A

============================================================
+ Verbose Summary: Synthesis Manager
============================================================
InlineROM: 1
ExposeGlobal: 0
============================================================
+ Verbose Summary: CDFG Model
============================================================
IsTopModel: 0
ResetActiveHigh: 1
IsCombinational: 2
IsDatapathOnly: 0
HasWiredReturn: 1
HasMFsm: 0
HasVarLatency: 1
IsPipeline: 0
IsRtlPipelined: 0
IsInstanceOverlapped: 0
IsDontTouch: 0
HasImplIP: 0
IsGatedGlobalClock: 0


============================================================
+ Verbose Summary: Schedule
============================================================
* Number of FSM states : 4
* Pipeline : 0
* Dataflow Pipeline: 0

* FSM state transitions: 
1 --> 2 
2 --> 3 
3 --> 4 
4 --> 

* FSM state operations: 

State 1 <SV = 0> <Delay = 0.00>
ST_1 : Operation 5 [2/2] (0.00ns)   --->   "%call_ln0 = call void @zeropad2d_cl<array,array<ap_fixed<16,6,5,3,0>,6u>,config36>_Pipeline_PadMain, i96 %layer15_out, i96 %layer36_out"   --->   Operation 5 'call' 'call_ln0' <Predicate = true> <Delay = 0.00> <CoreType = "Generic">   --->   Generic Core

State 2 <SV = 1> <Delay = 2.27>
ST_2 : Operation 6 [1/2] (2.27ns)   --->   "%call_ln0 = call void @zeropad2d_cl<array,array<ap_fixed<16,6,5,3,0>,6u>,config36>_Pipeline_PadMain, i96 %layer15_out, i96 %layer36_out"   --->   Operation 6 'call' 'call_ln0' <Predicate = true> <Delay = 2.27> <CoreType = "Generic">   --->   Generic Core

State 3 <SV = 2> <Delay = 0.00>
ST_3 : Operation 7 [1/1] (0.00ns)   --->   "%fence_ln77 = fence void @_ssdm_op_Fence, i96 %layer15_out, i96 %layer36_out, i32 4294967295, i96 %layer36_out, i32 0" [firmware/nnet_utils/nnet_padding_stream.h:77]   --->   Operation 7 'fence' 'fence_ln77' <Predicate = true> <Delay = 0.00>
ST_3 : Operation 8 [1/1] (0.00ns)   --->   "%fence_ln77 = fence void @_ssdm_op_Fence, i96 %layer15_out, i96 %layer36_out, i32 4294967295, i96 %layer36_out, i32 0" [firmware/nnet_utils/nnet_padding_stream.h:77]   --->   Operation 8 'fence' 'fence_ln77' <Predicate = true> <Delay = 0.00>
ST_3 : Operation 9 [2/2] (0.00ns)   --->   "%call_ln0 = call void @zeropad2d_cl<array,array<ap_fixed,6u>,config36>_Pipeline_PadBottomWidth, i96 %layer36_out"   --->   Operation 9 'call' 'call_ln0' <Predicate = true> <Delay = 0.00> <CoreType = "Generic">   --->   Generic Core

State 4 <SV = 3> <Delay = 2.27>
ST_4 : Operation 10 [1/1] (0.00ns)   --->   "%specinterface_ln0 = specinterface void @_ssdm_op_SpecInterface, i96 %layer36_out, void @empty_10, i32 0, i32 0, void @empty_11, i32 0, i32 0, void @empty_11, void @empty_11, void @empty_11, i32 0, i32 0, i32 0, i32 0, void @empty_11, void @empty_11, i32 4294967295, i32 0, i32 0, i32 0"   --->   Operation 10 'specinterface' 'specinterface_ln0' <Predicate = true> <Delay = 0.00>
ST_4 : Operation 11 [1/1] (0.00ns)   --->   "%specinterface_ln0 = specinterface void @_ssdm_op_SpecInterface, i96 %layer15_out, void @empty_10, i32 0, i32 0, void @empty_11, i32 0, i32 0, void @empty_11, void @empty_11, void @empty_11, i32 0, i32 0, i32 0, i32 0, void @empty_11, void @empty_11, i32 4294967295, i32 0, i32 0, i32 0"   --->   Operation 11 'specinterface' 'specinterface_ln0' <Predicate = true> <Delay = 0.00>
ST_4 : Operation 12 [1/2] (2.27ns)   --->   "%call_ln0 = call void @zeropad2d_cl<array,array<ap_fixed,6u>,config36>_Pipeline_PadBottomWidth, i96 %layer36_out"   --->   Operation 12 'call' 'call_ln0' <Predicate = true> <Delay = 2.27> <CoreType = "Generic">   --->   Generic Core
ST_4 : Operation 13 [1/1] (0.00ns)   --->   "%ret_ln81 = ret" [firmware/nnet_utils/nnet_padding_stream.h:81]   --->   Operation 13 'ret' 'ret_ln81' <Predicate = true> <Delay = 0.00>


============================================================
+ Verbose Summary: Timing violations
============================================================
Target clock period: 5.000ns, clock uncertainty: 1.350ns.

 <State 1>: 0.000ns
The critical path consists of the following:

 <State 2>: 2.276ns
The critical path consists of the following:
	'call' operation ('call_ln0') to 'zeropad2d_cl<array,array<ap_fixed<16,6,5,3,0>,6u>,config36>_Pipeline_PadMain' [5]  (2.276 ns)

 <State 3>: 0.000ns
The critical path consists of the following:

 <State 4>: 2.276ns
The critical path consists of the following:
	'call' operation ('call_ln0') to 'zeropad2d_cl<array,array<ap_fixed,6u>,config36>_Pipeline_PadBottomWidth' [8]  (2.276 ns)


============================================================
+ Verbose Summary: Binding
============================================================
N/A
* FSMD analyzer results:
  - Output states:
 - Input state : 
  - Chain level:
	State 1
	State 2
	State 3
	State 4


============================================================
+ Verbose Summary: Datapath Resource usage 
============================================================
N/A
