

================================================================
== Vitis HLS Report for 'zeropad2d_cl_array_array_ap_fixed_8u_config35_Pipeline_PadBottomWidth'
================================================================
* Date:           Fri Apr 24 00:22:58 2026

* Version:        2025.2 (Build 6295257 on Nov 14 2025)
* Project:        folo_prj
* Solution:       solution1 (Vivado IP Flow Target)
* Product family: kintexu
* Target device:  xcku035-fbva676-2-e


================================================================
== Performance Estimates
================================================================
+ Timing: 
    * Summary: 
    +--------+---------+----------+------------+
    |  Clock |  Target | Estimated| Uncertainty|
    +--------+---------+----------+------------+
    |ap_clk  |  5.00 ns|  2.192 ns|     1.35 ns|
    +--------+---------+----------+------------+

+ Latency: 
    * Summary: 
    +---------+---------+----------+----------+-----+-----+-------------------+
    |  Latency (cycles) |  Latency (absolute) |  Interval |      Pipeline     |
    |   min   |   max   |    min   |    max   | min | max |        Type       |
    +---------+---------+----------+----------+-----+-----+-------------------+
    |       36|       36|  0.180 us|  0.180 us|    0|    0|  loop pipeline stp|
    +---------+---------+----------+----------+-----+-----+-------------------+

    + Detail: 
        * Instance: 
        N/A

        * Loop: 
        +------------------+---------+---------+----------+-----------+-----------+------+----------+
        |                  |  Latency (cycles) | Iteration|  Initiation Interval  | Trip |          |
        |     Loop Name    |   min   |   max   |  Latency |  achieved |   target  | Count| Pipelined|
        +------------------+---------+---------+----------+-----------+-----------+------+----------+
        |- PadBottomWidth  |       34|       34|         2|          1|          1|    34|       yes|
        +------------------+---------+---------+----------+-----------+-----------+------+----------+

============================================================
+ Verbose Summary: Synthesis Manager
============================================================
InlineROM: 1
ExposeGlobal: 0
============================================================
+ Verbose Summary: CDFG Model
============================================================
IsTopModel: 0
ResetActiveHigh: 1
IsCombinational: 0
IsDatapathOnly: 0
HasWiredReturn: 1
HasMFsm: 2
HasVarLatency: 1
IsPipeline: 0
IsRtlPipelined: 0
IsInstanceOverlapped: 0
IsDontTouch: 0
HasImplIP: 0
IsGatedGlobalClock: 0

+ Individual pipeline summary: 
  * Pipeline-0: initiation interval (II) = 1, depth = 2


============================================================
+ Verbose Summary: Schedule
============================================================
* Number of FSM states : 2
* Pipeline : 1
  Pipeline-0 : II = 1, D = 2, States = { 1 2 }
* Dataflow Pipeline: 0

* FSM state transitions: 
1 --> 2 
2 --> 

* FSM state operations: 

State 1 <SV = 0> <Delay = 2.19>
ST_1 : Operation 5 [1/1] (0.00ns)   --->   "%j_2 = alloca i32 1" [firmware/nnet_utils/nnet_padding_stream.h:77]   --->   Operation 5 'alloca' 'j_2' <Predicate = true> <Delay = 0.00>
ST_1 : Operation 6 [1/1] (0.00ns)   --->   "%specinterface_ln0 = specinterface void @_ssdm_op_SpecInterface, i80 %layer35_out, void @empty_2, i32 0, i32 0, void @empty_1, i32 0, i32 0, void @empty_1, void @empty_1, void @empty_1, i32 0, i32 0, i32 0, i32 0, void @empty_1, void @empty_1, i32 4294967295, i32 0, i32 0, i32 0"   --->   Operation 6 'specinterface' 'specinterface_ln0' <Predicate = true> <Delay = 0.00>
ST_1 : Operation 7 [1/1] (0.53ns)   --->   "%store_ln77 = store i6 0, i6 %j_2" [firmware/nnet_utils/nnet_padding_stream.h:77]   --->   Operation 7 'store' 'store_ln77' <Predicate = true> <Delay = 0.53>
ST_1 : Operation 8 [1/1] (0.00ns)   --->   "%br_ln0 = br void %for.inc50"   --->   Operation 8 'br' 'br_ln0' <Predicate = true> <Delay = 0.00>
ST_1 : Operation 9 [1/1] (0.00ns)   --->   "%j = load i6 %j_2" [firmware/nnet_utils/nnet_padding_stream.h:77]   --->   Operation 9 'load' 'j' <Predicate = true> <Delay = 0.00>
ST_1 : Operation 10 [1/1] (1.11ns)   --->   "%icmp_ln77 = icmp_eq  i6 %j, i6 34" [firmware/nnet_utils/nnet_padding_stream.h:77]   --->   Operation 10 'icmp' 'icmp_ln77' <Predicate = true> <Delay = 1.11> <CoreInst = "Cmp">   --->   Core 9 'Cmp' <Latency = 0> <II = 1> <Delay = 1.11> <FuncUnit> <Opcode : 'seteq' 'setne' 'setle' 'setge' 'setlt' 'setgt'> <InPorts = 2> <OutPorts = 1>
ST_1 : Operation 11 [1/1] (1.11ns)   --->   "%j_13 = add i6 %j, i6 1" [firmware/nnet_utils/nnet_padding_stream.h:77]   --->   Operation 11 'add' 'j_13' <Predicate = true> <Delay = 1.11> <CoreInst = "Adder">   --->   Core 1 'Adder' <Latency = 0> <II = 1> <Delay = 1.11> <FuncUnit> <Opcode : 'add' 'sub'> <InPorts = 2> <OutPorts = 1>
ST_1 : Operation 12 [1/1] (0.00ns)   --->   "%br_ln77 = br i1 %icmp_ln77, void %for.inc50.split, void %for.end55.exitStub" [firmware/nnet_utils/nnet_padding_stream.h:77]   --->   Operation 12 'br' 'br_ln77' <Predicate = true> <Delay = 0.00>
ST_1 : Operation 13 [1/1] (0.53ns)   --->   "%store_ln77 = store i6 %j_13, i6 %j_2" [firmware/nnet_utils/nnet_padding_stream.h:77]   --->   Operation 13 'store' 'store_ln77' <Predicate = (!icmp_ln77)> <Delay = 0.53>
ST_1 : Operation 19 [1/1] (0.53ns)   --->   "%ret_ln0 = ret"   --->   Operation 19 'ret' 'ret_ln0' <Predicate = (icmp_ln77)> <Delay = 0.53>

State 2 <SV = 1> <Delay = 1.82>
ST_2 : Operation 14 [1/1] (0.00ns)   --->   "%specpipeline_ln8 = specpipeline void @_ssdm_op_SpecPipeline, i32 4294967295, i32 0, i32 0, i32 0, i32 4294967295, void @empty_1" [firmware/nnet_utils/nnet_padding_stream.h:8->firmware/nnet_utils/nnet_padding_stream.h:78]   --->   Operation 14 'specpipeline' 'specpipeline_ln8' <Predicate = true> <Delay = 0.00>
ST_2 : Operation 15 [1/1] (0.00ns)   --->   "%speclooptripcount_ln8 = speclooptripcount void @_ssdm_op_SpecLoopTripCount, i64 34, i64 34, i64 34" [firmware/nnet_utils/nnet_padding_stream.h:8->firmware/nnet_utils/nnet_padding_stream.h:78]   --->   Operation 15 'speclooptripcount' 'speclooptripcount_ln8' <Predicate = true> <Delay = 0.00>
ST_2 : Operation 16 [1/1] (0.00ns)   --->   "%specloopname_ln77 = specloopname void @_ssdm_op_SpecLoopName, void @empty_6" [firmware/nnet_utils/nnet_padding_stream.h:77]   --->   Operation 16 'specloopname' 'specloopname_ln77' <Predicate = true> <Delay = 0.00>
ST_2 : Operation 17 [1/1] ( I:1.82ns O:1.82ns )   --->   "%write_ln15 = write void @_ssdm_op_Write.ap_fifo.volatile.i80P0A, i80 %layer35_out, i80 0" [firmware/nnet_utils/nnet_padding_stream.h:15->firmware/nnet_utils/nnet_padding_stream.h:78]   --->   Operation 17 'write' 'write_ln15' <Predicate = true> <Delay = 1.82> <CoreInst = "FIFO">   --->   Core 77 'FIFO' <Latency = 0> <II = 1> <Delay = 2.27> <Storage> <Opcode : 'read' 'write' 'nbread' 'nbwrite'> <Ports = 0> <Width = 80> <Depth = 62> <FIFO>
ST_2 : Operation 18 [1/1] (0.00ns)   --->   "%br_ln77 = br void %for.inc50" [firmware/nnet_utils/nnet_padding_stream.h:77]   --->   Operation 18 'br' 'br_ln77' <Predicate = true> <Delay = 0.00>


============================================================
+ Verbose Summary: Binding
============================================================
STG Binding: 
---------------- STG Properties BEGIN ----------------
- Is combinational: 0
- Is one-state seq: 0
- Is datapath-only: 0
- Is pipelined: 0
- Is top level: 0
Port [ Return ] is wired: 1; IO mode=ap_ctrl_hs:ce=0
Port [ layer35_out]:  wired=1; compound=1; hidden=0; nouse=0; global=0; static=0; extern=0; dir=1; type=3; pingpong=0; private_global=0; IO mode=ap_fifo:ce=0
---------------- STG Properties END ------------------

---------------- Datapath Model BEGIN ----------------

<LifeTime>
<method=bitvector/>
j_2                   (alloca           ) [ 010]
specinterface_ln0     (specinterface    ) [ 000]
store_ln77            (store            ) [ 000]
br_ln0                (br               ) [ 000]
j                     (load             ) [ 000]
icmp_ln77             (icmp             ) [ 010]
j_13                  (add              ) [ 000]
br_ln77               (br               ) [ 000]
store_ln77            (store            ) [ 000]
specpipeline_ln8      (specpipeline     ) [ 000]
speclooptripcount_ln8 (speclooptripcount) [ 000]
specloopname_ln77     (specloopname     ) [ 000]
write_ln15            (write            ) [ 000]
br_ln77               (br               ) [ 000]
ret_ln0               (ret              ) [ 000]
</LifeTime>

<model>

<comp_list>
<comp id="0" class="1000" name="layer35_out">
<pin_list>
<pin id="1" dir="1" index="0" bw="1" slack="0"/>
</pin_list>
<bind>
<StgValue><ssdm name="layer35_out"/></StgValue>
</bind>
</comp>

<comp id="2" class="1001" name="const_2">
<pin_list>
<pin id="3" dir="1" index="0" bw="1" slack="0"/>
</pin_list>
<bind>
<StgValue><ssdm name=""/></StgValue>
</bind>
</comp>

<comp id="4" class="1001" name="const_4">
<pin_list>
<pin id="5" dir="1" index="0" bw="1" slack="2147483647"/>
</pin_list>
<bind>
<StgValue><ssdm name="_ssdm_op_SpecInterface"/></StgValue>
</bind>
</comp>

<comp id="6" class="1001" name="const_6">
<pin_list>
<pin id="7" dir="1" index="0" bw="1" slack="2147483647"/>
</pin_list>
<bind>
<StgValue><ssdm name="empty_2"/></StgValue>
</bind>
</comp>

<comp id="8" class="1001" name="const_8">
<pin_list>
<pin id="9" dir="1" index="0" bw="1" slack="2147483647"/>
</pin_list>
<bind>
<StgValue><ssdm name=""/></StgValue>
</bind>
</comp>

<comp id="10" class="1001" name="const_10">
<pin_list>
<pin id="11" dir="1" index="0" bw="1" slack="2147483647"/>
</pin_list>
<bind>
<StgValue><ssdm name="empty_1"/></StgValue>
</bind>
</comp>

<comp id="12" class="1001" name="const_12">
<pin_list>
<pin id="13" dir="1" index="0" bw="1" slack="2147483647"/>
</pin_list>
<bind>
<StgValue><ssdm name=""/></StgValue>
</bind>
</comp>

<comp id="14" class="1001" name="const_14">
<pin_list>
<pin id="15" dir="1" index="0" bw="1" slack="0"/>
</pin_list>
<bind>
<StgValue><ssdm name=""/></StgValue>
</bind>
</comp>

<comp id="16" class="1001" name="const_16">
<pin_list>
<pin id="17" dir="1" index="0" bw="1" slack="0"/>
</pin_list>
<bind>
<StgValue><ssdm name=""/></StgValue>
</bind>
</comp>

<comp id="18" class="1001" name="const_18">
<pin_list>
<pin id="19" dir="1" index="0" bw="1" slack="0"/>
</pin_list>
<bind>
<StgValue><ssdm name=""/></StgValue>
</bind>
</comp>

<comp id="20" class="1001" name="const_20">
<pin_list>
<pin id="21" dir="1" index="0" bw="1" slack="2147483647"/>
</pin_list>
<bind>
<StgValue><ssdm name="_ssdm_op_SpecPipeline"/></StgValue>
</bind>
</comp>

<comp id="22" class="1001" name="const_22">
<pin_list>
<pin id="23" dir="1" index="0" bw="1" slack="2147483647"/>
</pin_list>
<bind>
<StgValue><ssdm name="_ssdm_op_SpecLoopTripCount"/></StgValue>
</bind>
</comp>

<comp id="24" class="1001" name="const_24">
<pin_list>
<pin id="25" dir="1" index="0" bw="1" slack="2147483647"/>
</pin_list>
<bind>
<StgValue><ssdm name=""/></StgValue>
</bind>
</comp>

<comp id="26" class="1001" name="const_26">
<pin_list>
<pin id="27" dir="1" index="0" bw="1" slack="2147483647"/>
</pin_list>
<bind>
<StgValue><ssdm name="_ssdm_op_SpecLoopName"/></StgValue>
</bind>
</comp>

<comp id="28" class="1001" name="const_28">
<pin_list>
<pin id="29" dir="1" index="0" bw="1" slack="2147483647"/>
</pin_list>
<bind>
<StgValue><ssdm name="empty_6"/></StgValue>
</bind>
</comp>

<comp id="30" class="1001" name="const_30">
<pin_list>
<pin id="31" dir="1" index="0" bw="1" slack="0"/>
</pin_list>
<bind>
<StgValue><ssdm name="_ssdm_op_Write.ap_fifo.volatile.i80P0A"/></StgValue>
</bind>
</comp>

<comp id="32" class="1001" name="const_32">
<pin_list>
<pin id="33" dir="1" index="0" bw="1" slack="0"/>
</pin_list>
<bind>
<StgValue><ssdm name=""/></StgValue>
</bind>
</comp>

<comp id="34" class="1004" name="j_2_fu_34">
<pin_list>
<pin id="35" dir="0" index="0" bw="1" slack="0"/>
<pin id="36" dir="1" index="1" bw="6" slack="0"/>
</pin_list>
<bind>
<opcode="alloca(26) " fcode="alloca"/>
<opset="j_2/1 "/>
</bind>
</comp>

<comp id="38" class="1004" name="write_ln15_write_fu_38">
<pin_list>
<pin id="39" dir="0" index="0" bw="0" slack="0"/>
<pin id="40" dir="0" index="1" bw="80" slack="0"/>
<pin id="41" dir="0" index="2" bw="1" slack="0"/>
<pin id="42" dir="1" index="3" bw="0" slack="2147483647"/>
</pin_list>
<bind>
<opcode="write(1151) " fcode="write"/>
<opset="write_ln15/2 "/>
</bind>
</comp>

<comp id="46" class="1004" name="store_ln77_store_fu_46">
<pin_list>
<pin id="47" dir="0" index="0" bw="1" slack="0"/>
<pin id="48" dir="0" index="1" bw="6" slack="0"/>
<pin id="49" dir="1" index="2" bw="0" slack="2147483647"/>
</pin_list>
<bind>
<opcode="store(28) " fcode="store"/>
<opset="store_ln77/1 "/>
</bind>
</comp>

<comp id="51" class="1004" name="j_load_fu_51">
<pin_list>
<pin id="52" dir="0" index="0" bw="6" slack="0"/>
<pin id="53" dir="1" index="1" bw="6" slack="0"/>
</pin_list>
<bind>
<opcode="load(27) " fcode="load"/>
<opset="j/1 "/>
</bind>
</comp>

<comp id="54" class="1004" name="icmp_ln77_fu_54">
<pin_list>
<pin id="55" dir="0" index="0" bw="6" slack="0"/>
<pin id="56" dir="0" index="1" bw="6" slack="0"/>
<pin id="57" dir="1" index="2" bw="1" slack="2147483647"/>
</pin_list>
<bind>
<opcode="icmp(45) " fcode="icmp"/>
<opset="icmp_ln77/1 "/>
</bind>
</comp>

<comp id="60" class="1004" name="j_13_fu_60">
<pin_list>
<pin id="61" dir="0" index="0" bw="6" slack="0"/>
<pin id="62" dir="0" index="1" bw="1" slack="0"/>
<pin id="63" dir="1" index="2" bw="6" slack="0"/>
</pin_list>
<bind>
<opcode="add(8) " fcode="add"/>
<opset="j_13/1 "/>
</bind>
</comp>

<comp id="66" class="1004" name="store_ln77_store_fu_66">
<pin_list>
<pin id="67" dir="0" index="0" bw="6" slack="0"/>
<pin id="68" dir="0" index="1" bw="6" slack="0"/>
<pin id="69" dir="1" index="2" bw="0" slack="2147483647"/>
</pin_list>
<bind>
<opcode="store(28) " fcode="store"/>
<opset="store_ln77/1 "/>
</bind>
</comp>

<comp id="71" class="1005" name="j_2_reg_71">
<pin_list>
<pin id="72" dir="0" index="0" bw="6" slack="0"/>
<pin id="73" dir="1" index="1" bw="6" slack="0"/>
</pin_list>
<bind>
<opset="j_2 "/>
</bind>
</comp>

</comp_list>

<net_list>
<net id="37"><net_src comp="2" pin="0"/><net_sink comp="34" pin=0"/></net>

<net id="43"><net_src comp="30" pin="0"/><net_sink comp="38" pin=0"/></net>

<net id="44"><net_src comp="0" pin="0"/><net_sink comp="38" pin=1"/></net>

<net id="45"><net_src comp="32" pin="0"/><net_sink comp="38" pin=2"/></net>

<net id="50"><net_src comp="14" pin="0"/><net_sink comp="46" pin=0"/></net>

<net id="58"><net_src comp="51" pin="1"/><net_sink comp="54" pin=0"/></net>

<net id="59"><net_src comp="16" pin="0"/><net_sink comp="54" pin=1"/></net>

<net id="64"><net_src comp="51" pin="1"/><net_sink comp="60" pin=0"/></net>

<net id="65"><net_src comp="18" pin="0"/><net_sink comp="60" pin=1"/></net>

<net id="70"><net_src comp="60" pin="2"/><net_sink comp="66" pin=0"/></net>

<net id="74"><net_src comp="34" pin="1"/><net_sink comp="71" pin=0"/></net>

<net id="75"><net_src comp="71" pin="1"/><net_sink comp="46" pin=1"/></net>

<net id="76"><net_src comp="71" pin="1"/><net_sink comp="51" pin=0"/></net>

<net id="77"><net_src comp="71" pin="1"/><net_sink comp="66" pin=1"/></net>

</net_list>

</model> 
---------------- Datapath Model END ------------------

* FSMD analyzer results:
  - Output states:
	Port: layer35_out | {2 }
 - Input state : 
  - Chain level:
	State 1
		store_ln77 : 1
		j : 1
		icmp_ln77 : 2
		j_13 : 2
		br_ln77 : 3
		store_ln77 : 3
	State 2


============================================================
+ Verbose Summary: Datapath Resource usage 
============================================================

* Functional unit list:
|----------|------------------------|---------|---------|
| Operation|     Functional Unit    |    FF   |   LUT   |
|----------|------------------------|---------|---------|
|   icmp   |     icmp_ln77_fu_54    |    0    |    13   |
|----------|------------------------|---------|---------|
|    add   |       j_13_fu_60       |    0    |    13   |
|----------|------------------------|---------|---------|
|   write  | write_ln15_write_fu_38 |    0    |    0    |
|----------|------------------------|---------|---------|
|   Total  |                        |    0    |    26   |
|----------|------------------------|---------|---------|

Memories:
N/A

* Register list:
+----------+--------+
|          |   FF   |
+----------+--------+
|j_2_reg_71|    6   |
+----------+--------+
|   Total  |    6   |
+----------+--------+

* Multiplexer (MUX) list: 
|--------|------|------|------|--------|
|  Comp  |  Pin | Size |  BW  | S x BW |
|--------|------|------|------|--------|
|  Total |      |      |      |    0   |
|--------|------|------|------|--------|



* Summary:
+-----------+--------+--------+
|           |   FF   |   LUT  |
+-----------+--------+--------+
|  Function |    0   |   26   |
|   Memory  |    -   |    -   |
|Multiplexer|    -   |    -   |
|  Register |    6   |    -   |
+-----------+--------+--------+
|   Total   |    6   |   26   |
+-----------+--------+--------+
