

================================================================
== Vitis HLS Report for 'zeropad2d_cl_array_ap_fixed_4u_array_ap_fixed_16_6_5_3_0_4u_config33_s'
================================================================
* Date:           Sun Apr 26 02:59:43 2026

* Version:        2025.2 (Build 6295257 on Nov 14 2025)
* Project:        folo_prj
* Solution:       solution1 (Vivado IP Flow Target)
* Product family: kintexu
* Target device:  xcku035-fbva676-2-e


================================================================
== Performance Estimates
================================================================
+ Timing: 
    * Summary: 
    +--------+---------+----------+------------+
    |  Clock |  Target | Estimated| Uncertainty|
    +--------+---------+----------+------------+
    |ap_clk  |  5.00 ns|  3.650 ns|     1.35 ns|
    +--------+---------+----------+------------+

+ Latency: 
    * Summary: 
    +---------+---------+-----------+-----------+-------+-------+---------+
    |  Latency (cycles) |   Latency (absolute)  |    Interval   | Pipeline|
    |   min   |   max   |    min    |    max    |  min  |  max  |   Type  |
    +---------+---------+-----------+-----------+-------+-------+---------+
    |    17420|    17420|  87.100 us|  87.100 us|  17420|  17420|       no|
    +---------+---------+-----------+-----------+-------+-------+---------+

    + Detail: 
        * Instance: 
        N/A

        * Loop: 
        +-----------+---------+---------+----------+-----------+-----------+------+----------+
        |           |  Latency (cycles) | Iteration|  Initiation Interval  | Trip |          |
        | Loop Name |   min   |   max   |  Latency |  achieved |   target  | Count| Pipelined|
        +-----------+---------+---------+----------+-----------+-----------+------+----------+
        |- PadMain  |    17152|    17152|       134|          -|          -|   128|        no|
        +-----------+---------+---------+----------+-----------+-----------+------+----------+

============================================================
+ Verbose Summary: Synthesis Manager
============================================================
InlineROM: 1
ExposeGlobal: 0
============================================================
+ Verbose Summary: CDFG Model
============================================================
IsTopModel: 0
ResetActiveHigh: 1
IsCombinational: 2
IsDatapathOnly: 0
HasWiredReturn: 1
HasMFsm: 0
HasVarLatency: 1
IsPipeline: 0
IsRtlPipelined: 0
IsInstanceOverlapped: 0
IsDontTouch: 0
HasImplIP: 0
IsGatedGlobalClock: 0


============================================================
+ Verbose Summary: Schedule
============================================================
* Number of FSM states : 8
* Pipeline : 0
* Dataflow Pipeline: 0

* FSM state transitions: 
1 --> 2 
2 --> 3 
3 --> 4 
4 --> 5 8 
5 --> 6 
6 --> 7 
7 --> 4 
8 --> 

* FSM state operations: 

State 1 <SV = 0> <Delay = 0.53>
ST_1 : Operation 9 [1/1] (0.00ns)   --->   "%i = alloca i32 1" [firmware/nnet_utils/nnet_padding_stream.h:59]   --->   Operation 9 'alloca' 'i' <Predicate = true> <Delay = 0.00>
ST_1 : Operation 10 [2/2] (0.00ns)   --->   "%call_ln0 = call void @zeropad2d_cl<array,array<ap_fixed<16,6,5,3,0>,4u>,config33>_Pipeline_PadTopWidth, i64 %layer33_out"   --->   Operation 10 'call' 'call_ln0' <Predicate = true> <Delay = 0.00> <CoreType = "Generic">   --->   Generic Core
ST_1 : Operation 11 [1/1] (0.53ns)   --->   "%store_ln59 = store i8 0, i8 %i" [firmware/nnet_utils/nnet_padding_stream.h:59]   --->   Operation 11 'store' 'store_ln59' <Predicate = true> <Delay = 0.53>

State 2 <SV = 1> <Delay = 2.36>
ST_2 : Operation 12 [1/2] (2.36ns)   --->   "%call_ln0 = call void @zeropad2d_cl<array,array<ap_fixed<16,6,5,3,0>,4u>,config33>_Pipeline_PadTopWidth, i64 %layer33_out"   --->   Operation 12 'call' 'call_ln0' <Predicate = true> <Delay = 2.36> <CoreType = "Generic">   --->   Generic Core

State 3 <SV = 2> <Delay = 0.00>
ST_3 : Operation 13 [1/1] (0.00ns)   --->   "%specinterface_ln0 = specinterface void @_ssdm_op_SpecInterface, i64 %layer33_out, void @empty_10, i32 0, i32 0, void @empty_11, i32 0, i32 0, void @empty_11, void @empty_11, void @empty_11, i32 0, i32 0, i32 0, i32 0, void @empty_11, void @empty_11, i32 4294967295, i32 0, i32 0, i32 0"   --->   Operation 13 'specinterface' 'specinterface_ln0' <Predicate = true> <Delay = 0.00>
ST_3 : Operation 14 [1/1] (0.00ns)   --->   "%specinterface_ln0 = specinterface void @_ssdm_op_SpecInterface, i64 %layer29_cpy1, void @empty_10, i32 0, i32 0, void @empty_11, i32 0, i32 0, void @empty_11, void @empty_11, void @empty_11, i32 0, i32 0, i32 0, i32 0, void @empty_11, void @empty_11, i32 4294967295, i32 0, i32 0, i32 0"   --->   Operation 14 'specinterface' 'specinterface_ln0' <Predicate = true> <Delay = 0.00>
ST_3 : Operation 15 [1/1] (0.00ns)   --->   "%fence_ln59 = fence void @_ssdm_op_Fence, i64 %layer33_out, i32 4294967295, i64 %layer33_out, i64 %layer29_cpy1, i32 0" [firmware/nnet_utils/nnet_padding_stream.h:59]   --->   Operation 15 'fence' 'fence_ln59' <Predicate = true> <Delay = 0.00>
ST_3 : Operation 16 [1/1] (0.00ns)   --->   "%br_ln59 = br void %PadLeft" [firmware/nnet_utils/nnet_padding_stream.h:59]   --->   Operation 16 'br' 'br_ln59' <Predicate = true> <Delay = 0.00>

State 4 <SV = 3> <Delay = 3.11>
ST_4 : Operation 17 [1/1] (0.00ns)   --->   "%i_3 = load i8 %i" [firmware/nnet_utils/nnet_padding_stream.h:59]   --->   Operation 17 'load' 'i_3' <Predicate = true> <Delay = 0.00>
ST_4 : Operation 18 [1/1] (1.28ns)   --->   "%icmp_ln59 = icmp_eq  i8 %i_3, i8 128" [firmware/nnet_utils/nnet_padding_stream.h:59]   --->   Operation 18 'icmp' 'icmp_ln59' <Predicate = true> <Delay = 1.28> <CoreInst = "Cmp">   --->   Core 9 'Cmp' <Latency = 0> <II = 1> <Delay = 1.28> <FuncUnit> <Opcode : 'seteq' 'setne' 'setle' 'setge' 'setlt' 'setgt'> <InPorts = 2> <OutPorts = 1>
ST_4 : Operation 19 [1/1] (1.28ns)   --->   "%i_4 = add i8 %i_3, i8 1" [firmware/nnet_utils/nnet_padding_stream.h:59]   --->   Operation 19 'add' 'i_4' <Predicate = true> <Delay = 1.28> <CoreInst = "Adder">   --->   Core 1 'Adder' <Latency = 0> <II = 1> <Delay = 1.28> <FuncUnit> <Opcode : 'add' 'sub'> <InPorts = 2> <OutPorts = 1>
ST_4 : Operation 20 [1/1] (0.00ns)   --->   "%br_ln59 = br i1 %icmp_ln59, void %PadLeft.split, void %for.inc50.preheader" [firmware/nnet_utils/nnet_padding_stream.h:59]   --->   Operation 20 'br' 'br_ln59' <Predicate = true> <Delay = 0.00>
ST_4 : Operation 21 [1/1] ( I:1.82ns O:1.82ns )   --->   "%write_ln15 = write void @_ssdm_op_Write.ap_fifo.volatile.i64P0A, i64 %layer33_out, i64 0" [firmware/nnet_utils/nnet_padding_stream.h:15->firmware/nnet_utils/nnet_padding_stream.h:62]   --->   Operation 21 'write' 'write_ln15' <Predicate = (!icmp_ln59)> <Delay = 1.82> <CoreInst = "FIFO">   --->   Core 77 'FIFO' <Latency = 0> <II = 1> <Delay = 2.16> <Storage> <Opcode : 'read' 'write' 'nbread' 'nbwrite'> <Ports = 0> <Width = 64> <Depth = 100000> <FIFO>
ST_4 : Operation 22 [1/1] (0.53ns)   --->   "%store_ln59 = store i8 %i_4, i8 %i" [firmware/nnet_utils/nnet_padding_stream.h:59]   --->   Operation 22 'store' 'store_ln59' <Predicate = (!icmp_ln59)> <Delay = 0.53>
ST_4 : Operation 23 [1/1] (0.00ns)   --->   "%fence_ln77 = fence void @_ssdm_op_Fence, i64 %layer33_out, i64 %layer29_cpy1, i32 4294967295, i64 %layer33_out, i32 0" [firmware/nnet_utils/nnet_padding_stream.h:77]   --->   Operation 23 'fence' 'fence_ln77' <Predicate = (icmp_ln59)> <Delay = 0.00>
ST_4 : Operation 24 [2/2] (0.00ns)   --->   "%call_ln0 = call void @zeropad2d_cl<array,array<ap_fixed,4u>,config33>_Pipeline_PadBottomWidth, i64 %layer33_out"   --->   Operation 24 'call' 'call_ln0' <Predicate = (icmp_ln59)> <Delay = 0.00> <CoreType = "Generic">   --->   Generic Core

State 5 <SV = 4> <Delay = 0.00>
ST_5 : Operation 25 [1/1] (0.00ns)   --->   "%fence_ln65 = fence void @_ssdm_op_Fence, i64 %layer33_out, i32 4294967295, i64 %layer29_cpy1, i64 %layer33_out, i32 1" [firmware/nnet_utils/nnet_padding_stream.h:65]   --->   Operation 25 'fence' 'fence_ln65' <Predicate = true> <Delay = 0.00>
ST_5 : Operation 26 [2/2] (0.00ns)   --->   "%call_ln0 = call void @zeropad2d_cl<array,array<ap_fixed<16,6,5,3,0>,4u>,config33>_Pipeline_CopyMain, i64 %layer29_cpy1, i64 %layer33_out"   --->   Operation 26 'call' 'call_ln0' <Predicate = true> <Delay = 0.00> <CoreType = "Generic">   --->   Generic Core

State 6 <SV = 5> <Delay = 2.36>
ST_6 : Operation 27 [1/2] (2.36ns)   --->   "%call_ln0 = call void @zeropad2d_cl<array,array<ap_fixed<16,6,5,3,0>,4u>,config33>_Pipeline_CopyMain, i64 %layer29_cpy1, i64 %layer33_out"   --->   Operation 27 'call' 'call_ln0' <Predicate = true> <Delay = 2.36> <CoreType = "Generic">   --->   Generic Core

State 7 <SV = 6> <Delay = 1.82>
ST_7 : Operation 28 [1/1] (0.00ns)   --->   "%speclooptripcount_ln59 = speclooptripcount void @_ssdm_op_SpecLoopTripCount, i64 128, i64 128, i64 128" [firmware/nnet_utils/nnet_padding_stream.h:59]   --->   Operation 28 'speclooptripcount' 'speclooptripcount_ln59' <Predicate = true> <Delay = 0.00>
ST_7 : Operation 29 [1/1] (0.00ns)   --->   "%specloopname_ln59 = specloopname void @_ssdm_op_SpecLoopName, void @empty_5" [firmware/nnet_utils/nnet_padding_stream.h:59]   --->   Operation 29 'specloopname' 'specloopname_ln59' <Predicate = true> <Delay = 0.00>
ST_7 : Operation 30 [1/1] (0.00ns)   --->   "%fence_ln8 = fence void @_ssdm_op_Fence, i64 %layer29_cpy1, i64 %layer33_out, i32 4294967295, i64 %layer33_out, i32 0" [firmware/nnet_utils/nnet_padding_stream.h:8->firmware/nnet_utils/nnet_padding_stream.h:70]   --->   Operation 30 'fence' 'fence_ln8' <Predicate = true> <Delay = 0.00>
ST_7 : Operation 31 [1/1] ( I:1.82ns O:1.82ns )   --->   "%write_ln15 = write void @_ssdm_op_Write.ap_fifo.volatile.i64P0A, i64 %layer33_out, i64 0" [firmware/nnet_utils/nnet_padding_stream.h:15->firmware/nnet_utils/nnet_padding_stream.h:70]   --->   Operation 31 'write' 'write_ln15' <Predicate = true> <Delay = 1.82> <CoreInst = "FIFO">   --->   Core 77 'FIFO' <Latency = 0> <II = 1> <Delay = 2.16> <Storage> <Opcode : 'read' 'write' 'nbread' 'nbwrite'> <Ports = 0> <Width = 64> <Depth = 100000> <FIFO>
ST_7 : Operation 32 [1/1] (0.00ns)   --->   "%br_ln59 = br void %PadLeft" [firmware/nnet_utils/nnet_padding_stream.h:59]   --->   Operation 32 'br' 'br_ln59' <Predicate = true> <Delay = 0.00>

State 8 <SV = 4> <Delay = 2.36>
ST_8 : Operation 33 [1/2] (2.36ns)   --->   "%call_ln0 = call void @zeropad2d_cl<array,array<ap_fixed,4u>,config33>_Pipeline_PadBottomWidth, i64 %layer33_out"   --->   Operation 33 'call' 'call_ln0' <Predicate = true> <Delay = 2.36> <CoreType = "Generic">   --->   Generic Core
ST_8 : Operation 34 [1/1] (0.00ns)   --->   "%ret_ln81 = ret" [firmware/nnet_utils/nnet_padding_stream.h:81]   --->   Operation 34 'ret' 'ret_ln81' <Predicate = true> <Delay = 0.00>


============================================================
+ Verbose Summary: Timing violations
============================================================
Target clock period: 5.000ns, clock uncertainty: 1.350ns.

 <State 1>: 0.538ns
The critical path consists of the following:
	'alloca' operation 8 bit ('i', firmware/nnet_utils/nnet_padding_stream.h:59) [3]  (0.000 ns)
	'store' operation ('store_ln59', firmware/nnet_utils/nnet_padding_stream.h:59) of constant 0 8 bit on local variable 'i', firmware/nnet_utils/nnet_padding_stream.h:59 [8]  (0.538 ns)

 <State 2>: 2.361ns
The critical path consists of the following:
	'call' operation ('call_ln0') to 'zeropad2d_cl<array,array<ap_fixed<16,6,5,3,0>,4u>,config33>_Pipeline_PadTopWidth' [6]  (2.361 ns)

 <State 3>: 0.000ns
The critical path consists of the following:

 <State 4>: 3.110ns
The critical path consists of the following:
	'load' operation 8 bit ('i', firmware/nnet_utils/nnet_padding_stream.h:59) on local variable 'i', firmware/nnet_utils/nnet_padding_stream.h:59 [11]  (0.000 ns)
	'icmp' operation 1 bit ('icmp_ln59', firmware/nnet_utils/nnet_padding_stream.h:59) [12]  (1.285 ns)
	fifo write operation ('write_ln15', firmware/nnet_utils/nnet_padding_stream.h:15->firmware/nnet_utils/nnet_padding_stream.h:62) on port 'layer33_out' (firmware/nnet_utils/nnet_padding_stream.h:15->firmware/nnet_utils/nnet_padding_stream.h:62) [18]  (1.825 ns)

 <State 5>: 0.000ns
The critical path consists of the following:

 <State 6>: 2.361ns
The critical path consists of the following:
	'call' operation ('call_ln0') to 'zeropad2d_cl<array,array<ap_fixed<16,6,5,3,0>,4u>,config33>_Pipeline_CopyMain' [20]  (2.361 ns)

 <State 7>: 1.825ns
The critical path consists of the following:
	fifo write operation ('write_ln15', firmware/nnet_utils/nnet_padding_stream.h:15->firmware/nnet_utils/nnet_padding_stream.h:70) on port 'layer33_out' (firmware/nnet_utils/nnet_padding_stream.h:15->firmware/nnet_utils/nnet_padding_stream.h:70) [22]  (1.825 ns)

 <State 8>: 2.361ns
The critical path consists of the following:
	'call' operation ('call_ln0') to 'zeropad2d_cl<array,array<ap_fixed,4u>,config33>_Pipeline_PadBottomWidth' [27]  (2.361 ns)


============================================================
+ Verbose Summary: Binding
============================================================
N/A
* FSMD analyzer results:
  - Output states:
 - Input state : 
  - Chain level:
	State 1
	State 2
	State 3
	State 4
	State 5
	State 6
	State 7
	State 8


============================================================
+ Verbose Summary: Datapath Resource usage 
============================================================
N/A
