Vivado Simulator v2025.2
Copyright 1986-2022 Xilinx, Inc. All Rights Reserved.
Copyright 2022-2025 Advanced Micro Devices, Inc. All Rights Reserved.
Running: /home/tools/Xilinx/2025/2025.2/Vivado/bin/unwrapped/lnx64.o/xelab xil_defaultlib.apatb_folo_top xil_defaultlib.glbl -Oenable_linking_all_libraries -prj folo.prj -L smartconnect_v1_0 -L axi_protocol_checker_v1_1_12 -L axi_protocol_checker_v1_1_13 -L axis_protocol_checker_v1_1_11 -L axis_protocol_checker_v1_1_12 -L xil_defaultlib -L unisims_ver -L xpm -L floating_point_v7_1_21 -L floating_point_v7_0_26 --lib ieee_proposed=./ieee_proposed -L uvm -relax -i ./svr -i ./svtb -i ./file_agent -i ./folo_subsystem -s folo -debug all 
Multi-threading is on. Using 14 slave threads.
WARNING: [XSIM 43-3431] One or more environment variables have been detected which affect the operation of the C compiler. These are typically not set in standard installations and are not tested by AMD, however they may be appropriate for your system, so the flow will attempt to continue.  If errors occur, try running xelab with the "-mt off -v 1" switches to see more information from the C compiler. The following environment variables have been detected:
INFO: [VRFC 10-2263] Analyzing SystemVerilog file "/home/pujan/Research/Rheed-FOLO/folo_hls4ml/folo_prj/solution1/sim/verilog/glbl.v" into library xil_defaultlib
INFO: [VRFC 10-311] analyzing module glbl
INFO: [VRFC 10-2263] Analyzing SystemVerilog file "/home/pujan/Research/Rheed-FOLO/folo_hls4ml/folo_prj/solution1/sim/verilog/folo_add_array_array_ap_fixed_8u_array_ap_fixed_16_6_5_3_0_8u_config21_s.v" into library xil_defaultlib
INFO: [VRFC 10-311] analyzing module folo_add_array_array_ap_fixed_8u_array_ap_fixed_16_6_5_3_0_8u_config21_s
INFO: [VRFC 10-2263] Analyzing SystemVerilog file "/home/pujan/Research/Rheed-FOLO/folo_hls4ml/folo_prj/solution1/sim/verilog/folo_dense_latency_ap_fixed_16_6_5_3_0_ap_fixed_16_6_5_3_0_config12_mult_s.v" into library xil_defaultlib
INFO: [VRFC 10-311] analyzing module folo_dense_latency_ap_fixed_16_6_5_3_0_ap_fixed_16_6_5_3_0_config12_mult_s
INFO: [VRFC 10-2263] Analyzing SystemVerilog file "/home/pujan/Research/Rheed-FOLO/folo_hls4ml/folo_prj/solution1/sim/verilog/folo_start_for_conv_2d_cl_array_ap_fixed_6u_array_ap_fixed_16_6_5_3_0_6u_config12_U0.v" into library xil_defaultlib
INFO: [VRFC 10-311] analyzing module folo_start_for_conv_2d_cl_array_ap_fixed_6u_array_ap_fixed_16_6_5_3_0_6u_config12_U0
INFO: [VRFC 10-311] analyzing module folo_start_for_conv_2d_cl_array_ap_fixed_6u_array_ap_fixed_16_6_5_3_0_6u_config12_U0_ShiftReg
INFO: [VRFC 10-2263] Analyzing SystemVerilog file "/home/pujan/Research/Rheed-FOLO/folo_hls4ml/folo_prj/solution1/sim/verilog/folo_zeropad2d_cl_array_array_ap_fixed_8u_config37_Pipeline_PadBottomWidth.v" into library xil_defaultlib
INFO: [VRFC 10-311] analyzing module folo_zeropad2d_cl_array_array_ap_fixed_8u_config37_Pipeline_PadBottomWidth
INFO: [VRFC 10-2263] Analyzing SystemVerilog file "/home/pujan/Research/Rheed-FOLO/folo_hls4ml/folo_prj/solution1/sim/verilog/folo_mul_16s_8ns_24_1_1.v" into library xil_defaultlib
INFO: [VRFC 10-311] analyzing module folo_mul_16s_8ns_24_1_1
INFO: [VRFC 10-2263] Analyzing SystemVerilog file "/home/pujan/Research/Rheed-FOLO/folo_hls4ml/folo_prj/solution1/sim/verilog/folo_conv_2d_cl_array_ap_fixed_1u_array_ap_fixed_16_6_5_3_0_4u_config2_s.v" into library xil_defaultlib
INFO: [VRFC 10-311] analyzing module folo_conv_2d_cl_array_ap_fixed_1u_array_ap_fixed_16_6_5_3_0_4u_config2_s
INFO: [VRFC 10-2263] Analyzing SystemVerilog file "/home/pujan/Research/Rheed-FOLO/folo_hls4ml/folo_prj/solution1/sim/verilog/folo_start_for_clone_stream_array_ap_fixed_4u_array_ap_fixed_16_6_5_3_0_4u_65536_U0.v" into library xil_defaultlib
INFO: [VRFC 10-311] analyzing module folo_start_for_clone_stream_array_ap_fixed_4u_array_ap_fixed_16_6_5_3_0_4u_65536_U0
INFO: [VRFC 10-311] analyzing module folo_start_for_clone_stream_array_ap_fixed_4u_array_ap_fixed_16_6_5_3_0_4u_65536_U0_ShiftReg
INFO: [VRFC 10-2263] Analyzing SystemVerilog file "/home/pujan/Research/Rheed-FOLO/folo_hls4ml/folo_prj/solution1/sim/verilog/folo_start_for_relu_array_ap_fixed_8u_array_ap_fixed_16_6_5_3_0_8u_relu_config18_U0.v" into library xil_defaultlib
INFO: [VRFC 10-311] analyzing module folo_start_for_relu_array_ap_fixed_8u_array_ap_fixed_16_6_5_3_0_8u_relu_config18_U0
INFO: [VRFC 10-311] analyzing module folo_start_for_relu_array_ap_fixed_8u_array_ap_fixed_16_6_5_3_0_8u_relu_config18_U0_ShiftReg
INFO: [VRFC 10-2263] Analyzing SystemVerilog file "/home/pujan/Research/Rheed-FOLO/folo_hls4ml/folo_prj/solution1/sim/verilog/folo_mul_16s_6ns_22_1_1.v" into library xil_defaultlib
INFO: [VRFC 10-311] analyzing module folo_mul_16s_6ns_22_1_1
INFO: [VRFC 10-2263] Analyzing SystemVerilog file "/home/pujan/Research/Rheed-FOLO/folo_hls4ml/folo_prj/solution1/sim/verilog/folo_zeropad2d_cl_array_array_ap_fixed_16_6_5_3_0_8u_config37_Pipeline_PadMain.v" into library xil_defaultlib
INFO: [VRFC 10-311] analyzing module folo_zeropad2d_cl_array_array_ap_fixed_16_6_5_3_0_8u_config37_Pipeline_PadMain
INFO: [VRFC 10-2263] Analyzing SystemVerilog file "/home/pujan/Research/Rheed-FOLO/folo_hls4ml/folo_prj/solution1/sim/verilog/folo_compute_output_buffer_2d_array_array_ap_fixed_16_6_5_3_0_4u_config2_s.v" into library xil_defaultlib
INFO: [VRFC 10-311] analyzing module folo_compute_output_buffer_2d_array_array_ap_fixed_16_6_5_3_0_4u_config2_s
INFO: [VRFC 10-2263] Analyzing SystemVerilog file "/home/pujan/Research/Rheed-FOLO/folo_hls4ml/folo_prj/solution1/sim/verilog/folo_shift_line_buffer_array_ap_fixed_16_6_5_3_0_1u_config2_s_void_conv_2d_buffer_bkb.v" into library xil_defaultlib
INFO: [VRFC 10-311] analyzing module folo_shift_line_buffer_array_ap_fixed_16_6_5_3_0_1u_config2_s_void_conv_2d_buffer_bkb_core
INFO: [VRFC 10-311] analyzing module folo_shift_line_buffer_array_ap_fixed_16_6_5_3_0_1u_config2_s_void_conv_2d_buffer_bkb
INFO: [VRFC 10-2263] Analyzing SystemVerilog file "/home/pujan/Research/Rheed-FOLO/folo_hls4ml/folo_prj/solution1/sim/verilog/folo_zeropad2d_cl_array_array_ap_fixed_4u_config33_Pipeline_PadBottomWidth.v" into library xil_defaultlib
INFO: [VRFC 10-311] analyzing module folo_zeropad2d_cl_array_array_ap_fixed_4u_config33_Pipeline_PadBottomWidth
INFO: [VRFC 10-2263] Analyzing SystemVerilog file "/home/pujan/Research/Rheed-FOLO/folo_hls4ml/folo_prj/solution1/sim/verilog/folo_zeropad2d_cl_array_ap_fixed_4u_array_ap_fixed_16_6_5_3_0_4u_config33_s.v" into library xil_defaultlib
INFO: [VRFC 10-311] analyzing module folo_zeropad2d_cl_array_ap_fixed_4u_array_ap_fixed_16_6_5_3_0_4u_config33_s
INFO: [VRFC 10-2263] Analyzing SystemVerilog file "/home/pujan/Research/Rheed-FOLO/folo_hls4ml/folo_prj/solution1/sim/verilog/folo_mul_16s_8s_24_1_1.v" into library xil_defaultlib
INFO: [VRFC 10-311] analyzing module folo_mul_16s_8s_24_1_1
INFO: [VRFC 10-2263] Analyzing SystemVerilog file "/home/pujan/Research/Rheed-FOLO/folo_hls4ml/folo_prj/solution1/sim/verilog/folo_conv_2d_cl_array_ap_fixed_4u_array_ap_fixed_16_6_5_3_0_4u_config5_s.v" into library xil_defaultlib
INFO: [VRFC 10-311] analyzing module folo_conv_2d_cl_array_ap_fixed_4u_array_ap_fixed_16_6_5_3_0_4u_config5_s
INFO: [VRFC 10-2263] Analyzing SystemVerilog file "/home/pujan/Research/Rheed-FOLO/folo_hls4ml/folo_prj/solution1/sim/verilog/folo_zeropad2d_cl_array_array_ap_fixed_6u_config36_Pipeline_PadBottomWidth.v" into library xil_defaultlib
INFO: [VRFC 10-311] analyzing module folo_zeropad2d_cl_array_array_ap_fixed_6u_config36_Pipeline_PadBottomWidth
INFO: [VRFC 10-2263] Analyzing SystemVerilog file "/home/pujan/Research/Rheed-FOLO/folo_hls4ml/folo_prj/solution1/sim/verilog/folo_compute_output_buffer_2d_array_array_ap_fixed_16_6_5_3_0_6u_config9_s.v" into library xil_defaultlib
INFO: [VRFC 10-311] analyzing module folo_compute_output_buffer_2d_array_array_ap_fixed_16_6_5_3_0_6u_config9_s
INFO: [VRFC 10-2263] Analyzing SystemVerilog file "/home/pujan/Research/Rheed-FOLO/folo_hls4ml/folo_prj/solution1/sim/verilog/folo_zeropad2d_cl_array_ap_fixed_6u_array_ap_fixed_16_6_5_3_0_6u_config35_s.v" into library xil_defaultlib
INFO: [VRFC 10-311] analyzing module folo_zeropad2d_cl_array_ap_fixed_6u_array_ap_fixed_16_6_5_3_0_6u_config35_s
INFO: [VRFC 10-2263] Analyzing SystemVerilog file "/home/pujan/Research/Rheed-FOLO/folo_hls4ml/folo_prj/solution1/sim/verilog/folo_start_for_relu_array_ap_fixed_6u_array_ap_fixed_16_6_5_3_0_6u_relu_config11_U0.v" into library xil_defaultlib
INFO: [VRFC 10-311] analyzing module folo_start_for_relu_array_ap_fixed_6u_array_ap_fixed_16_6_5_3_0_6u_relu_config11_U0
INFO: [VRFC 10-311] analyzing module folo_start_for_relu_array_ap_fixed_6u_array_ap_fixed_16_6_5_3_0_6u_relu_config11_U0_ShiftReg
INFO: [VRFC 10-2263] Analyzing SystemVerilog file "/home/pujan/Research/Rheed-FOLO/folo_hls4ml/folo_prj/solution1/sim/verilog/AESL_deadlock_idx0_monitor.v" into library xil_defaultlib
INFO: [VRFC 10-311] analyzing module AESL_deadlock_idx0_monitor
INFO: [VRFC 10-2263] Analyzing SystemVerilog file "/home/pujan/Research/Rheed-FOLO/folo_hls4ml/folo_prj/solution1/sim/verilog/folo_zeropad2d_cl_array_array_ap_fixed_16_6_5_3_0_4u_config33_Pipeline_PadTopWidth.v" into library xil_defaultlib
INFO: [VRFC 10-311] analyzing module folo_zeropad2d_cl_array_array_ap_fixed_16_6_5_3_0_4u_config33_Pipeline_PadTopWidth
INFO: [VRFC 10-2263] Analyzing SystemVerilog file "/home/pujan/Research/Rheed-FOLO/folo_hls4ml/folo_prj/solution1/sim/verilog/folo_mul_16s_5ns_21_1_1.v" into library xil_defaultlib
INFO: [VRFC 10-311] analyzing module folo_mul_16s_5ns_21_1_1
INFO: [VRFC 10-2263] Analyzing SystemVerilog file "/home/pujan/Research/Rheed-FOLO/folo_hls4ml/folo_prj/solution1/sim/verilog/folo_zeropad2d_cl_array_ap_fixed_8u_array_ap_fixed_16_6_5_3_0_8u_config37_s.v" into library xil_defaultlib
INFO: [VRFC 10-311] analyzing module folo_zeropad2d_cl_array_ap_fixed_8u_array_ap_fixed_16_6_5_3_0_8u_config37_s
INFO: [VRFC 10-2263] Analyzing SystemVerilog file "/home/pujan/Research/Rheed-FOLO/folo_hls4ml/folo_prj/solution1/sim/verilog/folo_compute_output_buffer_2d_array_array_ap_fixed_16_6_5_3_0_8u_config19_s.v" into library xil_defaultlib
INFO: [VRFC 10-311] analyzing module folo_compute_output_buffer_2d_array_array_ap_fixed_16_6_5_3_0_8u_config19_s
INFO: [VRFC 10-2263] Analyzing SystemVerilog file "/home/pujan/Research/Rheed-FOLO/folo_hls4ml/folo_prj/solution1/sim/verilog/AESL_deadlock_report_unit.v" into library xil_defaultlib
INFO: [VRFC 10-311] analyzing module AESL_deadlock_report_unit
INFO: [VRFC 10-2263] Analyzing SystemVerilog file "/home/pujan/Research/Rheed-FOLO/folo_hls4ml/folo_prj/solution1/sim/verilog/folo_mul_16s_7ns_23_1_1.v" into library xil_defaultlib
INFO: [VRFC 10-311] analyzing module folo_mul_16s_7ns_23_1_1
INFO: [VRFC 10-2263] Analyzing SystemVerilog file "/home/pujan/Research/Rheed-FOLO/folo_hls4ml/folo_prj/solution1/sim/verilog/folo_zeropad2d_cl_array_array_ap_fixed_16_6_5_3_0_6u_config35_Pipeline_PadTopWidth.v" into library xil_defaultlib
INFO: [VRFC 10-311] analyzing module folo_zeropad2d_cl_array_array_ap_fixed_16_6_5_3_0_6u_config35_Pipeline_PadTopWidth
INFO: [VRFC 10-2263] Analyzing SystemVerilog file "/home/pujan/Research/Rheed-FOLO/folo_hls4ml/folo_prj/solution1/sim/verilog/folo_relu_array_ap_fixed_6u_array_ap_fixed_16_6_5_3_0_6u_relu_config11_s.v" into library xil_defaultlib
INFO: [VRFC 10-311] analyzing module folo_relu_array_ap_fixed_6u_array_ap_fixed_16_6_5_3_0_6u_relu_config11_s
INFO: [VRFC 10-2263] Analyzing SystemVerilog file "/home/pujan/Research/Rheed-FOLO/folo_hls4ml/folo_prj/solution1/sim/verilog/folo_start_for_relu_array_ap_fixed_8u_array_ap_fixed_16_6_5_3_0_8u_relu_config22_U0.v" into library xil_defaultlib
INFO: [VRFC 10-311] analyzing module folo_start_for_relu_array_ap_fixed_8u_array_ap_fixed_16_6_5_3_0_8u_relu_config22_U0
INFO: [VRFC 10-311] analyzing module folo_start_for_relu_array_ap_fixed_8u_array_ap_fixed_16_6_5_3_0_8u_relu_config22_U0_ShiftReg
INFO: [VRFC 10-2263] Analyzing SystemVerilog file "/home/pujan/Research/Rheed-FOLO/folo_hls4ml/folo_prj/solution1/sim/verilog/folo_start_for_sigmoid_array_array_ap_fixed_16_6_5_3_0_1u_sigmoid_config28_U0.v" into library xil_defaultlib
INFO: [VRFC 10-311] analyzing module folo_start_for_sigmoid_array_array_ap_fixed_16_6_5_3_0_1u_sigmoid_config28_U0
INFO: [VRFC 10-311] analyzing module folo_start_for_sigmoid_array_array_ap_fixed_16_6_5_3_0_1u_sigmoid_config28_U0_ShiftReg
INFO: [VRFC 10-2263] Analyzing SystemVerilog file "/home/pujan/Research/Rheed-FOLO/folo_hls4ml/folo_prj/solution1/sim/verilog/folo_compute_output_buffer_2d_array_array_ap_fixed_16_6_5_3_0_8u_config16_s.v" into library xil_defaultlib
INFO: [VRFC 10-311] analyzing module folo_compute_output_buffer_2d_array_array_ap_fixed_16_6_5_3_0_8u_config16_s
INFO: [VRFC 10-2263] Analyzing SystemVerilog file "/home/pujan/Research/Rheed-FOLO/folo_hls4ml/folo_prj/solution1/sim/verilog/folo_shift_line_buffer_array_ap_fixed_16_6_5_3_0_8u_config19_s_p_ZZN4nnet25conv_2dRg6.v" into library xil_defaultlib
INFO: [VRFC 10-311] analyzing module folo_shift_line_buffer_array_ap_fixed_16_6_5_3_0_8u_config19_s_p_ZZN4nnet25conv_2dRg6_core
INFO: [VRFC 10-311] analyzing module folo_shift_line_buffer_array_ap_fixed_16_6_5_3_0_8u_config19_s_p_ZZN4nnet25conv_2dRg6
INFO: [VRFC 10-2263] Analyzing SystemVerilog file "/home/pujan/Research/Rheed-FOLO/folo_hls4ml/folo_prj/solution1/sim/verilog/folo_flow_control_loop_pipe.v" into library xil_defaultlib
INFO: [VRFC 10-311] analyzing module folo_flow_control_loop_pipe
INFO: [VRFC 10-2263] Analyzing SystemVerilog file "/home/pujan/Research/Rheed-FOLO/folo_hls4ml/folo_prj/solution1/sim/verilog/folo_start_for_clone_stream_array_ap_fixed_6u_array_ap_fixed_16_6_5_3_0_6u_24576_U0.v" into library xil_defaultlib
INFO: [VRFC 10-311] analyzing module folo_start_for_clone_stream_array_ap_fixed_6u_array_ap_fixed_16_6_5_3_0_6u_24576_U0
INFO: [VRFC 10-311] analyzing module folo_start_for_clone_stream_array_ap_fixed_6u_array_ap_fixed_16_6_5_3_0_6u_24576_U0_ShiftReg
INFO: [VRFC 10-2263] Analyzing SystemVerilog file "/home/pujan/Research/Rheed-FOLO/folo_hls4ml/folo_prj/solution1/sim/verilog/folo_zeropad2d_cl_array_array_ap_fixed_16_6_5_3_0_4u_config34_Pipeline_CopyMain.v" into library xil_defaultlib
INFO: [VRFC 10-311] analyzing module folo_zeropad2d_cl_array_array_ap_fixed_16_6_5_3_0_4u_config34_Pipeline_CopyMain
INFO: [VRFC 10-2263] Analyzing SystemVerilog file "/home/pujan/Research/Rheed-FOLO/folo_hls4ml/folo_prj/solution1/sim/verilog/folo_mul_16s_8s_23_1_1.v" into library xil_defaultlib
INFO: [VRFC 10-311] analyzing module folo_mul_16s_8s_23_1_1
INFO: [VRFC 10-2263] Analyzing SystemVerilog file "/home/pujan/Research/Rheed-FOLO/folo_hls4ml/folo_prj/solution1/sim/verilog/folo_start_for_pointwise_conv_2d_cl_array_array_ap_fixed_16_6_5_3_0_8u_config38_U0.v" into library xil_defaultlib
INFO: [VRFC 10-311] analyzing module folo_start_for_pointwise_conv_2d_cl_array_array_ap_fixed_16_6_5_3_0_8u_config38_U0
INFO: [VRFC 10-311] analyzing module folo_start_for_pointwise_conv_2d_cl_array_array_ap_fixed_16_6_5_3_0_8u_config38_U0_ShiftReg
INFO: [VRFC 10-2263] Analyzing SystemVerilog file "/home/pujan/Research/Rheed-FOLO/folo_hls4ml/folo_prj/solution1/sim/verilog/folo_relu_array_ap_fixed_8u_array_ap_fixed_16_6_5_3_0_8u_relu_config18_s.v" into library xil_defaultlib
INFO: [VRFC 10-311] analyzing module folo_relu_array_ap_fixed_8u_array_ap_fixed_16_6_5_3_0_8u_relu_config18_s
INFO: [VRFC 10-2263] Analyzing SystemVerilog file "/home/pujan/Research/Rheed-FOLO/folo_hls4ml/folo_prj/solution1/sim/verilog/folo_shift_line_buffer_array_ap_fixed_16_6_5_3_0_4u_config5_s.v" into library xil_defaultlib
INFO: [VRFC 10-311] analyzing module folo_shift_line_buffer_array_ap_fixed_16_6_5_3_0_4u_config5_s
INFO: [VRFC 10-2263] Analyzing SystemVerilog file "/home/pujan/Research/Rheed-FOLO/folo_hls4ml/folo_prj/solution1/sim/verilog/folo_mul_16s_8ns_23_1_1.v" into library xil_defaultlib
INFO: [VRFC 10-311] analyzing module folo_mul_16s_8ns_23_1_1
INFO: [VRFC 10-2263] Analyzing SystemVerilog file "/home/pujan/Research/Rheed-FOLO/folo_hls4ml/folo_prj/solution1/sim/verilog/folo_fifo_w16_d100000_A.v" into library xil_defaultlib
INFO: [VRFC 10-311] analyzing module folo_fifo_w16_d100000_A
INFO: [VRFC 10-311] analyzing module folo_fifo_w16_d100000_A_ram
INFO: [VRFC 10-2263] Analyzing SystemVerilog file "/home/pujan/Research/Rheed-FOLO/folo_hls4ml/folo_prj/solution1/sim/verilog/folo_dense_latency_ap_fixed_16_6_5_3_0_ap_fixed_16_6_5_3_0_config5_mult_s.v" into library xil_defaultlib
INFO: [VRFC 10-311] analyzing module folo_dense_latency_ap_fixed_16_6_5_3_0_ap_fixed_16_6_5_3_0_config5_mult_s
INFO: [VRFC 10-2263] Analyzing SystemVerilog file "/home/pujan/Research/Rheed-FOLO/folo_hls4ml/folo_prj/solution1/sim/verilog/folo_sigmoid_array_array_ap_fixed_16_6_5_3_0_1u_sigmoid_config28_s_sigmoid_table_R7jG.v" into library xil_defaultlib
INFO: [VRFC 10-311] analyzing module folo_sigmoid_array_array_ap_fixed_16_6_5_3_0_1u_sigmoid_config28_s_sigmoid_table_R7jG
INFO: [VRFC 10-2263] Analyzing SystemVerilog file "/home/pujan/Research/Rheed-FOLO/folo_hls4ml/folo_prj/solution1/sim/verilog/folo_conv_2d_cl_array_ap_fixed_6u_array_ap_fixed_16_6_5_3_0_6u_config12_s.v" into library xil_defaultlib
INFO: [VRFC 10-311] analyzing module folo_conv_2d_cl_array_ap_fixed_6u_array_ap_fixed_16_6_5_3_0_6u_config12_s
INFO: [VRFC 10-2263] Analyzing SystemVerilog file "/home/pujan/Research/Rheed-FOLO/folo_hls4ml/folo_prj/solution1/sim/verilog/folo_relu_array_ap_fixed_4u_array_ap_fixed_16_6_5_3_0_4u_relu_config8_s.v" into library xil_defaultlib
INFO: [VRFC 10-311] analyzing module folo_relu_array_ap_fixed_4u_array_ap_fixed_16_6_5_3_0_4u_relu_config8_s
INFO: [VRFC 10-2263] Analyzing SystemVerilog file "/home/pujan/Research/Rheed-FOLO/folo_hls4ml/folo_prj/solution1/sim/verilog/folo_zeropad2d_cl_array_array_ap_fixed_16_6_5_3_0_8u_config37_Pipeline_PadTopWidth.v" into library xil_defaultlib
INFO: [VRFC 10-311] analyzing module folo_zeropad2d_cl_array_array_ap_fixed_16_6_5_3_0_8u_config37_Pipeline_PadTopWidth
INFO: [VRFC 10-2263] Analyzing SystemVerilog file "/home/pujan/Research/Rheed-FOLO/folo_hls4ml/folo_prj/solution1/sim/verilog/folo_mul_16s_10ns_26_1_1.v" into library xil_defaultlib
INFO: [VRFC 10-311] analyzing module folo_mul_16s_10ns_26_1_1
INFO: [VRFC 10-2263] Analyzing SystemVerilog file "/home/pujan/Research/Rheed-FOLO/folo_hls4ml/folo_prj/solution1/sim/verilog/folo_mul_16s_7s_23_1_1.v" into library xil_defaultlib
INFO: [VRFC 10-311] analyzing module folo_mul_16s_7s_23_1_1
INFO: [VRFC 10-2263] Analyzing SystemVerilog file "/home/pujan/Research/Rheed-FOLO/folo_hls4ml/folo_prj/solution1/sim/verilog/folo_zeropad2d_cl_array_array_ap_fixed_16_6_5_3_0_6u_config35_Pipeline_PadMain.v" into library xil_defaultlib
INFO: [VRFC 10-311] analyzing module folo_zeropad2d_cl_array_array_ap_fixed_16_6_5_3_0_6u_config35_Pipeline_PadMain
INFO: [VRFC 10-2263] Analyzing SystemVerilog file "/home/pujan/Research/Rheed-FOLO/folo_hls4ml/folo_prj/solution1/sim/verilog/folo_mul_16s_12s_26_1_1.v" into library xil_defaultlib
INFO: [VRFC 10-311] analyzing module folo_mul_16s_12s_26_1_1
INFO: [VRFC 10-2263] Analyzing SystemVerilog file "/home/pujan/Research/Rheed-FOLO/folo_hls4ml/folo_prj/solution1/sim/verilog/AESL_deadlock_detector.v" into library xil_defaultlib
INFO: [VRFC 10-311] analyzing module AESL_deadlock_detector
INFO: [VRFC 10-2263] Analyzing SystemVerilog file "/home/pujan/Research/Rheed-FOLO/folo_hls4ml/folo_prj/solution1/sim/verilog/folo_pointwise_conv_2d_cl_array_array_ap_fixed_16_6_5_3_0_8u_config38_s.v" into library xil_defaultlib
INFO: [VRFC 10-311] analyzing module folo_pointwise_conv_2d_cl_array_array_ap_fixed_16_6_5_3_0_8u_config38_s
INFO: [VRFC 10-2263] Analyzing SystemVerilog file "/home/pujan/Research/Rheed-FOLO/folo_hls4ml/folo_prj/solution1/sim/verilog/folo_start_for_zeropad2d_cl_array_ap_fixed_6u_array_ap_fixed_16_6_5_3_0_6u_config3bak.v" into library xil_defaultlib
INFO: [VRFC 10-311] analyzing module folo_start_for_zeropad2d_cl_array_ap_fixed_6u_array_ap_fixed_16_6_5_3_0_6u_config3bak
INFO: [VRFC 10-311] analyzing module folo_start_for_zeropad2d_cl_array_ap_fixed_6u_array_ap_fixed_16_6_5_3_0_6u_config3bak_ShiftReg
INFO: [VRFC 10-2263] Analyzing SystemVerilog file "/home/pujan/Research/Rheed-FOLO/folo_hls4ml/folo_prj/solution1/sim/verilog/folo_fifo_w64_d100000_A.v" into library xil_defaultlib
INFO: [VRFC 10-311] analyzing module folo_fifo_w64_d100000_A
INFO: [VRFC 10-311] analyzing module folo_fifo_w64_d100000_A_ram
INFO: [VRFC 10-2263] Analyzing SystemVerilog file "/home/pujan/Research/Rheed-FOLO/folo_hls4ml/folo_prj/solution1/sim/verilog/folo_clone_stream_array_ap_fixed_4u_array_ap_fixed_16_6_5_3_0_4u_65536_s.v" into library xil_defaultlib
INFO: [VRFC 10-311] analyzing module folo_clone_stream_array_ap_fixed_4u_array_ap_fixed_16_6_5_3_0_4u_65536_s
INFO: [VRFC 10-2263] Analyzing SystemVerilog file "/home/pujan/Research/Rheed-FOLO/folo_hls4ml/folo_prj/solution1/sim/verilog/folo_start_for_zeropad2d_cl_array_ap_fixed_8u_array_ap_fixed_16_6_5_3_0_8u_config3bck.v" into library xil_defaultlib
INFO: [VRFC 10-311] analyzing module folo_start_for_zeropad2d_cl_array_ap_fixed_8u_array_ap_fixed_16_6_5_3_0_8u_config3bck
INFO: [VRFC 10-311] analyzing module folo_start_for_zeropad2d_cl_array_ap_fixed_8u_array_ap_fixed_16_6_5_3_0_8u_config3bck_ShiftReg
INFO: [VRFC 10-2263] Analyzing SystemVerilog file "/home/pujan/Research/Rheed-FOLO/folo_hls4ml/folo_prj/solution1/sim/verilog/folo_start_for_conv_2d_cl_array_ap_fixed_6u_array_ap_fixed_16_6_5_3_0_8u_config16_U0.v" into library xil_defaultlib
INFO: [VRFC 10-311] analyzing module folo_start_for_conv_2d_cl_array_ap_fixed_6u_array_ap_fixed_16_6_5_3_0_8u_config16_U0
INFO: [VRFC 10-311] analyzing module folo_start_for_conv_2d_cl_array_ap_fixed_6u_array_ap_fixed_16_6_5_3_0_8u_config16_U0_ShiftReg
INFO: [VRFC 10-2263] Analyzing SystemVerilog file "/home/pujan/Research/Rheed-FOLO/folo_hls4ml/folo_prj/solution1/sim/verilog/folo_shift_line_buffer_array_ap_fixed_16_6_5_3_0_8u_config19_s.v" into library xil_defaultlib
INFO: [VRFC 10-311] analyzing module folo_shift_line_buffer_array_ap_fixed_16_6_5_3_0_8u_config19_s
INFO: [VRFC 10-2263] Analyzing SystemVerilog file "/home/pujan/Research/Rheed-FOLO/folo_hls4ml/folo_prj/solution1/sim/verilog/folo_start_for_conv_2d_cl_array_ap_fixed_8u_array_ap_fixed_16_6_5_3_0_8u_config19_U0.v" into library xil_defaultlib
INFO: [VRFC 10-311] analyzing module folo_start_for_conv_2d_cl_array_ap_fixed_8u_array_ap_fixed_16_6_5_3_0_8u_config19_U0
INFO: [VRFC 10-311] analyzing module folo_start_for_conv_2d_cl_array_ap_fixed_8u_array_ap_fixed_16_6_5_3_0_8u_config19_U0_ShiftReg
INFO: [VRFC 10-2263] Analyzing SystemVerilog file "/home/pujan/Research/Rheed-FOLO/folo_hls4ml/folo_prj/solution1/sim/verilog/folo_zeropad2d_cl_array_ap_fixed_4u_array_ap_fixed_16_6_5_3_0_4u_config34_s.v" into library xil_defaultlib
INFO: [VRFC 10-311] analyzing module folo_zeropad2d_cl_array_ap_fixed_4u_array_ap_fixed_16_6_5_3_0_4u_config34_s
INFO: [VRFC 10-2263] Analyzing SystemVerilog file "/home/pujan/Research/Rheed-FOLO/folo_hls4ml/folo_prj/solution1/sim/verilog/folo_start_for_add_array_array_ap_fixed_4u_array_ap_fixed_16_6_5_3_0_4u_config7_U0.v" into library xil_defaultlib
INFO: [VRFC 10-311] analyzing module folo_start_for_add_array_array_ap_fixed_4u_array_ap_fixed_16_6_5_3_0_4u_config7_U0
INFO: [VRFC 10-311] analyzing module folo_start_for_add_array_array_ap_fixed_4u_array_ap_fixed_16_6_5_3_0_4u_config7_U0_ShiftReg
INFO: [VRFC 10-2263] Analyzing SystemVerilog file "/home/pujan/Research/Rheed-FOLO/folo_hls4ml/folo_prj/solution1/sim/verilog/folo_relu_array_ap_fixed_4u_array_ap_fixed_16_6_5_3_0_4u_relu_config4_s.v" into library xil_defaultlib
INFO: [VRFC 10-311] analyzing module folo_relu_array_ap_fixed_4u_array_ap_fixed_16_6_5_3_0_4u_relu_config4_s
INFO: [VRFC 10-2263] Analyzing SystemVerilog file "/home/pujan/Research/Rheed-FOLO/folo_hls4ml/folo_prj/solution1/sim/verilog/folo_start_for_relu_array_ap_fixed_4u_array_ap_fixed_16_6_5_3_0_4u_relu_config8_U0.v" into library xil_defaultlib
INFO: [VRFC 10-311] analyzing module folo_start_for_relu_array_ap_fixed_4u_array_ap_fixed_16_6_5_3_0_4u_relu_config8_U0
INFO: [VRFC 10-311] analyzing module folo_start_for_relu_array_ap_fixed_4u_array_ap_fixed_16_6_5_3_0_4u_relu_config8_U0_ShiftReg
INFO: [VRFC 10-2263] Analyzing SystemVerilog file "/home/pujan/Research/Rheed-FOLO/folo_hls4ml/folo_prj/solution1/sim/verilog/folo_shift_line_buffer_array_ap_fixed_16_6_5_3_0_1u_config2_s.v" into library xil_defaultlib
INFO: [VRFC 10-311] analyzing module folo_shift_line_buffer_array_ap_fixed_16_6_5_3_0_1u_config2_s
INFO: [VRFC 10-2263] Analyzing SystemVerilog file "/home/pujan/Research/Rheed-FOLO/folo_hls4ml/folo_prj/solution1/sim/verilog/folo_zeropad2d_cl_array_ap_fixed_1u_array_ap_fixed_16_6_5_3_0_1u_config32_s.v" into library xil_defaultlib
INFO: [VRFC 10-311] analyzing module folo_zeropad2d_cl_array_ap_fixed_1u_array_ap_fixed_16_6_5_3_0_1u_config32_s
INFO: [VRFC 10-2263] Analyzing SystemVerilog file "/home/pujan/Research/Rheed-FOLO/folo_hls4ml/folo_prj/solution1/sim/verilog/folo_zeropad2d_cl_array_ap_fixed_6u_array_ap_fixed_16_6_5_3_0_6u_config36_s.v" into library xil_defaultlib
INFO: [VRFC 10-311] analyzing module folo_zeropad2d_cl_array_ap_fixed_6u_array_ap_fixed_16_6_5_3_0_6u_config36_s
INFO: [VRFC 10-2263] Analyzing SystemVerilog file "/home/pujan/Research/Rheed-FOLO/folo_hls4ml/folo_prj/solution1/sim/verilog/folo_add_array_array_ap_fixed_4u_array_ap_fixed_16_6_5_3_0_4u_config7_s.v" into library xil_defaultlib
INFO: [VRFC 10-311] analyzing module folo_add_array_array_ap_fixed_4u_array_ap_fixed_16_6_5_3_0_4u_config7_s
INFO: [VRFC 10-2263] Analyzing SystemVerilog file "/home/pujan/Research/Rheed-FOLO/folo_hls4ml/folo_prj/solution1/sim/verilog/folo_zeropad2d_cl_array_array_ap_fixed_6u_config35_Pipeline_PadBottomWidth.v" into library xil_defaultlib
INFO: [VRFC 10-311] analyzing module folo_zeropad2d_cl_array_array_ap_fixed_6u_config35_Pipeline_PadBottomWidth
INFO: [VRFC 10-2263] Analyzing SystemVerilog file "/home/pujan/Research/Rheed-FOLO/folo_hls4ml/folo_prj/solution1/sim/verilog/folo_clone_stream_array_ap_fixed_6u_array_ap_fixed_16_6_5_3_0_6u_24576_s.v" into library xil_defaultlib
INFO: [VRFC 10-311] analyzing module folo_clone_stream_array_ap_fixed_6u_array_ap_fixed_16_6_5_3_0_6u_24576_s
INFO: [VRFC 10-2263] Analyzing SystemVerilog file "/home/pujan/Research/Rheed-FOLO/folo_hls4ml/folo_prj/solution1/sim/verilog/folo_mul_16s_10s_26_1_1.v" into library xil_defaultlib
INFO: [VRFC 10-311] analyzing module folo_mul_16s_10s_26_1_1
INFO: [VRFC 10-2263] Analyzing SystemVerilog file "/home/pujan/Research/Rheed-FOLO/folo_hls4ml/folo_prj/solution1/sim/verilog/folo_zeropad2d_cl_array_array_ap_fixed_16_6_5_3_0_6u_config36_Pipeline_PadMain.v" into library xil_defaultlib
INFO: [VRFC 10-311] analyzing module folo_zeropad2d_cl_array_array_ap_fixed_16_6_5_3_0_6u_config36_Pipeline_PadMain
INFO: [VRFC 10-2263] Analyzing SystemVerilog file "/home/pujan/Research/Rheed-FOLO/folo_hls4ml/folo_prj/solution1/sim/verilog/folo_zeropad2d_cl_array_array_ap_fixed_16_6_5_3_0_1u_config32_Pipeline_CopyMain.v" into library xil_defaultlib
INFO: [VRFC 10-311] analyzing module folo_zeropad2d_cl_array_array_ap_fixed_16_6_5_3_0_1u_config32_Pipeline_CopyMain
INFO: [VRFC 10-2263] Analyzing SystemVerilog file "/home/pujan/Research/Rheed-FOLO/folo_hls4ml/folo_prj/solution1/sim/verilog/folo_mul_16s_6s_22_1_1.v" into library xil_defaultlib
INFO: [VRFC 10-311] analyzing module folo_mul_16s_6s_22_1_1
INFO: [VRFC 10-2263] Analyzing SystemVerilog file "/home/pujan/Research/Rheed-FOLO/folo_hls4ml/folo_prj/solution1/sim/verilog/folo_compute_output_buffer_2d_array_array_ap_fixed_16_6_5_3_0_4u_config5_s.v" into library xil_defaultlib
INFO: [VRFC 10-311] analyzing module folo_compute_output_buffer_2d_array_array_ap_fixed_16_6_5_3_0_4u_config5_s
INFO: [VRFC 10-2263] Analyzing SystemVerilog file "/home/pujan/Research/Rheed-FOLO/folo_hls4ml/folo_prj/solution1/sim/verilog/folo_dense_latency_ap_fixed_16_6_5_3_0_ap_fixed_16_6_5_3_0_config9_mult_s.v" into library xil_defaultlib
INFO: [VRFC 10-311] analyzing module folo_dense_latency_ap_fixed_16_6_5_3_0_ap_fixed_16_6_5_3_0_config9_mult_s
INFO: [VRFC 10-2263] Analyzing SystemVerilog file "/home/pujan/Research/Rheed-FOLO/folo_hls4ml/folo_prj/solution1/sim/verilog/folo_start_for_conv_2d_cl_array_ap_fixed_4u_array_ap_fixed_16_6_5_3_0_6u_config9_U0.v" into library xil_defaultlib
INFO: [VRFC 10-311] analyzing module folo_start_for_conv_2d_cl_array_ap_fixed_4u_array_ap_fixed_16_6_5_3_0_6u_config9_U0
INFO: [VRFC 10-311] analyzing module folo_start_for_conv_2d_cl_array_ap_fixed_4u_array_ap_fixed_16_6_5_3_0_6u_config9_U0_ShiftReg
INFO: [VRFC 10-2263] Analyzing SystemVerilog file "/home/pujan/Research/Rheed-FOLO/folo_hls4ml/folo_prj/solution1/sim/verilog/folo_flow_control_loop_pipe_sequential_init.v" into library xil_defaultlib
INFO: [VRFC 10-311] analyzing module folo_flow_control_loop_pipe_sequential_init
INFO: [VRFC 10-2263] Analyzing SystemVerilog file "/home/pujan/Research/Rheed-FOLO/folo_hls4ml/folo_prj/solution1/sim/verilog/folo_dense_latency_ap_fixed_16_6_5_3_0_ap_fixed_16_6_5_3_0_config19_mult_s.v" into library xil_defaultlib
INFO: [VRFC 10-311] analyzing module folo_dense_latency_ap_fixed_16_6_5_3_0_ap_fixed_16_6_5_3_0_config19_mult_s
INFO: [VRFC 10-2263] Analyzing SystemVerilog file "/home/pujan/Research/Rheed-FOLO/folo_hls4ml/folo_prj/solution1/sim/verilog/folo_conv_2d_cl_array_ap_fixed_8u_array_ap_fixed_16_6_5_3_0_8u_config19_s.v" into library xil_defaultlib
INFO: [VRFC 10-311] analyzing module folo_conv_2d_cl_array_ap_fixed_8u_array_ap_fixed_16_6_5_3_0_8u_config19_s
INFO: [VRFC 10-2263] Analyzing SystemVerilog file "/home/pujan/Research/Rheed-FOLO/folo_hls4ml/folo_prj/solution1/sim/verilog/folo_start_for_add_array_array_ap_fixed_8u_array_ap_fixed_16_6_5_3_0_8u_config21_U0.v" into library xil_defaultlib
INFO: [VRFC 10-311] analyzing module folo_start_for_add_array_array_ap_fixed_8u_array_ap_fixed_16_6_5_3_0_8u_config21_U0
INFO: [VRFC 10-311] analyzing module folo_start_for_add_array_array_ap_fixed_8u_array_ap_fixed_16_6_5_3_0_8u_config21_U0_ShiftReg
INFO: [VRFC 10-2263] Analyzing SystemVerilog file "/home/pujan/Research/Rheed-FOLO/folo_hls4ml/folo_prj/solution1/sim/verilog/folo_dense_latency_ap_fixed_16_6_5_3_0_ap_fixed_16_6_5_3_0_config2_mult_s.v" into library xil_defaultlib
INFO: [VRFC 10-311] analyzing module folo_dense_latency_ap_fixed_16_6_5_3_0_ap_fixed_16_6_5_3_0_config2_mult_s
INFO: [VRFC 10-2263] Analyzing SystemVerilog file "/home/pujan/Research/Rheed-FOLO/folo_hls4ml/folo_prj/solution1/sim/verilog/folo_fifo_w128_d100000_A.v" into library xil_defaultlib
INFO: [VRFC 10-311] analyzing module folo_fifo_w128_d100000_A
INFO: [VRFC 10-311] analyzing module folo_fifo_w128_d100000_A_ram
INFO: [VRFC 10-2263] Analyzing SystemVerilog file "/home/pujan/Research/Rheed-FOLO/folo_hls4ml/folo_prj/solution1/sim/verilog/folo_start_for_clone_stream_array_ap_fixed_8u_array_ap_fixed_16_6_5_3_0_8u_8192_U0.v" into library xil_defaultlib
INFO: [VRFC 10-311] analyzing module folo_start_for_clone_stream_array_ap_fixed_8u_array_ap_fixed_16_6_5_3_0_8u_8192_U0
INFO: [VRFC 10-311] analyzing module folo_start_for_clone_stream_array_ap_fixed_8u_array_ap_fixed_16_6_5_3_0_8u_8192_U0_ShiftReg
INFO: [VRFC 10-2263] Analyzing SystemVerilog file "/home/pujan/Research/Rheed-FOLO/folo_hls4ml/folo_prj/solution1/sim/verilog/folo_start_for_relu_array_ap_fixed_4u_array_ap_fixed_16_6_5_3_0_4u_relu_config4_U0.v" into library xil_defaultlib
INFO: [VRFC 10-311] analyzing module folo_start_for_relu_array_ap_fixed_4u_array_ap_fixed_16_6_5_3_0_4u_relu_config4_U0
INFO: [VRFC 10-311] analyzing module folo_start_for_relu_array_ap_fixed_4u_array_ap_fixed_16_6_5_3_0_4u_relu_config4_U0_ShiftReg
INFO: [VRFC 10-2263] Analyzing SystemVerilog file "/home/pujan/Research/Rheed-FOLO/folo_hls4ml/folo_prj/solution1/sim/verilog/folo_regslice_both.v" into library xil_defaultlib
INFO: [VRFC 10-311] analyzing module folo_regslice_both
INFO: [VRFC 10-2263] Analyzing SystemVerilog file "/home/pujan/Research/Rheed-FOLO/folo_hls4ml/folo_prj/solution1/sim/verilog/folo_start_for_conv_2d_cl_array_ap_fixed_4u_array_ap_fixed_16_6_5_3_0_4u_config5_U0.v" into library xil_defaultlib
INFO: [VRFC 10-311] analyzing module folo_start_for_conv_2d_cl_array_ap_fixed_4u_array_ap_fixed_16_6_5_3_0_4u_config5_U0
INFO: [VRFC 10-311] analyzing module folo_start_for_conv_2d_cl_array_ap_fixed_4u_array_ap_fixed_16_6_5_3_0_4u_config5_U0_ShiftReg
INFO: [VRFC 10-2263] Analyzing SystemVerilog file "/home/pujan/Research/Rheed-FOLO/folo_hls4ml/folo_prj/solution1/sim/verilog/folo_shift_line_buffer_array_ap_fixed_16_6_5_3_0_6u_config16_s_p_ZZN4nnet25conv_2dFfa.v" into library xil_defaultlib
INFO: [VRFC 10-311] analyzing module folo_shift_line_buffer_array_ap_fixed_16_6_5_3_0_6u_config16_s_p_ZZN4nnet25conv_2dFfa_core
INFO: [VRFC 10-311] analyzing module folo_shift_line_buffer_array_ap_fixed_16_6_5_3_0_6u_config16_s_p_ZZN4nnet25conv_2dFfa
INFO: [VRFC 10-2263] Analyzing SystemVerilog file "/home/pujan/Research/Rheed-FOLO/folo_hls4ml/folo_prj/solution1/sim/verilog/folo_conv_2d_cl_array_ap_fixed_4u_array_ap_fixed_16_6_5_3_0_6u_config9_s.v" into library xil_defaultlib
INFO: [VRFC 10-311] analyzing module folo_conv_2d_cl_array_ap_fixed_4u_array_ap_fixed_16_6_5_3_0_6u_config9_s
INFO: [VRFC 10-2263] Analyzing SystemVerilog file "/home/pujan/Research/Rheed-FOLO/folo_hls4ml/folo_prj/solution1/sim/verilog/folo_sigmoid_array_array_ap_fixed_16_6_5_3_0_1u_sigmoid_config28_s.v" into library xil_defaultlib
INFO: [VRFC 10-311] analyzing module folo_sigmoid_array_array_ap_fixed_16_6_5_3_0_1u_sigmoid_config28_s
INFO: [VRFC 10-2263] Analyzing SystemVerilog file "/home/pujan/Research/Rheed-FOLO/folo_hls4ml/folo_prj/solution1/sim/verilog/folo_pointwise_conv_2d_cl_array_array_ap_fixed_16_6_5_3_0_1u_config39_s.v" into library xil_defaultlib
INFO: [VRFC 10-311] analyzing module folo_pointwise_conv_2d_cl_array_array_ap_fixed_16_6_5_3_0_1u_config39_s
INFO: [VRFC 10-2263] Analyzing SystemVerilog file "/home/pujan/Research/Rheed-FOLO/folo_hls4ml/folo_prj/solution1/sim/verilog/folo_zeropad2d_cl_array_array_ap_fixed_4u_config34_Pipeline_PadBottomWidth.v" into library xil_defaultlib
INFO: [VRFC 10-311] analyzing module folo_zeropad2d_cl_array_array_ap_fixed_4u_config34_Pipeline_PadBottomWidth
INFO: [VRFC 10-2263] Analyzing SystemVerilog file "/home/pujan/Research/Rheed-FOLO/folo_hls4ml/folo_prj/solution1/sim/verilog/folo_start_for_conv_2d_cl_array_ap_fixed_1u_array_ap_fixed_16_6_5_3_0_4u_config2_U0.v" into library xil_defaultlib
INFO: [VRFC 10-311] analyzing module folo_start_for_conv_2d_cl_array_ap_fixed_1u_array_ap_fixed_16_6_5_3_0_4u_config2_U0
INFO: [VRFC 10-311] analyzing module folo_start_for_conv_2d_cl_array_ap_fixed_1u_array_ap_fixed_16_6_5_3_0_4u_config2_U0_ShiftReg
INFO: [VRFC 10-2263] Analyzing SystemVerilog file "/home/pujan/Research/Rheed-FOLO/folo_hls4ml/folo_prj/solution1/sim/verilog/folo_zeropad2d_cl_array_array_ap_fixed_16_6_5_3_0_4u_config33_Pipeline_CopyMain.v" into library xil_defaultlib
INFO: [VRFC 10-311] analyzing module folo_zeropad2d_cl_array_array_ap_fixed_16_6_5_3_0_4u_config33_Pipeline_CopyMain
INFO: [VRFC 10-2263] Analyzing SystemVerilog file "/home/pujan/Research/Rheed-FOLO/folo_hls4ml/folo_prj/solution1/sim/verilog/folo.v" into library xil_defaultlib
INFO: [VRFC 10-311] analyzing module folo
INFO: [VRFC 10-2263] Analyzing SystemVerilog file "/home/pujan/Research/Rheed-FOLO/folo_hls4ml/folo_prj/solution1/sim/verilog/folo_mul_16s_9ns_25_1_1.v" into library xil_defaultlib
INFO: [VRFC 10-311] analyzing module folo_mul_16s_9ns_25_1_1
INFO: [VRFC 10-2263] Analyzing SystemVerilog file "/home/pujan/Research/Rheed-FOLO/folo_hls4ml/folo_prj/solution1/sim/verilog/folo_mul_16s_13s_26_1_1.v" into library xil_defaultlib
INFO: [VRFC 10-311] analyzing module folo_mul_16s_13s_26_1_1
INFO: [VRFC 10-2263] Analyzing SystemVerilog file "/home/pujan/Research/Rheed-FOLO/folo_hls4ml/folo_prj/solution1/sim/verilog/folo_compute_output_buffer_2d_array_array_ap_fixed_16_6_5_3_0_6u_config12_s.v" into library xil_defaultlib
INFO: [VRFC 10-311] analyzing module folo_compute_output_buffer_2d_array_array_ap_fixed_16_6_5_3_0_6u_config12_s
INFO: [VRFC 10-2263] Analyzing SystemVerilog file "/home/pujan/Research/Rheed-FOLO/folo_hls4ml/folo_prj/solution1/sim/verilog/folo_start_for_zeropad2d_cl_array_ap_fixed_4u_array_ap_fixed_16_6_5_3_0_4u_config38jQ.v" into library xil_defaultlib
INFO: [VRFC 10-311] analyzing module folo_start_for_zeropad2d_cl_array_ap_fixed_4u_array_ap_fixed_16_6_5_3_0_4u_config38jQ
INFO: [VRFC 10-311] analyzing module folo_start_for_zeropad2d_cl_array_ap_fixed_4u_array_ap_fixed_16_6_5_3_0_4u_config38jQ_ShiftReg
INFO: [VRFC 10-2263] Analyzing SystemVerilog file "/home/pujan/Research/Rheed-FOLO/folo_hls4ml/folo_prj/solution1/sim/verilog/folo_mul_16s_11s_26_1_1.v" into library xil_defaultlib
INFO: [VRFC 10-311] analyzing module folo_mul_16s_11s_26_1_1
INFO: [VRFC 10-2263] Analyzing SystemVerilog file "/home/pujan/Research/Rheed-FOLO/folo_hls4ml/folo_prj/solution1/sim/verilog/folo_relu_array_ap_fixed_6u_array_ap_fixed_16_6_5_3_0_6u_relu_config15_s.v" into library xil_defaultlib
INFO: [VRFC 10-311] analyzing module folo_relu_array_ap_fixed_6u_array_ap_fixed_16_6_5_3_0_6u_relu_config15_s
INFO: [VRFC 10-2263] Analyzing SystemVerilog file "/home/pujan/Research/Rheed-FOLO/folo_hls4ml/folo_prj/solution1/sim/verilog/folo_mul_16s_5s_21_1_1.v" into library xil_defaultlib
INFO: [VRFC 10-311] analyzing module folo_mul_16s_5s_21_1_1
INFO: [VRFC 10-2263] Analyzing SystemVerilog file "/home/pujan/Research/Rheed-FOLO/folo_hls4ml/folo_prj/solution1/sim/verilog/folo_start_for_zeropad2d_cl_array_ap_fixed_4u_array_ap_fixed_16_6_5_3_0_4u_config39j0.v" into library xil_defaultlib
INFO: [VRFC 10-311] analyzing module folo_start_for_zeropad2d_cl_array_ap_fixed_4u_array_ap_fixed_16_6_5_3_0_4u_config39j0
INFO: [VRFC 10-311] analyzing module folo_start_for_zeropad2d_cl_array_ap_fixed_4u_array_ap_fixed_16_6_5_3_0_4u_config39j0_ShiftReg
INFO: [VRFC 10-2263] Analyzing SystemVerilog file "/home/pujan/Research/Rheed-FOLO/folo_hls4ml/folo_prj/solution1/sim/verilog/folo_clone_stream_array_ap_fixed_8u_array_ap_fixed_16_6_5_3_0_8u_8192_s.v" into library xil_defaultlib
INFO: [VRFC 10-311] analyzing module folo_clone_stream_array_ap_fixed_8u_array_ap_fixed_16_6_5_3_0_8u_8192_s
INFO: [VRFC 10-2263] Analyzing SystemVerilog file "/home/pujan/Research/Rheed-FOLO/folo_hls4ml/folo_prj/solution1/sim/verilog/folo_mul_16s_12ns_26_1_1.v" into library xil_defaultlib
INFO: [VRFC 10-311] analyzing module folo_mul_16s_12ns_26_1_1
INFO: [VRFC 10-2263] Analyzing SystemVerilog file "/home/pujan/Research/Rheed-FOLO/folo_hls4ml/folo_prj/solution1/sim/verilog/folo_shift_line_buffer_array_ap_fixed_16_6_5_3_0_6u_config12_s.v" into library xil_defaultlib
INFO: [VRFC 10-311] analyzing module folo_shift_line_buffer_array_ap_fixed_16_6_5_3_0_6u_config12_s
INFO: [VRFC 10-2263] Analyzing SystemVerilog file "/home/pujan/Research/Rheed-FOLO/folo_hls4ml/folo_prj/solution1/sim/verilog/folo_start_for_pointwise_conv_2d_cl_array_array_ap_fixed_16_6_5_3_0_1u_config39_U0.v" into library xil_defaultlib
INFO: [VRFC 10-311] analyzing module folo_start_for_pointwise_conv_2d_cl_array_array_ap_fixed_16_6_5_3_0_1u_config39_U0
INFO: [VRFC 10-311] analyzing module folo_start_for_pointwise_conv_2d_cl_array_array_ap_fixed_16_6_5_3_0_1u_config39_U0_ShiftReg
INFO: [VRFC 10-2263] Analyzing SystemVerilog file "/home/pujan/Research/Rheed-FOLO/folo_hls4ml/folo_prj/solution1/sim/verilog/folo_shift_line_buffer_array_ap_fixed_16_6_5_3_0_6u_config16_s.v" into library xil_defaultlib
INFO: [VRFC 10-311] analyzing module folo_shift_line_buffer_array_ap_fixed_16_6_5_3_0_6u_config16_s
INFO: [VRFC 10-2263] Analyzing SystemVerilog file "/home/pujan/Research/Rheed-FOLO/folo_hls4ml/folo_prj/solution1/sim/verilog/folo_start_for_relu_array_ap_fixed_8u_array_ap_fixed_16_6_5_3_0_8u_relu_config25_U0.v" into library xil_defaultlib
INFO: [VRFC 10-311] analyzing module folo_start_for_relu_array_ap_fixed_8u_array_ap_fixed_16_6_5_3_0_8u_relu_config25_U0
INFO: [VRFC 10-311] analyzing module folo_start_for_relu_array_ap_fixed_8u_array_ap_fixed_16_6_5_3_0_8u_relu_config25_U0_ShiftReg
INFO: [VRFC 10-2263] Analyzing SystemVerilog file "/home/pujan/Research/Rheed-FOLO/folo_hls4ml/folo_prj/solution1/sim/verilog/folo_mul_16s_11ns_26_1_1.v" into library xil_defaultlib
INFO: [VRFC 10-311] analyzing module folo_mul_16s_11ns_26_1_1
INFO: [VRFC 10-2263] Analyzing SystemVerilog file "/home/pujan/Research/Rheed-FOLO/folo_hls4ml/folo_prj/solution1/sim/verilog/folo_mul_16s_9s_25_1_1.v" into library xil_defaultlib
INFO: [VRFC 10-311] analyzing module folo_mul_16s_9s_25_1_1
INFO: [VRFC 10-2263] Analyzing SystemVerilog file "/home/pujan/Research/Rheed-FOLO/folo_hls4ml/folo_prj/solution1/sim/verilog/folo_start_for_add_array_array_ap_fixed_6u_array_ap_fixed_16_6_5_3_0_6u_config14_U0.v" into library xil_defaultlib
INFO: [VRFC 10-311] analyzing module folo_start_for_add_array_array_ap_fixed_6u_array_ap_fixed_16_6_5_3_0_6u_config14_U0
INFO: [VRFC 10-311] analyzing module folo_start_for_add_array_array_ap_fixed_6u_array_ap_fixed_16_6_5_3_0_6u_config14_U0_ShiftReg
INFO: [VRFC 10-2263] Analyzing SystemVerilog file "/home/pujan/Research/Rheed-FOLO/folo_hls4ml/folo_prj/solution1/sim/verilog/folo_fifo_w96_d100000_A.v" into library xil_defaultlib
INFO: [VRFC 10-311] analyzing module folo_fifo_w96_d100000_A
INFO: [VRFC 10-311] analyzing module folo_fifo_w96_d100000_A_ram
INFO: [VRFC 10-2263] Analyzing SystemVerilog file "/home/pujan/Research/Rheed-FOLO/folo_hls4ml/folo_prj/solution1/sim/verilog/AESL_deadlock_detection_unit.v" into library xil_defaultlib
INFO: [VRFC 10-311] analyzing module AESL_deadlock_detect_unit
INFO: [VRFC 10-2263] Analyzing SystemVerilog file "/home/pujan/Research/Rheed-FOLO/folo_hls4ml/folo_prj/solution1/sim/verilog/AESL_deadlock_kernel_monitor_top.v" into library xil_defaultlib
INFO: [VRFC 10-311] analyzing module AESL_deadlock_kernel_monitor_top
INFO: [VRFC 10-2263] Analyzing SystemVerilog file "/home/pujan/Research/Rheed-FOLO/folo_hls4ml/folo_prj/solution1/sim/verilog/folo_shift_line_buffer_array_ap_fixed_16_6_5_3_0_4u_config9_s_p_ZZN4nnet25conv_2d_lbW.v" into library xil_defaultlib
INFO: [VRFC 10-311] analyzing module folo_shift_line_buffer_array_ap_fixed_16_6_5_3_0_4u_config9_s_p_ZZN4nnet25conv_2d_lbW_core
INFO: [VRFC 10-311] analyzing module folo_shift_line_buffer_array_ap_fixed_16_6_5_3_0_4u_config9_s_p_ZZN4nnet25conv_2d_lbW
INFO: [VRFC 10-2263] Analyzing SystemVerilog file "/home/pujan/Research/Rheed-FOLO/folo_hls4ml/folo_prj/solution1/sim/verilog/folo_start_for_zeropad2d_cl_array_ap_fixed_6u_array_ap_fixed_16_6_5_3_0_6u_config3bbk.v" into library xil_defaultlib
INFO: [VRFC 10-311] analyzing module folo_start_for_zeropad2d_cl_array_ap_fixed_6u_array_ap_fixed_16_6_5_3_0_6u_config3bbk
INFO: [VRFC 10-311] analyzing module folo_start_for_zeropad2d_cl_array_ap_fixed_6u_array_ap_fixed_16_6_5_3_0_6u_config3bbk_ShiftReg
INFO: [VRFC 10-2263] Analyzing SystemVerilog file "/home/pujan/Research/Rheed-FOLO/folo_hls4ml/folo_prj/solution1/sim/verilog/folo_conv_2d_cl_array_ap_fixed_6u_array_ap_fixed_16_6_5_3_0_8u_config16_s.v" into library xil_defaultlib
INFO: [VRFC 10-311] analyzing module folo_conv_2d_cl_array_ap_fixed_6u_array_ap_fixed_16_6_5_3_0_8u_config16_s
INFO: [VRFC 10-2263] Analyzing SystemVerilog file "/home/pujan/Research/Rheed-FOLO/folo_hls4ml/folo_prj/solution1/sim/verilog/folo_shift_line_buffer_array_ap_fixed_16_6_5_3_0_4u_config5_s_p_ZZN4nnet25conv_2d_dEe.v" into library xil_defaultlib
INFO: [VRFC 10-311] analyzing module folo_shift_line_buffer_array_ap_fixed_16_6_5_3_0_4u_config5_s_p_ZZN4nnet25conv_2d_dEe_core
INFO: [VRFC 10-311] analyzing module folo_shift_line_buffer_array_ap_fixed_16_6_5_3_0_4u_config5_s_p_ZZN4nnet25conv_2d_dEe
INFO: [VRFC 10-2263] Analyzing SystemVerilog file "/home/pujan/Research/Rheed-FOLO/folo_hls4ml/folo_prj/solution1/sim/verilog/folo_add_array_array_ap_fixed_6u_array_ap_fixed_16_6_5_3_0_6u_config14_s.v" into library xil_defaultlib
INFO: [VRFC 10-311] analyzing module folo_add_array_array_ap_fixed_6u_array_ap_fixed_16_6_5_3_0_6u_config14_s
INFO: [VRFC 10-2263] Analyzing SystemVerilog file "/home/pujan/Research/Rheed-FOLO/folo_hls4ml/folo_prj/solution1/sim/verilog/folo_start_for_relu_array_ap_fixed_6u_array_ap_fixed_16_6_5_3_0_6u_relu_config15_U0.v" into library xil_defaultlib
INFO: [VRFC 10-311] analyzing module folo_start_for_relu_array_ap_fixed_6u_array_ap_fixed_16_6_5_3_0_6u_relu_config15_U0
INFO: [VRFC 10-311] analyzing module folo_start_for_relu_array_ap_fixed_6u_array_ap_fixed_16_6_5_3_0_6u_relu_config15_U0_ShiftReg
INFO: [VRFC 10-2263] Analyzing SystemVerilog file "/home/pujan/Research/Rheed-FOLO/folo_hls4ml/folo_prj/solution1/sim/verilog/folo_dense_latency_ap_fixed_16_6_5_3_0_ap_fixed_16_6_5_3_0_config16_mult_s.v" into library xil_defaultlib
INFO: [VRFC 10-311] analyzing module folo_dense_latency_ap_fixed_16_6_5_3_0_ap_fixed_16_6_5_3_0_config16_mult_s
INFO: [VRFC 10-2263] Analyzing SystemVerilog file "/home/pujan/Research/Rheed-FOLO/folo_hls4ml/folo_prj/solution1/sim/verilog/folo_shift_line_buffer_array_ap_fixed_16_6_5_3_0_6u_config12_s_p_ZZN4nnet25conv_2dtde.v" into library xil_defaultlib
INFO: [VRFC 10-311] analyzing module folo_shift_line_buffer_array_ap_fixed_16_6_5_3_0_6u_config12_s_p_ZZN4nnet25conv_2dtde_core
INFO: [VRFC 10-311] analyzing module folo_shift_line_buffer_array_ap_fixed_16_6_5_3_0_6u_config12_s_p_ZZN4nnet25conv_2dtde
INFO: [VRFC 10-2263] Analyzing SystemVerilog file "/home/pujan/Research/Rheed-FOLO/folo_hls4ml/folo_prj/solution1/sim/verilog/folo_zeropad2d_cl_array_array_ap_fixed_1u_config32_Pipeline_PadBottomWidth.v" into library xil_defaultlib
INFO: [VRFC 10-311] analyzing module folo_zeropad2d_cl_array_array_ap_fixed_1u_config32_Pipeline_PadBottomWidth
INFO: [VRFC 10-2263] Analyzing SystemVerilog file "/home/pujan/Research/Rheed-FOLO/folo_hls4ml/folo_prj/solution1/sim/verilog/folo_relu_array_ap_fixed_8u_array_ap_fixed_16_6_5_3_0_8u_relu_config22_s.v" into library xil_defaultlib
INFO: [VRFC 10-311] analyzing module folo_relu_array_ap_fixed_8u_array_ap_fixed_16_6_5_3_0_8u_relu_config22_s
INFO: [VRFC 10-2263] Analyzing SystemVerilog file "/home/pujan/Research/Rheed-FOLO/folo_hls4ml/folo_prj/solution1/sim/verilog/folo.autotb.v" into library xil_defaultlib
INFO: [VRFC 10-311] analyzing module apatb_folo_top
INFO: [VRFC 10-2263] Analyzing SystemVerilog file "/home/pujan/Research/Rheed-FOLO/folo_hls4ml/folo_prj/solution1/sim/verilog/folo_shift_line_buffer_array_ap_fixed_16_6_5_3_0_4u_config9_s.v" into library xil_defaultlib
INFO: [VRFC 10-311] analyzing module folo_shift_line_buffer_array_ap_fixed_16_6_5_3_0_4u_config9_s
INFO: [VRFC 10-2263] Analyzing SystemVerilog file "/home/pujan/Research/Rheed-FOLO/folo_hls4ml/folo_prj/solution1/sim/verilog/folo_relu_array_ap_fixed_8u_array_ap_fixed_16_6_5_3_0_8u_relu_config25_s.v" into library xil_defaultlib
INFO: [VRFC 10-311] analyzing module folo_relu_array_ap_fixed_8u_array_ap_fixed_16_6_5_3_0_8u_relu_config25_s
INFO: [VRFC 10-2263] Analyzing SystemVerilog file "/home/pujan/Research/Rheed-FOLO/folo_hls4ml/folo_prj/solution1/sim/verilog/dataflow_monitor.sv" into library xil_defaultlib
INFO: [VRFC 10-311] analyzing module dataflow_monitor
INFO: [VRFC 10-2263] Analyzing SystemVerilog file "/home/pujan/Research/Rheed-FOLO/folo_hls4ml/folo_prj/solution1/sim/verilog/file_agent/file_agent_pkg.sv" into library xil_defaultlib
INFO: [VRFC 10-2263] Analyzing SystemVerilog file "/home/pujan/Research/Rheed-FOLO/folo_hls4ml/folo_prj/solution1/sim/verilog/svr/svr_pkg.sv" into library xil_defaultlib
INFO: [VRFC 10-2263] Analyzing SystemVerilog file "/home/pujan/Research/Rheed-FOLO/folo_hls4ml/folo_prj/solution1/sim/verilog/svr/svr_if.sv" into library xil_defaultlib
INFO: [VRFC 10-2263] Analyzing SystemVerilog file "/home/pujan/Research/Rheed-FOLO/folo_hls4ml/folo_prj/solution1/sim/verilog/folo_subsystem/folo_subsystem_pkg.sv" into library xil_defaultlib
INFO: [VRFC 10-2263] Analyzing SystemVerilog file "/home/pujan/Research/Rheed-FOLO/folo_hls4ml/folo_prj/solution1/sim/verilog/svtb/misc_interface.sv" into library xil_defaultlib
INFO: [VRFC 10-2263] Analyzing SystemVerilog file "/home/pujan/Research/Rheed-FOLO/folo_hls4ml/folo_prj/solution1/sim/verilog/svtb/sv_module_top.sv" into library xil_defaultlib
INFO: [VRFC 10-311] analyzing module sv_module_top
Starting static elaboration
Pass Through NonSizing Optimizer
Completed static elaboration
Starting simulation data flow analysis
WARNING: [XSIM 43-4099] "/proj/primebuilds/9999.0_PRIME_0428_0031/installs/data/system_verilog/uvm_1.2/xlnx_uvm_package.sv" Line 4356. Module uvm_pkg doesn't have a timescale but at least one module in design has a timescale.
Completed simulation data flow analysis
Time Resolution for simulation is 1ps
Compiling package xil_defaultlib.$unit_sv_module_top_sv
Compiling package uvm.uvm_pkg
Compiling package std.std
Compiling package xil_defaultlib.svr_pkg
Compiling package xil_defaultlib.file_agent_pkg
Compiling package xil_defaultlib.folo_subsystem_pkg
Compiling package xil_defaultlib.$unit_dataflow_monitor_sv
Compiling module xil_defaultlib.folo_flow_control_loop_pipe_sequ...
Compiling module xil_defaultlib.folo_zeropad2d_cl_array_array_ap...
Compiling module xil_defaultlib.folo_zeropad2d_cl_array_array_ap...
Compiling module xil_defaultlib.folo_regslice_both(DataWidth=16)
Compiling module xil_defaultlib.folo_zeropad2d_cl_array_ap_fixed...
Compiling module xil_defaultlib.folo_shift_line_buffer_array_ap_...
Compiling module xil_defaultlib.folo_shift_line_buffer_array_ap_...
Compiling module xil_defaultlib.folo_shift_line_buffer_array_ap_...
Compiling module xil_defaultlib.folo_mul_16s_7ns_23_1_1(NUM_STAG...
Compiling module xil_defaultlib.folo_mul_16s_8ns_23_1_1(NUM_STAG...
Compiling module xil_defaultlib.folo_mul_16s_8s_23_1_1(NUM_STAGE...
Compiling module xil_defaultlib.folo_mul_16s_6s_22_1_1(NUM_STAGE...
Compiling module xil_defaultlib.folo_mul_16s_7s_23_1_1(NUM_STAGE...
Compiling module xil_defaultlib.folo_mul_16s_6ns_22_1_1(NUM_STAG...
Compiling module xil_defaultlib.folo_dense_latency_ap_fixed_16_6...
Compiling module xil_defaultlib.folo_compute_output_buffer_2d_ar...
Compiling module xil_defaultlib.folo_flow_control_loop_pipe
Compiling module xil_defaultlib.folo_conv_2d_cl_array_ap_fixed_1...
Compiling module xil_defaultlib.folo_relu_array_ap_fixed_4u_arra...
Compiling module xil_defaultlib.folo_clone_stream_array_ap_fixed...
Compiling module xil_defaultlib.folo_zeropad2d_cl_array_array_ap...
Compiling module xil_defaultlib.folo_zeropad2d_cl_array_array_ap...
Compiling module xil_defaultlib.folo_zeropad2d_cl_array_array_ap...
Compiling module xil_defaultlib.folo_zeropad2d_cl_array_ap_fixed...
Compiling module xil_defaultlib.folo_shift_line_buffer_array_ap_...
Compiling module xil_defaultlib.folo_shift_line_buffer_array_ap_...
Compiling module xil_defaultlib.folo_shift_line_buffer_array_ap_...
Compiling module xil_defaultlib.folo_mul_16s_5ns_21_1_1(NUM_STAG...
Compiling module xil_defaultlib.folo_mul_16s_5s_21_1_1(NUM_STAGE...
Compiling module xil_defaultlib.folo_dense_latency_ap_fixed_16_6...
Compiling module xil_defaultlib.folo_compute_output_buffer_2d_ar...
Compiling module xil_defaultlib.folo_conv_2d_cl_array_ap_fixed_4...
Compiling module xil_defaultlib.folo_add_array_array_ap_fixed_4u...
Compiling module xil_defaultlib.folo_relu_array_ap_fixed_4u_arra...
Compiling module xil_defaultlib.folo_zeropad2d_cl_array_array_ap...
Compiling module xil_defaultlib.folo_zeropad2d_cl_array_array_ap...
Compiling module xil_defaultlib.folo_zeropad2d_cl_array_ap_fixed...
Compiling module xil_defaultlib.folo_shift_line_buffer_array_ap_...
Compiling module xil_defaultlib.folo_shift_line_buffer_array_ap_...
Compiling module xil_defaultlib.folo_shift_line_buffer_array_ap_...
Compiling module xil_defaultlib.folo_dense_latency_ap_fixed_16_6...
Compiling module xil_defaultlib.folo_compute_output_buffer_2d_ar...
Compiling module xil_defaultlib.folo_conv_2d_cl_array_ap_fixed_4...
Compiling module xil_defaultlib.folo_relu_array_ap_fixed_6u_arra...
Compiling module xil_defaultlib.folo_clone_stream_array_ap_fixed...
Compiling module xil_defaultlib.folo_zeropad2d_cl_array_array_ap...
Compiling module xil_defaultlib.folo_zeropad2d_cl_array_array_ap...
Compiling module xil_defaultlib.folo_zeropad2d_cl_array_array_ap...
Compiling module xil_defaultlib.folo_zeropad2d_cl_array_ap_fixed...
Compiling module xil_defaultlib.folo_shift_line_buffer_array_ap_...
Compiling module xil_defaultlib.folo_shift_line_buffer_array_ap_...
Compiling module xil_defaultlib.folo_shift_line_buffer_array_ap_...
Compiling module xil_defaultlib.folo_dense_latency_ap_fixed_16_6...
Compiling module xil_defaultlib.folo_compute_output_buffer_2d_ar...
Compiling module xil_defaultlib.folo_conv_2d_cl_array_ap_fixed_6...
Compiling module xil_defaultlib.folo_add_array_array_ap_fixed_6u...
Compiling module xil_defaultlib.folo_relu_array_ap_fixed_6u_arra...
Compiling module xil_defaultlib.folo_zeropad2d_cl_array_array_ap...
Compiling module xil_defaultlib.folo_zeropad2d_cl_array_array_ap...
Compiling module xil_defaultlib.folo_zeropad2d_cl_array_ap_fixed...
Compiling module xil_defaultlib.folo_shift_line_buffer_array_ap_...
Compiling module xil_defaultlib.folo_shift_line_buffer_array_ap_...
Compiling module xil_defaultlib.folo_shift_line_buffer_array_ap_...
Compiling module xil_defaultlib.folo_dense_latency_ap_fixed_16_6...
Compiling module xil_defaultlib.folo_compute_output_buffer_2d_ar...
Compiling module xil_defaultlib.folo_conv_2d_cl_array_ap_fixed_6...
Compiling module xil_defaultlib.folo_relu_array_ap_fixed_8u_arra...
Compiling module xil_defaultlib.folo_clone_stream_array_ap_fixed...
Compiling module xil_defaultlib.folo_zeropad2d_cl_array_array_ap...
Compiling module xil_defaultlib.folo_zeropad2d_cl_array_array_ap...
Compiling module xil_defaultlib.folo_zeropad2d_cl_array_array_ap...
Compiling module xil_defaultlib.folo_zeropad2d_cl_array_ap_fixed...
Compiling module xil_defaultlib.folo_shift_line_buffer_array_ap_...
Compiling module xil_defaultlib.folo_shift_line_buffer_array_ap_...
Compiling module xil_defaultlib.folo_shift_line_buffer_array_ap_...
Compiling module xil_defaultlib.folo_dense_latency_ap_fixed_16_6...
Compiling module xil_defaultlib.folo_compute_output_buffer_2d_ar...
Compiling module xil_defaultlib.folo_conv_2d_cl_array_ap_fixed_8...
Compiling module xil_defaultlib.folo_add_array_array_ap_fixed_8u...
Compiling module xil_defaultlib.folo_relu_array_ap_fixed_8u_arra...
Compiling module xil_defaultlib.folo_mul_16s_9s_25_1_1(NUM_STAGE...
Compiling module xil_defaultlib.folo_mul_16s_11s_26_1_1(NUM_STAG...
Compiling module xil_defaultlib.folo_mul_16s_9ns_25_1_1(NUM_STAG...
Compiling module xil_defaultlib.folo_mul_16s_10s_26_1_1(NUM_STAG...
Compiling module xil_defaultlib.folo_mul_16s_8ns_24_1_1(NUM_STAG...
Compiling module xil_defaultlib.folo_mul_16s_10ns_26_1_1(NUM_STA...
Compiling module xil_defaultlib.folo_mul_16s_8s_24_1_1(NUM_STAGE...
Compiling module xil_defaultlib.folo_mul_16s_12ns_26_1_1(NUM_STA...
Compiling module xil_defaultlib.folo_mul_16s_11ns_26_1_1(NUM_STA...
Compiling module xil_defaultlib.folo_pointwise_conv_2d_cl_array_...
Compiling module xil_defaultlib.folo_relu_array_ap_fixed_8u_arra...
Compiling module xil_defaultlib.folo_mul_16s_13s_26_1_1(NUM_STAG...
Compiling module xil_defaultlib.folo_mul_16s_12s_26_1_1(NUM_STAG...
Compiling module xil_defaultlib.folo_pointwise_conv_2d_cl_array_...
Compiling module xil_defaultlib.folo_sigmoid_array_array_ap_fixe...
Compiling module xil_defaultlib.folo_sigmoid_array_array_ap_fixe...
Compiling module xil_defaultlib.folo_fifo_w16_d100000_A_ram(DEPT...
Compiling module xil_defaultlib.folo_fifo_w16_d100000_A_default
Compiling module xil_defaultlib.folo_fifo_w64_d100000_A_ram(DEPT...
Compiling module xil_defaultlib.folo_fifo_w64_d100000_A_default
Compiling module xil_defaultlib.folo_fifo_w96_d100000_A_ram(DEPT...
Compiling module xil_defaultlib.folo_fifo_w96_d100000_A_default
Compiling module xil_defaultlib.folo_fifo_w128_d100000_A_ram(DEP...
Compiling module xil_defaultlib.folo_fifo_w128_d100000_A_default
Compiling module xil_defaultlib.folo_start_for_conv_2d_cl_array_...
Compiling module xil_defaultlib.folo_start_for_conv_2d_cl_array_...
Compiling module xil_defaultlib.folo_start_for_relu_array_ap_fix...
Compiling module xil_defaultlib.folo_start_for_relu_array_ap_fix...
Compiling module xil_defaultlib.folo_start_for_clone_stream_arra...
Compiling module xil_defaultlib.folo_start_for_clone_stream_arra...
Compiling module xil_defaultlib.folo_start_for_zeropad2d_cl_arra...
Compiling module xil_defaultlib.folo_start_for_zeropad2d_cl_arra...
Compiling module xil_defaultlib.folo_start_for_add_array_array_a...
Compiling module xil_defaultlib.folo_start_for_add_array_array_a...
Compiling module xil_defaultlib.folo_start_for_conv_2d_cl_array_...
Compiling module xil_defaultlib.folo_start_for_conv_2d_cl_array_...
Compiling module xil_defaultlib.folo_start_for_relu_array_ap_fix...
Compiling module xil_defaultlib.folo_start_for_relu_array_ap_fix...
Compiling module xil_defaultlib.folo_start_for_zeropad2d_cl_arra...
Compiling module xil_defaultlib.folo_start_for_zeropad2d_cl_arra...
Compiling module xil_defaultlib.folo_start_for_conv_2d_cl_array_...
Compiling module xil_defaultlib.folo_start_for_conv_2d_cl_array_...
Compiling module xil_defaultlib.folo_start_for_relu_array_ap_fix...
Compiling module xil_defaultlib.folo_start_for_relu_array_ap_fix...
Compiling module xil_defaultlib.folo_start_for_clone_stream_arra...
Compiling module xil_defaultlib.folo_start_for_clone_stream_arra...
Compiling module xil_defaultlib.folo_start_for_zeropad2d_cl_arra...
Compiling module xil_defaultlib.folo_start_for_zeropad2d_cl_arra...
Compiling module xil_defaultlib.folo_start_for_add_array_array_a...
Compiling module xil_defaultlib.folo_start_for_add_array_array_a...
Compiling module xil_defaultlib.folo_start_for_conv_2d_cl_array_...
Compiling module xil_defaultlib.folo_start_for_conv_2d_cl_array_...
Compiling module xil_defaultlib.folo_start_for_relu_array_ap_fix...
Compiling module xil_defaultlib.folo_start_for_relu_array_ap_fix...
Compiling module xil_defaultlib.folo_start_for_zeropad2d_cl_arra...
Compiling module xil_defaultlib.folo_start_for_zeropad2d_cl_arra...
Compiling module xil_defaultlib.folo_start_for_conv_2d_cl_array_...
Compiling module xil_defaultlib.folo_start_for_conv_2d_cl_array_...
Compiling module xil_defaultlib.folo_start_for_relu_array_ap_fix...
Compiling module xil_defaultlib.folo_start_for_relu_array_ap_fix...
Compiling module xil_defaultlib.folo_start_for_clone_stream_arra...
Compiling module xil_defaultlib.folo_start_for_clone_stream_arra...
Compiling module xil_defaultlib.folo_start_for_zeropad2d_cl_arra...
Compiling module xil_defaultlib.folo_start_for_zeropad2d_cl_arra...
Compiling module xil_defaultlib.folo_start_for_add_array_array_a...
Compiling module xil_defaultlib.folo_start_for_add_array_array_a...
Compiling module xil_defaultlib.folo_start_for_conv_2d_cl_array_...
Compiling module xil_defaultlib.folo_start_for_conv_2d_cl_array_...
Compiling module xil_defaultlib.folo_start_for_relu_array_ap_fix...
Compiling module xil_defaultlib.folo_start_for_relu_array_ap_fix...
Compiling module xil_defaultlib.folo_start_for_pointwise_conv_2d...
Compiling module xil_defaultlib.folo_start_for_pointwise_conv_2d...
Compiling module xil_defaultlib.folo_start_for_relu_array_ap_fix...
Compiling module xil_defaultlib.folo_start_for_relu_array_ap_fix...
Compiling module xil_defaultlib.folo_start_for_pointwise_conv_2d...
Compiling module xil_defaultlib.folo_start_for_pointwise_conv_2d...
Compiling module xil_defaultlib.folo_start_for_sigmoid_array_arr...
Compiling module xil_defaultlib.folo_start_for_sigmoid_array_arr...
Compiling module xil_defaultlib.folo
Compiling module xil_defaultlib.misc_interface_default
Compiling module xil_defaultlib.svr_if(DATA_WIDTH=16)
Compiling module xil_defaultlib.sv_module_top
Compiling module xil_defaultlib.AESL_deadlock_detect_unit(PROC_N...
Compiling module xil_defaultlib.AESL_deadlock_detect_unit(PROC_N...
Compiling module xil_defaultlib.AESL_deadlock_detect_unit(PROC_N...
Compiling module xil_defaultlib.AESL_deadlock_detect_unit(PROC_N...
Compiling module xil_defaultlib.AESL_deadlock_detect_unit(PROC_N...
Compiling module xil_defaultlib.AESL_deadlock_detect_unit(PROC_N...
Compiling module xil_defaultlib.AESL_deadlock_detect_unit(PROC_N...
Compiling module xil_defaultlib.AESL_deadlock_detect_unit(PROC_N...
Compiling module xil_defaultlib.AESL_deadlock_detect_unit(PROC_N...
Compiling module xil_defaultlib.AESL_deadlock_detect_unit(PROC_N...
Compiling module xil_defaultlib.AESL_deadlock_detect_unit(PROC_N...
Compiling module xil_defaultlib.AESL_deadlock_detect_unit(PROC_N...
Compiling module xil_defaultlib.AESL_deadlock_detect_unit(PROC_N...
Compiling module xil_defaultlib.AESL_deadlock_detect_unit(PROC_N...
Compiling module xil_defaultlib.AESL_deadlock_detect_unit(PROC_N...
Compiling module xil_defaultlib.AESL_deadlock_detect_unit(PROC_N...
Compiling module xil_defaultlib.AESL_deadlock_detect_unit(PROC_N...
Compiling module xil_defaultlib.AESL_deadlock_detect_unit(PROC_N...
Compiling module xil_defaultlib.AESL_deadlock_detect_unit(PROC_N...
Compiling module xil_defaultlib.AESL_deadlock_detect_unit(PROC_N...
Compiling module xil_defaultlib.AESL_deadlock_detect_unit(PROC_N...
Compiling module xil_defaultlib.AESL_deadlock_detect_unit(PROC_N...
Compiling module xil_defaultlib.AESL_deadlock_detect_unit(PROC_N...
Compiling module xil_defaultlib.AESL_deadlock_detect_unit(PROC_N...
Compiling module xil_defaultlib.AESL_deadlock_detect_unit(PROC_N...
Compiling module xil_defaultlib.AESL_deadlock_detect_unit(PROC_N...
Compiling module xil_defaultlib.AESL_deadlock_detect_unit(PROC_N...
Compiling module xil_defaultlib.AESL_deadlock_detect_unit(PROC_N...
Compiling module xil_defaultlib.AESL_deadlock_report_unit(PROC_N...
Compiling module xil_defaultlib.AESL_deadlock_detector_1
Compiling module xil_defaultlib.AESL_deadlock_idx0_monitor
Compiling module xil_defaultlib.AESL_deadlock_kernel_monitor_top...
Compiling module xil_defaultlib.df_fifo_intf_default
Compiling module xil_defaultlib.df_process_intf_default
Compiling module xil_defaultlib.nodf_module_intf_default
Compiling module xil_defaultlib.seq_loop_intf(FSM_WIDTH=5)
Compiling module xil_defaultlib.seq_loop_intf(FSM_WIDTH=8)
Compiling module xil_defaultlib.upc_loop_intf(FSM_WIDTH=1)
Compiling module xil_defaultlib.upc_loop_intf(FSM_WIDTH=3)
Compiling module xil_defaultlib.upc_loop_intf(FSM_WIDTH=4)
Compiling module xil_defaultlib.upc_loop_intf(FSM_WIDTH=66)
Compiling module xil_defaultlib.upc_loop_intf(FSM_WIDTH=65)
Compiling module xil_defaultlib.upc_loop_intf(FSM_WIDTH=34)
Compiling module xil_defaultlib.upc_loop_intf(FSM_WIDTH=6)
Compiling module xil_defaultlib.dataflow_monitor_1
Compiling module xil_defaultlib.apatb_folo_top
Compiling module xil_defaultlib.glbl
Built simulation snapshot folo
