#-----------------------------------------------------------
# Vivado v2025.2 (64-bit)
# SW Build 6299465 on Fri Nov 14 12:34:56 MST 2025
# IP Build 6300035 on Fri Nov 14 10:48:45 MST 2025
# SharedData Build 6298862 on Thu Nov 13 04:50:51 MST 2025
# Start of session at: Thu Apr 23 22:46:49 2026
# Process ID         : 26933
# Current directory  : /home/pujan/Research/Rheed-FOLO/folo_hls4ml/folo_prj/solution1/impl/ip
# Command line       : vivado -notrace -mode batch -source run_ippack.tcl
# Log file           : /home/pujan/Research/Rheed-FOLO/folo_hls4ml/folo_prj/solution1/impl/ip/vivado.log
# Journal file       : /home/pujan/Research/Rheed-FOLO/folo_hls4ml/folo_prj/solution1/impl/ip/vivado.jou
# Running On         : uw-acme
# Platform           : Ubuntu
# Operating System   : Ubuntu 22.04.5 LTS
# Processor Detail   : AMD Ryzen 7 9700X 8-Core Processor
# CPU Frequency      : 5547.382 MHz
# CPU Physical cores : 8
# CPU Logical cores  : 16
# Host memory        : 32760 MB
# Swap memory        : 34359 MB
# Total Virtual      : 67119 MB
# Available Virtual  : 43941 MB
#-----------------------------------------------------------
source run_ippack.tcl -notrace
INFO: calling package_hls_ip ip_types=vitis sysgen json_file=/home/pujan/Research/Rheed-FOLO/folo_hls4ml/folo_prj/solution1/solution1_data.json outdir=/home/pujan/Research/Rheed-FOLO/folo_hls4ml/folo_prj/solution1/impl/ip srcdir=/home/pujan/Research/Rheed-FOLO/folo_hls4ml/folo_prj/solution1 ippack_options_dict= ippack_options_dict=
INFO: Copied 1 ipmisc file(s) to /home/pujan/Research/Rheed-FOLO/folo_hls4ml/folo_prj/solution1/impl/ip/misc
INFO: Copied 156 verilog file(s) to /home/pujan/Research/Rheed-FOLO/folo_hls4ml/folo_prj/solution1/impl/ip/hdl/verilog
INFO: Copied 150 vhdl file(s) to /home/pujan/Research/Rheed-FOLO/folo_hls4ml/folo_prj/solution1/impl/ip/hdl/vhdl
INFO: Import ports from HDL: /home/pujan/Research/Rheed-FOLO/folo_hls4ml/folo_prj/solution1/impl/ip/hdl/vhdl/folo.vhd (folo)
INFO: Add axi4stream interface input_layer_1
INFO: Add axi4stream interface layer26_out
INFO: [IP_Flow 19-234] Refreshing IP repositories
INFO: [IP_Flow 19-1704] No user IP repositories specified
INFO: [IP_Flow 19-2313] Loaded Vivado IP repository '/home/tools/Xilinx/2025/2025.2/data/ip'.
INFO: Add clock interface ap_clk
INFO: Add reset interface ap_rst_n
INFO: Add ap_ctrl interface ap_ctrl
INFO: Calling post_process_vitis to specialize IP
INFO: Calling post_process_sysgen to specialize IP
Generating sysgen info xml from json file
INFO: Created IP /home/pujan/Research/Rheed-FOLO/folo_hls4ml/folo_prj/solution1/impl/ip/component.xml
INFO: Created IP archive /home/pujan/Research/Rheed-FOLO/folo_hls4ml/folo_prj/solution1/impl/ip/xilinx_com_hls_folo_1_0.zip
INFO: [Common 17-206] Exiting Vivado at Thu Apr 23 22:46:52 2026...
