

================================================================
== Vitis HLS Report for 'add_array_array_ap_fixed_6u_array_ap_fixed_28_10_5_3_0_6u_config14_s'
================================================================
* Date:           Fri Apr 24 00:23:01 2026

* Version:        2025.2 (Build 6295257 on Nov 14 2025)
* Project:        folo_prj
* Solution:       solution1 (Vivado IP Flow Target)
* Product family: kintexu
* Target device:  xcku035-fbva676-2-e


================================================================
== Performance Estimates
================================================================
+ Timing: 
    * Summary: 
    +--------+---------+----------+------------+
    |  Clock |  Target | Estimated| Uncertainty|
    +--------+---------+----------+------------+
    |ap_clk  |  5.00 ns|  3.290 ns|     1.35 ns|
    +--------+---------+----------+------------+

+ Latency: 
    * Summary: 
    +---------+---------+-----------+-----------+------+------+------------------------------------------------+
    |  Latency (cycles) |   Latency (absolute)  |   Interval  |                    Pipeline                    |
    |   min   |   max   |    min    |    max    |  min |  max |                      Type                      |
    +---------+---------+-----------+-----------+------+------+------------------------------------------------+
    |     4098|     4098|  20.490 us|  20.490 us|  4096|  4096|  loop auto-rewind stp (delay=0 clock cycles(s))|
    +---------+---------+-----------+-----------+------+------+------------------------------------------------+

    + Detail: 
        * Instance: 
        N/A

        * Loop: 
        +-----------+---------+---------+----------+-----------+-----------+------+----------+
        |           |  Latency (cycles) | Iteration|  Initiation Interval  | Trip |          |
        | Loop Name |   min   |   max   |  Latency |  achieved |   target  | Count| Pipelined|
        +-----------+---------+---------+----------+-----------+-----------+------+----------+
        |- AddLoop  |     4096|     4096|         2|          1|          1|  4096|       yes|
        +-----------+---------+---------+----------+-----------+-----------+------+----------+



================================================================
== Utilization Estimates
================================================================
* Summary: 
+-----------------+---------+------+--------+--------+-----+
|       Name      | BRAM_18K|  DSP |   FF   |   LUT  | URAM|
+-----------------+---------+------+--------+--------+-----+
|DSP              |        -|     -|       -|       -|    -|
|Expression       |        -|     -|       0|     258|    -|
|FIFO             |        -|     -|       -|       -|    -|
|Instance         |        -|     -|       -|       -|    -|
|Memory           |        -|     -|       -|       -|    -|
|Multiplexer      |        -|     -|       0|      72|    -|
|Register         |        -|     -|     185|       -|    -|
+-----------------+---------+------+--------+--------+-----+
|Total            |        0|     0|     185|     330|    0|
+-----------------+---------+------+--------+--------+-----+
|Available        |     1080|  1700|  406256|  203128|    0|
+-----------------+---------+------+--------+--------+-----+
|Utilization (%)  |        0|     0|      ~0|      ~0|    0|
+-----------------+---------+------+--------+--------+-----+

+ Detail: 
    * Instance: 
    N/A

    * DSP: 
    N/A

    * Memory: 
    N/A

    * FIFO: 
    N/A

    * Expression: 
    +---------------------------------------+----------+----+---+----+------------+------------+
    |             Variable Name             | Operation| DSP| FF| LUT| Bitwidth P0| Bitwidth P1|
    +---------------------------------------+----------+----+---+----+------------+------------+
    |add_ln26_10_fu_291_p2                  |         +|   0|  0|  35|          28|          28|
    |add_ln26_11_fu_323_p2                  |         +|   0|  0|  35|          28|          28|
    |add_ln26_12_fu_355_p2                  |         +|   0|  0|  35|          28|          28|
    |add_ln26_8_fu_227_p2                   |         +|   0|  0|  35|          28|          28|
    |add_ln26_9_fu_259_p2                   |         +|   0|  0|  35|          28|          28|
    |add_ln26_fu_195_p2                     |         +|   0|  0|  35|          28|          28|
    |i_44_fu_361_p2                         |         +|   0|  0|  19|          12|           1|
    |ap_condition_134                       |       and|   0|  0|   2|           1|           1|
    |icmp_ln15_fu_367_p2                    |      icmp|   0|  0|  19|          12|           2|
    |ap_block_pp0_stage0_01001_grp1         |        or|   0|  0|   2|           1|           1|
    |ap_block_pp0_stage0_11001              |        or|   0|  0|   2|           1|           1|
    |ap_block_state1_pp0_stage0_iter0_grp1  |        or|   0|  0|   2|           1|           1|
    |ap_enable_pp0                          |       xor|   0|  0|   2|           1|           2|
    +---------------------------------------+----------+----+---+----+------------+------------+
    |Total                                  |          |   0|  0| 258|         197|         177|
    +---------------------------------------+----------+----+---+----+------------+------------+

    * Multiplexer: 
    +----------------------------------+----+-----------+-----+-----------+
    |               Name               | LUT| Input Size| Bits| Total Bits|
    +----------------------------------+----+-----------+-----+-----------+
    |ap_done_int                       |   9|          2|    1|          2|
    |ap_loop_exit_ready_pp0_iter1_reg  |   9|          2|    1|          2|
    |ap_sig_allocacmp_i_43             |   9|          2|   12|         24|
    |i_fu_90                           |   9|          2|   12|         24|
    |layer13_out_blk_n                 |   9|          2|    1|          2|
    |layer14_out_blk_n                 |   9|          2|    1|          2|
    |layer28_cpy2_blk_n                |   9|          2|    1|          2|
    |real_start                        |   9|          2|    1|          2|
    +----------------------------------+----+-----------+-----+-----------+
    |Total                             |  72|         16|   30|         60|
    +----------------------------------+----+-----------+-----+-----------+

    * Register: 
    +----------------------------------+----+----+-----+-----------+
    |               Name               | FF | LUT| Bits| Const Bits|
    +----------------------------------+----+----+-----+-----------+
    |add_ln26_10_reg_411               |  28|   0|   28|          0|
    |add_ln26_11_reg_416               |  28|   0|   28|          0|
    |add_ln26_12_reg_421               |  28|   0|   28|          0|
    |add_ln26_8_reg_401                |  28|   0|   28|          0|
    |add_ln26_9_reg_406                |  28|   0|   28|          0|
    |add_ln26_reg_396                  |  28|   0|   28|          0|
    |ap_CS_fsm                         |   1|   0|    1|          0|
    |ap_done_reg                       |   1|   0|    1|          0|
    |ap_enable_reg_pp0_iter1           |   1|   0|    1|          0|
    |ap_loop_exit_ready_pp0_iter1_reg  |   1|   0|    1|          0|
    |i_fu_90                           |  12|   0|   12|          0|
    |start_once_reg                    |   1|   0|    1|          0|
    +----------------------------------+----+----+-----+-----------+
    |Total                             | 185|   0|  185|          0|
    +----------------------------------+----+----+-----+-----------+



================================================================
== Interface
================================================================
* Summary: 
+-----------------------------+-----+-----+------------+------------------------------------------------------------------------+--------------+
|          RTL Ports          | Dir | Bits|  Protocol  |                              Source Object                             |    C Type    |
+-----------------------------+-----+-----+------------+------------------------------------------------------------------------+--------------+
|ap_clk                       |   in|    1|  ap_ctrl_hs|  add<array,array<ap_fixed,6u>,array<ap_fixed<28,10,5,3,0>,6u>,config14>|  return value|
|ap_rst                       |   in|    1|  ap_ctrl_hs|  add<array,array<ap_fixed,6u>,array<ap_fixed<28,10,5,3,0>,6u>,config14>|  return value|
|ap_start                     |   in|    1|  ap_ctrl_hs|  add<array,array<ap_fixed,6u>,array<ap_fixed<28,10,5,3,0>,6u>,config14>|  return value|
|start_full_n                 |   in|    1|  ap_ctrl_hs|  add<array,array<ap_fixed,6u>,array<ap_fixed<28,10,5,3,0>,6u>,config14>|  return value|
|ap_done                      |  out|    1|  ap_ctrl_hs|  add<array,array<ap_fixed,6u>,array<ap_fixed<28,10,5,3,0>,6u>,config14>|  return value|
|ap_continue                  |   in|    1|  ap_ctrl_hs|  add<array,array<ap_fixed,6u>,array<ap_fixed<28,10,5,3,0>,6u>,config14>|  return value|
|ap_idle                      |  out|    1|  ap_ctrl_hs|  add<array,array<ap_fixed,6u>,array<ap_fixed<28,10,5,3,0>,6u>,config14>|  return value|
|ap_ready                     |  out|    1|  ap_ctrl_hs|  add<array,array<ap_fixed,6u>,array<ap_fixed<28,10,5,3,0>,6u>,config14>|  return value|
|start_out                    |  out|    1|  ap_ctrl_hs|  add<array,array<ap_fixed,6u>,array<ap_fixed<28,10,5,3,0>,6u>,config14>|  return value|
|start_write                  |  out|    1|  ap_ctrl_hs|  add<array,array<ap_fixed,6u>,array<ap_fixed<28,10,5,3,0>,6u>,config14>|  return value|
|layer28_cpy2_dout            |   in|   60|     ap_fifo|                                                            layer28_cpy2|       pointer|
|layer28_cpy2_empty_n         |   in|    1|     ap_fifo|                                                            layer28_cpy2|       pointer|
|layer28_cpy2_read            |  out|    1|     ap_fifo|                                                            layer28_cpy2|       pointer|
|layer28_cpy2_num_data_valid  |   in|    8|     ap_fifo|                                                            layer28_cpy2|       pointer|
|layer28_cpy2_fifo_cap        |   in|    8|     ap_fifo|                                                            layer28_cpy2|       pointer|
|layer13_out_dout             |   in|  162|     ap_fifo|                                                             layer13_out|       pointer|
|layer13_out_empty_n          |   in|    1|     ap_fifo|                                                             layer13_out|       pointer|
|layer13_out_read             |  out|    1|     ap_fifo|                                                             layer13_out|       pointer|
|layer13_out_num_data_valid   |   in|    2|     ap_fifo|                                                             layer13_out|       pointer|
|layer13_out_fifo_cap         |   in|    2|     ap_fifo|                                                             layer13_out|       pointer|
|layer14_out_din              |  out|  168|     ap_fifo|                                                             layer14_out|       pointer|
|layer14_out_full_n           |   in|    1|     ap_fifo|                                                             layer14_out|       pointer|
|layer14_out_write            |  out|    1|     ap_fifo|                                                             layer14_out|       pointer|
|layer14_out_num_data_valid   |   in|   32|     ap_fifo|                                                             layer14_out|       pointer|
|layer14_out_fifo_cap         |   in|   32|     ap_fifo|                                                             layer14_out|       pointer|
+-----------------------------+-----+-----+------------+------------------------------------------------------------------------+--------------+

