

================================================================
== Vitis HLS Report for 'add_array_array_ap_fixed_4u_array_ap_fixed_12_6_5_3_0_4u_config7_s'
================================================================
* Date:           Wed Apr 22 16:02:08 2026

* Version:        2023.2 (Build 4023990 on Oct 11 2023)
* Project:        folo_prj
* Solution:       solution1 (Vivado IP Flow Target)
* Product family: kintexu
* Target device:  xcku035-fbva676-2-e


================================================================
== Performance Estimates
================================================================
+ Timing: 
    * Summary: 
    +--------+---------+----------+------------+
    |  Clock |  Target | Estimated| Uncertainty|
    +--------+---------+----------+------------+
    |ap_clk  |  5.00 ns|  3.177 ns|     1.35 ns|
    +--------+---------+----------+------------+

+ Latency: 
    * Summary: 
    +---------+---------+-----------+-----------+-------+-------+---------+
    |  Latency (cycles) |   Latency (absolute)  |    Interval   | Pipeline|
    |   min   |   max   |    min    |    max    |  min  |  max  |   Type  |
    +---------+---------+-----------+-----------+-------+-------+---------+
    |    16387|    16387|  81.935 us|  81.935 us|  16387|  16387|       no|
    +---------+---------+-----------+-----------+-------+-------+---------+

    + Detail: 
        * Instance: 
        N/A

        * Loop: 
        +-----------+---------+---------+----------+-----------+-----------+-------+----------+
        |           |  Latency (cycles) | Iteration|  Initiation Interval  |  Trip |          |
        | Loop Name |   min   |   max   |  Latency |  achieved |   target  | Count | Pipelined|
        +-----------+---------+---------+----------+-----------+-----------+-------+----------+
        |- AddLoop  |    16385|    16385|         3|          1|          1|  16384|       yes|
        +-----------+---------+---------+----------+-----------+-----------+-------+----------+



================================================================
== Utilization Estimates
================================================================
* Summary: 
+-----------------+---------+------+--------+--------+-----+
|       Name      | BRAM_18K|  DSP |   FF   |   LUT  | URAM|
+-----------------+---------+------+--------+--------+-----+
|DSP              |        -|     -|       -|       -|    -|
|Expression       |        -|     -|       0|     129|    -|
|FIFO             |        -|     -|       -|       -|    -|
|Instance         |        -|     -|       -|       -|    -|
|Memory           |        -|     -|       -|       -|    -|
|Multiplexer      |        -|     -|       -|      72|    -|
|Register         |        -|     -|      69|       -|    -|
+-----------------+---------+------+--------+--------+-----+
|Total            |        0|     0|      69|     201|    0|
+-----------------+---------+------+--------+--------+-----+
|Available        |     1080|  1700|  406256|  203128|    0|
+-----------------+---------+------+--------+--------+-----+
|Utilization (%)  |        0|     0|      ~0|      ~0|    0|
+-----------------+---------+------+--------+--------+-----+

+ Detail: 
    * Instance: 
    N/A

    * DSP: 
    N/A

    * Memory: 
    N/A

    * FIFO: 
    N/A

    * Expression: 
    +----------------------------------+----------+----+---+----+------------+------------+
    |           Variable Name          | Operation| DSP| FF| LUT| Bitwidth P0| Bitwidth P1|
    +----------------------------------+----------+----+---+----+------------+------------+
    |add_ln26_13_fu_176_p2             |         +|   0|  0|  19|          12|          12|
    |add_ln26_14_fu_182_p2             |         +|   0|  0|  19|          12|          12|
    |add_ln26_15_fu_188_p2             |         +|   0|  0|  19|          12|          12|
    |add_ln26_fu_170_p2                |         +|   0|  0|  19|          12|          12|
    |i_33_fu_91_p2                     |         +|   0|  0|  22|          15|           1|
    |ap_condition_130                  |       and|   0|  0|   2|           1|           1|
    |icmp_ln15_fu_85_p2                |      icmp|   0|  0|  23|          15|          16|
    |ap_block_pp0_stage0_01001         |        or|   0|  0|   2|           1|           1|
    |ap_block_state2_pp0_stage0_iter1  |        or|   0|  0|   2|           1|           1|
    |ap_enable_pp0                     |       xor|   0|  0|   2|           1|           2|
    +----------------------------------+----------+----+---+----+------------+------------+
    |Total                             |          |   0|  0| 129|          82|          70|
    +----------------------------------+----------+----+---+----+------------+------------+

    * Multiplexer: 
    +-------------------------+----+-----------+-----+-----------+
    |           Name          | LUT| Input Size| Bits| Total Bits|
    +-------------------------+----+-----------+-----+-----------+
    |ap_done_int              |   9|          2|    1|          2|
    |ap_enable_reg_pp0_iter1  |   9|          2|    1|          2|
    |ap_sig_allocacmp_i_32    |   9|          2|   15|         30|
    |i_fu_54                  |   9|          2|   15|         30|
    |layer27_cpy2_blk_n       |   9|          2|    1|          2|
    |layer6_out_blk_n         |   9|          2|    1|          2|
    |layer7_out_blk_n         |   9|          2|    1|          2|
    |real_start               |   9|          2|    1|          2|
    +-------------------------+----+-----------+-----+-----------+
    |Total                    |  72|         16|   36|         72|
    +-------------------------+----+-----------+-----+-----------+

    * Register: 
    +----------------------------------+----+----+-----+-----------+
    |               Name               | FF | LUT| Bits| Const Bits|
    +----------------------------------+----+----+-----+-----------+
    |add_ln26_13_reg_219               |  12|   0|   12|          0|
    |add_ln26_14_reg_224               |  12|   0|   12|          0|
    |add_ln26_15_reg_229               |  12|   0|   12|          0|
    |add_ln26_reg_214                  |  12|   0|   12|          0|
    |ap_CS_fsm                         |   1|   0|    1|          0|
    |ap_done_reg                       |   1|   0|    1|          0|
    |ap_enable_reg_pp0_iter1           |   1|   0|    1|          0|
    |ap_enable_reg_pp0_iter2           |   1|   0|    1|          0|
    |ap_loop_exit_ready_pp0_iter1_reg  |   1|   0|    1|          0|
    |i_fu_54                           |  15|   0|   15|          0|
    |start_once_reg                    |   1|   0|    1|          0|
    +----------------------------------+----+----+-----+-----------+
    |Total                             |  69|   0|   69|          0|
    +----------------------------------+----+----+-----+-----------+



================================================================
== Interface
================================================================
* Summary: 
+-----------------------------+-----+-----+------------+----------------------------------------------------------------------+--------------+
|          RTL Ports          | Dir | Bits|  Protocol  |                             Source Object                            |    C Type    |
+-----------------------------+-----+-----+------------+----------------------------------------------------------------------+--------------+
|ap_clk                       |   in|    1|  ap_ctrl_hs|  add<array,array<ap_fixed,4u>,array<ap_fixed<12,6,5,3,0>,4u>,config7>|  return value|
|ap_rst                       |   in|    1|  ap_ctrl_hs|  add<array,array<ap_fixed,4u>,array<ap_fixed<12,6,5,3,0>,4u>,config7>|  return value|
|ap_start                     |   in|    1|  ap_ctrl_hs|  add<array,array<ap_fixed,4u>,array<ap_fixed<12,6,5,3,0>,4u>,config7>|  return value|
|start_full_n                 |   in|    1|  ap_ctrl_hs|  add<array,array<ap_fixed,4u>,array<ap_fixed<12,6,5,3,0>,4u>,config7>|  return value|
|ap_done                      |  out|    1|  ap_ctrl_hs|  add<array,array<ap_fixed,4u>,array<ap_fixed<12,6,5,3,0>,4u>,config7>|  return value|
|ap_continue                  |   in|    1|  ap_ctrl_hs|  add<array,array<ap_fixed,4u>,array<ap_fixed<12,6,5,3,0>,4u>,config7>|  return value|
|ap_idle                      |  out|    1|  ap_ctrl_hs|  add<array,array<ap_fixed,4u>,array<ap_fixed<12,6,5,3,0>,4u>,config7>|  return value|
|ap_ready                     |  out|    1|  ap_ctrl_hs|  add<array,array<ap_fixed,4u>,array<ap_fixed<12,6,5,3,0>,4u>,config7>|  return value|
|start_out                    |  out|    1|  ap_ctrl_hs|  add<array,array<ap_fixed,4u>,array<ap_fixed<12,6,5,3,0>,4u>,config7>|  return value|
|start_write                  |  out|    1|  ap_ctrl_hs|  add<array,array<ap_fixed,4u>,array<ap_fixed<12,6,5,3,0>,4u>,config7>|  return value|
|layer27_cpy2_dout            |   in|   48|     ap_fifo|                                                          layer27_cpy2|       pointer|
|layer27_cpy2_num_data_valid  |   in|   15|     ap_fifo|                                                          layer27_cpy2|       pointer|
|layer27_cpy2_fifo_cap        |   in|   15|     ap_fifo|                                                          layer27_cpy2|       pointer|
|layer27_cpy2_empty_n         |   in|    1|     ap_fifo|                                                          layer27_cpy2|       pointer|
|layer27_cpy2_read            |  out|    1|     ap_fifo|                                                          layer27_cpy2|       pointer|
|layer6_out_dout              |   in|   48|     ap_fifo|                                                            layer6_out|       pointer|
|layer6_out_num_data_valid    |   in|   15|     ap_fifo|                                                            layer6_out|       pointer|
|layer6_out_fifo_cap          |   in|   15|     ap_fifo|                                                            layer6_out|       pointer|
|layer6_out_empty_n           |   in|    1|     ap_fifo|                                                            layer6_out|       pointer|
|layer6_out_read              |  out|    1|     ap_fifo|                                                            layer6_out|       pointer|
|layer7_out_din               |  out|   48|     ap_fifo|                                                            layer7_out|       pointer|
|layer7_out_num_data_valid    |   in|   15|     ap_fifo|                                                            layer7_out|       pointer|
|layer7_out_fifo_cap          |   in|   15|     ap_fifo|                                                            layer7_out|       pointer|
|layer7_out_full_n            |   in|    1|     ap_fifo|                                                            layer7_out|       pointer|
|layer7_out_write             |  out|    1|     ap_fifo|                                                            layer7_out|       pointer|
+-----------------------------+-----+-----+------------+----------------------------------------------------------------------+--------------+

