

================================================================
== Vitis HLS Report for 'clone_stream_array_ap_fixed_4u_array_ap_fixed_12_6_5_3_0_4u_65536_s'
================================================================
* Date:           Wed Apr 22 16:02:06 2026

* Version:        2023.2 (Build 4023990 on Oct 11 2023)
* Project:        folo_prj
* Solution:       solution1 (Vivado IP Flow Target)
* Product family: kintexu
* Target device:  xcku035-fbva676-2-e


================================================================
== Performance Estimates
================================================================
+ Timing: 
    * Summary: 
    +--------+---------+----------+------------+
    |  Clock |  Target | Estimated| Uncertainty|
    +--------+---------+----------+------------+
    |ap_clk  |  5.00 ns|  3.650 ns|     1.35 ns|
    +--------+---------+----------+------------+

+ Latency: 
    * Summary: 
    +---------+---------+-----------+-----------+-------+-------+---------+
    |  Latency (cycles) |   Latency (absolute)  |    Interval   | Pipeline|
    |   min   |   max   |    min    |    max    |  min  |  max  |   Type  |
    +---------+---------+-----------+-----------+-------+-------+---------+
    |    16386|    16386|  81.930 us|  81.930 us|  16386|  16386|       no|
    +---------+---------+-----------+-----------+-------+-------+---------+

    + Detail: 
        * Instance: 
        N/A

        * Loop: 
        +-------------+---------+---------+----------+-----------+-----------+-------+----------+
        |             |  Latency (cycles) | Iteration|  Initiation Interval  |  Trip |          |
        |  Loop Name  |   min   |   max   |  Latency |  achieved |   target  | Count | Pipelined|
        +-------------+---------+---------+----------+-----------+-----------+-------+----------+
        |- CloneLoop  |    16384|    16384|         2|          1|          1|  16384|       yes|
        +-------------+---------+---------+----------+-----------+-----------+-------+----------+



================================================================
== Utilization Estimates
================================================================
* Summary: 
+-----------------+---------+------+--------+--------+-----+
|       Name      | BRAM_18K|  DSP |   FF   |   LUT  | URAM|
+-----------------+---------+------+--------+--------+-----+
|DSP              |        -|     -|       -|       -|    -|
|Expression       |        -|     -|       0|      53|    -|
|FIFO             |        -|     -|       -|       -|    -|
|Instance         |        -|     -|       -|       -|    -|
|Memory           |        -|     -|       -|       -|    -|
|Multiplexer      |        -|     -|       -|      72|    -|
|Register         |        -|     -|      19|       -|    -|
+-----------------+---------+------+--------+--------+-----+
|Total            |        0|     0|      19|     125|    0|
+-----------------+---------+------+--------+--------+-----+
|Available        |     1080|  1700|  406256|  203128|    0|
+-----------------+---------+------+--------+--------+-----+
|Utilization (%)  |        0|     0|      ~0|      ~0|    0|
+-----------------+---------+------+--------+--------+-----+

+ Detail: 
    * Instance: 
    N/A

    * DSP: 
    N/A

    * Memory: 
    N/A

    * FIFO: 
    N/A

    * Expression: 
    +----------------------------------+----------+----+---+----+------------+------------+
    |           Variable Name          | Operation| DSP| FF| LUT| Bitwidth P0| Bitwidth P1|
    +----------------------------------+----------+----+---+----+------------+------------+
    |i_27_fu_78_p2                     |         +|   0|  0|  22|          15|           1|
    |ap_condition_112                  |       and|   0|  0|   2|           1|           1|
    |icmp_ln22_fu_72_p2                |      icmp|   0|  0|  23|          15|          16|
    |ap_block_pp0_stage0_01001         |        or|   0|  0|   2|           1|           1|
    |ap_block_state2_pp0_stage0_iter1  |        or|   0|  0|   2|           1|           1|
    |ap_enable_pp0                     |       xor|   0|  0|   2|           1|           2|
    +----------------------------------+----------+----+---+----+------------+------------+
    |Total                             |          |   0|  0|  53|          34|          22|
    +----------------------------------+----------+----+---+----+------------+------------+

    * Multiplexer: 
    +-------------------------+----+-----------+-----+-----------+
    |           Name          | LUT| Input Size| Bits| Total Bits|
    +-------------------------+----+-----------+-----+-----------+
    |ap_done_int              |   9|          2|    1|          2|
    |ap_enable_reg_pp0_iter1  |   9|          2|    1|          2|
    |ap_sig_allocacmp_i       |   9|          2|   15|         30|
    |i_8_fu_38                |   9|          2|   15|         30|
    |layer27_cpy1_blk_n       |   9|          2|    1|          2|
    |layer27_cpy2_blk_n       |   9|          2|    1|          2|
    |layer4_out_blk_n         |   9|          2|    1|          2|
    |real_start               |   9|          2|    1|          2|
    +-------------------------+----+-----------+-----+-----------+
    |Total                    |  72|         16|   36|         72|
    +-------------------------+----+-----------+-----+-----------+

    * Register: 
    +-------------------------+----+----+-----+-----------+
    |           Name          | FF | LUT| Bits| Const Bits|
    +-------------------------+----+----+-----+-----------+
    |ap_CS_fsm                |   1|   0|    1|          0|
    |ap_done_reg              |   1|   0|    1|          0|
    |ap_enable_reg_pp0_iter1  |   1|   0|    1|          0|
    |i_8_fu_38                |  15|   0|   15|          0|
    |start_once_reg           |   1|   0|    1|          0|
    +-------------------------+----+----+-----+-----------+
    |Total                    |  19|   0|   19|          0|
    +-------------------------+----+----+-----+-----------+



================================================================
== Interface
================================================================
* Summary: 
+-----------------------------+-----+-----+------------+-----------------------------------------------------------------------+--------------+
|          RTL Ports          | Dir | Bits|  Protocol  |                             Source Object                             |    C Type    |
+-----------------------------+-----+-----+------------+-----------------------------------------------------------------------+--------------+
|ap_clk                       |   in|    1|  ap_ctrl_hs|  clone_stream<array<ap_fixed,4u>,array<ap_fixed<12,6,5,3,0>,4u>,65536>|  return value|
|ap_rst                       |   in|    1|  ap_ctrl_hs|  clone_stream<array<ap_fixed,4u>,array<ap_fixed<12,6,5,3,0>,4u>,65536>|  return value|
|ap_start                     |   in|    1|  ap_ctrl_hs|  clone_stream<array<ap_fixed,4u>,array<ap_fixed<12,6,5,3,0>,4u>,65536>|  return value|
|start_full_n                 |   in|    1|  ap_ctrl_hs|  clone_stream<array<ap_fixed,4u>,array<ap_fixed<12,6,5,3,0>,4u>,65536>|  return value|
|ap_done                      |  out|    1|  ap_ctrl_hs|  clone_stream<array<ap_fixed,4u>,array<ap_fixed<12,6,5,3,0>,4u>,65536>|  return value|
|ap_continue                  |   in|    1|  ap_ctrl_hs|  clone_stream<array<ap_fixed,4u>,array<ap_fixed<12,6,5,3,0>,4u>,65536>|  return value|
|ap_idle                      |  out|    1|  ap_ctrl_hs|  clone_stream<array<ap_fixed,4u>,array<ap_fixed<12,6,5,3,0>,4u>,65536>|  return value|
|ap_ready                     |  out|    1|  ap_ctrl_hs|  clone_stream<array<ap_fixed,4u>,array<ap_fixed<12,6,5,3,0>,4u>,65536>|  return value|
|start_out                    |  out|    1|  ap_ctrl_hs|  clone_stream<array<ap_fixed,4u>,array<ap_fixed<12,6,5,3,0>,4u>,65536>|  return value|
|start_write                  |  out|    1|  ap_ctrl_hs|  clone_stream<array<ap_fixed,4u>,array<ap_fixed<12,6,5,3,0>,4u>,65536>|  return value|
|layer4_out_dout              |   in|   48|     ap_fifo|                                                             layer4_out|       pointer|
|layer4_out_num_data_valid    |   in|   15|     ap_fifo|                                                             layer4_out|       pointer|
|layer4_out_fifo_cap          |   in|   15|     ap_fifo|                                                             layer4_out|       pointer|
|layer4_out_empty_n           |   in|    1|     ap_fifo|                                                             layer4_out|       pointer|
|layer4_out_read              |  out|    1|     ap_fifo|                                                             layer4_out|       pointer|
|layer27_cpy1_din             |  out|   48|     ap_fifo|                                                           layer27_cpy1|       pointer|
|layer27_cpy1_num_data_valid  |   in|   15|     ap_fifo|                                                           layer27_cpy1|       pointer|
|layer27_cpy1_fifo_cap        |   in|   15|     ap_fifo|                                                           layer27_cpy1|       pointer|
|layer27_cpy1_full_n          |   in|    1|     ap_fifo|                                                           layer27_cpy1|       pointer|
|layer27_cpy1_write           |  out|    1|     ap_fifo|                                                           layer27_cpy1|       pointer|
|layer27_cpy2_din             |  out|   48|     ap_fifo|                                                           layer27_cpy2|       pointer|
|layer27_cpy2_num_data_valid  |   in|   15|     ap_fifo|                                                           layer27_cpy2|       pointer|
|layer27_cpy2_fifo_cap        |   in|   15|     ap_fifo|                                                           layer27_cpy2|       pointer|
|layer27_cpy2_full_n          |   in|    1|     ap_fifo|                                                           layer27_cpy2|       pointer|
|layer27_cpy2_write           |  out|    1|     ap_fifo|                                                           layer27_cpy2|       pointer|
+-----------------------------+-----+-----+------------+-----------------------------------------------------------------------+--------------+

