

================================================================
== Vitis HLS Report for 'compute_output_buffer_2d_array_array_ap_fixed_10_2_5_3_0_8u_config19_s'
================================================================
* Date:           Fri Apr 24 00:23:03 2026

* Version:        2025.2 (Build 6295257 on Nov 14 2025)
* Project:        folo_prj
* Solution:       solution1 (Vivado IP Flow Target)
* Product family: kintexu
* Target device:  xcku035-fbva676-2-e


================================================================
== Performance Estimates
================================================================
+ Timing: 
    * Summary: 
    +--------+---------+----------+------------+
    |  Clock |  Target | Estimated| Uncertainty|
    +--------+---------+----------+------------+
    |ap_clk  |  5.00 ns|  3.645 ns|     1.35 ns|
    +--------+---------+----------+------------+

+ Latency: 
    * Summary: 
    +---------+---------+-----------+-----------+-----+-----+---------+
    |  Latency (cycles) |   Latency (absolute)  |  Interval | Pipeline|
    |   min   |   max   |    min    |    max    | min | max |   Type  |
    +---------+---------+-----------+-----------+-----+-----+---------+
    |        7|        7|  35.000 ns|  35.000 ns|    8|    8|      yes|
    +---------+---------+-----------+-----------+-----+-----+---------+

    + Detail: 
        * Instance: 
        +----------------------------------------------------------------------------------+-----------------------------------------------------------------------+---------+---------+-----------+-----------+-----+-----+---------+
        |                                                                                  |                                                                       |  Latency (cycles) |   Latency (absolute)  |  Interval | Pipeline|
        |                                     Instance                                     |                                 Module                                |   min   |   max   |    min    |    max    | min | max |   Type  |
        +----------------------------------------------------------------------------------+-----------------------------------------------------------------------+---------+---------+-----------+-----------+-----+-----+---------+
        |call_ln281_shift_line_buffer_array_ap_fixed_10_2_5_3_0_8u_config19_s_fu_299       |shift_line_buffer_array_ap_fixed_10_2_5_3_0_8u_config19_s              |        0|        0|       0 ns|       0 ns|    1|    1|      yes|
        |grp_dense_latency_ap_fixed_10_2_5_3_0_ap_fixed_10_2_5_3_0_config19_mult_s_fu_495  |dense_latency_ap_fixed_10_2_5_3_0_ap_fixed_10_2_5_3_0_config19_mult_s  |        5|        5|  25.000 ns|  25.000 ns|    6|    6|      yes|
        +----------------------------------------------------------------------------------+-----------------------------------------------------------------------+---------+---------+-----------+-----------+-----+-----+---------+

        * Loop: 
        N/A



================================================================
== Utilization Estimates
================================================================
* Summary: 
+-----------------+---------+------+--------+--------+-----+
|       Name      | BRAM_18K|  DSP |   FF   |   LUT  | URAM|
+-----------------+---------+------+--------+--------+-----+
|DSP              |        -|     -|       -|       -|    -|
|Expression       |        -|     -|       0|     505|    -|
|FIFO             |        -|     -|       -|       -|    -|
|Instance         |        -|     0|    5014|   23453|    -|
|Memory           |        -|     -|       -|       -|    -|
|Multiplexer      |        -|     -|       0|      99|    -|
|Register         |        -|     -|    1067|       -|    -|
+-----------------+---------+------+--------+--------+-----+
|Total            |        0|     0|    6081|   24057|    0|
+-----------------+---------+------+--------+--------+-----+
|Available        |     1080|  1700|  406256|  203128|    0|
+-----------------+---------+------+--------+--------+-----+
|Utilization (%)  |        0|     0|       1|      11|    0|
+-----------------+---------+------+--------+--------+-----+

+ Detail: 
    * Instance: 
    +----------------------------------------------------------------------------------+-----------------------------------------------------------------------+---------+----+------+-------+-----+
    |                                     Instance                                     |                                 Module                                | BRAM_18K| DSP|  FF  |  LUT  | URAM|
    +----------------------------------------------------------------------------------+-----------------------------------------------------------------------+---------+----+------+-------+-----+
    |grp_dense_latency_ap_fixed_10_2_5_3_0_ap_fixed_10_2_5_3_0_config19_mult_s_fu_495  |dense_latency_ap_fixed_10_2_5_3_0_ap_fixed_10_2_5_3_0_config19_mult_s  |        0|   0|  5013|  23005|    0|
    |call_ln281_shift_line_buffer_array_ap_fixed_10_2_5_3_0_8u_config19_s_fu_299       |shift_line_buffer_array_ap_fixed_10_2_5_3_0_8u_config19_s              |        0|   0|     1|    448|    0|
    +----------------------------------------------------------------------------------+-----------------------------------------------------------------------+---------+----+------+-------+-----+
    |Total                                                                             |                                                                       |        0|   0|  5014|  23453|    0|
    +----------------------------------------------------------------------------------+-----------------------------------------------------------------------+---------+----+------+-------+-----+

    * DSP: 
    N/A

    * Memory: 
    N/A

    * FIFO: 
    N/A

    * Expression: 
    +--------------------------------------+----------+----+---+----+------------+------------+
    |             Variable Name            | Operation| DSP| FF| LUT| Bitwidth P0| Bitwidth P1|
    +--------------------------------------+----------+----+---+----+------------+------------+
    |add_ln303_fu_760_p2                   |         +|   0|  0|  39|          32|           1|
    |add_ln307_fu_807_p2                   |         +|   0|  0|  39|          32|           1|
    |add_ln313_fu_829_p2                   |         +|   0|  0|  39|          32|           1|
    |add_ln318_fu_777_p2                   |         +|   0|  0|  39|          32|           1|
    |and_ln284_1_fu_709_p2                 |       and|   0|  0|   2|           1|           1|
    |and_ln284_fu_703_p2                   |       and|   0|  0|   2|           1|           1|
    |ap_block_state8                       |       and|   0|  0|   2|           1|           1|
    |ap_condition_520                      |       and|   0|  0|   2|           1|           1|
    |ap_condition_708                      |       and|   0|  0|   2|           1|           1|
    |ap_predicate_op33_call_state2         |       and|   0|  0|   2|           1|           1|
    |ap_predicate_op33_call_state2_state1  |       and|   0|  0|   2|           1|           1|
    |icmp_ln284_1_fu_665_p2                |      icmp|   0|  0|  39|          32|           2|
    |icmp_ln284_2_fu_681_p2                |      icmp|   0|  0|  38|          31|           1|
    |icmp_ln284_3_fu_697_p2                |      icmp|   0|  0|  38|          31|           1|
    |icmp_ln284_fu_647_p2                  |      icmp|   0|  0|  39|          32|           2|
    |icmp_ln303_fu_765_p2                  |      icmp|   0|  0|  39|          32|           6|
    |icmp_ln307_fu_812_p2                  |      icmp|   0|  0|  39|          32|           6|
    |icmp_ln313_fu_824_p2                  |      icmp|   0|  0|  39|          32|           2|
    |select_ln313_fu_834_p3                |    select|   0|  0|  32|           1|           2|
    |select_ln318_fu_782_p3                |    select|   0|  0|  32|           1|           2|
    +--------------------------------------+----------+----+---+----+------------+------------+
    |Total                                 |          |   0|  0| 505|         359|          35|
    +--------------------------------------+----------+----+---+----+------------+------------+

    * Multiplexer: 
    +-------------------------------------+----+-----------+-----+-----------+
    |                 Name                | LUT| Input Size| Bits| Total Bits|
    +-------------------------------------+----+-----------+-----+-----------+
    |ap_NS_fsm                            |  49|          9|    1|          9|
    |ap_phi_mux_storemerge_phi_fu_292_p4  |  14|          3|   32|         96|
    |layer19_out_blk_n                    |   9|          2|    1|          2|
    |pX_2                                 |   9|          2|   32|         64|
    |pY_2                                 |   9|          2|   32|         64|
    |sX_2                                 |   9|          2|   32|         64|
    +-------------------------------------+----+-----------+-----+-----------+
    |Total                                |  99|         20|  130|        299|
    +-------------------------------------+----+-----------+-----+-----------+

    * Register: 
    +-----------------------------------------------------------------------------------------------+----+----+-----+-----------+
    |                                              Name                                             | FF | LUT| Bits| Const Bits|
    +-----------------------------------------------------------------------------------------------+----+----+-----+-----------+
    |and_ln284_1_reg_881                                                                            |   1|   0|    1|          0|
    |ap_CS_fsm                                                                                      |   8|   0|    8|          0|
    |grp_dense_latency_ap_fixed_10_2_5_3_0_ap_fixed_10_2_5_3_0_config19_mult_s_fu_495_ap_start_reg  |   1|   0|    1|          0|
    |icmp_ln284_reg_860                                                                             |   1|   0|    1|          0|
    |pX_2                                                                                           |  32|   0|   32|          0|
    |pX_2_load_reg_876                                                                              |  32|   0|   32|          0|
    |pY_2                                                                                           |  32|   0|   32|          0|
    |pY_2_load_reg_871                                                                              |  32|   0|   32|          0|
    |p_ZZN4nnet24compute_output_buffer_2dINS_5arrayI8ap_fixedILi10ELi2EL9ap_q_mode5EL9              |  10|   0|   10|          0|
    |p_ZZN4nnet24compute_output_buffer_2dINS_5arrayI8ap_fixedILi10ELi2EL9ap_q_mode5EL9_1            |  10|   0|   10|          0|
    |p_ZZN4nnet24compute_output_buffer_2dINS_5arrayI8ap_fixedILi10ELi2EL9ap_q_mode5EL9_10           |  10|   0|   10|          0|
    |p_ZZN4nnet24compute_output_buffer_2dINS_5arrayI8ap_fixedILi10ELi2EL9ap_q_mode5EL9_11           |  10|   0|   10|          0|
    |p_ZZN4nnet24compute_output_buffer_2dINS_5arrayI8ap_fixedILi10ELi2EL9ap_q_mode5EL9_12           |  10|   0|   10|          0|
    |p_ZZN4nnet24compute_output_buffer_2dINS_5arrayI8ap_fixedILi10ELi2EL9ap_q_mode5EL9_13           |  10|   0|   10|          0|
    |p_ZZN4nnet24compute_output_buffer_2dINS_5arrayI8ap_fixedILi10ELi2EL9ap_q_mode5EL9_14           |  10|   0|   10|          0|
    |p_ZZN4nnet24compute_output_buffer_2dINS_5arrayI8ap_fixedILi10ELi2EL9ap_q_mode5EL9_15           |  10|   0|   10|          0|
    |p_ZZN4nnet24compute_output_buffer_2dINS_5arrayI8ap_fixedILi10ELi2EL9ap_q_mode5EL9_16           |  10|   0|   10|          0|
    |p_ZZN4nnet24compute_output_buffer_2dINS_5arrayI8ap_fixedILi10ELi2EL9ap_q_mode5EL9_17           |  10|   0|   10|          0|
    |p_ZZN4nnet24compute_output_buffer_2dINS_5arrayI8ap_fixedILi10ELi2EL9ap_q_mode5EL9_18           |  10|   0|   10|          0|
    |p_ZZN4nnet24compute_output_buffer_2dINS_5arrayI8ap_fixedILi10ELi2EL9ap_q_mode5EL9_19           |  10|   0|   10|          0|
    |p_ZZN4nnet24compute_output_buffer_2dINS_5arrayI8ap_fixedILi10ELi2EL9ap_q_mode5EL9_2            |  10|   0|   10|          0|
    |p_ZZN4nnet24compute_output_buffer_2dINS_5arrayI8ap_fixedILi10ELi2EL9ap_q_mode5EL9_20           |  10|   0|   10|          0|
    |p_ZZN4nnet24compute_output_buffer_2dINS_5arrayI8ap_fixedILi10ELi2EL9ap_q_mode5EL9_21           |  10|   0|   10|          0|
    |p_ZZN4nnet24compute_output_buffer_2dINS_5arrayI8ap_fixedILi10ELi2EL9ap_q_mode5EL9_22           |  10|   0|   10|          0|
    |p_ZZN4nnet24compute_output_buffer_2dINS_5arrayI8ap_fixedILi10ELi2EL9ap_q_mode5EL9_23           |  10|   0|   10|          0|
    |p_ZZN4nnet24compute_output_buffer_2dINS_5arrayI8ap_fixedILi10ELi2EL9ap_q_mode5EL9_24           |  10|   0|   10|          0|
    |p_ZZN4nnet24compute_output_buffer_2dINS_5arrayI8ap_fixedILi10ELi2EL9ap_q_mode5EL9_25           |  10|   0|   10|          0|
    |p_ZZN4nnet24compute_output_buffer_2dINS_5arrayI8ap_fixedILi10ELi2EL9ap_q_mode5EL9_26           |  10|   0|   10|          0|
    |p_ZZN4nnet24compute_output_buffer_2dINS_5arrayI8ap_fixedILi10ELi2EL9ap_q_mode5EL9_27           |  10|   0|   10|          0|
    |p_ZZN4nnet24compute_output_buffer_2dINS_5arrayI8ap_fixedILi10ELi2EL9ap_q_mode5EL9_28           |  10|   0|   10|          0|
    |p_ZZN4nnet24compute_output_buffer_2dINS_5arrayI8ap_fixedILi10ELi2EL9ap_q_mode5EL9_29           |  10|   0|   10|          0|
    |p_ZZN4nnet24compute_output_buffer_2dINS_5arrayI8ap_fixedILi10ELi2EL9ap_q_mode5EL9_3            |  10|   0|   10|          0|
    |p_ZZN4nnet24compute_output_buffer_2dINS_5arrayI8ap_fixedILi10ELi2EL9ap_q_mode5EL9_30           |  10|   0|   10|          0|
    |p_ZZN4nnet24compute_output_buffer_2dINS_5arrayI8ap_fixedILi10ELi2EL9ap_q_mode5EL9_31           |  10|   0|   10|          0|
    |p_ZZN4nnet24compute_output_buffer_2dINS_5arrayI8ap_fixedILi10ELi2EL9ap_q_mode5EL9_32           |  10|   0|   10|          0|
    |p_ZZN4nnet24compute_output_buffer_2dINS_5arrayI8ap_fixedILi10ELi2EL9ap_q_mode5EL9_33           |  10|   0|   10|          0|
    |p_ZZN4nnet24compute_output_buffer_2dINS_5arrayI8ap_fixedILi10ELi2EL9ap_q_mode5EL9_34           |  10|   0|   10|          0|
    |p_ZZN4nnet24compute_output_buffer_2dINS_5arrayI8ap_fixedILi10ELi2EL9ap_q_mode5EL9_35           |  10|   0|   10|          0|
    |p_ZZN4nnet24compute_output_buffer_2dINS_5arrayI8ap_fixedILi10ELi2EL9ap_q_mode5EL9_36           |  10|   0|   10|          0|
    |p_ZZN4nnet24compute_output_buffer_2dINS_5arrayI8ap_fixedILi10ELi2EL9ap_q_mode5EL9_37           |  10|   0|   10|          0|
    |p_ZZN4nnet24compute_output_buffer_2dINS_5arrayI8ap_fixedILi10ELi2EL9ap_q_mode5EL9_38           |  10|   0|   10|          0|
    |p_ZZN4nnet24compute_output_buffer_2dINS_5arrayI8ap_fixedILi10ELi2EL9ap_q_mode5EL9_39           |  10|   0|   10|          0|
    |p_ZZN4nnet24compute_output_buffer_2dINS_5arrayI8ap_fixedILi10ELi2EL9ap_q_mode5EL9_4            |  10|   0|   10|          0|
    |p_ZZN4nnet24compute_output_buffer_2dINS_5arrayI8ap_fixedILi10ELi2EL9ap_q_mode5EL9_40           |  10|   0|   10|          0|
    |p_ZZN4nnet24compute_output_buffer_2dINS_5arrayI8ap_fixedILi10ELi2EL9ap_q_mode5EL9_41           |  10|   0|   10|          0|
    |p_ZZN4nnet24compute_output_buffer_2dINS_5arrayI8ap_fixedILi10ELi2EL9ap_q_mode5EL9_42           |  10|   0|   10|          0|
    |p_ZZN4nnet24compute_output_buffer_2dINS_5arrayI8ap_fixedILi10ELi2EL9ap_q_mode5EL9_43           |  10|   0|   10|          0|
    |p_ZZN4nnet24compute_output_buffer_2dINS_5arrayI8ap_fixedILi10ELi2EL9ap_q_mode5EL9_44           |  10|   0|   10|          0|
    |p_ZZN4nnet24compute_output_buffer_2dINS_5arrayI8ap_fixedILi10ELi2EL9ap_q_mode5EL9_45           |  10|   0|   10|          0|
    |p_ZZN4nnet24compute_output_buffer_2dINS_5arrayI8ap_fixedILi10ELi2EL9ap_q_mode5EL9_46           |  10|   0|   10|          0|
    |p_ZZN4nnet24compute_output_buffer_2dINS_5arrayI8ap_fixedILi10ELi2EL9ap_q_mode5EL9_47           |  10|   0|   10|          0|
    |p_ZZN4nnet24compute_output_buffer_2dINS_5arrayI8ap_fixedILi10ELi2EL9ap_q_mode5EL9_48           |  10|   0|   10|          0|
    |p_ZZN4nnet24compute_output_buffer_2dINS_5arrayI8ap_fixedILi10ELi2EL9ap_q_mode5EL9_49           |  10|   0|   10|          0|
    |p_ZZN4nnet24compute_output_buffer_2dINS_5arrayI8ap_fixedILi10ELi2EL9ap_q_mode5EL9_5            |  10|   0|   10|          0|
    |p_ZZN4nnet24compute_output_buffer_2dINS_5arrayI8ap_fixedILi10ELi2EL9ap_q_mode5EL9_50           |  10|   0|   10|          0|
    |p_ZZN4nnet24compute_output_buffer_2dINS_5arrayI8ap_fixedILi10ELi2EL9ap_q_mode5EL9_51           |  10|   0|   10|          0|
    |p_ZZN4nnet24compute_output_buffer_2dINS_5arrayI8ap_fixedILi10ELi2EL9ap_q_mode5EL9_52           |  10|   0|   10|          0|
    |p_ZZN4nnet24compute_output_buffer_2dINS_5arrayI8ap_fixedILi10ELi2EL9ap_q_mode5EL9_53           |  10|   0|   10|          0|
    |p_ZZN4nnet24compute_output_buffer_2dINS_5arrayI8ap_fixedILi10ELi2EL9ap_q_mode5EL9_54           |  10|   0|   10|          0|
    |p_ZZN4nnet24compute_output_buffer_2dINS_5arrayI8ap_fixedILi10ELi2EL9ap_q_mode5EL9_55           |  10|   0|   10|          0|
    |p_ZZN4nnet24compute_output_buffer_2dINS_5arrayI8ap_fixedILi10ELi2EL9ap_q_mode5EL9_56           |  10|   0|   10|          0|
    |p_ZZN4nnet24compute_output_buffer_2dINS_5arrayI8ap_fixedILi10ELi2EL9ap_q_mode5EL9_57           |  10|   0|   10|          0|
    |p_ZZN4nnet24compute_output_buffer_2dINS_5arrayI8ap_fixedILi10ELi2EL9ap_q_mode5EL9_58           |  10|   0|   10|          0|
    |p_ZZN4nnet24compute_output_buffer_2dINS_5arrayI8ap_fixedILi10ELi2EL9ap_q_mode5EL9_59           |  10|   0|   10|          0|
    |p_ZZN4nnet24compute_output_buffer_2dINS_5arrayI8ap_fixedILi10ELi2EL9ap_q_mode5EL9_6            |  10|   0|   10|          0|
    |p_ZZN4nnet24compute_output_buffer_2dINS_5arrayI8ap_fixedILi10ELi2EL9ap_q_mode5EL9_60           |  10|   0|   10|          0|
    |p_ZZN4nnet24compute_output_buffer_2dINS_5arrayI8ap_fixedILi10ELi2EL9ap_q_mode5EL9_61           |  10|   0|   10|          0|
    |p_ZZN4nnet24compute_output_buffer_2dINS_5arrayI8ap_fixedILi10ELi2EL9ap_q_mode5EL9_7            |  10|   0|   10|          0|
    |p_ZZN4nnet24compute_output_buffer_2dINS_5arrayI8ap_fixedILi10ELi2EL9ap_q_mode5EL9_8            |  10|   0|   10|          0|
    |p_ZZN4nnet24compute_output_buffer_2dINS_5arrayI8ap_fixedILi10ELi2EL9ap_q_mode5EL9_9            |  10|   0|   10|          0|
    |res_out_1_reg_890                                                                              |  10|   0|   10|          0|
    |res_out_2_reg_895                                                                              |  10|   0|   10|          0|
    |res_out_3_reg_900                                                                              |  10|   0|   10|          0|
    |res_out_4_reg_905                                                                              |  10|   0|   10|          0|
    |res_out_5_reg_910                                                                              |  10|   0|   10|          0|
    |res_out_6_reg_915                                                                              |  10|   0|   10|          0|
    |res_out_7_reg_920                                                                              |  10|   0|   10|          0|
    |res_out_reg_885                                                                                |  10|   0|   10|          0|
    |sX_2                                                                                           |  32|   0|   32|          0|
    |sX_2_load_reg_855                                                                              |  32|   0|   32|          0|
    |sY_2                                                                                           |  32|   0|   32|          0|
    |sY_2_load_reg_865                                                                              |  32|   0|   32|          0|
    |void_compute_output_buffer_2d_array_const_ap_shift_reg_n_chan_stream_weig_19                   |  10|   0|   10|          0|
    |void_compute_output_buffer_2d_array_const_ap_shift_reg_n_chan_stream_weig_20                   |  10|   0|   10|          0|
    |void_compute_output_buffer_2d_array_const_ap_shift_reg_n_chan_stream_weig_21                   |  10|   0|   10|          0|
    |void_compute_output_buffer_2d_array_const_ap_shift_reg_n_chan_stream_weig_22                   |  10|   0|   10|          0|
    |void_compute_output_buffer_2d_array_const_ap_shift_reg_n_chan_stream_weig_23                   |  10|   0|   10|          0|
    |void_compute_output_buffer_2d_array_const_ap_shift_reg_n_chan_stream_weig_24                   |  10|   0|   10|          0|
    |void_compute_output_buffer_2d_array_const_ap_shift_reg_n_chan_stream_weig_25                   |  10|   0|   10|          0|
    |void_compute_output_buffer_2d_array_const_ap_shift_reg_n_chan_stream_weig_26                   |  10|   0|   10|          0|
    |void_compute_output_buffer_2d_array_const_ap_shift_reg_n_chan_stream_weig_27                   |  10|   0|   10|          0|
    |void_compute_output_buffer_2d_array_const_ap_shift_reg_n_chan_stream_weig_28                   |  10|   0|   10|          0|
    +-----------------------------------------------------------------------------------------------+----+----+-----+-----------+
    |Total                                                                                          |1067|   0| 1067|          0|
    +-----------------------------------------------------------------------------------------------+----+----+-----+-----------+



================================================================
== Interface
================================================================
* Summary: 
+----------------------------+-----+-----+------------+-------------------------------------------------------------------------+--------------+
|          RTL Ports         | Dir | Bits|  Protocol  |                              Source Object                              |    C Type    |
+----------------------------+-----+-----+------------+-------------------------------------------------------------------------+--------------+
|ap_clk                      |   in|    1|  ap_ctrl_hs|  compute_output_buffer_2d<array,array<ap_fixed<10,2,5,3,0>,8u>,config19>|  return value|
|ap_rst                      |   in|    1|  ap_ctrl_hs|  compute_output_buffer_2d<array,array<ap_fixed<10,2,5,3,0>,8u>,config19>|  return value|
|ap_start                    |   in|    1|  ap_ctrl_hs|  compute_output_buffer_2d<array,array<ap_fixed<10,2,5,3,0>,8u>,config19>|  return value|
|ap_done                     |  out|    1|  ap_ctrl_hs|  compute_output_buffer_2d<array,array<ap_fixed<10,2,5,3,0>,8u>,config19>|  return value|
|ap_idle                     |  out|    1|  ap_ctrl_hs|  compute_output_buffer_2d<array,array<ap_fixed<10,2,5,3,0>,8u>,config19>|  return value|
|ap_ready                    |  out|    1|  ap_ctrl_hs|  compute_output_buffer_2d<array,array<ap_fixed<10,2,5,3,0>,8u>,config19>|  return value|
|layer19_out_blk_n           |  out|    1|  ap_ctrl_hs|  compute_output_buffer_2d<array,array<ap_fixed<10,2,5,3,0>,8u>,config19>|  return value|
|ap_ce                       |   in|    1|  ap_ctrl_hs|  compute_output_buffer_2d<array,array<ap_fixed<10,2,5,3,0>,8u>,config19>|  return value|
|p_read                      |   in|   10|     ap_none|                                                                   p_read|        scalar|
|p_read1                     |   in|   10|     ap_none|                                                                  p_read1|        scalar|
|p_read2                     |   in|   10|     ap_none|                                                                  p_read2|        scalar|
|p_read3                     |   in|   10|     ap_none|                                                                  p_read3|        scalar|
|p_read4                     |   in|   10|     ap_none|                                                                  p_read4|        scalar|
|p_read5                     |   in|   10|     ap_none|                                                                  p_read5|        scalar|
|p_read6                     |   in|   10|     ap_none|                                                                  p_read6|        scalar|
|p_read7                     |   in|   10|     ap_none|                                                                  p_read7|        scalar|
|layer19_out_din             |  out|   80|     ap_fifo|                                                              layer19_out|       pointer|
|layer19_out_full_n          |   in|    1|     ap_fifo|                                                              layer19_out|       pointer|
|layer19_out_write           |  out|    1|     ap_fifo|                                                              layer19_out|       pointer|
|layer19_out_num_data_valid  |   in|    2|     ap_fifo|                                                              layer19_out|       pointer|
|layer19_out_fifo_cap        |   in|    2|     ap_fifo|                                                              layer19_out|       pointer|
+----------------------------+-----+-----+------------+-------------------------------------------------------------------------+--------------+

