

================================================================
== Vitis HLS Report for 'compute_output_buffer_2d_array_array_ap_fixed_10_2_5_3_0_4u_config5_s'
================================================================
* Date:           Fri Apr 24 00:23:00 2026

* Version:        2025.2 (Build 6295257 on Nov 14 2025)
* Project:        folo_prj
* Solution:       solution1 (Vivado IP Flow Target)
* Product family: kintexu
* Target device:  xcku035-fbva676-2-e


================================================================
== Performance Estimates
================================================================
+ Timing: 
    * Summary: 
    +--------+---------+----------+------------+
    |  Clock |  Target | Estimated| Uncertainty|
    +--------+---------+----------+------------+
    |ap_clk  |  5.00 ns|  3.639 ns|     1.35 ns|
    +--------+---------+----------+------------+

+ Latency: 
    * Summary: 
    +---------+---------+-----------+-----------+-----+-----+---------+
    |  Latency (cycles) |   Latency (absolute)  |  Interval | Pipeline|
    |   min   |   max   |    min    |    max    | min | max |   Type  |
    +---------+---------+-----------+-----------+-----+-----+---------+
    |        7|        7|  35.000 ns|  35.000 ns|    8|    8|      yes|
    +---------+---------+-----------+-----------+-----+-----+---------+

    + Detail: 
        * Instance: 
        +---------------------------------------------------------------------------------+----------------------------------------------------------------------+---------+---------+-----------+-----------+-----+-----+---------+
        |                                                                                 |                                                                      |  Latency (cycles) |   Latency (absolute)  |  Interval | Pipeline|
        |                                     Instance                                    |                                Module                                |   min   |   max   |    min    |    max    | min | max |   Type  |
        +---------------------------------------------------------------------------------+----------------------------------------------------------------------+---------+---------+-----------+-----------+-----+-----+---------+
        |call_ln281_shift_line_buffer_array_ap_fixed_16_6_5_3_0_4u_config5_s_fu_179       |shift_line_buffer_array_ap_fixed_16_6_5_3_0_4u_config5_s              |        0|        0|       0 ns|       0 ns|    1|    1|      yes|
        |grp_dense_latency_ap_fixed_16_6_5_3_0_ap_fixed_10_2_5_3_0_config5_mult_s_fu_279  |dense_latency_ap_fixed_16_6_5_3_0_ap_fixed_10_2_5_3_0_config5_mult_s  |        5|        5|  25.000 ns|  25.000 ns|    6|    6|      yes|
        +---------------------------------------------------------------------------------+----------------------------------------------------------------------+---------+---------+-----------+-----------+-----+-----+---------+

        * Loop: 
        N/A



================================================================
== Utilization Estimates
================================================================
* Summary: 
+-----------------+---------+------+--------+--------+-----+
|       Name      | BRAM_18K|  DSP |   FF   |   LUT  | URAM|
+-----------------+---------+------+--------+--------+-----+
|DSP              |        -|     -|       -|       -|    -|
|Expression       |        -|     -|       0|     505|    -|
|FIFO             |        -|     -|       -|       -|    -|
|Instance         |        -|    18|    1397|    5516|    -|
|Memory           |        -|     -|       -|       -|    -|
|Multiplexer      |        -|     -|       0|      99|    -|
|Register         |        -|     -|     883|       -|    -|
+-----------------+---------+------+--------+--------+-----+
|Total            |        0|    18|    2280|    6120|    0|
+-----------------+---------+------+--------+--------+-----+
|Available        |     1080|  1700|  406256|  203128|    0|
+-----------------+---------+------+--------+--------+-----+
|Utilization (%)  |        0|     1|      ~0|       3|    0|
+-----------------+---------+------+--------+--------+-----+

+ Detail: 
    * Instance: 
    +---------------------------------------------------------------------------------+----------------------------------------------------------------------+---------+----+------+------+-----+
    |                                     Instance                                    |                                Module                                | BRAM_18K| DSP|  FF  |  LUT | URAM|
    +---------------------------------------------------------------------------------+----------------------------------------------------------------------+---------+----+------+------+-----+
    |grp_dense_latency_ap_fixed_16_6_5_3_0_ap_fixed_10_2_5_3_0_config5_mult_s_fu_279  |dense_latency_ap_fixed_16_6_5_3_0_ap_fixed_10_2_5_3_0_config5_mult_s  |        0|  18|  1396|  5292|    0|
    |call_ln281_shift_line_buffer_array_ap_fixed_16_6_5_3_0_4u_config5_s_fu_179       |shift_line_buffer_array_ap_fixed_16_6_5_3_0_4u_config5_s              |        0|   0|     1|   224|    0|
    +---------------------------------------------------------------------------------+----------------------------------------------------------------------+---------+----+------+------+-----+
    |Total                                                                            |                                                                      |        0|  18|  1397|  5516|    0|
    +---------------------------------------------------------------------------------+----------------------------------------------------------------------+---------+----+------+------+-----+

    * DSP: 
    N/A

    * Memory: 
    N/A

    * FIFO: 
    N/A

    * Expression: 
    +--------------------------------------+----------+----+---+----+------------+------------+
    |             Variable Name            | Operation| DSP| FF| LUT| Bitwidth P0| Bitwidth P1|
    +--------------------------------------+----------+----+---+----+------------+------------+
    |add_ln303_fu_452_p2                   |         +|   0|  0|  39|          32|           1|
    |add_ln307_fu_499_p2                   |         +|   0|  0|  39|          32|           1|
    |add_ln313_fu_521_p2                   |         +|   0|  0|  39|          32|           1|
    |add_ln318_fu_469_p2                   |         +|   0|  0|  39|          32|           1|
    |and_ln284_1_fu_421_p2                 |       and|   0|  0|   2|           1|           1|
    |and_ln284_fu_415_p2                   |       and|   0|  0|   2|           1|           1|
    |ap_block_state8                       |       and|   0|  0|   2|           1|           1|
    |ap_condition_332                      |       and|   0|  0|   2|           1|           1|
    |ap_condition_444                      |       and|   0|  0|   2|           1|           1|
    |ap_predicate_op29_call_state2         |       and|   0|  0|   2|           1|           1|
    |ap_predicate_op29_call_state2_state1  |       and|   0|  0|   2|           1|           1|
    |icmp_ln284_13_fu_393_p2               |      icmp|   0|  0|  38|          31|           1|
    |icmp_ln284_14_fu_409_p2               |      icmp|   0|  0|  38|          31|           1|
    |icmp_ln284_1_fu_377_p2                |      icmp|   0|  0|  39|          32|           2|
    |icmp_ln284_fu_359_p2                  |      icmp|   0|  0|  39|          32|           2|
    |icmp_ln303_fu_457_p2                  |      icmp|   0|  0|  39|          32|           8|
    |icmp_ln307_fu_504_p2                  |      icmp|   0|  0|  39|          32|           8|
    |icmp_ln313_fu_516_p2                  |      icmp|   0|  0|  39|          32|           2|
    |select_ln313_fu_526_p3                |    select|   0|  0|  32|           1|           2|
    |select_ln318_fu_474_p3                |    select|   0|  0|  32|           1|           2|
    +--------------------------------------+----------+----+---+----+------------+------------+
    |Total                                 |          |   0|  0| 505|         359|          39|
    +--------------------------------------+----------+----+---+----+------------+------------+

    * Multiplexer: 
    +-------------------------------------+----+-----------+-----+-----------+
    |                 Name                | LUT| Input Size| Bits| Total Bits|
    +-------------------------------------+----+-----------+-----+-----------+
    |ap_NS_fsm                            |  49|          9|    1|          9|
    |ap_phi_mux_storemerge_phi_fu_172_p4  |  14|          3|   32|         96|
    |layer5_out_blk_n                     |   9|          2|    1|          2|
    |pX                                   |   9|          2|   32|         64|
    |pY                                   |   9|          2|   32|         64|
    |sX                                   |   9|          2|   32|         64|
    +-------------------------------------+----+-----------+-----+-----------+
    |Total                                |  99|         20|  130|        299|
    +-------------------------------------+----+-----------+-----+-----------+

    * Register: 
    +----------------------------------------------------------------------------------------------+----+----+-----+-----------+
    |                                             Name                                             | FF | LUT| Bits| Const Bits|
    +----------------------------------------------------------------------------------------------+----+----+-----+-----------+
    |and_ln284_1_reg_573                                                                           |   1|   0|    1|          0|
    |ap_CS_fsm                                                                                     |   8|   0|    8|          0|
    |grp_dense_latency_ap_fixed_16_6_5_3_0_ap_fixed_10_2_5_3_0_config5_mult_s_fu_279_ap_start_reg  |   1|   0|    1|          0|
    |icmp_ln284_reg_552                                                                            |   1|   0|    1|          0|
    |pX                                                                                            |  32|   0|   32|          0|
    |pX_load_reg_568                                                                               |  32|   0|   32|          0|
    |pY                                                                                            |  32|   0|   32|          0|
    |pY_load_reg_563                                                                               |  32|   0|   32|          0|
    |p_ZZN4nnet24compute_output_buffer_2dINS_5arrayI8ap_fixedILi16ELi6EL9ap_q_mode5EL9             |  16|   0|   16|          0|
    |p_ZZN4nnet24compute_output_buffer_2dINS_5arrayI8ap_fixedILi16ELi6EL9ap_q_mode5EL9_1           |  16|   0|   16|          0|
    |p_ZZN4nnet24compute_output_buffer_2dINS_5arrayI8ap_fixedILi16ELi6EL9ap_q_mode5EL9_10          |  16|   0|   16|          0|
    |p_ZZN4nnet24compute_output_buffer_2dINS_5arrayI8ap_fixedILi16ELi6EL9ap_q_mode5EL9_11          |  16|   0|   16|          0|
    |p_ZZN4nnet24compute_output_buffer_2dINS_5arrayI8ap_fixedILi16ELi6EL9ap_q_mode5EL9_12          |  16|   0|   16|          0|
    |p_ZZN4nnet24compute_output_buffer_2dINS_5arrayI8ap_fixedILi16ELi6EL9ap_q_mode5EL9_13          |  16|   0|   16|          0|
    |p_ZZN4nnet24compute_output_buffer_2dINS_5arrayI8ap_fixedILi16ELi6EL9ap_q_mode5EL9_14          |  16|   0|   16|          0|
    |p_ZZN4nnet24compute_output_buffer_2dINS_5arrayI8ap_fixedILi16ELi6EL9ap_q_mode5EL9_15          |  16|   0|   16|          0|
    |p_ZZN4nnet24compute_output_buffer_2dINS_5arrayI8ap_fixedILi16ELi6EL9ap_q_mode5EL9_16          |  16|   0|   16|          0|
    |p_ZZN4nnet24compute_output_buffer_2dINS_5arrayI8ap_fixedILi16ELi6EL9ap_q_mode5EL9_17          |  16|   0|   16|          0|
    |p_ZZN4nnet24compute_output_buffer_2dINS_5arrayI8ap_fixedILi16ELi6EL9ap_q_mode5EL9_18          |  16|   0|   16|          0|
    |p_ZZN4nnet24compute_output_buffer_2dINS_5arrayI8ap_fixedILi16ELi6EL9ap_q_mode5EL9_19          |  16|   0|   16|          0|
    |p_ZZN4nnet24compute_output_buffer_2dINS_5arrayI8ap_fixedILi16ELi6EL9ap_q_mode5EL9_2           |  16|   0|   16|          0|
    |p_ZZN4nnet24compute_output_buffer_2dINS_5arrayI8ap_fixedILi16ELi6EL9ap_q_mode5EL9_20          |  16|   0|   16|          0|
    |p_ZZN4nnet24compute_output_buffer_2dINS_5arrayI8ap_fixedILi16ELi6EL9ap_q_mode5EL9_21          |  16|   0|   16|          0|
    |p_ZZN4nnet24compute_output_buffer_2dINS_5arrayI8ap_fixedILi16ELi6EL9ap_q_mode5EL9_22          |  16|   0|   16|          0|
    |p_ZZN4nnet24compute_output_buffer_2dINS_5arrayI8ap_fixedILi16ELi6EL9ap_q_mode5EL9_23          |  16|   0|   16|          0|
    |p_ZZN4nnet24compute_output_buffer_2dINS_5arrayI8ap_fixedILi16ELi6EL9ap_q_mode5EL9_24          |  16|   0|   16|          0|
    |p_ZZN4nnet24compute_output_buffer_2dINS_5arrayI8ap_fixedILi16ELi6EL9ap_q_mode5EL9_25          |  16|   0|   16|          0|
    |p_ZZN4nnet24compute_output_buffer_2dINS_5arrayI8ap_fixedILi16ELi6EL9ap_q_mode5EL9_3           |  16|   0|   16|          0|
    |p_ZZN4nnet24compute_output_buffer_2dINS_5arrayI8ap_fixedILi16ELi6EL9ap_q_mode5EL9_4           |  16|   0|   16|          0|
    |p_ZZN4nnet24compute_output_buffer_2dINS_5arrayI8ap_fixedILi16ELi6EL9ap_q_mode5EL9_5           |  16|   0|   16|          0|
    |p_ZZN4nnet24compute_output_buffer_2dINS_5arrayI8ap_fixedILi16ELi6EL9ap_q_mode5EL9_6           |  16|   0|   16|          0|
    |p_ZZN4nnet24compute_output_buffer_2dINS_5arrayI8ap_fixedILi16ELi6EL9ap_q_mode5EL9_7           |  16|   0|   16|          0|
    |p_ZZN4nnet24compute_output_buffer_2dINS_5arrayI8ap_fixedILi16ELi6EL9ap_q_mode5EL9_8           |  16|   0|   16|          0|
    |p_ZZN4nnet24compute_output_buffer_2dINS_5arrayI8ap_fixedILi16ELi6EL9ap_q_mode5EL9_9           |  16|   0|   16|          0|
    |res_out_1_reg_582                                                                             |  10|   0|   10|          0|
    |res_out_2_reg_587                                                                             |  10|   0|   10|          0|
    |res_out_3_reg_592                                                                             |  10|   0|   10|          0|
    |res_out_reg_577                                                                               |  10|   0|   10|          0|
    |sX                                                                                            |  32|   0|   32|          0|
    |sX_load_reg_547                                                                               |  32|   0|   32|          0|
    |sY                                                                                            |  32|   0|   32|          0|
    |sY_load_reg_557                                                                               |  32|   0|   32|          0|
    |void_compute_output_buffer_2d_array_const_ap_shift_reg_n_chan_stream_weig                     |  16|   0|   16|          0|
    |void_compute_output_buffer_2d_array_const_ap_shift_reg_n_chan_stream_weig_1                   |  16|   0|   16|          0|
    |void_compute_output_buffer_2d_array_const_ap_shift_reg_n_chan_stream_weig_2                   |  16|   0|   16|          0|
    |void_compute_output_buffer_2d_array_const_ap_shift_reg_n_chan_stream_weig_3                   |  16|   0|   16|          0|
    |void_compute_output_buffer_2d_array_const_ap_shift_reg_n_chan_stream_weig_4                   |  16|   0|   16|          0|
    |void_compute_output_buffer_2d_array_const_ap_shift_reg_n_chan_stream_weig_5                   |  16|   0|   16|          0|
    |void_compute_output_buffer_2d_array_const_ap_shift_reg_n_chan_stream_weig_6                   |  16|   0|   16|          0|
    |void_compute_output_buffer_2d_array_const_ap_shift_reg_n_chan_stream_weig_7                   |  16|   0|   16|          0|
    |void_compute_output_buffer_2d_array_const_ap_shift_reg_n_chan_stream_weig_8                   |  16|   0|   16|          0|
    |void_compute_output_buffer_2d_array_const_ap_shift_reg_n_chan_stream_weig_9                   |  16|   0|   16|          0|
    +----------------------------------------------------------------------------------------------+----+----+-----+-----------+
    |Total                                                                                         | 883|   0|  883|          0|
    +----------------------------------------------------------------------------------------------+----+----+-----+-----------+



================================================================
== Interface
================================================================
* Summary: 
+---------------------------+-----+-----+------------+------------------------------------------------------------------------+--------------+
|         RTL Ports         | Dir | Bits|  Protocol  |                              Source Object                             |    C Type    |
+---------------------------+-----+-----+------------+------------------------------------------------------------------------+--------------+
|ap_clk                     |   in|    1|  ap_ctrl_hs|  compute_output_buffer_2d<array,array<ap_fixed<10,2,5,3,0>,4u>,config5>|  return value|
|ap_rst                     |   in|    1|  ap_ctrl_hs|  compute_output_buffer_2d<array,array<ap_fixed<10,2,5,3,0>,4u>,config5>|  return value|
|ap_start                   |   in|    1|  ap_ctrl_hs|  compute_output_buffer_2d<array,array<ap_fixed<10,2,5,3,0>,4u>,config5>|  return value|
|ap_done                    |  out|    1|  ap_ctrl_hs|  compute_output_buffer_2d<array,array<ap_fixed<10,2,5,3,0>,4u>,config5>|  return value|
|ap_idle                    |  out|    1|  ap_ctrl_hs|  compute_output_buffer_2d<array,array<ap_fixed<10,2,5,3,0>,4u>,config5>|  return value|
|ap_ready                   |  out|    1|  ap_ctrl_hs|  compute_output_buffer_2d<array,array<ap_fixed<10,2,5,3,0>,4u>,config5>|  return value|
|layer5_out_blk_n           |  out|    1|  ap_ctrl_hs|  compute_output_buffer_2d<array,array<ap_fixed<10,2,5,3,0>,4u>,config5>|  return value|
|ap_ce                      |   in|    1|  ap_ctrl_hs|  compute_output_buffer_2d<array,array<ap_fixed<10,2,5,3,0>,4u>,config5>|  return value|
|p_read                     |   in|   16|     ap_none|                                                                  p_read|        scalar|
|p_read1                    |   in|   16|     ap_none|                                                                 p_read1|        scalar|
|p_read2                    |   in|   16|     ap_none|                                                                 p_read2|        scalar|
|p_read3                    |   in|   16|     ap_none|                                                                 p_read3|        scalar|
|layer5_out_din             |  out|   40|     ap_fifo|                                                              layer5_out|       pointer|
|layer5_out_full_n          |   in|    1|     ap_fifo|                                                              layer5_out|       pointer|
|layer5_out_write           |  out|    1|     ap_fifo|                                                              layer5_out|       pointer|
|layer5_out_num_data_valid  |   in|    2|     ap_fifo|                                                              layer5_out|       pointer|
|layer5_out_fifo_cap        |   in|    2|     ap_fifo|                                                              layer5_out|       pointer|
+---------------------------+-----+-----+------------+------------------------------------------------------------------------+--------------+

