

================================================================
== Vitis HLS Report for 'compute_output_buffer_2d_array_array_ap_fixed_12_6_5_3_0_6u_config9_s'
================================================================
* Date:           Wed Apr 22 16:02:09 2026

* Version:        2023.2 (Build 4023990 on Oct 11 2023)
* Project:        folo_prj
* Solution:       solution1 (Vivado IP Flow Target)
* Product family: kintexu
* Target device:  xcku035-fbva676-2-e


================================================================
== Performance Estimates
================================================================
+ Timing: 
    * Summary: 
    +--------+---------+----------+------------+
    |  Clock |  Target | Estimated| Uncertainty|
    +--------+---------+----------+------------+
    |ap_clk  |  5.00 ns|  3.847 ns|     1.35 ns|
    +--------+---------+----------+------------+

+ Latency: 
    * Summary: 
    +---------+---------+-----------+----------+-----+-----+---------+
    |  Latency (cycles) |  Latency (absolute)  |  Interval | Pipeline|
    |   min   |   max   |    min    |    max   | min | max |   Type  |
    +---------+---------+-----------+----------+-----+-----+---------+
    |        2|       23|  10.000 ns|  0.115 us|    2|   23|       no|
    +---------+---------+-----------+----------+-----+-----+---------+

    + Detail: 
        * Instance: 
        +----------------------------------------------------------------------------------+-----------------------------------------------------------------------+---------+---------+----------+----------+-----+-----+------------------------------------------+
        |                                                                                  |                                                                       |  Latency (cycles) |  Latency (absolute) |  Interval |                 Pipeline                 |
        |                                     Instance                                     |                                 Module                                |   min   |   max   |    min   |    max   | min | max |                   Type                   |
        +----------------------------------------------------------------------------------+-----------------------------------------------------------------------+---------+---------+----------+----------+-----+-----+------------------------------------------+
        |call_ln281_shift_line_buffer_array_ap_fixed_12_6_5_3_0_4u_config9_s_fu_181        |shift_line_buffer_array_ap_fixed_12_6_5_3_0_4u_config9_s               |        0|        0|      0 ns|      0 ns|    1|    1|                                       yes|
        |grp_dense_resource_rf_leq_nin_ap_fixed_ap_fixed_12_6_5_3_0_config9_mult_s_fu_281  |dense_resource_rf_leq_nin_ap_fixed_ap_fixed_12_6_5_3_0_config9_mult_s  |       20|       21|  0.100 us|  0.105 us|   18|   18|  loop rewind stp(delay=0 clock cycles(s))|
        +----------------------------------------------------------------------------------+-----------------------------------------------------------------------+---------+---------+----------+----------+-----+-----+------------------------------------------+

        * Loop: 
        N/A



================================================================
== Utilization Estimates
================================================================
* Summary: 
+-----------------+---------+------+--------+--------+-----+
|       Name      | BRAM_18K|  DSP |   FF   |   LUT  | URAM|
+-----------------+---------+------+--------+--------+-----+
|DSP              |        -|     -|       -|       -|    -|
|Expression       |        -|     -|       0|     505|    -|
|FIFO             |        -|     -|       -|       -|    -|
|Instance         |        4|    12|    1338|    1878|    -|
|Memory           |        -|     -|       -|       -|    -|
|Multiplexer      |        -|     -|       -|      70|    -|
|Register         |        -|     -|     566|       -|    -|
+-----------------+---------+------+--------+--------+-----+
|Total            |        4|    12|    1904|    2453|    0|
+-----------------+---------+------+--------+--------+-----+
|Available        |     1080|  1700|  406256|  203128|    0|
+-----------------+---------+------+--------+--------+-----+
|Utilization (%)  |       ~0|    ~0|      ~0|       1|    0|
+-----------------+---------+------+--------+--------+-----+

+ Detail: 
    * Instance: 
    +----------------------------------------------------------------------------------+-----------------------------------------------------------------------+---------+----+------+------+-----+
    |                                     Instance                                     |                                 Module                                | BRAM_18K| DSP|  FF  |  LUT | URAM|
    +----------------------------------------------------------------------------------+-----------------------------------------------------------------------+---------+----+------+------+-----+
    |grp_dense_resource_rf_leq_nin_ap_fixed_ap_fixed_12_6_5_3_0_config9_mult_s_fu_281  |dense_resource_rf_leq_nin_ap_fixed_ap_fixed_12_6_5_3_0_config9_mult_s  |        4|  12|  1337|  1654|    0|
    |call_ln281_shift_line_buffer_array_ap_fixed_12_6_5_3_0_4u_config9_s_fu_181        |shift_line_buffer_array_ap_fixed_12_6_5_3_0_4u_config9_s               |        0|   0|     1|   224|    0|
    +----------------------------------------------------------------------------------+-----------------------------------------------------------------------+---------+----+------+------+-----+
    |Total                                                                             |                                                                       |        4|  12|  1338|  1878|    0|
    +----------------------------------------------------------------------------------+-----------------------------------------------------------------------+---------+----+------+------+-----+

    * DSP: 
    N/A

    * Memory: 
    N/A

    * FIFO: 
    N/A

    * Expression: 
    +---------------------------------+----------+----+---+----+------------+------------+
    |          Variable Name          | Operation| DSP| FF| LUT| Bitwidth P0| Bitwidth P1|
    +---------------------------------+----------+----+---+----+------------+------------+
    |add_ln303_fu_472_p2              |         +|   0|  0|  39|          32|           1|
    |add_ln307_fu_519_p2              |         +|   0|  0|  39|          32|           1|
    |add_ln313_fu_541_p2              |         +|   0|  0|  39|          32|           1|
    |add_ln318_fu_489_p2              |         +|   0|  0|  39|          32|           1|
    |and_ln284_3_fu_425_p2            |       and|   0|  0|   2|           1|           1|
    |and_ln284_fu_419_p2              |       and|   0|  0|   2|           1|           1|
    |ap_block_state3                  |       and|   0|  0|   2|           1|           1|
    |ap_block_state3_on_subcall_done  |       and|   0|  0|   2|           1|           1|
    |ap_condition_268                 |       and|   0|  0|   2|           1|           1|
    |ap_condition_475                 |       and|   0|  0|   2|           1|           1|
    |ap_predicate_op25_call_state3    |       and|   0|  0|   2|           1|           1|
    |icmp_ln284_7_fu_381_p2           |      icmp|   0|  0|  39|          32|           2|
    |icmp_ln284_8_fu_397_p2           |      icmp|   0|  0|  38|          31|           1|
    |icmp_ln284_9_fu_413_p2           |      icmp|   0|  0|  38|          31|           1|
    |icmp_ln284_fu_363_p2             |      icmp|   0|  0|  39|          32|           2|
    |icmp_ln303_fu_477_p2             |      icmp|   0|  0|  39|          32|           8|
    |icmp_ln307_fu_524_p2             |      icmp|   0|  0|  39|          32|           8|
    |icmp_ln313_fu_536_p2             |      icmp|   0|  0|  39|          32|           2|
    |select_ln313_fu_546_p3           |    select|   0|  0|  32|           1|           1|
    |select_ln318_fu_494_p3           |    select|   0|  0|  32|           1|           1|
    +---------------------------------+----------+----+---+----+------------+------------+
    |Total                            |          |   0|  0| 505|         359|          37|
    +---------------------------------+----------+----+---+----+------------+------------+

    * Multiplexer: 
    +-------------------------------------+----+-----------+-----+-----------+
    |                 Name                | LUT| Input Size| Bits| Total Bits|
    +-------------------------------------+----+-----------+-----+-----------+
    |ap_NS_fsm                            |  20|          4|    1|          4|
    |ap_phi_mux_storemerge_phi_fu_174_p4  |  14|          3|   32|         96|
    |layer9_out_blk_n                     |   9|          2|    1|          2|
    |pX_3                                 |   9|          2|   32|         64|
    |pY_3                                 |   9|          2|   32|         64|
    |sX_3                                 |   9|          2|   32|         64|
    +-------------------------------------+----+-----------+-----+-----------+
    |Total                                |  70|         15|  130|        294|
    +-------------------------------------+----+-----------+-----+-----------+

    * Register: 
    +-----------------------------------------------------------------------------------------------+----+----+-----+-----------+
    |                                              Name                                             | FF | LUT| Bits| Const Bits|
    +-----------------------------------------------------------------------------------------------+----+----+-----+-----------+
    |and_ln284_3_reg_584                                                                            |   1|   0|    1|          0|
    |ap_CS_fsm                                                                                      |   3|   0|    3|          0|
    |grp_dense_resource_rf_leq_nin_ap_fixed_ap_fixed_12_6_5_3_0_config9_mult_s_fu_281_ap_start_reg  |   1|   0|    1|          0|
    |icmp_ln284_reg_570                                                                             |   1|   0|    1|          0|
    |pX_3                                                                                           |  32|   0|   32|          0|
    |pY_3                                                                                           |  32|   0|   32|          0|
    |p_ZZN4nnet24compute_output_buffer_2dINS_5arrayI8ap_fixedILi12ELi6EL9ap_q_mode5EL9_201          |  12|   0|   12|          0|
    |p_ZZN4nnet24compute_output_buffer_2dINS_5arrayI8ap_fixedILi12ELi6EL9ap_q_mode5EL9_202          |  12|   0|   12|          0|
    |p_ZZN4nnet24compute_output_buffer_2dINS_5arrayI8ap_fixedILi12ELi6EL9ap_q_mode5EL9_203          |  12|   0|   12|          0|
    |p_ZZN4nnet24compute_output_buffer_2dINS_5arrayI8ap_fixedILi12ELi6EL9ap_q_mode5EL9_204          |  12|   0|   12|          0|
    |p_ZZN4nnet24compute_output_buffer_2dINS_5arrayI8ap_fixedILi12ELi6EL9ap_q_mode5EL9_205          |  12|   0|   12|          0|
    |p_ZZN4nnet24compute_output_buffer_2dINS_5arrayI8ap_fixedILi12ELi6EL9ap_q_mode5EL9_206          |  12|   0|   12|          0|
    |p_ZZN4nnet24compute_output_buffer_2dINS_5arrayI8ap_fixedILi12ELi6EL9ap_q_mode5EL9_207          |  12|   0|   12|          0|
    |p_ZZN4nnet24compute_output_buffer_2dINS_5arrayI8ap_fixedILi12ELi6EL9ap_q_mode5EL9_208          |  12|   0|   12|          0|
    |p_ZZN4nnet24compute_output_buffer_2dINS_5arrayI8ap_fixedILi12ELi6EL9ap_q_mode5EL9_209          |  12|   0|   12|          0|
    |p_ZZN4nnet24compute_output_buffer_2dINS_5arrayI8ap_fixedILi12ELi6EL9ap_q_mode5EL9_210          |  12|   0|   12|          0|
    |p_ZZN4nnet24compute_output_buffer_2dINS_5arrayI8ap_fixedILi12ELi6EL9ap_q_mode5EL9_211          |  12|   0|   12|          0|
    |p_ZZN4nnet24compute_output_buffer_2dINS_5arrayI8ap_fixedILi12ELi6EL9ap_q_mode5EL9_212          |  12|   0|   12|          0|
    |p_ZZN4nnet24compute_output_buffer_2dINS_5arrayI8ap_fixedILi12ELi6EL9ap_q_mode5EL9_213          |  12|   0|   12|          0|
    |p_ZZN4nnet24compute_output_buffer_2dINS_5arrayI8ap_fixedILi12ELi6EL9ap_q_mode5EL9_214          |  12|   0|   12|          0|
    |p_ZZN4nnet24compute_output_buffer_2dINS_5arrayI8ap_fixedILi12ELi6EL9ap_q_mode5EL9_215          |  12|   0|   12|          0|
    |p_ZZN4nnet24compute_output_buffer_2dINS_5arrayI8ap_fixedILi12ELi6EL9ap_q_mode5EL9_216          |  12|   0|   12|          0|
    |p_ZZN4nnet24compute_output_buffer_2dINS_5arrayI8ap_fixedILi12ELi6EL9ap_q_mode5EL9_217          |  12|   0|   12|          0|
    |p_ZZN4nnet24compute_output_buffer_2dINS_5arrayI8ap_fixedILi12ELi6EL9ap_q_mode5EL9_218          |  12|   0|   12|          0|
    |p_ZZN4nnet24compute_output_buffer_2dINS_5arrayI8ap_fixedILi12ELi6EL9ap_q_mode5EL9_219          |  12|   0|   12|          0|
    |p_ZZN4nnet24compute_output_buffer_2dINS_5arrayI8ap_fixedILi12ELi6EL9ap_q_mode5EL9_220          |  12|   0|   12|          0|
    |p_ZZN4nnet24compute_output_buffer_2dINS_5arrayI8ap_fixedILi12ELi6EL9ap_q_mode5EL9_221          |  12|   0|   12|          0|
    |p_ZZN4nnet24compute_output_buffer_2dINS_5arrayI8ap_fixedILi12ELi6EL9ap_q_mode5EL9_222          |  12|   0|   12|          0|
    |p_ZZN4nnet24compute_output_buffer_2dINS_5arrayI8ap_fixedILi12ELi6EL9ap_q_mode5EL9_223          |  12|   0|   12|          0|
    |p_ZZN4nnet24compute_output_buffer_2dINS_5arrayI8ap_fixedILi12ELi6EL9ap_q_mode5EL9_224          |  12|   0|   12|          0|
    |p_ZZN4nnet24compute_output_buffer_2dINS_5arrayI8ap_fixedILi12ELi6EL9ap_q_mode5EL9_225          |  12|   0|   12|          0|
    |p_ZZN4nnet24compute_output_buffer_2dINS_5arrayI8ap_fixedILi12ELi6EL9ap_q_mode5EL9_226          |  12|   0|   12|          0|
    |sX_3                                                                                           |  32|   0|   32|          0|
    |sY_3                                                                                           |  32|   0|   32|          0|
    |void_compute_output_buffer_2d_array_const_ap_shift_reg_n_chan_stream_weig_30                   |  12|   0|   12|          0|
    |void_compute_output_buffer_2d_array_const_ap_shift_reg_n_chan_stream_weig_31                   |  12|   0|   12|          0|
    |void_compute_output_buffer_2d_array_const_ap_shift_reg_n_chan_stream_weig_32                   |  12|   0|   12|          0|
    |void_compute_output_buffer_2d_array_const_ap_shift_reg_n_chan_stream_weig_33                   |  12|   0|   12|          0|
    |void_compute_output_buffer_2d_array_const_ap_shift_reg_n_chan_stream_weig_34                   |  12|   0|   12|          0|
    |void_compute_output_buffer_2d_array_const_ap_shift_reg_n_chan_stream_weig_35                   |  12|   0|   12|          0|
    |void_compute_output_buffer_2d_array_const_ap_shift_reg_n_chan_stream_weig_36                   |  12|   0|   12|          0|
    |void_compute_output_buffer_2d_array_const_ap_shift_reg_n_chan_stream_weig_37                   |  12|   0|   12|          0|
    |void_compute_output_buffer_2d_array_const_ap_shift_reg_n_chan_stream_weig_38                   |  12|   0|   12|          0|
    |void_compute_output_buffer_2d_array_const_ap_shift_reg_n_chan_stream_weig_39                   |  12|   0|   12|          0|
    +-----------------------------------------------------------------------------------------------+----+----+-----+-----------+
    |Total                                                                                          | 566|   0|  566|          0|
    +-----------------------------------------------------------------------------------------------+----+----+-----+-----------+



================================================================
== Interface
================================================================
* Summary: 
+---------------------------+-----+-----+------------+------------------------------------------------------------------------+--------------+
|         RTL Ports         | Dir | Bits|  Protocol  |                              Source Object                             |    C Type    |
+---------------------------+-----+-----+------------+------------------------------------------------------------------------+--------------+
|ap_clk                     |   in|    1|  ap_ctrl_hs|  compute_output_buffer_2d<array,array<ap_fixed<12,6,5,3,0>,6u>,config9>|  return value|
|ap_rst                     |   in|    1|  ap_ctrl_hs|  compute_output_buffer_2d<array,array<ap_fixed<12,6,5,3,0>,6u>,config9>|  return value|
|ap_start                   |   in|    1|  ap_ctrl_hs|  compute_output_buffer_2d<array,array<ap_fixed<12,6,5,3,0>,6u>,config9>|  return value|
|ap_done                    |  out|    1|  ap_ctrl_hs|  compute_output_buffer_2d<array,array<ap_fixed<12,6,5,3,0>,6u>,config9>|  return value|
|ap_idle                    |  out|    1|  ap_ctrl_hs|  compute_output_buffer_2d<array,array<ap_fixed<12,6,5,3,0>,6u>,config9>|  return value|
|ap_ready                   |  out|    1|  ap_ctrl_hs|  compute_output_buffer_2d<array,array<ap_fixed<12,6,5,3,0>,6u>,config9>|  return value|
|p_read                     |   in|   12|     ap_none|                                                                  p_read|        scalar|
|p_read1                    |   in|   12|     ap_none|                                                                 p_read1|        scalar|
|p_read2                    |   in|   12|     ap_none|                                                                 p_read2|        scalar|
|p_read3                    |   in|   12|     ap_none|                                                                 p_read3|        scalar|
|layer9_out_din             |  out|   72|     ap_fifo|                                                              layer9_out|       pointer|
|layer9_out_num_data_valid  |   in|   13|     ap_fifo|                                                              layer9_out|       pointer|
|layer9_out_fifo_cap        |   in|   13|     ap_fifo|                                                              layer9_out|       pointer|
|layer9_out_full_n          |   in|    1|     ap_fifo|                                                              layer9_out|       pointer|
|layer9_out_write           |  out|    1|     ap_fifo|                                                              layer9_out|       pointer|
+---------------------------+-----+-----+------------+------------------------------------------------------------------------+--------------+

