

================================================================
== Vitis HLS Report for 'compute_output_buffer_2d_array_array_ap_fixed_12_6_5_3_0_4u_config5_s'
================================================================
* Date:           Wed Apr 22 16:02:07 2026

* Version:        2023.2 (Build 4023990 on Oct 11 2023)
* Project:        folo_prj
* Solution:       solution1 (Vivado IP Flow Target)
* Product family: kintexu
* Target device:  xcku035-fbva676-2-e


================================================================
== Performance Estimates
================================================================
+ Timing: 
    * Summary: 
    +--------+---------+----------+------------+
    |  Clock |  Target | Estimated| Uncertainty|
    +--------+---------+----------+------------+
    |ap_clk  |  5.00 ns|  3.847 ns|     1.35 ns|
    +--------+---------+----------+------------+

+ Latency: 
    * Summary: 
    +---------+---------+-----------+----------+-----+-----+---------+
    |  Latency (cycles) |  Latency (absolute)  |  Interval | Pipeline|
    |   min   |   max   |    min    |    max   | min | max |   Type  |
    +---------+---------+-----------+----------+-----+-----+---------+
    |        2|       23|  10.000 ns|  0.115 us|    2|   23|       no|
    +---------+---------+-----------+----------+-----+-----+---------+

    + Detail: 
        * Instance: 
        +----------------------------------------------------------------------------------+-----------------------------------------------------------------------+---------+---------+----------+----------+-----+-----+------------------------------------------+
        |                                                                                  |                                                                       |  Latency (cycles) |  Latency (absolute) |  Interval |                 Pipeline                 |
        |                                     Instance                                     |                                 Module                                |   min   |   max   |    min   |    max   | min | max |                   Type                   |
        +----------------------------------------------------------------------------------+-----------------------------------------------------------------------+---------+---------+----------+----------+-----+-----+------------------------------------------+
        |call_ln281_shift_line_buffer_array_ap_fixed_12_6_5_3_0_4u_config5_s_fu_181        |shift_line_buffer_array_ap_fixed_12_6_5_3_0_4u_config5_s               |        0|        0|      0 ns|      0 ns|    1|    1|                                       yes|
        |grp_dense_resource_rf_leq_nin_ap_fixed_ap_fixed_12_6_5_3_0_config5_mult_s_fu_281  |dense_resource_rf_leq_nin_ap_fixed_ap_fixed_12_6_5_3_0_config5_mult_s  |       20|       21|  0.100 us|  0.105 us|   18|   18|  loop rewind stp(delay=0 clock cycles(s))|
        +----------------------------------------------------------------------------------+-----------------------------------------------------------------------+---------+---------+----------+----------+-----+-----+------------------------------------------+

        * Loop: 
        N/A



================================================================
== Utilization Estimates
================================================================
* Summary: 
+-----------------+---------+------+--------+--------+-----+
|       Name      | BRAM_18K|  DSP |   FF   |   LUT  | URAM|
+-----------------+---------+------+--------+--------+-----+
|DSP              |        -|     -|       -|       -|    -|
|Expression       |        -|     -|       0|     505|    -|
|FIFO             |        -|     -|       -|       -|    -|
|Instance         |        3|     8|    1194|    1736|    -|
|Memory           |        -|     -|       -|       -|    -|
|Multiplexer      |        -|     -|       -|      70|    -|
|Register         |        -|     -|     566|       -|    -|
+-----------------+---------+------+--------+--------+-----+
|Total            |        3|     8|    1760|    2311|    0|
+-----------------+---------+------+--------+--------+-----+
|Available        |     1080|  1700|  406256|  203128|    0|
+-----------------+---------+------+--------+--------+-----+
|Utilization (%)  |       ~0|    ~0|      ~0|       1|    0|
+-----------------+---------+------+--------+--------+-----+

+ Detail: 
    * Instance: 
    +----------------------------------------------------------------------------------+-----------------------------------------------------------------------+---------+----+------+------+-----+
    |                                     Instance                                     |                                 Module                                | BRAM_18K| DSP|  FF  |  LUT | URAM|
    +----------------------------------------------------------------------------------+-----------------------------------------------------------------------+---------+----+------+------+-----+
    |grp_dense_resource_rf_leq_nin_ap_fixed_ap_fixed_12_6_5_3_0_config5_mult_s_fu_281  |dense_resource_rf_leq_nin_ap_fixed_ap_fixed_12_6_5_3_0_config5_mult_s  |        3|   8|  1193|  1512|    0|
    |call_ln281_shift_line_buffer_array_ap_fixed_12_6_5_3_0_4u_config5_s_fu_181        |shift_line_buffer_array_ap_fixed_12_6_5_3_0_4u_config5_s               |        0|   0|     1|   224|    0|
    +----------------------------------------------------------------------------------+-----------------------------------------------------------------------+---------+----+------+------+-----+
    |Total                                                                             |                                                                       |        3|   8|  1194|  1736|    0|
    +----------------------------------------------------------------------------------+-----------------------------------------------------------------------+---------+----+------+------+-----+

    * DSP: 
    N/A

    * Memory: 
    N/A

    * FIFO: 
    N/A

    * Expression: 
    +---------------------------------+----------+----+---+----+------------+------------+
    |          Variable Name          | Operation| DSP| FF| LUT| Bitwidth P0| Bitwidth P1|
    +---------------------------------+----------+----+---+----+------------+------------+
    |add_ln303_fu_460_p2              |         +|   0|  0|  39|          32|           1|
    |add_ln307_fu_507_p2              |         +|   0|  0|  39|          32|           1|
    |add_ln313_fu_529_p2              |         +|   0|  0|  39|          32|           1|
    |add_ln318_fu_477_p2              |         +|   0|  0|  39|          32|           1|
    |and_ln284_4_fu_425_p2            |       and|   0|  0|   2|           1|           1|
    |and_ln284_fu_419_p2              |       and|   0|  0|   2|           1|           1|
    |ap_block_state3                  |       and|   0|  0|   2|           1|           1|
    |ap_block_state3_on_subcall_done  |       and|   0|  0|   2|           1|           1|
    |ap_condition_266                 |       and|   0|  0|   2|           1|           1|
    |ap_condition_473                 |       and|   0|  0|   2|           1|           1|
    |ap_predicate_op25_call_state3    |       and|   0|  0|   2|           1|           1|
    |icmp_ln284_10_fu_381_p2          |      icmp|   0|  0|  39|          32|           2|
    |icmp_ln284_12_fu_397_p2          |      icmp|   0|  0|  38|          31|           1|
    |icmp_ln284_13_fu_413_p2          |      icmp|   0|  0|  38|          31|           1|
    |icmp_ln284_fu_363_p2             |      icmp|   0|  0|  39|          32|           2|
    |icmp_ln303_fu_465_p2             |      icmp|   0|  0|  39|          32|           8|
    |icmp_ln307_fu_512_p2             |      icmp|   0|  0|  39|          32|           8|
    |icmp_ln313_fu_524_p2             |      icmp|   0|  0|  39|          32|           2|
    |select_ln313_fu_534_p3           |    select|   0|  0|  32|           1|           2|
    |select_ln318_fu_482_p3           |    select|   0|  0|  32|           1|           2|
    +---------------------------------+----------+----+---+----+------------+------------+
    |Total                            |          |   0|  0| 505|         359|          39|
    +---------------------------------+----------+----+---+----+------------+------------+

    * Multiplexer: 
    +-------------------------------------+----+-----------+-----+-----------+
    |                 Name                | LUT| Input Size| Bits| Total Bits|
    +-------------------------------------+----+-----------+-----+-----------+
    |ap_NS_fsm                            |  20|          4|    1|          4|
    |ap_phi_mux_storemerge_phi_fu_174_p4  |  14|          3|   32|         96|
    |layer5_out_blk_n                     |   9|          2|    1|          2|
    |pX_4                                 |   9|          2|   32|         64|
    |pY_4                                 |   9|          2|   32|         64|
    |sX_4                                 |   9|          2|   32|         64|
    +-------------------------------------+----+-----------+-----+-----------+
    |Total                                |  70|         15|  130|        294|
    +-------------------------------------+----+-----------+-----+-----------+

    * Register: 
    +-----------------------------------------------------------------------------------------------+----+----+-----+-----------+
    |                                              Name                                             | FF | LUT| Bits| Const Bits|
    +-----------------------------------------------------------------------------------------------+----+----+-----+-----------+
    |and_ln284_4_reg_572                                                                            |   1|   0|    1|          0|
    |ap_CS_fsm                                                                                      |   3|   0|    3|          0|
    |grp_dense_resource_rf_leq_nin_ap_fixed_ap_fixed_12_6_5_3_0_config5_mult_s_fu_281_ap_start_reg  |   1|   0|    1|          0|
    |icmp_ln284_reg_558                                                                             |   1|   0|    1|          0|
    |pX_4                                                                                           |  32|   0|   32|          0|
    |pY_4                                                                                           |  32|   0|   32|          0|
    |p_ZZN4nnet24compute_output_buffer_2dINS_5arrayI8ap_fixedILi12ELi6EL9ap_q_mode5EL9_227          |  12|   0|   12|          0|
    |p_ZZN4nnet24compute_output_buffer_2dINS_5arrayI8ap_fixedILi12ELi6EL9ap_q_mode5EL9_228          |  12|   0|   12|          0|
    |p_ZZN4nnet24compute_output_buffer_2dINS_5arrayI8ap_fixedILi12ELi6EL9ap_q_mode5EL9_229          |  12|   0|   12|          0|
    |p_ZZN4nnet24compute_output_buffer_2dINS_5arrayI8ap_fixedILi12ELi6EL9ap_q_mode5EL9_230          |  12|   0|   12|          0|
    |p_ZZN4nnet24compute_output_buffer_2dINS_5arrayI8ap_fixedILi12ELi6EL9ap_q_mode5EL9_231          |  12|   0|   12|          0|
    |p_ZZN4nnet24compute_output_buffer_2dINS_5arrayI8ap_fixedILi12ELi6EL9ap_q_mode5EL9_232          |  12|   0|   12|          0|
    |p_ZZN4nnet24compute_output_buffer_2dINS_5arrayI8ap_fixedILi12ELi6EL9ap_q_mode5EL9_233          |  12|   0|   12|          0|
    |p_ZZN4nnet24compute_output_buffer_2dINS_5arrayI8ap_fixedILi12ELi6EL9ap_q_mode5EL9_234          |  12|   0|   12|          0|
    |p_ZZN4nnet24compute_output_buffer_2dINS_5arrayI8ap_fixedILi12ELi6EL9ap_q_mode5EL9_235          |  12|   0|   12|          0|
    |p_ZZN4nnet24compute_output_buffer_2dINS_5arrayI8ap_fixedILi12ELi6EL9ap_q_mode5EL9_236          |  12|   0|   12|          0|
    |p_ZZN4nnet24compute_output_buffer_2dINS_5arrayI8ap_fixedILi12ELi6EL9ap_q_mode5EL9_237          |  12|   0|   12|          0|
    |p_ZZN4nnet24compute_output_buffer_2dINS_5arrayI8ap_fixedILi12ELi6EL9ap_q_mode5EL9_238          |  12|   0|   12|          0|
    |p_ZZN4nnet24compute_output_buffer_2dINS_5arrayI8ap_fixedILi12ELi6EL9ap_q_mode5EL9_239          |  12|   0|   12|          0|
    |p_ZZN4nnet24compute_output_buffer_2dINS_5arrayI8ap_fixedILi12ELi6EL9ap_q_mode5EL9_240          |  12|   0|   12|          0|
    |p_ZZN4nnet24compute_output_buffer_2dINS_5arrayI8ap_fixedILi12ELi6EL9ap_q_mode5EL9_241          |  12|   0|   12|          0|
    |p_ZZN4nnet24compute_output_buffer_2dINS_5arrayI8ap_fixedILi12ELi6EL9ap_q_mode5EL9_242          |  12|   0|   12|          0|
    |p_ZZN4nnet24compute_output_buffer_2dINS_5arrayI8ap_fixedILi12ELi6EL9ap_q_mode5EL9_243          |  12|   0|   12|          0|
    |p_ZZN4nnet24compute_output_buffer_2dINS_5arrayI8ap_fixedILi12ELi6EL9ap_q_mode5EL9_244          |  12|   0|   12|          0|
    |p_ZZN4nnet24compute_output_buffer_2dINS_5arrayI8ap_fixedILi12ELi6EL9ap_q_mode5EL9_245          |  12|   0|   12|          0|
    |p_ZZN4nnet24compute_output_buffer_2dINS_5arrayI8ap_fixedILi12ELi6EL9ap_q_mode5EL9_246          |  12|   0|   12|          0|
    |p_ZZN4nnet24compute_output_buffer_2dINS_5arrayI8ap_fixedILi12ELi6EL9ap_q_mode5EL9_247          |  12|   0|   12|          0|
    |p_ZZN4nnet24compute_output_buffer_2dINS_5arrayI8ap_fixedILi12ELi6EL9ap_q_mode5EL9_248          |  12|   0|   12|          0|
    |p_ZZN4nnet24compute_output_buffer_2dINS_5arrayI8ap_fixedILi12ELi6EL9ap_q_mode5EL9_249          |  12|   0|   12|          0|
    |p_ZZN4nnet24compute_output_buffer_2dINS_5arrayI8ap_fixedILi12ELi6EL9ap_q_mode5EL9_250          |  12|   0|   12|          0|
    |p_ZZN4nnet24compute_output_buffer_2dINS_5arrayI8ap_fixedILi12ELi6EL9ap_q_mode5EL9_251          |  12|   0|   12|          0|
    |p_ZZN4nnet24compute_output_buffer_2dINS_5arrayI8ap_fixedILi12ELi6EL9ap_q_mode5EL9_252          |  12|   0|   12|          0|
    |sX_4                                                                                           |  32|   0|   32|          0|
    |sY_4                                                                                           |  32|   0|   32|          0|
    |void_compute_output_buffer_2d_array_const_ap_shift_reg_n_chan_stream_weig_40                   |  12|   0|   12|          0|
    |void_compute_output_buffer_2d_array_const_ap_shift_reg_n_chan_stream_weig_41                   |  12|   0|   12|          0|
    |void_compute_output_buffer_2d_array_const_ap_shift_reg_n_chan_stream_weig_42                   |  12|   0|   12|          0|
    |void_compute_output_buffer_2d_array_const_ap_shift_reg_n_chan_stream_weig_43                   |  12|   0|   12|          0|
    |void_compute_output_buffer_2d_array_const_ap_shift_reg_n_chan_stream_weig_44                   |  12|   0|   12|          0|
    |void_compute_output_buffer_2d_array_const_ap_shift_reg_n_chan_stream_weig_45                   |  12|   0|   12|          0|
    |void_compute_output_buffer_2d_array_const_ap_shift_reg_n_chan_stream_weig_46                   |  12|   0|   12|          0|
    |void_compute_output_buffer_2d_array_const_ap_shift_reg_n_chan_stream_weig_47                   |  12|   0|   12|          0|
    |void_compute_output_buffer_2d_array_const_ap_shift_reg_n_chan_stream_weig_48                   |  12|   0|   12|          0|
    |void_compute_output_buffer_2d_array_const_ap_shift_reg_n_chan_stream_weig_49                   |  12|   0|   12|          0|
    +-----------------------------------------------------------------------------------------------+----+----+-----+-----------+
    |Total                                                                                          | 566|   0|  566|          0|
    +-----------------------------------------------------------------------------------------------+----+----+-----+-----------+



================================================================
== Interface
================================================================
* Summary: 
+---------------------------+-----+-----+------------+------------------------------------------------------------------------+--------------+
|         RTL Ports         | Dir | Bits|  Protocol  |                              Source Object                             |    C Type    |
+---------------------------+-----+-----+------------+------------------------------------------------------------------------+--------------+
|ap_clk                     |   in|    1|  ap_ctrl_hs|  compute_output_buffer_2d<array,array<ap_fixed<12,6,5,3,0>,4u>,config5>|  return value|
|ap_rst                     |   in|    1|  ap_ctrl_hs|  compute_output_buffer_2d<array,array<ap_fixed<12,6,5,3,0>,4u>,config5>|  return value|
|ap_start                   |   in|    1|  ap_ctrl_hs|  compute_output_buffer_2d<array,array<ap_fixed<12,6,5,3,0>,4u>,config5>|  return value|
|ap_done                    |  out|    1|  ap_ctrl_hs|  compute_output_buffer_2d<array,array<ap_fixed<12,6,5,3,0>,4u>,config5>|  return value|
|ap_idle                    |  out|    1|  ap_ctrl_hs|  compute_output_buffer_2d<array,array<ap_fixed<12,6,5,3,0>,4u>,config5>|  return value|
|ap_ready                   |  out|    1|  ap_ctrl_hs|  compute_output_buffer_2d<array,array<ap_fixed<12,6,5,3,0>,4u>,config5>|  return value|
|p_read                     |   in|   12|     ap_none|                                                                  p_read|        scalar|
|p_read1                    |   in|   12|     ap_none|                                                                 p_read1|        scalar|
|p_read2                    |   in|   12|     ap_none|                                                                 p_read2|        scalar|
|p_read3                    |   in|   12|     ap_none|                                                                 p_read3|        scalar|
|layer5_out_din             |  out|   48|     ap_fifo|                                                              layer5_out|       pointer|
|layer5_out_num_data_valid  |   in|   15|     ap_fifo|                                                              layer5_out|       pointer|
|layer5_out_fifo_cap        |   in|   15|     ap_fifo|                                                              layer5_out|       pointer|
|layer5_out_full_n          |   in|    1|     ap_fifo|                                                              layer5_out|       pointer|
|layer5_out_write           |  out|    1|     ap_fifo|                                                              layer5_out|       pointer|
+---------------------------+-----+-----+------------+------------------------------------------------------------------------+--------------+

