

================================================================
== Vitis HLS Report for 'compute_output_buffer_2d_array_array_ap_fixed_12_6_5_3_0_8u_config19_s'
================================================================
* Date:           Wed Apr 22 16:02:15 2026

* Version:        2023.2 (Build 4023990 on Oct 11 2023)
* Project:        folo_prj
* Solution:       solution1 (Vivado IP Flow Target)
* Product family: kintexu
* Target device:  xcku035-fbva676-2-e


================================================================
== Performance Estimates
================================================================
+ Timing: 
    * Summary: 
    +--------+---------+----------+------------+
    |  Clock |  Target | Estimated| Uncertainty|
    +--------+---------+----------+------------+
    |ap_clk  |  5.00 ns|  3.847 ns|     1.35 ns|
    +--------+---------+----------+------------+

+ Latency: 
    * Summary: 
    +---------+---------+-----------+----------+-----+-----+---------+
    |  Latency (cycles) |  Latency (absolute)  |  Interval | Pipeline|
    |   min   |   max   |    min    |    max   | min | max |   Type  |
    +---------+---------+-----------+----------+-----+-----+---------+
    |        2|       24|  10.000 ns|  0.120 us|    2|   24|       no|
    +---------+---------+-----------+----------+-----+-----+---------+

    + Detail: 
        * Instance: 
        +-----------------------------------------------------------------------------------+------------------------------------------------------------------------+---------+---------+----------+----------+-----+-----+------------------------------------------+
        |                                                                                   |                                                                        |  Latency (cycles) |  Latency (absolute) |  Interval |                 Pipeline                 |
        |                                      Instance                                     |                                 Module                                 |   min   |   max   |    min   |    max   | min | max |                   Type                   |
        +-----------------------------------------------------------------------------------+------------------------------------------------------------------------+---------+---------+----------+----------+-----+-----+------------------------------------------+
        |call_ln281_shift_line_buffer_array_ap_fixed_12_6_5_3_0_8u_config19_s_fu_301        |shift_line_buffer_array_ap_fixed_12_6_5_3_0_8u_config19_s               |        0|        0|      0 ns|      0 ns|    1|    1|                                       yes|
        |grp_dense_resource_rf_leq_nin_ap_fixed_ap_fixed_12_6_5_3_0_config19_mult_s_fu_497  |dense_resource_rf_leq_nin_ap_fixed_ap_fixed_12_6_5_3_0_config19_mult_s  |       20|       21|  0.100 us|  0.105 us|   18|   18|  loop rewind stp(delay=0 clock cycles(s))|
        +-----------------------------------------------------------------------------------+------------------------------------------------------------------------+---------+---------+----------+----------+-----+-----+------------------------------------------+

        * Loop: 
        N/A



================================================================
== Utilization Estimates
================================================================
* Summary: 
+-----------------+---------+------+--------+--------+-----+
|       Name      | BRAM_18K|  DSP |   FF   |   LUT  | URAM|
+-----------------+---------+------+--------+--------+-----+
|DSP              |        -|     -|       -|       -|    -|
|Expression       |        -|     -|       0|     501|    -|
|FIFO             |        -|     -|       -|       -|    -|
|Instance         |       11|    32|    2752|    3770|    -|
|Memory           |        -|     -|       -|       -|    -|
|Multiplexer      |        -|     -|       -|      76|    -|
|Register         |        -|     -|    1095|       -|    -|
+-----------------+---------+------+--------+--------+-----+
|Total            |       11|    32|    3847|    4347|    0|
+-----------------+---------+------+--------+--------+-----+
|Available        |     1080|  1700|  406256|  203128|    0|
+-----------------+---------+------+--------+--------+-----+
|Utilization (%)  |        1|     1|      ~0|       2|    0|
+-----------------+---------+------+--------+--------+-----+

+ Detail: 
    * Instance: 
    +-----------------------------------------------------------------------------------+------------------------------------------------------------------------+---------+----+------+------+-----+
    |                                      Instance                                     |                                 Module                                 | BRAM_18K| DSP|  FF  |  LUT | URAM|
    +-----------------------------------------------------------------------------------+------------------------------------------------------------------------+---------+----+------+------+-----+
    |grp_dense_resource_rf_leq_nin_ap_fixed_ap_fixed_12_6_5_3_0_config19_mult_s_fu_497  |dense_resource_rf_leq_nin_ap_fixed_ap_fixed_12_6_5_3_0_config19_mult_s  |       11|  32|  2751|  3322|    0|
    |call_ln281_shift_line_buffer_array_ap_fixed_12_6_5_3_0_8u_config19_s_fu_301        |shift_line_buffer_array_ap_fixed_12_6_5_3_0_8u_config19_s               |        0|   0|     1|   448|    0|
    +-----------------------------------------------------------------------------------+------------------------------------------------------------------------+---------+----+------+------+-----+
    |Total                                                                              |                                                                        |       11|  32|  2752|  3770|    0|
    +-----------------------------------------------------------------------------------+------------------------------------------------------------------------+---------+----+------+------+-----+

    * DSP: 
    N/A

    * Memory: 
    N/A

    * FIFO: 
    N/A

    * Expression: 
    +--------------------------------+----------+----+---+----+------------+------------+
    |          Variable Name         | Operation| DSP| FF| LUT| Bitwidth P0| Bitwidth P1|
    +--------------------------------+----------+----+---+----+------------+------------+
    |add_ln303_fu_764_p2             |         +|   0|  0|  39|          32|           1|
    |add_ln307_fu_811_p2             |         +|   0|  0|  39|          32|           1|
    |add_ln313_fu_833_p2             |         +|   0|  0|  39|          32|           1|
    |add_ln318_fu_781_p2             |         +|   0|  0|  39|          32|           1|
    |and_ln284_1_fu_713_p2           |       and|   0|  0|   2|           1|           1|
    |and_ln284_fu_707_p2             |       and|   0|  0|   2|           1|           1|
    |ap_block_state4                 |       and|   0|  0|   2|           1|           1|
    |ap_condition_839                |       and|   0|  0|   2|           1|           1|
    |ap_predicate_op40_write_state4  |       and|   0|  0|   2|           1|           1|
    |icmp_ln284_1_fu_669_p2          |      icmp|   0|  0|  39|          32|           2|
    |icmp_ln284_2_fu_685_p2          |      icmp|   0|  0|  38|          31|           1|
    |icmp_ln284_3_fu_701_p2          |      icmp|   0|  0|  38|          31|           1|
    |icmp_ln284_fu_651_p2            |      icmp|   0|  0|  39|          32|           2|
    |icmp_ln303_fu_769_p2            |      icmp|   0|  0|  39|          32|           6|
    |icmp_ln307_fu_816_p2            |      icmp|   0|  0|  39|          32|           6|
    |icmp_ln313_fu_828_p2            |      icmp|   0|  0|  39|          32|           2|
    |select_ln313_fu_838_p3          |    select|   0|  0|  32|           1|           2|
    |select_ln318_fu_786_p3          |    select|   0|  0|  32|           1|           2|
    +--------------------------------+----------+----+---+----+------------+------------+
    |Total                           |          |   0|  0| 501|         357|          33|
    +--------------------------------+----------+----+---+----+------------+------------+

    * Multiplexer: 
    +-------------------------------------+----+-----------+-----+-----------+
    |                 Name                | LUT| Input Size| Bits| Total Bits|
    +-------------------------------------+----+-----------+-----+-----------+
    |ap_NS_fsm                            |  26|          5|    1|          5|
    |ap_phi_mux_storemerge_phi_fu_294_p4  |  14|          3|   32|         96|
    |layer19_out_blk_n                    |   9|          2|    1|          2|
    |pX                                   |   9|          2|   32|         64|
    |pY                                   |   9|          2|   32|         64|
    |sX                                   |   9|          2|   32|         64|
    +-------------------------------------+----+-----------+-----+-----------+
    |Total                                |  76|         16|  130|        295|
    +-------------------------------------+----+-----------+-----+-----------+

    * Register: 
    +------------------------------------------------------------------------------------------------+----+----+-----+-----------+
    |                                              Name                                              | FF | LUT| Bits| Const Bits|
    +------------------------------------------------------------------------------------------------+----+----+-----+-----------+
    |and_ln284_1_reg_876                                                                             |   1|   0|    1|          0|
    |ap_CS_fsm                                                                                       |   4|   0|    4|          0|
    |grp_dense_resource_rf_leq_nin_ap_fixed_ap_fixed_12_6_5_3_0_config19_mult_s_fu_497_ap_start_reg  |   1|   0|    1|          0|
    |icmp_ln284_reg_862                                                                              |   1|   0|    1|          0|
    |pX                                                                                              |  32|   0|   32|          0|
    |pY                                                                                              |  32|   0|   32|          0|
    |p_ZZN4nnet24compute_output_buffer_2dINS_5arrayI8ap_fixedILi12ELi6EL9ap_q_mode5EL9               |  12|   0|   12|          0|
    |p_ZZN4nnet24compute_output_buffer_2dINS_5arrayI8ap_fixedILi12ELi6EL9ap_q_mode5EL9_1             |  12|   0|   12|          0|
    |p_ZZN4nnet24compute_output_buffer_2dINS_5arrayI8ap_fixedILi12ELi6EL9ap_q_mode5EL9_10            |  12|   0|   12|          0|
    |p_ZZN4nnet24compute_output_buffer_2dINS_5arrayI8ap_fixedILi12ELi6EL9ap_q_mode5EL9_11            |  12|   0|   12|          0|
    |p_ZZN4nnet24compute_output_buffer_2dINS_5arrayI8ap_fixedILi12ELi6EL9ap_q_mode5EL9_12            |  12|   0|   12|          0|
    |p_ZZN4nnet24compute_output_buffer_2dINS_5arrayI8ap_fixedILi12ELi6EL9ap_q_mode5EL9_13            |  12|   0|   12|          0|
    |p_ZZN4nnet24compute_output_buffer_2dINS_5arrayI8ap_fixedILi12ELi6EL9ap_q_mode5EL9_14            |  12|   0|   12|          0|
    |p_ZZN4nnet24compute_output_buffer_2dINS_5arrayI8ap_fixedILi12ELi6EL9ap_q_mode5EL9_15            |  12|   0|   12|          0|
    |p_ZZN4nnet24compute_output_buffer_2dINS_5arrayI8ap_fixedILi12ELi6EL9ap_q_mode5EL9_16            |  12|   0|   12|          0|
    |p_ZZN4nnet24compute_output_buffer_2dINS_5arrayI8ap_fixedILi12ELi6EL9ap_q_mode5EL9_17            |  12|   0|   12|          0|
    |p_ZZN4nnet24compute_output_buffer_2dINS_5arrayI8ap_fixedILi12ELi6EL9ap_q_mode5EL9_18            |  12|   0|   12|          0|
    |p_ZZN4nnet24compute_output_buffer_2dINS_5arrayI8ap_fixedILi12ELi6EL9ap_q_mode5EL9_19            |  12|   0|   12|          0|
    |p_ZZN4nnet24compute_output_buffer_2dINS_5arrayI8ap_fixedILi12ELi6EL9ap_q_mode5EL9_2             |  12|   0|   12|          0|
    |p_ZZN4nnet24compute_output_buffer_2dINS_5arrayI8ap_fixedILi12ELi6EL9ap_q_mode5EL9_20            |  12|   0|   12|          0|
    |p_ZZN4nnet24compute_output_buffer_2dINS_5arrayI8ap_fixedILi12ELi6EL9ap_q_mode5EL9_21            |  12|   0|   12|          0|
    |p_ZZN4nnet24compute_output_buffer_2dINS_5arrayI8ap_fixedILi12ELi6EL9ap_q_mode5EL9_22            |  12|   0|   12|          0|
    |p_ZZN4nnet24compute_output_buffer_2dINS_5arrayI8ap_fixedILi12ELi6EL9ap_q_mode5EL9_23            |  12|   0|   12|          0|
    |p_ZZN4nnet24compute_output_buffer_2dINS_5arrayI8ap_fixedILi12ELi6EL9ap_q_mode5EL9_24            |  12|   0|   12|          0|
    |p_ZZN4nnet24compute_output_buffer_2dINS_5arrayI8ap_fixedILi12ELi6EL9ap_q_mode5EL9_25            |  12|   0|   12|          0|
    |p_ZZN4nnet24compute_output_buffer_2dINS_5arrayI8ap_fixedILi12ELi6EL9ap_q_mode5EL9_26            |  12|   0|   12|          0|
    |p_ZZN4nnet24compute_output_buffer_2dINS_5arrayI8ap_fixedILi12ELi6EL9ap_q_mode5EL9_27            |  12|   0|   12|          0|
    |p_ZZN4nnet24compute_output_buffer_2dINS_5arrayI8ap_fixedILi12ELi6EL9ap_q_mode5EL9_28            |  12|   0|   12|          0|
    |p_ZZN4nnet24compute_output_buffer_2dINS_5arrayI8ap_fixedILi12ELi6EL9ap_q_mode5EL9_29            |  12|   0|   12|          0|
    |p_ZZN4nnet24compute_output_buffer_2dINS_5arrayI8ap_fixedILi12ELi6EL9ap_q_mode5EL9_3             |  12|   0|   12|          0|
    |p_ZZN4nnet24compute_output_buffer_2dINS_5arrayI8ap_fixedILi12ELi6EL9ap_q_mode5EL9_30            |  12|   0|   12|          0|
    |p_ZZN4nnet24compute_output_buffer_2dINS_5arrayI8ap_fixedILi12ELi6EL9ap_q_mode5EL9_31            |  12|   0|   12|          0|
    |p_ZZN4nnet24compute_output_buffer_2dINS_5arrayI8ap_fixedILi12ELi6EL9ap_q_mode5EL9_32            |  12|   0|   12|          0|
    |p_ZZN4nnet24compute_output_buffer_2dINS_5arrayI8ap_fixedILi12ELi6EL9ap_q_mode5EL9_33            |  12|   0|   12|          0|
    |p_ZZN4nnet24compute_output_buffer_2dINS_5arrayI8ap_fixedILi12ELi6EL9ap_q_mode5EL9_34            |  12|   0|   12|          0|
    |p_ZZN4nnet24compute_output_buffer_2dINS_5arrayI8ap_fixedILi12ELi6EL9ap_q_mode5EL9_35            |  12|   0|   12|          0|
    |p_ZZN4nnet24compute_output_buffer_2dINS_5arrayI8ap_fixedILi12ELi6EL9ap_q_mode5EL9_36            |  12|   0|   12|          0|
    |p_ZZN4nnet24compute_output_buffer_2dINS_5arrayI8ap_fixedILi12ELi6EL9ap_q_mode5EL9_37            |  12|   0|   12|          0|
    |p_ZZN4nnet24compute_output_buffer_2dINS_5arrayI8ap_fixedILi12ELi6EL9ap_q_mode5EL9_38            |  12|   0|   12|          0|
    |p_ZZN4nnet24compute_output_buffer_2dINS_5arrayI8ap_fixedILi12ELi6EL9ap_q_mode5EL9_39            |  12|   0|   12|          0|
    |p_ZZN4nnet24compute_output_buffer_2dINS_5arrayI8ap_fixedILi12ELi6EL9ap_q_mode5EL9_4             |  12|   0|   12|          0|
    |p_ZZN4nnet24compute_output_buffer_2dINS_5arrayI8ap_fixedILi12ELi6EL9ap_q_mode5EL9_40            |  12|   0|   12|          0|
    |p_ZZN4nnet24compute_output_buffer_2dINS_5arrayI8ap_fixedILi12ELi6EL9ap_q_mode5EL9_41            |  12|   0|   12|          0|
    |p_ZZN4nnet24compute_output_buffer_2dINS_5arrayI8ap_fixedILi12ELi6EL9ap_q_mode5EL9_42            |  12|   0|   12|          0|
    |p_ZZN4nnet24compute_output_buffer_2dINS_5arrayI8ap_fixedILi12ELi6EL9ap_q_mode5EL9_43            |  12|   0|   12|          0|
    |p_ZZN4nnet24compute_output_buffer_2dINS_5arrayI8ap_fixedILi12ELi6EL9ap_q_mode5EL9_44            |  12|   0|   12|          0|
    |p_ZZN4nnet24compute_output_buffer_2dINS_5arrayI8ap_fixedILi12ELi6EL9ap_q_mode5EL9_45            |  12|   0|   12|          0|
    |p_ZZN4nnet24compute_output_buffer_2dINS_5arrayI8ap_fixedILi12ELi6EL9ap_q_mode5EL9_46            |  12|   0|   12|          0|
    |p_ZZN4nnet24compute_output_buffer_2dINS_5arrayI8ap_fixedILi12ELi6EL9ap_q_mode5EL9_47            |  12|   0|   12|          0|
    |p_ZZN4nnet24compute_output_buffer_2dINS_5arrayI8ap_fixedILi12ELi6EL9ap_q_mode5EL9_48            |  12|   0|   12|          0|
    |p_ZZN4nnet24compute_output_buffer_2dINS_5arrayI8ap_fixedILi12ELi6EL9ap_q_mode5EL9_49            |  12|   0|   12|          0|
    |p_ZZN4nnet24compute_output_buffer_2dINS_5arrayI8ap_fixedILi12ELi6EL9ap_q_mode5EL9_5             |  12|   0|   12|          0|
    |p_ZZN4nnet24compute_output_buffer_2dINS_5arrayI8ap_fixedILi12ELi6EL9ap_q_mode5EL9_50            |  12|   0|   12|          0|
    |p_ZZN4nnet24compute_output_buffer_2dINS_5arrayI8ap_fixedILi12ELi6EL9ap_q_mode5EL9_51            |  12|   0|   12|          0|
    |p_ZZN4nnet24compute_output_buffer_2dINS_5arrayI8ap_fixedILi12ELi6EL9ap_q_mode5EL9_52            |  12|   0|   12|          0|
    |p_ZZN4nnet24compute_output_buffer_2dINS_5arrayI8ap_fixedILi12ELi6EL9ap_q_mode5EL9_53            |  12|   0|   12|          0|
    |p_ZZN4nnet24compute_output_buffer_2dINS_5arrayI8ap_fixedILi12ELi6EL9ap_q_mode5EL9_54            |  12|   0|   12|          0|
    |p_ZZN4nnet24compute_output_buffer_2dINS_5arrayI8ap_fixedILi12ELi6EL9ap_q_mode5EL9_55            |  12|   0|   12|          0|
    |p_ZZN4nnet24compute_output_buffer_2dINS_5arrayI8ap_fixedILi12ELi6EL9ap_q_mode5EL9_56            |  12|   0|   12|          0|
    |p_ZZN4nnet24compute_output_buffer_2dINS_5arrayI8ap_fixedILi12ELi6EL9ap_q_mode5EL9_57            |  12|   0|   12|          0|
    |p_ZZN4nnet24compute_output_buffer_2dINS_5arrayI8ap_fixedILi12ELi6EL9ap_q_mode5EL9_58            |  12|   0|   12|          0|
    |p_ZZN4nnet24compute_output_buffer_2dINS_5arrayI8ap_fixedILi12ELi6EL9ap_q_mode5EL9_59            |  12|   0|   12|          0|
    |p_ZZN4nnet24compute_output_buffer_2dINS_5arrayI8ap_fixedILi12ELi6EL9ap_q_mode5EL9_6             |  12|   0|   12|          0|
    |p_ZZN4nnet24compute_output_buffer_2dINS_5arrayI8ap_fixedILi12ELi6EL9ap_q_mode5EL9_60            |  12|   0|   12|          0|
    |p_ZZN4nnet24compute_output_buffer_2dINS_5arrayI8ap_fixedILi12ELi6EL9ap_q_mode5EL9_61            |  12|   0|   12|          0|
    |p_ZZN4nnet24compute_output_buffer_2dINS_5arrayI8ap_fixedILi12ELi6EL9ap_q_mode5EL9_7             |  12|   0|   12|          0|
    |p_ZZN4nnet24compute_output_buffer_2dINS_5arrayI8ap_fixedILi12ELi6EL9ap_q_mode5EL9_8             |  12|   0|   12|          0|
    |p_ZZN4nnet24compute_output_buffer_2dINS_5arrayI8ap_fixedILi12ELi6EL9ap_q_mode5EL9_9             |  12|   0|   12|          0|
    |res_out_1_reg_885                                                                               |  12|   0|   12|          0|
    |res_out_2_reg_890                                                                               |  12|   0|   12|          0|
    |res_out_3_reg_895                                                                               |  12|   0|   12|          0|
    |res_out_4_reg_900                                                                               |  12|   0|   12|          0|
    |res_out_5_reg_905                                                                               |  12|   0|   12|          0|
    |res_out_6_reg_910                                                                               |  12|   0|   12|          0|
    |res_out_7_reg_915                                                                               |  12|   0|   12|          0|
    |res_out_reg_880                                                                                 |  12|   0|   12|          0|
    |sX                                                                                              |  32|   0|   32|          0|
    |sY                                                                                              |  32|   0|   32|          0|
    |void_compute_output_buffer_2d_array_const_ap_shift_reg_n_chan_stream_weig                       |  12|   0|   12|          0|
    |void_compute_output_buffer_2d_array_const_ap_shift_reg_n_chan_stream_weig_1                     |  12|   0|   12|          0|
    |void_compute_output_buffer_2d_array_const_ap_shift_reg_n_chan_stream_weig_2                     |  12|   0|   12|          0|
    |void_compute_output_buffer_2d_array_const_ap_shift_reg_n_chan_stream_weig_3                     |  12|   0|   12|          0|
    |void_compute_output_buffer_2d_array_const_ap_shift_reg_n_chan_stream_weig_4                     |  12|   0|   12|          0|
    |void_compute_output_buffer_2d_array_const_ap_shift_reg_n_chan_stream_weig_5                     |  12|   0|   12|          0|
    |void_compute_output_buffer_2d_array_const_ap_shift_reg_n_chan_stream_weig_6                     |  12|   0|   12|          0|
    |void_compute_output_buffer_2d_array_const_ap_shift_reg_n_chan_stream_weig_7                     |  12|   0|   12|          0|
    |void_compute_output_buffer_2d_array_const_ap_shift_reg_n_chan_stream_weig_8                     |  12|   0|   12|          0|
    |void_compute_output_buffer_2d_array_const_ap_shift_reg_n_chan_stream_weig_9                     |  12|   0|   12|          0|
    +------------------------------------------------------------------------------------------------+----+----+-----+-----------+
    |Total                                                                                           |1095|   0| 1095|          0|
    +------------------------------------------------------------------------------------------------+----+----+-----+-----------+



================================================================
== Interface
================================================================
* Summary: 
+----------------------------+-----+-----+------------+-------------------------------------------------------------------------+--------------+
|          RTL Ports         | Dir | Bits|  Protocol  |                              Source Object                              |    C Type    |
+----------------------------+-----+-----+------------+-------------------------------------------------------------------------+--------------+
|ap_clk                      |   in|    1|  ap_ctrl_hs|  compute_output_buffer_2d<array,array<ap_fixed<12,6,5,3,0>,8u>,config19>|  return value|
|ap_rst                      |   in|    1|  ap_ctrl_hs|  compute_output_buffer_2d<array,array<ap_fixed<12,6,5,3,0>,8u>,config19>|  return value|
|ap_start                    |   in|    1|  ap_ctrl_hs|  compute_output_buffer_2d<array,array<ap_fixed<12,6,5,3,0>,8u>,config19>|  return value|
|ap_done                     |  out|    1|  ap_ctrl_hs|  compute_output_buffer_2d<array,array<ap_fixed<12,6,5,3,0>,8u>,config19>|  return value|
|ap_idle                     |  out|    1|  ap_ctrl_hs|  compute_output_buffer_2d<array,array<ap_fixed<12,6,5,3,0>,8u>,config19>|  return value|
|ap_ready                    |  out|    1|  ap_ctrl_hs|  compute_output_buffer_2d<array,array<ap_fixed<12,6,5,3,0>,8u>,config19>|  return value|
|p_read                      |   in|   12|     ap_none|                                                                   p_read|        scalar|
|p_read1                     |   in|   12|     ap_none|                                                                  p_read1|        scalar|
|p_read2                     |   in|   12|     ap_none|                                                                  p_read2|        scalar|
|p_read3                     |   in|   12|     ap_none|                                                                  p_read3|        scalar|
|p_read4                     |   in|   12|     ap_none|                                                                  p_read4|        scalar|
|p_read5                     |   in|   12|     ap_none|                                                                  p_read5|        scalar|
|p_read6                     |   in|   12|     ap_none|                                                                  p_read6|        scalar|
|p_read7                     |   in|   12|     ap_none|                                                                  p_read7|        scalar|
|layer19_out_din             |  out|   96|     ap_fifo|                                                              layer19_out|       pointer|
|layer19_out_num_data_valid  |   in|   11|     ap_fifo|                                                              layer19_out|       pointer|
|layer19_out_fifo_cap        |   in|   11|     ap_fifo|                                                              layer19_out|       pointer|
|layer19_out_full_n          |   in|    1|     ap_fifo|                                                              layer19_out|       pointer|
|layer19_out_write           |  out|    1|     ap_fifo|                                                              layer19_out|       pointer|
+----------------------------+-----+-----+------------+-------------------------------------------------------------------------+--------------+

