

================================================================
== Vitis HLS Report for 'compute_output_buffer_2d_array_array_ap_fixed_12_6_5_3_0_8u_config16_s'
================================================================
* Date:           Wed Apr 22 16:02:13 2026

* Version:        2023.2 (Build 4023990 on Oct 11 2023)
* Project:        folo_prj
* Solution:       solution1 (Vivado IP Flow Target)
* Product family: kintexu
* Target device:  xcku035-fbva676-2-e


================================================================
== Performance Estimates
================================================================
+ Timing: 
    * Summary: 
    +--------+---------+----------+------------+
    |  Clock |  Target | Estimated| Uncertainty|
    +--------+---------+----------+------------+
    |ap_clk  |  5.00 ns|  3.847 ns|     1.35 ns|
    +--------+---------+----------+------------+

+ Latency: 
    * Summary: 
    +---------+---------+-----------+----------+-----+-----+---------+
    |  Latency (cycles) |  Latency (absolute)  |  Interval | Pipeline|
    |   min   |   max   |    min    |    max   | min | max |   Type  |
    +---------+---------+-----------+----------+-----+-----+---------+
    |        2|       24|  10.000 ns|  0.120 us|    2|   24|       no|
    +---------+---------+-----------+----------+-----+-----+---------+

    + Detail: 
        * Instance: 
        +-----------------------------------------------------------------------------------+------------------------------------------------------------------------+---------+---------+----------+----------+-----+-----+------------------------------------------+
        |                                                                                   |                                                                        |  Latency (cycles) |  Latency (absolute) |  Interval |                 Pipeline                 |
        |                                      Instance                                     |                                 Module                                 |   min   |   max   |    min   |    max   | min | max |                   Type                   |
        +-----------------------------------------------------------------------------------+------------------------------------------------------------------------+---------+---------+----------+----------+-----+-----+------------------------------------------+
        |call_ln281_shift_line_buffer_array_ap_fixed_12_6_5_3_0_6u_config16_s_fu_241        |shift_line_buffer_array_ap_fixed_12_6_5_3_0_6u_config16_s               |        0|        0|      0 ns|      0 ns|    1|    1|                                       yes|
        |grp_dense_resource_rf_leq_nin_ap_fixed_ap_fixed_12_6_5_3_0_config16_mult_s_fu_389  |dense_resource_rf_leq_nin_ap_fixed_ap_fixed_12_6_5_3_0_config16_mult_s  |       20|       21|  0.100 us|  0.105 us|   18|   18|  loop rewind stp(delay=0 clock cycles(s))|
        +-----------------------------------------------------------------------------------+------------------------------------------------------------------------+---------+---------+----------+----------+-----+-----+------------------------------------------+

        * Loop: 
        N/A



================================================================
== Utilization Estimates
================================================================
* Summary: 
+-----------------+---------+------+--------+--------+-----+
|       Name      | BRAM_18K|  DSP |   FF   |   LUT  | URAM|
+-----------------+---------+------+--------+--------+-----+
|DSP              |        -|     -|       -|       -|    -|
|Expression       |        -|     -|       0|     501|    -|
|FIFO             |        -|     -|       -|       -|    -|
|Instance         |        8|    24|    2118|    2895|    -|
|Memory           |        -|     -|       -|       -|    -|
|Multiplexer      |        -|     -|       -|      76|    -|
|Register         |        -|     -|     879|       -|    -|
+-----------------+---------+------+--------+--------+-----+
|Total            |        8|    24|    2997|    3472|    0|
+-----------------+---------+------+--------+--------+-----+
|Available        |     1080|  1700|  406256|  203128|    0|
+-----------------+---------+------+--------+--------+-----+
|Utilization (%)  |       ~0|     1|      ~0|       1|    0|
+-----------------+---------+------+--------+--------+-----+

+ Detail: 
    * Instance: 
    +-----------------------------------------------------------------------------------+------------------------------------------------------------------------+---------+----+------+------+-----+
    |                                      Instance                                     |                                 Module                                 | BRAM_18K| DSP|  FF  |  LUT | URAM|
    +-----------------------------------------------------------------------------------+------------------------------------------------------------------------+---------+----+------+------+-----+
    |grp_dense_resource_rf_leq_nin_ap_fixed_ap_fixed_12_6_5_3_0_config16_mult_s_fu_389  |dense_resource_rf_leq_nin_ap_fixed_ap_fixed_12_6_5_3_0_config16_mult_s  |        8|  24|  2117|  2559|    0|
    |call_ln281_shift_line_buffer_array_ap_fixed_12_6_5_3_0_6u_config16_s_fu_241        |shift_line_buffer_array_ap_fixed_12_6_5_3_0_6u_config16_s               |        0|   0|     1|   336|    0|
    +-----------------------------------------------------------------------------------+------------------------------------------------------------------------+---------+----+------+------+-----+
    |Total                                                                              |                                                                        |        8|  24|  2118|  2895|    0|
    +-----------------------------------------------------------------------------------+------------------------------------------------------------------------+---------+----+------+------+-----+

    * DSP: 
    N/A

    * Memory: 
    N/A

    * FIFO: 
    N/A

    * Expression: 
    +--------------------------------+----------+----+---+----+------------+------------+
    |          Variable Name         | Operation| DSP| FF| LUT| Bitwidth P0| Bitwidth P1|
    +--------------------------------+----------+----+---+----+------------+------------+
    |add_ln303_fu_620_p2             |         +|   0|  0|  39|          32|           1|
    |add_ln307_fu_667_p2             |         +|   0|  0|  39|          32|           1|
    |add_ln313_fu_689_p2             |         +|   0|  0|  39|          32|           1|
    |add_ln318_fu_637_p2             |         +|   0|  0|  39|          32|           1|
    |and_ln284_2_fu_569_p2           |       and|   0|  0|   2|           1|           1|
    |and_ln284_fu_563_p2             |       and|   0|  0|   2|           1|           1|
    |ap_block_state4                 |       and|   0|  0|   2|           1|           1|
    |ap_condition_665                |       and|   0|  0|   2|           1|           1|
    |ap_predicate_op38_write_state4  |       and|   0|  0|   2|           1|           1|
    |icmp_ln284_4_fu_525_p2          |      icmp|   0|  0|  39|          32|           2|
    |icmp_ln284_5_fu_541_p2          |      icmp|   0|  0|  38|          31|           1|
    |icmp_ln284_6_fu_557_p2          |      icmp|   0|  0|  38|          31|           1|
    |icmp_ln284_fu_507_p2            |      icmp|   0|  0|  39|          32|           2|
    |icmp_ln303_fu_625_p2            |      icmp|   0|  0|  39|          32|           7|
    |icmp_ln307_fu_672_p2            |      icmp|   0|  0|  39|          32|           7|
    |icmp_ln313_fu_684_p2            |      icmp|   0|  0|  39|          32|           2|
    |select_ln313_fu_694_p3          |    select|   0|  0|  32|           1|           1|
    |select_ln318_fu_642_p3          |    select|   0|  0|  32|           1|           1|
    +--------------------------------+----------+----+---+----+------------+------------+
    |Total                           |          |   0|  0| 501|         357|          33|
    +--------------------------------+----------+----+---+----+------------+------------+

    * Multiplexer: 
    +-------------------------------------+----+-----------+-----+-----------+
    |                 Name                | LUT| Input Size| Bits| Total Bits|
    +-------------------------------------+----+-----------+-----+-----------+
    |ap_NS_fsm                            |  26|          5|    1|          5|
    |ap_phi_mux_storemerge_phi_fu_234_p4  |  14|          3|   32|         96|
    |layer16_out_blk_n                    |   9|          2|    1|          2|
    |pX_1                                 |   9|          2|   32|         64|
    |pY_1                                 |   9|          2|   32|         64|
    |sX_1                                 |   9|          2|   32|         64|
    +-------------------------------------+----+-----------+-----+-----------+
    |Total                                |  76|         16|  130|        295|
    +-------------------------------------+----+-----------+-----+-----------+

    * Register: 
    +------------------------------------------------------------------------------------------------+----+----+-----+-----------+
    |                                              Name                                              | FF | LUT| Bits| Const Bits|
    +------------------------------------------------------------------------------------------------+----+----+-----+-----------+
    |and_ln284_2_reg_732                                                                             |   1|   0|    1|          0|
    |ap_CS_fsm                                                                                       |   4|   0|    4|          0|
    |grp_dense_resource_rf_leq_nin_ap_fixed_ap_fixed_12_6_5_3_0_config16_mult_s_fu_389_ap_start_reg  |   1|   0|    1|          0|
    |icmp_ln284_reg_718                                                                              |   1|   0|    1|          0|
    |pX_1                                                                                            |  32|   0|   32|          0|
    |pY_1                                                                                            |  32|   0|   32|          0|
    |p_ZZN4nnet24compute_output_buffer_2dINS_5arrayI8ap_fixedILi12ELi6EL9ap_q_mode5EL9_253           |  12|   0|   12|          0|
    |p_ZZN4nnet24compute_output_buffer_2dINS_5arrayI8ap_fixedILi12ELi6EL9ap_q_mode5EL9_254           |  12|   0|   12|          0|
    |p_ZZN4nnet24compute_output_buffer_2dINS_5arrayI8ap_fixedILi12ELi6EL9ap_q_mode5EL9_255           |  12|   0|   12|          0|
    |p_ZZN4nnet24compute_output_buffer_2dINS_5arrayI8ap_fixedILi12ELi6EL9ap_q_mode5EL9_256           |  12|   0|   12|          0|
    |p_ZZN4nnet24compute_output_buffer_2dINS_5arrayI8ap_fixedILi12ELi6EL9ap_q_mode5EL9_257           |  12|   0|   12|          0|
    |p_ZZN4nnet24compute_output_buffer_2dINS_5arrayI8ap_fixedILi12ELi6EL9ap_q_mode5EL9_258           |  12|   0|   12|          0|
    |p_ZZN4nnet24compute_output_buffer_2dINS_5arrayI8ap_fixedILi12ELi6EL9ap_q_mode5EL9_259           |  12|   0|   12|          0|
    |p_ZZN4nnet24compute_output_buffer_2dINS_5arrayI8ap_fixedILi12ELi6EL9ap_q_mode5EL9_260           |  12|   0|   12|          0|
    |p_ZZN4nnet24compute_output_buffer_2dINS_5arrayI8ap_fixedILi12ELi6EL9ap_q_mode5EL9_261           |  12|   0|   12|          0|
    |p_ZZN4nnet24compute_output_buffer_2dINS_5arrayI8ap_fixedILi12ELi6EL9ap_q_mode5EL9_262           |  12|   0|   12|          0|
    |p_ZZN4nnet24compute_output_buffer_2dINS_5arrayI8ap_fixedILi12ELi6EL9ap_q_mode5EL9_263           |  12|   0|   12|          0|
    |p_ZZN4nnet24compute_output_buffer_2dINS_5arrayI8ap_fixedILi12ELi6EL9ap_q_mode5EL9_264           |  12|   0|   12|          0|
    |p_ZZN4nnet24compute_output_buffer_2dINS_5arrayI8ap_fixedILi12ELi6EL9ap_q_mode5EL9_265           |  12|   0|   12|          0|
    |p_ZZN4nnet24compute_output_buffer_2dINS_5arrayI8ap_fixedILi12ELi6EL9ap_q_mode5EL9_266           |  12|   0|   12|          0|
    |p_ZZN4nnet24compute_output_buffer_2dINS_5arrayI8ap_fixedILi12ELi6EL9ap_q_mode5EL9_267           |  12|   0|   12|          0|
    |p_ZZN4nnet24compute_output_buffer_2dINS_5arrayI8ap_fixedILi12ELi6EL9ap_q_mode5EL9_268           |  12|   0|   12|          0|
    |p_ZZN4nnet24compute_output_buffer_2dINS_5arrayI8ap_fixedILi12ELi6EL9ap_q_mode5EL9_269           |  12|   0|   12|          0|
    |p_ZZN4nnet24compute_output_buffer_2dINS_5arrayI8ap_fixedILi12ELi6EL9ap_q_mode5EL9_270           |  12|   0|   12|          0|
    |p_ZZN4nnet24compute_output_buffer_2dINS_5arrayI8ap_fixedILi12ELi6EL9ap_q_mode5EL9_271           |  12|   0|   12|          0|
    |p_ZZN4nnet24compute_output_buffer_2dINS_5arrayI8ap_fixedILi12ELi6EL9ap_q_mode5EL9_272           |  12|   0|   12|          0|
    |p_ZZN4nnet24compute_output_buffer_2dINS_5arrayI8ap_fixedILi12ELi6EL9ap_q_mode5EL9_273           |  12|   0|   12|          0|
    |p_ZZN4nnet24compute_output_buffer_2dINS_5arrayI8ap_fixedILi12ELi6EL9ap_q_mode5EL9_274           |  12|   0|   12|          0|
    |p_ZZN4nnet24compute_output_buffer_2dINS_5arrayI8ap_fixedILi12ELi6EL9ap_q_mode5EL9_275           |  12|   0|   12|          0|
    |p_ZZN4nnet24compute_output_buffer_2dINS_5arrayI8ap_fixedILi12ELi6EL9ap_q_mode5EL9_276           |  12|   0|   12|          0|
    |p_ZZN4nnet24compute_output_buffer_2dINS_5arrayI8ap_fixedILi12ELi6EL9ap_q_mode5EL9_277           |  12|   0|   12|          0|
    |p_ZZN4nnet24compute_output_buffer_2dINS_5arrayI8ap_fixedILi12ELi6EL9ap_q_mode5EL9_278           |  12|   0|   12|          0|
    |p_ZZN4nnet24compute_output_buffer_2dINS_5arrayI8ap_fixedILi12ELi6EL9ap_q_mode5EL9_279           |  12|   0|   12|          0|
    |p_ZZN4nnet24compute_output_buffer_2dINS_5arrayI8ap_fixedILi12ELi6EL9ap_q_mode5EL9_280           |  12|   0|   12|          0|
    |p_ZZN4nnet24compute_output_buffer_2dINS_5arrayI8ap_fixedILi12ELi6EL9ap_q_mode5EL9_281           |  12|   0|   12|          0|
    |p_ZZN4nnet24compute_output_buffer_2dINS_5arrayI8ap_fixedILi12ELi6EL9ap_q_mode5EL9_282           |  12|   0|   12|          0|
    |p_ZZN4nnet24compute_output_buffer_2dINS_5arrayI8ap_fixedILi12ELi6EL9ap_q_mode5EL9_283           |  12|   0|   12|          0|
    |p_ZZN4nnet24compute_output_buffer_2dINS_5arrayI8ap_fixedILi12ELi6EL9ap_q_mode5EL9_284           |  12|   0|   12|          0|
    |p_ZZN4nnet24compute_output_buffer_2dINS_5arrayI8ap_fixedILi12ELi6EL9ap_q_mode5EL9_285           |  12|   0|   12|          0|
    |p_ZZN4nnet24compute_output_buffer_2dINS_5arrayI8ap_fixedILi12ELi6EL9ap_q_mode5EL9_286           |  12|   0|   12|          0|
    |p_ZZN4nnet24compute_output_buffer_2dINS_5arrayI8ap_fixedILi12ELi6EL9ap_q_mode5EL9_287           |  12|   0|   12|          0|
    |p_ZZN4nnet24compute_output_buffer_2dINS_5arrayI8ap_fixedILi12ELi6EL9ap_q_mode5EL9_288           |  12|   0|   12|          0|
    |p_ZZN4nnet24compute_output_buffer_2dINS_5arrayI8ap_fixedILi12ELi6EL9ap_q_mode5EL9_289           |  12|   0|   12|          0|
    |p_ZZN4nnet24compute_output_buffer_2dINS_5arrayI8ap_fixedILi12ELi6EL9ap_q_mode5EL9_290           |  12|   0|   12|          0|
    |p_ZZN4nnet24compute_output_buffer_2dINS_5arrayI8ap_fixedILi12ELi6EL9ap_q_mode5EL9_291           |  12|   0|   12|          0|
    |p_ZZN4nnet24compute_output_buffer_2dINS_5arrayI8ap_fixedILi12ELi6EL9ap_q_mode5EL9_292           |  12|   0|   12|          0|
    |p_ZZN4nnet24compute_output_buffer_2dINS_5arrayI8ap_fixedILi12ELi6EL9ap_q_mode5EL9_293           |  12|   0|   12|          0|
    |p_ZZN4nnet24compute_output_buffer_2dINS_5arrayI8ap_fixedILi12ELi6EL9ap_q_mode5EL9_294           |  12|   0|   12|          0|
    |p_ZZN4nnet24compute_output_buffer_2dINS_5arrayI8ap_fixedILi12ELi6EL9ap_q_mode5EL9_295           |  12|   0|   12|          0|
    |p_ZZN4nnet24compute_output_buffer_2dINS_5arrayI8ap_fixedILi12ELi6EL9ap_q_mode5EL9_296           |  12|   0|   12|          0|
    |res_out_1_reg_741                                                                               |  12|   0|   12|          0|
    |res_out_2_reg_746                                                                               |  12|   0|   12|          0|
    |res_out_3_reg_751                                                                               |  12|   0|   12|          0|
    |res_out_4_reg_756                                                                               |  12|   0|   12|          0|
    |res_out_5_reg_761                                                                               |  12|   0|   12|          0|
    |res_out_6_reg_766                                                                               |  12|   0|   12|          0|
    |res_out_7_reg_771                                                                               |  12|   0|   12|          0|
    |res_out_reg_736                                                                                 |  12|   0|   12|          0|
    |sX_1                                                                                            |  32|   0|   32|          0|
    |sY_1                                                                                            |  32|   0|   32|          0|
    |void_compute_output_buffer_2d_array_const_ap_shift_reg_n_chan_stream_weig_10                    |  12|   0|   12|          0|
    |void_compute_output_buffer_2d_array_const_ap_shift_reg_n_chan_stream_weig_11                    |  12|   0|   12|          0|
    |void_compute_output_buffer_2d_array_const_ap_shift_reg_n_chan_stream_weig_12                    |  12|   0|   12|          0|
    |void_compute_output_buffer_2d_array_const_ap_shift_reg_n_chan_stream_weig_13                    |  12|   0|   12|          0|
    |void_compute_output_buffer_2d_array_const_ap_shift_reg_n_chan_stream_weig_14                    |  12|   0|   12|          0|
    |void_compute_output_buffer_2d_array_const_ap_shift_reg_n_chan_stream_weig_15                    |  12|   0|   12|          0|
    |void_compute_output_buffer_2d_array_const_ap_shift_reg_n_chan_stream_weig_16                    |  12|   0|   12|          0|
    |void_compute_output_buffer_2d_array_const_ap_shift_reg_n_chan_stream_weig_17                    |  12|   0|   12|          0|
    |void_compute_output_buffer_2d_array_const_ap_shift_reg_n_chan_stream_weig_18                    |  12|   0|   12|          0|
    |void_compute_output_buffer_2d_array_const_ap_shift_reg_n_chan_stream_weig_19                    |  12|   0|   12|          0|
    +------------------------------------------------------------------------------------------------+----+----+-----+-----------+
    |Total                                                                                           | 879|   0|  879|          0|
    +------------------------------------------------------------------------------------------------+----+----+-----+-----------+



================================================================
== Interface
================================================================
* Summary: 
+----------------------------+-----+-----+------------+-------------------------------------------------------------------------+--------------+
|          RTL Ports         | Dir | Bits|  Protocol  |                              Source Object                              |    C Type    |
+----------------------------+-----+-----+------------+-------------------------------------------------------------------------+--------------+
|ap_clk                      |   in|    1|  ap_ctrl_hs|  compute_output_buffer_2d<array,array<ap_fixed<12,6,5,3,0>,8u>,config16>|  return value|
|ap_rst                      |   in|    1|  ap_ctrl_hs|  compute_output_buffer_2d<array,array<ap_fixed<12,6,5,3,0>,8u>,config16>|  return value|
|ap_start                    |   in|    1|  ap_ctrl_hs|  compute_output_buffer_2d<array,array<ap_fixed<12,6,5,3,0>,8u>,config16>|  return value|
|ap_done                     |  out|    1|  ap_ctrl_hs|  compute_output_buffer_2d<array,array<ap_fixed<12,6,5,3,0>,8u>,config16>|  return value|
|ap_idle                     |  out|    1|  ap_ctrl_hs|  compute_output_buffer_2d<array,array<ap_fixed<12,6,5,3,0>,8u>,config16>|  return value|
|ap_ready                    |  out|    1|  ap_ctrl_hs|  compute_output_buffer_2d<array,array<ap_fixed<12,6,5,3,0>,8u>,config16>|  return value|
|p_read                      |   in|   12|     ap_none|                                                                   p_read|        scalar|
|p_read1                     |   in|   12|     ap_none|                                                                  p_read1|        scalar|
|p_read2                     |   in|   12|     ap_none|                                                                  p_read2|        scalar|
|p_read3                     |   in|   12|     ap_none|                                                                  p_read3|        scalar|
|p_read4                     |   in|   12|     ap_none|                                                                  p_read4|        scalar|
|p_read5                     |   in|   12|     ap_none|                                                                  p_read5|        scalar|
|layer16_out_din             |  out|   96|     ap_fifo|                                                              layer16_out|       pointer|
|layer16_out_num_data_valid  |   in|   11|     ap_fifo|                                                              layer16_out|       pointer|
|layer16_out_fifo_cap        |   in|   11|     ap_fifo|                                                              layer16_out|       pointer|
|layer16_out_full_n          |   in|    1|     ap_fifo|                                                              layer16_out|       pointer|
|layer16_out_write           |  out|    1|     ap_fifo|                                                              layer16_out|       pointer|
+----------------------------+-----+-----+------------+-------------------------------------------------------------------------+--------------+

