

================================================================
== Vitis HLS Report for 'compute_output_buffer_2d_array_array_ap_fixed_10_2_5_3_0_6u_config9_s'
================================================================
* Date:           Fri Apr 24 00:23:01 2026

* Version:        2025.2 (Build 6295257 on Nov 14 2025)
* Project:        folo_prj
* Solution:       solution1 (Vivado IP Flow Target)
* Product family: kintexu
* Target device:  xcku035-fbva676-2-e


================================================================
== Performance Estimates
================================================================
+ Timing: 
    * Summary: 
    +--------+---------+----------+------------+
    |  Clock |  Target | Estimated| Uncertainty|
    +--------+---------+----------+------------+
    |ap_clk  |  5.00 ns|  3.639 ns|     1.35 ns|
    +--------+---------+----------+------------+

+ Latency: 
    * Summary: 
    +---------+---------+-----------+-----------+-----+-----+---------+
    |  Latency (cycles) |   Latency (absolute)  |  Interval | Pipeline|
    |   min   |   max   |    min    |    max    | min | max |   Type  |
    +---------+---------+-----------+-----------+-----+-----+---------+
    |        7|        7|  35.000 ns|  35.000 ns|    8|    8|      yes|
    +---------+---------+-----------+-----------+-----+-----+---------+

    + Detail: 
        * Instance: 
        +---------------------------------------------------------------------------------+----------------------------------------------------------------------+---------+---------+-----------+-----------+-----+-----+---------+
        |                                                                                 |                                                                      |  Latency (cycles) |   Latency (absolute)  |  Interval | Pipeline|
        |                                     Instance                                    |                                Module                                |   min   |   max   |    min    |    max    | min | max |   Type  |
        +---------------------------------------------------------------------------------+----------------------------------------------------------------------+---------+---------+-----------+-----------+-----+-----+---------+
        |call_ln281_shift_line_buffer_array_ap_fixed_10_2_5_3_0_4u_config9_s_fu_179       |shift_line_buffer_array_ap_fixed_10_2_5_3_0_4u_config9_s              |        0|        0|       0 ns|       0 ns|    1|    1|      yes|
        |grp_dense_latency_ap_fixed_10_2_5_3_0_ap_fixed_10_2_5_3_0_config9_mult_s_fu_279  |dense_latency_ap_fixed_10_2_5_3_0_ap_fixed_10_2_5_3_0_config9_mult_s  |        5|        5|  25.000 ns|  25.000 ns|    6|    6|      yes|
        +---------------------------------------------------------------------------------+----------------------------------------------------------------------+---------+---------+-----------+-----------+-----+-----+---------+

        * Loop: 
        N/A



================================================================
== Utilization Estimates
================================================================
* Summary: 
+-----------------+---------+------+--------+--------+-----+
|       Name      | BRAM_18K|  DSP |   FF   |   LUT  | URAM|
+-----------------+---------+------+--------+--------+-----+
|DSP              |        -|     -|       -|       -|    -|
|Expression       |        -|     -|       0|     445|    -|
|FIFO             |        -|     -|       -|       -|    -|
|Instance         |        -|     0|    2343|    8874|    -|
|Memory           |        -|     -|       -|       -|    -|
|Multiplexer      |        -|     -|       0|      99|    -|
|Register         |        -|     -|     687|       -|    -|
+-----------------+---------+------+--------+--------+-----+
|Total            |        0|     0|    3030|    9418|    0|
+-----------------+---------+------+--------+--------+-----+
|Available        |     1080|  1700|  406256|  203128|    0|
+-----------------+---------+------+--------+--------+-----+
|Utilization (%)  |        0|     0|      ~0|       4|    0|
+-----------------+---------+------+--------+--------+-----+

+ Detail: 
    * Instance: 
    +---------------------------------------------------------------------------------+----------------------------------------------------------------------+---------+----+------+------+-----+
    |                                     Instance                                    |                                Module                                | BRAM_18K| DSP|  FF  |  LUT | URAM|
    +---------------------------------------------------------------------------------+----------------------------------------------------------------------+---------+----+------+------+-----+
    |grp_dense_latency_ap_fixed_10_2_5_3_0_ap_fixed_10_2_5_3_0_config9_mult_s_fu_279  |dense_latency_ap_fixed_10_2_5_3_0_ap_fixed_10_2_5_3_0_config9_mult_s  |        0|   0|  2342|  8650|    0|
    |call_ln281_shift_line_buffer_array_ap_fixed_10_2_5_3_0_4u_config9_s_fu_179       |shift_line_buffer_array_ap_fixed_10_2_5_3_0_4u_config9_s              |        0|   0|     1|   224|    0|
    +---------------------------------------------------------------------------------+----------------------------------------------------------------------+---------+----+------+------+-----+
    |Total                                                                            |                                                                      |        0|   0|  2343|  8874|    0|
    +---------------------------------------------------------------------------------+----------------------------------------------------------------------+---------+----+------+------+-----+

    * DSP: 
    N/A

    * Memory: 
    N/A

    * FIFO: 
    N/A

    * Expression: 
    +--------------------------------------+----------+----+---+----+------------+------------+
    |             Variable Name            | Operation| DSP| FF| LUT| Bitwidth P0| Bitwidth P1|
    +--------------------------------------+----------+----+---+----+------------+------------+
    |add_ln303_fu_462_p2                   |         +|   0|  0|  39|          32|           1|
    |add_ln307_fu_509_p2                   |         +|   0|  0|  39|          32|           1|
    |add_ln313_fu_539_p2                   |         +|   0|  0|  39|          32|          32|
    |add_ln318_fu_486_p2                   |         +|   0|  0|  39|          32|          32|
    |and_ln284_3_fu_421_p2                 |       and|   0|  0|   2|           1|           1|
    |and_ln284_fu_415_p2                   |       and|   0|  0|   2|           1|           1|
    |ap_block_state8                       |       and|   0|  0|   2|           1|           1|
    |ap_condition_338                      |       and|   0|  0|   2|           1|           1|
    |ap_condition_449                      |       and|   0|  0|   2|           1|           1|
    |ap_predicate_op29_call_state2         |       and|   0|  0|   2|           1|           1|
    |ap_predicate_op29_call_state2_state1  |       and|   0|  0|   2|           1|           1|
    |icmp_ln284_7_fu_377_p2                |      icmp|   0|  0|  39|          32|           2|
    |icmp_ln284_8_fu_393_p2                |      icmp|   0|  0|  38|          31|           1|
    |icmp_ln284_9_fu_409_p2                |      icmp|   0|  0|  38|          31|           1|
    |icmp_ln284_fu_359_p2                  |      icmp|   0|  0|  39|          32|           2|
    |icmp_ln303_fu_467_p2                  |      icmp|   0|  0|  39|          32|           8|
    |icmp_ln307_fu_514_p2                  |      icmp|   0|  0|  39|          32|           8|
    |icmp_ln313_fu_526_p2                  |      icmp|   0|  0|  39|          32|           2|
    |select_ln313_fu_531_p3                |    select|   0|  0|   2|           1|           2|
    |select_ln318_fu_479_p3                |    select|   0|  0|   2|           1|           2|
    +--------------------------------------+----------+----+---+----+------------+------------+
    |Total                                 |          |   0|  0| 445|         359|         101|
    +--------------------------------------+----------+----+---+----+------------+------------+

    * Multiplexer: 
    +-------------------------------------+----+-----------+-----+-----------+
    |                 Name                | LUT| Input Size| Bits| Total Bits|
    +-------------------------------------+----+-----------+-----+-----------+
    |ap_NS_fsm                            |  49|          9|    1|          9|
    |ap_phi_mux_storemerge_phi_fu_172_p4  |  14|          3|   32|         96|
    |layer9_out_blk_n                     |   9|          2|    1|          2|
    |pX_5                                 |   9|          2|   32|         64|
    |pY_5                                 |   9|          2|   32|         64|
    |sX_5                                 |   9|          2|   32|         64|
    +-------------------------------------+----+-----------+-----+-----------+
    |Total                                |  99|         20|  130|        299|
    +-------------------------------------+----+-----------+-----+-----------+

    * Register: 
    +----------------------------------------------------------------------------------------------+----+----+-----+-----------+
    |                                             Name                                             | FF | LUT| Bits| Const Bits|
    +----------------------------------------------------------------------------------------------+----+----+-----+-----------+
    |and_ln284_3_reg_583                                                                           |   1|   0|    1|          0|
    |ap_CS_fsm                                                                                     |   8|   0|    8|          0|
    |grp_dense_latency_ap_fixed_10_2_5_3_0_ap_fixed_10_2_5_3_0_config9_mult_s_fu_279_ap_start_reg  |   1|   0|    1|          0|
    |icmp_ln284_reg_562                                                                            |   1|   0|    1|          0|
    |pX_5                                                                                          |  32|   0|   32|          0|
    |pX_5_load_reg_578                                                                             |  32|   0|   32|          0|
    |pY_5                                                                                          |  32|   0|   32|          0|
    |pY_5_load_reg_573                                                                             |  32|   0|   32|          0|
    |p_ZZN4nnet24compute_output_buffer_2dINS_5arrayI8ap_fixedILi10ELi2EL9ap_q_mode5EL9_175         |  10|   0|   10|          0|
    |p_ZZN4nnet24compute_output_buffer_2dINS_5arrayI8ap_fixedILi10ELi2EL9ap_q_mode5EL9_176         |  10|   0|   10|          0|
    |p_ZZN4nnet24compute_output_buffer_2dINS_5arrayI8ap_fixedILi10ELi2EL9ap_q_mode5EL9_177         |  10|   0|   10|          0|
    |p_ZZN4nnet24compute_output_buffer_2dINS_5arrayI8ap_fixedILi10ELi2EL9ap_q_mode5EL9_178         |  10|   0|   10|          0|
    |p_ZZN4nnet24compute_output_buffer_2dINS_5arrayI8ap_fixedILi10ELi2EL9ap_q_mode5EL9_179         |  10|   0|   10|          0|
    |p_ZZN4nnet24compute_output_buffer_2dINS_5arrayI8ap_fixedILi10ELi2EL9ap_q_mode5EL9_180         |  10|   0|   10|          0|
    |p_ZZN4nnet24compute_output_buffer_2dINS_5arrayI8ap_fixedILi10ELi2EL9ap_q_mode5EL9_181         |  10|   0|   10|          0|
    |p_ZZN4nnet24compute_output_buffer_2dINS_5arrayI8ap_fixedILi10ELi2EL9ap_q_mode5EL9_182         |  10|   0|   10|          0|
    |p_ZZN4nnet24compute_output_buffer_2dINS_5arrayI8ap_fixedILi10ELi2EL9ap_q_mode5EL9_183         |  10|   0|   10|          0|
    |p_ZZN4nnet24compute_output_buffer_2dINS_5arrayI8ap_fixedILi10ELi2EL9ap_q_mode5EL9_184         |  10|   0|   10|          0|
    |p_ZZN4nnet24compute_output_buffer_2dINS_5arrayI8ap_fixedILi10ELi2EL9ap_q_mode5EL9_185         |  10|   0|   10|          0|
    |p_ZZN4nnet24compute_output_buffer_2dINS_5arrayI8ap_fixedILi10ELi2EL9ap_q_mode5EL9_186         |  10|   0|   10|          0|
    |p_ZZN4nnet24compute_output_buffer_2dINS_5arrayI8ap_fixedILi10ELi2EL9ap_q_mode5EL9_187         |  10|   0|   10|          0|
    |p_ZZN4nnet24compute_output_buffer_2dINS_5arrayI8ap_fixedILi10ELi2EL9ap_q_mode5EL9_188         |  10|   0|   10|          0|
    |p_ZZN4nnet24compute_output_buffer_2dINS_5arrayI8ap_fixedILi10ELi2EL9ap_q_mode5EL9_189         |  10|   0|   10|          0|
    |p_ZZN4nnet24compute_output_buffer_2dINS_5arrayI8ap_fixedILi10ELi2EL9ap_q_mode5EL9_190         |  10|   0|   10|          0|
    |p_ZZN4nnet24compute_output_buffer_2dINS_5arrayI8ap_fixedILi10ELi2EL9ap_q_mode5EL9_191         |  10|   0|   10|          0|
    |p_ZZN4nnet24compute_output_buffer_2dINS_5arrayI8ap_fixedILi10ELi2EL9ap_q_mode5EL9_192         |  10|   0|   10|          0|
    |p_ZZN4nnet24compute_output_buffer_2dINS_5arrayI8ap_fixedILi10ELi2EL9ap_q_mode5EL9_193         |  10|   0|   10|          0|
    |p_ZZN4nnet24compute_output_buffer_2dINS_5arrayI8ap_fixedILi10ELi2EL9ap_q_mode5EL9_194         |  10|   0|   10|          0|
    |p_ZZN4nnet24compute_output_buffer_2dINS_5arrayI8ap_fixedILi10ELi2EL9ap_q_mode5EL9_195         |  10|   0|   10|          0|
    |p_ZZN4nnet24compute_output_buffer_2dINS_5arrayI8ap_fixedILi10ELi2EL9ap_q_mode5EL9_196         |  10|   0|   10|          0|
    |p_ZZN4nnet24compute_output_buffer_2dINS_5arrayI8ap_fixedILi10ELi2EL9ap_q_mode5EL9_197         |  10|   0|   10|          0|
    |p_ZZN4nnet24compute_output_buffer_2dINS_5arrayI8ap_fixedILi10ELi2EL9ap_q_mode5EL9_198         |  10|   0|   10|          0|
    |p_ZZN4nnet24compute_output_buffer_2dINS_5arrayI8ap_fixedILi10ELi2EL9ap_q_mode5EL9_199         |  10|   0|   10|          0|
    |p_ZZN4nnet24compute_output_buffer_2dINS_5arrayI8ap_fixedILi10ELi2EL9ap_q_mode5EL9_200         |  10|   0|   10|          0|
    |res_out_1_reg_592                                                                             |  10|   0|   10|          0|
    |res_out_2_reg_597                                                                             |  10|   0|   10|          0|
    |res_out_3_reg_602                                                                             |  10|   0|   10|          0|
    |res_out_4_reg_607                                                                             |  10|   0|   10|          0|
    |res_out_5_reg_612                                                                             |  10|   0|   10|          0|
    |res_out_reg_587                                                                               |  10|   0|   10|          0|
    |sX_5                                                                                          |  32|   0|   32|          0|
    |sX_5_load_reg_557                                                                             |  32|   0|   32|          0|
    |sY_5                                                                                          |  32|   0|   32|          0|
    |sY_5_load_reg_567                                                                             |  32|   0|   32|          0|
    |void_compute_output_buffer_2d_array_const_ap_shift_reg_n_chan_stream_weig_49                  |  10|   0|   10|          0|
    |void_compute_output_buffer_2d_array_const_ap_shift_reg_n_chan_stream_weig_50                  |  10|   0|   10|          0|
    |void_compute_output_buffer_2d_array_const_ap_shift_reg_n_chan_stream_weig_51                  |  10|   0|   10|          0|
    |void_compute_output_buffer_2d_array_const_ap_shift_reg_n_chan_stream_weig_52                  |  10|   0|   10|          0|
    |void_compute_output_buffer_2d_array_const_ap_shift_reg_n_chan_stream_weig_53                  |  10|   0|   10|          0|
    |void_compute_output_buffer_2d_array_const_ap_shift_reg_n_chan_stream_weig_54                  |  10|   0|   10|          0|
    |void_compute_output_buffer_2d_array_const_ap_shift_reg_n_chan_stream_weig_55                  |  10|   0|   10|          0|
    |void_compute_output_buffer_2d_array_const_ap_shift_reg_n_chan_stream_weig_56                  |  10|   0|   10|          0|
    |void_compute_output_buffer_2d_array_const_ap_shift_reg_n_chan_stream_weig_57                  |  10|   0|   10|          0|
    |void_compute_output_buffer_2d_array_const_ap_shift_reg_n_chan_stream_weig_58                  |  10|   0|   10|          0|
    +----------------------------------------------------------------------------------------------+----+----+-----+-----------+
    |Total                                                                                         | 687|   0|  687|          0|
    +----------------------------------------------------------------------------------------------+----+----+-----+-----------+



================================================================
== Interface
================================================================
* Summary: 
+---------------------------+-----+-----+------------+------------------------------------------------------------------------+--------------+
|         RTL Ports         | Dir | Bits|  Protocol  |                              Source Object                             |    C Type    |
+---------------------------+-----+-----+------------+------------------------------------------------------------------------+--------------+
|ap_clk                     |   in|    1|  ap_ctrl_hs|  compute_output_buffer_2d<array,array<ap_fixed<10,2,5,3,0>,6u>,config9>|  return value|
|ap_rst                     |   in|    1|  ap_ctrl_hs|  compute_output_buffer_2d<array,array<ap_fixed<10,2,5,3,0>,6u>,config9>|  return value|
|ap_start                   |   in|    1|  ap_ctrl_hs|  compute_output_buffer_2d<array,array<ap_fixed<10,2,5,3,0>,6u>,config9>|  return value|
|ap_done                    |  out|    1|  ap_ctrl_hs|  compute_output_buffer_2d<array,array<ap_fixed<10,2,5,3,0>,6u>,config9>|  return value|
|ap_idle                    |  out|    1|  ap_ctrl_hs|  compute_output_buffer_2d<array,array<ap_fixed<10,2,5,3,0>,6u>,config9>|  return value|
|ap_ready                   |  out|    1|  ap_ctrl_hs|  compute_output_buffer_2d<array,array<ap_fixed<10,2,5,3,0>,6u>,config9>|  return value|
|layer9_out_blk_n           |  out|    1|  ap_ctrl_hs|  compute_output_buffer_2d<array,array<ap_fixed<10,2,5,3,0>,6u>,config9>|  return value|
|ap_ce                      |   in|    1|  ap_ctrl_hs|  compute_output_buffer_2d<array,array<ap_fixed<10,2,5,3,0>,6u>,config9>|  return value|
|p_read                     |   in|   10|     ap_none|                                                                  p_read|        scalar|
|p_read1                    |   in|   10|     ap_none|                                                                 p_read1|        scalar|
|p_read2                    |   in|   10|     ap_none|                                                                 p_read2|        scalar|
|p_read3                    |   in|   10|     ap_none|                                                                 p_read3|        scalar|
|layer9_out_din             |  out|   60|     ap_fifo|                                                              layer9_out|       pointer|
|layer9_out_full_n          |   in|    1|     ap_fifo|                                                              layer9_out|       pointer|
|layer9_out_write           |  out|    1|     ap_fifo|                                                              layer9_out|       pointer|
|layer9_out_num_data_valid  |   in|    2|     ap_fifo|                                                              layer9_out|       pointer|
|layer9_out_fifo_cap        |   in|    2|     ap_fifo|                                                              layer9_out|       pointer|
+---------------------------+-----+-----+------------+------------------------------------------------------------------------+--------------+

