

================================================================
== Vitis HLS Report for 'conv_2d_cl_array_ap_fixed_4u_array_ap_fixed_16_6_5_3_0_6u_config9_s'
================================================================
* Date:           Thu Apr 23 22:46:38 2026

* Version:        2025.2 (Build 6295257 on Nov 14 2025)
* Project:        folo_prj
* Solution:       solution1 (Vivado IP Flow Target)
* Product family: kintexu
* Target device:  xcku035-fbva676-2-e


================================================================
== Performance Estimates
================================================================
+ Timing: 
    * Summary: 
    +--------+---------+----------+------------+
    |  Clock |  Target | Estimated| Uncertainty|
    +--------+---------+----------+------------+
    |ap_clk  |  5.00 ns|  3.570 ns|     1.35 ns|
    +--------+---------+----------+------------+

+ Latency: 
    * Summary: 
    +---------+---------+----------+----------+-------+-------+------------------------------------------------+
    |  Latency (cycles) |  Latency (absolute) |    Interval   |                    Pipeline                    |
    |   min   |   max   |    min   |    max   |  min  |  max  |                      Type                      |
    +---------+---------+----------+----------+-------+-------+------------------------------------------------+
    |    99849|    99849|  0.499 ms|  0.499 ms|  99846|  99846|  loop auto-rewind stp (delay=0 clock cycles(s))|
    +---------+---------+----------+----------+-------+-------+------------------------------------------------+

    + Detail: 
        * Instance: 
        +----------------------------------------------------------------------------------+-----------------------------------------------------------------------+---------+---------+-----------+-----------+-----+-----+---------+
        |                                                                                  |                                                                       |  Latency (cycles) |   Latency (absolute)  |  Interval | Pipeline|
        |                                     Instance                                     |                                 Module                                |   min   |   max   |    min    |    max    | min | max |   Type  |
        +----------------------------------------------------------------------------------+-----------------------------------------------------------------------+---------+---------+-----------+-----------+-----+-----+---------+
        |grp_compute_output_buffer_2d_array_array_ap_fixed_16_6_5_3_0_6u_config9_s_fu_156  |compute_output_buffer_2d_array_array_ap_fixed_16_6_5_3_0_6u_config9_s  |        6|        6|  30.000 ns|  30.000 ns|    6|    6|      yes|
        +----------------------------------------------------------------------------------+-----------------------------------------------------------------------+---------+---------+-----------+-----------+-----+-----+---------+

        * Loop: 
        +----------------------------------+---------+---------+----------+-----------+-----------+-------+----------+
        |                                  |  Latency (cycles) | Iteration|  Initiation Interval  |  Trip |          |
        |             Loop Name            |   min   |   max   |  Latency |  achieved |   target  | Count | Pipelined|
        +----------------------------------+---------+---------+----------+-----------+-----------+-------+----------+
        |- ReadInputHeight_ReadInputWidth  |    99847|    99847|         8|          6|          1|  16641|       yes|
        +----------------------------------+---------+---------+----------+-----------+-----------+-------+----------+



================================================================
== Utilization Estimates
================================================================
* Summary: 
+-----------------+---------+------+--------+--------+-----+
|       Name      | BRAM_18K|  DSP |   FF   |   LUT  | URAM|
+-----------------+---------+------+--------+--------+-----+
|DSP              |        -|     -|       -|       -|    -|
|Expression       |        -|     -|       0|      56|    -|
|FIFO             |        -|     -|       -|       -|    -|
|Instance         |        -|   180|    5261|    6517|    -|
|Memory           |        -|     -|       -|       -|    -|
|Multiplexer      |        -|     -|       0|     118|    -|
|Register         |        -|     -|      29|       -|    -|
+-----------------+---------+------+--------+--------+-----+
|Total            |        0|   180|    5290|    6691|    0|
+-----------------+---------+------+--------+--------+-----+
|Available        |     1080|  1700|  406256|  203128|    0|
+-----------------+---------+------+--------+--------+-----+
|Utilization (%)  |        0|    10|       1|       3|    0|
+-----------------+---------+------+--------+--------+-----+

+ Detail: 
    * Instance: 
    +----------------------------------------------------------------------------------+-----------------------------------------------------------------------+---------+-----+------+------+-----+
    |                                     Instance                                     |                                 Module                                | BRAM_18K| DSP |  FF  |  LUT | URAM|
    +----------------------------------------------------------------------------------+-----------------------------------------------------------------------+---------+-----+------+------+-----+
    |grp_compute_output_buffer_2d_array_array_ap_fixed_16_6_5_3_0_6u_config9_s_fu_156  |compute_output_buffer_2d_array_array_ap_fixed_16_6_5_3_0_6u_config9_s  |        0|  180|  5261|  6517|    0|
    +----------------------------------------------------------------------------------+-----------------------------------------------------------------------+---------+-----+------+------+-----+
    |Total                                                                             |                                                                       |        0|  180|  5261|  6517|    0|
    +----------------------------------------------------------------------------------+-----------------------------------------------------------------------+---------+-----+------+------+-----+

    * DSP: 
    N/A

    * Memory: 
    N/A

    * FIFO: 
    N/A

    * Expression: 
    +------------------------------------------+----------+----+---+----+------------+------------+
    |               Variable Name              | Operation| DSP| FF| LUT| Bitwidth P0| Bitwidth P1|
    +------------------------------------------+----------+----+---+----+------------+------------+
    |add_ln25_fu_270_p2                        |         +|   0|  0|  22|          15|           1|
    |ap_block_pp0_stage0_11001                 |       and|   0|  0|   2|           1|           1|
    |ap_block_pp0_stage0_11001_ignoreCallOp31  |       and|   0|  0|   2|           1|           1|
    |ap_block_pp0_stage1_11001_ignoreCallOp26  |       and|   0|  0|   2|           1|           1|
    |ap_condition_188                          |       and|   0|  0|   2|           1|           1|
    |icmp_ln25_fu_276_p2                       |      icmp|   0|  0|  22|          15|          15|
    |ap_block_pp0_stage1_11001_grp1            |        or|   0|  0|   2|           1|           1|
    |ap_enable_pp0                             |       xor|   0|  0|   2|           1|           2|
    +------------------------------------------+----------+----+---+----+------------+------------+
    |Total                                     |          |   0|  0|  56|          36|          23|
    +------------------------------------------+----------+----+---+----+------------+------------+

    * Multiplexer: 
    +---------------------------------------+----+-----------+-----+-----------+
    |                  Name                 | LUT| Input Size| Bits| Total Bits|
    +---------------------------------------+----+-----------+-----+-----------+
    |ap_NS_fsm                              |  37|          7|    1|          7|
    |ap_done_int                            |   9|          2|    1|          2|
    |ap_enable_reg_pp0_iter0                |   9|          2|    1|          2|
    |ap_enable_reg_pp0_iter1                |   9|          2|    1|          2|
    |ap_loop_exit_ready_pp0_iter1_reg       |   9|          2|    1|          2|
    |ap_sig_allocacmp_indvar_flatten2_load  |   9|          2|   15|         30|
    |indvar_flatten2_fu_146                 |   9|          2|   15|         30|
    |layer32_out_blk_n                      |   9|          2|    1|          2|
    |layer9_out_blk_n                       |   9|          2|    1|          2|
    |real_start                             |   9|          2|    1|          2|
    +---------------------------------------+----+-----------+-----+-----------+
    |Total                                  | 118|         25|   38|         81|
    +---------------------------------------+----+-----------+-----+-----------+

    * Register: 
    +-----------------------------------------------------------------------------------------------+----+----+-----+-----------+
    |                                              Name                                             | FF | LUT| Bits| Const Bits|
    +-----------------------------------------------------------------------------------------------+----+----+-----+-----------+
    |ap_CS_fsm                                                                                      |   6|   0|    6|          0|
    |ap_done_reg                                                                                    |   1|   0|    1|          0|
    |ap_enable_reg_pp0_iter0_reg                                                                    |   1|   0|    1|          0|
    |ap_enable_reg_pp0_iter1                                                                        |   1|   0|    1|          0|
    |ap_loop_exit_ready_pp0_iter1_reg                                                               |   1|   0|    1|          0|
    |grp_compute_output_buffer_2d_array_array_ap_fixed_16_6_5_3_0_6u_config9_s_fu_156_ap_start_reg  |   1|   0|    1|          0|
    |icmp_ln25_reg_332                                                                              |   1|   0|    1|          0|
    |icmp_ln25_reg_332_pp0_iter1_reg                                                                |   1|   0|    1|          0|
    |indvar_flatten2_fu_146                                                                         |  15|   0|   15|          0|
    |start_once_reg                                                                                 |   1|   0|    1|          0|
    +-----------------------------------------------------------------------------------------------+----+----+-----+-----------+
    |Total                                                                                          |  29|   0|   29|          0|
    +-----------------------------------------------------------------------------------------------+----+----+-----+-----------+



================================================================
== Interface
================================================================
* Summary: 
+----------------------------+-----+-----+------------+-----------------------------------------------------------------------+--------------+
|          RTL Ports         | Dir | Bits|  Protocol  |                             Source Object                             |    C Type    |
+----------------------------+-----+-----+------------+-----------------------------------------------------------------------+--------------+
|ap_clk                      |   in|    1|  ap_ctrl_hs|  conv_2d_cl<array<ap_fixed,4u>,array<ap_fixed<16,6,5,3,0>,6u>,config9>|  return value|
|ap_rst                      |   in|    1|  ap_ctrl_hs|  conv_2d_cl<array<ap_fixed,4u>,array<ap_fixed<16,6,5,3,0>,6u>,config9>|  return value|
|ap_start                    |   in|    1|  ap_ctrl_hs|  conv_2d_cl<array<ap_fixed,4u>,array<ap_fixed<16,6,5,3,0>,6u>,config9>|  return value|
|start_full_n                |   in|    1|  ap_ctrl_hs|  conv_2d_cl<array<ap_fixed,4u>,array<ap_fixed<16,6,5,3,0>,6u>,config9>|  return value|
|ap_done                     |  out|    1|  ap_ctrl_hs|  conv_2d_cl<array<ap_fixed,4u>,array<ap_fixed<16,6,5,3,0>,6u>,config9>|  return value|
|ap_continue                 |   in|    1|  ap_ctrl_hs|  conv_2d_cl<array<ap_fixed,4u>,array<ap_fixed<16,6,5,3,0>,6u>,config9>|  return value|
|ap_idle                     |  out|    1|  ap_ctrl_hs|  conv_2d_cl<array<ap_fixed,4u>,array<ap_fixed<16,6,5,3,0>,6u>,config9>|  return value|
|ap_ready                    |  out|    1|  ap_ctrl_hs|  conv_2d_cl<array<ap_fixed,4u>,array<ap_fixed<16,6,5,3,0>,6u>,config9>|  return value|
|start_out                   |  out|    1|  ap_ctrl_hs|  conv_2d_cl<array<ap_fixed,4u>,array<ap_fixed<16,6,5,3,0>,6u>,config9>|  return value|
|start_write                 |  out|    1|  ap_ctrl_hs|  conv_2d_cl<array<ap_fixed,4u>,array<ap_fixed<16,6,5,3,0>,6u>,config9>|  return value|
|layer32_out_dout            |   in|   64|     ap_fifo|                                                            layer32_out|       pointer|
|layer32_out_empty_n         |   in|    1|     ap_fifo|                                                            layer32_out|       pointer|
|layer32_out_read            |  out|    1|     ap_fifo|                                                            layer32_out|       pointer|
|layer32_out_num_data_valid  |   in|    9|     ap_fifo|                                                            layer32_out|       pointer|
|layer32_out_fifo_cap        |   in|    9|     ap_fifo|                                                            layer32_out|       pointer|
|layer9_out_din              |  out|   96|     ap_fifo|                                                             layer9_out|       pointer|
|layer9_out_full_n           |   in|    1|     ap_fifo|                                                             layer9_out|       pointer|
|layer9_out_write            |  out|    1|     ap_fifo|                                                             layer9_out|       pointer|
|layer9_out_num_data_valid   |   in|    2|     ap_fifo|                                                             layer9_out|       pointer|
|layer9_out_fifo_cap         |   in|    2|     ap_fifo|                                                             layer9_out|       pointer|
+----------------------------+-----+-----+------------+-----------------------------------------------------------------------+--------------+

