

================================================================
== Vitis HLS Report for 'conv_2d_cl_array_ap_fixed_6u_array_ap_fixed_12_6_5_3_0_6u_config12_s'
================================================================
* Date:           Wed Apr 22 16:02:11 2026

* Version:        2023.2 (Build 4023990 on Oct 11 2023)
* Project:        folo_prj
* Solution:       solution1 (Vivado IP Flow Target)
* Product family: kintexu
* Target device:  xcku035-fbva676-2-e


================================================================
== Performance Estimates
================================================================
+ Timing: 
    * Summary: 
    +--------+---------+----------+------------+
    |  Clock |  Target | Estimated| Uncertainty|
    +--------+---------+----------+------------+
    |ap_clk  |  5.00 ns|  3.847 ns|     1.35 ns|
    +--------+---------+----------+------------+

+ Latency: 
    * Summary: 
    +---------+---------+-----------+----------+-------+--------+---------+
    |  Latency (cycles) |  Latency (absolute)  |    Interval    | Pipeline|
    |   min   |   max   |    min    |    max   |  min  |   max  |   Type  |
    +---------+---------+-----------+----------+-------+--------+---------+
    |    17425|   113257|  87.125 us|  0.566 ms|  17425|  113257|       no|
    +---------+---------+-----------+----------+-------+--------+---------+

    + Detail: 
        * Instance: 
        +-----------------------------------------------------------------------------------+------------------------------------------------------------------------+---------+---------+-----------+----------+-----+-----+---------+
        |                                                                                   |                                                                        |  Latency (cycles) |  Latency (absolute)  |  Interval | Pipeline|
        |                                      Instance                                     |                                 Module                                 |   min   |   max   |    min    |    max   | min | max |   Type  |
        +-----------------------------------------------------------------------------------+------------------------------------------------------------------------+---------+---------+-----------+----------+-----+-----+---------+
        |grp_compute_output_buffer_2d_array_array_ap_fixed_12_6_5_3_0_6u_config12_s_fu_208  |compute_output_buffer_2d_array_array_ap_fixed_12_6_5_3_0_6u_config12_s  |        2|       24|  10.000 ns|  0.120 us|    2|   24|       no|
        +-----------------------------------------------------------------------------------+------------------------------------------------------------------------+---------+---------+-----------+----------+-----+-----+---------+

        * Loop: 
        +----------------------------------+---------+---------+----------+-----------+-----------+------+----------+
        |                                  |  Latency (cycles) | Iteration|  Initiation Interval  | Trip |          |
        |             Loop Name            |   min   |   max   |  Latency |  achieved |   target  | Count| Pipelined|
        +----------------------------------+---------+---------+----------+-----------+-----------+------+----------+
        |- ReadInputHeight_ReadInputWidth  |    17424|   113256|    4 ~ 26|          -|          -|  4356|        no|
        +----------------------------------+---------+---------+----------+-----------+-----------+------+----------+



================================================================
== Utilization Estimates
================================================================
* Summary: 
+-----------------+---------+------+--------+--------+-----+
|       Name      | BRAM_18K|  DSP |   FF   |   LUT  | URAM|
+-----------------+---------+------+--------+--------+-----+
|DSP              |        -|     -|       -|       -|    -|
|Expression       |        -|     -|       0|      44|    -|
|FIFO             |        -|     -|       -|       -|    -|
|Instance         |        6|    18|    2781|    3282|    -|
|Memory           |        -|     -|       -|       -|    -|
|Multiplexer      |        -|     -|       -|      65|    -|
|Register         |        -|     -|      91|       -|    -|
+-----------------+---------+------+--------+--------+-----+
|Total            |        6|    18|    2872|    3391|    0|
+-----------------+---------+------+--------+--------+-----+
|Available        |     1080|  1700|  406256|  203128|    0|
+-----------------+---------+------+--------+--------+-----+
|Utilization (%)  |       ~0|     1|      ~0|       1|    0|
+-----------------+---------+------+--------+--------+-----+

+ Detail: 
    * Instance: 
    +-----------------------------------------------------------------------------------+------------------------------------------------------------------------+---------+----+------+------+-----+
    |                                      Instance                                     |                                 Module                                 | BRAM_18K| DSP|  FF  |  LUT | URAM|
    +-----------------------------------------------------------------------------------+------------------------------------------------------------------------+---------+----+------+------+-----+
    |grp_compute_output_buffer_2d_array_array_ap_fixed_12_6_5_3_0_6u_config12_s_fu_208  |compute_output_buffer_2d_array_array_ap_fixed_12_6_5_3_0_6u_config12_s  |        6|  18|  2781|  3282|    0|
    +-----------------------------------------------------------------------------------+------------------------------------------------------------------------+---------+----+------+------+-----+
    |Total                                                                              |                                                                        |        6|  18|  2781|  3282|    0|
    +-----------------------------------------------------------------------------------+------------------------------------------------------------------------+---------+----+------+------+-----+

    * DSP: 
    N/A

    * Memory: 
    N/A

    * FIFO: 
    N/A

    * Expression: 
    +---------------------+----------+----+---+----+------------+------------+
    |    Variable Name    | Operation| DSP| FF| LUT| Bitwidth P0| Bitwidth P1|
    +---------------------+----------+----+---+----+------------+------------+
    |add_ln52_fu_376_p2   |         +|   0|  0|  20|          13|           1|
    |ap_block_state2      |       and|   0|  0|   2|           1|           1|
    |icmp_ln52_fu_370_p2  |      icmp|   0|  0|  20|          13|          13|
    |ap_block_state1      |        or|   0|  0|   2|           1|           1|
    +---------------------+----------+----+---+----+------------+------------+
    |Total                |          |   0|  0|  44|          28|          16|
    +---------------------+----------+----+---+----+------------+------------+

    * Multiplexer: 
    +-----------------------+----+-----------+-----+-----------+
    |          Name         | LUT| Input Size| Bits| Total Bits|
    +-----------------------+----+-----------+-----+-----------+
    |ap_NS_fsm              |  20|          4|    1|          4|
    |ap_done                |   9|          2|    1|          2|
    |indvar_flatten_fu_198  |   9|          2|   13|         26|
    |layer12_out_write      |   9|          2|    1|          2|
    |layer33_out_blk_n      |   9|          2|    1|          2|
    |real_start             |   9|          2|    1|          2|
    +-----------------------+----+-----------+-----+-----------+
    |Total                  |  65|         14|   18|         38|
    +-----------------------+----+-----------+-----+-----------+

    * Register: 
    +------------------------------------------------------------------------------------------------+----+----+-----+-----------+
    |                                              Name                                              | FF | LUT| Bits| Const Bits|
    +------------------------------------------------------------------------------------------------+----+----+-----+-----------+
    |ap_CS_fsm                                                                                       |   3|   0|    3|          0|
    |ap_done_reg                                                                                     |   1|   0|    1|          0|
    |grp_compute_output_buffer_2d_array_array_ap_fixed_12_6_5_3_0_6u_config12_s_fu_208_ap_start_reg  |   1|   0|    1|          0|
    |indvar_flatten_fu_198                                                                           |  13|   0|   13|          0|
    |start_once_reg                                                                                  |   1|   0|    1|          0|
    |trunc_ln58_95_reg_467                                                                           |  12|   0|   12|          0|
    |trunc_ln58_96_reg_472                                                                           |  12|   0|   12|          0|
    |trunc_ln58_97_reg_477                                                                           |  12|   0|   12|          0|
    |trunc_ln58_98_reg_482                                                                           |  12|   0|   12|          0|
    |trunc_ln58_reg_457                                                                              |  12|   0|   12|          0|
    |trunc_ln58_s_reg_462                                                                            |  12|   0|   12|          0|
    +------------------------------------------------------------------------------------------------+----+----+-----+-----------+
    |Total                                                                                           |  91|   0|   91|          0|
    +------------------------------------------------------------------------------------------------+----+----+-----+-----------+



================================================================
== Interface
================================================================
* Summary: 
+----------------------------+-----+-----+------------+------------------------------------------------------------------------+--------------+
|          RTL Ports         | Dir | Bits|  Protocol  |                              Source Object                             |    C Type    |
+----------------------------+-----+-----+------------+------------------------------------------------------------------------+--------------+
|ap_clk                      |   in|    1|  ap_ctrl_hs|  conv_2d_cl<array<ap_fixed,6u>,array<ap_fixed<12,6,5,3,0>,6u>,config12>|  return value|
|ap_rst                      |   in|    1|  ap_ctrl_hs|  conv_2d_cl<array<ap_fixed,6u>,array<ap_fixed<12,6,5,3,0>,6u>,config12>|  return value|
|ap_start                    |   in|    1|  ap_ctrl_hs|  conv_2d_cl<array<ap_fixed,6u>,array<ap_fixed<12,6,5,3,0>,6u>,config12>|  return value|
|start_full_n                |   in|    1|  ap_ctrl_hs|  conv_2d_cl<array<ap_fixed,6u>,array<ap_fixed<12,6,5,3,0>,6u>,config12>|  return value|
|ap_done                     |  out|    1|  ap_ctrl_hs|  conv_2d_cl<array<ap_fixed,6u>,array<ap_fixed<12,6,5,3,0>,6u>,config12>|  return value|
|ap_continue                 |   in|    1|  ap_ctrl_hs|  conv_2d_cl<array<ap_fixed,6u>,array<ap_fixed<12,6,5,3,0>,6u>,config12>|  return value|
|ap_idle                     |  out|    1|  ap_ctrl_hs|  conv_2d_cl<array<ap_fixed,6u>,array<ap_fixed<12,6,5,3,0>,6u>,config12>|  return value|
|ap_ready                    |  out|    1|  ap_ctrl_hs|  conv_2d_cl<array<ap_fixed,6u>,array<ap_fixed<12,6,5,3,0>,6u>,config12>|  return value|
|start_out                   |  out|    1|  ap_ctrl_hs|  conv_2d_cl<array<ap_fixed,6u>,array<ap_fixed<12,6,5,3,0>,6u>,config12>|  return value|
|start_write                 |  out|    1|  ap_ctrl_hs|  conv_2d_cl<array<ap_fixed,6u>,array<ap_fixed<12,6,5,3,0>,6u>,config12>|  return value|
|layer33_out_dout            |   in|   72|     ap_fifo|                                                             layer33_out|       pointer|
|layer33_out_num_data_valid  |   in|   14|     ap_fifo|                                                             layer33_out|       pointer|
|layer33_out_fifo_cap        |   in|   14|     ap_fifo|                                                             layer33_out|       pointer|
|layer33_out_empty_n         |   in|    1|     ap_fifo|                                                             layer33_out|       pointer|
|layer33_out_read            |  out|    1|     ap_fifo|                                                             layer33_out|       pointer|
|layer12_out_din             |  out|   72|     ap_fifo|                                                             layer12_out|       pointer|
|layer12_out_num_data_valid  |   in|   13|     ap_fifo|                                                             layer12_out|       pointer|
|layer12_out_fifo_cap        |   in|   13|     ap_fifo|                                                             layer12_out|       pointer|
|layer12_out_full_n          |   in|    1|     ap_fifo|                                                             layer12_out|       pointer|
|layer12_out_write           |  out|    1|     ap_fifo|                                                             layer12_out|       pointer|
+----------------------------+-----+-----+------------+------------------------------------------------------------------------+--------------+

