

================================================================
== Vitis HLS Report for 'conv_2d_cl_array_ap_fixed_16u_array_ap_fixed_41_21_5_3_0_16u_config7_s'
================================================================
* Date:           Sat Apr  4 17:12:54 2026

* Version:        2023.2 (Build 4023990 on Oct 11 2023)
* Project:        folo_prj
* Solution:       solution1 (Vivado IP Flow Target)
* Product family: kintexu
* Target device:  xcku035-fbva676-2-e


================================================================
== Performance Estimates
================================================================
+ Timing: 
    * Summary: 
    +--------+---------+----------+------------+
    |  Clock |  Target | Estimated| Uncertainty|
    +--------+---------+----------+------------+
    |ap_clk  |  5.00 ns|  3.847 ns|     1.35 ns|
    +--------+---------+----------+------------+

+ Latency: 
    * Summary: 
    +---------+---------+----------+----------+-------+-------+---------+
    |  Latency (cycles) |  Latency (absolute) |    Interval   | Pipeline|
    |   min   |   max   |    min   |    max   |  min  |  max  |   Type  |
    +---------+---------+----------+----------+-------+-------+---------+
    |    43563|    43563|  0.218 ms|  0.218 ms|  43563|  43563|       no|
    +---------+---------+----------+----------+-------+-------+---------+

    + Detail: 
        * Instance: 
        +------------------------------------------------------------------------------------+-------------------------------------------------------------------------+---------+---------+-----------+-----------+-----+-----+---------+
        |                                                                                    |                                                                         |  Latency (cycles) |   Latency (absolute)  |  Interval | Pipeline|
        |                                      Instance                                      |                                  Module                                 |   min   |   max   |    min    |    max    | min | max |   Type  |
        +------------------------------------------------------------------------------------+-------------------------------------------------------------------------+---------+---------+-----------+-----------+-----+-----+---------+
        |grp_compute_output_buffer_2d_array_array_ap_fixed_41_21_5_3_0_16u_config7_s_fu_468  |compute_output_buffer_2d_array_array_ap_fixed_41_21_5_3_0_16u_config7_s  |       10|       10|  50.000 ns|  50.000 ns|   10|   10|      yes|
        +------------------------------------------------------------------------------------+-------------------------------------------------------------------------+---------+---------+-----------+-----------+-----+-----+---------+

        * Loop: 
        +----------------------------------+---------+---------+----------+-----------+-----------+------+----------+
        |                                  |  Latency (cycles) | Iteration|  Initiation Interval  | Trip |          |
        |             Loop Name            |   min   |   max   |  Latency |  achieved |   target  | Count| Pipelined|
        +----------------------------------+---------+---------+----------+-----------+-----------+------+----------+
        |- ReadInputHeight_ReadInputWidth  |    43561|    43561|        12|         10|          1|  4356|       yes|
        +----------------------------------+---------+---------+----------+-----------+-----------+------+----------+



================================================================
== Utilization Estimates
================================================================
* Summary: 
+-----------------+---------+------+--------+--------+-----+
|       Name      | BRAM_18K|  DSP |   FF   |   LUT  | URAM|
+-----------------+---------+------+--------+--------+-----+
|DSP              |        -|     -|       -|       -|    -|
|Expression       |        -|     -|       0|      54|    -|
|FIFO             |        -|     -|       -|       -|    -|
|Instance         |        -|  1671|   76755|   90693|    -|
|Memory           |        -|     -|       -|       -|    -|
|Multiplexer      |        -|     -|       -|     143|    -|
|Register         |        -|     -|      29|       -|    -|
+-----------------+---------+------+--------+--------+-----+
|Total            |        0|  1671|   76784|   90890|    0|
+-----------------+---------+------+--------+--------+-----+
|Available        |     1080|  1700|  406256|  203128|    0|
+-----------------+---------+------+--------+--------+-----+
|Utilization (%)  |        0|    98|      18|      44|    0|
+-----------------+---------+------+--------+--------+-----+

+ Detail: 
    * Instance: 
    +------------------------------------------------------------------------------------+-------------------------------------------------------------------------+---------+------+-------+-------+-----+
    |                                      Instance                                      |                                  Module                                 | BRAM_18K|  DSP |   FF  |  LUT  | URAM|
    +------------------------------------------------------------------------------------+-------------------------------------------------------------------------+---------+------+-------+-------+-----+
    |grp_compute_output_buffer_2d_array_array_ap_fixed_41_21_5_3_0_16u_config7_s_fu_468  |compute_output_buffer_2d_array_array_ap_fixed_41_21_5_3_0_16u_config7_s  |        0|  1671|  76755|  90693|    0|
    +------------------------------------------------------------------------------------+-------------------------------------------------------------------------+---------+------+-------+-------+-----+
    |Total                                                                               |                                                                         |        0|  1671|  76755|  90693|    0|
    +------------------------------------------------------------------------------------+-------------------------------------------------------------------------+---------+------+-------+-------+-----+

    * DSP: 
    N/A

    * Memory: 
    N/A

    * FIFO: 
    N/A

    * Expression: 
    +------------------------------------------+----------+----+---+----+------------+------------+
    |               Variable Name              | Operation| DSP| FF| LUT| Bitwidth P0| Bitwidth P1|
    +------------------------------------------+----------+----+---+----+------------+------------+
    |add_ln25_fu_864_p2                        |         +|   0|  0|  20|          13|           1|
    |ap_block_pp0_stage0_11001                 |       and|   0|  0|   2|           1|           1|
    |ap_block_pp0_stage0_11001_ignoreCallOp51  |       and|   0|  0|   2|           1|           1|
    |ap_block_pp0_stage1_11001_ignoreCallOp42  |       and|   0|  0|   2|           1|           1|
    |ap_block_state2_pp0_stage1_iter0          |       and|   0|  0|   2|           1|           1|
    |ap_condition_253                          |       and|   0|  0|   2|           1|           1|
    |icmp_ln25_fu_858_p2                       |      icmp|   0|  0|  20|          13|          13|
    |ap_block_pp0_stage1_11001                 |        or|   0|  0|   2|           1|           1|
    |ap_enable_pp0                             |       xor|   0|  0|   2|           1|           2|
    +------------------------------------------+----------+----+---+----+------------+------------+
    |Total                                     |          |   0|  0|  54|          33|          22|
    +------------------------------------------+----------+----+---+----+------------+------------+

    * Multiplexer: 
    +--------------------------------------+----+-----------+-----+-----------+
    |                 Name                 | LUT| Input Size| Bits| Total Bits|
    +--------------------------------------+----+-----------+-----+-----------+
    |ap_NS_fsm                             |  53|         11|    1|         11|
    |ap_done_int                           |   9|          2|    1|          2|
    |ap_enable_reg_pp0_iter0               |   9|          2|    1|          2|
    |ap_enable_reg_pp0_iter0_reg           |   9|          2|    1|          2|
    |ap_enable_reg_pp0_iter1               |   9|          2|    1|          2|
    |ap_sig_allocacmp_indvar_flatten_load  |   9|          2|   13|         26|
    |indvar_flatten_fu_458                 |   9|          2|   13|         26|
    |layer14_out_blk_n                     |   9|          2|    1|          2|
    |layer7_out_blk_n                      |   9|          2|    1|          2|
    |layer7_out_write                      |   9|          2|    1|          2|
    |real_start                            |   9|          2|    1|          2|
    +--------------------------------------+----+-----------+-----+-----------+
    |Total                                 | 143|         31|   35|         79|
    +--------------------------------------+----+-----------+-----+-----------+

    * Register: 
    +-------------------------------------------------------------------------------------------------+----+----+-----+-----------+
    |                                               Name                                              | FF | LUT| Bits| Const Bits|
    +-------------------------------------------------------------------------------------------------+----+----+-----+-----------+
    |ap_CS_fsm                                                                                        |  10|   0|   10|          0|
    |ap_done_reg                                                                                      |   1|   0|    1|          0|
    |ap_enable_reg_pp0_iter0_reg                                                                      |   1|   0|    1|          0|
    |ap_enable_reg_pp0_iter1                                                                          |   1|   0|    1|          0|
    |grp_compute_output_buffer_2d_array_array_ap_fixed_41_21_5_3_0_16u_config7_s_fu_468_ap_start_reg  |   1|   0|    1|          0|
    |icmp_ln25_reg_1052                                                                               |   1|   0|    1|          0|
    |indvar_flatten_fu_458                                                                            |  13|   0|   13|          0|
    |start_once_reg                                                                                   |   1|   0|    1|          0|
    +-------------------------------------------------------------------------------------------------+----+----+-----+-----------+
    |Total                                                                                            |  29|   0|   29|          0|
    +-------------------------------------------------------------------------------------------------+----+----+-----+-----------+



================================================================
== Interface
================================================================
* Summary: 
+----------------------------+-----+-----+------------+--------------------------------------------------------------------------+--------------+
|          RTL Ports         | Dir | Bits|  Protocol  |                               Source Object                              |    C Type    |
+----------------------------+-----+-----+------------+--------------------------------------------------------------------------+--------------+
|ap_clk                      |   in|    1|  ap_ctrl_hs|  conv_2d_cl<array<ap_fixed,16u>,array<ap_fixed<41,21,5,3,0>,16u>,config7>|  return value|
|ap_rst                      |   in|    1|  ap_ctrl_hs|  conv_2d_cl<array<ap_fixed,16u>,array<ap_fixed<41,21,5,3,0>,16u>,config7>|  return value|
|ap_start                    |   in|    1|  ap_ctrl_hs|  conv_2d_cl<array<ap_fixed,16u>,array<ap_fixed<41,21,5,3,0>,16u>,config7>|  return value|
|start_full_n                |   in|    1|  ap_ctrl_hs|  conv_2d_cl<array<ap_fixed,16u>,array<ap_fixed<41,21,5,3,0>,16u>,config7>|  return value|
|ap_done                     |  out|    1|  ap_ctrl_hs|  conv_2d_cl<array<ap_fixed,16u>,array<ap_fixed<41,21,5,3,0>,16u>,config7>|  return value|
|ap_continue                 |   in|    1|  ap_ctrl_hs|  conv_2d_cl<array<ap_fixed,16u>,array<ap_fixed<41,21,5,3,0>,16u>,config7>|  return value|
|ap_idle                     |  out|    1|  ap_ctrl_hs|  conv_2d_cl<array<ap_fixed,16u>,array<ap_fixed<41,21,5,3,0>,16u>,config7>|  return value|
|ap_ready                    |  out|    1|  ap_ctrl_hs|  conv_2d_cl<array<ap_fixed,16u>,array<ap_fixed<41,21,5,3,0>,16u>,config7>|  return value|
|start_out                   |  out|    1|  ap_ctrl_hs|  conv_2d_cl<array<ap_fixed,16u>,array<ap_fixed<41,21,5,3,0>,16u>,config7>|  return value|
|start_write                 |  out|    1|  ap_ctrl_hs|  conv_2d_cl<array<ap_fixed,16u>,array<ap_fixed<41,21,5,3,0>,16u>,config7>|  return value|
|layer14_out_dout            |   in|  256|     ap_fifo|                                                               layer14_out|       pointer|
|layer14_out_num_data_valid  |   in|   14|     ap_fifo|                                                               layer14_out|       pointer|
|layer14_out_fifo_cap        |   in|   14|     ap_fifo|                                                               layer14_out|       pointer|
|layer14_out_empty_n         |   in|    1|     ap_fifo|                                                               layer14_out|       pointer|
|layer14_out_read            |  out|    1|     ap_fifo|                                                               layer14_out|       pointer|
|layer7_out_din              |  out|  656|     ap_fifo|                                                                layer7_out|       pointer|
|layer7_out_num_data_valid   |   in|   13|     ap_fifo|                                                                layer7_out|       pointer|
|layer7_out_fifo_cap         |   in|   13|     ap_fifo|                                                                layer7_out|       pointer|
|layer7_out_full_n           |   in|    1|     ap_fifo|                                                                layer7_out|       pointer|
|layer7_out_write            |  out|    1|     ap_fifo|                                                                layer7_out|       pointer|
+----------------------------+-----+-----+------------+--------------------------------------------------------------------------+--------------+

