

================================================================
== Vitis HLS Report for 'conv_2d_cl_array_ap_fixed_1u_array_ap_fixed_37_17_5_3_0_16u_config3_s'
================================================================
* Date:           Sat Apr  4 17:12:42 2026

* Version:        2023.2 (Build 4023990 on Oct 11 2023)
* Project:        folo_prj
* Solution:       solution1 (Vivado IP Flow Target)
* Product family: kintexu
* Target device:  xcku035-fbva676-2-e


================================================================
== Performance Estimates
================================================================
+ Timing: 
    * Summary: 
    +--------+---------+----------+------------+
    |  Clock |  Target | Estimated| Uncertainty|
    +--------+---------+----------+------------+
    |ap_clk  |  5.00 ns|  3.847 ns|     1.35 ns|
    +--------+---------+----------+------------+

+ Latency: 
    * Summary: 
    +---------+---------+----------+----------+--------+--------+---------+
    |  Latency (cycles) |  Latency (absolute) |     Interval    | Pipeline|
    |   min   |   max   |    min   |    max   |   min  |   max  |   Type  |
    +---------+---------+----------+----------+--------+--------+---------+
    |   101403|   101403|  0.507 ms|  0.507 ms|  101403|  101403|       no|
    +---------+---------+----------+----------+--------+--------+---------+

    + Detail: 
        * Instance: 
        +-----------------------------------------------------------------------------------+-------------------------------------------------------------------------+---------+---------+-----------+-----------+-----+-----+---------+
        |                                                                                   |                                                                         |  Latency (cycles) |   Latency (absolute)  |  Interval | Pipeline|
        |                                      Instance                                     |                                  Module                                 |   min   |   max   |    min    |    max    | min | max |   Type  |
        +-----------------------------------------------------------------------------------+-------------------------------------------------------------------------+---------+---------+-----------+-----------+-----+-----+---------+
        |grp_compute_output_buffer_2d_array_array_ap_fixed_37_17_5_3_0_16u_config3_s_fu_76  |compute_output_buffer_2d_array_array_ap_fixed_37_17_5_3_0_16u_config3_s  |        6|        6|  30.000 ns|  30.000 ns|    6|    6|      yes|
        +-----------------------------------------------------------------------------------+-------------------------------------------------------------------------+---------+---------+-----------+-----------+-----+-----+---------+

        * Loop: 
        +----------------------------------+---------+---------+----------+-----------+-----------+-------+----------+
        |                                  |  Latency (cycles) | Iteration|  Initiation Interval  |  Trip |          |
        |             Loop Name            |   min   |   max   |  Latency |  achieved |   target  | Count | Pipelined|
        +----------------------------------+---------+---------+----------+-----------+-----------+-------+----------+
        |- ReadInputHeight_ReadInputWidth  |   101401|   101401|         8|          6|          1|  16900|       yes|
        +----------------------------------+---------+---------+----------+-----------+-----------+-------+----------+



================================================================
== Utilization Estimates
================================================================
* Summary: 
+-----------------+---------+------+--------+--------+-----+
|       Name      | BRAM_18K|  DSP |   FF   |   LUT  | URAM|
+-----------------+---------+------+--------+--------+-----+
|DSP              |        -|     -|       -|       -|    -|
|Expression       |        -|     -|       0|      58|    -|
|FIFO             |        -|     -|       -|       -|    -|
|Instance         |        -|   130|    6520|    6074|    -|
|Memory           |        -|     -|       -|       -|    -|
|Multiplexer      |        -|     -|       -|     127|    -|
|Register         |        -|     -|      27|       -|    -|
+-----------------+---------+------+--------+--------+-----+
|Total            |        0|   130|    6547|    6259|    0|
+-----------------+---------+------+--------+--------+-----+
|Available        |     1080|  1700|  406256|  203128|    0|
+-----------------+---------+------+--------+--------+-----+
|Utilization (%)  |        0|     7|       1|       3|    0|
+-----------------+---------+------+--------+--------+-----+

+ Detail: 
    * Instance: 
    +-----------------------------------------------------------------------------------+-------------------------------------------------------------------------+---------+-----+------+------+-----+
    |                                      Instance                                     |                                  Module                                 | BRAM_18K| DSP |  FF  |  LUT | URAM|
    +-----------------------------------------------------------------------------------+-------------------------------------------------------------------------+---------+-----+------+------+-----+
    |grp_compute_output_buffer_2d_array_array_ap_fixed_37_17_5_3_0_16u_config3_s_fu_76  |compute_output_buffer_2d_array_array_ap_fixed_37_17_5_3_0_16u_config3_s  |        0|  130|  6520|  6074|    0|
    +-----------------------------------------------------------------------------------+-------------------------------------------------------------------------+---------+-----+------+------+-----+
    |Total                                                                              |                                                                         |        0|  130|  6520|  6074|    0|
    +-----------------------------------------------------------------------------------+-------------------------------------------------------------------------+---------+-----+------+------+-----+

    * DSP: 
    N/A

    * Memory: 
    N/A

    * FIFO: 
    N/A

    * Expression: 
    +------------------------------------------+----------+----+---+----+------------+------------+
    |               Variable Name              | Operation| DSP| FF| LUT| Bitwidth P0| Bitwidth P1|
    +------------------------------------------+----------+----+---+----+------------+------------+
    |add_ln25_fu_128_p2                        |         +|   0|  0|  22|          15|           1|
    |ap_block_pp0_stage0_11001                 |       and|   0|  0|   2|           1|           1|
    |ap_block_pp0_stage0_11001_ignoreCallOp27  |       and|   0|  0|   2|           1|           1|
    |ap_block_pp0_stage1_11001_ignoreCallOp22  |       and|   0|  0|   2|           1|           1|
    |ap_block_state2_pp0_stage1_iter0          |       and|   0|  0|   2|           1|           1|
    |ap_condition_194                          |       and|   0|  0|   2|           1|           1|
    |icmp_ln25_fu_122_p2                       |      icmp|   0|  0|  22|          15|          15|
    |ap_block_pp0_stage1_11001                 |        or|   0|  0|   2|           1|           1|
    |ap_enable_pp0                             |       xor|   0|  0|   2|           1|           2|
    +------------------------------------------+----------+----+---+----+------------+------------+
    |Total                                     |          |   0|  0|  58|          37|          24|
    +------------------------------------------+----------+----+---+----+------------+------------+

    * Multiplexer: 
    +--------------------------------------+----+-----------+-----+-----------+
    |                 Name                 | LUT| Input Size| Bits| Total Bits|
    +--------------------------------------+----+-----------+-----+-----------+
    |ap_NS_fsm                             |  37|          7|    1|          7|
    |ap_done_int                           |   9|          2|    1|          2|
    |ap_enable_reg_pp0_iter0               |   9|          2|    1|          2|
    |ap_enable_reg_pp0_iter0_reg           |   9|          2|    1|          2|
    |ap_enable_reg_pp0_iter1               |   9|          2|    1|          2|
    |ap_sig_allocacmp_indvar_flatten_load  |   9|          2|   15|         30|
    |indvar_flatten_fu_66                  |   9|          2|   15|         30|
    |layer13_out_blk_n                     |   9|          2|    1|          2|
    |layer3_out_blk_n                      |   9|          2|    1|          2|
    |layer3_out_write                      |   9|          2|    1|          2|
    |real_start                            |   9|          2|    1|          2|
    +--------------------------------------+----+-----------+-----+-----------+
    |Total                                 | 127|         27|   39|         83|
    +--------------------------------------+----+-----------+-----+-----------+

    * Register: 
    +------------------------------------------------------------------------------------------------+----+----+-----+-----------+
    |                                              Name                                              | FF | LUT| Bits| Const Bits|
    +------------------------------------------------------------------------------------------------+----+----+-----+-----------+
    |ap_CS_fsm                                                                                       |   6|   0|    6|          0|
    |ap_done_reg                                                                                     |   1|   0|    1|          0|
    |ap_enable_reg_pp0_iter0_reg                                                                     |   1|   0|    1|          0|
    |ap_enable_reg_pp0_iter1                                                                         |   1|   0|    1|          0|
    |grp_compute_output_buffer_2d_array_array_ap_fixed_37_17_5_3_0_16u_config3_s_fu_76_ap_start_reg  |   1|   0|    1|          0|
    |icmp_ln25_reg_146                                                                               |   1|   0|    1|          0|
    |indvar_flatten_fu_66                                                                            |  15|   0|   15|          0|
    |start_once_reg                                                                                  |   1|   0|    1|          0|
    +------------------------------------------------------------------------------------------------+----+----+-----+-----------+
    |Total                                                                                           |  27|   0|   27|          0|
    +------------------------------------------------------------------------------------------------+----+----+-----+-----------+



================================================================
== Interface
================================================================
* Summary: 
+----------------------------+-----+-----+------------+-------------------------------------------------------------------------+--------------+
|          RTL Ports         | Dir | Bits|  Protocol  |                              Source Object                              |    C Type    |
+----------------------------+-----+-----+------------+-------------------------------------------------------------------------+--------------+
|ap_clk                      |   in|    1|  ap_ctrl_hs|  conv_2d_cl<array<ap_fixed,1u>,array<ap_fixed<37,17,5,3,0>,16u>,config3>|  return value|
|ap_rst                      |   in|    1|  ap_ctrl_hs|  conv_2d_cl<array<ap_fixed,1u>,array<ap_fixed<37,17,5,3,0>,16u>,config3>|  return value|
|ap_start                    |   in|    1|  ap_ctrl_hs|  conv_2d_cl<array<ap_fixed,1u>,array<ap_fixed<37,17,5,3,0>,16u>,config3>|  return value|
|start_full_n                |   in|    1|  ap_ctrl_hs|  conv_2d_cl<array<ap_fixed,1u>,array<ap_fixed<37,17,5,3,0>,16u>,config3>|  return value|
|ap_done                     |  out|    1|  ap_ctrl_hs|  conv_2d_cl<array<ap_fixed,1u>,array<ap_fixed<37,17,5,3,0>,16u>,config3>|  return value|
|ap_continue                 |   in|    1|  ap_ctrl_hs|  conv_2d_cl<array<ap_fixed,1u>,array<ap_fixed<37,17,5,3,0>,16u>,config3>|  return value|
|ap_idle                     |  out|    1|  ap_ctrl_hs|  conv_2d_cl<array<ap_fixed,1u>,array<ap_fixed<37,17,5,3,0>,16u>,config3>|  return value|
|ap_ready                    |  out|    1|  ap_ctrl_hs|  conv_2d_cl<array<ap_fixed,1u>,array<ap_fixed<37,17,5,3,0>,16u>,config3>|  return value|
|start_out                   |  out|    1|  ap_ctrl_hs|  conv_2d_cl<array<ap_fixed,1u>,array<ap_fixed<37,17,5,3,0>,16u>,config3>|  return value|
|start_write                 |  out|    1|  ap_ctrl_hs|  conv_2d_cl<array<ap_fixed,1u>,array<ap_fixed<37,17,5,3,0>,16u>,config3>|  return value|
|layer13_out_dout            |   in|   16|     ap_fifo|                                                              layer13_out|       pointer|
|layer13_out_num_data_valid  |   in|   16|     ap_fifo|                                                              layer13_out|       pointer|
|layer13_out_fifo_cap        |   in|   16|     ap_fifo|                                                              layer13_out|       pointer|
|layer13_out_empty_n         |   in|    1|     ap_fifo|                                                              layer13_out|       pointer|
|layer13_out_read            |  out|    1|     ap_fifo|                                                              layer13_out|       pointer|
|layer3_out_din              |  out|  592|     ap_fifo|                                                               layer3_out|       pointer|
|layer3_out_num_data_valid   |   in|   15|     ap_fifo|                                                               layer3_out|       pointer|
|layer3_out_fifo_cap         |   in|   15|     ap_fifo|                                                               layer3_out|       pointer|
|layer3_out_full_n           |   in|    1|     ap_fifo|                                                               layer3_out|       pointer|
|layer3_out_write            |  out|    1|     ap_fifo|                                                               layer3_out|       pointer|
+----------------------------+-----+-----+------------+-------------------------------------------------------------------------+--------------+

