

================================================================
== Vitis HLS Report for 'conv_2d_cl_array_ap_fixed_1u_array_ap_fixed_10_2_5_3_0_4u_config2_s'
================================================================
* Date:           Fri Apr 24 00:23:00 2026

* Version:        2025.2 (Build 6295257 on Nov 14 2025)
* Project:        folo_prj
* Solution:       solution1 (Vivado IP Flow Target)
* Product family: kintexu
* Target device:  xcku035-fbva676-2-e


================================================================
== Performance Estimates
================================================================
+ Timing: 
    * Summary: 
    +--------+---------+----------+------------+
    |  Clock |  Target | Estimated| Uncertainty|
    +--------+---------+----------+------------+
    |ap_clk  |  5.00 ns|  3.570 ns|     1.35 ns|
    +--------+---------+----------+------------+

+ Latency: 
    * Summary: 
    +---------+---------+----------+----------+--------+--------+------------------------------------------------+
    |  Latency (cycles) |  Latency (absolute) |     Interval    |                    Pipeline                    |
    |   min   |   max   |    min   |    max   |   min  |   max  |                      Type                      |
    +---------+---------+----------+----------+--------+--------+------------------------------------------------+
    |   528394|   528394|  2.642 ms|  2.642 ms|  528392|  528392|  loop auto-rewind stp (delay=0 clock cycles(s))|
    +---------+---------+----------+----------+--------+--------+------------------------------------------------+

    + Detail: 
        * Instance: 
        +---------------------------------------------------------------------------------+-----------------------------------------------------------------------+---------+---------+-----------+-----------+-----+-----+---------+
        |                                                                                 |                                                                       |  Latency (cycles) |   Latency (absolute)  |  Interval | Pipeline|
        |                                     Instance                                    |                                 Module                                |   min   |   max   |    min    |    max    | min | max |   Type  |
        +---------------------------------------------------------------------------------+-----------------------------------------------------------------------+---------+---------+-----------+-----------+-----+-----+---------+
        |grp_compute_output_buffer_2d_array_array_ap_fixed_10_2_5_3_0_4u_config2_s_fu_78  |compute_output_buffer_2d_array_array_ap_fixed_10_2_5_3_0_4u_config2_s  |        7|        7|  35.000 ns|  35.000 ns|    8|    8|      yes|
        +---------------------------------------------------------------------------------+-----------------------------------------------------------------------+---------+---------+-----------+-----------+-----+-----+---------+

        * Loop: 
        +----------------------------------+---------+---------+----------+-----------+-----------+-------+----------+
        |                                  |  Latency (cycles) | Iteration|  Initiation Interval  |  Trip |          |
        |             Loop Name            |   min   |   max   |  Latency |  achieved |   target  | Count | Pipelined|
        +----------------------------------+---------+---------+----------+-----------+-----------+-------+----------+
        |- ReadInputHeight_ReadInputWidth  |   528392|   528392|         9|          8|          8|  66049|       yes|
        +----------------------------------+---------+---------+----------+-----------+-----------+-------+----------+



================================================================
== Utilization Estimates
================================================================
* Summary: 
+-----------------+---------+------+--------+--------+-----+
|       Name      | BRAM_18K|  DSP |   FF   |   LUT  | URAM|
+-----------------+---------+------+--------+--------+-----+
|DSP              |        -|     -|       -|       -|    -|
|Expression       |        -|     -|       0|      58|    -|
|FIFO             |        -|     -|       -|       -|    -|
|Instance         |        -|     5|     798|    1855|    -|
|Memory           |        -|     -|       -|       -|    -|
|Multiplexer      |        -|     -|       0|     130|    -|
|Register         |        -|     -|      32|       -|    -|
+-----------------+---------+------+--------+--------+-----+
|Total            |        0|     5|     830|    2043|    0|
+-----------------+---------+------+--------+--------+-----+
|Available        |     1080|  1700|  406256|  203128|    0|
+-----------------+---------+------+--------+--------+-----+
|Utilization (%)  |        0|    ~0|      ~0|       1|    0|
+-----------------+---------+------+--------+--------+-----+

+ Detail: 
    * Instance: 
    +---------------------------------------------------------------------------------+-----------------------------------------------------------------------+---------+----+-----+------+-----+
    |                                     Instance                                    |                                 Module                                | BRAM_18K| DSP|  FF |  LUT | URAM|
    +---------------------------------------------------------------------------------+-----------------------------------------------------------------------+---------+----+-----+------+-----+
    |grp_compute_output_buffer_2d_array_array_ap_fixed_10_2_5_3_0_4u_config2_s_fu_78  |compute_output_buffer_2d_array_array_ap_fixed_10_2_5_3_0_4u_config2_s  |        0|   5|  798|  1855|    0|
    +---------------------------------------------------------------------------------+-----------------------------------------------------------------------+---------+----+-----+------+-----+
    |Total                                                                            |                                                                       |        0|   5|  798|  1855|    0|
    +---------------------------------------------------------------------------------+-----------------------------------------------------------------------+---------+----+-----+------+-----+

    * DSP: 
    N/A

    * Memory: 
    N/A

    * FIFO: 
    N/A

    * Expression: 
    +------------------------------------------+----------+----+---+----+------------+------------+
    |               Variable Name              | Operation| DSP| FF| LUT| Bitwidth P0| Bitwidth P1|
    +------------------------------------------+----------+----+---+----+------------+------------+
    |add_ln25_fu_124_p2                        |         +|   0|  0|  24|          17|           1|
    |ap_block_pp0_stage0_11001_ignoreCallOp33  |       and|   0|  0|   2|           1|           1|
    |ap_condition_211                          |       and|   0|  0|   2|           1|           1|
    |icmp_ln25_fu_130_p2                       |      icmp|   0|  0|  24|          17|          17|
    |ap_block_pp0_stage0_11001                 |        or|   0|  0|   2|           1|           1|
    |ap_block_pp0_stage1_11001_grp1            |        or|   0|  0|   2|           1|           1|
    |ap_enable_pp0                             |       xor|   0|  0|   2|           1|           2|
    +------------------------------------------+----------+----+---+----+------------+------------+
    |Total                                     |          |   0|  0|  58|          39|          24|
    +------------------------------------------+----------+----+---+----+------------+------------+

    * Multiplexer: 
    +---------------------------------------+----+-----------+-----+-----------+
    |                  Name                 | LUT| Input Size| Bits| Total Bits|
    +---------------------------------------+----+-----------+-----+-----------+
    |ap_NS_fsm                              |  49|          9|    1|          9|
    |ap_done_int                            |   9|          2|    1|          2|
    |ap_enable_reg_pp0_iter0                |   9|          2|    1|          2|
    |ap_enable_reg_pp0_iter1                |   9|          2|    1|          2|
    |ap_loop_exit_ready_pp0_iter1_reg       |   9|          2|    1|          2|
    |ap_sig_allocacmp_indvar_flatten2_load  |   9|          2|   17|         34|
    |indvar_flatten2_fu_68                  |   9|          2|   17|         34|
    |layer2_out_blk_n                       |   9|          2|    1|          2|
    |layer30_out_blk_n                      |   9|          2|    1|          2|
    |real_start                             |   9|          2|    1|          2|
    +---------------------------------------+----+-----------+-----+-----------+
    |Total                                  | 130|         27|   42|         91|
    +---------------------------------------+----+-----------+-----+-----------+

    * Register: 
    +----------------------------------------------------------------------------------------------+----+----+-----+-----------+
    |                                             Name                                             | FF | LUT| Bits| Const Bits|
    +----------------------------------------------------------------------------------------------+----+----+-----+-----------+
    |ap_CS_fsm                                                                                     |   8|   0|    8|          0|
    |ap_done_reg                                                                                   |   1|   0|    1|          0|
    |ap_enable_reg_pp0_iter0_reg                                                                   |   1|   0|    1|          0|
    |ap_enable_reg_pp0_iter1                                                                       |   1|   0|    1|          0|
    |ap_loop_exit_ready_pp0_iter1_reg                                                              |   1|   0|    1|          0|
    |grp_compute_output_buffer_2d_array_array_ap_fixed_10_2_5_3_0_4u_config2_s_fu_78_ap_start_reg  |   1|   0|    1|          0|
    |icmp_ln25_reg_148                                                                             |   1|   0|    1|          0|
    |indvar_flatten2_fu_68                                                                         |  17|   0|   17|          0|
    |start_once_reg                                                                                |   1|   0|    1|          0|
    +----------------------------------------------------------------------------------------------+----+----+-----+-----------+
    |Total                                                                                         |  32|   0|   32|          0|
    +----------------------------------------------------------------------------------------------+----+----+-----+-----------+



================================================================
== Interface
================================================================
* Summary: 
+----------------------------+-----+-----+------------+-----------------------------------------------------------------------+--------------+
|          RTL Ports         | Dir | Bits|  Protocol  |                             Source Object                             |    C Type    |
+----------------------------+-----+-----+------------+-----------------------------------------------------------------------+--------------+
|ap_clk                      |   in|    1|  ap_ctrl_hs|  conv_2d_cl<array<ap_fixed,1u>,array<ap_fixed<10,2,5,3,0>,4u>,config2>|  return value|
|ap_rst                      |   in|    1|  ap_ctrl_hs|  conv_2d_cl<array<ap_fixed,1u>,array<ap_fixed<10,2,5,3,0>,4u>,config2>|  return value|
|ap_start                    |   in|    1|  ap_ctrl_hs|  conv_2d_cl<array<ap_fixed,1u>,array<ap_fixed<10,2,5,3,0>,4u>,config2>|  return value|
|start_full_n                |   in|    1|  ap_ctrl_hs|  conv_2d_cl<array<ap_fixed,1u>,array<ap_fixed<10,2,5,3,0>,4u>,config2>|  return value|
|ap_done                     |  out|    1|  ap_ctrl_hs|  conv_2d_cl<array<ap_fixed,1u>,array<ap_fixed<10,2,5,3,0>,4u>,config2>|  return value|
|ap_continue                 |   in|    1|  ap_ctrl_hs|  conv_2d_cl<array<ap_fixed,1u>,array<ap_fixed<10,2,5,3,0>,4u>,config2>|  return value|
|ap_idle                     |  out|    1|  ap_ctrl_hs|  conv_2d_cl<array<ap_fixed,1u>,array<ap_fixed<10,2,5,3,0>,4u>,config2>|  return value|
|ap_ready                    |  out|    1|  ap_ctrl_hs|  conv_2d_cl<array<ap_fixed,1u>,array<ap_fixed<10,2,5,3,0>,4u>,config2>|  return value|
|start_out                   |  out|    1|  ap_ctrl_hs|  conv_2d_cl<array<ap_fixed,1u>,array<ap_fixed<10,2,5,3,0>,4u>,config2>|  return value|
|start_write                 |  out|    1|  ap_ctrl_hs|  conv_2d_cl<array<ap_fixed,1u>,array<ap_fixed<10,2,5,3,0>,4u>,config2>|  return value|
|layer30_out_dout            |   in|   16|     ap_fifo|                                                            layer30_out|       pointer|
|layer30_out_empty_n         |   in|    1|     ap_fifo|                                                            layer30_out|       pointer|
|layer30_out_read            |  out|    1|     ap_fifo|                                                            layer30_out|       pointer|
|layer30_out_num_data_valid  |   in|   18|     ap_fifo|                                                            layer30_out|       pointer|
|layer30_out_fifo_cap        |   in|   18|     ap_fifo|                                                            layer30_out|       pointer|
|layer2_out_din              |  out|   40|     ap_fifo|                                                             layer2_out|       pointer|
|layer2_out_full_n           |   in|    1|     ap_fifo|                                                             layer2_out|       pointer|
|layer2_out_write            |  out|    1|     ap_fifo|                                                             layer2_out|       pointer|
|layer2_out_num_data_valid   |   in|    2|     ap_fifo|                                                             layer2_out|       pointer|
|layer2_out_fifo_cap         |   in|    2|     ap_fifo|                                                             layer2_out|       pointer|
+----------------------------+-----+-----+------------+-----------------------------------------------------------------------+--------------+

