

================================================================
== Vitis HLS Report for 'conv_2d_cl_array_ap_fixed_4u_array_ap_fixed_12_6_5_3_0_6u_config9_s'
================================================================
* Date:           Wed Apr 22 16:02:09 2026

* Version:        2023.2 (Build 4023990 on Oct 11 2023)
* Project:        folo_prj
* Solution:       solution1 (Vivado IP Flow Target)
* Product family: kintexu
* Target device:  xcku035-fbva676-2-e


================================================================
== Performance Estimates
================================================================
+ Timing: 
    * Summary: 
    +--------+---------+----------+------------+
    |  Clock |  Target | Estimated| Uncertainty|
    +--------+---------+----------+------------+
    |ap_clk  |  5.00 ns|  3.847 ns|     1.35 ns|
    +--------+---------+----------+------------+

+ Latency: 
    * Summary: 
    +---------+---------+----------+----------+-------+--------+---------+
    |  Latency (cycles) |  Latency (absolute) |    Interval    | Pipeline|
    |   min   |   max   |    min   |    max   |  min  |   max  |   Type  |
    +---------+---------+----------+----------+-------+--------+---------+
    |    66565|   416026|  0.333 ms|  2.080 ms|  66565|  416026|       no|
    +---------+---------+----------+----------+-------+--------+---------+

    + Detail: 
        * Instance: 
        +----------------------------------------------------------------------------------+-----------------------------------------------------------------------+---------+---------+-----------+----------+-----+-----+---------+
        |                                                                                  |                                                                       |  Latency (cycles) |  Latency (absolute)  |  Interval | Pipeline|
        |                                     Instance                                     |                                 Module                                |   min   |   max   |    min    |    max   | min | max |   Type  |
        +----------------------------------------------------------------------------------+-----------------------------------------------------------------------+---------+---------+-----------+----------+-----+-----+---------+
        |grp_compute_output_buffer_2d_array_array_ap_fixed_12_6_5_3_0_6u_config9_s_fu_156  |compute_output_buffer_2d_array_array_ap_fixed_12_6_5_3_0_6u_config9_s  |        2|       23|  10.000 ns|  0.115 us|    2|   23|       no|
        +----------------------------------------------------------------------------------+-----------------------------------------------------------------------+---------+---------+-----------+----------+-----+-----+---------+

        * Loop: 
        +----------------------------------+---------+---------+----------+-----------+-----------+-------+----------+
        |                                  |  Latency (cycles) | Iteration|  Initiation Interval  |  Trip |          |
        |             Loop Name            |   min   |   max   |  Latency |  achieved |   target  | Count | Pipelined|
        +----------------------------------+---------+---------+----------+-----------+-----------+-------+----------+
        |- ReadInputHeight_ReadInputWidth  |    66564|   416025|    4 ~ 25|          -|          -|  16641|        no|
        +----------------------------------+---------+---------+----------+-----------+-----------+-------+----------+



================================================================
== Utilization Estimates
================================================================
* Summary: 
+-----------------+---------+------+--------+--------+-----+
|       Name      | BRAM_18K|  DSP |   FF   |   LUT  | URAM|
+-----------------+---------+------+--------+--------+-----+
|DSP              |        -|     -|       -|       -|    -|
|Expression       |        -|     -|       0|      48|    -|
|FIFO             |        -|     -|       -|       -|    -|
|Instance         |        4|    12|    1904|    2453|    -|
|Memory           |        -|     -|       -|       -|    -|
|Multiplexer      |        -|     -|       -|      65|    -|
|Register         |        -|     -|      69|       -|    -|
+-----------------+---------+------+--------+--------+-----+
|Total            |        4|    12|    1973|    2566|    0|
+-----------------+---------+------+--------+--------+-----+
|Available        |     1080|  1700|  406256|  203128|    0|
+-----------------+---------+------+--------+--------+-----+
|Utilization (%)  |       ~0|    ~0|      ~0|       1|    0|
+-----------------+---------+------+--------+--------+-----+

+ Detail: 
    * Instance: 
    +----------------------------------------------------------------------------------+-----------------------------------------------------------------------+---------+----+------+------+-----+
    |                                     Instance                                     |                                 Module                                | BRAM_18K| DSP|  FF  |  LUT | URAM|
    +----------------------------------------------------------------------------------+-----------------------------------------------------------------------+---------+----+------+------+-----+
    |grp_compute_output_buffer_2d_array_array_ap_fixed_12_6_5_3_0_6u_config9_s_fu_156  |compute_output_buffer_2d_array_array_ap_fixed_12_6_5_3_0_6u_config9_s  |        4|  12|  1904|  2453|    0|
    +----------------------------------------------------------------------------------+-----------------------------------------------------------------------+---------+----+------+------+-----+
    |Total                                                                             |                                                                       |        4|  12|  1904|  2453|    0|
    +----------------------------------------------------------------------------------+-----------------------------------------------------------------------+---------+----+------+------+-----+

    * DSP: 
    N/A

    * Memory: 
    N/A

    * FIFO: 
    N/A

    * Expression: 
    +---------------------+----------+----+---+----+------------+------------+
    |    Variable Name    | Operation| DSP| FF| LUT| Bitwidth P0| Bitwidth P1|
    +---------------------+----------+----+---+----+------------+------------+
    |add_ln52_fu_278_p2   |         +|   0|  0|  22|          15|           1|
    |ap_block_state2      |       and|   0|  0|   2|           1|           1|
    |icmp_ln52_fu_272_p2  |      icmp|   0|  0|  22|          15|          15|
    |ap_block_state1      |        or|   0|  0|   2|           1|           1|
    +---------------------+----------+----+---+----+------------+------------+
    |Total                |          |   0|  0|  48|          32|          18|
    +---------------------+----------+----+---+----+------------+------------+

    * Multiplexer: 
    +-----------------------+----+-----------+-----+-----------+
    |          Name         | LUT| Input Size| Bits| Total Bits|
    +-----------------------+----+-----------+-----+-----------+
    |ap_NS_fsm              |  20|          4|    1|          4|
    |ap_done                |   9|          2|    1|          2|
    |indvar_flatten_fu_146  |   9|          2|   15|         30|
    |layer32_out_blk_n      |   9|          2|    1|          2|
    |layer9_out_write       |   9|          2|    1|          2|
    |real_start             |   9|          2|    1|          2|
    +-----------------------+----+-----------+-----+-----------+
    |Total                  |  65|         14|   20|         42|
    +-----------------------+----+-----------+-----+-----------+

    * Register: 
    +-----------------------------------------------------------------------------------------------+----+----+-----+-----------+
    |                                              Name                                             | FF | LUT| Bits| Const Bits|
    +-----------------------------------------------------------------------------------------------+----+----+-----+-----------+
    |ap_CS_fsm                                                                                      |   3|   0|    3|          0|
    |ap_done_reg                                                                                    |   1|   0|    1|          0|
    |grp_compute_output_buffer_2d_array_array_ap_fixed_12_6_5_3_0_6u_config9_s_fu_156_ap_start_reg  |   1|   0|    1|          0|
    |indvar_flatten_fu_146                                                                          |  15|   0|   15|          0|
    |start_once_reg                                                                                 |   1|   0|    1|          0|
    |trunc_ln58_100_reg_352                                                                         |  12|   0|   12|          0|
    |trunc_ln58_99_reg_347                                                                          |  12|   0|   12|          0|
    |trunc_ln58_reg_337                                                                             |  12|   0|   12|          0|
    |trunc_ln58_s_reg_342                                                                           |  12|   0|   12|          0|
    +-----------------------------------------------------------------------------------------------+----+----+-----+-----------+
    |Total                                                                                          |  69|   0|   69|          0|
    +-----------------------------------------------------------------------------------------------+----+----+-----+-----------+



================================================================
== Interface
================================================================
* Summary: 
+----------------------------+-----+-----+------------+-----------------------------------------------------------------------+--------------+
|          RTL Ports         | Dir | Bits|  Protocol  |                             Source Object                             |    C Type    |
+----------------------------+-----+-----+------------+-----------------------------------------------------------------------+--------------+
|ap_clk                      |   in|    1|  ap_ctrl_hs|  conv_2d_cl<array<ap_fixed,4u>,array<ap_fixed<12,6,5,3,0>,6u>,config9>|  return value|
|ap_rst                      |   in|    1|  ap_ctrl_hs|  conv_2d_cl<array<ap_fixed,4u>,array<ap_fixed<12,6,5,3,0>,6u>,config9>|  return value|
|ap_start                    |   in|    1|  ap_ctrl_hs|  conv_2d_cl<array<ap_fixed,4u>,array<ap_fixed<12,6,5,3,0>,6u>,config9>|  return value|
|start_full_n                |   in|    1|  ap_ctrl_hs|  conv_2d_cl<array<ap_fixed,4u>,array<ap_fixed<12,6,5,3,0>,6u>,config9>|  return value|
|ap_done                     |  out|    1|  ap_ctrl_hs|  conv_2d_cl<array<ap_fixed,4u>,array<ap_fixed<12,6,5,3,0>,6u>,config9>|  return value|
|ap_continue                 |   in|    1|  ap_ctrl_hs|  conv_2d_cl<array<ap_fixed,4u>,array<ap_fixed<12,6,5,3,0>,6u>,config9>|  return value|
|ap_idle                     |  out|    1|  ap_ctrl_hs|  conv_2d_cl<array<ap_fixed,4u>,array<ap_fixed<12,6,5,3,0>,6u>,config9>|  return value|
|ap_ready                    |  out|    1|  ap_ctrl_hs|  conv_2d_cl<array<ap_fixed,4u>,array<ap_fixed<12,6,5,3,0>,6u>,config9>|  return value|
|start_out                   |  out|    1|  ap_ctrl_hs|  conv_2d_cl<array<ap_fixed,4u>,array<ap_fixed<12,6,5,3,0>,6u>,config9>|  return value|
|start_write                 |  out|    1|  ap_ctrl_hs|  conv_2d_cl<array<ap_fixed,4u>,array<ap_fixed<12,6,5,3,0>,6u>,config9>|  return value|
|layer32_out_dout            |   in|   48|     ap_fifo|                                                            layer32_out|       pointer|
|layer32_out_num_data_valid  |   in|   16|     ap_fifo|                                                            layer32_out|       pointer|
|layer32_out_fifo_cap        |   in|   16|     ap_fifo|                                                            layer32_out|       pointer|
|layer32_out_empty_n         |   in|    1|     ap_fifo|                                                            layer32_out|       pointer|
|layer32_out_read            |  out|    1|     ap_fifo|                                                            layer32_out|       pointer|
|layer9_out_din              |  out|   72|     ap_fifo|                                                             layer9_out|       pointer|
|layer9_out_num_data_valid   |   in|   13|     ap_fifo|                                                             layer9_out|       pointer|
|layer9_out_fifo_cap         |   in|   13|     ap_fifo|                                                             layer9_out|       pointer|
|layer9_out_full_n           |   in|    1|     ap_fifo|                                                             layer9_out|       pointer|
|layer9_out_write            |  out|    1|     ap_fifo|                                                             layer9_out|       pointer|
+----------------------------+-----+-----+------------+-----------------------------------------------------------------------+--------------+

