================================================================
== Design Size Report
================================================================

* Total Instructions per Compilation Phase
+---------------+----------------------------+--------------+----------------------------------------------------------------------------------------+
| Phase         | Step                       | Instructions | Description                                                                            |
+---------------+----------------------------+--------------+----------------------------------------------------------------------------------------+
| Compile/Link  |                            |  20,149      | After all functions are compiled and linked into a single design                       |
|               |                            |              |                                                                                        |
| Unroll/Inline |                            |              | After user unroll and inline pragmas are applied                                       |
|               | (1) unroll                 | 117,620 *    | user unroll pragmas are applied                                                        |
|               | (2) simplification         |  40,426      | simplification of applied user unroll pragmas                                          |
|               | (3) inline                 |  39,276      | user inline pragmas are applied                                                        |
|               | (4) simplification         |  36,974      | simplification of applied user inline pragmas                                          |
|               |                            |              |                                                                                        |
| Array/Struct  |                            |              | After user array partition and struct aggregate/disaggregate pragmas are applied       |
|               | (1) array partition        |  25,424      | user array partition pragmas are applied                                               |
|               | (2) simplification         |  21,273      | simplification of applied user array partition & struct aggregate/disaggregate pragmas |
|               | (3) aggregate/disaggregate |  21,392      | user struct aggregate/disaggregate pragmas are applied                                 |
|               | (4) array reshape          |  24,435      | apply array reshape pragmas                                                            |
|               | (5) access patterns        |  24,355      | array access pattern optmizations                                                      |
|               |                            |              |                                                                                        |
| Performance   |                            |              | After transformations are applied to meet performance pragma targets                   |
|               | (1) loop simplification    |  24,199      | loop and instruction simplification                                                    |
|               | (2) parallelization        |  38,007      | loops are unrolled or pipelined to meet performance targets                            |
|               | (3) array partition        |  37,809      | arrays are partitioned to meet performance targets                                     |
|               | (4) simplification         |  37,809      | simplification of design after performance transformations                             |
|               |                            |              |                                                                                        |
| HW Transforms |                            |              | After hardware transfomations                                                          |
|               | (1) lowering               |  34,849      | initial conversion to HW specific instructions                                         |
|               | (2) optimizations          |  34,783      | high level synthesis optimizations                                                     |
+---------------+----------------------------+--------------+----------------------------------------------------------------------------------------+
    * - Exceeded design size warning message threshold

* Instructions per Function for each Compilation Phase
+-----------------------------------------+------------------------------+-----------------+---------------+--------------+-------------+---------------+
| Function                                | Location                     | Compile/Link    | Unroll/Inline | Array/Struct | Performance | HW Transforms |
+-----------------------------------------+------------------------------+-----------------+---------------+--------------+-------------+---------------+
| + folo                                  | folo.cpp:7                   | 20,149          | 36,974        | 24,355       | 37,809      | 34,783        |
|  + zeropad2d_cl<nnet::array<ap_...      | nnet_padding_stream.h:48     |   454           |    22         |    36        |    35       |    40         |
|   + fill_zero<nnet::array<ap_fix...     | nnet_padding_stream.h:8      |   332 (4 calls) |               |              |             |               |
|      operator[]                         | nnet_types.h:17              |    12 (4 calls) |               |              |             |               |
|   + fill_data<nnet::array<ap_fix...     | nnet_padding_stream.h:18     |    44           |               |              |             |               |
|      operator[]                         | nnet_types.h:17              |     6 (2 calls) |               |              |             |               |
|  + conv_2d_cl<nnet::array<ap_fi...      | nnet_conv2d_stream.h:67      |   969           |   786         |   515        |   495       |   508         |
|   + conv_2d_buffer_latency_cl<nn...     | nnet_conv2d_stream.h:14      |   966           |               |              |             |               |
|    + compute_output_buffer_2d<nne...    | nnet_conv_stream.h:251       |   909           |               |              |             |               |
|     + shift_line_buffer<nnet::arra...   | nnet_conv_stream.h:215       |   157           |               |              |             |               |
|        operator[]                       | nnet_types.h:19              |     3           |               |              |             |               |
|        kernel_shift_2d<nnet::array<...  | nnet_conv_stream.h:181       |    75           |               |              |             |               |
|     + dense                             | nnet_dense.h:50              |   650           |               |              |             |               |
|      + dense_latency<ap_fixed<16, 6...  | nnet_dense_latency.h:13      |   648           |               |              |             |               |
|         product                         | nnet_mult.h:70               |   141           |               |              |             |               |
|         cast<ap_fixed<16, 6, (ap_q_m... | nnet_mult.h:110              |     3           |               |              |             |               |
|       operator[]                        | nnet_types.h:17              |     3           |               |              |             |               |
|   + compute_output_buffer_2d<nne...     | nnet_conv_stream.h:251       |                 |   761         |   487        |   475       |   483         |
|      shift_line_buffer<nnet::arra...    | nnet_conv_stream.h:215       |                 |    27         |    38        |    26       |    33         |
|      dense_latency<ap_fixed<16, 6...    | nnet_dense_latency.h:13      |                 |   655         |   357        |   357       |   358         |
|  + normalize<nnet::array<ap_fix...      | nnet_batchnorm_stream.h:16   |   402           |    59         |   103        |   103       |   103         |
|     operator[]                          | nnet_types.h:17              |     6 (2 calls) |               |              |             |               |
|     product                             | nnet_mult.h:70               |   141           |               |              |             |               |
|  + thresholded_relu<nnet::array...      | nnet_activation_stream.h:526 |   200           |    42         |    86        |    86       |    78         |
|     operator[]                          | nnet_types.h:17              |    12 (4 calls) |               |              |             |               |
|  + clone_stream<nnet::array<ap_...      | nnet_stream.h:20             |    75           |    24         |    64        |    64       |    48         |
|     operator[]                          | nnet_types.h:17              |    12 (4 calls) |               |              |             |               |
|  + zeropad2d_cl<nnet::array<ap_...      | nnet_padding_stream.h:48     |   454           |    37         |   112        |   111       |    95         |
|   + fill_zero<nnet::array<ap_fix...     | nnet_padding_stream.h:8      |   332 (4 calls) |               |              |             |               |
|      operator[]                         | nnet_types.h:17              |    12 (4 calls) |               |              |             |               |
|   + fill_data<nnet::array<ap_fix...     | nnet_padding_stream.h:18     |    44           |               |              |             |               |
|      operator[]                         | nnet_types.h:17              |     6 (2 calls) |               |              |             |               |
|  + conv_2d_cl<nnet::array<ap_fi...      | nnet_conv2d_stream.h:67      |   969           | 2,902         | 1,831        | 1,795       | 1,810         |
|   + conv_2d_buffer_latency_cl<nn...     | nnet_conv2d_stream.h:14      |   966           |               |              |             |               |
|    + compute_output_buffer_2d<nne...    | nnet_conv_stream.h:251       |   909           |               |              |             |               |
|     + shift_line_buffer<nnet::arra...   | nnet_conv_stream.h:215       |   157           |               |              |             |               |
|        operator[]                       | nnet_types.h:19              |     3           |               |              |             |               |
|        kernel_shift_2d<nnet::array<...  | nnet_conv_stream.h:181       |    75           |               |              |             |               |
|     + dense                             | nnet_dense.h:50              |   650           |               |              |             |               |
|      + dense_latency<ap_fixed<16, 6...  | nnet_dense_latency.h:13      |   648           |               |              |             |               |
|         product                         | nnet_mult.h:70               |   141           |               |              |             |               |
|         cast<ap_fixed<16, 6, (ap_q_m... | nnet_mult.h:110              |     3           |               |              |             |               |
|       operator[]                        | nnet_types.h:17              |     3           |               |              |             |               |
|   + compute_output_buffer_2d<nne...     | nnet_conv_stream.h:251       |                 | 2,868         | 1,769        | 1,725       | 1,751         |
|      shift_line_buffer<nnet::arra...    | nnet_conv_stream.h:215       |                 |    99         |   149        |   105       |   130         |
|      dense_latency<ap_fixed<16, 6...    | nnet_dense_latency.h:13      |                 | 2,692         | 1,530        | 1,530       | 1,531         |
|  + normalize<nnet::array<ap_fix...      | nnet_batchnorm_stream.h:16   |   402           |    59         |   103        |   103       |   103         |
|     operator[]                          | nnet_types.h:17              |     6 (2 calls) |               |              |             |               |
|     product                             | nnet_mult.h:70               |   141           |               |              |             |               |
|  + add<nnet::array<ap_fixed<16,...      | nnet_merge_stream.h:11       |   259           |    72         |   136        |   136       |   129         |
|     operator[]                          | nnet_types.h:17              |     9 (3 calls) |               |              |             |               |
|  + thresholded_relu<nnet::array...      | nnet_activation_stream.h:526 |   261           |    42         |    86        |    86       |    86         |
|     operator[]                          | nnet_types.h:17              |    12 (4 calls) |               |              |             |               |
|  + zeropad2d_cl<nnet::array<ap_...      | nnet_padding_stream.h:48     |   454           |    30         |   105        |   104       |    91         |
|   + fill_zero<nnet::array<ap_fix...     | nnet_padding_stream.h:8      |   332 (4 calls) |               |              |             |               |
|      operator[]                         | nnet_types.h:17              |    12 (4 calls) |               |              |             |               |
|   + fill_data<nnet::array<ap_fix...     | nnet_padding_stream.h:18     |    44           |               |              |             |               |
|      operator[]                         | nnet_types.h:17              |     6 (2 calls) |               |              |             |               |
|  + conv_2d_cl<nnet::array<ap_fi...      | nnet_conv2d_stream.h:67      |   969           | 4,220         | 2,510        | 2,474       | 2,495         |
|   + conv_2d_buffer_latency_cl<nn...     | nnet_conv2d_stream.h:14      |   966           |               |              |             |               |
|    + compute_output_buffer_2d<nne...    | nnet_conv_stream.h:251       |   909           |               |              |             |               |
|     + shift_line_buffer<nnet::arra...   | nnet_conv_stream.h:215       |   157           |               |              |             |               |
|        operator[]                       | nnet_types.h:19              |     3           |               |              |             |               |
|        kernel_shift_2d<nnet::array<...  | nnet_conv_stream.h:181       |    75           |               |              |             |               |
|     + dense                             | nnet_dense.h:50              |   650           |               |              |             |               |
|      + dense_latency<ap_fixed<10, 2...  | nnet_dense_latency.h:13      |   648           |               |              |             |               |
|         product                         | nnet_mult.h:70               |   141           |               |              |             |               |
|         cast<ap_fixed<10, 2, (ap_q_m... | nnet_mult.h:110              |     3           |               |              |             |               |
|       operator[]                        | nnet_types.h:17              |     3           |               |              |             |               |
|   + compute_output_buffer_2d<nne...     | nnet_conv_stream.h:251       |                 | 4,186         | 2,448        | 2,404       | 2,432         |
|      shift_line_buffer<nnet::arra...    | nnet_conv_stream.h:215       |                 |    99         |   149        |   105       |   130         |
|      dense_latency<ap_fixed<10, 2...    | nnet_dense_latency.h:13      |                 | 3,996         | 2,187        | 2,187       | 2,188         |
|  + normalize<nnet::array<ap_fix...      | nnet_batchnorm_stream.h:16   |   402           |    79         |   149        |   149       |   151         |
|     operator[]                          | nnet_types.h:17              |     6 (2 calls) |               |              |             |               |
|     product                             | nnet_mult.h:70               |   141           |               |              |             |               |
|  + thresholded_relu<nnet::array...      | nnet_activation_stream.h:526 |   261           |    54         |   124        |   124       |   126         |
|     operator[]                          | nnet_types.h:17              |    12 (4 calls) |               |              |             |               |
|  + clone_stream<nnet::array<ap_...      | nnet_stream.h:20             |    75           |    24         |    90        |    90       |    78         |
|     operator[]                          | nnet_types.h:17              |    12 (4 calls) |               |              |             |               |
|  + zeropad2d_cl<nnet::array<ap_...      | nnet_padding_stream.h:48     |   454           |    37         |   152        | 5,375       | 4,224         |
|   + fill_zero<nnet::array<ap_fix...     | nnet_padding_stream.h:8      |   332 (4 calls) |               |              |             |               |
|      operator[]                         | nnet_types.h:17              |    12 (4 calls) |               |              |             |               |
|   + fill_data<nnet::array<ap_fix...     | nnet_padding_stream.h:18     |    44           |               |              |             |               |
|      operator[]                         | nnet_types.h:17              |     6 (2 calls) |               |              |             |               |
|  + conv_2d_cl<nnet::array<ap_fi...      | nnet_conv2d_stream.h:67      |   969           | 6,391         | 3,732        | 3,680       | 3,707         |
|   + conv_2d_buffer_latency_cl<nn...     | nnet_conv2d_stream.h:14      |   966           |               |              |             |               |
|    + compute_output_buffer_2d<nne...    | nnet_conv_stream.h:251       |   909           |               |              |             |               |
|     + shift_line_buffer<nnet::arra...   | nnet_conv_stream.h:215       |   157           |               |              |             |               |
|        operator[]                       | nnet_types.h:19              |     3           |               |              |             |               |
|        kernel_shift_2d<nnet::array<...  | nnet_conv_stream.h:181       |    75           |               |              |             |               |
|     + dense                             | nnet_dense.h:50              |   650           |               |              |             |               |
|      + dense_latency<ap_fixed<10, 2...  | nnet_dense_latency.h:13      |   648           |               |              |             |               |
|         product                         | nnet_mult.h:70               |   141           |               |              |             |               |
|         cast<ap_fixed<10, 2, (ap_q_m... | nnet_mult.h:110              |     3           |               |              |             |               |
|       operator[]                        | nnet_types.h:17              |     3           |               |              |             |               |
|   + compute_output_buffer_2d<nne...     | nnet_conv_stream.h:251       |                 | 6,351         | 3,648        | 3,582       | 3,622         |
|      shift_line_buffer<nnet::arra...    | nnet_conv_stream.h:215       |                 |   147         |   223        |   157       |   194         |
|      dense_latency<ap_fixed<10, 2...    | nnet_dense_latency.h:13      |                 | 6,115         | 3,315        | 3,315       | 3,316         |
|  + normalize<nnet::array<ap_fix...      | nnet_batchnorm_stream.h:16   |   402           |    79         |   149        |   149       |   151         |
|     operator[]                          | nnet_types.h:17              |     6 (2 calls) |               |              |             |               |
|     product                             | nnet_mult.h:70               |   141           |               |              |             |               |
|  + add<nnet::array<ap_fixed<10,...      | nnet_merge_stream.h:11       |   259           |    96         |   198        |   198       |   197         |
|     operator[]                          | nnet_types.h:17              |     9 (3 calls) |               |              |             |               |
|  + thresholded_relu<nnet::array...      | nnet_activation_stream.h:526 |   261           |    54         |   124        |   124       |   126         |
|     operator[]                          | nnet_types.h:17              |    12 (4 calls) |               |              |             |               |
|  + zeropad2d_cl<nnet::array<ap_...      | nnet_padding_stream.h:48     |   454           |    30         |   145        | 5,368       | 4,209         |
|   + fill_zero<nnet::array<ap_fix...     | nnet_padding_stream.h:8      |   332 (4 calls) |               |              |             |               |
|      operator[]                         | nnet_types.h:17              |    12 (4 calls) |               |              |             |               |
|   + fill_data<nnet::array<ap_fix...     | nnet_padding_stream.h:18     |    44           |               |              |             |               |
|      operator[]                         | nnet_types.h:17              |     6 (2 calls) |               |              |             |               |
|  + conv_2d_cl<nnet::array<ap_fi...      | nnet_conv2d_stream.h:67      |   969           | 8,427         | 4,812        | 4,760       | 4,789         |
|   + conv_2d_buffer_latency_cl<nn...     | nnet_conv2d_stream.h:14      |   966           |               |              |             |               |
|    + compute_output_buffer_2d<nne...    | nnet_conv_stream.h:251       |   909           |               |              |             |               |
|     + shift_line_buffer<nnet::arra...   | nnet_conv_stream.h:215       |   157           |               |              |             |               |
|        operator[]                       | nnet_types.h:19              |     3           |               |              |             |               |
|        kernel_shift_2d<nnet::array<...  | nnet_conv_stream.h:181       |    75           |               |              |             |               |
|     + dense                             | nnet_dense.h:50              |   650           |               |              |             |               |
|      + dense_latency<ap_fixed<10, 2...  | nnet_dense_latency.h:13      |   648           |               |              |             |               |
|         product                         | nnet_mult.h:70               |   141           |               |              |             |               |
|         cast<ap_fixed<10, 2, (ap_q_m... | nnet_mult.h:110              |     3           |               |              |             |               |
|       operator[]                        | nnet_types.h:17              |     3           |               |              |             |               |
|   + compute_output_buffer_2d<nne...     | nnet_conv_stream.h:251       |                 | 8,387         | 4,728        | 4,662       | 4,704         |
|      shift_line_buffer<nnet::arra...    | nnet_conv_stream.h:215       |                 |   147         |   223        |   157       |   194         |
|      dense_latency<ap_fixed<10, 2...    | nnet_dense_latency.h:13      |                 | 8,137         | 4,373        | 4,373       | 4,374         |
|  + normalize<nnet::array<ap_fix...      | nnet_batchnorm_stream.h:16   |   402           |    99         |   195        |   195       |   199         |
|     operator[]                          | nnet_types.h:17              |     6 (2 calls) |               |              |             |               |
|     product                             | nnet_mult.h:70               |   141           |               |              |             |               |
|  + thresholded_relu<nnet::array...      | nnet_activation_stream.h:526 |   261           |    66         |   162        |   162       |   166         |
|     operator[]                          | nnet_types.h:17              |    12 (4 calls) |               |              |             |               |
|  + clone_stream<nnet::array<ap_...      | nnet_stream.h:20             |    75           |    24         |   116        |   116       |   100         |
|     operator[]                          | nnet_types.h:17              |    12 (4 calls) |               |              |             |               |
|  + zeropad2d_cl<nnet::array<ap_...      | nnet_padding_stream.h:48     |   454           |    37         |   192        | 3,565       | 2,858         |
|   + fill_zero<nnet::array<ap_fix...     | nnet_padding_stream.h:8      |   332 (4 calls) |               |              |             |               |
|      operator[]                         | nnet_types.h:17              |    12 (4 calls) |               |              |             |               |
|   + fill_data<nnet::array<ap_fix...     | nnet_padding_stream.h:18     |    44           |               |              |             |               |
|      operator[]                         | nnet_types.h:17              |     6 (2 calls) |               |              |             |               |
|  + conv_2d_cl<nnet::array<ap_fi...      | nnet_conv2d_stream.h:67      |   969           | 11,301        | 6,334        | 6,266       | 6,301         |
|   + conv_2d_buffer_latency_cl<nn...     | nnet_conv2d_stream.h:14      |   966           |               |              |             |               |
|    + compute_output_buffer_2d<nne...    | nnet_conv_stream.h:251       |   909           |               |              |             |               |
|     + shift_line_buffer<nnet::arra...   | nnet_conv_stream.h:215       |   157           |               |              |             |               |
|        operator[]                       | nnet_types.h:19              |     3           |               |              |             |               |
|        kernel_shift_2d<nnet::array<...  | nnet_conv_stream.h:181       |    75           |               |              |             |               |
|     + dense                             | nnet_dense.h:50              |   650           |               |              |             |               |
|      + dense_latency<ap_fixed<10, 2...  | nnet_dense_latency.h:13      |   648           |               |              |             |               |
|         product                         | nnet_mult.h:70               |   141           |               |              |             |               |
|         cast<ap_fixed<10, 2, (ap_q_m... | nnet_mult.h:110              |     3           |               |              |             |               |
|       operator[]                        | nnet_types.h:17              |     3           |               |              |             |               |
|   + compute_output_buffer_2d<nne...     | nnet_conv_stream.h:251       |                 | 11,255        | 6,228        | 6,140       | 6,194         |
|      shift_line_buffer<nnet::arra...    | nnet_conv_stream.h:215       |                 |   195         |   297        |   209       |   258         |
|      dense_latency<ap_fixed<10, 2...    | nnet_dense_latency.h:13      |                 | 10,959        | 5,801        | 5,801       | 5,802         |
|  + normalize<nnet::array<ap_fix...      | nnet_batchnorm_stream.h:16   |   402           |    99         |   195        |   195       |   199         |
|     operator[]                          | nnet_types.h:17              |     6 (2 calls) |               |              |             |               |
|     product                             | nnet_mult.h:70               |   141           |               |              |             |               |
|  + add<nnet::array<ap_fixed<10,...      | nnet_merge_stream.h:11       |   259           |   120         |   260        |   260       |   261         |
|     operator[]                          | nnet_types.h:17              |     9 (3 calls) |               |              |             |               |
|  + thresholded_relu<nnet::array...      | nnet_activation_stream.h:526 |   261           |    66         |   162        |   162       |   166         |
|     operator[]                          | nnet_types.h:17              |    12 (4 calls) |               |              |             |               |
|  + pointwise_conv_2d_cl<nnet::a...      | nnet_sepconv2d_stream.h:56   | 1,410           | 1,208         |   805        |   757       |   742         |
|   + pointwise_mult_buffer<nnet::...     | nnet_sepconv_stream.h:83     | 1,300 (2 calls) |               |              |             |               |
|      operator[]                         | nnet_types.h:19              |     6 (2 calls) |               |              |             |               |
|    + dense                              | nnet_dense.h:50              | 1,176 (2 calls) |               |              |             |               |
|     + dense_latency<ap_fixed<10, 2...   | nnet_dense_latency.h:13      | 1,172 (2 calls) |               |              |             |               |
|        product                          | nnet_mult.h:70               |   282 (2 calls) |               |              |             |               |
|        cast<ap_fixed<10, 2, (ap_q_m...  | nnet_mult.h:110              |     6 (2 calls) |               |              |             |               |
|      operator[]                         | nnet_types.h:17              |     6 (2 calls) |               |              |             |               |
|     dense_latency<ap_fixed<10, 2...     | nnet_dense_latency.h:13      |                 | 1,134         |   589        |   581       |   582         |
|  + relu<nnet::array<ap_fixed<30...      | nnet_activation_stream.h:39  |   278           |    66         |   162        |   162       |   150         |
|     operator[]                          | nnet_types.h:17              |    12 (4 calls) |               |              |             |               |
|  + pointwise_conv_2d_cl<nnet::a...      | nnet_sepconv2d_stream.h:56   | 1,404           |   107         |   167        |   119       |   108         |
|   + pointwise_mult_buffer<nnet::...     | nnet_sepconv_stream.h:83     | 1,294 (2 calls) |               |              |             |               |
|      operator[]                         | nnet_types.h:19              |     6 (2 calls) |               |              |             |               |
|    + dense                              | nnet_dense.h:50              | 1,170 (2 calls) |               |              |             |               |
|     + dense_latency<ap_fixed<16, 6...   | nnet_dense_latency.h:13      | 1,166 (2 calls) |               |              |             |               |
|        product                          | nnet_mult.h:70               |   274 (2 calls) |               |              |             |               |
|        cast<ap_fixed<16, 6, (ap_q_m...  | nnet_mult.h:110              |     6 (2 calls) |               |              |             |               |
|      operator[]                         | nnet_types.h:17              |     6 (2 calls) |               |              |             |               |
|     dense_latency<ap_fixed<16, 6...     | nnet_dense_latency.h:13      |                 |    54         |    43        |    35       |    36         |
|  + sigmoid<nnet::array<ap_fixed...      | nnet_activation_stream.h:65  |   951           |    42         |    40        |    38       |    39         |
|   + init_sigmoid_table<sigmoid_c...     | nnet_activation.h:81         |   431           |               |              |             |               |
|      sigmoid_fcn_float                  | nnet_activation.h:79         |     9           |               |              |             |               |
|     operator[]                          | nnet_types.h:17              |     6 (2 calls) |               |              |             |               |
+-----------------------------------------+------------------------------+-----------------+---------------+--------------+-------------+---------------+

* Design Size Message Settings
+---------------------------------------------+--------+------------------------------------------------------------------+
| Message Setting                             | Value  | Description                                                      |
+---------------------------------------------+--------+------------------------------------------------------------------+
| config_compile -design_size_maximum_warning | 100000 | Show a warning when total design instructions exceeds this value |
+---------------------------------------------+--------+------------------------------------------------------------------+


