================================================================
== Design Size Report
================================================================

* Total Instructions per Compilation Phase
+---------------+----------------------------+--------------+----------------------------------------------------------------------------------------+
| Phase         | Step                       | Instructions | Description                                                                            |
+---------------+----------------------------+--------------+----------------------------------------------------------------------------------------+
| Compile/Link  |                            |  19,619      | After all functions are compiled and linked into a single design                       |
|               |                            |              |                                                                                        |
| Unroll/Inline |                            |              | After user unroll and inline pragmas are applied                                       |
|               | (1) unroll                 | 115,325 *    | user unroll pragmas are applied                                                        |
|               | (2) simplification         |  38,308      | simplification of applied user unroll pragmas                                          |
|               | (3) inline                 |  37,074      | user inline pragmas are applied                                                        |
|               | (4) simplification         |  34,657      | simplification of applied user inline pragmas                                          |
|               |                            |              |                                                                                        |
| Array/Struct  |                            |              | After user array partition and struct aggregate/disaggregate pragmas are applied       |
|               | (1) array partition        |  14,476      | user array partition pragmas are applied                                               |
|               | (2) simplification         |  10,507      | simplification of applied user array partition & struct aggregate/disaggregate pragmas |
|               | (3) aggregate/disaggregate |  10,626      | user struct aggregate/disaggregate pragmas are applied                                 |
|               | (4) array reshape          |  13,699      | apply array reshape pragmas                                                            |
|               | (5) access patterns        |  13,619      | array access pattern optmizations                                                      |
|               |                            |              |                                                                                        |
| Performance   |                            |              | After transformations are applied to meet performance pragma targets                   |
|               | (1) loop simplification    |  13,463      | loop and instruction simplification                                                    |
|               | (2) parallelization        |  27,258      | loops are unrolled or pipelined to meet performance targets                            |
|               | (3) array partition        |  27,015      | arrays are partitioned to meet performance targets                                     |
|               | (4) simplification         |  27,015      | simplification of design after performance transformations                             |
|               |                            |              |                                                                                        |
| HW Transforms |                            |              | After hardware transfomations                                                          |
|               | (1) lowering               |  23,044      | initial conversion to HW specific instructions                                         |
|               | (2) optimizations          |  21,506      | high level synthesis optimizations                                                     |
+---------------+----------------------------+--------------+----------------------------------------------------------------------------------------+
    * - Exceeded design size warning message threshold

* Instructions per Function for each Compilation Phase
+-----------------------------------------+------------------------------+-----------------+---------------+--------------+-------------+---------------+
| Function                                | Location                     | Compile/Link    | Unroll/Inline | Array/Struct | Performance | HW Transforms |
+-----------------------------------------+------------------------------+-----------------+---------------+--------------+-------------+---------------+
| + folo                                  | folo.cpp:7                   | 19,619          | 34,657        | 13,619       | 27,015      | 21,506        |
|  + zeropad2d_cl<nnet::array<ap_...      | nnet_padding_stream.h:48     |   454           |    22         |    36        |    35       |    40         |
|   + fill_zero<nnet::array<ap_fix...     | nnet_padding_stream.h:8      |   332 (4 calls) |               |              |             |               |
|      operator[]                         | nnet_types.h:17              |    12 (4 calls) |               |              |             |               |
|   + fill_data<nnet::array<ap_fix...     | nnet_padding_stream.h:18     |    44           |               |              |             |               |
|      operator[]                         | nnet_types.h:17              |     6 (2 calls) |               |              |             |               |
|  + conv_2d_cl<nnet::array<ap_fi...      | nnet_conv2d_stream.h:67      |   964           |   741         |   322        |   302       |   307         |
|   + conv_2d_buffer_latency_cl<nn...     | nnet_conv2d_stream.h:14      |   961           |               |              |             |               |
|    + compute_output_buffer_2d<nne...    | nnet_conv_stream.h:251       |   904           |               |              |             |               |
|     + shift_line_buffer<nnet::arra...   | nnet_conv_stream.h:215       |   157           |               |              |             |               |
|        operator[]                       | nnet_types.h:19              |     3           |               |              |             |               |
|        kernel_shift_2d<nnet::array<...  | nnet_conv_stream.h:181       |    75           |               |              |             |               |
|     + dense                             | nnet_dense.h:50              |   645           |               |              |             |               |
|      + dense_latency<ap_fixed<16, 6...  | nnet_dense_latency.h:13      |   643           |               |              |             |               |
|         product                         | nnet_mult.h:70               |   137           |               |              |             |               |
|         cast<ap_fixed<16, 6, (ap_q_m... | nnet_mult.h:110              |     3           |               |              |             |               |
|       operator[]                        | nnet_types.h:17              |     3           |               |              |             |               |
|   + compute_output_buffer_2d<nne...     | nnet_conv_stream.h:251       |                 |   716         |   294        |   282       |   282         |
|      shift_line_buffer<nnet::arra...    | nnet_conv_stream.h:215       |                 |    27         |    38        |    26       |    33         |
|      dense_latency<ap_fixed<16, 6...    | nnet_dense_latency.h:13      |                 |   622         |   164        |   164       |   165         |
|  + normalize<nnet::array<ap_fix...      | nnet_batchnorm_stream.h:16   |   462           |    51         |    95        |    95       |    83         |
|     operator[]                          | nnet_types.h:17              |     6 (2 calls) |               |              |             |               |
|     product                             | nnet_mult.h:70               |   137           |               |              |             |               |
|  + thresholded_relu<nnet::array...      | nnet_activation_stream.h:526 |   137           |    34         |    78        |    78       |    66         |
|     operator[]                          | nnet_types.h:17              |    12 (4 calls) |               |              |             |               |
|  + clone_stream<nnet::array<ap_...      | nnet_stream.h:20             |    75           |    24         |    64        |    64       |    48         |
|     operator[]                          | nnet_types.h:17              |    12 (4 calls) |               |              |             |               |
|  + zeropad2d_cl<nnet::array<ap_...      | nnet_padding_stream.h:48     |   454           |    37         |   112        |   111       |    95         |
|   + fill_zero<nnet::array<ap_fix...     | nnet_padding_stream.h:8      |   332 (4 calls) |               |              |             |               |
|      operator[]                         | nnet_types.h:17              |    12 (4 calls) |               |              |             |               |
|   + fill_data<nnet::array<ap_fix...     | nnet_padding_stream.h:18     |    44           |               |              |             |               |
|      operator[]                         | nnet_types.h:17              |     6 (2 calls) |               |              |             |               |
|  + conv_2d_cl<nnet::array<ap_fi...      | nnet_conv2d_stream.h:67      |   964           | 2,710         |   951        |   915       |   922         |
|   + conv_2d_buffer_latency_cl<nn...     | nnet_conv2d_stream.h:14      |   961           |               |              |             |               |
|    + compute_output_buffer_2d<nne...    | nnet_conv_stream.h:251       |   904           |               |              |             |               |
|     + shift_line_buffer<nnet::arra...   | nnet_conv_stream.h:215       |   157           |               |              |             |               |
|        operator[]                       | nnet_types.h:19              |     3           |               |              |             |               |
|        kernel_shift_2d<nnet::array<...  | nnet_conv_stream.h:181       |    75           |               |              |             |               |
|     + dense                             | nnet_dense.h:50              |   645           |               |              |             |               |
|      + dense_latency<ap_fixed<16, 6...  | nnet_dense_latency.h:13      |   643           |               |              |             |               |
|         product                         | nnet_mult.h:70               |   137           |               |              |             |               |
|         cast<ap_fixed<16, 6, (ap_q_m... | nnet_mult.h:110              |     3           |               |              |             |               |
|       operator[]                        | nnet_types.h:17              |     3           |               |              |             |               |
|   + compute_output_buffer_2d<nne...     | nnet_conv_stream.h:251       |                 | 2,676         |   889        |   845       |   863         |
|      shift_line_buffer<nnet::arra...    | nnet_conv_stream.h:215       |                 |    99         |   149        |   105       |   130         |
|      dense_latency<ap_fixed<16, 6...    | nnet_dense_latency.h:13      |                 | 2,512         |   650        |   650       |   651         |
|  + normalize<nnet::array<ap_fix...      | nnet_batchnorm_stream.h:16   |   462           |    51         |    95        |    95       |    83         |
|     operator[]                          | nnet_types.h:17              |     6 (2 calls) |               |              |             |               |
|     product                             | nnet_mult.h:70               |   137           |               |              |             |               |
|  + add<nnet::array<ap_fixed<16,...      | nnet_merge_stream.h:11       |   296           |    40         |   104        |   104       |    85         |
|     operator[]                          | nnet_types.h:17              |     9 (3 calls) |               |              |             |               |
|  + thresholded_relu<nnet::array...      | nnet_activation_stream.h:526 |   137           |    34         |    78        |    78       |    66         |
|     operator[]                          | nnet_types.h:17              |    12 (4 calls) |               |              |             |               |
|  + zeropad2d_cl<nnet::array<ap_...      | nnet_padding_stream.h:48     |   454           |    30         |   105        |   104       |    80         |
|   + fill_zero<nnet::array<ap_fix...     | nnet_padding_stream.h:8      |   332 (4 calls) |               |              |             |               |
|      operator[]                         | nnet_types.h:17              |    12 (4 calls) |               |              |             |               |
|   + fill_data<nnet::array<ap_fix...     | nnet_padding_stream.h:18     |    44           |               |              |             |               |
|      operator[]                         | nnet_types.h:17              |     6 (2 calls) |               |              |             |               |
|  + conv_2d_cl<nnet::array<ap_fi...      | nnet_conv2d_stream.h:67      |   964           | 3,967         | 1,261        | 1,225       | 1,230         |
|   + conv_2d_buffer_latency_cl<nn...     | nnet_conv2d_stream.h:14      |   961           |               |              |             |               |
|    + compute_output_buffer_2d<nne...    | nnet_conv_stream.h:251       |   904           |               |              |             |               |
|     + shift_line_buffer<nnet::arra...   | nnet_conv_stream.h:215       |   157           |               |              |             |               |
|        operator[]                       | nnet_types.h:19              |     3           |               |              |             |               |
|        kernel_shift_2d<nnet::array<...  | nnet_conv_stream.h:181       |    75           |               |              |             |               |
|     + dense                             | nnet_dense.h:50              |   645           |               |              |             |               |
|      + dense_latency<ap_fixed<16, 6...  | nnet_dense_latency.h:13      |   643           |               |              |             |               |
|         product                         | nnet_mult.h:70               |   137           |               |              |             |               |
|         cast<ap_fixed<16, 6, (ap_q_m... | nnet_mult.h:110              |     3           |               |              |             |               |
|       operator[]                        | nnet_types.h:17              |     3           |               |              |             |               |
|   + compute_output_buffer_2d<nne...     | nnet_conv_stream.h:251       |                 | 3,933         | 1,199        | 1,155       | 1,171         |
|      shift_line_buffer<nnet::arra...    | nnet_conv_stream.h:215       |                 |    99         |   149        |   105       |   130         |
|      dense_latency<ap_fixed<16, 6...    | nnet_dense_latency.h:13      |                 | 3,761         |   938        |   938       |   939         |
|  + normalize<nnet::array<ap_fix...      | nnet_batchnorm_stream.h:16   |   462           |    67         |   137        |   137       |   121         |
|     operator[]                          | nnet_types.h:17              |     6 (2 calls) |               |              |             |               |
|     product                             | nnet_mult.h:70               |   137           |               |              |             |               |
|  + thresholded_relu<nnet::array...      | nnet_activation_stream.h:526 |   137           |    42         |   112        |   112       |    96         |
|     operator[]                          | nnet_types.h:17              |    12 (4 calls) |               |              |             |               |
|  + clone_stream<nnet::array<ap_...      | nnet_stream.h:20             |    75           |    24         |    90        |    90       |    66         |
|     operator[]                          | nnet_types.h:17              |    12 (4 calls) |               |              |             |               |
|  + zeropad2d_cl<nnet::array<ap_...      | nnet_padding_stream.h:48     |   454           |    37         |   152        | 5,375       | 3,451         |
|   + fill_zero<nnet::array<ap_fix...     | nnet_padding_stream.h:8      |   332 (4 calls) |               |              |             |               |
|      operator[]                         | nnet_types.h:17              |    12 (4 calls) |               |              |             |               |
|   + fill_data<nnet::array<ap_fix...     | nnet_padding_stream.h:18     |    44           |               |              |             |               |
|      operator[]                         | nnet_types.h:17              |     6 (2 calls) |               |              |             |               |
|  + conv_2d_cl<nnet::array<ap_fi...      | nnet_conv2d_stream.h:67      |   964           | 5,995         | 1,819        | 1,767       | 1,776         |
|   + conv_2d_buffer_latency_cl<nn...     | nnet_conv2d_stream.h:14      |   961           |               |              |             |               |
|    + compute_output_buffer_2d<nne...    | nnet_conv_stream.h:251       |   904           |               |              |             |               |
|     + shift_line_buffer<nnet::arra...   | nnet_conv_stream.h:215       |   157           |               |              |             |               |
|        operator[]                       | nnet_types.h:19              |     3           |               |              |             |               |
|        kernel_shift_2d<nnet::array<...  | nnet_conv_stream.h:181       |    75           |               |              |             |               |
|     + dense                             | nnet_dense.h:50              |   645           |               |              |             |               |
|      + dense_latency<ap_fixed<16, 6...  | nnet_dense_latency.h:13      |   643           |               |              |             |               |
|         product                         | nnet_mult.h:70               |   137           |               |              |             |               |
|         cast<ap_fixed<16, 6, (ap_q_m... | nnet_mult.h:110              |     3           |               |              |             |               |
|       operator[]                        | nnet_types.h:17              |     3           |               |              |             |               |
|   + compute_output_buffer_2d<nne...     | nnet_conv_stream.h:251       |                 | 5,955         | 1,735        | 1,669       | 1,697         |
|      shift_line_buffer<nnet::arra...    | nnet_conv_stream.h:215       |                 |   147         |   223        |   157       |   194         |
|      dense_latency<ap_fixed<16, 6...    | nnet_dense_latency.h:13      |                 | 5,737         | 1,402        | 1,402       | 1,403         |
|  + normalize<nnet::array<ap_fix...      | nnet_batchnorm_stream.h:16   |   462           |    67         |   137        |   137       |   121         |
|     operator[]                          | nnet_types.h:17              |     6 (2 calls) |               |              |             |               |
|     product                             | nnet_mult.h:70               |   137           |               |              |             |               |
|  + add<nnet::array<ap_fixed<16,...      | nnet_merge_stream.h:11       |   296           |    48         |   150        |   150       |   125         |
|     operator[]                          | nnet_types.h:17              |     9 (3 calls) |               |              |             |               |
|  + thresholded_relu<nnet::array...      | nnet_activation_stream.h:526 |   137           |    42         |   112        |   112       |    96         |
|     operator[]                          | nnet_types.h:17              |    12 (4 calls) |               |              |             |               |
|  + zeropad2d_cl<nnet::array<ap_...      | nnet_padding_stream.h:48     |   454           |    30         |   145        | 5,368       | 3,436         |
|   + fill_zero<nnet::array<ap_fix...     | nnet_padding_stream.h:8      |   332 (4 calls) |               |              |             |               |
|      operator[]                         | nnet_types.h:17              |    12 (4 calls) |               |              |             |               |
|   + fill_data<nnet::array<ap_fix...     | nnet_padding_stream.h:18     |    44           |               |              |             |               |
|      operator[]                         | nnet_types.h:17              |     6 (2 calls) |               |              |             |               |
|  + conv_2d_cl<nnet::array<ap_fi...      | nnet_conv2d_stream.h:67      |   964           | 7,940         | 2,274        | 2,222       | 2,229         |
|   + conv_2d_buffer_latency_cl<nn...     | nnet_conv2d_stream.h:14      |   961           |               |              |             |               |
|    + compute_output_buffer_2d<nne...    | nnet_conv_stream.h:251       |   904           |               |              |             |               |
|     + shift_line_buffer<nnet::arra...   | nnet_conv_stream.h:215       |   157           |               |              |             |               |
|        operator[]                       | nnet_types.h:19              |     3           |               |              |             |               |
|        kernel_shift_2d<nnet::array<...  | nnet_conv_stream.h:181       |    75           |               |              |             |               |
|     + dense                             | nnet_dense.h:50              |   645           |               |              |             |               |
|      + dense_latency<ap_fixed<16, 6...  | nnet_dense_latency.h:13      |   643           |               |              |             |               |
|         product                         | nnet_mult.h:70               |   137           |               |              |             |               |
|         cast<ap_fixed<16, 6, (ap_q_m... | nnet_mult.h:110              |     3           |               |              |             |               |
|       operator[]                        | nnet_types.h:17              |     3           |               |              |             |               |
|   + compute_output_buffer_2d<nne...     | nnet_conv_stream.h:251       |                 | 7,900         | 2,190        | 2,124       | 2,150         |
|      shift_line_buffer<nnet::arra...    | nnet_conv_stream.h:215       |                 |   147         |   223        |   157       |   194         |
|      dense_latency<ap_fixed<16, 6...    | nnet_dense_latency.h:13      |                 | 7,674         | 1,835        | 1,835       | 1,836         |
|  + normalize<nnet::array<ap_fix...      | nnet_batchnorm_stream.h:16   |   462           |    83         |   179        |   179       |   159         |
|     operator[]                          | nnet_types.h:17              |     6 (2 calls) |               |              |             |               |
|     product                             | nnet_mult.h:70               |   137           |               |              |             |               |
|  + thresholded_relu<nnet::array...      | nnet_activation_stream.h:526 |   137           |    50         |   146        |   146       |   126         |
|     operator[]                          | nnet_types.h:17              |    12 (4 calls) |               |              |             |               |
|  + clone_stream<nnet::array<ap_...      | nnet_stream.h:20             |    75           |    24         |   116        |   116       |    84         |
|     operator[]                          | nnet_types.h:17              |    12 (4 calls) |               |              |             |               |
|  + zeropad2d_cl<nnet::array<ap_...      | nnet_padding_stream.h:48     |   454           |    37         |   192        | 3,565       | 2,339         |
|   + fill_zero<nnet::array<ap_fix...     | nnet_padding_stream.h:8      |   332 (4 calls) |               |              |             |               |
|      operator[]                         | nnet_types.h:17              |    12 (4 calls) |               |              |             |               |
|   + fill_data<nnet::array<ap_fix...     | nnet_padding_stream.h:18     |    44           |               |              |             |               |
|      operator[]                         | nnet_types.h:17              |     6 (2 calls) |               |              |             |               |
|  + conv_2d_cl<nnet::array<ap_fi...      | nnet_conv2d_stream.h:67      |   964           | 10,668        | 2,969        | 2,901       | 2,912         |
|   + conv_2d_buffer_latency_cl<nn...     | nnet_conv2d_stream.h:14      |   961           |               |              |             |               |
|    + compute_output_buffer_2d<nne...    | nnet_conv_stream.h:251       |   904           |               |              |             |               |
|     + shift_line_buffer<nnet::arra...   | nnet_conv_stream.h:215       |   157           |               |              |             |               |
|        operator[]                       | nnet_types.h:19              |     3           |               |              |             |               |
|        kernel_shift_2d<nnet::array<...  | nnet_conv_stream.h:181       |    75           |               |              |             |               |
|     + dense                             | nnet_dense.h:50              |   645           |               |              |             |               |
|      + dense_latency<ap_fixed<16, 6...  | nnet_dense_latency.h:13      |   643           |               |              |             |               |
|         product                         | nnet_mult.h:70               |   137           |               |              |             |               |
|         cast<ap_fixed<16, 6, (ap_q_m... | nnet_mult.h:110              |     3           |               |              |             |               |
|       operator[]                        | nnet_types.h:17              |     3           |               |              |             |               |
|   + compute_output_buffer_2d<nne...     | nnet_conv_stream.h:251       |                 | 10,622        | 2,863        | 2,775       | 2,813         |
|      shift_line_buffer<nnet::arra...    | nnet_conv_stream.h:215       |                 |   195         |   297        |   209       |   258         |
|      dense_latency<ap_fixed<16, 6...    | nnet_dense_latency.h:13      |                 | 10,350        | 2,436        | 2,436       | 2,437         |
|  + normalize<nnet::array<ap_fix...      | nnet_batchnorm_stream.h:16   |   462           |    83         |   179        |   179       |   159         |
|     operator[]                          | nnet_types.h:17              |     6 (2 calls) |               |              |             |               |
|     product                             | nnet_mult.h:70               |   137           |               |              |             |               |
|  + add<nnet::array<ap_fixed<16,...      | nnet_merge_stream.h:11       |   296           |    56         |   196        |   196       |   165         |
|     operator[]                          | nnet_types.h:17              |     9 (3 calls) |               |              |             |               |
|  + thresholded_relu<nnet::array...      | nnet_activation_stream.h:526 |   137           |    50         |   146        |   146       |   126         |
|     operator[]                          | nnet_types.h:17              |    12 (4 calls) |               |              |             |               |
|  + pointwise_conv_2d_cl<nnet::a...      | nnet_sepconv2d_stream.h:56   | 1,294           | 1,200         |   503        |   405       |   389         |
|   + pointwise_mult_buffer<nnet::...     | nnet_sepconv_stream.h:83     | 1,184 (2 calls) |               |              |             |               |
|      operator[]                         | nnet_types.h:19              |     6 (2 calls) |               |              |             |               |
|    + dense                              | nnet_dense.h:50              | 1,060 (2 calls) |               |              |             |               |
|     + dense_latency<ap_fixed<16, 6...   | nnet_dense_latency.h:13      | 1,056 (2 calls) |               |              |             |               |
|        product                          | nnet_mult.h:70               |   274 (2 calls) |               |              |             |               |
|        cast<ap_fixed<16, 6, (ap_q_m...  | nnet_mult.h:110              |     6 (2 calls) |               |              |             |               |
|      operator[]                         | nnet_types.h:17              |     6 (2 calls) |               |              |             |               |
|     dense_latency<ap_fixed<16, 6...     | nnet_dense_latency.h:13      |                 | 1,126         |   287        |             |               |
|  + relu<nnet::array<ap_fixed<16...      | nnet_activation_stream.h:39  |   215           |    50         |   146        |   146       |   126         |
|     operator[]                          | nnet_types.h:17              |    12 (4 calls) |               |              |             |               |
|  + pointwise_conv_2d_cl<nnet::a...      | nnet_sepconv2d_stream.h:56   | 1,294           |   115         |   175        |   119       |   110         |
|   + pointwise_mult_buffer<nnet::...     | nnet_sepconv_stream.h:83     | 1,184 (2 calls) |               |              |             |               |
|      operator[]                         | nnet_types.h:19              |     6 (2 calls) |               |              |             |               |
|    + dense                              | nnet_dense.h:50              | 1,060 (2 calls) |               |              |             |               |
|     + dense_latency<ap_fixed<16, 6...   | nnet_dense_latency.h:13      | 1,056 (2 calls) |               |              |             |               |
|        product                          | nnet_mult.h:70               |   274 (2 calls) |               |              |             |               |
|        cast<ap_fixed<16, 6, (ap_q_m...  | nnet_mult.h:110              |     6 (2 calls) |               |              |             |               |
|      operator[]                         | nnet_types.h:17              |     6 (2 calls) |               |              |             |               |
|     dense_latency<ap_fixed<16, 6...     | nnet_dense_latency.h:13      |                 |    62         |    51        |             |               |
|  + sigmoid<nnet::array<ap_fixed...      | nnet_activation_stream.h:65  |   952           |    35         |    40        |    38       |    39         |
|   + init_sigmoid_table<sigmoid_c...     | nnet_activation.h:81         |   431           |               |              |             |               |
|      sigmoid_fcn_float                  | nnet_activation.h:79         |     9           |               |              |             |               |
|     operator[]                          | nnet_types.h:17              |     6 (2 calls) |               |              |             |               |
+-----------------------------------------+------------------------------+-----------------+---------------+--------------+-------------+---------------+

* Design Size Message Settings
+---------------------------------------------+--------+------------------------------------------------------------------+
| Message Setting                             | Value  | Description                                                      |
+---------------------------------------------+--------+------------------------------------------------------------------+
| config_compile -design_size_maximum_warning | 100000 | Show a warning when total design instructions exceeds this value |
+---------------------------------------------+--------+------------------------------------------------------------------+


