================================================================
== Design Size Report
================================================================

* Total Instructions per Compilation Phase
+---------------+-----------------------------+--------------+----------------------------------------------------------------------------------------+
| Phase         | Step                        | Instructions | Description                                                                            |
+---------------+-----------------------------+--------------+----------------------------------------------------------------------------------------+
| Compile/Link  |                             | 19,760       | After all functions are compiled and linked into a single design                       |
|               |                             |              |                                                                                        |
| Unroll/Inline |                             |              | After user unroll and inline pragmas are applied                                       |
|               | (1) unroll                  | 18,464       | user unroll pragmas are applied                                                        |
|               | (2) simplification          | 10,213       | simplification of applied user unroll pragmas                                          |
|               | (3) inline                  |  8,137       | user inline pragmas are applied                                                        |
|               | (4) simplification          |  6,082       | simplification of applied user inline pragmas                                          |
|               |                             |              |                                                                                        |
| Array/Struct  |                             |              | After user array partition and struct aggregate/disaggregate pragmas are applied       |
|               | (1) array partition         |  6,080       | user array partition pragmas are applied                                               |
|               | (2) simplification          |  5,876       | simplification of applied user array partition & struct aggregate/disaggregate pragmas |
|               | (3) aggregate/disaggregate  |  5,923       | user struct aggregate/disaggregate pragmas are applied                                 |
|               | (4) array reshape           |  9,474       | apply array reshape pragmas                                                            |
|               | (5) access patterns         |  9,006       | array access pattern optmizations                                                      |
|               |                             |              |                                                                                        |
| Performance   |                             |              | After transformations are applied to meet performance pragma targets                   |
|               | (1) loop simplification     |  8,802       | loop and instruction simplification                                                    |
|               | (2) parallelization         | 22,484       | loops are unrolled or pipelined to meet performance targets                            |
|               | (3) array partition         | 22,200       | arrays are partitioned to meet performance targets                                     |
|               | (4) simplification          | 21,804       | simplification of design after performance transformations                             |
|               |                             |              |                                                                                        |
| HW Transforms |                             |              | After hardware transfomations                                                          |
|               | (1) lowering                | 19,122       | initial conversion to HW specific instructions                                         |
|               | (2) optimizations           | 18,916       | high level synthesis optimizations                                                     |
+---------------+-----------------------------+--------------+----------------------------------------------------------------------------------------+

* Instructions per Function for each Compilation Phase
+-----------------------------------------+------------------------------+-----------------+---------------+--------------+-------------+---------------+
| Function                                | Location                     | Compile/Link    | Unroll/Inline | Array/Struct | Performance | HW Transforms |
+-----------------------------------------+------------------------------+-----------------+---------------+--------------+-------------+---------------+
| + folo                                  | folo.cpp:7                   | 19,760          | 6,082         | 9,006        | 21,804      | 18,916        |
|  + zeropad2d_cl<nnet::array<ap_...      | nnet_padding_stream.h:48     |   454           |   22          |   36         |    35       |    40         |
|   + fill_zero<nnet::array<ap_fix...     | nnet_padding_stream.h:8      |   332 (4 calls) |               |              |             |               |
|      operator[]                         | nnet_types.h:17              |    12 (4 calls) |               |              |             |               |
|   + fill_data<nnet::array<ap_fix...     | nnet_padding_stream.h:18     |    44           |               |              |             |               |
|      operator[]                         | nnet_types.h:17              |     6 (2 calls) |               |              |             |               |
|  + conv_2d_cl<nnet::array<ap_fi...      | nnet_conv2d_stream.h:67      |   980           |  215          |  272         |   252       |   266         |
|   + conv_2d_buffer_resource_cl<n...     | nnet_conv2d_stream.h:41      |   977           |               |              |             |               |
|    + compute_output_buffer_2d<nne...    | nnet_conv_stream.h:251       |   920           |               |              |             |               |
|     + shift_line_buffer<nnet::arra...   | nnet_conv_stream.h:215       |   157           |               |              |             |               |
|        operator[]                       | nnet_types.h:19              |     3           |               |              |             |               |
|        kernel_shift_2d<nnet::array<...  | nnet_conv_stream.h:181       |    75           |               |              |             |               |
|     + dense                             | nnet_dense.h:72              |   661           |               |              |             |               |
|      + dense_resource_rf_gt_nin_rem...  | nnet_dense_resource.h:87     |   659           |               |              |             |               |
|         product                         | nnet_mult.h:70               |   141           |               |              |             |               |
|         cast<ap_fixed<12, 6, AP_TRN,... | nnet_mult.h:110              |     3           |               |              |             |               |
|       operator[]                        | nnet_types.h:17              |     3           |               |              |             |               |
|   + compute_output_buffer_2d<nne...     | nnet_conv_stream.h:251       |                 |  190          |  242         |   226       |   242         |
|      shift_line_buffer<nnet::arra...    | nnet_conv_stream.h:215       |                 |   27          |   38         |    26       |    33         |
|      dense_resource_rf_gt_nin_rem...    | nnet_dense_resource.h:87     |                 |   86          |  114         |   110       |   119         |
|  + normalize<nnet::array<ap_fix...      | nnet_batchnorm_stream.h:16   |   461           |   63          |  115         |   115       |   116         |
|     operator[]                          | nnet_types.h:17              |     6 (2 calls) |               |              |             |               |
|     product                             | nnet_mult.h:70               |   141           |               |              |             |               |
|  + thresholded_relu<nnet::array...      | nnet_activation_stream.h:526 |   137           |  106          |  130         |    78       |    79         |
|     operator[]                          | nnet_types.h:17              |    12 (4 calls) |               |              |             |               |
|  + clone_stream<nnet::array<ap_...      | nnet_stream.h:20             |    75           |   12          |   64         |    64       |    56         |
|     operator[]                          | nnet_types.h:17              |    12 (4 calls) |               |              |             |               |
|  + zeropad2d_cl<nnet::array<ap_...      | nnet_padding_stream.h:48     |   454           |   29          |  112         |   111       |   105         |
|   + fill_zero<nnet::array<ap_fix...     | nnet_padding_stream.h:8      |   332 (4 calls) |               |              |             |               |
|      operator[]                         | nnet_types.h:17              |    12 (4 calls) |               |              |             |               |
|   + fill_data<nnet::array<ap_fix...     | nnet_padding_stream.h:18     |    44           |               |              |             |               |
|      operator[]                         | nnet_types.h:17              |     6 (2 calls) |               |              |             |               |
|  + conv_2d_cl<nnet::array<ap_fi...      | nnet_conv2d_stream.h:67      |   957           |  376          |  489         |   444       |   467         |
|   + conv_2d_buffer_resource_cl<n...     | nnet_conv2d_stream.h:41      |   954           |               |              |             |               |
|    + compute_output_buffer_2d<nne...    | nnet_conv_stream.h:251       |   897           |               |              |             |               |
|     + shift_line_buffer<nnet::arra...   | nnet_conv_stream.h:215       |   157           |               |              |             |               |
|        operator[]                       | nnet_types.h:19              |     3           |               |              |             |               |
|        kernel_shift_2d<nnet::array<...  | nnet_conv_stream.h:181       |    75           |               |              |             |               |
|     + dense                             | nnet_dense.h:61              |   638           |               |              |             |               |
|      + dense_resource_rf_leq_nin<ap...  | nnet_dense_resource.h:13     |   636           |               |              |             |               |
|         product                         | nnet_mult.h:70               |   141           |               |              |             |               |
|         cast<ap_fixed<12, 6, AP_TRN,... | nnet_mult.h:110              |     3           |               |              |             |               |
|       operator[]                        | nnet_types.h:17              |     3           |               |              |             |               |
|   + compute_output_buffer_2d<nne...     | nnet_conv_stream.h:251       |                 |  342          |  425         |   366       |   396         |
|      shift_line_buffer<nnet::arra...    | nnet_conv_stream.h:215       |                 |   99          |  149         |   105       |   130         |
|      dense_resource_rf_leq_nin<ap...    | nnet_dense_resource.h:13     |                 |  166          |  186         |   171       |   176         |
|  + normalize<nnet::array<ap_fix...      | nnet_batchnorm_stream.h:16   |   461           |   63          |  115         |   115       |   116         |
|     operator[]                          | nnet_types.h:17              |     6 (2 calls) |               |              |             |               |
|     product                             | nnet_mult.h:70               |   141           |               |              |             |               |
|  + add<nnet::array<ap_fixed<12,...      | nnet_merge_stream.h:11       |   296           |   52          |  128         |   128       |   127         |
|     operator[]                          | nnet_types.h:17              |     9 (3 calls) |               |              |             |               |
|  + thresholded_relu<nnet::array...      | nnet_activation_stream.h:526 |   137           |  106          |  130         |    78       |    79         |
|     operator[]                          | nnet_types.h:17              |    12 (4 calls) |               |              |             |               |
|  + zeropad2d_cl<nnet::array<ap_...      | nnet_padding_stream.h:48     |   454           |   22          |  105         |   104       |    90         |
|   + fill_zero<nnet::array<ap_fix...     | nnet_padding_stream.h:8      |   332 (4 calls) |               |              |             |               |
|      operator[]                         | nnet_types.h:17              |    12 (4 calls) |               |              |             |               |
|   + fill_data<nnet::array<ap_fix...     | nnet_padding_stream.h:18     |    44           |               |              |             |               |
|      operator[]                         | nnet_types.h:17              |     6 (2 calls) |               |              |             |               |
|  + conv_2d_cl<nnet::array<ap_fi...      | nnet_conv2d_stream.h:67      |   957           |  462          |  575         |   524       |   549         |
|   + conv_2d_buffer_resource_cl<n...     | nnet_conv2d_stream.h:41      |   954           |               |              |             |               |
|    + compute_output_buffer_2d<nne...    | nnet_conv_stream.h:251       |   897           |               |              |             |               |
|     + shift_line_buffer<nnet::arra...   | nnet_conv_stream.h:215       |   157           |               |              |             |               |
|        operator[]                       | nnet_types.h:19              |     3           |               |              |             |               |
|        kernel_shift_2d<nnet::array<...  | nnet_conv_stream.h:181       |    75           |               |              |             |               |
|     + dense                             | nnet_dense.h:61              |   638           |               |              |             |               |
|      + dense_resource_rf_leq_nin<ap...  | nnet_dense_resource.h:13     |   636           |               |              |             |               |
|         product                         | nnet_mult.h:70               |   141           |               |              |             |               |
|         cast<ap_fixed<12, 6, AP_TRN,... | nnet_mult.h:110              |     3           |               |              |             |               |
|       operator[]                        | nnet_types.h:17              |     3           |               |              |             |               |
|   + compute_output_buffer_2d<nne...     | nnet_conv_stream.h:251       |                 |  428          |  511         |   446       |   478         |
|      shift_line_buffer<nnet::arra...    | nnet_conv_stream.h:215       |                 |   99          |  149         |   105       |   130         |
|      dense_resource_rf_leq_nin<ap...    | nnet_dense_resource.h:13     |                 |  240          |  252         |   231       |   236         |
|  + normalize<nnet::array<ap_fix...      | nnet_batchnorm_stream.h:16   |   461           |   89          |  167         |   167       |   170         |
|     operator[]                          | nnet_types.h:17              |     6 (2 calls) |               |              |             |               |
|     product                             | nnet_mult.h:70               |   141           |               |              |             |               |
|  + thresholded_relu<nnet::array...      | nnet_activation_stream.h:526 |   137           |  154          |  190         |   112       |   115         |
|     operator[]                          | nnet_types.h:17              |    12 (4 calls) |               |              |             |               |
|  + clone_stream<nnet::array<ap_...      | nnet_stream.h:20             |    75           |   12          |   90         |    90       |    78         |
|     operator[]                          | nnet_types.h:17              |    12 (4 calls) |               |              |             |               |
|  + zeropad2d_cl<nnet::array<ap_...      | nnet_padding_stream.h:48     |   454           |   29          |  152         | 5,375       | 4,224         |
|   + fill_zero<nnet::array<ap_fix...     | nnet_padding_stream.h:8      |   332 (4 calls) |               |              |             |               |
|      operator[]                         | nnet_types.h:17              |    12 (4 calls) |               |              |             |               |
|   + fill_data<nnet::array<ap_fix...     | nnet_padding_stream.h:18     |    44           |               |              |             |               |
|      operator[]                         | nnet_types.h:17              |     6 (2 calls) |               |              |             |               |
|  + conv_2d_cl<nnet::array<ap_fi...      | nnet_conv2d_stream.h:67      |   957           |  618          |  778         |   713       |   744         |
|   + conv_2d_buffer_resource_cl<n...     | nnet_conv2d_stream.h:41      |   954           |               |              |             |               |
|    + compute_output_buffer_2d<nne...    | nnet_conv_stream.h:251       |   897           |               |              |             |               |
|     + shift_line_buffer<nnet::arra...   | nnet_conv_stream.h:215       |   157           |               |              |             |               |
|        operator[]                       | nnet_types.h:19              |     3           |               |              |             |               |
|        kernel_shift_2d<nnet::array<...  | nnet_conv_stream.h:181       |    75           |               |              |             |               |
|     + dense                             | nnet_dense.h:61              |   638           |               |              |             |               |
|      + dense_resource_rf_leq_nin<ap...  | nnet_dense_resource.h:13     |   636           |               |              |             |               |
|         product                         | nnet_mult.h:70               |   141           |               |              |             |               |
|         cast<ap_fixed<12, 6, AP_TRN,... | nnet_mult.h:110              |     3           |               |              |             |               |
|       operator[]                        | nnet_types.h:17              |     3           |               |              |             |               |
|   + compute_output_buffer_2d<nne...     | nnet_conv_stream.h:251       |                 |  578          |  692         |   603       |   647         |
|      shift_line_buffer<nnet::arra...    | nnet_conv_stream.h:215       |                 |  147          |  223         |   157       |   194         |
|      dense_resource_rf_leq_nin<ap...    | nnet_dense_resource.h:13     |                 |  342          |  359         |   336       |   341         |
|  + normalize<nnet::array<ap_fix...      | nnet_batchnorm_stream.h:16   |   461           |   86          |  164         |   164       |   167         |
|     operator[]                          | nnet_types.h:17              |     6 (2 calls) |               |              |             |               |
|     product                             | nnet_mult.h:70               |   141           |               |              |             |               |
|  + add<nnet::array<ap_fixed<12,...      | nnet_merge_stream.h:11       |   296           |   72          |  186         |   186       |   187         |
|     operator[]                          | nnet_types.h:17              |     9 (3 calls) |               |              |             |               |
|  + thresholded_relu<nnet::array...      | nnet_activation_stream.h:526 |   137           |  154          |  190         |   112       |   115         |
|     operator[]                          | nnet_types.h:17              |    12 (4 calls) |               |              |             |               |
|  + zeropad2d_cl<nnet::array<ap_...      | nnet_padding_stream.h:48     |   454           |   22          |  145         | 5,368       | 4,209         |
|   + fill_zero<nnet::array<ap_fix...     | nnet_padding_stream.h:8      |   332 (4 calls) |               |              |             |               |
|      operator[]                         | nnet_types.h:17              |    12 (4 calls) |               |              |             |               |
|   + fill_data<nnet::array<ap_fix...     | nnet_padding_stream.h:18     |    44           |               |              |             |               |
|      operator[]                         | nnet_types.h:17              |     6 (2 calls) |               |              |             |               |
|  + conv_2d_cl<nnet::array<ap_fi...      | nnet_conv2d_stream.h:67      |   957           |  736          |  892         |   821       |   854         |
|   + conv_2d_buffer_resource_cl<n...     | nnet_conv2d_stream.h:41      |   954           |               |              |             |               |
|    + compute_output_buffer_2d<nne...    | nnet_conv_stream.h:251       |   897           |               |              |             |               |
|     + shift_line_buffer<nnet::arra...   | nnet_conv_stream.h:215       |   157           |               |              |             |               |
|        operator[]                       | nnet_types.h:19              |     3           |               |              |             |               |
|        kernel_shift_2d<nnet::array<...  | nnet_conv_stream.h:181       |    75           |               |              |             |               |
|     + dense                             | nnet_dense.h:61              |   638           |               |              |             |               |
|      + dense_resource_rf_leq_nin<ap...  | nnet_dense_resource.h:13     |   636           |               |              |             |               |
|         product                         | nnet_mult.h:70               |   141           |               |              |             |               |
|         cast<ap_fixed<12, 6, AP_TRN,... | nnet_mult.h:110              |     3           |               |              |             |               |
|       operator[]                        | nnet_types.h:17              |     3           |               |              |             |               |
|   + compute_output_buffer_2d<nne...     | nnet_conv_stream.h:251       |                 |  696          |  806         |   711       |   757         |
|      shift_line_buffer<nnet::arra...    | nnet_conv_stream.h:215       |                 |  147          |  223         |   157       |   194         |
|      dense_resource_rf_leq_nin<ap...    | nnet_dense_resource.h:13     |                 |  448          |  453         |   424       |   429         |
|  + normalize<nnet::array<ap_fix...      | nnet_batchnorm_stream.h:16   |   461           |  112          |  216         |   216       |   221         |
|     operator[]                          | nnet_types.h:17              |     6 (2 calls) |               |              |             |               |
|     product                             | nnet_mult.h:70               |   141           |               |              |             |               |
|  + thresholded_relu<nnet::array...      | nnet_activation_stream.h:526 |   137           |  202          |  250         |   146       |   151         |
|     operator[]                          | nnet_types.h:17              |    12 (4 calls) |               |              |             |               |
|  + clone_stream<nnet::array<ap_...      | nnet_stream.h:20             |    75           |   12          |  116         |   116       |   100         |
|     operator[]                          | nnet_types.h:17              |    12 (4 calls) |               |              |             |               |
|  + zeropad2d_cl<nnet::array<ap_...      | nnet_padding_stream.h:48     |   454           |   29          |  192         | 3,565       | 2,858         |
|   + fill_zero<nnet::array<ap_fix...     | nnet_padding_stream.h:8      |   332 (4 calls) |               |              |             |               |
|      operator[]                         | nnet_types.h:17              |    12 (4 calls) |               |              |             |               |
|   + fill_data<nnet::array<ap_fix...     | nnet_padding_stream.h:18     |    44           |               |              |             |               |
|      operator[]                         | nnet_types.h:17              |     6 (2 calls) |               |              |             |               |
|  + conv_2d_cl<nnet::array<ap_fi...      | nnet_conv2d_stream.h:67      |   957           |  924          | 1,123        | 1,038       | 1,077         |
|   + conv_2d_buffer_resource_cl<n...     | nnet_conv2d_stream.h:41      |   954           |               |              |             |               |
|    + compute_output_buffer_2d<nne...    | nnet_conv_stream.h:251       |   897           |               |              |             |               |
|     + shift_line_buffer<nnet::arra...   | nnet_conv_stream.h:215       |   157           |               |              |             |               |
|        operator[]                       | nnet_types.h:19              |     3           |               |              |             |               |
|        kernel_shift_2d<nnet::array<...  | nnet_conv_stream.h:181       |    75           |               |              |             |               |
|     + dense                             | nnet_dense.h:61              |   638           |               |              |             |               |
|      + dense_resource_rf_leq_nin<ap...  | nnet_dense_resource.h:13     |   636           |               |              |             |               |
|         product                         | nnet_mult.h:70               |   141           |               |              |             |               |
|         cast<ap_fixed<12, 6, AP_TRN,... | nnet_mult.h:110              |     3           |               |              |             |               |
|       operator[]                        | nnet_types.h:17              |     3           |               |              |             |               |
|   + compute_output_buffer_2d<nne...     | nnet_conv_stream.h:251       |                 |  878          | 1,015        |   896       |   954         |
|      shift_line_buffer<nnet::arra...    | nnet_conv_stream.h:215       |                 |  195          |  297         |   209       |   258         |
|      dense_resource_rf_leq_nin<ap...    | nnet_dense_resource.h:13     |                 |  582          |  588         |   557       |   562         |
|  + normalize<nnet::array<ap_fix...      | nnet_batchnorm_stream.h:16   |   461           |  115          |  219         |   219       |   224         |
|     operator[]                          | nnet_types.h:17              |     6 (2 calls) |               |              |             |               |
|     product                             | nnet_mult.h:70               |   141           |               |              |             |               |
|  + add<nnet::array<ap_fixed<12,...      | nnet_merge_stream.h:11       |   296           |   92          |  244         |   244       |   247         |
|     operator[]                          | nnet_types.h:17              |     9 (3 calls) |               |              |             |               |
|  + thresholded_relu<nnet::array...      | nnet_activation_stream.h:526 |   137           |  202          |  250         |   146       |   151         |
|     operator[]                          | nnet_types.h:17              |    12 (4 calls) |               |              |             |               |
|  + pointwise_conv_2d_cl<nnet::a...      | nnet_sepconv2d_stream.h:56   | 1,326           |  230          |  494         |   438       |   435         |
|   + pointwise_mult_buffer<nnet::...     | nnet_sepconv_stream.h:83     | 1,216 (2 calls) |               |              |             |               |
|      operator[]                         | nnet_types.h:19              |     6 (2 calls) |               |              |             |               |
|    + dense                              | nnet_dense.h:72              | 1,092 (2 calls) |               |              |             |               |
|     + dense_resource_rf_gt_nin_rem...   | nnet_dense_resource.h:87     | 1,088 (2 calls) |               |              |             |               |
|        product                          | nnet_mult.h:70               |   282 (2 calls) |               |              |             |               |
|        cast<ap_fixed<12, 6, AP_TRN,...  | nnet_mult.h:110              |     6 (2 calls) |               |              |             |               |
|      operator[]                         | nnet_types.h:17              |     6 (2 calls) |               |              |             |               |
|     dense_resource_rf_gt_nin_rem...     | nnet_dense_resource.h:87     |                 |  156          |  278         |   262       |   275         |
|  + relu<nnet::array<ap_fixed<12...      | nnet_activation_stream.h:39  |   215           |  202          |  250         |   146       |   151         |
|     operator[]                          | nnet_types.h:17              |    12 (4 calls) |               |              |             |               |
|  + pointwise_conv_2d_cl<nnet::a...      | nnet_sepconv2d_stream.h:56   | 1,280           |   84          |  161         |   110       |   111         |
|   + pointwise_mult_buffer<nnet::...     | nnet_sepconv_stream.h:83     | 1,170 (2 calls) |               |              |             |               |
|      operator[]                         | nnet_types.h:19              |     6 (2 calls) |               |              |             |               |
|    + dense                              | nnet_dense.h:61              | 1,046 (2 calls) |               |              |             |               |
|     + dense_resource_rf_leq_nin<ap...   | nnet_dense_resource.h:13     | 1,042 (2 calls) |               |              |             |               |
|        product                          | nnet_mult.h:70               |   282 (2 calls) |               |              |             |               |
|        cast<ap_fixed<12, 6, AP_TRN,...  | nnet_mult.h:110              |     6 (2 calls) |               |              |             |               |
|      operator[]                         | nnet_types.h:17              |     6 (2 calls) |               |              |             |               |
|     dense_resource_rf_leq_nin<ap...     | nnet_dense_resource.h:13     |                 |   31          |   37         |    26       |    31         |
|  + sigmoid<nnet::array<ap_fixed...      | nnet_activation_stream.h:65  |   960           |   47          |   45         |    43       |    45         |
|   + init_sigmoid_table<sigmoid_c...     | nnet_activation.h:81         |   431           |               |              |             |               |
|      sigmoid_fcn_float                  | nnet_activation.h:79         |     9           |               |              |             |               |
|     operator[]                          | nnet_types.h:17              |     6 (2 calls) |               |              |             |               |
+-----------------------------------------+------------------------------+-----------------+---------------+--------------+-------------+---------------+

* Design Size Message Settings
+---------------------------------------------+--------+------------------------------------------------------------------+
| Message Setting                             | Value  | Description                                                      |
+---------------------------------------------+--------+------------------------------------------------------------------+
| config_compile -design_size_maximum_warning | 100000 | Show a warning when total design instructions exceeds this value |
+---------------------------------------------+--------+------------------------------------------------------------------+


