

================================================================
== Vitis HLS Report for 'dense_resource_rf_gt_nin_rem0_ap_fixed_ap_fixed_12_6_5_3_0_config2_mult_s'
================================================================
* Date:           Wed Apr 22 16:02:06 2026

* Version:        2023.2 (Build 4023990 on Oct 11 2023)
* Project:        folo_prj
* Solution:       solution1 (Vivado IP Flow Target)
* Product family: kintexu
* Target device:  xcku035-fbva676-2-e


================================================================
== Performance Estimates
================================================================
+ Timing: 
    * Summary: 
    +--------+---------+----------+------------+
    |  Clock |  Target | Estimated| Uncertainty|
    +--------+---------+----------+------------+
    |ap_clk  |  5.00 ns|  3.465 ns|     1.35 ns|
    +--------+---------+----------+------------+

+ Latency: 
    * Summary: 
    +---------+---------+----------+----------+-----+-----+------------------------------------------+
    |  Latency (cycles) |  Latency (absolute) |  Interval |                 Pipeline                 |
    |   min   |   max   |    min   |    max   | min | max |                   Type                   |
    +---------+---------+----------+----------+-----+-----+------------------------------------------+
    |       20|       21|  0.100 us|  0.105 us|   18|   18|  loop rewind stp(delay=0 clock cycles(s))|
    +---------+---------+----------+----------+-----+-----+------------------------------------------+

    + Detail: 
        * Instance: 
        N/A

        * Loop: 
        +-------------+---------+---------+----------+-----------+-----------+------+----------+
        |             |  Latency (cycles) | Iteration|  Initiation Interval  | Trip |          |
        |  Loop Name  |   min   |   max   |  Latency |  achieved |   target  | Count| Pipelined|
        +-------------+---------+---------+----------+-----------+-----------+------+----------+
        |- ReuseLoop  |       20|       20|         4|          1|          1|    18|       yes|
        +-------------+---------+---------+----------+-----------+-----------+------+----------+



================================================================
== Utilization Estimates
================================================================
* Summary: 
+-----------------+---------+------+--------+--------+-----+
|       Name      | BRAM_18K|  DSP |   FF   |   LUT  | URAM|
+-----------------+---------+------+--------+--------+-----+
|DSP              |        -|     -|       -|       -|    -|
|Expression       |        -|     -|       0|     407|    -|
|FIFO             |        -|     -|       -|       -|    -|
|Instance         |        -|     2|       0|      59|    -|
|Memory           |        1|     -|       1|       1|    -|
|Multiplexer      |        -|     -|       -|     429|    -|
|Register         |        -|     -|     459|       1|    -|
+-----------------+---------+------+--------+--------+-----+
|Total            |        1|     2|     460|     897|    0|
+-----------------+---------+------+--------+--------+-----+
|Available        |     1080|  1700|  406256|  203128|    0|
+-----------------+---------+------+--------+--------+-----+
|Utilization (%)  |       ~0|    ~0|      ~0|      ~0|    0|
+-----------------+---------+------+--------+--------+-----+

+ Detail: 
    * Instance: 
    +---------------------------+-----------------------+---------+----+---+----+-----+
    |          Instance         |         Module        | BRAM_18K| DSP| FF| LUT| URAM|
    +---------------------------+-----------------------+---------+----+---+----+-----+
    |mul_12s_12s_18_1_1_U19     |mul_12s_12s_18_1_1     |        0|   1|  0|   5|    0|
    |mul_12s_5s_17_1_1_U20      |mul_12s_5s_17_1_1      |        0|   1|  0|   5|    0|
    |sparsemux_19_4_12_1_1_U18  |sparsemux_19_4_12_1_1  |        0|   0|  0|  49|    0|
    +---------------------------+-----------------------+---------+----+---+----+-----+
    |Total                      |                       |        0|   2|  0|  59|    0|
    +---------------------------+-----------------------+---------+----+---+----+-----+

    * DSP: 
    N/A

    * Memory: 
    +------------+----------------------------------------------------------------------------------+---------+---+----+-----+------+-----+------+-------------+
    |   Memory   |                                      Module                                      | BRAM_18K| FF| LUT| URAM| Words| Bits| Banks| W*Bits*Banks|
    +------------+----------------------------------------------------------------------------------+---------+---+----+-----+------+-----+------+-------------+
    |outidx_1_U  |dense_resource_rf_gt_nin_rem0_ap_fixed_ap_fixed_12_6_5_3_0_config2_mult_s_outdEe  |        0|  1|   1|    0|    18|    1|     1|           18|
    |w2_U        |dense_resource_rf_gt_nin_rem0_ap_fixed_ap_fixed_12_6_5_3_0_config2_mult_s_w2_eOg  |        1|  0|   0|    0|    18|   17|     1|          306|
    +------------+----------------------------------------------------------------------------------+---------+---+----+-----+------+-----+------+-------------+
    |Total       |                                                                                  |        1|  1|   1|    0|    36|   18|     2|          324|
    +------------+----------------------------------------------------------------------------------+---------+---+----+-----+------+-----+------+-------------+

    * FIFO: 
    N/A

    * Expression: 
    +---------------------------+----------+----+---+----+------------+------------+
    |       Variable Name       | Operation| DSP| FF| LUT| Bitwidth P0| Bitwidth P1|
    +---------------------------+----------+----+---+----+------------+------------+
    |acc_32_fu_644_p2           |         +|   0|  0|  19|          12|          12|
    |add_ln144_fu_729_p2        |         +|   0|  0|  20|          13|          13|
    |in_index_2_fu_576_p2       |         +|   0|  0|  39|          32|           1|
    |w_index_fu_502_p2          |         +|   0|  0|  12|           5|           1|
    |sub_ln144_fu_649_p2        |         -|   0|  0|  20|           1|          13|
    |ap_condition_158           |       and|   0|  0|   2|           1|           1|
    |ap_condition_176           |       and|   0|  0|   2|           1|           1|
    |icmp_ln135_fu_508_p2       |      icmp|   0|  0|  12|           5|           5|
    |icmp_ln144_4_fu_735_p2     |      icmp|   0|  0|  20|          13|           1|
    |icmp_ln144_fu_655_p2       |      icmp|   0|  0|  20|          13|          13|
    |icmp_ln154_fu_582_p2       |      icmp|   0|  0|  39|          32|           4|
    |acc_30_fu_683_p3           |    select|   0|  0|  12|           1|          12|
    |acc_31_fu_675_p3           |    select|   0|  0|  12|           1|          12|
    |acc_33_fu_755_p3           |    select|   0|  0|  12|           1|          12|
    |acc_35_fu_714_p3           |    select|   0|  0|  12|           1|          12|
    |acc_36_fu_707_p3           |    select|   0|  0|  12|           1|          12|
    |acc_37_fu_782_p3           |    select|   0|  0|  12|           1|          12|
    |acc_38_fu_775_p3           |    select|   0|  0|  12|           1|          12|
    |acc_fu_763_p3              |    select|   0|  0|  12|           1|          12|
    |in_index_fu_588_p3         |    select|   0|  0|  32|           1|           1|
    |select_ln144_20_fu_661_p3  |    select|   0|  0|  12|           1|           1|
    |select_ln144_21_fu_668_p3  |    select|   0|  0|  12|           1|          12|
    |select_ln144_22_fu_700_p3  |    select|   0|  0|  12|           1|          12|
    |select_ln144_25_fu_741_p3  |    select|   0|  0|  12|           1|           1|
    |select_ln144_26_fu_748_p3  |    select|   0|  0|  12|           1|          12|
    |select_ln144_fu_630_p3     |    select|   0|  0|  12|           1|          12|
    |ap_enable_pp0              |       xor|   0|  0|   2|           1|           2|
    +---------------------------+----------+----+---+----+------------+------------+
    |Total                      |          |   0|  0| 407|         144|         214|
    +---------------------------+----------+----+---+----+------------+------------+

    * Multiplexer: 
    +------------------------------------------------------------------------------------------------------------+----+-----------+-----+-----------+
    |                                                    Name                                                    | LUT| Input Size| Bits| Total Bits|
    +------------------------------------------------------------------------------------------------------------+----+-----------+-----+-----------+
    |acc16_reg_404                                                                                               |   9|          2|   12|         24|
    |acc_2814_reg_418                                                                                            |   9|          2|   12|         24|
    |acc_2912_reg_432                                                                                            |   9|          2|   12|         24|
    |acc_3010_reg_446                                                                                            |   9|          2|   12|         24|
    |ap_done_int                                                                                                 |   9|          2|    1|          2|
    |ap_loop_exit_ready_pp0_iter3_reg                                                                            |   9|          2|    1|          2|
    |ap_phi_mux_acc16_phi_fu_408_p6                                                                              |   9|          2|   12|         24|
    |ap_phi_mux_acc_2814_phi_fu_422_p6                                                                           |   9|          2|   12|         24|
    |ap_phi_mux_acc_2912_phi_fu_436_p6                                                                           |   9|          2|   12|         24|
    |ap_phi_mux_acc_3010_phi_fu_450_p6                                                                           |   9|          2|   12|         24|
    |ap_phi_mux_do_init_phi_fu_131_p6                                                                            |  14|          3|    1|          3|
    |ap_phi_mux_in_index18_phi_fu_286_p6                                                                         |  14|          3|   32|         96|
    |ap_phi_mux_void_compute_output_buffer_2d_array_const_ap_shift_reg_n_chan_stream_weig_237_phi_fu_300_p4      |   9|          2|   12|         24|
    |ap_phi_mux_void_compute_output_buffer_2d_array_const_ap_shift_reg_n_chan_stream_weig_238_phi_fu_312_p4      |   9|          2|   12|         24|
    |ap_phi_mux_void_compute_output_buffer_2d_array_const_ap_shift_reg_n_chan_stream_weig_239_phi_fu_324_p4      |   9|          2|   12|         24|
    |ap_phi_mux_void_compute_output_buffer_2d_array_const_ap_shift_reg_n_chan_stream_weig_240_phi_fu_336_p4      |   9|          2|   12|         24|
    |ap_phi_mux_void_compute_output_buffer_2d_array_const_ap_shift_reg_n_chan_stream_weig_241_phi_fu_348_p4      |   9|          2|   12|         24|
    |ap_phi_mux_void_compute_output_buffer_2d_array_const_ap_shift_reg_n_chan_stream_weig_242_phi_fu_360_p4      |   9|          2|   12|         24|
    |ap_phi_mux_void_compute_output_buffer_2d_array_const_ap_shift_reg_n_chan_stream_weig_243_phi_fu_372_p4      |   9|          2|   12|         24|
    |ap_phi_mux_void_compute_output_buffer_2d_array_const_ap_shift_reg_n_chan_stream_weig_244_phi_fu_384_p4      |   9|          2|   12|         24|
    |ap_phi_mux_void_compute_output_buffer_2d_array_const_ap_shift_reg_n_chan_stream_weig_245_phi_fu_396_p4      |   9|          2|   12|         24|
    |ap_phi_mux_w_index17_phi_fu_146_p6                                                                          |  14|          3|    5|         15|
    |ap_phi_reg_pp0_iter1_void_compute_output_buffer_2d_array_const_ap_shift_reg_n_chan_stream_weig_237_reg_296  |   9|          2|   12|         24|
    |ap_phi_reg_pp0_iter1_void_compute_output_buffer_2d_array_const_ap_shift_reg_n_chan_stream_weig_238_reg_308  |   9|          2|   12|         24|
    |ap_phi_reg_pp0_iter1_void_compute_output_buffer_2d_array_const_ap_shift_reg_n_chan_stream_weig_239_reg_320  |   9|          2|   12|         24|
    |ap_phi_reg_pp0_iter1_void_compute_output_buffer_2d_array_const_ap_shift_reg_n_chan_stream_weig_240_reg_332  |   9|          2|   12|         24|
    |ap_phi_reg_pp0_iter1_void_compute_output_buffer_2d_array_const_ap_shift_reg_n_chan_stream_weig_241_reg_344  |   9|          2|   12|         24|
    |ap_phi_reg_pp0_iter1_void_compute_output_buffer_2d_array_const_ap_shift_reg_n_chan_stream_weig_242_reg_356  |   9|          2|   12|         24|
    |ap_phi_reg_pp0_iter1_void_compute_output_buffer_2d_array_const_ap_shift_reg_n_chan_stream_weig_243_reg_368  |   9|          2|   12|         24|
    |ap_phi_reg_pp0_iter1_void_compute_output_buffer_2d_array_const_ap_shift_reg_n_chan_stream_weig_244_reg_380  |   9|          2|   12|         24|
    |ap_phi_reg_pp0_iter1_void_compute_output_buffer_2d_array_const_ap_shift_reg_n_chan_stream_weig_245_reg_392  |   9|          2|   12|         24|
    |ap_return_0                                                                                                 |   9|          2|   12|         24|
    |ap_return_1                                                                                                 |   9|          2|   12|         24|
    |ap_return_2                                                                                                 |   9|          2|   12|         24|
    |ap_return_3                                                                                                 |   9|          2|   12|         24|
    |in_index18_reg_282                                                                                          |   9|          2|   32|         64|
    |void_compute_output_buffer_2d_array_const_ap_shift_reg_n_chan_stream_weig_237_reg_296                       |   9|          2|   12|         24|
    |void_compute_output_buffer_2d_array_const_ap_shift_reg_n_chan_stream_weig_238_reg_308                       |   9|          2|   12|         24|
    |void_compute_output_buffer_2d_array_const_ap_shift_reg_n_chan_stream_weig_239_reg_320                       |   9|          2|   12|         24|
    |void_compute_output_buffer_2d_array_const_ap_shift_reg_n_chan_stream_weig_240_reg_332                       |   9|          2|   12|         24|
    |void_compute_output_buffer_2d_array_const_ap_shift_reg_n_chan_stream_weig_241_reg_344                       |   9|          2|   12|         24|
    |void_compute_output_buffer_2d_array_const_ap_shift_reg_n_chan_stream_weig_242_reg_356                       |   9|          2|   12|         24|
    |void_compute_output_buffer_2d_array_const_ap_shift_reg_n_chan_stream_weig_243_reg_368                       |   9|          2|   12|         24|
    |void_compute_output_buffer_2d_array_const_ap_shift_reg_n_chan_stream_weig_244_reg_380                       |   9|          2|   12|         24|
    |void_compute_output_buffer_2d_array_const_ap_shift_reg_n_chan_stream_weig_245_reg_392                       |   9|          2|   12|         24|
    |w_index17_reg_143                                                                                           |   9|          2|    5|         10|
    +------------------------------------------------------------------------------------------------------------+----+-----------+-----+-----------+
    |Total                                                                                                       | 429|         95|  545|       1128|
    +------------------------------------------------------------------------------------------------------------+----+-----------+-----+-----------+

    * Register: 
    +------------------------------------------------------------------------------------------------------------+----+----+-----+-----------+
    |                                                    Name                                                    | FF | LUT| Bits| Const Bits|
    +------------------------------------------------------------------------------------------------------------+----+----+-----+-----------+
    |a_reg_895                                                                                                   |  12|   0|   12|          0|
    |acc16_reg_404                                                                                               |  12|   0|   12|          0|
    |acc_2814_reg_418                                                                                            |  12|   0|   12|          0|
    |acc_2912_reg_432                                                                                            |  12|   0|   12|          0|
    |acc_3010_reg_446                                                                                            |  12|   0|   12|          0|
    |ap_CS_fsm                                                                                                   |   1|   0|    1|          0|
    |ap_done_reg                                                                                                 |   1|   0|    1|          0|
    |ap_enable_reg_pp0_iter1                                                                                     |   1|   0|    1|          0|
    |ap_enable_reg_pp0_iter2                                                                                     |   1|   0|    1|          0|
    |ap_enable_reg_pp0_iter3                                                                                     |   1|   0|    1|          0|
    |ap_loop_exit_ready_pp0_iter1_reg                                                                            |   1|   0|    1|          0|
    |ap_loop_exit_ready_pp0_iter2_reg                                                                            |   1|   0|    1|          0|
    |ap_loop_exit_ready_pp0_iter3_reg                                                                            |   1|   0|    1|          0|
    |ap_loop_init_pp0_iter1_reg                                                                                  |   1|   0|    1|          0|
    |ap_loop_init_pp0_iter2_reg                                                                                  |   1|   0|    1|          0|
    |ap_loop_init_pp0_iter3_reg                                                                                  |   1|   0|    1|          0|
    |ap_phi_reg_pp0_iter1_void_compute_output_buffer_2d_array_const_ap_shift_reg_n_chan_stream_weig_237_reg_296  |  12|   0|   12|          0|
    |ap_phi_reg_pp0_iter1_void_compute_output_buffer_2d_array_const_ap_shift_reg_n_chan_stream_weig_238_reg_308  |  12|   0|   12|          0|
    |ap_phi_reg_pp0_iter1_void_compute_output_buffer_2d_array_const_ap_shift_reg_n_chan_stream_weig_239_reg_320  |  12|   0|   12|          0|
    |ap_phi_reg_pp0_iter1_void_compute_output_buffer_2d_array_const_ap_shift_reg_n_chan_stream_weig_240_reg_332  |  12|   0|   12|          0|
    |ap_phi_reg_pp0_iter1_void_compute_output_buffer_2d_array_const_ap_shift_reg_n_chan_stream_weig_241_reg_344  |  12|   0|   12|          0|
    |ap_phi_reg_pp0_iter1_void_compute_output_buffer_2d_array_const_ap_shift_reg_n_chan_stream_weig_242_reg_356  |  12|   0|   12|          0|
    |ap_phi_reg_pp0_iter1_void_compute_output_buffer_2d_array_const_ap_shift_reg_n_chan_stream_weig_243_reg_368  |  12|   0|   12|          0|
    |ap_phi_reg_pp0_iter1_void_compute_output_buffer_2d_array_const_ap_shift_reg_n_chan_stream_weig_244_reg_380  |  12|   0|   12|          0|
    |ap_phi_reg_pp0_iter1_void_compute_output_buffer_2d_array_const_ap_shift_reg_n_chan_stream_weig_245_reg_392  |  12|   0|   12|          0|
    |ap_return_0_preg                                                                                            |  12|   0|   12|          0|
    |ap_return_1_preg                                                                                            |  12|   0|   12|          0|
    |ap_return_2_preg                                                                                            |  12|   0|   12|          0|
    |ap_return_3_preg                                                                                            |  12|   0|   12|          0|
    |do_init_reg_128                                                                                             |   1|   0|    1|          0|
    |icmp_ln135_reg_877                                                                                          |   1|   0|    1|          0|
    |in_index18_reg_282                                                                                          |  32|   0|   32|          0|
    |in_index_reg_911                                                                                            |  32|   0|   32|          0|
    |mul_ln144_4_reg_922                                                                                         |  17|   0|   17|          0|
    |out_index_reg_881                                                                                           |   1|   0|    1|          0|
    |out_index_reg_881_pp0_iter2_reg                                                                             |   1|   0|    1|          0|
    |tmp_reg_906                                                                                                 |   5|   0|    5|          0|
    |trunc_ln5_reg_916                                                                                           |  12|   0|   12|          0|
    |void_compute_output_buffer_2d_array_const_ap_shift_reg_n_chan_stream_weig_237_reg_296                       |  12|   0|   12|          0|
    |void_compute_output_buffer_2d_array_const_ap_shift_reg_n_chan_stream_weig_238_reg_308                       |  12|   0|   12|          0|
    |void_compute_output_buffer_2d_array_const_ap_shift_reg_n_chan_stream_weig_239_reg_320                       |  12|   0|   12|          0|
    |void_compute_output_buffer_2d_array_const_ap_shift_reg_n_chan_stream_weig_240_reg_332                       |  12|   0|   12|          0|
    |void_compute_output_buffer_2d_array_const_ap_shift_reg_n_chan_stream_weig_241_reg_344                       |  12|   0|   12|          0|
    |void_compute_output_buffer_2d_array_const_ap_shift_reg_n_chan_stream_weig_242_reg_356                       |  12|   0|   12|          0|
    |void_compute_output_buffer_2d_array_const_ap_shift_reg_n_chan_stream_weig_243_reg_368                       |  12|   0|   12|          0|
    |void_compute_output_buffer_2d_array_const_ap_shift_reg_n_chan_stream_weig_244_reg_380                       |  12|   0|   12|          0|
    |void_compute_output_buffer_2d_array_const_ap_shift_reg_n_chan_stream_weig_245_reg_392                       |  12|   0|   12|          0|
    |w_index17_reg_143                                                                                           |   5|   0|    5|          0|
    |w_index_reg_872                                                                                             |   5|   0|    5|          0|
    |w_reg_901                                                                                                   |  12|   0|   12|          0|
    |icmp_ln135_reg_877                                                                                          |   0|   1|    1|          0|
    +------------------------------------------------------------------------------------------------------------+----+----+-----+-----------+
    |Total                                                                                                       | 459|   1|  460|          0|
    +------------------------------------------------------------------------------------------------------------+----+----+-----+-----------+



================================================================
== Interface
================================================================
* Summary: 
+------------------------------------------------------------------------------+-----+-----+------------+------------------------------------------------------------------------------+--------------+
|                                   RTL Ports                                  | Dir | Bits|  Protocol  |                                 Source Object                                |    C Type    |
+------------------------------------------------------------------------------+-----+-----+------------+------------------------------------------------------------------------------+--------------+
|ap_clk                                                                        |   in|    1|  ap_ctrl_hs|     dense_resource_rf_gt_nin_rem0<ap_fixed,ap_fixed<12,6,5,3,0>,config2_mult>|  return value|
|ap_rst                                                                        |   in|    1|  ap_ctrl_hs|     dense_resource_rf_gt_nin_rem0<ap_fixed,ap_fixed<12,6,5,3,0>,config2_mult>|  return value|
|ap_start                                                                      |   in|    1|  ap_ctrl_hs|     dense_resource_rf_gt_nin_rem0<ap_fixed,ap_fixed<12,6,5,3,0>,config2_mult>|  return value|
|ap_done                                                                       |  out|    1|  ap_ctrl_hs|     dense_resource_rf_gt_nin_rem0<ap_fixed,ap_fixed<12,6,5,3,0>,config2_mult>|  return value|
|ap_idle                                                                       |  out|    1|  ap_ctrl_hs|     dense_resource_rf_gt_nin_rem0<ap_fixed,ap_fixed<12,6,5,3,0>,config2_mult>|  return value|
|ap_ready                                                                      |  out|    1|  ap_ctrl_hs|     dense_resource_rf_gt_nin_rem0<ap_fixed,ap_fixed<12,6,5,3,0>,config2_mult>|  return value|
|ap_return_0                                                                   |  out|   12|  ap_ctrl_hs|     dense_resource_rf_gt_nin_rem0<ap_fixed,ap_fixed<12,6,5,3,0>,config2_mult>|  return value|
|ap_return_1                                                                   |  out|   12|  ap_ctrl_hs|     dense_resource_rf_gt_nin_rem0<ap_fixed,ap_fixed<12,6,5,3,0>,config2_mult>|  return value|
|ap_return_2                                                                   |  out|   12|  ap_ctrl_hs|     dense_resource_rf_gt_nin_rem0<ap_fixed,ap_fixed<12,6,5,3,0>,config2_mult>|  return value|
|ap_return_3                                                                   |  out|   12|  ap_ctrl_hs|     dense_resource_rf_gt_nin_rem0<ap_fixed,ap_fixed<12,6,5,3,0>,config2_mult>|  return value|
|void_compute_output_buffer_2d_array_const_ap_shift_reg_n_chan_stream_weig_58  |   in|   12|     ap_none|  void_compute_output_buffer_2d_array_const_ap_shift_reg_n_chan_stream_weig_58|       pointer|
|void_compute_output_buffer_2d_array_const_ap_shift_reg_n_chan_stream_weig_57  |   in|   12|     ap_none|  void_compute_output_buffer_2d_array_const_ap_shift_reg_n_chan_stream_weig_57|       pointer|
|void_compute_output_buffer_2d_array_const_ap_shift_reg_n_chan_stream_weig_56  |   in|   12|     ap_none|  void_compute_output_buffer_2d_array_const_ap_shift_reg_n_chan_stream_weig_56|       pointer|
|void_compute_output_buffer_2d_array_const_ap_shift_reg_n_chan_stream_weig_55  |   in|   12|     ap_none|  void_compute_output_buffer_2d_array_const_ap_shift_reg_n_chan_stream_weig_55|       pointer|
|void_compute_output_buffer_2d_array_const_ap_shift_reg_n_chan_stream_weig_54  |   in|   12|     ap_none|  void_compute_output_buffer_2d_array_const_ap_shift_reg_n_chan_stream_weig_54|       pointer|
|void_compute_output_buffer_2d_array_const_ap_shift_reg_n_chan_stream_weig_53  |   in|   12|     ap_none|  void_compute_output_buffer_2d_array_const_ap_shift_reg_n_chan_stream_weig_53|       pointer|
|void_compute_output_buffer_2d_array_const_ap_shift_reg_n_chan_stream_weig_52  |   in|   12|     ap_none|  void_compute_output_buffer_2d_array_const_ap_shift_reg_n_chan_stream_weig_52|       pointer|
|void_compute_output_buffer_2d_array_const_ap_shift_reg_n_chan_stream_weig_51  |   in|   12|     ap_none|  void_compute_output_buffer_2d_array_const_ap_shift_reg_n_chan_stream_weig_51|       pointer|
|void_compute_output_buffer_2d_array_const_ap_shift_reg_n_chan_stream_weig_50  |   in|   12|     ap_none|  void_compute_output_buffer_2d_array_const_ap_shift_reg_n_chan_stream_weig_50|       pointer|
+------------------------------------------------------------------------------+-----+-----+------------+------------------------------------------------------------------------------+--------------+

