

================================================================
== Vitis HLS Report for 'dense_latency_ap_fixed_16_6_5_3_0_ap_fixed_16_6_5_3_0_config12_mult_s'
================================================================
* Date:           Sun Apr 26 02:59:49 2026

* Version:        2025.2 (Build 6295257 on Nov 14 2025)
* Project:        folo_prj
* Solution:       solution1 (Vivado IP Flow Target)
* Product family: kintexu
* Target device:  xcku035-fbva676-2-e


================================================================
== Performance Estimates
================================================================
+ Timing: 
    * Summary: 
    +--------+---------+----------+------------+
    |  Clock |  Target | Estimated| Uncertainty|
    +--------+---------+----------+------------+
    |ap_clk  |  5.00 ns|  3.570 ns|     1.35 ns|
    +--------+---------+----------+------------+

+ Latency: 
    * Summary: 
    +---------+---------+-----------+-----------+-----+-----+---------+
    |  Latency (cycles) |   Latency (absolute)  |  Interval | Pipeline|
    |   min   |   max   |    min    |    max    | min | max |   Type  |
    +---------+---------+-----------+-----------+-----+-----+---------+
    |        2|        2|  10.000 ns|  10.000 ns|    1|    1|      yes|
    +---------+---------+-----------+-----------+-----+-----+---------+

    + Detail: 
        * Instance: 
        N/A

        * Loop: 
        N/A



================================================================
== Utilization Estimates
================================================================
* Summary: 
+-----------------+---------+------+--------+--------+-----+
|       Name      | BRAM_18K|  DSP |   FF   |   LUT  | URAM|
+-----------------+---------+------+--------+--------+-----+
|DSP              |        -|     -|       -|       -|    -|
|Expression       |        -|     -|       0|   10330|    -|
|FIFO             |        -|     -|       -|       -|    -|
|Instance         |        -|   141|       0|     564|    -|
|Memory           |        -|     -|       -|       -|    -|
|Multiplexer      |        -|     -|       -|       -|    -|
|Register         |        -|     -|    4923|       -|    -|
+-----------------+---------+------+--------+--------+-----+
|Total            |        0|   141|    4923|   10894|    0|
+-----------------+---------+------+--------+--------+-----+
|Available        |     1080|  1700|  406256|  203128|    0|
+-----------------+---------+------+--------+--------+-----+
|Utilization (%)  |        0|     8|       1|       5|    0|
+-----------------+---------+------+--------+--------+-----+

+ Detail: 
    * Instance: 
    +-------------------------+--------------------+---------+----+---+----+-----+
    |         Instance        |       Module       | BRAM_18K| DSP| FF| LUT| URAM|
    +-------------------------+--------------------+---------+----+---+----+-----+
    |mul_16s_5ns_21_1_1_U492  |mul_16s_5ns_21_1_1  |        0|   1|  0|   4|    0|
    |mul_16s_5ns_21_1_1_U511  |mul_16s_5ns_21_1_1  |        0|   1|  0|   4|    0|
    |mul_16s_5ns_21_1_1_U520  |mul_16s_5ns_21_1_1  |        0|   1|  0|   4|    0|
    |mul_16s_5ns_21_1_1_U522  |mul_16s_5ns_21_1_1  |        0|   1|  0|   4|    0|
    |mul_16s_5ns_21_1_1_U539  |mul_16s_5ns_21_1_1  |        0|   1|  0|   4|    0|
    |mul_16s_5ns_21_1_1_U612  |mul_16s_5ns_21_1_1  |        0|   1|  0|   4|    0|
    |mul_16s_5ns_21_1_1_U618  |mul_16s_5ns_21_1_1  |        0|   1|  0|   4|    0|
    |mul_16s_5s_21_1_1_U498   |mul_16s_5s_21_1_1   |        0|   1|  0|   4|    0|
    |mul_16s_6ns_22_1_1_U508  |mul_16s_6ns_22_1_1  |        0|   1|  0|   4|    0|
    |mul_16s_6ns_22_1_1_U510  |mul_16s_6ns_22_1_1  |        0|   1|  0|   4|    0|
    |mul_16s_6ns_22_1_1_U517  |mul_16s_6ns_22_1_1  |        0|   1|  0|   4|    0|
    |mul_16s_6ns_22_1_1_U518  |mul_16s_6ns_22_1_1  |        0|   1|  0|   4|    0|
    |mul_16s_6ns_22_1_1_U519  |mul_16s_6ns_22_1_1  |        0|   1|  0|   4|    0|
    |mul_16s_6ns_22_1_1_U521  |mul_16s_6ns_22_1_1  |        0|   1|  0|   4|    0|
    |mul_16s_6ns_22_1_1_U532  |mul_16s_6ns_22_1_1  |        0|   1|  0|   4|    0|
    |mul_16s_6ns_22_1_1_U537  |mul_16s_6ns_22_1_1  |        0|   1|  0|   4|    0|
    |mul_16s_6ns_22_1_1_U541  |mul_16s_6ns_22_1_1  |        0|   1|  0|   4|    0|
    |mul_16s_6ns_22_1_1_U553  |mul_16s_6ns_22_1_1  |        0|   1|  0|   4|    0|
    |mul_16s_6ns_22_1_1_U556  |mul_16s_6ns_22_1_1  |        0|   1|  0|   4|    0|
    |mul_16s_6ns_22_1_1_U563  |mul_16s_6ns_22_1_1  |        0|   1|  0|   4|    0|
    |mul_16s_6ns_22_1_1_U564  |mul_16s_6ns_22_1_1  |        0|   1|  0|   4|    0|
    |mul_16s_6ns_22_1_1_U566  |mul_16s_6ns_22_1_1  |        0|   1|  0|   4|    0|
    |mul_16s_6ns_22_1_1_U569  |mul_16s_6ns_22_1_1  |        0|   1|  0|   4|    0|
    |mul_16s_6ns_22_1_1_U573  |mul_16s_6ns_22_1_1  |        0|   1|  0|   4|    0|
    |mul_16s_6ns_22_1_1_U574  |mul_16s_6ns_22_1_1  |        0|   1|  0|   4|    0|
    |mul_16s_6ns_22_1_1_U577  |mul_16s_6ns_22_1_1  |        0|   1|  0|   4|    0|
    |mul_16s_6ns_22_1_1_U578  |mul_16s_6ns_22_1_1  |        0|   1|  0|   4|    0|
    |mul_16s_6ns_22_1_1_U580  |mul_16s_6ns_22_1_1  |        0|   1|  0|   4|    0|
    |mul_16s_6ns_22_1_1_U581  |mul_16s_6ns_22_1_1  |        0|   1|  0|   4|    0|
    |mul_16s_6ns_22_1_1_U586  |mul_16s_6ns_22_1_1  |        0|   1|  0|   4|    0|
    |mul_16s_6ns_22_1_1_U587  |mul_16s_6ns_22_1_1  |        0|   1|  0|   4|    0|
    |mul_16s_6ns_22_1_1_U589  |mul_16s_6ns_22_1_1  |        0|   1|  0|   4|    0|
    |mul_16s_6ns_22_1_1_U598  |mul_16s_6ns_22_1_1  |        0|   1|  0|   4|    0|
    |mul_16s_6ns_22_1_1_U600  |mul_16s_6ns_22_1_1  |        0|   1|  0|   4|    0|
    |mul_16s_6ns_22_1_1_U609  |mul_16s_6ns_22_1_1  |        0|   1|  0|   4|    0|
    |mul_16s_6ns_22_1_1_U613  |mul_16s_6ns_22_1_1  |        0|   1|  0|   4|    0|
    |mul_16s_6ns_22_1_1_U617  |mul_16s_6ns_22_1_1  |        0|   1|  0|   4|    0|
    |mul_16s_6ns_22_1_1_U624  |mul_16s_6ns_22_1_1  |        0|   1|  0|   4|    0|
    |mul_16s_6s_22_1_1_U493   |mul_16s_6s_22_1_1   |        0|   1|  0|   4|    0|
    |mul_16s_6s_22_1_1_U500   |mul_16s_6s_22_1_1   |        0|   1|  0|   4|    0|
    |mul_16s_6s_22_1_1_U543   |mul_16s_6s_22_1_1   |        0|   1|  0|   4|    0|
    |mul_16s_6s_22_1_1_U545   |mul_16s_6s_22_1_1   |        0|   1|  0|   4|    0|
    |mul_16s_6s_22_1_1_U548   |mul_16s_6s_22_1_1   |        0|   1|  0|   4|    0|
    |mul_16s_6s_22_1_1_U555   |mul_16s_6s_22_1_1   |        0|   1|  0|   4|    0|
    |mul_16s_6s_22_1_1_U559   |mul_16s_6s_22_1_1   |        0|   1|  0|   4|    0|
    |mul_16s_6s_22_1_1_U565   |mul_16s_6s_22_1_1   |        0|   1|  0|   4|    0|
    |mul_16s_6s_22_1_1_U584   |mul_16s_6s_22_1_1   |        0|   1|  0|   4|    0|
    |mul_16s_6s_22_1_1_U588   |mul_16s_6s_22_1_1   |        0|   1|  0|   4|    0|
    |mul_16s_6s_22_1_1_U590   |mul_16s_6s_22_1_1   |        0|   1|  0|   4|    0|
    |mul_16s_6s_22_1_1_U592   |mul_16s_6s_22_1_1   |        0|   1|  0|   4|    0|
    |mul_16s_6s_22_1_1_U593   |mul_16s_6s_22_1_1   |        0|   1|  0|   4|    0|
    |mul_16s_6s_22_1_1_U597   |mul_16s_6s_22_1_1   |        0|   1|  0|   4|    0|
    |mul_16s_6s_22_1_1_U599   |mul_16s_6s_22_1_1   |        0|   1|  0|   4|    0|
    |mul_16s_6s_22_1_1_U610   |mul_16s_6s_22_1_1   |        0|   1|  0|   4|    0|
    |mul_16s_6s_22_1_1_U614   |mul_16s_6s_22_1_1   |        0|   1|  0|   4|    0|
    |mul_16s_6s_22_1_1_U630   |mul_16s_6s_22_1_1   |        0|   1|  0|   4|    0|
    |mul_16s_6s_22_1_1_U631   |mul_16s_6s_22_1_1   |        0|   1|  0|   4|    0|
    |mul_16s_7ns_23_1_1_U495  |mul_16s_7ns_23_1_1  |        0|   1|  0|   4|    0|
    |mul_16s_7ns_23_1_1_U496  |mul_16s_7ns_23_1_1  |        0|   1|  0|   4|    0|
    |mul_16s_7ns_23_1_1_U499  |mul_16s_7ns_23_1_1  |        0|   1|  0|   4|    0|
    |mul_16s_7ns_23_1_1_U501  |mul_16s_7ns_23_1_1  |        0|   1|  0|   4|    0|
    |mul_16s_7ns_23_1_1_U502  |mul_16s_7ns_23_1_1  |        0|   1|  0|   4|    0|
    |mul_16s_7ns_23_1_1_U503  |mul_16s_7ns_23_1_1  |        0|   1|  0|   4|    0|
    |mul_16s_7ns_23_1_1_U505  |mul_16s_7ns_23_1_1  |        0|   1|  0|   4|    0|
    |mul_16s_7ns_23_1_1_U506  |mul_16s_7ns_23_1_1  |        0|   1|  0|   4|    0|
    |mul_16s_7ns_23_1_1_U509  |mul_16s_7ns_23_1_1  |        0|   1|  0|   4|    0|
    |mul_16s_7ns_23_1_1_U512  |mul_16s_7ns_23_1_1  |        0|   1|  0|   4|    0|
    |mul_16s_7ns_23_1_1_U516  |mul_16s_7ns_23_1_1  |        0|   1|  0|   4|    0|
    |mul_16s_7ns_23_1_1_U523  |mul_16s_7ns_23_1_1  |        0|   1|  0|   4|    0|
    |mul_16s_7ns_23_1_1_U524  |mul_16s_7ns_23_1_1  |        0|   1|  0|   4|    0|
    |mul_16s_7ns_23_1_1_U526  |mul_16s_7ns_23_1_1  |        0|   1|  0|   4|    0|
    |mul_16s_7ns_23_1_1_U528  |mul_16s_7ns_23_1_1  |        0|   1|  0|   4|    0|
    |mul_16s_7ns_23_1_1_U529  |mul_16s_7ns_23_1_1  |        0|   1|  0|   4|    0|
    |mul_16s_7ns_23_1_1_U530  |mul_16s_7ns_23_1_1  |        0|   1|  0|   4|    0|
    |mul_16s_7ns_23_1_1_U533  |mul_16s_7ns_23_1_1  |        0|   1|  0|   4|    0|
    |mul_16s_7ns_23_1_1_U534  |mul_16s_7ns_23_1_1  |        0|   1|  0|   4|    0|
    |mul_16s_7ns_23_1_1_U536  |mul_16s_7ns_23_1_1  |        0|   1|  0|   4|    0|
    |mul_16s_7ns_23_1_1_U538  |mul_16s_7ns_23_1_1  |        0|   1|  0|   4|    0|
    |mul_16s_7ns_23_1_1_U540  |mul_16s_7ns_23_1_1  |        0|   1|  0|   4|    0|
    |mul_16s_7ns_23_1_1_U542  |mul_16s_7ns_23_1_1  |        0|   1|  0|   4|    0|
    |mul_16s_7ns_23_1_1_U547  |mul_16s_7ns_23_1_1  |        0|   1|  0|   4|    0|
    |mul_16s_7ns_23_1_1_U549  |mul_16s_7ns_23_1_1  |        0|   1|  0|   4|    0|
    |mul_16s_7ns_23_1_1_U550  |mul_16s_7ns_23_1_1  |        0|   1|  0|   4|    0|
    |mul_16s_7ns_23_1_1_U551  |mul_16s_7ns_23_1_1  |        0|   1|  0|   4|    0|
    |mul_16s_7ns_23_1_1_U554  |mul_16s_7ns_23_1_1  |        0|   1|  0|   4|    0|
    |mul_16s_7ns_23_1_1_U561  |mul_16s_7ns_23_1_1  |        0|   1|  0|   4|    0|
    |mul_16s_7ns_23_1_1_U570  |mul_16s_7ns_23_1_1  |        0|   1|  0|   4|    0|
    |mul_16s_7ns_23_1_1_U571  |mul_16s_7ns_23_1_1  |        0|   1|  0|   4|    0|
    |mul_16s_7ns_23_1_1_U575  |mul_16s_7ns_23_1_1  |        0|   1|  0|   4|    0|
    |mul_16s_7ns_23_1_1_U579  |mul_16s_7ns_23_1_1  |        0|   1|  0|   4|    0|
    |mul_16s_7ns_23_1_1_U583  |mul_16s_7ns_23_1_1  |        0|   1|  0|   4|    0|
    |mul_16s_7ns_23_1_1_U594  |mul_16s_7ns_23_1_1  |        0|   1|  0|   4|    0|
    |mul_16s_7ns_23_1_1_U595  |mul_16s_7ns_23_1_1  |        0|   1|  0|   4|    0|
    |mul_16s_7ns_23_1_1_U601  |mul_16s_7ns_23_1_1  |        0|   1|  0|   4|    0|
    |mul_16s_7ns_23_1_1_U605  |mul_16s_7ns_23_1_1  |        0|   1|  0|   4|    0|
    |mul_16s_7ns_23_1_1_U608  |mul_16s_7ns_23_1_1  |        0|   1|  0|   4|    0|
    |mul_16s_7ns_23_1_1_U611  |mul_16s_7ns_23_1_1  |        0|   1|  0|   4|    0|
    |mul_16s_7ns_23_1_1_U615  |mul_16s_7ns_23_1_1  |        0|   1|  0|   4|    0|
    |mul_16s_7ns_23_1_1_U619  |mul_16s_7ns_23_1_1  |        0|   1|  0|   4|    0|
    |mul_16s_7ns_23_1_1_U620  |mul_16s_7ns_23_1_1  |        0|   1|  0|   4|    0|
    |mul_16s_7ns_23_1_1_U621  |mul_16s_7ns_23_1_1  |        0|   1|  0|   4|    0|
    |mul_16s_7ns_23_1_1_U622  |mul_16s_7ns_23_1_1  |        0|   1|  0|   4|    0|
    |mul_16s_7ns_23_1_1_U625  |mul_16s_7ns_23_1_1  |        0|   1|  0|   4|    0|
    |mul_16s_7ns_23_1_1_U627  |mul_16s_7ns_23_1_1  |        0|   1|  0|   4|    0|
    |mul_16s_7ns_23_1_1_U632  |mul_16s_7ns_23_1_1  |        0|   1|  0|   4|    0|
    |mul_16s_7s_23_1_1_U494   |mul_16s_7s_23_1_1   |        0|   1|  0|   4|    0|
    |mul_16s_7s_23_1_1_U527   |mul_16s_7s_23_1_1   |        0|   1|  0|   4|    0|
    |mul_16s_7s_23_1_1_U552   |mul_16s_7s_23_1_1   |        0|   1|  0|   4|    0|
    |mul_16s_7s_23_1_1_U585   |mul_16s_7s_23_1_1   |        0|   1|  0|   4|    0|
    |mul_16s_7s_23_1_1_U606   |mul_16s_7s_23_1_1   |        0|   1|  0|   4|    0|
    |mul_16s_8ns_23_1_1_U497  |mul_16s_8ns_23_1_1  |        0|   1|  0|   4|    0|
    |mul_16s_8ns_23_1_1_U504  |mul_16s_8ns_23_1_1  |        0|   1|  0|   4|    0|
    |mul_16s_8ns_23_1_1_U507  |mul_16s_8ns_23_1_1  |        0|   1|  0|   4|    0|
    |mul_16s_8ns_23_1_1_U513  |mul_16s_8ns_23_1_1  |        0|   1|  0|   4|    0|
    |mul_16s_8ns_23_1_1_U514  |mul_16s_8ns_23_1_1  |        0|   1|  0|   4|    0|
    |mul_16s_8ns_23_1_1_U515  |mul_16s_8ns_23_1_1  |        0|   1|  0|   4|    0|
    |mul_16s_8ns_23_1_1_U525  |mul_16s_8ns_23_1_1  |        0|   1|  0|   4|    0|
    |mul_16s_8ns_23_1_1_U531  |mul_16s_8ns_23_1_1  |        0|   1|  0|   4|    0|
    |mul_16s_8ns_23_1_1_U535  |mul_16s_8ns_23_1_1  |        0|   1|  0|   4|    0|
    |mul_16s_8ns_23_1_1_U544  |mul_16s_8ns_23_1_1  |        0|   1|  0|   4|    0|
    |mul_16s_8ns_23_1_1_U546  |mul_16s_8ns_23_1_1  |        0|   1|  0|   4|    0|
    |mul_16s_8ns_23_1_1_U557  |mul_16s_8ns_23_1_1  |        0|   1|  0|   4|    0|
    |mul_16s_8ns_23_1_1_U558  |mul_16s_8ns_23_1_1  |        0|   1|  0|   4|    0|
    |mul_16s_8ns_23_1_1_U560  |mul_16s_8ns_23_1_1  |        0|   1|  0|   4|    0|
    |mul_16s_8ns_23_1_1_U562  |mul_16s_8ns_23_1_1  |        0|   1|  0|   4|    0|
    |mul_16s_8ns_23_1_1_U567  |mul_16s_8ns_23_1_1  |        0|   1|  0|   4|    0|
    |mul_16s_8ns_23_1_1_U568  |mul_16s_8ns_23_1_1  |        0|   1|  0|   4|    0|
    |mul_16s_8ns_23_1_1_U572  |mul_16s_8ns_23_1_1  |        0|   1|  0|   4|    0|
    |mul_16s_8ns_23_1_1_U576  |mul_16s_8ns_23_1_1  |        0|   1|  0|   4|    0|
    |mul_16s_8ns_23_1_1_U582  |mul_16s_8ns_23_1_1  |        0|   1|  0|   4|    0|
    |mul_16s_8ns_23_1_1_U591  |mul_16s_8ns_23_1_1  |        0|   1|  0|   4|    0|
    |mul_16s_8ns_23_1_1_U596  |mul_16s_8ns_23_1_1  |        0|   1|  0|   4|    0|
    |mul_16s_8ns_23_1_1_U602  |mul_16s_8ns_23_1_1  |        0|   1|  0|   4|    0|
    |mul_16s_8ns_23_1_1_U603  |mul_16s_8ns_23_1_1  |        0|   1|  0|   4|    0|
    |mul_16s_8ns_23_1_1_U604  |mul_16s_8ns_23_1_1  |        0|   1|  0|   4|    0|
    |mul_16s_8ns_23_1_1_U607  |mul_16s_8ns_23_1_1  |        0|   1|  0|   4|    0|
    |mul_16s_8ns_23_1_1_U616  |mul_16s_8ns_23_1_1  |        0|   1|  0|   4|    0|
    |mul_16s_8ns_23_1_1_U623  |mul_16s_8ns_23_1_1  |        0|   1|  0|   4|    0|
    |mul_16s_8ns_23_1_1_U626  |mul_16s_8ns_23_1_1  |        0|   1|  0|   4|    0|
    |mul_16s_8ns_23_1_1_U628  |mul_16s_8ns_23_1_1  |        0|   1|  0|   4|    0|
    |mul_16s_8ns_23_1_1_U629  |mul_16s_8ns_23_1_1  |        0|   1|  0|   4|    0|
    +-------------------------+--------------------+---------+----+---+----+-----+
    |Total                    |                    |        0| 141|  0| 564|    0|
    +-------------------------+--------------------+---------+----+---+----+-----+

    * DSP: 
    N/A

    * Memory: 
    N/A

    * FIFO: 
    N/A

    * Expression: 
    +----------------------------+----------+----+---+-----+------------+------------+
    |        Variable Name       | Operation| DSP| FF| LUT | Bitwidth P0| Bitwidth P1|
    +----------------------------+----------+----+---+-----+------------+------------+
    |add_ln42_12_fu_181885_p2    |         +|   0|  0|   30|          23|          23|
    |add_ln42_13_fu_187329_p2    |         +|   0|  0|   30|          23|          23|
    |add_ln42_14_fu_185186_p2    |         +|   0|  0|   30|          23|          23|
    |add_ln42_15_fu_187749_p2    |         +|   0|  0|   30|          23|          23|
    |add_ln42_16_fu_186049_p2    |         +|   0|  0|   30|          23|          23|
    |add_ln42_fu_180409_p2       |         +|   0|  0|   30|          23|          23|
    |add_ln58_1419_fu_189162_p2  |         +|   0|  0|   16|          16|          16|
    |add_ln58_1420_fu_187798_p2  |         +|   0|  0|   16|          16|          16|
    |add_ln58_1421_fu_187803_p2  |         +|   0|  0|   16|          16|          16|
    |add_ln58_1422_fu_189167_p2  |         +|   0|  0|   16|          16|          16|
    |add_ln58_1423_fu_187809_p2  |         +|   0|  0|   23|          16|          16|
    |add_ln58_1424_fu_187814_p2  |         +|   0|  0|   16|          16|          16|
    |add_ln58_1425_fu_187819_p2  |         +|   0|  0|   16|          16|          16|
    |add_ln58_1426_fu_187824_p2  |         +|   0|  0|   23|          16|          16|
    |add_ln58_1427_fu_187828_p2  |         +|   0|  0|   16|          16|          16|
    |add_ln58_1428_fu_187834_p2  |         +|   0|  0|   16|          16|          16|
    |add_ln58_1429_fu_189172_p2  |         +|   0|  0|   16|          16|          16|
    |add_ln58_1430_fu_187840_p2  |         +|   0|  0|   16|          16|          16|
    |add_ln58_1431_fu_187845_p2  |         +|   0|  0|   16|          16|          16|
    |add_ln58_1432_fu_187851_p2  |         +|   0|  0|   16|          16|          16|
    |add_ln58_1433_fu_187855_p2  |         +|   0|  0|   16|          16|          16|
    |add_ln58_1434_fu_187860_p2  |         +|   0|  0|   16|          16|          16|
    |add_ln58_1435_fu_186240_p2  |         +|   0|  0|   23|          16|          16|
    |add_ln58_1436_fu_187866_p2  |         +|   0|  0|   16|          16|          16|
    |add_ln58_1437_fu_187871_p2  |         +|   0|  0|   16|          16|          16|
    |add_ln58_1438_fu_186246_p2  |         +|   0|  0|   23|          16|          16|
    |add_ln58_1439_fu_187877_p2  |         +|   0|  0|   16|          16|          16|
    |add_ln58_1440_fu_187882_p2  |         +|   0|  0|   16|          16|          16|
    |add_ln58_1441_fu_187888_p2  |         +|   0|  0|   16|          16|          16|
    |add_ln58_1442_fu_189177_p2  |         +|   0|  0|   16|          16|          16|
    |add_ln58_1443_fu_187894_p2  |         +|   0|  0|   23|          16|          16|
    |add_ln58_1444_fu_187900_p2  |         +|   0|  0|   16|          16|          16|
    |add_ln58_1445_fu_186252_p2  |         +|   0|  0|   22|          15|          15|
    |add_ln58_1446_fu_187909_p2  |         +|   0|  0|   23|          16|          16|
    |add_ln58_1447_fu_187915_p2  |         +|   0|  0|   16|          16|          16|
    |add_ln58_1448_fu_187921_p2  |         +|   0|  0|   22|          15|          15|
    |add_ln58_1449_fu_187931_p2  |         +|   0|  0|   16|          16|          16|
    |add_ln58_1450_fu_186258_p2  |         +|   0|  0|   22|          15|          15|
    |add_ln58_1451_fu_186264_p2  |         +|   0|  0|   22|          15|          15|
    |add_ln58_1452_fu_187943_p2  |         +|   0|  0|   23|          16|          16|
    |add_ln58_1453_fu_187949_p2  |         +|   0|  0|   16|          16|          16|
    |add_ln58_1454_fu_189182_p2  |         +|   0|  0|   16|          16|          16|
    |add_ln58_1455_fu_186270_p2  |         +|   0|  0|   22|          15|          15|
    |add_ln58_1456_fu_187958_p2  |         +|   0|  0|   23|          16|          16|
    |add_ln58_1457_fu_186276_p2  |         +|   0|  0|   22|          15|          15|
    |add_ln58_1458_fu_186282_p2  |         +|   0|  0|   21|          14|          14|
    |add_ln58_1459_fu_187970_p2  |         +|   0|  0|   23|          16|          16|
    |add_ln58_1460_fu_187976_p2  |         +|   0|  0|   16|          16|          16|
    |add_ln58_1461_fu_186288_p2  |         +|   0|  0|   21|          14|          14|
    |add_ln58_1462_fu_187985_p2  |         +|   0|  0|   16|          15|          15|
    |add_ln58_1463_fu_187991_p2  |         +|   0|  0|   17|          13|          13|
    |add_ln58_1464_fu_186294_p2  |         +|   0|  0|   18|          11|          11|
    |add_ln58_1465_fu_188000_p2  |         +|   0|  0|   17|          13|          13|
    |add_ln58_1466_fu_188010_p2  |         +|   0|  0|   16|          15|          15|
    |add_ln58_1467_fu_188020_p2  |         +|   0|  0|   16|          16|          16|
    |add_ln58_1468_fu_189186_p2  |         +|   0|  0|   16|          16|          16|
    |add_ln58_1469_fu_189191_p2  |         +|   0|  0|   16|          16|          16|
    |add_ln58_1470_fu_189197_p2  |         +|   0|  0|   16|          16|          16|
    |add_ln58_1471_fu_189201_p2  |         +|   0|  0|   16|          16|          16|
    |add_ln58_1472_fu_188026_p2  |         +|   0|  0|   16|          16|          16|
    |add_ln58_1473_fu_188032_p2  |         +|   0|  0|   16|          16|          16|
    |add_ln58_1474_fu_189206_p2  |         +|   0|  0|   16|          16|          16|
    |add_ln58_1475_fu_188038_p2  |         +|   0|  0|   23|          16|          16|
    |add_ln58_1476_fu_188044_p2  |         +|   0|  0|   16|          16|          16|
    |add_ln58_1477_fu_188050_p2  |         +|   0|  0|   16|          16|          16|
    |add_ln58_1478_fu_188056_p2  |         +|   0|  0|   23|          16|          16|
    |add_ln58_1479_fu_188062_p2  |         +|   0|  0|   16|          16|          16|
    |add_ln58_1480_fu_188068_p2  |         +|   0|  0|   16|          16|          16|
    |add_ln58_1481_fu_189211_p2  |         +|   0|  0|   16|          16|          16|
    |add_ln58_1482_fu_188074_p2  |         +|   0|  0|   16|          16|          16|
    |add_ln58_1483_fu_188080_p2  |         +|   0|  0|   16|          16|          16|
    |add_ln58_1484_fu_188086_p2  |         +|   0|  0|   16|          16|          16|
    |add_ln58_1485_fu_188092_p2  |         +|   0|  0|   23|          16|          16|
    |add_ln58_1486_fu_188098_p2  |         +|   0|  0|   16|          16|          16|
    |add_ln58_1487_fu_189216_p2  |         +|   0|  0|   16|          16|          16|
    |add_ln58_1488_fu_188104_p2  |         +|   0|  0|   23|          16|          16|
    |add_ln58_1489_fu_188110_p2  |         +|   0|  0|   16|          16|          16|
    |add_ln58_1490_fu_188116_p2  |         +|   0|  0|   16|          16|          16|
    |add_ln58_1491_fu_188122_p2  |         +|   0|  0|   23|          16|          16|
    |add_ln58_1492_fu_188128_p2  |         +|   0|  0|   16|          16|          16|
    |add_ln58_1493_fu_188134_p2  |         +|   0|  0|   16|          16|          16|
    |add_ln58_1494_fu_189220_p2  |         +|   0|  0|   16|          16|          16|
    |add_ln58_1495_fu_189225_p2  |         +|   0|  0|   16|          16|          16|
    |add_ln58_1496_fu_188140_p2  |         +|   0|  0|   22|          15|          15|
    |add_ln58_1497_fu_188150_p2  |         +|   0|  0|   16|          16|          16|
    |add_ln58_1498_fu_186300_p2  |         +|   0|  0|   22|          15|          15|
    |add_ln58_1499_fu_188159_p2  |         +|   0|  0|   23|          16|          16|
    |add_ln58_1500_fu_188165_p2  |         +|   0|  0|   16|          16|          16|
    |add_ln58_1501_fu_186306_p2  |         +|   0|  0|   22|          15|          15|
    |add_ln58_1502_fu_188174_p2  |         +|   0|  0|   16|          16|          16|
    |add_ln58_1503_fu_186312_p2  |         +|   0|  0|   22|          15|          15|
    |add_ln58_1504_fu_186318_p2  |         +|   0|  0|   21|          14|          14|
    |add_ln58_1505_fu_188186_p2  |         +|   0|  0|   23|          16|          16|
    |add_ln58_1506_fu_188192_p2  |         +|   0|  0|   16|          16|          16|
    |add_ln58_1507_fu_189231_p2  |         +|   0|  0|   16|          16|          16|
    |add_ln58_1508_fu_186324_p2  |         +|   0|  0|   21|          14|          14|
    |add_ln58_1509_fu_188201_p2  |         +|   0|  0|   22|          15|          15|
    |add_ln58_1510_fu_186330_p2  |         +|   0|  0|   20|          13|          13|
    |add_ln58_1511_fu_186336_p2  |         +|   0|  0|   20|          13|          13|
    |add_ln58_1512_fu_188213_p2  |         +|   0|  0|   21|          14|          14|
    |add_ln58_1513_fu_189241_p2  |         +|   0|  0|   16|          16|          16|
    |add_ln58_1514_fu_186342_p2  |         +|   0|  0|   18|          11|          11|
    |add_ln58_1515_fu_188222_p2  |         +|   0|  0|   19|          12|          12|
    |add_ln58_1516_fu_186348_p2  |         +|   0|  0|   18|          11|          11|
    |add_ln58_1517_fu_186358_p2  |         +|   0|  0|   17|          10|          10|
    |add_ln58_1518_fu_186368_p2  |         +|   0|  0|   19|          12|          12|
    |add_ln58_1519_fu_188235_p2  |         +|   0|  0|   20|          13|          13|
    |add_ln58_1520_fu_189250_p2  |         +|   0|  0|   16|          16|          16|
    |add_ln58_1521_fu_189256_p2  |         +|   0|  0|   16|          16|          16|
    |add_ln58_1522_fu_189262_p2  |         +|   0|  0|   16|          16|          16|
    |add_ln58_1523_fu_186374_p2  |         +|   0|  0|   16|          16|          16|
    |add_ln58_1524_fu_186380_p2  |         +|   0|  0|   16|          16|          16|
    |add_ln58_1525_fu_188241_p2  |         +|   0|  0|   16|          16|          16|
    |add_ln58_1526_fu_188246_p2  |         +|   0|  0|   16|          16|          16|
    |add_ln58_1527_fu_189268_p2  |         +|   0|  0|   16|          16|          16|
    |add_ln58_1528_fu_188251_p2  |         +|   0|  0|   23|          16|          16|
    |add_ln58_1529_fu_188257_p2  |         +|   0|  0|   16|          16|          16|
    |add_ln58_1530_fu_188263_p2  |         +|   0|  0|   16|          16|          16|
    |add_ln58_1531_fu_188269_p2  |         +|   0|  0|   23|          16|          16|
    |add_ln58_1532_fu_188275_p2  |         +|   0|  0|   16|          16|          16|
    |add_ln58_1533_fu_188281_p2  |         +|   0|  0|   16|          16|          16|
    |add_ln58_1534_fu_189272_p2  |         +|   0|  0|   16|          16|          16|
    |add_ln58_1535_fu_188287_p2  |         +|   0|  0|   16|          16|          16|
    |add_ln58_1536_fu_188293_p2  |         +|   0|  0|   16|          16|          16|
    |add_ln58_1537_fu_188299_p2  |         +|   0|  0|   16|          16|          16|
    |add_ln58_1538_fu_186386_p2  |         +|   0|  0|   23|          16|          16|
    |add_ln58_1539_fu_188305_p2  |         +|   0|  0|   16|          16|          16|
    |add_ln58_1540_fu_189277_p2  |         +|   0|  0|   16|          16|          16|
    |add_ln58_1541_fu_188310_p2  |         +|   0|  0|   23|          16|          16|
    |add_ln58_1542_fu_188316_p2  |         +|   0|  0|   16|          16|          16|
    |add_ln58_1543_fu_188322_p2  |         +|   0|  0|   16|          16|          16|
    |add_ln58_1544_fu_188328_p2  |         +|   0|  0|   22|          15|          15|
    |add_ln58_1545_fu_188338_p2  |         +|   0|  0|   16|          16|          16|
    |add_ln58_1546_fu_188344_p2  |         +|   0|  0|   16|          16|          16|
    |add_ln58_1547_fu_189281_p2  |         +|   0|  0|   16|          16|          16|
    |add_ln58_1548_fu_189286_p2  |         +|   0|  0|   16|          16|          16|
    |add_ln58_1549_fu_186392_p2  |         +|   0|  0|   22|          15|          15|
    |add_ln58_1550_fu_188353_p2  |         +|   0|  0|   16|          16|          16|
    |add_ln58_1551_fu_186398_p2  |         +|   0|  0|   22|          15|          15|
    |add_ln58_1552_fu_188362_p2  |         +|   0|  0|   23|          16|          16|
    |add_ln58_1553_fu_188368_p2  |         +|   0|  0|   16|          16|          16|
    |add_ln58_1554_fu_186404_p2  |         +|   0|  0|   22|          15|          15|
    |add_ln58_1555_fu_188377_p2  |         +|   0|  0|   16|          16|          16|
    |add_ln58_1556_fu_186410_p2  |         +|   0|  0|   22|          15|          15|
    |add_ln58_1557_fu_186416_p2  |         +|   0|  0|   21|          14|          14|
    |add_ln58_1558_fu_188389_p2  |         +|   0|  0|   23|          16|          16|
    |add_ln58_1559_fu_188395_p2  |         +|   0|  0|   16|          16|          16|
    |add_ln58_1560_fu_189292_p2  |         +|   0|  0|   16|          16|          16|
    |add_ln58_1561_fu_186422_p2  |         +|   0|  0|   21|          14|          14|
    |add_ln58_1562_fu_188404_p2  |         +|   0|  0|   22|          15|          15|
    |add_ln58_1563_fu_186428_p2  |         +|   0|  0|   20|          13|          13|
    |add_ln58_1564_fu_186434_p2  |         +|   0|  0|   20|          13|          13|
    |add_ln58_1565_fu_188420_p2  |         +|   0|  0|   21|          14|          14|
    |add_ln58_1566_fu_188430_p2  |         +|   0|  0|   16|          16|          16|
    |add_ln58_1567_fu_188436_p2  |         +|   0|  0|   20|          13|          13|
    |add_ln58_1568_fu_188446_p2  |         +|   0|  0|   16|          14|          14|
    |add_ln58_1569_fu_186440_p2  |         +|   0|  0|   18|          11|          11|
    |add_ln58_1570_fu_186446_p2  |         +|   0|  0|   18|          11|          11|
    |add_ln58_1571_fu_188458_p2  |         +|   0|  0|   19|          12|          12|
    |add_ln58_1572_fu_188468_p2  |         +|   0|  0|   16|          14|          14|
    |add_ln58_1573_fu_188478_p2  |         +|   0|  0|   16|          16|          16|
    |add_ln58_1574_fu_189296_p2  |         +|   0|  0|   16|          16|          16|
    |add_ln58_1575_fu_189301_p2  |         +|   0|  0|   16|          16|          16|
    |add_ln58_1576_fu_189307_p2  |         +|   0|  0|   16|          16|          16|
    |add_ln58_1577_fu_189311_p2  |         +|   0|  0|   16|          16|          16|
    |add_ln58_1578_fu_189316_p2  |         +|   0|  0|   16|          16|          16|
    |add_ln58_1579_fu_189320_p2  |         +|   0|  0|   16|          16|          16|
    |add_ln58_1580_fu_189325_p2  |         +|   0|  0|   16|          16|          16|
    |add_ln58_1581_fu_188484_p2  |         +|   0|  0|   23|          16|          16|
    |add_ln58_1582_fu_188488_p2  |         +|   0|  0|   16|          16|          16|
    |add_ln58_1583_fu_188493_p2  |         +|   0|  0|   16|          16|          16|
    |add_ln58_1584_fu_188497_p2  |         +|   0|  0|   23|          16|          16|
    |add_ln58_1585_fu_188501_p2  |         +|   0|  0|   16|          16|          16|
    |add_ln58_1586_fu_188507_p2  |         +|   0|  0|   16|          16|          16|
    |add_ln58_1587_fu_189331_p2  |         +|   0|  0|   16|          16|          16|
    |add_ln58_1588_fu_188513_p2  |         +|   0|  0|   16|          16|          16|
    |add_ln58_1589_fu_188517_p2  |         +|   0|  0|   16|          16|          16|
    |add_ln58_1590_fu_188522_p2  |         +|   0|  0|   16|          16|          16|
    |add_ln58_1591_fu_188526_p2  |         +|   0|  0|   23|          16|          16|
    |add_ln58_1592_fu_188530_p2  |         +|   0|  0|   16|          16|          16|
    |add_ln58_1593_fu_189336_p2  |         +|   0|  0|   16|          16|          16|
    |add_ln58_1594_fu_188536_p2  |         +|   0|  0|   23|          16|          16|
    |add_ln58_1595_fu_188540_p2  |         +|   0|  0|   16|          16|          16|
    |add_ln58_1596_fu_188545_p2  |         +|   0|  0|   16|          16|          16|
    |add_ln58_1597_fu_188549_p2  |         +|   0|  0|   23|          16|          16|
    |add_ln58_1598_fu_188553_p2  |         +|   0|  0|   16|          16|          16|
    |add_ln58_1599_fu_188559_p2  |         +|   0|  0|   16|          16|          16|
    |add_ln58_1600_fu_189340_p2  |         +|   0|  0|   16|          16|          16|
    |add_ln58_1601_fu_189345_p2  |         +|   0|  0|   16|          16|          16|
    |add_ln58_1602_fu_188565_p2  |         +|   0|  0|   23|          16|          16|
    |add_ln58_1603_fu_188569_p2  |         +|   0|  0|   16|          16|          16|
    |add_ln58_1604_fu_188574_p2  |         +|   0|  0|   16|          16|          16|
    |add_ln58_1605_fu_188579_p2  |         +|   0|  0|   16|          16|          16|
    |add_ln58_1606_fu_188584_p2  |         +|   0|  0|   16|          16|          16|
    |add_ln58_1607_fu_188590_p2  |         +|   0|  0|   23|          16|          16|
    |add_ln58_1608_fu_188596_p2  |         +|   0|  0|   16|          16|          16|
    |add_ln58_1609_fu_188602_p2  |         +|   0|  0|   16|          16|          16|
    |add_ln58_1610_fu_188608_p2  |         +|   0|  0|   23|          16|          16|
    |add_ln58_1611_fu_188614_p2  |         +|   0|  0|   16|          16|          16|
    |add_ln58_1612_fu_188620_p2  |         +|   0|  0|   16|          16|          16|
    |add_ln58_1613_fu_189351_p2  |         +|   0|  0|   16|          16|          16|
    |add_ln58_1614_fu_188626_p2  |         +|   0|  0|   16|          16|          16|
    |add_ln58_1615_fu_188632_p2  |         +|   0|  0|   16|          16|          16|
    |add_ln58_1616_fu_188638_p2  |         +|   0|  0|   16|          16|          16|
    |add_ln58_1617_fu_186452_p2  |         +|   0|  0|   22|          15|          15|
    |add_ln58_1618_fu_188647_p2  |         +|   0|  0|   16|          16|          16|
    |add_ln58_1619_fu_189355_p2  |         +|   0|  0|   16|          16|          16|
    |add_ln58_1620_fu_186458_p2  |         +|   0|  0|   21|          14|          14|
    |add_ln58_1621_fu_188656_p2  |         +|   0|  0|   22|          15|          15|
    |add_ln58_1622_fu_186464_p2  |         +|   0|  0|   21|          14|          14|
    |add_ln58_1623_fu_186470_p2  |         +|   0|  0|   20|          13|          13|
    |add_ln58_1624_fu_188672_p2  |         +|   0|  0|   22|          15|          15|
    |add_ln58_1625_fu_188682_p2  |         +|   0|  0|   23|          16|          16|
    |add_ln58_1626_fu_189359_p2  |         +|   0|  0|   16|          16|          16|
    |add_ln58_1627_fu_189364_p2  |         +|   0|  0|   16|          16|          16|
    |add_ln58_1628_fu_189370_p2  |         +|   0|  0|   16|          16|          16|
    |add_ln58_1629_fu_188688_p2  |         +|   0|  0|   16|          16|          16|
    |add_ln58_1630_fu_188692_p2  |         +|   0|  0|   16|          16|          16|
    |add_ln58_1631_fu_188698_p2  |         +|   0|  0|   16|          16|          16|
    |add_ln58_1632_fu_188703_p2  |         +|   0|  0|   16|          16|          16|
    |add_ln58_1633_fu_189376_p2  |         +|   0|  0|   16|          16|          16|
    |add_ln58_1634_fu_188709_p2  |         +|   0|  0|   23|          16|          16|
    |add_ln58_1635_fu_188713_p2  |         +|   0|  0|   16|          16|          16|
    |add_ln58_1636_fu_188718_p2  |         +|   0|  0|   16|          16|          16|
    |add_ln58_1637_fu_188722_p2  |         +|   0|  0|   23|          16|          16|
    |add_ln58_1638_fu_188726_p2  |         +|   0|  0|   16|          16|          16|
    |add_ln58_1639_fu_188732_p2  |         +|   0|  0|   16|          16|          16|
    |add_ln58_1640_fu_189380_p2  |         +|   0|  0|   16|          16|          16|
    |add_ln58_1641_fu_188738_p2  |         +|   0|  0|   16|          16|          16|
    |add_ln58_1642_fu_188742_p2  |         +|   0|  0|   16|          16|          16|
    |add_ln58_1643_fu_188747_p2  |         +|   0|  0|   16|          16|          16|
    |add_ln58_1644_fu_188751_p2  |         +|   0|  0|   23|          16|          16|
    |add_ln58_1645_fu_188755_p2  |         +|   0|  0|   16|          16|          16|
    |add_ln58_1646_fu_189385_p2  |         +|   0|  0|   16|          16|          16|
    |add_ln58_1647_fu_188761_p2  |         +|   0|  0|   23|          16|          16|
    |add_ln58_1648_fu_188765_p2  |         +|   0|  0|   16|          16|          16|
    |add_ln58_1649_fu_188770_p2  |         +|   0|  0|   16|          16|          16|
    |add_ln58_1650_fu_188775_p2  |         +|   0|  0|   23|          16|          16|
    |add_ln58_1651_fu_188779_p2  |         +|   0|  0|   16|          16|          16|
    |add_ln58_1652_fu_188785_p2  |         +|   0|  0|   16|          16|          16|
    |add_ln58_1653_fu_189389_p2  |         +|   0|  0|   16|          16|          16|
    |add_ln58_1654_fu_189394_p2  |         +|   0|  0|   16|          16|          16|
    |add_ln58_1655_fu_188791_p2  |         +|   0|  0|   23|          16|          16|
    |add_ln58_1656_fu_188795_p2  |         +|   0|  0|   16|          16|          16|
    |add_ln58_1657_fu_188800_p2  |         +|   0|  0|   16|          16|          16|
    |add_ln58_1658_fu_188805_p2  |         +|   0|  0|   16|          16|          16|
    |add_ln58_1659_fu_188810_p2  |         +|   0|  0|   16|          16|          16|
    |add_ln58_1660_fu_188816_p2  |         +|   0|  0|   23|          16|          16|
    |add_ln58_1661_fu_188820_p2  |         +|   0|  0|   16|          16|          16|
    |add_ln58_1662_fu_188825_p2  |         +|   0|  0|   16|          16|          16|
    |add_ln58_1663_fu_188830_p2  |         +|   0|  0|   23|          16|          16|
    |add_ln58_1664_fu_188836_p2  |         +|   0|  0|   16|          16|          16|
    |add_ln58_1665_fu_188842_p2  |         +|   0|  0|   16|          16|          16|
    |add_ln58_1666_fu_189400_p2  |         +|   0|  0|   16|          16|          16|
    |add_ln58_1667_fu_186476_p2  |         +|   0|  0|   22|          15|          15|
    |add_ln58_1668_fu_188851_p2  |         +|   0|  0|   23|          16|          16|
    |add_ln58_1669_fu_186482_p2  |         +|   0|  0|   22|          15|          15|
    |add_ln58_1670_fu_186488_p2  |         +|   0|  0|   22|          15|          15|
    |add_ln58_1671_fu_188863_p2  |         +|   0|  0|   23|          16|          16|
    |add_ln58_1672_fu_189404_p2  |         +|   0|  0|   16|          16|          16|
    |add_ln58_1673_fu_186494_p2  |         +|   0|  0|   21|          14|          14|
    |add_ln58_1674_fu_188872_p2  |         +|   0|  0|   22|          15|          15|
    |add_ln58_1675_fu_186500_p2  |         +|   0|  0|   20|          13|          13|
    |add_ln58_1676_fu_186506_p2  |         +|   0|  0|   19|          12|          12|
    |add_ln58_1677_fu_188888_p2  |         +|   0|  0|   21|          14|          14|
    |add_ln58_1678_fu_188898_p2  |         +|   0|  0|   23|          16|          16|
    |add_ln58_1679_fu_189408_p2  |         +|   0|  0|   16|          16|          16|
    |add_ln58_1680_fu_189413_p2  |         +|   0|  0|   16|          16|          16|
    |add_ln58_1681_fu_189419_p2  |         +|   0|  0|   16|          16|          16|
    |add_ln58_1682_fu_188904_p2  |         +|   0|  0|   16|          16|          16|
    |add_ln58_1683_fu_188909_p2  |         +|   0|  0|   16|          16|          16|
    |add_ln58_1684_fu_188914_p2  |         +|   0|  0|   16|          16|          16|
    |add_ln58_1685_fu_188919_p2  |         +|   0|  0|   16|          16|          16|
    |add_ln58_1686_fu_189425_p2  |         +|   0|  0|   16|          16|          16|
    |add_ln58_1687_fu_188925_p2  |         +|   0|  0|   23|          16|          16|
    |add_ln58_1688_fu_188929_p2  |         +|   0|  0|   16|          16|          16|
    |add_ln58_1689_fu_188934_p2  |         +|   0|  0|   16|          16|          16|
    |add_ln58_1690_fu_188938_p2  |         +|   0|  0|   23|          16|          16|
    |add_ln58_1691_fu_188942_p2  |         +|   0|  0|   16|          16|          16|
    |add_ln58_1692_fu_188948_p2  |         +|   0|  0|   16|          16|          16|
    |add_ln58_1693_fu_189429_p2  |         +|   0|  0|   16|          16|          16|
    |add_ln58_1694_fu_188954_p2  |         +|   0|  0|   16|          16|          16|
    |add_ln58_1695_fu_188960_p2  |         +|   0|  0|   16|          16|          16|
    |add_ln58_1696_fu_188965_p2  |         +|   0|  0|   16|          16|          16|
    |add_ln58_1697_fu_188969_p2  |         +|   0|  0|   23|          16|          16|
    |add_ln58_1698_fu_188973_p2  |         +|   0|  0|   16|          16|          16|
    |add_ln58_1699_fu_188979_p2  |         +|   0|  0|   16|          16|          16|
    |add_ln58_1700_fu_188985_p2  |         +|   0|  0|   23|          16|          16|
    |add_ln58_1701_fu_188989_p2  |         +|   0|  0|   16|          16|          16|
    |add_ln58_1702_fu_188994_p2  |         +|   0|  0|   16|          16|          16|
    |add_ln58_1703_fu_186512_p2  |         +|   0|  0|   23|          16|          16|
    |add_ln58_1704_fu_188998_p2  |         +|   0|  0|   16|          16|          16|
    |add_ln58_1705_fu_189003_p2  |         +|   0|  0|   16|          16|          16|
    |add_ln58_1706_fu_189009_p2  |         +|   0|  0|   16|          16|          16|
    |add_ln58_1707_fu_189434_p2  |         +|   0|  0|   16|          16|          16|
    |add_ln58_1708_fu_189015_p2  |         +|   0|  0|   23|          16|          16|
    |add_ln58_1709_fu_189021_p2  |         +|   0|  0|   16|          16|          16|
    |add_ln58_1710_fu_189027_p2  |         +|   0|  0|   16|          16|          16|
    |add_ln58_1711_fu_189033_p2  |         +|   0|  0|   16|          16|          16|
    |add_ln58_1712_fu_189039_p2  |         +|   0|  0|   16|          16|          16|
    |add_ln58_1713_fu_189045_p2  |         +|   0|  0|   23|          16|          16|
    |add_ln58_1714_fu_189051_p2  |         +|   0|  0|   16|          16|          16|
    |add_ln58_1715_fu_189057_p2  |         +|   0|  0|   16|          16|          16|
    |add_ln58_1716_fu_189063_p2  |         +|   0|  0|   22|          15|          15|
    |add_ln58_1717_fu_189073_p2  |         +|   0|  0|   16|          16|          16|
    |add_ln58_1718_fu_189079_p2  |         +|   0|  0|   16|          16|          16|
    |add_ln58_1719_fu_189439_p2  |         +|   0|  0|   16|          16|          16|
    |add_ln58_1720_fu_189085_p2  |         +|   0|  0|   22|          15|          15|
    |add_ln58_1721_fu_189095_p2  |         +|   0|  0|   23|          16|          16|
    |add_ln58_1722_fu_189101_p2  |         +|   0|  0|   22|          15|          15|
    |add_ln58_1723_fu_186518_p2  |         +|   0|  0|   21|          14|          14|
    |add_ln58_1724_fu_189114_p2  |         +|   0|  0|   23|          16|          16|
    |add_ln58_1725_fu_189443_p2  |         +|   0|  0|   16|          16|          16|
    |add_ln58_1726_fu_186524_p2  |         +|   0|  0|   20|          13|          13|
    |add_ln58_1727_fu_189123_p2  |         +|   0|  0|   21|          14|          14|
    |add_ln58_1728_fu_189133_p2  |         +|   0|  0|   17|          13|          13|
    |add_ln58_1729_fu_186530_p2  |         +|   0|  0|   18|          11|          11|
    |add_ln58_1730_fu_189142_p2  |         +|   0|  0|   17|          13|          13|
    |add_ln58_1731_fu_189152_p2  |         +|   0|  0|   22|          15|          15|
    |add_ln58_1732_fu_189450_p2  |         +|   0|  0|   16|          16|          16|
    |add_ln58_1733_fu_189456_p2  |         +|   0|  0|   16|          16|          16|
    |add_ln58_1734_fu_189462_p2  |         +|   0|  0|   16|          16|          16|
    |add_ln58_fu_189158_p2       |         +|   0|  0|   16|          16|          16|
    |add_ln73_140_fu_179697_p2   |         +|   0|  0|   30|          23|          23|
    |add_ln73_141_fu_179881_p2   |         +|   0|  0|   28|          21|          21|
    |add_ln73_142_fu_179982_p2   |         +|   0|  0|   27|          20|          20|
    |add_ln73_143_fu_186889_p2   |         +|   0|  0|   30|          23|          23|
    |add_ln73_144_fu_180274_p2   |         +|   0|  0|   29|          22|          22|
    |add_ln73_145_fu_186948_p2   |         +|   0|  0|   30|          23|          23|
    |add_ln73_146_fu_180521_p2   |         +|   0|  0|   28|          21|          21|
    |add_ln73_147_fu_186992_p2   |         +|   0|  0|   30|          23|          23|
    |add_ln73_148_fu_180953_p2   |         +|   0|  0|   29|          22|          22|
    |add_ln73_149_fu_187060_p2   |         +|   0|  0|   30|          23|          23|
    |add_ln73_150_fu_181845_p2   |         +|   0|  0|   27|          20|          20|
    |add_ln73_151_fu_182124_p2   |         +|   0|  0|   27|          20|          20|
    |add_ln73_152_fu_182372_p2   |         +|   0|  0|   29|          22|          22|
    |add_ln73_153_fu_182549_p2   |         +|   0|  0|   28|          21|          21|
    |add_ln73_154_fu_183191_p2   |         +|   0|  0|   28|          21|          21|
    |add_ln73_155_fu_183552_p2   |         +|   0|  0|   29|          22|          22|
    |add_ln73_156_fu_183795_p2   |         +|   0|  0|   27|          20|          20|
    |add_ln73_157_fu_184050_p2   |         +|   0|  0|   29|          22|          22|
    |add_ln73_158_fu_187388_p2   |         +|   0|  0|   30|          23|          23|
    |add_ln73_159_fu_187429_p2   |         +|   0|  0|   30|          23|          23|
    |add_ln73_160_fu_187456_p2   |         +|   0|  0|   28|          21|          21|
    |add_ln73_161_fu_187515_p2   |         +|   0|  0|   30|          23|          23|
    |add_ln73_162_fu_184471_p2   |         +|   0|  0|   28|          21|          21|
    |add_ln73_163_fu_184771_p2   |         +|   0|  0|   30|          23|          23|
    |add_ln73_164_fu_184833_p2   |         +|   0|  0|   29|          22|          22|
    |add_ln73_165_fu_184897_p2   |         +|   0|  0|   30|          23|          23|
    |add_ln73_166_fu_185730_p2   |         +|   0|  0|   27|          20|          20|
    |add_ln73_167_fu_185804_p2   |         +|   0|  0|   30|          23|          23|
    |add_ln73_168_fu_185861_p2   |         +|   0|  0|   28|          21|          21|
    |add_ln73_169_fu_186200_p2   |         +|   0|  0|   28|          21|          21|
    |add_ln73_fu_186560_p2       |         +|   0|  0|   28|          21|          21|
    |sub_ln42_19_fu_179914_p2    |         -|   0|  0|   30|          23|          23|
    |sub_ln42_20_fu_179930_p2    |         -|   0|  0|   30|          23|          23|
    |sub_ln42_21_fu_186865_p2    |         -|   0|  0|   30|          23|          23|
    |sub_ln42_22_fu_180555_p2    |         -|   0|  0|   30|          23|          23|
    |sub_ln42_23_fu_181289_p2    |         -|   0|  0|   30|          23|          23|
    |sub_ln42_24_fu_181989_p2    |         -|   0|  0|   30|          23|          23|
    |sub_ln42_25_fu_182817_p2    |         -|   0|  0|   30|          23|          23|
    |sub_ln42_26_fu_187607_p2    |         -|   0|  0|   23|           1|          23|
    |sub_ln42_27_fu_187624_p2    |         -|   0|  0|   23|          23|          23|
    |sub_ln42_fu_186682_p2       |         -|   0|  0|   30|          23|          23|
    |sub_ln73_19_fu_181630_p2    |         -|   0|  0|   24|           1|          17|
    |sub_ln73_20_fu_183211_p2    |         -|   0|  0|   24|           1|          17|
    |sub_ln73_21_fu_183309_p2    |         -|   0|  0|   24|           1|          17|
    |sub_ln73_22_fu_184417_p2    |         -|   0|  0|   24|           1|          17|
    |sub_ln73_23_fu_186220_p2    |         -|   0|  0|   24|           1|          17|
    |sub_ln73_647_fu_186601_p2   |         -|   0|  0|   30|          23|          23|
    |sub_ln73_648_fu_179641_p2   |         -|   0|  0|   26|          19|          19|
    |sub_ln73_649_fu_179673_p2   |         -|   0|  0|   29|          22|          22|
    |sub_ln73_650_fu_179738_p2   |         -|   0|  0|   20|           1|          20|
    |sub_ln73_651_fu_179744_p2   |         -|   0|  0|   20|          20|          20|
    |sub_ln73_652_fu_179788_p2   |         -|   0|  0|   27|          20|          20|
    |sub_ln73_653_fu_186705_p2   |         -|   0|  0|   28|          21|          21|
    |sub_ln73_654_fu_179843_p2   |         -|   0|  0|   25|           1|          18|
    |sub_ln73_655_fu_180028_p2   |         -|   0|  0|   27|          20|          20|
    |sub_ln73_656_fu_186756_p2   |         -|   0|  0|   30|          23|          23|
    |sub_ln73_657_fu_186827_p2   |         -|   0|  0|   29|          22|          22|
    |sub_ln73_658_fu_180105_p2   |         -|   0|  0|   27|          20|          20|
    |sub_ln73_659_fu_180210_p2   |         -|   0|  0|   27|          20|          20|
    |sub_ln73_660_fu_180238_p2   |         -|   0|  0|   26|          19|          19|
    |sub_ln73_661_fu_180357_p2   |         -|   0|  0|   25|           1|          18|
    |sub_ln73_662_fu_180457_p2   |         -|   0|  0|   28|          21|          21|
    |sub_ln73_663_fu_180618_p2   |         -|   0|  0|   21|           1|          21|
    |sub_ln73_664_fu_180636_p2   |         -|   0|  0|   21|          21|          21|
    |sub_ln73_665_fu_180696_p2   |         -|   0|  0|   29|          22|          22|
    |sub_ln73_666_fu_180800_p2   |         -|   0|  0|   28|          21|          21|
    |sub_ln73_667_fu_180820_p2   |         -|   0|  0|   28|           1|          21|
    |sub_ln73_668_fu_180879_p2   |         -|   0|  0|   28|          21|          21|
    |sub_ln73_669_fu_180909_p2   |         -|   0|  0|   26|          19|          19|
    |sub_ln73_670_fu_181007_p2   |         -|   0|  0|   28|          21|          21|
    |sub_ln73_671_fu_181027_p2   |         -|   0|  0|   26|          19|          19|
    |sub_ln73_672_fu_181144_p2   |         -|   0|  0|   21|           1|          21|
    |sub_ln73_673_fu_181150_p2   |         -|   0|  0|   21|          21|          21|
    |sub_ln73_674_fu_181251_p2   |         -|   0|  0|   27|          20|          20|
    |sub_ln73_675_fu_187090_p2   |         -|   0|  0|   26|           1|          19|
    |sub_ln73_676_fu_181425_p2   |         -|   0|  0|   28|          21|          21|
    |sub_ln73_677_fu_181461_p2   |         -|   0|  0|   29|          22|          22|
    |sub_ln73_678_fu_181481_p2   |         -|   0|  0|   25|           1|          18|
    |sub_ln73_679_fu_181513_p2   |         -|   0|  0|   26|           1|          19|
    |sub_ln73_680_fu_181588_p2   |         -|   0|  0|   23|           1|          23|
    |sub_ln73_681_fu_181594_p2   |         -|   0|  0|   23|          23|          23|
    |sub_ln73_682_fu_181692_p2   |         -|   0|  0|   26|          19|          19|
    |sub_ln73_683_fu_181781_p2   |         -|   0|  0|   26|           1|          19|
    |sub_ln73_684_fu_181825_p2   |         -|   0|  0|   28|          21|          21|
    |sub_ln73_685_fu_181915_p2   |         -|   0|  0|   30|          23|          23|
    |sub_ln73_686_fu_187145_p2   |         -|   0|  0|   23|           1|          23|
    |sub_ln73_687_fu_187162_p2   |         -|   0|  0|   23|          23|          23|
    |sub_ln73_688_fu_182062_p2   |         -|   0|  0|   29|          22|          22|
    |sub_ln73_689_fu_182104_p2   |         -|   0|  0|   29|          22|          22|
    |sub_ln73_690_fu_182156_p2   |         -|   0|  0|   30|          23|          23|
    |sub_ln73_691_fu_182184_p2   |         -|   0|  0|   28|           1|          21|
    |sub_ln73_692_fu_182236_p2   |         -|   0|  0|   29|          22|          22|
    |sub_ln73_693_fu_182268_p2   |         -|   0|  0|   22|           1|          22|
    |sub_ln73_694_fu_182274_p2   |         -|   0|  0|   22|          22|          22|
    |sub_ln73_695_fu_182294_p2   |         -|   0|  0|   23|           1|          23|
    |sub_ln73_696_fu_182300_p2   |         -|   0|  0|   23|          23|          23|
    |sub_ln73_697_fu_182328_p2   |         -|   0|  0|   29|          22|          22|
    |sub_ln73_698_fu_182352_p2   |         -|   0|  0|   28|          21|          21|
    |sub_ln73_699_fu_182451_p2   |         -|   0|  0|   27|          20|          20|
    |sub_ln73_700_fu_182471_p2   |         -|   0|  0|   27|          20|          20|
    |sub_ln73_701_fu_182577_p2   |         -|   0|  0|   23|           1|          23|
    |sub_ln73_702_fu_182587_p2   |         -|   0|  0|   23|          23|          23|
    |sub_ln73_703_fu_182625_p2   |         -|   0|  0|   28|           1|          21|
    |sub_ln73_704_fu_187225_p2   |         -|   0|  0|   23|           1|          23|
    |sub_ln73_705_fu_187231_p2   |         -|   0|  0|   23|          23|          23|
    |sub_ln73_706_fu_182679_p2   |         -|   0|  0|   28|          21|          21|
    |sub_ln73_707_fu_182703_p2   |         -|   0|  0|   22|           1|          22|
    |sub_ln73_708_fu_182709_p2   |         -|   0|  0|   22|          22|          22|
    |sub_ln73_709_fu_182749_p2   |         -|   0|  0|   27|          20|          20|
    |sub_ln73_710_fu_182855_p2   |         -|   0|  0|   28|           1|          21|
    |sub_ln73_711_fu_182944_p2   |         -|   0|  0|   25|           1|          18|
    |sub_ln73_712_fu_182972_p2   |         -|   0|  0|   26|          19|          19|
    |sub_ln73_713_fu_183000_p2   |         -|   0|  0|   27|           1|          20|
    |sub_ln73_714_fu_183081_p2   |         -|   0|  0|   29|          22|          22|
    |sub_ln73_715_fu_183121_p2   |         -|   0|  0|   28|          21|          21|
    |sub_ln73_716_fu_183167_p2   |         -|   0|  0|   27|          20|          20|
    |sub_ln73_717_fu_183279_p2   |         -|   0|  0|   28|          21|          21|
    |sub_ln73_718_fu_183402_p2   |         -|   0|  0|   29|          22|          22|
    |sub_ln73_719_fu_183448_p2   |         -|   0|  0|   22|           1|          22|
    |sub_ln73_720_fu_183466_p2   |         -|   0|  0|   22|          22|          22|
    |sub_ln73_721_fu_183590_p2   |         -|   0|  0|   28|          21|          21|
    |sub_ln73_722_fu_183674_p2   |         -|   0|  0|   22|           1|          22|
    |sub_ln73_723_fu_183680_p2   |         -|   0|  0|   22|          22|          22|
    |sub_ln73_724_fu_183763_p2   |         -|   0|  0|   28|          21|          21|
    |sub_ln73_725_fu_183839_p2   |         -|   0|  0|   29|          22|          22|
    |sub_ln73_726_fu_183883_p2   |         -|   0|  0|   26|           1|          19|
    |sub_ln73_727_fu_183928_p2   |         -|   0|  0|   28|          21|          21|
    |sub_ln73_728_fu_183960_p2   |         -|   0|  0|   20|           1|          20|
    |sub_ln73_729_fu_183966_p2   |         -|   0|  0|   20|          20|          20|
    |sub_ln73_730_fu_184008_p2   |         -|   0|  0|   21|           1|          21|
    |sub_ln73_731_fu_184014_p2   |         -|   0|  0|   21|          21|          21|
    |sub_ln73_732_fu_184066_p2   |         -|   0|  0|   22|           1|          22|
    |sub_ln73_733_fu_184076_p2   |         -|   0|  0|   22|          22|          22|
    |sub_ln73_734_fu_187484_p2   |         -|   0|  0|   29|          22|          22|
    |sub_ln73_735_fu_184231_p2   |         -|   0|  0|   27|          20|          20|
    |sub_ln73_736_fu_184279_p2   |         -|   0|  0|   30|          23|          23|
    |sub_ln73_737_fu_184348_p2   |         -|   0|  0|   29|          22|          22|
    |sub_ln73_738_fu_184507_p2   |         -|   0|  0|   29|          22|          22|
    |sub_ln73_739_fu_184539_p2   |         -|   0|  0|   30|          23|          23|
    |sub_ln73_740_fu_184567_p2   |         -|   0|  0|   30|          23|          23|
    |sub_ln73_741_fu_187560_p2   |         -|   0|  0|   23|           1|          23|
    |sub_ln73_742_fu_187577_p2   |         -|   0|  0|   23|          23|          23|
    |sub_ln73_743_fu_184671_p2   |         -|   0|  0|   28|          21|          21|
    |sub_ln73_744_fu_184725_p2   |         -|   0|  0|   27|          20|          20|
    |sub_ln73_745_fu_184873_p2   |         -|   0|  0|   29|          22|          22|
    |sub_ln73_746_fu_184939_p2   |         -|   0|  0|   28|          21|          21|
    |sub_ln73_747_fu_184986_p2   |         -|   0|  0|   26|          19|          19|
    |sub_ln73_748_fu_185014_p2   |         -|   0|  0|   28|          21|          21|
    |sub_ln73_749_fu_185112_p2   |         -|   0|  0|   21|           1|          21|
    |sub_ln73_750_fu_185130_p2   |         -|   0|  0|   21|          21|          21|
    |sub_ln73_751_fu_185241_p2   |         -|   0|  0|   28|          21|          21|
    |sub_ln73_752_fu_185273_p2   |         -|   0|  0|   28|          21|          21|
    |sub_ln73_753_fu_185317_p2   |         -|   0|  0|   29|          22|          22|
    |sub_ln73_754_fu_185432_p2   |         -|   0|  0|   28|          21|          21|
    |sub_ln73_755_fu_185464_p2   |         -|   0|  0|   27|          20|          20|
    |sub_ln73_756_fu_187684_p2   |         -|   0|  0|   22|           1|          22|
    |sub_ln73_757_fu_187701_p2   |         -|   0|  0|   22|          22|          22|
    |sub_ln73_758_fu_185590_p2   |         -|   0|  0|   28|          21|          21|
    |sub_ln73_759_fu_185614_p2   |         -|   0|  0|   22|           1|          22|
    |sub_ln73_760_fu_185632_p2   |         -|   0|  0|   22|          22|          22|
    |sub_ln73_761_fu_185951_p2   |         -|   0|  0|   21|           1|          21|
    |sub_ln73_762_fu_185969_p2   |         -|   0|  0|   21|          21|          21|
    |sub_ln73_763_fu_186013_p2   |         -|   0|  0|   27|          20|          20|
    |sub_ln73_764_fu_186098_p2   |         -|   0|  0|   28|          21|          21|
    |sub_ln73_765_fu_186130_p2   |         -|   0|  0|   29|          22|          22|
    |sub_ln73_766_fu_186168_p2   |         -|   0|  0|   26|          19|          19|
    |sub_ln73_fu_180477_p2       |         -|   0|  0|   24|           1|          17|
    |ap_enable_pp0               |       xor|   0|  0|    2|           1|           2|
    +----------------------------+----------+----+---+-----+------------+------------+
    |Total                       |          |   0|  0|10330|        7825|        8600|
    +----------------------------+----------+----+---+-----+------------+------------+

    * Multiplexer: 
    N/A

    * Register: 
    +----------------------------------------+----+----+-----+-----------+
    |                  Name                  | FF | LUT| Bits| Const Bits|
    +----------------------------------------+----+----+-----+-----------+
    |a_217_reg_189523                        |  16|   0|   16|          0|
    |a_218_reg_189543                        |  16|   0|   16|          0|
    |a_220_reg_189590                        |  16|   0|   16|          0|
    |a_224_reg_189656                        |  16|   0|   16|          0|
    |a_227_reg_189717                        |  16|   0|   16|          0|
    |a_232_reg_189833                        |  16|   0|   16|          0|
    |a_237_reg_189940                        |  16|   0|   16|          0|
    |a_242_reg_190026                        |  16|   0|   16|          0|
    |a_249_reg_190157                        |  16|   0|   16|          0|
    |a_252_reg_190218                        |  16|   0|   16|          0|
    |a_253_reg_190249                        |  16|   0|   16|          0|
    |a_257_reg_190339                        |  16|   0|   16|          0|
    |a_264_reg_190477                        |  16|   0|   16|          0|
    |a_reg_189504                            |  16|   0|   16|          0|
    |add_ln58_1421_reg_190855                |  16|   0|   16|          0|
    |add_ln58_1428_reg_190860                |  16|   0|   16|          0|
    |add_ln58_1435_reg_190590                |  16|   0|   16|          0|
    |add_ln58_1438_reg_190595                |  16|   0|   16|          0|
    |add_ln58_1441_reg_190865                |  16|   0|   16|          0|
    |add_ln58_1445_reg_190600                |  15|   0|   15|          0|
    |add_ln58_1447_reg_190870                |  16|   0|   16|          0|
    |add_ln58_1450_reg_190605                |  15|   0|   15|          0|
    |add_ln58_1451_reg_190610                |  15|   0|   15|          0|
    |add_ln58_1453_reg_190875                |  16|   0|   16|          0|
    |add_ln58_1455_reg_190615                |  15|   0|   15|          0|
    |add_ln58_1457_reg_190620                |  15|   0|   15|          0|
    |add_ln58_1458_reg_190625                |  14|   0|   14|          0|
    |add_ln58_1461_reg_190630                |  14|   0|   14|          0|
    |add_ln58_1464_reg_190635                |  11|   0|   11|          0|
    |add_ln58_1467_reg_190880                |  16|   0|   16|          0|
    |add_ln58_1473_reg_190885                |  16|   0|   16|          0|
    |add_ln58_1480_reg_190890                |  16|   0|   16|          0|
    |add_ln58_1483_reg_190895                |  16|   0|   16|          0|
    |add_ln58_1486_reg_190900                |  16|   0|   16|          0|
    |add_ln58_1493_reg_190905                |  16|   0|   16|          0|
    |add_ln58_1498_reg_190640                |  15|   0|   15|          0|
    |add_ln58_1500_reg_190910                |  16|   0|   16|          0|
    |add_ln58_1501_reg_190645                |  15|   0|   15|          0|
    |add_ln58_1503_reg_190650                |  15|   0|   15|          0|
    |add_ln58_1504_reg_190655                |  14|   0|   14|          0|
    |add_ln58_1506_reg_190915                |  16|   0|   16|          0|
    |add_ln58_1508_reg_190660                |  14|   0|   14|          0|
    |add_ln58_1509_reg_190920                |  15|   0|   15|          0|
    |add_ln58_1510_reg_190665                |  13|   0|   13|          0|
    |add_ln58_1511_reg_190670                |  13|   0|   13|          0|
    |add_ln58_1512_reg_190925                |  14|   0|   14|          0|
    |add_ln58_1514_reg_190675                |  11|   0|   11|          0|
    |add_ln58_1518_reg_190680                |  12|   0|   12|          0|
    |add_ln58_1519_reg_190930                |  13|   0|   13|          0|
    |add_ln58_1524_reg_190685                |  16|   0|   16|          0|
    |add_ln58_1524_reg_190685_pp0_iter1_reg  |  16|   0|   16|          0|
    |add_ln58_1526_reg_190935                |  16|   0|   16|          0|
    |add_ln58_1533_reg_190940                |  16|   0|   16|          0|
    |add_ln58_1536_reg_190945                |  16|   0|   16|          0|
    |add_ln58_1538_reg_190690                |  16|   0|   16|          0|
    |add_ln58_1539_reg_190950                |  16|   0|   16|          0|
    |add_ln58_1546_reg_190955                |  16|   0|   16|          0|
    |add_ln58_1549_reg_190695                |  15|   0|   15|          0|
    |add_ln58_1551_reg_190700                |  15|   0|   15|          0|
    |add_ln58_1553_reg_190960                |  16|   0|   16|          0|
    |add_ln58_1554_reg_190705                |  15|   0|   15|          0|
    |add_ln58_1556_reg_190710                |  15|   0|   15|          0|
    |add_ln58_1557_reg_190715                |  14|   0|   14|          0|
    |add_ln58_1559_reg_190965                |  16|   0|   16|          0|
    |add_ln58_1561_reg_190720                |  14|   0|   14|          0|
    |add_ln58_1563_reg_190725                |  13|   0|   13|          0|
    |add_ln58_1564_reg_190730                |  13|   0|   13|          0|
    |add_ln58_1569_reg_190735                |  11|   0|   11|          0|
    |add_ln58_1570_reg_190740                |  11|   0|   11|          0|
    |add_ln58_1573_reg_190970                |  16|   0|   16|          0|
    |add_ln58_1586_reg_190975                |  16|   0|   16|          0|
    |add_ln58_1589_reg_190980                |  16|   0|   16|          0|
    |add_ln58_1592_reg_190985                |  16|   0|   16|          0|
    |add_ln58_1599_reg_190990                |  16|   0|   16|          0|
    |add_ln58_1606_reg_190995                |  16|   0|   16|          0|
    |add_ln58_1612_reg_191000                |  16|   0|   16|          0|
    |add_ln58_1615_reg_191005                |  16|   0|   16|          0|
    |add_ln58_1617_reg_190745                |  15|   0|   15|          0|
    |add_ln58_1618_reg_191010                |  16|   0|   16|          0|
    |add_ln58_1620_reg_190750                |  14|   0|   14|          0|
    |add_ln58_1622_reg_190755                |  14|   0|   14|          0|
    |add_ln58_1623_reg_190760                |  13|   0|   13|          0|
    |add_ln58_1625_reg_191015                |  16|   0|   16|          0|
    |add_ln58_1630_reg_191020                |  16|   0|   16|          0|
    |add_ln58_1632_reg_191025                |  16|   0|   16|          0|
    |add_ln58_1639_reg_191030                |  16|   0|   16|          0|
    |add_ln58_1642_reg_191035                |  16|   0|   16|          0|
    |add_ln58_1645_reg_191040                |  16|   0|   16|          0|
    |add_ln58_1652_reg_191045                |  16|   0|   16|          0|
    |add_ln58_1659_reg_191050                |  16|   0|   16|          0|
    |add_ln58_1665_reg_191055                |  16|   0|   16|          0|
    |add_ln58_1667_reg_190765                |  15|   0|   15|          0|
    |add_ln58_1668_reg_191060                |  16|   0|   16|          0|
    |add_ln58_1669_reg_190770                |  15|   0|   15|          0|
    |add_ln58_1670_reg_190775                |  15|   0|   15|          0|
    |add_ln58_1671_reg_191065                |  16|   0|   16|          0|
    |add_ln58_1673_reg_190780                |  14|   0|   14|          0|
    |add_ln58_1675_reg_190785                |  13|   0|   13|          0|
    |add_ln58_1676_reg_190790                |  12|   0|   12|          0|
    |add_ln58_1678_reg_191070                |  16|   0|   16|          0|
    |add_ln58_1683_reg_191075                |  16|   0|   16|          0|
    |add_ln58_1685_reg_191080                |  16|   0|   16|          0|
    |add_ln58_1692_reg_191085                |  16|   0|   16|          0|
    |add_ln58_1703_reg_190795                |  16|   0|   16|          0|
    |add_ln58_1706_reg_191090                |  16|   0|   16|          0|
    |add_ln58_1712_reg_191095                |  16|   0|   16|          0|
    |add_ln58_1718_reg_191100                |  16|   0|   16|          0|
    |add_ln58_1721_reg_191105                |  16|   0|   16|          0|
    |add_ln58_1723_reg_190800                |  14|   0|   14|          0|
    |add_ln58_1724_reg_191110                |  16|   0|   16|          0|
    |add_ln58_1726_reg_190805                |  13|   0|   13|          0|
    |add_ln58_1729_reg_190810                |  11|   0|   11|          0|
    |add_ln58_1731_reg_191115                |  15|   0|   15|          0|
    |ap_CS_fsm                               |   1|   0|    1|          0|
    |ap_enable_reg_pp0_iter1                 |   1|   0|    1|          0|
    |ap_enable_reg_pp0_iter2                 |   1|   0|    1|          0|
    |mult_1146_reg_190820                    |  16|   0|   16|          0|
    |mult_1147_reg_189518                    |  16|   0|   16|          0|
    |mult_1149_reg_190825                    |  16|   0|   16|          0|
    |mult_1150_reg_189528                    |  15|   0|   15|          0|
    |mult_1152_reg_190830                    |  16|   0|   16|          0|
    |mult_1153_reg_189533                    |  15|   0|   15|          0|
    |mult_1154_reg_189538                    |  16|   0|   16|          0|
    |mult_1157_reg_189555                    |  14|   0|   14|          0|
    |mult_1158_reg_190835                    |  16|   0|   16|          0|
    |mult_1161_reg_189560                    |  11|   0|   11|          0|
    |mult_1162_reg_189565                    |  15|   0|   15|          0|
    |mult_1163_reg_189570                    |  14|   0|   14|          0|
    |mult_1164_reg_189575                    |  16|   0|   16|          0|
    |mult_1164_reg_189575_pp0_iter1_reg      |  16|   0|   16|          0|
    |mult_1165_reg_189580                    |  16|   0|   16|          0|
    |mult_1166_reg_189585                    |  16|   0|   16|          0|
    |mult_1170_reg_189596                    |  16|   0|   16|          0|
    |mult_1170_reg_189596_pp0_iter1_reg      |  16|   0|   16|          0|
    |mult_1171_reg_189601                    |  16|   0|   16|          0|
    |mult_1173_reg_190840                    |  16|   0|   16|          0|
    |mult_1174_reg_190845                    |  16|   0|   16|          0|
    |mult_1176_reg_190850                    |  16|   0|   16|          0|
    |mult_1180_reg_189606                    |  15|   0|   15|          0|
    |mult_1181_reg_189611                    |  14|   0|   14|          0|
    |mult_1182_reg_189616                    |  16|   0|   16|          0|
    |mult_1183_reg_189621                    |  16|   0|   16|          0|
    |mult_1184_reg_189626                    |  16|   0|   16|          0|
    |mult_1185_reg_189631                    |  13|   0|   13|          0|
    |mult_1187_reg_189636                    |  15|   0|   15|          0|
    |mult_1188_reg_189641                    |  16|   0|   16|          0|
    |mult_1189_reg_189646                    |  15|   0|   15|          0|
    |mult_1190_reg_189651                    |  16|   0|   16|          0|
    |mult_1191_reg_189662                    |  15|   0|   15|          0|
    |mult_1193_reg_189667                    |  15|   0|   15|          0|
    |mult_1194_reg_189672                    |  16|   0|   16|          0|
    |mult_1196_reg_189677                    |  16|   0|   16|          0|
    |mult_1200_reg_189682                    |  16|   0|   16|          0|
    |mult_1201_reg_189687                    |  16|   0|   16|          0|
    |mult_1202_reg_189692                    |  16|   0|   16|          0|
    |mult_1204_reg_189697                    |  15|   0|   15|          0|
    |mult_1206_reg_189702                    |  15|   0|   15|          0|
    |mult_1207_reg_189707                    |  16|   0|   16|          0|
    |mult_1208_reg_189712                    |  16|   0|   16|          0|
    |mult_1210_reg_189723                    |  16|   0|   16|          0|
    |mult_1210_reg_189723_pp0_iter1_reg      |  16|   0|   16|          0|
    |mult_1212_reg_189728                    |  16|   0|   16|          0|
    |mult_1214_reg_189733                    |  14|   0|   14|          0|
    |mult_1215_reg_189738                    |  14|   0|   14|          0|
    |mult_1216_reg_189743                    |  15|   0|   15|          0|
    |mult_1218_reg_189748                    |  16|   0|   16|          0|
    |mult_1219_reg_189753                    |  16|   0|   16|          0|
    |mult_1220_reg_189758                    |  15|   0|   15|          0|
    |mult_1221_reg_189763                    |  14|   0|   14|          0|
    |mult_1224_reg_189768                    |  16|   0|   16|          0|
    |mult_1225_reg_189773                    |  16|   0|   16|          0|
    |mult_1226_reg_189778                    |  12|   0|   12|          0|
    |mult_1227_reg_189783                    |  16|   0|   16|          0|
    |mult_1228_reg_189788                    |  15|   0|   15|          0|
    |mult_1229_reg_189793                    |  14|   0|   14|          0|
    |mult_1230_reg_189798                    |  16|   0|   16|          0|
    |mult_1231_reg_189803                    |  16|   0|   16|          0|
    |mult_1232_reg_189808                    |  15|   0|   15|          0|
    |mult_1233_reg_189813                    |  14|   0|   14|          0|
    |mult_1236_reg_189818                    |  16|   0|   16|          0|
    |mult_1237_reg_189823                    |  16|   0|   16|          0|
    |mult_1238_reg_189828                    |  16|   0|   16|          0|
    |mult_1240_reg_189840                    |  15|   0|   15|          0|
    |mult_1242_reg_189845                    |  16|   0|   16|          0|
    |mult_1243_reg_189850                    |  16|   0|   16|          0|
    |mult_1244_reg_189855                    |  15|   0|   15|          0|
    |mult_1245_reg_189860                    |  16|   0|   16|          0|
    |mult_1246_reg_189865                    |  16|   0|   16|          0|
    |mult_1246_reg_189865_pp0_iter1_reg      |  16|   0|   16|          0|
    |mult_1248_reg_189870                    |  15|   0|   15|          0|
    |mult_1252_reg_189875                    |  15|   0|   15|          0|
    |mult_1254_reg_189880                    |  16|   0|   16|          0|
    |mult_1255_reg_189885                    |  16|   0|   16|          0|
    |mult_1256_reg_189890                    |  10|   0|   10|          0|
    |mult_1257_reg_189895                    |  16|   0|   16|          0|
    |mult_1260_reg_189900                    |  15|   0|   15|          0|
    |mult_1261_reg_189905                    |  16|   0|   16|          0|
    |mult_1262_reg_189910                    |  14|   0|   14|          0|
    |mult_1264_reg_189915                    |  14|   0|   14|          0|
    |mult_1265_reg_189920                    |  13|   0|   13|          0|
    |mult_1266_reg_189925                    |  16|   0|   16|          0|
    |mult_1267_reg_189930                    |  16|   0|   16|          0|
    |mult_1268_reg_189935                    |  16|   0|   16|          0|
    |mult_1272_reg_189946                    |  16|   0|   16|          0|
    |mult_1273_reg_189951                    |  16|   0|   16|          0|
    |mult_1274_reg_189956                    |  16|   0|   16|          0|
    |mult_1276_reg_189961                    |  14|   0|   14|          0|
    |mult_1277_reg_189966                    |  15|   0|   15|          0|
    |mult_1278_reg_189971                    |  13|   0|   13|          0|
    |mult_1279_reg_189976                    |  16|   0|   16|          0|
    |mult_1280_reg_189981                    |  14|   0|   14|          0|
    |mult_1282_reg_189986                    |  15|   0|   15|          0|
    |mult_1284_reg_189991                    |  15|   0|   15|          0|
    |mult_1286_reg_189996                    |  15|   0|   15|          0|
    |mult_1287_reg_190001                    |  16|   0|   16|          0|
    |mult_1293_reg_190006                    |  15|   0|   15|          0|
    |mult_1294_reg_190011                    |  14|   0|   14|          0|
    |mult_1296_reg_190016                    |  15|   0|   15|          0|
    |mult_1298_reg_190021                    |  14|   0|   14|          0|
    |mult_1301_reg_190032                    |  15|   0|   15|          0|
    |mult_1302_reg_190037                    |  13|   0|   13|          0|
    |mult_1304_reg_190042                    |  16|   0|   16|          0|
    |mult_1305_reg_190047                    |  15|   0|   15|          0|
    |mult_1308_reg_190052                    |  16|   0|   16|          0|
    |mult_1309_reg_190057                    |  16|   0|   16|          0|
    |mult_1310_reg_190062                    |  11|   0|   11|          0|
    |mult_1311_reg_190067                    |  12|   0|   12|          0|
    |mult_1313_reg_190072                    |  16|   0|   16|          0|
    |mult_1314_reg_190077                    |  14|   0|   14|          0|
    |mult_1315_reg_190082                    |  15|   0|   15|          0|
    |mult_1317_reg_190087                    |  15|   0|   15|          0|
    |mult_1322_reg_190092                    |  15|   0|   15|          0|
    |mult_1324_reg_190097                    |  16|   0|   16|          0|
    |mult_1325_reg_190102                    |  15|   0|   15|          0|
    |mult_1326_reg_190107                    |  14|   0|   14|          0|
    |mult_1329_reg_190112                    |  15|   0|   15|          0|
    |mult_1330_reg_190117                    |  14|   0|   14|          0|
    |mult_1331_reg_190122                    |  16|   0|   16|          0|
    |mult_1332_reg_190127                    |  15|   0|   15|          0|
    |mult_1334_reg_190132                    |  15|   0|   15|          0|
    |mult_1335_reg_190137                    |  14|   0|   14|          0|
    |mult_1336_reg_190142                    |  16|   0|   16|          0|
    |mult_1337_reg_190147                    |  16|   0|   16|          0|
    |mult_1338_reg_190152                    |  15|   0|   15|          0|
    |mult_1339_reg_190163                    |  15|   0|   15|          0|
    |mult_1340_reg_190168                    |  15|   0|   15|          0|
    |mult_1341_reg_190173                    |  15|   0|   15|          0|
    |mult_1342_reg_190178                    |  16|   0|   16|          0|
    |mult_1343_reg_190183                    |  16|   0|   16|          0|
    |mult_1347_reg_190188                    |  15|   0|   15|          0|
    |mult_1348_reg_190193                    |  16|   0|   16|          0|
    |mult_1350_reg_190198                    |  12|   0|   12|          0|
    |mult_1353_reg_190203                    |  16|   0|   16|          0|
    |mult_1355_reg_190208                    |  15|   0|   15|          0|
    |mult_1356_reg_190213                    |  15|   0|   15|          0|
    |mult_1357_reg_190224                    |  15|   0|   15|          0|
    |mult_1358_reg_190229                    |  15|   0|   15|          0|
    |mult_1359_reg_190234                    |  15|   0|   15|          0|
    |mult_1360_reg_190239                    |  16|   0|   16|          0|
    |mult_1361_reg_190244                    |  16|   0|   16|          0|
    |mult_1366_reg_190258                    |  16|   0|   16|          0|
    |mult_1368_reg_190263                    |  16|   0|   16|          0|
    |mult_1369_reg_190268                    |  16|   0|   16|          0|
    |mult_1370_reg_190273                    |  13|   0|   13|          0|
    |mult_1371_reg_190278                    |  15|   0|   15|          0|
    |mult_1372_reg_190283                    |  16|   0|   16|          0|
    |mult_1373_reg_190288                    |  16|   0|   16|          0|
    |mult_1374_reg_190293                    |  16|   0|   16|          0|
    |mult_1375_reg_190298                    |  15|   0|   15|          0|
    |mult_1376_reg_190303                    |  15|   0|   15|          0|
    |mult_1378_reg_190308                    |  16|   0|   16|          0|
    |mult_1379_reg_190314                    |  16|   0|   16|          0|
    |mult_1381_reg_190319                    |  15|   0|   15|          0|
    |mult_1383_reg_190324                    |  15|   0|   15|          0|
    |mult_1384_reg_190329                    |  16|   0|   16|          0|
    |mult_1385_reg_190334                    |  16|   0|   16|          0|
    |mult_1387_reg_190347                    |  15|   0|   15|          0|
    |mult_1389_reg_190352                    |  15|   0|   15|          0|
    |mult_1392_reg_190357                    |  14|   0|   14|          0|
    |mult_1395_reg_190362                    |  16|   0|   16|          0|
    |mult_1396_reg_190367                    |  16|   0|   16|          0|
    |mult_1397_reg_190372                    |  15|   0|   15|          0|
    |mult_1398_reg_190377                    |  16|   0|   16|          0|
    |mult_1399_reg_190382                    |  15|   0|   15|          0|
    |mult_1401_reg_190387                    |  16|   0|   16|          0|
    |mult_1402_reg_190392                    |  16|   0|   16|          0|
    |mult_1403_reg_190397                    |  14|   0|   14|          0|
    |mult_1404_reg_190402                    |  12|   0|   12|          0|
    |mult_1406_reg_190407                    |  16|   0|   16|          0|
    |mult_1407_reg_190412                    |  16|   0|   16|          0|
    |mult_1408_reg_190417                    |  16|   0|   16|          0|
    |mult_1409_reg_190422                    |  16|   0|   16|          0|
    |mult_1410_reg_190427                    |  15|   0|   15|          0|
    |mult_1412_reg_190432                    |  16|   0|   16|          0|
    |mult_1413_reg_190437                    |  16|   0|   16|          0|
    |mult_1414_reg_190442                    |  16|   0|   16|          0|
    |mult_1418_reg_190447                    |  15|   0|   15|          0|
    |mult_1419_reg_190452                    |  16|   0|   16|          0|
    |mult_1420_reg_190457                    |  16|   0|   16|          0|
    |mult_1422_reg_190462                    |  15|   0|   15|          0|
    |mult_1423_reg_190467                    |  15|   0|   15|          0|
    |mult_1426_reg_190472                    |  15|   0|   15|          0|
    |mult_1427_reg_190485                    |  16|   0|   16|          0|
    |mult_1429_reg_190490                    |  15|   0|   15|          0|
    |mult_1430_reg_190495                    |  15|   0|   15|          0|
    |mult_1432_reg_190500                    |  16|   0|   16|          0|
    |mult_1434_reg_190505                    |  15|   0|   15|          0|
    |mult_1435_reg_190510                    |  15|   0|   15|          0|
    |mult_1436_reg_190515                    |  15|   0|   15|          0|
    |mult_1437_reg_190520                    |  16|   0|   16|          0|
    |mult_1438_reg_190525                    |  16|   0|   16|          0|
    |mult_1439_reg_190530                    |  15|   0|   15|          0|
    |mult_1441_reg_190535                    |  16|   0|   16|          0|
    |mult_1442_reg_190540                    |  15|   0|   15|          0|
    |mult_1443_reg_190545                    |  16|   0|   16|          0|
    |mult_1445_reg_190550                    |  15|   0|   15|          0|
    |mult_1447_reg_190555                    |  16|   0|   16|          0|
    |mult_1448_reg_190560                    |  16|   0|   16|          0|
    |mult_1449_reg_190565                    |  15|   0|   15|          0|
    |mult_1452_reg_190570                    |  15|   0|   15|          0|
    |mult_1453_reg_190575                    |  15|   0|   15|          0|
    |mult_1457_reg_190580                    |  15|   0|   15|          0|
    |mult_1458_reg_190585                    |  15|   0|   15|          0|
    |mult_reg_190815                         |  16|   0|   16|          0|
    |sext_ln73_601_reg_189511                |  23|   0|   23|          0|
    |tmp_699_reg_189550                      |  16|   0|   18|          2|
    +----------------------------------------+----+----+-----+-----------+
    |Total                                   |4923|   0| 4925|          2|
    +----------------------------------------+----+----+-----+-----------+



================================================================
== Interface
================================================================
* Summary: 
+---------------------------------------------------------------------------------------+-----+-----+------------+---------------------------------------------------------------------------------------+--------------+
|                                       RTL Ports                                       | Dir | Bits|  Protocol  |                                     Source Object                                     |    C Type    |
+---------------------------------------------------------------------------------------+-----+-----+------------+---------------------------------------------------------------------------------------+--------------+
|ap_clk                                                                                 |   in|    1|  ap_ctrl_hs|       dense_latency<ap_fixed<16, 6, 5, 3, 0>, ap_fixed<16, 6, 5, 3, 0>, config12_mult>|  return value|
|ap_rst                                                                                 |   in|    1|  ap_ctrl_hs|       dense_latency<ap_fixed<16, 6, 5, 3, 0>, ap_fixed<16, 6, 5, 3, 0>, config12_mult>|  return value|
|ap_start                                                                               |   in|    1|  ap_ctrl_hs|       dense_latency<ap_fixed<16, 6, 5, 3, 0>, ap_fixed<16, 6, 5, 3, 0>, config12_mult>|  return value|
|ap_done                                                                                |  out|    1|  ap_ctrl_hs|       dense_latency<ap_fixed<16, 6, 5, 3, 0>, ap_fixed<16, 6, 5, 3, 0>, config12_mult>|  return value|
|ap_idle                                                                                |  out|    1|  ap_ctrl_hs|       dense_latency<ap_fixed<16, 6, 5, 3, 0>, ap_fixed<16, 6, 5, 3, 0>, config12_mult>|  return value|
|ap_ready                                                                               |  out|    1|  ap_ctrl_hs|       dense_latency<ap_fixed<16, 6, 5, 3, 0>, ap_fixed<16, 6, 5, 3, 0>, config12_mult>|  return value|
|ap_ce                                                                                  |   in|    1|  ap_ctrl_hs|       dense_latency<ap_fixed<16, 6, 5, 3, 0>, ap_fixed<16, 6, 5, 3, 0>, config12_mult>|  return value|
|ap_return_0                                                                            |  out|   16|  ap_ctrl_hs|       dense_latency<ap_fixed<16, 6, 5, 3, 0>, ap_fixed<16, 6, 5, 3, 0>, config12_mult>|  return value|
|ap_return_1                                                                            |  out|   16|  ap_ctrl_hs|       dense_latency<ap_fixed<16, 6, 5, 3, 0>, ap_fixed<16, 6, 5, 3, 0>, config12_mult>|  return value|
|ap_return_2                                                                            |  out|   16|  ap_ctrl_hs|       dense_latency<ap_fixed<16, 6, 5, 3, 0>, ap_fixed<16, 6, 5, 3, 0>, config12_mult>|  return value|
|ap_return_3                                                                            |  out|   16|  ap_ctrl_hs|       dense_latency<ap_fixed<16, 6, 5, 3, 0>, ap_fixed<16, 6, 5, 3, 0>, config12_mult>|  return value|
|ap_return_4                                                                            |  out|   16|  ap_ctrl_hs|       dense_latency<ap_fixed<16, 6, 5, 3, 0>, ap_fixed<16, 6, 5, 3, 0>, config12_mult>|  return value|
|ap_return_5                                                                            |  out|   16|  ap_ctrl_hs|       dense_latency<ap_fixed<16, 6, 5, 3, 0>, ap_fixed<16, 6, 5, 3, 0>, config12_mult>|  return value|
|void_compute_output_buffer_2d_array_const_ap_shift_reg_n_chan_stream_weig_29           |   in|   16|     ap_none|           void_compute_output_buffer_2d_array_const_ap_shift_reg_n_chan_stream_weig_29|       pointer|
|void_compute_output_buffer_2d_array_const_ap_shift_reg_n_chan_stream_weig_28           |   in|   16|     ap_none|           void_compute_output_buffer_2d_array_const_ap_shift_reg_n_chan_stream_weig_28|       pointer|
|void_compute_output_buffer_2d_array_const_ap_shift_reg_n_chan_stream_weig_27           |   in|   16|     ap_none|           void_compute_output_buffer_2d_array_const_ap_shift_reg_n_chan_stream_weig_27|       pointer|
|void_compute_output_buffer_2d_array_const_ap_shift_reg_n_chan_stream_weig_26           |   in|   16|     ap_none|           void_compute_output_buffer_2d_array_const_ap_shift_reg_n_chan_stream_weig_26|       pointer|
|void_compute_output_buffer_2d_array_const_ap_shift_reg_n_chan_stream_weig_25           |   in|   16|     ap_none|           void_compute_output_buffer_2d_array_const_ap_shift_reg_n_chan_stream_weig_25|       pointer|
|void_compute_output_buffer_2d_array_const_ap_shift_reg_n_chan_stream_weig_24           |   in|   16|     ap_none|           void_compute_output_buffer_2d_array_const_ap_shift_reg_n_chan_stream_weig_24|       pointer|
|void_compute_output_buffer_2d_array_const_ap_shift_reg_n_chan_stream_weig_23           |   in|   16|     ap_none|           void_compute_output_buffer_2d_array_const_ap_shift_reg_n_chan_stream_weig_23|       pointer|
|void_compute_output_buffer_2d_array_const_ap_shift_reg_n_chan_stream_weig_22           |   in|   16|     ap_none|           void_compute_output_buffer_2d_array_const_ap_shift_reg_n_chan_stream_weig_22|       pointer|
|void_compute_output_buffer_2d_array_const_ap_shift_reg_n_chan_stream_weig_21           |   in|   16|     ap_none|           void_compute_output_buffer_2d_array_const_ap_shift_reg_n_chan_stream_weig_21|       pointer|
|void_compute_output_buffer_2d_array_const_ap_shift_reg_n_chan_stream_weig_20           |   in|   16|     ap_none|           void_compute_output_buffer_2d_array_const_ap_shift_reg_n_chan_stream_weig_20|       pointer|
|p_ZZN4nnet24compute_output_buffer_2dINS_5arrayI8ap_fixedILi16ELi6EL9ap_q_mode5EL9_297  |   in|   16|     ap_none|  p_ZZN4nnet24compute_output_buffer_2dINS_5arrayI8ap_fixedILi16ELi6EL9ap_q_mode5EL9_297|       pointer|
|p_ZZN4nnet24compute_output_buffer_2dINS_5arrayI8ap_fixedILi16ELi6EL9ap_q_mode5EL9_298  |   in|   16|     ap_none|  p_ZZN4nnet24compute_output_buffer_2dINS_5arrayI8ap_fixedILi16ELi6EL9ap_q_mode5EL9_298|       pointer|
|p_ZZN4nnet24compute_output_buffer_2dINS_5arrayI8ap_fixedILi16ELi6EL9ap_q_mode5EL9_299  |   in|   16|     ap_none|  p_ZZN4nnet24compute_output_buffer_2dINS_5arrayI8ap_fixedILi16ELi6EL9ap_q_mode5EL9_299|       pointer|
|p_ZZN4nnet24compute_output_buffer_2dINS_5arrayI8ap_fixedILi16ELi6EL9ap_q_mode5EL9_300  |   in|   16|     ap_none|  p_ZZN4nnet24compute_output_buffer_2dINS_5arrayI8ap_fixedILi16ELi6EL9ap_q_mode5EL9_300|       pointer|
|p_ZZN4nnet24compute_output_buffer_2dINS_5arrayI8ap_fixedILi16ELi6EL9ap_q_mode5EL9_301  |   in|   16|     ap_none|  p_ZZN4nnet24compute_output_buffer_2dINS_5arrayI8ap_fixedILi16ELi6EL9ap_q_mode5EL9_301|       pointer|
|p_ZZN4nnet24compute_output_buffer_2dINS_5arrayI8ap_fixedILi16ELi6EL9ap_q_mode5EL9_302  |   in|   16|     ap_none|  p_ZZN4nnet24compute_output_buffer_2dINS_5arrayI8ap_fixedILi16ELi6EL9ap_q_mode5EL9_302|       pointer|
|p_ZZN4nnet24compute_output_buffer_2dINS_5arrayI8ap_fixedILi16ELi6EL9ap_q_mode5EL9_99   |   in|   16|     ap_none|   p_ZZN4nnet24compute_output_buffer_2dINS_5arrayI8ap_fixedILi16ELi6EL9ap_q_mode5EL9_99|       pointer|
|p_ZZN4nnet24compute_output_buffer_2dINS_5arrayI8ap_fixedILi16ELi6EL9ap_q_mode5EL9_98   |   in|   16|     ap_none|   p_ZZN4nnet24compute_output_buffer_2dINS_5arrayI8ap_fixedILi16ELi6EL9ap_q_mode5EL9_98|       pointer|
|p_ZZN4nnet24compute_output_buffer_2dINS_5arrayI8ap_fixedILi16ELi6EL9ap_q_mode5EL9_97   |   in|   16|     ap_none|   p_ZZN4nnet24compute_output_buffer_2dINS_5arrayI8ap_fixedILi16ELi6EL9ap_q_mode5EL9_97|       pointer|
|p_ZZN4nnet24compute_output_buffer_2dINS_5arrayI8ap_fixedILi16ELi6EL9ap_q_mode5EL9_96   |   in|   16|     ap_none|   p_ZZN4nnet24compute_output_buffer_2dINS_5arrayI8ap_fixedILi16ELi6EL9ap_q_mode5EL9_96|       pointer|
|p_ZZN4nnet24compute_output_buffer_2dINS_5arrayI8ap_fixedILi16ELi6EL9ap_q_mode5EL9_95   |   in|   16|     ap_none|   p_ZZN4nnet24compute_output_buffer_2dINS_5arrayI8ap_fixedILi16ELi6EL9ap_q_mode5EL9_95|       pointer|
|p_ZZN4nnet24compute_output_buffer_2dINS_5arrayI8ap_fixedILi16ELi6EL9ap_q_mode5EL9_94   |   in|   16|     ap_none|   p_ZZN4nnet24compute_output_buffer_2dINS_5arrayI8ap_fixedILi16ELi6EL9ap_q_mode5EL9_94|       pointer|
|p_ZZN4nnet24compute_output_buffer_2dINS_5arrayI8ap_fixedILi16ELi6EL9ap_q_mode5EL9_93   |   in|   16|     ap_none|   p_ZZN4nnet24compute_output_buffer_2dINS_5arrayI8ap_fixedILi16ELi6EL9ap_q_mode5EL9_93|       pointer|
|p_ZZN4nnet24compute_output_buffer_2dINS_5arrayI8ap_fixedILi16ELi6EL9ap_q_mode5EL9_92   |   in|   16|     ap_none|   p_ZZN4nnet24compute_output_buffer_2dINS_5arrayI8ap_fixedILi16ELi6EL9ap_q_mode5EL9_92|       pointer|
|p_ZZN4nnet24compute_output_buffer_2dINS_5arrayI8ap_fixedILi16ELi6EL9ap_q_mode5EL9_91   |   in|   16|     ap_none|   p_ZZN4nnet24compute_output_buffer_2dINS_5arrayI8ap_fixedILi16ELi6EL9ap_q_mode5EL9_91|       pointer|
|p_ZZN4nnet24compute_output_buffer_2dINS_5arrayI8ap_fixedILi16ELi6EL9ap_q_mode5EL9_90   |   in|   16|     ap_none|   p_ZZN4nnet24compute_output_buffer_2dINS_5arrayI8ap_fixedILi16ELi6EL9ap_q_mode5EL9_90|       pointer|
|p_ZZN4nnet24compute_output_buffer_2dINS_5arrayI8ap_fixedILi16ELi6EL9ap_q_mode5EL9_89   |   in|   16|     ap_none|   p_ZZN4nnet24compute_output_buffer_2dINS_5arrayI8ap_fixedILi16ELi6EL9ap_q_mode5EL9_89|       pointer|
|p_ZZN4nnet24compute_output_buffer_2dINS_5arrayI8ap_fixedILi16ELi6EL9ap_q_mode5EL9_88   |   in|   16|     ap_none|   p_ZZN4nnet24compute_output_buffer_2dINS_5arrayI8ap_fixedILi16ELi6EL9ap_q_mode5EL9_88|       pointer|
|p_ZZN4nnet24compute_output_buffer_2dINS_5arrayI8ap_fixedILi16ELi6EL9ap_q_mode5EL9_87   |   in|   16|     ap_none|   p_ZZN4nnet24compute_output_buffer_2dINS_5arrayI8ap_fixedILi16ELi6EL9ap_q_mode5EL9_87|       pointer|
|p_ZZN4nnet24compute_output_buffer_2dINS_5arrayI8ap_fixedILi16ELi6EL9ap_q_mode5EL9_86   |   in|   16|     ap_none|   p_ZZN4nnet24compute_output_buffer_2dINS_5arrayI8ap_fixedILi16ELi6EL9ap_q_mode5EL9_86|       pointer|
|p_ZZN4nnet24compute_output_buffer_2dINS_5arrayI8ap_fixedILi16ELi6EL9ap_q_mode5EL9_85   |   in|   16|     ap_none|   p_ZZN4nnet24compute_output_buffer_2dINS_5arrayI8ap_fixedILi16ELi6EL9ap_q_mode5EL9_85|       pointer|
|p_ZZN4nnet24compute_output_buffer_2dINS_5arrayI8ap_fixedILi16ELi6EL9ap_q_mode5EL9_84   |   in|   16|     ap_none|   p_ZZN4nnet24compute_output_buffer_2dINS_5arrayI8ap_fixedILi16ELi6EL9ap_q_mode5EL9_84|       pointer|
|p_ZZN4nnet24compute_output_buffer_2dINS_5arrayI8ap_fixedILi16ELi6EL9ap_q_mode5EL9_83   |   in|   16|     ap_none|   p_ZZN4nnet24compute_output_buffer_2dINS_5arrayI8ap_fixedILi16ELi6EL9ap_q_mode5EL9_83|       pointer|
|p_ZZN4nnet24compute_output_buffer_2dINS_5arrayI8ap_fixedILi16ELi6EL9ap_q_mode5EL9_82   |   in|   16|     ap_none|   p_ZZN4nnet24compute_output_buffer_2dINS_5arrayI8ap_fixedILi16ELi6EL9ap_q_mode5EL9_82|       pointer|
|p_ZZN4nnet24compute_output_buffer_2dINS_5arrayI8ap_fixedILi16ELi6EL9ap_q_mode5EL9_81   |   in|   16|     ap_none|   p_ZZN4nnet24compute_output_buffer_2dINS_5arrayI8ap_fixedILi16ELi6EL9ap_q_mode5EL9_81|       pointer|
|p_ZZN4nnet24compute_output_buffer_2dINS_5arrayI8ap_fixedILi16ELi6EL9ap_q_mode5EL9_80   |   in|   16|     ap_none|   p_ZZN4nnet24compute_output_buffer_2dINS_5arrayI8ap_fixedILi16ELi6EL9ap_q_mode5EL9_80|       pointer|
|p_ZZN4nnet24compute_output_buffer_2dINS_5arrayI8ap_fixedILi16ELi6EL9ap_q_mode5EL9_79   |   in|   16|     ap_none|   p_ZZN4nnet24compute_output_buffer_2dINS_5arrayI8ap_fixedILi16ELi6EL9ap_q_mode5EL9_79|       pointer|
|p_ZZN4nnet24compute_output_buffer_2dINS_5arrayI8ap_fixedILi16ELi6EL9ap_q_mode5EL9_78   |   in|   16|     ap_none|   p_ZZN4nnet24compute_output_buffer_2dINS_5arrayI8ap_fixedILi16ELi6EL9ap_q_mode5EL9_78|       pointer|
|p_ZZN4nnet24compute_output_buffer_2dINS_5arrayI8ap_fixedILi16ELi6EL9ap_q_mode5EL9_77   |   in|   16|     ap_none|   p_ZZN4nnet24compute_output_buffer_2dINS_5arrayI8ap_fixedILi16ELi6EL9ap_q_mode5EL9_77|       pointer|
|p_ZZN4nnet24compute_output_buffer_2dINS_5arrayI8ap_fixedILi16ELi6EL9ap_q_mode5EL9_76   |   in|   16|     ap_none|   p_ZZN4nnet24compute_output_buffer_2dINS_5arrayI8ap_fixedILi16ELi6EL9ap_q_mode5EL9_76|       pointer|
|p_ZZN4nnet24compute_output_buffer_2dINS_5arrayI8ap_fixedILi16ELi6EL9ap_q_mode5EL9_75   |   in|   16|     ap_none|   p_ZZN4nnet24compute_output_buffer_2dINS_5arrayI8ap_fixedILi16ELi6EL9ap_q_mode5EL9_75|       pointer|
|p_ZZN4nnet24compute_output_buffer_2dINS_5arrayI8ap_fixedILi16ELi6EL9ap_q_mode5EL9_74   |   in|   16|     ap_none|   p_ZZN4nnet24compute_output_buffer_2dINS_5arrayI8ap_fixedILi16ELi6EL9ap_q_mode5EL9_74|       pointer|
|p_ZZN4nnet24compute_output_buffer_2dINS_5arrayI8ap_fixedILi16ELi6EL9ap_q_mode5EL9_73   |   in|   16|     ap_none|   p_ZZN4nnet24compute_output_buffer_2dINS_5arrayI8ap_fixedILi16ELi6EL9ap_q_mode5EL9_73|       pointer|
|p_ZZN4nnet24compute_output_buffer_2dINS_5arrayI8ap_fixedILi16ELi6EL9ap_q_mode5EL9_72   |   in|   16|     ap_none|   p_ZZN4nnet24compute_output_buffer_2dINS_5arrayI8ap_fixedILi16ELi6EL9ap_q_mode5EL9_72|       pointer|
|p_ZZN4nnet24compute_output_buffer_2dINS_5arrayI8ap_fixedILi16ELi6EL9ap_q_mode5EL9_71   |   in|   16|     ap_none|   p_ZZN4nnet24compute_output_buffer_2dINS_5arrayI8ap_fixedILi16ELi6EL9ap_q_mode5EL9_71|       pointer|
|p_ZZN4nnet24compute_output_buffer_2dINS_5arrayI8ap_fixedILi16ELi6EL9ap_q_mode5EL9_70   |   in|   16|     ap_none|   p_ZZN4nnet24compute_output_buffer_2dINS_5arrayI8ap_fixedILi16ELi6EL9ap_q_mode5EL9_70|       pointer|
|p_ZZN4nnet24compute_output_buffer_2dINS_5arrayI8ap_fixedILi16ELi6EL9ap_q_mode5EL9_69   |   in|   16|     ap_none|   p_ZZN4nnet24compute_output_buffer_2dINS_5arrayI8ap_fixedILi16ELi6EL9ap_q_mode5EL9_69|       pointer|
|p_ZZN4nnet24compute_output_buffer_2dINS_5arrayI8ap_fixedILi16ELi6EL9ap_q_mode5EL9_68   |   in|   16|     ap_none|   p_ZZN4nnet24compute_output_buffer_2dINS_5arrayI8ap_fixedILi16ELi6EL9ap_q_mode5EL9_68|       pointer|
|p_ZZN4nnet24compute_output_buffer_2dINS_5arrayI8ap_fixedILi16ELi6EL9ap_q_mode5EL9_67   |   in|   16|     ap_none|   p_ZZN4nnet24compute_output_buffer_2dINS_5arrayI8ap_fixedILi16ELi6EL9ap_q_mode5EL9_67|       pointer|
|p_ZZN4nnet24compute_output_buffer_2dINS_5arrayI8ap_fixedILi16ELi6EL9ap_q_mode5EL9_66   |   in|   16|     ap_none|   p_ZZN4nnet24compute_output_buffer_2dINS_5arrayI8ap_fixedILi16ELi6EL9ap_q_mode5EL9_66|       pointer|
|p_ZZN4nnet24compute_output_buffer_2dINS_5arrayI8ap_fixedILi16ELi6EL9ap_q_mode5EL9_65   |   in|   16|     ap_none|   p_ZZN4nnet24compute_output_buffer_2dINS_5arrayI8ap_fixedILi16ELi6EL9ap_q_mode5EL9_65|       pointer|
|p_ZZN4nnet24compute_output_buffer_2dINS_5arrayI8ap_fixedILi16ELi6EL9ap_q_mode5EL9_64   |   in|   16|     ap_none|   p_ZZN4nnet24compute_output_buffer_2dINS_5arrayI8ap_fixedILi16ELi6EL9ap_q_mode5EL9_64|       pointer|
|p_ZZN4nnet24compute_output_buffer_2dINS_5arrayI8ap_fixedILi16ELi6EL9ap_q_mode5EL9_63   |   in|   16|     ap_none|   p_ZZN4nnet24compute_output_buffer_2dINS_5arrayI8ap_fixedILi16ELi6EL9ap_q_mode5EL9_63|       pointer|
|p_ZZN4nnet24compute_output_buffer_2dINS_5arrayI8ap_fixedILi16ELi6EL9ap_q_mode5EL9_62   |   in|   16|     ap_none|   p_ZZN4nnet24compute_output_buffer_2dINS_5arrayI8ap_fixedILi16ELi6EL9ap_q_mode5EL9_62|       pointer|
+---------------------------------------------------------------------------------------+-----+-----+------------+---------------------------------------------------------------------------------------+--------------+

