

================================================================
== Vitis HLS Report for 'dense_latency_ap_fixed_10_2_5_3_0_ap_fixed_10_2_5_3_0_config12_mult_s'
================================================================
* Date:           Fri Apr 24 00:23:01 2026

* Version:        2025.2 (Build 6295257 on Nov 14 2025)
* Project:        folo_prj
* Solution:       solution1 (Vivado IP Flow Target)
* Product family: kintexu
* Target device:  xcku035-fbva676-2-e


================================================================
== Performance Estimates
================================================================
+ Timing: 
    * Summary: 
    +--------+---------+----------+------------+
    |  Clock |  Target | Estimated| Uncertainty|
    +--------+---------+----------+------------+
    |ap_clk  |  5.00 ns|  3.645 ns|     1.35 ns|
    +--------+---------+----------+------------+

+ Latency: 
    * Summary: 
    +---------+---------+-----------+-----------+-----+-----+---------+
    |  Latency (cycles) |   Latency (absolute)  |  Interval | Pipeline|
    |   min   |   max   |    min    |    max    | min | max |   Type  |
    +---------+---------+-----------+-----------+-----+-----+---------+
    |        4|        4|  20.000 ns|  20.000 ns|    5|    5|      yes|
    +---------+---------+-----------+-----------+-----+-----+---------+

    + Detail: 
        * Instance: 
        N/A

        * Loop: 
        N/A



================================================================
== Utilization Estimates
================================================================
* Summary: 
+-----------------+---------+------+--------+--------+-----+
|       Name      | BRAM_18K|  DSP |   FF   |   LUT  | URAM|
+-----------------+---------+------+--------+--------+-----+
|DSP              |        -|     -|       -|       -|    -|
|Expression       |        -|     -|       0|    9233|    -|
|FIFO             |        -|     -|       -|       -|    -|
|Instance         |        -|     0|       0|    2542|    -|
|Memory           |        -|     -|       -|       -|    -|
|Multiplexer      |        -|     -|       0|    1781|    -|
|Register         |        -|     -|    3158|       -|    -|
+-----------------+---------+------+--------+--------+-----+
|Total            |        0|     0|    3158|   13556|    0|
+-----------------+---------+------+--------+--------+-----+
|Available        |     1080|  1700|  406256|  203128|    0|
+-----------------+---------+------+--------+--------+-----+
|Utilization (%)  |        0|     0|      ~0|       6|    0|
+-----------------+---------+------+--------+--------+-----+

+ Detail: 
    * Instance: 
    +-------------------------+--------------------+---------+----+---+----+-----+
    |         Instance        |       Module       | BRAM_18K| DSP| FF| LUT| URAM|
    +-------------------------+--------------------+---------+----+---+----+-----+
    |mul_10s_6ns_16_1_1_U382  |mul_10s_6ns_16_1_1  |        0|   0|  0|  62|    0|
    |mul_10s_7ns_17_1_1_U379  |mul_10s_7ns_17_1_1  |        0|   0|  0|  62|    0|
    |mul_10s_7ns_17_1_1_U384  |mul_10s_7ns_17_1_1  |        0|   0|  0|  62|    0|
    |mul_10s_7ns_17_1_1_U399  |mul_10s_7ns_17_1_1  |        0|   0|  0|  62|    0|
    |mul_10s_7ns_17_1_1_U400  |mul_10s_7ns_17_1_1  |        0|   0|  0|  62|    0|
    |mul_10s_7s_16_1_1_U402   |mul_10s_7s_16_1_1   |        0|   0|  0|  62|    0|
    |mul_10s_7s_17_1_1_U392   |mul_10s_7s_17_1_1   |        0|   0|  0|  62|    0|
    |mul_10s_7s_17_1_1_U413   |mul_10s_7s_17_1_1   |        0|   0|  0|  62|    0|
    |mul_10s_7s_17_1_1_U415   |mul_10s_7s_17_1_1   |        0|   0|  0|  62|    0|
    |mul_10s_8s_17_1_1_U383   |mul_10s_8s_17_1_1   |        0|   0|  0|  62|    0|
    |mul_10s_8s_17_1_1_U386   |mul_10s_8s_17_1_1   |        0|   0|  0|  62|    0|
    |mul_10s_8s_17_1_1_U391   |mul_10s_8s_17_1_1   |        0|   0|  0|  62|    0|
    |mul_10s_8s_17_1_1_U393   |mul_10s_8s_17_1_1   |        0|   0|  0|  62|    0|
    |mul_10s_8s_17_1_1_U394   |mul_10s_8s_17_1_1   |        0|   0|  0|  62|    0|
    |mul_10s_8s_17_1_1_U395   |mul_10s_8s_17_1_1   |        0|   0|  0|  62|    0|
    |mul_10s_8s_17_1_1_U396   |mul_10s_8s_17_1_1   |        0|   0|  0|  62|    0|
    |mul_10s_8s_17_1_1_U398   |mul_10s_8s_17_1_1   |        0|   0|  0|  62|    0|
    |mul_10s_8s_17_1_1_U405   |mul_10s_8s_17_1_1   |        0|   0|  0|  62|    0|
    |mul_10s_8s_17_1_1_U410   |mul_10s_8s_17_1_1   |        0|   0|  0|  62|    0|
    |mul_10s_8s_17_1_1_U416   |mul_10s_8s_17_1_1   |        0|   0|  0|  62|    0|
    |mul_10s_8s_18_1_1_U388   |mul_10s_8s_18_1_1   |        0|   0|  0|  62|    0|
    |mul_10s_8s_18_1_1_U389   |mul_10s_8s_18_1_1   |        0|   0|  0|  62|    0|
    |mul_10s_8s_18_1_1_U390   |mul_10s_8s_18_1_1   |        0|   0|  0|  62|    0|
    |mul_10s_8s_18_1_1_U406   |mul_10s_8s_18_1_1   |        0|   0|  0|  62|    0|
    |mul_10s_8s_18_1_1_U409   |mul_10s_8s_18_1_1   |        0|   0|  0|  62|    0|
    |mul_10s_8s_18_1_1_U412   |mul_10s_8s_18_1_1   |        0|   0|  0|  62|    0|
    |mul_10s_8s_18_1_1_U417   |mul_10s_8s_18_1_1   |        0|   0|  0|  62|    0|
    |mul_10s_9s_18_1_1_U377   |mul_10s_9s_18_1_1   |        0|   0|  0|  62|    0|
    |mul_10s_9s_18_1_1_U378   |mul_10s_9s_18_1_1   |        0|   0|  0|  62|    0|
    |mul_10s_9s_18_1_1_U380   |mul_10s_9s_18_1_1   |        0|   0|  0|  62|    0|
    |mul_10s_9s_18_1_1_U381   |mul_10s_9s_18_1_1   |        0|   0|  0|  62|    0|
    |mul_10s_9s_18_1_1_U385   |mul_10s_9s_18_1_1   |        0|   0|  0|  62|    0|
    |mul_10s_9s_18_1_1_U387   |mul_10s_9s_18_1_1   |        0|   0|  0|  62|    0|
    |mul_10s_9s_18_1_1_U397   |mul_10s_9s_18_1_1   |        0|   0|  0|  62|    0|
    |mul_10s_9s_18_1_1_U401   |mul_10s_9s_18_1_1   |        0|   0|  0|  62|    0|
    |mul_10s_9s_18_1_1_U403   |mul_10s_9s_18_1_1   |        0|   0|  0|  62|    0|
    |mul_10s_9s_18_1_1_U404   |mul_10s_9s_18_1_1   |        0|   0|  0|  62|    0|
    |mul_10s_9s_18_1_1_U407   |mul_10s_9s_18_1_1   |        0|   0|  0|  62|    0|
    |mul_10s_9s_18_1_1_U408   |mul_10s_9s_18_1_1   |        0|   0|  0|  62|    0|
    |mul_10s_9s_18_1_1_U411   |mul_10s_9s_18_1_1   |        0|   0|  0|  62|    0|
    |mul_10s_9s_18_1_1_U414   |mul_10s_9s_18_1_1   |        0|   0|  0|  62|    0|
    +-------------------------+--------------------+---------+----+---+----+-----+
    |Total                    |                    |        0|   0|  0|2542|    0|
    +-------------------------+--------------------+---------+----+---+----+-----+

    * DSP: 
    N/A

    * Memory: 
    N/A

    * FIFO: 
    N/A

    * Expression: 
    +---------------------------+----------+----+---+----+------------+------------+
    |       Variable Name       | Operation| DSP| FF| LUT| Bitwidth P0| Bitwidth P1|
    +---------------------------+----------+----+---+----+------------+------------+
    |add_ln58_1361_fu_22045_p2  |         +|   0|  0|  18|          10|          10|
    |add_ln58_1362_fu_22050_p2  |         +|   0|  0|  18|          10|          10|
    |add_ln58_1363_fu_21250_p2  |         +|   0|  0|  18|          10|          10|
    |add_ln58_1364_fu_21256_p2  |         +|   0|  0|  18|          10|          10|
    |add_ln58_1365_fu_22055_p2  |         +|   0|  0|  18|          10|          10|
    |add_ln58_1366_fu_19717_p2  |         +|   0|  0|  17|          10|          10|
    |add_ln58_1367_fu_21262_p2  |         +|   0|  0|  18|          10|          10|
    |add_ln58_1368_fu_19723_p2  |         +|   0|  0|  18|          10|          10|
    |add_ln58_1369_fu_15569_p2  |         +|   0|  0|  17|          10|          10|
    |add_ln58_1370_fu_19729_p2  |         +|   0|  0|  18|          10|          10|
    |add_ln58_1371_fu_21267_p2  |         +|   0|  0|  18|          10|          10|
    |add_ln58_1372_fu_22060_p2  |         +|   0|  0|  18|          10|          10|
    |add_ln58_1373_fu_22065_p2  |         +|   0|  0|  18|          10|          10|
    |add_ln58_1374_fu_22071_p2  |         +|   0|  0|  18|          10|          10|
    |add_ln58_1375_fu_22077_p2  |         +|   0|  0|  18|          10|          10|
    |add_ln58_1376_fu_22083_p2  |         +|   0|  0|  18|          10|          10|
    |add_ln58_1377_fu_22089_p2  |         +|   0|  0|  18|          10|          10|
    |add_ln58_1378_fu_15575_p2  |         +|   0|  0|  17|          10|          10|
    |add_ln58_1379_fu_19734_p2  |         +|   0|  0|  18|          10|          10|
    |add_ln58_1380_fu_15581_p2  |         +|   0|  0|  16|           9|           9|
    |add_ln58_1381_fu_15587_p2  |         +|   0|  0|  16|           9|           9|
    |add_ln58_1382_fu_19745_p2  |         +|   0|  0|  17|          10|          10|
    |add_ln58_1383_fu_19751_p2  |         +|   0|  0|  18|          10|          10|
    |add_ln58_1384_fu_22095_p2  |         +|   0|  0|  18|          10|          10|
    |add_ln58_1385_fu_22100_p2  |         +|   0|  0|  18|          10|          10|
    |add_ln58_1386_fu_19757_p2  |         +|   0|  0|  16|           9|           9|
    |add_ln58_1387_fu_21275_p2  |         +|   0|  0|  18|          10|          10|
    |add_ln58_1388_fu_19763_p2  |         +|   0|  0|  16|           9|           9|
    |add_ln58_1389_fu_21284_p2  |         +|   0|  0|  17|          10|          10|
    |add_ln58_1390_fu_21290_p2  |         +|   0|  0|  18|          10|          10|
    |add_ln58_1391_fu_19769_p2  |         +|   0|  0|  16|           9|           9|
    |add_ln58_1392_fu_22109_p2  |         +|   0|  0|  18|          10|          10|
    |add_ln58_1393_fu_21296_p2  |         +|   0|  0|  16|           9|           9|
    |add_ln58_1394_fu_19775_p2  |         +|   0|  0|  15|           8|           8|
    |add_ln58_1395_fu_21309_p2  |         +|   0|  0|  17|          10|          10|
    |add_ln58_1396_fu_22115_p2  |         +|   0|  0|  18|          10|          10|
    |add_ln58_1397_fu_22120_p2  |         +|   0|  0|  18|          10|          10|
    |add_ln58_1398_fu_19781_p2  |         +|   0|  0|  15|           8|           8|
    |add_ln58_1399_fu_21318_p2  |         +|   0|  0|  16|           9|           9|
    |add_ln58_1400_fu_19787_p2  |         +|   0|  0|  15|           8|           8|
    |add_ln58_1401_fu_21331_p2  |         +|   0|  0|  16|           9|           9|
    |add_ln58_1402_fu_21341_p2  |         +|   0|  0|  18|          10|          10|
    |add_ln58_1403_fu_19793_p2  |         +|   0|  0|  14|           7|           7|
    |add_ln58_1404_fu_21350_p2  |         +|   0|  0|  15|           8|           8|
    |add_ln58_1405_fu_19799_p2  |         +|   0|  0|  13|           6|           6|
    |add_ln58_1406_fu_19809_p2  |         +|   0|  0|  13|           6|           6|
    |add_ln58_1407_fu_19819_p2  |         +|   0|  0|  14|           7|           7|
    |add_ln58_1408_fu_21363_p2  |         +|   0|  0|  16|           9|           9|
    |add_ln58_1409_fu_21373_p2  |         +|   0|  0|  18|          10|          10|
    |add_ln58_1410_fu_22125_p2  |         +|   0|  0|  18|          10|          10|
    |add_ln58_1411_fu_22130_p2  |         +|   0|  0|  18|          10|          10|
    |add_ln58_1412_fu_21379_p2  |         +|   0|  0|  18|          10|          10|
    |add_ln58_1413_fu_21384_p2  |         +|   0|  0|  18|          10|          10|
    |add_ln58_1414_fu_22136_p2  |         +|   0|  0|  18|          10|          10|
    |add_ln58_1415_fu_22141_p2  |         +|   0|  0|  18|          10|          10|
    |add_ln58_1416_fu_22146_p2  |         +|   0|  0|  18|          10|          10|
    |add_ln58_1417_fu_15593_p2  |         +|   0|  0|  17|          10|          10|
    |add_ln58_1418_fu_22151_p2  |         +|   0|  0|  18|          10|          10|
    |add_ln58_1419_fu_15599_p2  |         +|   0|  0|  18|          10|          10|
    |add_ln58_1420_fu_15605_p2  |         +|   0|  0|  17|          10|          10|
    |add_ln58_1421_fu_15611_p2  |         +|   0|  0|  18|          10|          10|
    |add_ln58_1422_fu_22155_p2  |         +|   0|  0|  18|          10|          10|
    |add_ln58_1423_fu_22160_p2  |         +|   0|  0|  18|          10|          10|
    |add_ln58_1424_fu_21390_p2  |         +|   0|  0|  18|          10|          10|
    |add_ln58_1425_fu_21396_p2  |         +|   0|  0|  18|          10|          10|
    |add_ln58_1426_fu_21402_p2  |         +|   0|  0|  18|          10|          10|
    |add_ln58_1427_fu_21408_p2  |         +|   0|  0|  18|          10|          10|
    |add_ln58_1428_fu_21414_p2  |         +|   0|  0|  18|          10|          10|
    |add_ln58_1429_fu_19825_p2  |         +|   0|  0|  17|          10|          10|
    |add_ln58_1430_fu_21420_p2  |         +|   0|  0|  18|          10|          10|
    |add_ln58_1431_fu_19831_p2  |         +|   0|  0|  18|          10|          10|
    |add_ln58_1432_fu_19837_p2  |         +|   0|  0|  17|          10|          10|
    |add_ln58_1433_fu_19843_p2  |         +|   0|  0|  18|          10|          10|
    |add_ln58_1434_fu_21425_p2  |         +|   0|  0|  18|          10|          10|
    |add_ln58_1435_fu_21430_p2  |         +|   0|  0|  18|          10|          10|
    |add_ln58_1436_fu_22166_p2  |         +|   0|  0|  18|          10|          10|
    |add_ln58_1437_fu_21436_p2  |         +|   0|  0|  17|          10|          10|
    |add_ln58_1438_fu_22171_p2  |         +|   0|  0|  18|          10|          10|
    |add_ln58_1439_fu_19849_p2  |         +|   0|  0|  18|          10|          10|
    |add_ln58_1440_fu_19855_p2  |         +|   0|  0|  18|          10|          10|
    |add_ln58_1441_fu_22176_p2  |         +|   0|  0|  18|          10|          10|
    |add_ln58_1442_fu_15617_p2  |         +|   0|  0|  16|           9|           9|
    |add_ln58_1443_fu_22184_p2  |         +|   0|  0|  18|          10|          10|
    |add_ln58_1444_fu_15623_p2  |         +|   0|  0|  16|           9|           9|
    |add_ln58_1445_fu_19864_p2  |         +|   0|  0|  16|           9|           9|
    |add_ln58_1446_fu_19874_p2  |         +|   0|  0|  17|          10|          10|
    |add_ln58_1447_fu_22190_p2  |         +|   0|  0|  18|          10|          10|
    |add_ln58_1448_fu_22195_p2  |         +|   0|  0|  18|          10|          10|
    |add_ln58_1449_fu_19880_p2  |         +|   0|  0|  16|           9|           9|
    |add_ln58_1450_fu_19890_p2  |         +|   0|  0|  17|          10|          10|
    |add_ln58_1451_fu_15629_p2  |         +|   0|  0|  16|           9|           9|
    |add_ln58_1452_fu_15635_p2  |         +|   0|  0|  15|           8|           8|
    |add_ln58_1453_fu_19902_p2  |         +|   0|  0|  17|          10|          10|
    |add_ln58_1454_fu_21442_p2  |         +|   0|  0|  18|          10|          10|
    |add_ln58_1455_fu_15641_p2  |         +|   0|  0|  15|           8|           8|
    |add_ln58_1456_fu_19911_p2  |         +|   0|  0|  16|           9|           9|
    |add_ln58_1457_fu_19917_p2  |         +|   0|  0|  15|           8|           8|
    |add_ln58_1458_fu_19927_p2  |         +|   0|  0|  14|           7|           7|
    |add_ln58_1459_fu_19937_p2  |         +|   0|  0|  16|           9|           9|
    |add_ln58_1460_fu_21452_p2  |         +|   0|  0|  17|          10|          10|
    |add_ln58_1461_fu_21458_p2  |         +|   0|  0|  18|          10|          10|
    |add_ln58_1462_fu_22201_p2  |         +|   0|  0|  18|          10|          10|
    |add_ln58_1463_fu_22206_p2  |         +|   0|  0|  18|          10|          10|
    |add_ln58_1464_fu_21464_p2  |         +|   0|  0|  18|          10|          10|
    |add_ln58_1465_fu_21468_p2  |         +|   0|  0|  18|          10|          10|
    |add_ln58_1466_fu_22212_p2  |         +|   0|  0|  18|          10|          10|
    |add_ln58_1467_fu_22216_p2  |         +|   0|  0|  18|          10|          10|
    |add_ln58_1468_fu_22221_p2  |         +|   0|  0|  18|          10|          10|
    |add_ln58_1469_fu_21474_p2  |         +|   0|  0|  17|          10|          10|
    |add_ln58_1470_fu_21479_p2  |         +|   0|  0|  18|          10|          10|
    |add_ln58_1471_fu_19943_p2  |         +|   0|  0|  18|          10|          10|
    |add_ln58_1472_fu_19949_p2  |         +|   0|  0|  17|          10|          10|
    |add_ln58_1473_fu_19955_p2  |         +|   0|  0|  18|          10|          10|
    |add_ln58_1474_fu_21485_p2  |         +|   0|  0|  18|          10|          10|
    |add_ln58_1475_fu_22226_p2  |         +|   0|  0|  18|          10|          10|
    |add_ln58_1476_fu_21490_p2  |         +|   0|  0|  18|          10|          10|
    |add_ln58_1477_fu_21496_p2  |         +|   0|  0|  18|          10|          10|
    |add_ln58_1478_fu_22231_p2  |         +|   0|  0|  18|          10|          10|
    |add_ln58_1479_fu_22237_p2  |         +|   0|  0|  18|          10|          10|
    |add_ln58_1480_fu_22243_p2  |         +|   0|  0|  18|          10|          10|
    |add_ln58_1481_fu_19961_p2  |         +|   0|  0|  17|          10|          10|
    |add_ln58_1482_fu_22248_p2  |         +|   0|  0|  18|          10|          10|
    |add_ln58_1483_fu_21502_p2  |         +|   0|  0|  18|          10|          10|
    |add_ln58_1484_fu_21508_p2  |         +|   0|  0|  17|          10|          10|
    |add_ln58_1485_fu_21514_p2  |         +|   0|  0|  18|          10|          10|
    |add_ln58_1486_fu_22253_p2  |         +|   0|  0|  18|          10|          10|
    |add_ln58_1487_fu_22258_p2  |         +|   0|  0|  18|          10|          10|
    |add_ln58_1488_fu_22264_p2  |         +|   0|  0|  18|          10|          10|
    |add_ln58_1489_fu_19967_p2  |         +|   0|  0|  16|           9|           9|
    |add_ln58_1490_fu_21523_p2  |         +|   0|  0|  18|          10|          10|
    |add_ln58_1491_fu_19973_p2  |         +|   0|  0|  16|           9|           9|
    |add_ln58_1492_fu_19983_p2  |         +|   0|  0|  17|          10|          10|
    |add_ln58_1493_fu_21529_p2  |         +|   0|  0|  18|          10|          10|
    |add_ln58_1494_fu_19989_p2  |         +|   0|  0|  16|           9|           9|
    |add_ln58_1495_fu_22273_p2  |         +|   0|  0|  18|          10|          10|
    |add_ln58_1496_fu_19995_p2  |         +|   0|  0|  16|           9|           9|
    |add_ln58_1497_fu_20005_p2  |         +|   0|  0|  16|           9|           9|
    |add_ln58_1498_fu_20015_p2  |         +|   0|  0|  17|          10|          10|
    |add_ln58_1499_fu_22279_p2  |         +|   0|  0|  18|          10|          10|
    |add_ln58_1500_fu_22284_p2  |         +|   0|  0|  18|          10|          10|
    |add_ln58_1501_fu_20021_p2  |         +|   0|  0|  15|           8|           8|
    |add_ln58_1502_fu_21537_p2  |         +|   0|  0|  16|           9|           9|
    |add_ln58_1503_fu_20027_p2  |         +|   0|  0|  15|           8|           8|
    |add_ln58_1504_fu_20037_p2  |         +|   0|  0|  16|           9|           9|
    |add_ln58_1505_fu_21550_p2  |         +|   0|  0|  18|          10|          10|
    |add_ln58_1506_fu_15647_p2  |         +|   0|  0|  14|           7|           7|
    |add_ln58_1507_fu_20046_p2  |         +|   0|  0|  15|           8|           8|
    |add_ln58_1508_fu_20052_p2  |         +|   0|  0|  14|           7|           7|
    |add_ln58_1509_fu_20058_p2  |         +|   0|  0|  14|           7|           7|
    |add_ln58_1510_fu_21565_p2  |         +|   0|  0|  15|           8|           8|
    |add_ln58_1511_fu_21575_p2  |         +|   0|  0|  16|           9|           9|
    |add_ln58_1512_fu_21585_p2  |         +|   0|  0|  18|          10|          10|
    |add_ln58_1513_fu_22289_p2  |         +|   0|  0|  18|          10|          10|
    |add_ln58_1514_fu_22294_p2  |         +|   0|  0|  18|          10|          10|
    |add_ln58_1515_fu_21591_p2  |         +|   0|  0|  18|          10|          10|
    |add_ln58_1516_fu_21596_p2  |         +|   0|  0|  18|          10|          10|
    |add_ln58_1517_fu_22300_p2  |         +|   0|  0|  18|          10|          10|
    |add_ln58_1518_fu_22305_p2  |         +|   0|  0|  18|          10|          10|
    |add_ln58_1519_fu_22310_p2  |         +|   0|  0|  18|          10|          10|
    |add_ln58_1520_fu_20064_p2  |         +|   0|  0|  17|          10|          10|
    |add_ln58_1521_fu_21601_p2  |         +|   0|  0|  18|          10|          10|
    |add_ln58_1522_fu_15653_p2  |         +|   0|  0|  18|          10|          10|
    |add_ln58_1523_fu_13616_p2  |         +|   0|  0|  17|          10|          10|
    |add_ln58_1524_fu_15659_p2  |         +|   0|  0|  18|          10|          10|
    |add_ln58_1525_fu_21606_p2  |         +|   0|  0|  18|          10|          10|
    |add_ln58_1526_fu_22315_p2  |         +|   0|  0|  18|          10|          10|
    |add_ln58_1527_fu_22320_p2  |         +|   0|  0|  18|          10|          10|
    |add_ln58_1528_fu_22326_p2  |         +|   0|  0|  18|          10|          10|
    |add_ln58_1529_fu_22332_p2  |         +|   0|  0|  18|          10|          10|
    |add_ln58_1530_fu_22338_p2  |         +|   0|  0|  18|          10|          10|
    |add_ln58_1531_fu_22344_p2  |         +|   0|  0|  18|          10|          10|
    |add_ln58_1532_fu_21611_p2  |         +|   0|  0|  17|          10|          10|
    |add_ln58_1533_fu_22350_p2  |         +|   0|  0|  18|          10|          10|
    |add_ln58_1534_fu_21617_p2  |         +|   0|  0|  18|          10|          10|
    |add_ln58_1535_fu_15664_p2  |         +|   0|  0|  16|           9|           9|
    |add_ln58_1536_fu_21626_p2  |         +|   0|  0|  18|          10|          10|
    |add_ln58_1537_fu_22355_p2  |         +|   0|  0|  18|          10|          10|
    |add_ln58_1538_fu_22360_p2  |         +|   0|  0|  18|          10|          10|
    |add_ln58_1539_fu_22366_p2  |         +|   0|  0|  18|          10|          10|
    |add_ln58_1540_fu_20070_p2  |         +|   0|  0|  16|           9|           9|
    |add_ln58_1541_fu_21635_p2  |         +|   0|  0|  18|          10|          10|
    |add_ln58_1542_fu_20076_p2  |         +|   0|  0|  16|           9|           9|
    |add_ln58_1543_fu_21644_p2  |         +|   0|  0|  17|          10|          10|
    |add_ln58_1544_fu_21650_p2  |         +|   0|  0|  18|          10|          10|
    |add_ln58_1545_fu_21656_p2  |         +|   0|  0|  16|           9|           9|
    |add_ln58_1546_fu_22375_p2  |         +|   0|  0|  18|          10|          10|
    |add_ln58_1547_fu_20082_p2  |         +|   0|  0|  16|           9|           9|
    |add_ln58_1548_fu_20088_p2  |         +|   0|  0|  16|           9|           9|
    |add_ln58_1549_fu_21668_p2  |         +|   0|  0|  17|          10|          10|
    |add_ln58_1550_fu_22381_p2  |         +|   0|  0|  18|          10|          10|
    |add_ln58_1551_fu_22386_p2  |         +|   0|  0|  18|          10|          10|
    |add_ln58_1552_fu_15670_p2  |         +|   0|  0|  15|           8|           8|
    |add_ln58_1553_fu_20097_p2  |         +|   0|  0|  16|           9|           9|
    |add_ln58_1554_fu_20103_p2  |         +|   0|  0|  15|           8|           8|
    |add_ln58_1555_fu_20109_p2  |         +|   0|  0|  15|           8|           8|
    |add_ln58_1556_fu_21683_p2  |         +|   0|  0|  16|           9|           9|
    |add_ln58_1557_fu_21693_p2  |         +|   0|  0|  18|          10|          10|
    |add_ln58_1558_fu_15676_p2  |         +|   0|  0|  14|           7|           7|
    |add_ln58_1559_fu_20118_p2  |         +|   0|  0|  19|           8|           8|
    |add_ln58_1560_fu_20124_p2  |         +|   0|  0|  13|           6|           6|
    |add_ln58_1561_fu_15682_p2  |         +|   0|  0|  12|           4|           4|
    |add_ln58_1562_fu_20133_p2  |         +|   0|  0|  13|           6|           6|
    |add_ln58_1563_fu_20143_p2  |         +|   0|  0|  19|           8|           8|
    |add_ln58_1564_fu_21702_p2  |         +|   0|  0|  18|          10|          10|
    |add_ln58_1565_fu_22391_p2  |         +|   0|  0|  18|          10|          10|
    |add_ln58_1566_fu_22396_p2  |         +|   0|  0|  18|          10|          10|
    |add_ln58_1567_fu_22402_p2  |         +|   0|  0|  18|          10|          10|
    |add_ln58_1568_fu_22406_p2  |         +|   0|  0|  18|          10|          10|
    |add_ln58_1569_fu_22411_p2  |         +|   0|  0|  18|          10|          10|
    |add_ln58_1570_fu_22416_p2  |         +|   0|  0|  18|          10|          10|
    |add_ln58_1571_fu_22421_p2  |         +|   0|  0|  18|          10|          10|
    |add_ln58_1572_fu_15688_p2  |         +|   0|  0|  17|          10|          10|
    |add_ln58_1573_fu_21708_p2  |         +|   0|  0|  18|          10|          10|
    |add_ln58_1574_fu_20149_p2  |         +|   0|  0|  18|          10|          10|
    |add_ln58_1575_fu_20155_p2  |         +|   0|  0|  17|          10|          10|
    |add_ln58_1576_fu_20161_p2  |         +|   0|  0|  18|          10|          10|
    |add_ln58_1577_fu_21713_p2  |         +|   0|  0|  18|          10|          10|
    |add_ln58_1578_fu_22427_p2  |         +|   0|  0|  18|          10|          10|
    |add_ln58_1579_fu_22432_p2  |         +|   0|  0|  18|          10|          10|
    |add_ln58_1580_fu_22438_p2  |         +|   0|  0|  18|          10|          10|
    |add_ln58_1581_fu_22444_p2  |         +|   0|  0|  18|          10|          10|
    |add_ln58_1582_fu_20167_p2  |         +|   0|  0|  17|          10|          10|
    |add_ln58_1583_fu_22450_p2  |         +|   0|  0|  18|          10|          10|
    |add_ln58_1584_fu_22455_p2  |         +|   0|  0|  18|          10|          10|
    |add_ln58_1585_fu_20173_p2  |         +|   0|  0|  17|          10|          10|
    |add_ln58_1586_fu_21718_p2  |         +|   0|  0|  18|          10|          10|
    |add_ln58_1587_fu_15694_p2  |         +|   0|  0|  16|           9|           9|
    |add_ln58_1588_fu_15700_p2  |         +|   0|  0|  16|           9|           9|
    |add_ln58_1589_fu_20185_p2  |         +|   0|  0|  17|          10|          10|
    |add_ln58_1590_fu_21723_p2  |         +|   0|  0|  18|          10|          10|
    |add_ln58_1591_fu_22461_p2  |         +|   0|  0|  18|          10|          10|
    |add_ln58_1592_fu_22466_p2  |         +|   0|  0|  18|          10|          10|
    |add_ln58_1593_fu_20191_p2  |         +|   0|  0|  16|           9|           9|
    |add_ln58_1594_fu_21731_p2  |         +|   0|  0|  18|          10|          10|
    |add_ln58_1595_fu_20197_p2  |         +|   0|  0|  16|           9|           9|
    |add_ln58_1596_fu_20207_p2  |         +|   0|  0|  17|          10|          10|
    |add_ln58_1597_fu_21737_p2  |         +|   0|  0|  18|          10|          10|
    |add_ln58_1598_fu_20213_p2  |         +|   0|  0|  16|           9|           9|
    |add_ln58_1599_fu_22475_p2  |         +|   0|  0|  18|          10|          10|
    |add_ln58_1600_fu_20219_p2  |         +|   0|  0|  16|           9|           9|
    |add_ln58_1601_fu_20225_p2  |         +|   0|  0|  15|           8|           8|
    |add_ln58_1602_fu_21748_p2  |         +|   0|  0|  17|          10|          10|
    |add_ln58_1603_fu_22481_p2  |         +|   0|  0|  18|          10|          10|
    |add_ln58_1604_fu_22486_p2  |         +|   0|  0|  18|          10|          10|
    |add_ln58_1605_fu_20231_p2  |         +|   0|  0|  15|           8|           8|
    |add_ln58_1606_fu_21757_p2  |         +|   0|  0|  16|           9|           9|
    |add_ln58_1607_fu_20237_p2  |         +|   0|  0|  15|           8|           8|
    |add_ln58_1608_fu_20243_p2  |         +|   0|  0|  15|           8|           8|
    |add_ln58_1609_fu_21773_p2  |         +|   0|  0|  16|           9|           9|
    |add_ln58_1610_fu_21783_p2  |         +|   0|  0|  18|          10|          10|
    |add_ln58_1611_fu_20249_p2  |         +|   0|  0|  14|           7|           7|
    |add_ln58_1612_fu_21792_p2  |         +|   0|  0|  15|           8|           8|
    |add_ln58_1613_fu_20255_p2  |         +|   0|  0|  14|           7|           7|
    |add_ln58_1614_fu_20265_p2  |         +|   0|  0|  13|           6|           6|
    |add_ln58_1615_fu_20275_p2  |         +|   0|  0|  15|           8|           8|
    |add_ln58_1616_fu_21805_p2  |         +|   0|  0|  16|           9|           9|
    |add_ln58_1617_fu_21815_p2  |         +|   0|  0|  18|          10|          10|
    |add_ln58_1618_fu_22491_p2  |         +|   0|  0|  18|          10|          10|
    |add_ln58_1619_fu_22496_p2  |         +|   0|  0|  18|          10|          10|
    |add_ln58_1620_fu_21821_p2  |         +|   0|  0|  18|          10|          10|
    |add_ln58_1621_fu_21827_p2  |         +|   0|  0|  18|          10|          10|
    |add_ln58_1622_fu_20281_p2  |         +|   0|  0|  18|          10|          10|
    |add_ln58_1623_fu_20287_p2  |         +|   0|  0|  18|          10|          10|
    |add_ln58_1624_fu_21832_p2  |         +|   0|  0|  18|          10|          10|
    |add_ln58_1625_fu_15706_p2  |         +|   0|  0|  17|          10|          10|
    |add_ln58_1626_fu_20293_p2  |         +|   0|  0|  18|          10|          10|
    |add_ln58_1627_fu_20298_p2  |         +|   0|  0|  18|          10|          10|
    |add_ln58_1628_fu_20304_p2  |         +|   0|  0|  17|          10|          10|
    |add_ln58_1629_fu_20310_p2  |         +|   0|  0|  18|          10|          10|
    |add_ln58_1630_fu_20316_p2  |         +|   0|  0|  18|          10|          10|
    |add_ln58_1631_fu_21837_p2  |         +|   0|  0|  18|          10|          10|
    |add_ln58_1632_fu_22502_p2  |         +|   0|  0|  18|          10|          10|
    |add_ln58_1633_fu_22508_p2  |         +|   0|  0|  18|          10|          10|
    |add_ln58_1634_fu_22514_p2  |         +|   0|  0|  18|          10|          10|
    |add_ln58_1635_fu_20322_p2  |         +|   0|  0|  17|          10|          10|
    |add_ln58_1636_fu_22520_p2  |         +|   0|  0|  18|          10|          10|
    |add_ln58_1637_fu_22525_p2  |         +|   0|  0|  18|          10|          10|
    |add_ln58_1638_fu_21842_p2  |         +|   0|  0|  17|          10|          10|
    |add_ln58_1639_fu_21848_p2  |         +|   0|  0|  18|          10|          10|
    |add_ln58_1640_fu_15712_p2  |         +|   0|  0|  16|           9|           9|
    |add_ln58_1641_fu_15718_p2  |         +|   0|  0|  16|           9|           9|
    |add_ln58_1642_fu_20334_p2  |         +|   0|  0|  17|          10|          10|
    |add_ln58_1643_fu_21854_p2  |         +|   0|  0|  18|          10|          10|
    |add_ln58_1644_fu_22531_p2  |         +|   0|  0|  18|          10|          10|
    |add_ln58_1645_fu_22536_p2  |         +|   0|  0|  18|          10|          10|
    |add_ln58_1646_fu_20340_p2  |         +|   0|  0|  16|           9|           9|
    |add_ln58_1647_fu_21862_p2  |         +|   0|  0|  18|          10|          10|
    |add_ln58_1648_fu_20346_p2  |         +|   0|  0|  16|           9|           9|
    |add_ln58_1649_fu_20356_p2  |         +|   0|  0|  17|          10|          10|
    |add_ln58_1650_fu_21868_p2  |         +|   0|  0|  18|          10|          10|
    |add_ln58_1651_fu_21873_p2  |         +|   0|  0|  16|           9|           9|
    |add_ln58_1652_fu_22544_p2  |         +|   0|  0|  18|          10|          10|
    |add_ln58_1653_fu_15724_p2  |         +|   0|  0|  15|           8|           8|
    |add_ln58_1654_fu_20365_p2  |         +|   0|  0|  15|           8|           8|
    |add_ln58_1655_fu_20375_p2  |         +|   0|  0|  16|           9|           9|
    |add_ln58_1656_fu_22553_p2  |         +|   0|  0|  18|          10|          10|
    |add_ln58_1657_fu_22559_p2  |         +|   0|  0|  18|          10|          10|
    |add_ln58_1658_fu_15730_p2  |         +|   0|  0|  15|           8|           8|
    |add_ln58_1659_fu_15740_p2  |         +|   0|  0|  16|           9|           9|
    |add_ln58_1660_fu_20381_p2  |         +|   0|  0|  15|           8|           8|
    |add_ln58_1661_fu_20391_p2  |         +|   0|  0|  15|           8|           8|
    |add_ln58_1662_fu_20401_p2  |         +|   0|  0|  16|           9|           9|
    |add_ln58_1663_fu_21885_p2  |         +|   0|  0|  18|          10|          10|
    |add_ln58_1664_fu_20407_p2  |         +|   0|  0|  14|           7|           7|
    |add_ln58_1665_fu_21894_p2  |         +|   0|  0|  19|           8|           8|
    |add_ln58_1666_fu_20413_p2  |         +|   0|  0|  13|           6|           6|
    |add_ln58_1667_fu_20423_p2  |         +|   0|  0|  12|           5|           5|
    |add_ln58_1668_fu_20433_p2  |         +|   0|  0|  14|           7|           7|
    |add_ln58_1669_fu_21903_p2  |         +|   0|  0|  19|           8|           8|
    |add_ln58_1670_fu_21913_p2  |         +|   0|  0|  18|          10|          10|
    |add_ln58_1671_fu_22564_p2  |         +|   0|  0|  18|          10|          10|
    |add_ln58_1672_fu_22569_p2  |         +|   0|  0|  18|          10|          10|
    |add_ln58_fu_13610_p2       |         +|   0|  0|  12|           5|           5|
    |add_ln73_100_fu_16182_p2   |         +|   0|  0|  22|          15|          15|
    |add_ln73_101_fu_14034_p2   |         +|   0|  0|  23|          16|          16|
    |add_ln73_102_fu_14069_p2   |         +|   0|  0|  25|          18|          18|
    |add_ln73_103_fu_16459_p2   |         +|   0|  0|  22|          15|          15|
    |add_ln73_104_fu_16802_p2   |         +|   0|  0|  24|          17|          17|
    |add_ln73_105_fu_16944_p2   |         +|   0|  0|  23|          16|          16|
    |add_ln73_106_fu_17099_p2   |         +|   0|  0|  24|          17|          17|
    |add_ln73_107_fu_14558_p2   |         +|   0|  0|  22|          15|          15|
    |add_ln73_108_fu_17441_p2   |         +|   0|  0|  23|          16|          16|
    |add_ln73_109_fu_17752_p2   |         +|   0|  0|  23|          16|          16|
    |add_ln73_110_fu_17869_p2   |         +|   0|  0|  24|          17|          17|
    |add_ln73_111_fu_17998_p2   |         +|   0|  0|  23|          16|          16|
    |add_ln73_112_fu_18106_p2   |         +|   0|  0|  22|          15|          15|
    |add_ln73_113_fu_18186_p2   |         +|   0|  0|  22|          15|          15|
    |add_ln73_114_fu_18235_p2   |         +|   0|  0|  23|          16|          16|
    |add_ln73_115_fu_18270_p2   |         +|   0|  0|  24|          17|          17|
    |add_ln73_116_fu_18401_p2   |         +|   0|  0|  24|          17|          17|
    |add_ln73_117_fu_20981_p2   |         +|   0|  0|  24|          17|          17|
    |add_ln73_118_fu_19280_p2   |         +|   0|  0|  24|          17|          17|
    |add_ln73_119_fu_19530_p2   |         +|   0|  0|  24|          17|          17|
    |add_ln73_120_fu_19604_p2   |         +|   0|  0|  24|          17|          17|
    |add_ln73_96_fu_15895_p2    |         +|   0|  0|  21|          14|          14|
    |add_ln73_97_fu_15967_p2    |         +|   0|  0|  24|          17|          17|
    |add_ln73_98_fu_16001_p2    |         +|   0|  0|  22|          15|          15|
    |add_ln73_99_fu_16166_p2    |         +|   0|  0|  22|          15|          15|
    |add_ln73_fu_13041_p2       |         +|   0|  0|  24|          17|          17|
    |sub_ln73_13_fu_19656_p2    |         -|   0|  0|  18|           1|          11|
    |sub_ln73_530_fu_15774_p2   |         -|   0|  0|  20|           1|          13|
    |sub_ln73_531_fu_13659_p2   |         -|   0|  0|  21|          14|          14|
    |sub_ln73_532_fu_13686_p2   |         -|   0|  0|  22|          15|          15|
    |sub_ln73_533_fu_15825_p2   |         -|   0|  0|  24|          17|          17|
    |sub_ln73_534_fu_13732_p2   |         -|   0|  0|  22|          15|          15|
    |sub_ln73_535_fu_15939_p2   |         -|   0|  0|  23|          16|          16|
    |sub_ln73_536_fu_16053_p2   |         -|   0|  0|  22|          15|          15|
    |sub_ln73_537_fu_13107_p2   |         -|   0|  0|  23|          16|          16|
    |sub_ln73_538_fu_13779_p2   |         -|   0|  0|  23|          16|          16|
    |sub_ln73_539_fu_13817_p2   |         -|   0|  0|  23|          16|          16|
    |sub_ln73_540_fu_16099_p2   |         -|   0|  0|  24|          17|          17|
    |sub_ln73_541_fu_13851_p2   |         -|   0|  0|  16|           1|          16|
    |sub_ln73_542_fu_13857_p2   |         -|   0|  0|  16|          16|          16|
    |sub_ln73_543_fu_20481_p2   |         -|   0|  0|  24|           1|          17|
    |sub_ln73_544_fu_20505_p2   |         -|   0|  0|  18|           1|          18|
    |sub_ln73_545_fu_20522_p2   |         -|   0|  0|  18|          18|          18|
    |sub_ln73_546_fu_13918_p2   |         -|   0|  0|  22|          15|          15|
    |sub_ln73_547_fu_13949_p2   |         -|   0|  0|  22|          15|          15|
    |sub_ln73_548_fu_13988_p2   |         -|   0|  0|  23|          16|          16|
    |sub_ln73_549_fu_16213_p2   |         -|   0|  0|  17|           1|          17|
    |sub_ln73_550_fu_16230_p2   |         -|   0|  0|  17|          17|          17|
    |sub_ln73_551_fu_16250_p2   |         -|   0|  0|  16|           1|          15|
    |sub_ln73_552_fu_16256_p2   |         -|   0|  0|  16|          15|          15|
    |sub_ln73_553_fu_14100_p2   |         -|   0|  0|  21|          14|          14|
    |sub_ln73_554_fu_14135_p2   |         -|   0|  0|  22|          15|          15|
    |sub_ln73_555_fu_16322_p2   |         -|   0|  0|  24|          17|          17|
    |sub_ln73_556_fu_16366_p2   |         -|   0|  0|  19|           1|          12|
    |sub_ln73_557_fu_16400_p2   |         -|   0|  0|  16|           1|          16|
    |sub_ln73_558_fu_16417_p2   |         -|   0|  0|  16|          16|          16|
    |sub_ln73_559_fu_16486_p2   |         -|   0|  0|  17|           1|          17|
    |sub_ln73_560_fu_16496_p2   |         -|   0|  0|  17|          17|          17|
    |sub_ln73_561_fu_16543_p2   |         -|   0|  0|  22|          15|          15|
    |sub_ln73_562_fu_16588_p2   |         -|   0|  0|  17|           1|          17|
    |sub_ln73_563_fu_16605_p2   |         -|   0|  0|  17|          17|          17|
    |sub_ln73_564_fu_16660_p2   |         -|   0|  0|  23|          16|          16|
    |sub_ln73_565_fu_16700_p2   |         -|   0|  0|  22|          15|          15|
    |sub_ln73_566_fu_16724_p2   |         -|   0|  0|  16|           1|          16|
    |sub_ln73_567_fu_16734_p2   |         -|   0|  0|  16|          16|          16|
    |sub_ln73_568_fu_16766_p2   |         -|   0|  0|  21|           1|          14|
    |sub_ln73_569_fu_14191_p2   |         -|   0|  0|  21|          14|          14|
    |sub_ln73_570_fu_14211_p2   |         -|   0|  0|  21|          14|          14|
    |sub_ln73_571_fu_14242_p2   |         -|   0|  0|  17|           1|          17|
    |sub_ln73_572_fu_14252_p2   |         -|   0|  0|  17|          17|          17|
    |sub_ln73_573_fu_14287_p2   |         -|   0|  0|  23|          16|          16|
    |sub_ln73_574_fu_14322_p2   |         -|   0|  0|  24|          17|          17|
    |sub_ln73_575_fu_14354_p2   |         -|   0|  0|  24|           1|          17|
    |sub_ln73_576_fu_14372_p2   |         -|   0|  0|  24|          17|          17|
    |sub_ln73_577_fu_14400_p2   |         -|   0|  0|  24|          17|          17|
    |sub_ln73_578_fu_14428_p2   |         -|   0|  0|  22|           1|          15|
    |sub_ln73_579_fu_14452_p2   |         -|   0|  0|  21|           1|          14|
    |sub_ln73_580_fu_14476_p2   |         -|   0|  0|  23|          16|          16|
    |sub_ln73_581_fu_16868_p2   |         -|   0|  0|  16|           1|          15|
    |sub_ln73_582_fu_16874_p2   |         -|   0|  0|  16|          15|          15|
    |sub_ln73_583_fu_16909_p2   |         -|   0|  0|  21|          14|          14|
    |sub_ln73_584_fu_16971_p2   |         -|   0|  0|  16|           1|          14|
    |sub_ln73_585_fu_16977_p2   |         -|   0|  0|  16|          14|          14|
    |sub_ln73_586_fu_13353_p2   |         -|   0|  0|  23|          16|          16|
    |sub_ln73_587_fu_17015_p2   |         -|   0|  0|  20|          13|          13|
    |sub_ln73_588_fu_17050_p2   |         -|   0|  0|  22|          15|          15|
    |sub_ln73_589_fu_20585_p2   |         -|   0|  0|  18|           1|          18|
    |sub_ln73_590_fu_20602_p2   |         -|   0|  0|  18|          18|          18|
    |sub_ln73_591_fu_20629_p2   |         -|   0|  0|  23|          16|          16|
    |sub_ln73_592_fu_20660_p2   |         -|   0|  0|  23|          16|          16|
    |sub_ln73_593_fu_17129_p2   |         -|   0|  0|  16|           1|          14|
    |sub_ln73_594_fu_17135_p2   |         -|   0|  0|  16|          14|          14|
    |sub_ln73_595_fu_14527_p2   |         -|   0|  0|  22|          15|          15|
    |sub_ln73_596_fu_13436_p2   |         -|   0|  0|  24|          17|          17|
    |sub_ln73_597_fu_17195_p2   |         -|   0|  0|  23|          16|          16|
    |sub_ln73_598_fu_13481_p2   |         -|   0|  0|  17|           1|          17|
    |sub_ln73_599_fu_13487_p2   |         -|   0|  0|  17|          17|          17|
    |sub_ln73_600_fu_13529_p2   |         -|   0|  0|  22|          15|          15|
    |sub_ln73_601_fu_14592_p2   |         -|   0|  0|  24|          17|          17|
    |sub_ln73_602_fu_17232_p2   |         -|   0|  0|  21|           1|          14|
    |sub_ln73_603_fu_17263_p2   |         -|   0|  0|  22|           1|          15|
    |sub_ln73_604_fu_17294_p2   |         -|   0|  0|  16|           1|          14|
    |sub_ln73_605_fu_17300_p2   |         -|   0|  0|  16|          14|          14|
    |sub_ln73_606_fu_17342_p2   |         -|   0|  0|  23|          16|          16|
    |sub_ln73_607_fu_17383_p2   |         -|   0|  0|  16|           1|          15|
    |sub_ln73_608_fu_17400_p2   |         -|   0|  0|  16|          15|          15|
    |sub_ln73_609_fu_17494_p2   |         -|   0|  0|  24|          17|          17|
    |sub_ln73_610_fu_17542_p2   |         -|   0|  0|  23|          16|          16|
    |sub_ln73_611_fu_17580_p2   |         -|   0|  0|  16|           1|          15|
    |sub_ln73_612_fu_17586_p2   |         -|   0|  0|  16|          15|          15|
    |sub_ln73_613_fu_17617_p2   |         -|   0|  0|  17|           1|          17|
    |sub_ln73_614_fu_17634_p2   |         -|   0|  0|  17|          17|          17|
    |sub_ln73_615_fu_17676_p2   |         -|   0|  0|  24|          17|          17|
    |sub_ln73_616_fu_17707_p2   |         -|   0|  0|  22|          15|          15|
    |sub_ln73_617_fu_14641_p2   |         -|   0|  0|  24|          17|          17|
    |sub_ln73_618_fu_17801_p2   |         -|   0|  0|  23|          16|          16|
    |sub_ln73_619_fu_17907_p2   |         -|   0|  0|  21|          14|          14|
    |sub_ln73_620_fu_14707_p2   |         -|   0|  0|  24|          17|          17|
    |sub_ln73_621_fu_14761_p2   |         -|   0|  0|  23|          16|          16|
    |sub_ln73_622_fu_14791_p2   |         -|   0|  0|  16|           1|          15|
    |sub_ln73_623_fu_14797_p2   |         -|   0|  0|  16|          15|          15|
    |sub_ln73_624_fu_14817_p2   |         -|   0|  0|  17|           1|          17|
    |sub_ln73_625_fu_14823_p2   |         -|   0|  0|  17|          17|          17|
    |sub_ln73_626_fu_17963_p2   |         -|   0|  0|  22|          15|          15|
    |sub_ln73_627_fu_18033_p2   |         -|   0|  0|  24|          17|          17|
    |sub_ln73_628_fu_20742_p2   |         -|   0|  0|  24|          17|          17|
    |sub_ln73_629_fu_18064_p2   |         -|   0|  0|  20|           1|          13|
    |sub_ln73_630_fu_14878_p2   |         -|   0|  0|  16|           1|          16|
    |sub_ln73_631_fu_14896_p2   |         -|   0|  0|  16|          16|          16|
    |sub_ln73_632_fu_18141_p2   |         -|   0|  0|  24|          17|          17|
    |sub_ln73_633_fu_14916_p2   |         -|   0|  0|  20|           1|          13|
    |sub_ln73_634_fu_15000_p2   |         -|   0|  0|  19|           1|          12|
    |sub_ln73_635_fu_20802_p2   |         -|   0|  0|  24|          17|          17|
    |sub_ln73_636_fu_20829_p2   |         -|   0|  0|  17|           1|          17|
    |sub_ln73_637_fu_20846_p2   |         -|   0|  0|  17|          17|          17|
    |sub_ln73_638_fu_18318_p2   |         -|   0|  0|  20|          13|          13|
    |sub_ln73_639_fu_20887_p2   |         -|   0|  0|  16|           1|          16|
    |sub_ln73_640_fu_20904_p2   |         -|   0|  0|  16|          16|          16|
    |sub_ln73_641_fu_18366_p2   |         -|   0|  0|  23|          16|          16|
    |sub_ln73_642_fu_18441_p2   |         -|   0|  0|  23|          16|          16|
    |sub_ln73_643_fu_18473_p2   |         -|   0|  0|  16|           1|          15|
    |sub_ln73_644_fu_18491_p2   |         -|   0|  0|  16|          15|          15|
    |sub_ln73_645_fu_18523_p2   |         -|   0|  0|  20|           1|          13|
    |sub_ln73_646_fu_18555_p2   |         -|   0|  0|  22|          15|          15|
    |sub_ln73_647_fu_18575_p2   |         -|   0|  0|  23|           1|          16|
    |sub_ln73_648_fu_18615_p2   |         -|   0|  0|  21|          14|          14|
    |sub_ln73_649_fu_18647_p2   |         -|   0|  0|  16|           1|          16|
    |sub_ln73_650_fu_18665_p2   |         -|   0|  0|  16|          16|          16|
    |sub_ln73_651_fu_15108_p2   |         -|   0|  0|  22|          15|          15|
    |sub_ln73_652_fu_15144_p2   |         -|   0|  0|  24|          17|          17|
    |sub_ln73_653_fu_21012_p2   |         -|   0|  0|  24|          17|          17|
    |sub_ln73_654_fu_18729_p2   |         -|   0|  0|  24|          17|          17|
    |sub_ln73_655_fu_18756_p2   |         -|   0|  0|  23|           1|          16|
    |sub_ln73_656_fu_18787_p2   |         -|   0|  0|  16|           1|          16|
    |sub_ln73_657_fu_18804_p2   |         -|   0|  0|  16|          16|          16|
    |sub_ln73_658_fu_18824_p2   |         -|   0|  0|  20|          13|          13|
    |sub_ln73_659_fu_18848_p2   |         -|   0|  0|  19|           1|          12|
    |sub_ln73_660_fu_18882_p2   |         -|   0|  0|  16|           1|          15|
    |sub_ln73_661_fu_18888_p2   |         -|   0|  0|  16|          15|          15|
    |sub_ln73_662_fu_18922_p2   |         -|   0|  0|  17|           1|          17|
    |sub_ln73_663_fu_18932_p2   |         -|   0|  0|  17|          17|          17|
    |sub_ln73_664_fu_21062_p2   |         -|   0|  0|  17|           1|          17|
    |sub_ln73_665_fu_21068_p2   |         -|   0|  0|  17|          17|          17|
    |sub_ln73_666_fu_21099_p2   |         -|   0|  0|  18|           1|          18|
    |sub_ln73_667_fu_21116_p2   |         -|   0|  0|  18|          18|          18|
    |sub_ln73_668_fu_18969_p2   |         -|   0|  0|  16|           1|          14|
    |sub_ln73_669_fu_18975_p2   |         -|   0|  0|  16|          14|          14|
    |sub_ln73_670_fu_19009_p2   |         -|   0|  0|  16|           1|          14|
    |sub_ln73_671_fu_19015_p2   |         -|   0|  0|  16|          14|          14|
    |sub_ln73_672_fu_21161_p2   |         -|   0|  0|  18|           1|          18|
    |sub_ln73_673_fu_21167_p2   |         -|   0|  0|  18|          18|          18|
    |sub_ln73_674_fu_19046_p2   |         -|   0|  0|  22|           1|          15|
    |sub_ln73_675_fu_19077_p2   |         -|   0|  0|  16|           1|          15|
    |sub_ln73_676_fu_19094_p2   |         -|   0|  0|  16|          15|          15|
    |sub_ln73_677_fu_19139_p2   |         -|   0|  0|  23|          16|          16|
    |sub_ln73_678_fu_19177_p2   |         -|   0|  0|  23|          16|          16|
    |sub_ln73_679_fu_19201_p2   |         -|   0|  0|  17|           1|          17|
    |sub_ln73_680_fu_19218_p2   |         -|   0|  0|  17|          17|          17|
    |sub_ln73_681_fu_19325_p2   |         -|   0|  0|  21|          14|          14|
    |sub_ln73_682_fu_19363_p2   |         -|   0|  0|  24|          17|          17|
    |sub_ln73_683_fu_15323_p2   |         -|   0|  0|  22|          15|          15|
    |sub_ln73_684_fu_15365_p2   |         -|   0|  0|  23|          16|          16|
    |sub_ln73_685_fu_15421_p2   |         -|   0|  0|  24|          17|          17|
    |sub_ln73_686_fu_15475_p2   |         -|   0|  0|  24|          17|          17|
    |sub_ln73_687_fu_19436_p2   |         -|   0|  0|  23|          16|          16|
    |sub_ln73_688_fu_15499_p2   |         -|   0|  0|  16|           1|          16|
    |sub_ln73_689_fu_15517_p2   |         -|   0|  0|  16|          16|          16|
    |sub_ln73_690_fu_15553_p2   |         -|   0|  0|  22|          15|          15|
    |sub_ln73_691_fu_19495_p2   |         -|   0|  0|  23|           1|          16|
    |sub_ln73_692_fu_19572_p2   |         -|   0|  0|  20|          13|          13|
    |sub_ln73_693_fu_19688_p2   |         -|   0|  0|  16|           1|          15|
    |sub_ln73_694_fu_19694_p2   |         -|   0|  0|  16|          15|          15|
    |sub_ln73_fu_19238_p2       |         -|   0|  0|  18|           1|          11|
    +---------------------------+----------+----+---+----+------------+------------+
    |Total                      |          |   0|  0|9233|        5164|        5978|
    +---------------------------+----------+----+---+----+------------+------------+

    * Multiplexer: 
    +---------------+----+-----------+-----+-----------+
    |      Name     | LUT| Input Size| Bits| Total Bits|
    +---------------+----+-----------+-----+-----------+
    |ap_NS_fsm      |  31|          6|    1|          6|
    |grp_fu_382_p0  |  20|          4|   10|         40|
    |grp_fu_382_p1  |  20|          4|    9|         36|
    |grp_fu_383_p0  |  26|          5|   10|         50|
    |grp_fu_383_p1  |  20|          4|    9|         36|
    |grp_fu_384_p0  |  26|          5|   10|         50|
    |grp_fu_384_p1  |  20|          4|    7|         28|
    |grp_fu_385_p0  |  26|          5|   10|         50|
    |grp_fu_385_p1  |  20|          4|    9|         36|
    |grp_fu_386_p0  |  20|          4|   10|         40|
    |grp_fu_386_p1  |  20|          4|    9|         36|
    |grp_fu_387_p0  |  20|          4|   10|         40|
    |grp_fu_388_p0  |  26|          5|   10|         50|
    |grp_fu_388_p1  |  20|          4|    8|         32|
    |grp_fu_389_p0  |  20|          4|   10|         40|
    |grp_fu_390_p0  |  20|          4|   10|         40|
    |grp_fu_390_p1  |  20|          4|    9|         36|
    |grp_fu_391_p0  |  26|          5|   10|         50|
    |grp_fu_391_p1  |  20|          4|    8|         32|
    |grp_fu_392_p0  |  20|          4|   10|         40|
    |grp_fu_392_p1  |  20|          4|    9|         36|
    |grp_fu_393_p0  |  26|          5|   10|         50|
    |grp_fu_393_p1  |  20|          4|    8|         32|
    |grp_fu_394_p0  |  26|          5|   10|         50|
    |grp_fu_394_p1  |  20|          4|    8|         32|
    |grp_fu_395_p0  |  26|          5|   10|         50|
    |grp_fu_395_p1  |  20|          4|    8|         32|
    |grp_fu_396_p0  |  26|          5|   10|         50|
    |grp_fu_396_p1  |  14|          3|    8|         24|
    |grp_fu_397_p0  |  26|          5|   10|         50|
    |grp_fu_397_p1  |  14|          3|    7|         21|
    |grp_fu_398_p0  |  20|          4|   10|         40|
    |grp_fu_398_p1  |  20|          4|    8|         32|
    |grp_fu_399_p0  |  20|          4|   10|         40|
    |grp_fu_399_p1  |  20|          4|    8|         32|
    |grp_fu_400_p0  |  26|          5|   10|         50|
    |grp_fu_400_p1  |  20|          4|    8|         32|
    |grp_fu_401_p0  |  26|          5|   10|         50|
    |grp_fu_401_p1  |  20|          4|    8|         32|
    |grp_fu_402_p0  |  26|          5|   10|         50|
    |grp_fu_402_p1  |  20|          4|    9|         36|
    |grp_fu_403_p0  |  26|          5|   10|         50|
    |grp_fu_403_p1  |  20|          4|    8|         32|
    |grp_fu_404_p0  |  26|          5|   10|         50|
    |grp_fu_404_p1  |  20|          4|    7|         28|
    |grp_fu_405_p0  |  26|          5|   10|         50|
    |grp_fu_405_p1  |  20|          4|    7|         28|
    |grp_fu_406_p0  |  20|          4|   10|         40|
    |grp_fu_406_p1  |  20|          4|    9|         36|
    |grp_fu_407_p0  |  26|          5|   10|         50|
    |grp_fu_407_p1  |  14|          3|    7|         21|
    |grp_fu_408_p0  |  26|          5|   10|         50|
    |grp_fu_408_p1  |  20|          4|    9|         36|
    |grp_fu_409_p0  |  26|          5|   10|         50|
    |grp_fu_409_p1  |  20|          4|    9|         36|
    |grp_fu_410_p0  |  20|          4|   10|         40|
    |grp_fu_410_p1  |  20|          4|    8|         32|
    |grp_fu_411_p0  |  26|          5|   10|         50|
    |grp_fu_411_p1  |  20|          4|    8|         32|
    |grp_fu_412_p0  |  26|          5|   10|         50|
    |grp_fu_412_p1  |  20|          4|    9|         36|
    |grp_fu_413_p0  |  26|          5|   10|         50|
    |grp_fu_413_p1  |  20|          4|    9|         36|
    |grp_fu_414_p0  |  20|          4|   10|         40|
    |grp_fu_414_p1  |  20|          4|    8|         32|
    |grp_fu_415_p0  |  26|          5|   10|         50|
    |grp_fu_415_p1  |  20|          4|    8|         32|
    |grp_fu_416_p0  |  26|          5|   10|         50|
    |grp_fu_416_p1  |  20|          4|    9|         36|
    |grp_fu_417_p0  |  26|          5|   10|         50|
    |grp_fu_417_p1  |  20|          4|    8|         32|
    |grp_fu_418_p0  |  26|          5|   10|         50|
    |grp_fu_418_p1  |  14|          3|    7|         21|
    |grp_fu_419_p0  |  26|          5|   10|         50|
    |grp_fu_419_p1  |  20|          4|    9|         36|
    |grp_fu_420_p0  |  26|          5|   10|         50|
    |grp_fu_420_p1  |  14|          3|    7|         21|
    |grp_fu_421_p0  |  26|          5|   10|         50|
    |grp_fu_421_p1  |  20|          4|    8|         32|
    |grp_fu_422_p0  |  26|          5|   10|         50|
    |grp_fu_422_p1  |  20|          4|    8|         32|
    +---------------+----+-----------+-----+-----------+
    |Total          |1781|        351|  730|       3186|
    +---------------+----+-----------+-----+-----------+

    * Register: 
    +-------------------------+----+----+-----+-----------+
    |           Name          | FF | LUT| Bits| Const Bits|
    +-------------------------+----+----+-----+-----------+
    |a_217_reg_22627          |  10|   0|   10|          0|
    |a_218_reg_22640          |  10|   0|   10|          0|
    |a_220_reg_22650          |  10|   0|   10|          0|
    |a_221_reg_22674          |  10|   0|   10|          0|
    |a_222_reg_22689          |  10|   0|   10|          0|
    |a_223_reg_22706          |  10|   0|   10|          0|
    |a_224_reg_22717          |  10|   0|   10|          0|
    |a_225_reg_22725          |  10|   0|   10|          0|
    |a_226_reg_22734          |  10|   0|   10|          0|
    |a_227_reg_22748          |  10|   0|   10|          0|
    |a_228_reg_22766          |  10|   0|   10|          0|
    |a_229_reg_22780          |  10|   0|   10|          0|
    |a_231_reg_22794          |  10|   0|   10|          0|
    |a_232_reg_23016          |  10|   0|   10|          0|
    |a_233_reg_22804          |  10|   0|   10|          0|
    |a_235_reg_22834          |  10|   0|   10|          0|
    |a_236_reg_22851          |  10|   0|   10|          0|
    |a_237_reg_22869          |  10|   0|   10|          0|
    |a_239_reg_22895          |  10|   0|   10|          0|
    |a_240_reg_22910          |  10|   0|   10|          0|
    |a_241_reg_22925          |  10|   0|   10|          0|
    |a_242_reg_22944          |  10|   0|   10|          0|
    |a_243_reg_23036          |  10|   0|   10|          0|
    |a_244_reg_23054          |  10|   0|   10|          0|
    |a_246_reg_23093          |  10|   0|   10|          0|
    |a_247_reg_23112          |  10|   0|   10|          0|
    |a_248_reg_23121          |  10|   0|   10|          0|
    |a_249_reg_23138          |  10|   0|   10|          0|
    |a_251_reg_23174          |  10|   0|   10|          0|
    |a_252_reg_23183          |  10|   0|   10|          0|
    |a_253_reg_23207          |  10|   0|   10|          0|
    |a_255_reg_23667          |  10|   0|   10|          0|
    |a_256_reg_23221          |  10|   0|   10|          0|
    |a_257_reg_23236          |  10|   0|   10|          0|
    |a_258_reg_22961          |  10|   0|   10|          0|
    |a_259_reg_23243          |  10|   0|   10|          0|
    |a_260_reg_23261          |  10|   0|   10|          0|
    |a_261_reg_23277          |  10|   0|   10|          0|
    |a_262_reg_23288          |  10|   0|   10|          0|
    |a_263_reg_23302          |  10|   0|   10|          0|
    |a_266_reg_23351          |  10|   0|   10|          0|
    |a_267_reg_23363          |  10|   0|   10|          0|
    |a_268_reg_23703          |  10|   0|   10|          0|
    |a_269_reg_23708          |  10|   0|   10|          0|
    |a_reg_22611              |  10|   0|   10|          0|
    |add_ln58_1364_reg_24103  |  10|   0|   10|          0|
    |add_ln58_1366_reg_23723  |  10|   0|   10|          0|
    |add_ln58_1369_reg_23377  |  10|   0|   10|          0|
    |add_ln58_1370_reg_23728  |  10|   0|   10|          0|
    |add_ln58_1371_reg_24108  |  10|   0|   10|          0|
    |add_ln58_1378_reg_23382  |  10|   0|   10|          0|
    |add_ln58_1380_reg_23387  |   9|   0|    9|          0|
    |add_ln58_1381_reg_23392  |   9|   0|    9|          0|
    |add_ln58_1383_reg_23733  |  10|   0|   10|          0|
    |add_ln58_1386_reg_23738  |   9|   0|    9|          0|
    |add_ln58_1388_reg_23743  |   9|   0|    9|          0|
    |add_ln58_1390_reg_24113  |  10|   0|   10|          0|
    |add_ln58_1391_reg_23748  |   9|   0|    9|          0|
    |add_ln58_1394_reg_23753  |   8|   0|    8|          0|
    |add_ln58_1395_reg_24118  |  10|   0|   10|          0|
    |add_ln58_1398_reg_23758  |   8|   0|    8|          0|
    |add_ln58_1400_reg_23763  |   8|   0|    8|          0|
    |add_ln58_1403_reg_23768  |   7|   0|    7|          0|
    |add_ln58_1407_reg_23773  |   7|   0|    7|          0|
    |add_ln58_1409_reg_24123  |  10|   0|   10|          0|
    |add_ln58_1413_reg_24128  |  10|   0|   10|          0|
    |add_ln58_1417_reg_23397  |  10|   0|   10|          0|
    |add_ln58_1421_reg_23402  |  10|   0|   10|          0|
    |add_ln58_1429_reg_23778  |  10|   0|   10|          0|
    |add_ln58_1433_reg_23783  |  10|   0|   10|          0|
    |add_ln58_1435_reg_24133  |  10|   0|   10|          0|
    |add_ln58_1437_reg_24138  |  10|   0|   10|          0|
    |add_ln58_1440_reg_23788  |  10|   0|   10|          0|
    |add_ln58_1442_reg_23407  |   9|   0|    9|          0|
    |add_ln58_1444_reg_23412  |   9|   0|    9|          0|
    |add_ln58_1446_reg_23793  |  10|   0|   10|          0|
    |add_ln58_1450_reg_23798  |  10|   0|   10|          0|
    |add_ln58_1451_reg_23417  |   9|   0|    9|          0|
    |add_ln58_1452_reg_23422  |   8|   0|    8|          0|
    |add_ln58_1453_reg_23803  |  10|   0|   10|          0|
    |add_ln58_1455_reg_23427  |   8|   0|    8|          0|
    |add_ln58_1456_reg_23808  |   9|   0|    9|          0|
    |add_ln58_1459_reg_23813  |   9|   0|    9|          0|
    |add_ln58_1461_reg_24143  |  10|   0|   10|          0|
    |add_ln58_1465_reg_24148  |  10|   0|   10|          0|
    |add_ln58_1473_reg_23818  |  10|   0|   10|          0|
    |add_ln58_1474_reg_24153  |  10|   0|   10|          0|
    |add_ln58_1477_reg_24158  |  10|   0|   10|          0|
    |add_ln58_1481_reg_23823  |  10|   0|   10|          0|
    |add_ln58_1485_reg_24163  |  10|   0|   10|          0|
    |add_ln58_1489_reg_23828  |   9|   0|    9|          0|
    |add_ln58_1492_reg_23833  |  10|   0|   10|          0|
    |add_ln58_1493_reg_24168  |  10|   0|   10|          0|
    |add_ln58_1494_reg_23838  |   9|   0|    9|          0|
    |add_ln58_1498_reg_23843  |  10|   0|   10|          0|
    |add_ln58_1501_reg_23848  |   8|   0|    8|          0|
    |add_ln58_1504_reg_23853  |   9|   0|    9|          0|
    |add_ln58_1506_reg_23432  |   7|   0|    7|          0|
    |add_ln58_1507_reg_23858  |   8|   0|    8|          0|
    |add_ln58_1508_reg_23863  |   7|   0|    7|          0|
    |add_ln58_1509_reg_23868  |   7|   0|    7|          0|
    |add_ln58_1512_reg_24173  |  10|   0|   10|          0|
    |add_ln58_1516_reg_24178  |  10|   0|   10|          0|
    |add_ln58_1520_reg_23873  |  10|   0|   10|          0|
    |add_ln58_1523_reg_22976  |  10|   0|   10|          0|
    |add_ln58_1524_reg_23437  |  10|   0|   10|          0|
    |add_ln58_1525_reg_24183  |  10|   0|   10|          0|
    |add_ln58_1532_reg_24188  |  10|   0|   10|          0|
    |add_ln58_1535_reg_23442  |   9|   0|    9|          0|
    |add_ln58_1536_reg_24193  |  10|   0|   10|          0|
    |add_ln58_1540_reg_23878  |   9|   0|    9|          0|
    |add_ln58_1542_reg_23883  |   9|   0|    9|          0|
    |add_ln58_1544_reg_24198  |  10|   0|   10|          0|
    |add_ln58_1545_reg_24203  |   9|   0|    9|          0|
    |add_ln58_1547_reg_23888  |   9|   0|    9|          0|
    |add_ln58_1548_reg_23893  |   9|   0|    9|          0|
    |add_ln58_1549_reg_24208  |  10|   0|   10|          0|
    |add_ln58_1552_reg_23447  |   8|   0|    8|          0|
    |add_ln58_1553_reg_23898  |   9|   0|    9|          0|
    |add_ln58_1554_reg_23903  |   8|   0|    8|          0|
    |add_ln58_1555_reg_23908  |   8|   0|    8|          0|
    |add_ln58_1558_reg_23452  |   7|   0|    7|          0|
    |add_ln58_1561_reg_23457  |   4|   0|    4|          0|
    |add_ln58_1563_reg_23913  |   8|   0|    8|          0|
    |add_ln58_1564_reg_24213  |  10|   0|   10|          0|
    |add_ln58_1572_reg_23462  |  10|   0|   10|          0|
    |add_ln58_1576_reg_23918  |  10|   0|   10|          0|
    |add_ln58_1577_reg_24218  |  10|   0|   10|          0|
    |add_ln58_1582_reg_23923  |  10|   0|   10|          0|
    |add_ln58_1585_reg_23928  |  10|   0|   10|          0|
    |add_ln58_1587_reg_23467  |   9|   0|    9|          0|
    |add_ln58_1588_reg_23472  |   9|   0|    9|          0|
    |add_ln58_1589_reg_23933  |  10|   0|   10|          0|
    |add_ln58_1590_reg_24223  |  10|   0|   10|          0|
    |add_ln58_1593_reg_23938  |   9|   0|    9|          0|
    |add_ln58_1596_reg_23943  |  10|   0|   10|          0|
    |add_ln58_1597_reg_24228  |  10|   0|   10|          0|
    |add_ln58_1598_reg_23948  |   9|   0|    9|          0|
    |add_ln58_1600_reg_23953  |   9|   0|    9|          0|
    |add_ln58_1601_reg_23958  |   8|   0|    8|          0|
    |add_ln58_1602_reg_24233  |  10|   0|   10|          0|
    |add_ln58_1605_reg_23963  |   8|   0|    8|          0|
    |add_ln58_1607_reg_23968  |   8|   0|    8|          0|
    |add_ln58_1608_reg_23973  |   8|   0|    8|          0|
    |add_ln58_1611_reg_23978  |   7|   0|    7|          0|
    |add_ln58_1615_reg_23983  |   8|   0|    8|          0|
    |add_ln58_1617_reg_24238  |  10|   0|   10|          0|
    |add_ln58_1623_reg_23988  |  10|   0|   10|          0|
    |add_ln58_1625_reg_23477  |  10|   0|   10|          0|
    |add_ln58_1630_reg_23993  |  10|   0|   10|          0|
    |add_ln58_1631_reg_24243  |  10|   0|   10|          0|
    |add_ln58_1635_reg_23998  |  10|   0|   10|          0|
    |add_ln58_1640_reg_23482  |   9|   0|    9|          0|
    |add_ln58_1641_reg_23487  |   9|   0|    9|          0|
    |add_ln58_1642_reg_24003  |  10|   0|   10|          0|
    |add_ln58_1643_reg_24248  |  10|   0|   10|          0|
    |add_ln58_1646_reg_24008  |   9|   0|    9|          0|
    |add_ln58_1649_reg_24013  |  10|   0|   10|          0|
    |add_ln58_1650_reg_24253  |  10|   0|   10|          0|
    |add_ln58_1651_reg_24258  |   9|   0|    9|          0|
    |add_ln58_1653_reg_23492  |   8|   0|    8|          0|
    |add_ln58_1655_reg_24018  |   9|   0|    9|          0|
    |add_ln58_1659_reg_23497  |   9|   0|    9|          0|
    |add_ln58_1662_reg_24023  |   9|   0|    9|          0|
    |add_ln58_1664_reg_24028  |   7|   0|    7|          0|
    |add_ln58_1668_reg_24033  |   7|   0|    7|          0|
    |add_ln58_1670_reg_24263  |  10|   0|   10|          0|
    |add_ln58_reg_22971       |   5|   0|    5|          0|
    |ap_CS_fsm                |   5|   0|    5|          0|
    |mult_1191_reg_22617      |   6|   0|    6|          0|
    |mult_1193_reg_22622      |   8|   0|    8|          0|
    |mult_1197_reg_22635      |   9|   0|    9|          0|
    |mult_1198_reg_22981      |   6|   0|    6|          0|
    |mult_1200_reg_23507      |   9|   0|    9|          0|
    |mult_1202_reg_22986      |   7|   0|    7|          0|
    |mult_1203_reg_23512      |   9|   0|    9|          0|
    |mult_1204_reg_23517      |  10|   0|   10|          0|
    |mult_1211_reg_23522      |   9|   0|    9|          0|
    |mult_1213_reg_23527      |  10|   0|   10|          0|
    |mult_1214_reg_22659      |   6|   0|    6|          0|
    |mult_1215_reg_22664      |   8|   0|    8|          0|
    |mult_1217_reg_22669      |   8|   0|    8|          0|
    |mult_1221_reg_22684      |   2|   0|    2|          0|
    |mult_1225_reg_22701      |   9|   0|    9|          0|
    |mult_1226_reg_23532      |  10|   0|   10|          0|
    |mult_1227_reg_23537      |  10|   0|   10|          0|
    |mult_1232_reg_22712      |   7|   0|    7|          0|
    |mult_1236_reg_22991      |   7|   0|    7|          0|
    |mult_1242_reg_23542      |   7|   0|    7|          0|
    |mult_1248_reg_22996      |  10|   0|   10|          0|
    |mult_1249_reg_22743      |   8|   0|    8|          0|
    |mult_1252_reg_23001      |   7|   0|    7|          0|
    |mult_1253_reg_23547      |   9|   0|    9|          0|
    |mult_1256_reg_23552      |   8|   0|    8|          0|
    |mult_1257_reg_22761      |   7|   0|    7|          0|
    |mult_1261_reg_22775      |   9|   0|    9|          0|
    |mult_1263_reg_23557      |   7|   0|    7|          0|
    |mult_1266_reg_22789      |   7|   0|    7|          0|
    |mult_1267_reg_23562      |  10|   0|   10|          0|
    |mult_1270_reg_23567      |  10|   0|   10|          0|
    |mult_1271_reg_23572      |   8|   0|    8|          0|
    |mult_1277_reg_23006      |   6|   0|    6|          0|
    |mult_1282_reg_23011      |   9|   0|    9|          0|
    |mult_1283_reg_23021      |   9|   0|    9|          0|
    |mult_1284_reg_23577      |  10|   0|   10|          0|
    |mult_1285_reg_23026      |   9|   0|    9|          0|
    |mult_1287_reg_23031      |   6|   0|    6|          0|
    |mult_1292_reg_23582      |   8|   0|    8|          0|
    |mult_1294_reg_22819      |   9|   0|    9|          0|
    |mult_1297_reg_22829      |   8|   0|    8|          0|
    |mult_1300_reg_22846      |   7|   0|    7|          0|
    |mult_1306_reg_23587      |   9|   0|    9|          0|
    |mult_1309_reg_22864      |   7|   0|    7|          0|
    |mult_1313_reg_23592      |  10|   0|   10|          0|
    |mult_1320_reg_22885      |   9|   0|    9|          0|
    |mult_1321_reg_22890      |   7|   0|    7|          0|
    |mult_1329_reg_23597      |   9|   0|    9|          0|
    |mult_1331_reg_23602      |  10|   0|   10|          0|
    |mult_1334_reg_22934      |   7|   0|    7|          0|
    |mult_1335_reg_22939      |   8|   0|    8|          0|
    |mult_1336_reg_23607      |   9|   0|    9|          0|
    |mult_1337_reg_23612      |   9|   0|    9|          0|
    |mult_1338_reg_23617      |  10|   0|   10|          0|
    |mult_1342_reg_23622      |   9|   0|    9|          0|
    |mult_1345_reg_22956      |   8|   0|    8|          0|
    |mult_1347_reg_23044      |   9|   0|    9|          0|
    |mult_1351_reg_23049      |   9|   0|    9|          0|
    |mult_1352_reg_23627      |  10|   0|   10|          0|
    |mult_1355_reg_23632      |  10|   0|   10|          0|
    |mult_1356_reg_23637      |   9|   0|    9|          0|
    |mult_1357_reg_23642      |   6|   0|    6|          0|
    |mult_1359_reg_23068      |   8|   0|    8|          0|
    |mult_1360_reg_23073      |   8|   0|    8|          0|
    |mult_1361_reg_23078      |   3|   0|    3|          0|
    |mult_1362_reg_23083      |   7|   0|    7|          0|
    |mult_1363_reg_23088      |   9|   0|    9|          0|
    |mult_1365_reg_23107      |   9|   0|    9|          0|
    |mult_1369_reg_23647      |   9|   0|    9|          0|
    |mult_1370_reg_24038      |   9|   0|    9|          0|
    |mult_1376_reg_23128      |   8|   0|    8|          0|
    |mult_1380_reg_23133      |   8|   0|    8|          0|
    |mult_1384_reg_23148      |   8|   0|    8|          0|
    |mult_1386_reg_24043      |  10|   0|   10|          0|
    |mult_1387_reg_23652      |   9|   0|    9|          0|
    |mult_1389_reg_23164      |   4|   0|    4|          0|
    |mult_1390_reg_23169      |   9|   0|    9|          0|
    |mult_1394_reg_24048      |   9|   0|    9|          0|
    |mult_1398_reg_24053      |   9|   0|    9|          0|
    |mult_1401_reg_23197      |   9|   0|    9|          0|
    |mult_1402_reg_24058      |   8|   0|    8|          0|
    |mult_1405_reg_23202      |   7|   0|    7|          0|
    |mult_1409_reg_23657      |   9|   0|    9|          0|
    |mult_1411_reg_24063      |   9|   0|    9|          0|
    |mult_1419_reg_24068      |  10|   0|   10|          0|
    |mult_1420_reg_24073      |  10|   0|   10|          0|
    |mult_1424_reg_23226      |   8|   0|    8|          0|
    |mult_1426_reg_23231      |   9|   0|    9|          0|
    |mult_1430_reg_24078      |   9|   0|    9|          0|
    |mult_1435_reg_23673      |   9|   0|    9|          0|
    |mult_1438_reg_23678      |   8|   0|    8|          0|
    |mult_1444_reg_23256      |   8|   0|    8|          0|
    |mult_1449_reg_24083      |  10|   0|   10|          0|
    |mult_1450_reg_23272      |   8|   0|    8|          0|
    |mult_1451_reg_24088      |  10|   0|   10|          0|
    |mult_1456_reg_24093      |  10|   0|   10|          0|
    |mult_1461_reg_23297      |   8|   0|    8|          0|
    |mult_1466_reg_23311      |   8|   0|    8|          0|
    |mult_1468_reg_23316      |   7|   0|    7|          0|
    |mult_1469_reg_23683      |   9|   0|    9|          0|
    |mult_1470_reg_23321      |   8|   0|    8|          0|
    |mult_1472_reg_23326      |   8|   0|    8|          0|
    |mult_1475_reg_23331      |   9|   0|    9|          0|
    |mult_1476_reg_23336      |   7|   0|    7|          0|
    |mult_1480_reg_23341      |   8|   0|    8|          0|
    |mult_1481_reg_23346      |   9|   0|    9|          0|
    |mult_1486_reg_23358      |   8|   0|    8|          0|
    |mult_1489_reg_23372      |   7|   0|    7|          0|
    |mult_1490_reg_23688      |  10|   0|   10|          0|
    |mult_1491_reg_23693      |   9|   0|    9|          0|
    |mult_1493_reg_23698      |   9|   0|    9|          0|
    |mult_1504_reg_24098      |  10|   0|   10|          0|
    |mult_1505_reg_23718      |   9|   0|    9|          0|
    |mult_reg_23502           |  10|   0|   10|          0|
    |reg_12807                |   9|   0|    9|          0|
    |reg_12811                |   8|   0|    8|          0|
    |reg_12815                |   9|   0|    9|          0|
    |reg_12819                |   8|   0|    8|          0|
    |reg_12823                |   9|   0|    9|          0|
    |reg_12827                |   7|   0|    7|          0|
    |reg_12831                |   8|   0|    8|          0|
    |reg_12835                |   8|   0|    8|          0|
    |reg_12839                |   8|   0|    8|          0|
    |reg_12843                |   9|   0|    9|          0|
    |reg_12847                |   9|   0|    9|          0|
    |reg_12851                |   9|   0|    9|          0|
    |reg_12855                |   9|   0|    9|          0|
    |reg_12859                |   9|   0|    9|          0|
    |reg_12863                |   9|   0|    9|          0|
    |reg_12867                |   8|   0|    8|          0|
    |reg_12871                |   8|   0|    8|          0|
    |reg_12875                |   9|   0|    9|          0|
    |reg_12879                |   8|   0|    8|          0|
    |reg_12883                |   9|   0|    9|          0|
    |reg_12887                |   9|   0|    9|          0|
    |reg_12891                |   9|   0|    9|          0|
    |reg_12895                |   9|   0|    9|          0|
    |reg_12899                |   9|   0|    9|          0|
    |reg_12903                |   9|   0|    9|          0|
    |reg_12907                |   9|   0|    9|          0|
    |reg_12911                |   7|   0|    7|          0|
    |reg_12915                |   8|   0|    8|          0|
    |reg_12919                |   8|   0|    8|          0|
    |reg_12923                |   9|   0|    9|          0|
    |reg_12927                |   9|   0|    9|          0|
    |reg_12931                |   8|   0|    8|          0|
    |reg_12935                |   9|   0|    9|          0|
    |reg_12939                |  10|   0|   10|          0|
    |reg_12943                |  10|   0|   10|          0|
    |reg_12947                |  10|   0|   10|          0|
    |reg_12951                |   9|   0|    9|          0|
    |reg_12955                |   9|   0|    9|          0|
    |reg_12959                |   9|   0|    9|          0|
    |sext_ln73_591_reg_22696  |  17|   0|   17|          0|
    |sext_ln73_610_reg_22756  |  17|   0|   17|          0|
    |sext_ln73_631_reg_22814  |  17|   0|   17|          0|
    |sext_ln73_634_reg_22824  |  17|   0|   17|          0|
    |sext_ln73_641_reg_22859  |  17|   0|   17|          0|
    |sext_ln73_647_reg_22879  |  17|   0|   17|          0|
    |sext_ln73_650_reg_22904  |  17|   0|   17|          0|
    |sext_ln73_653_reg_22920  |  17|   0|   17|          0|
    |sext_ln73_661_reg_23063  |  17|   0|   17|          0|
    |sext_ln73_668_reg_23101  |  17|   0|   17|          0|
    |sext_ln73_681_reg_23153  |  17|   0|   17|          0|
    |sext_ln73_683_reg_23159  |  16|   0|   16|          0|
    |sext_ln73_688_reg_23192  |  17|   0|   17|          0|
    |sext_ln73_690_reg_23215  |  17|   0|   17|          0|
    |sext_ln73_694_reg_23662  |  16|   0|   16|          0|
    |sext_ln73_709_reg_23251  |  16|   0|   16|          0|
    |sext_ln73_744_reg_23713  |  17|   0|   17|          0|
    +-------------------------+----+----+-----+-----------+
    |Total                    |3158|   0| 3158|          0|
    +-------------------------+----+----+-----+-----------+



================================================================
== Interface
================================================================
* Summary: 
+---------------------------------------------------------------------------------------+-----+-----+------------+---------------------------------------------------------------------------------------+--------------+
|                                       RTL Ports                                       | Dir | Bits|  Protocol  |                                     Source Object                                     |    C Type    |
+---------------------------------------------------------------------------------------+-----+-----+------------+---------------------------------------------------------------------------------------+--------------+
|ap_clk                                                                                 |   in|    1|  ap_ctrl_hs|       dense_latency<ap_fixed<10, 2, 5, 3, 0>, ap_fixed<10, 2, 5, 3, 0>, config12_mult>|  return value|
|ap_rst                                                                                 |   in|    1|  ap_ctrl_hs|       dense_latency<ap_fixed<10, 2, 5, 3, 0>, ap_fixed<10, 2, 5, 3, 0>, config12_mult>|  return value|
|ap_start                                                                               |   in|    1|  ap_ctrl_hs|       dense_latency<ap_fixed<10, 2, 5, 3, 0>, ap_fixed<10, 2, 5, 3, 0>, config12_mult>|  return value|
|ap_done                                                                                |  out|    1|  ap_ctrl_hs|       dense_latency<ap_fixed<10, 2, 5, 3, 0>, ap_fixed<10, 2, 5, 3, 0>, config12_mult>|  return value|
|ap_idle                                                                                |  out|    1|  ap_ctrl_hs|       dense_latency<ap_fixed<10, 2, 5, 3, 0>, ap_fixed<10, 2, 5, 3, 0>, config12_mult>|  return value|
|ap_ready                                                                               |  out|    1|  ap_ctrl_hs|       dense_latency<ap_fixed<10, 2, 5, 3, 0>, ap_fixed<10, 2, 5, 3, 0>, config12_mult>|  return value|
|ap_return_0                                                                            |  out|   10|  ap_ctrl_hs|       dense_latency<ap_fixed<10, 2, 5, 3, 0>, ap_fixed<10, 2, 5, 3, 0>, config12_mult>|  return value|
|ap_return_1                                                                            |  out|   10|  ap_ctrl_hs|       dense_latency<ap_fixed<10, 2, 5, 3, 0>, ap_fixed<10, 2, 5, 3, 0>, config12_mult>|  return value|
|ap_return_2                                                                            |  out|   10|  ap_ctrl_hs|       dense_latency<ap_fixed<10, 2, 5, 3, 0>, ap_fixed<10, 2, 5, 3, 0>, config12_mult>|  return value|
|ap_return_3                                                                            |  out|   10|  ap_ctrl_hs|       dense_latency<ap_fixed<10, 2, 5, 3, 0>, ap_fixed<10, 2, 5, 3, 0>, config12_mult>|  return value|
|ap_return_4                                                                            |  out|   10|  ap_ctrl_hs|       dense_latency<ap_fixed<10, 2, 5, 3, 0>, ap_fixed<10, 2, 5, 3, 0>, config12_mult>|  return value|
|ap_return_5                                                                            |  out|   10|  ap_ctrl_hs|       dense_latency<ap_fixed<10, 2, 5, 3, 0>, ap_fixed<10, 2, 5, 3, 0>, config12_mult>|  return value|
|ap_ce                                                                                  |   in|    1|  ap_ctrl_hs|       dense_latency<ap_fixed<10, 2, 5, 3, 0>, ap_fixed<10, 2, 5, 3, 0>, config12_mult>|  return value|
|void_compute_output_buffer_2d_array_const_ap_shift_reg_n_chan_stream_weig_48           |   in|   10|     ap_none|           void_compute_output_buffer_2d_array_const_ap_shift_reg_n_chan_stream_weig_48|       pointer|
|void_compute_output_buffer_2d_array_const_ap_shift_reg_n_chan_stream_weig_47           |   in|   10|     ap_none|           void_compute_output_buffer_2d_array_const_ap_shift_reg_n_chan_stream_weig_47|       pointer|
|void_compute_output_buffer_2d_array_const_ap_shift_reg_n_chan_stream_weig_46           |   in|   10|     ap_none|           void_compute_output_buffer_2d_array_const_ap_shift_reg_n_chan_stream_weig_46|       pointer|
|void_compute_output_buffer_2d_array_const_ap_shift_reg_n_chan_stream_weig_45           |   in|   10|     ap_none|           void_compute_output_buffer_2d_array_const_ap_shift_reg_n_chan_stream_weig_45|       pointer|
|void_compute_output_buffer_2d_array_const_ap_shift_reg_n_chan_stream_weig_44           |   in|   10|     ap_none|           void_compute_output_buffer_2d_array_const_ap_shift_reg_n_chan_stream_weig_44|       pointer|
|void_compute_output_buffer_2d_array_const_ap_shift_reg_n_chan_stream_weig_43           |   in|   10|     ap_none|           void_compute_output_buffer_2d_array_const_ap_shift_reg_n_chan_stream_weig_43|       pointer|
|void_compute_output_buffer_2d_array_const_ap_shift_reg_n_chan_stream_weig_42           |   in|   10|     ap_none|           void_compute_output_buffer_2d_array_const_ap_shift_reg_n_chan_stream_weig_42|       pointer|
|void_compute_output_buffer_2d_array_const_ap_shift_reg_n_chan_stream_weig_41           |   in|   10|     ap_none|           void_compute_output_buffer_2d_array_const_ap_shift_reg_n_chan_stream_weig_41|       pointer|
|void_compute_output_buffer_2d_array_const_ap_shift_reg_n_chan_stream_weig_40           |   in|   10|     ap_none|           void_compute_output_buffer_2d_array_const_ap_shift_reg_n_chan_stream_weig_40|       pointer|
|void_compute_output_buffer_2d_array_const_ap_shift_reg_n_chan_stream_weig_39           |   in|   10|     ap_none|           void_compute_output_buffer_2d_array_const_ap_shift_reg_n_chan_stream_weig_39|       pointer|
|p_ZZN4nnet24compute_output_buffer_2dINS_5arrayI8ap_fixedILi10ELi2EL9ap_q_mode5EL9_245  |   in|   10|     ap_none|  p_ZZN4nnet24compute_output_buffer_2dINS_5arrayI8ap_fixedILi10ELi2EL9ap_q_mode5EL9_245|       pointer|
|p_ZZN4nnet24compute_output_buffer_2dINS_5arrayI8ap_fixedILi10ELi2EL9ap_q_mode5EL9_246  |   in|   10|     ap_none|  p_ZZN4nnet24compute_output_buffer_2dINS_5arrayI8ap_fixedILi10ELi2EL9ap_q_mode5EL9_246|       pointer|
|p_ZZN4nnet24compute_output_buffer_2dINS_5arrayI8ap_fixedILi10ELi2EL9ap_q_mode5EL9_247  |   in|   10|     ap_none|  p_ZZN4nnet24compute_output_buffer_2dINS_5arrayI8ap_fixedILi10ELi2EL9ap_q_mode5EL9_247|       pointer|
|p_ZZN4nnet24compute_output_buffer_2dINS_5arrayI8ap_fixedILi10ELi2EL9ap_q_mode5EL9_248  |   in|   10|     ap_none|  p_ZZN4nnet24compute_output_buffer_2dINS_5arrayI8ap_fixedILi10ELi2EL9ap_q_mode5EL9_248|       pointer|
|p_ZZN4nnet24compute_output_buffer_2dINS_5arrayI8ap_fixedILi10ELi2EL9ap_q_mode5EL9_249  |   in|   10|     ap_none|  p_ZZN4nnet24compute_output_buffer_2dINS_5arrayI8ap_fixedILi10ELi2EL9ap_q_mode5EL9_249|       pointer|
|p_ZZN4nnet24compute_output_buffer_2dINS_5arrayI8ap_fixedILi10ELi2EL9ap_q_mode5EL9_250  |   in|   10|     ap_none|  p_ZZN4nnet24compute_output_buffer_2dINS_5arrayI8ap_fixedILi10ELi2EL9ap_q_mode5EL9_250|       pointer|
|p_ZZN4nnet24compute_output_buffer_2dINS_5arrayI8ap_fixedILi10ELi2EL9ap_q_mode5EL9_99   |   in|   10|     ap_none|   p_ZZN4nnet24compute_output_buffer_2dINS_5arrayI8ap_fixedILi10ELi2EL9ap_q_mode5EL9_99|       pointer|
|p_ZZN4nnet24compute_output_buffer_2dINS_5arrayI8ap_fixedILi10ELi2EL9ap_q_mode5EL9_98   |   in|   10|     ap_none|   p_ZZN4nnet24compute_output_buffer_2dINS_5arrayI8ap_fixedILi10ELi2EL9ap_q_mode5EL9_98|       pointer|
|p_ZZN4nnet24compute_output_buffer_2dINS_5arrayI8ap_fixedILi10ELi2EL9ap_q_mode5EL9_97   |   in|   10|     ap_none|   p_ZZN4nnet24compute_output_buffer_2dINS_5arrayI8ap_fixedILi10ELi2EL9ap_q_mode5EL9_97|       pointer|
|p_ZZN4nnet24compute_output_buffer_2dINS_5arrayI8ap_fixedILi10ELi2EL9ap_q_mode5EL9_96   |   in|   10|     ap_none|   p_ZZN4nnet24compute_output_buffer_2dINS_5arrayI8ap_fixedILi10ELi2EL9ap_q_mode5EL9_96|       pointer|
|p_ZZN4nnet24compute_output_buffer_2dINS_5arrayI8ap_fixedILi10ELi2EL9ap_q_mode5EL9_95   |   in|   10|     ap_none|   p_ZZN4nnet24compute_output_buffer_2dINS_5arrayI8ap_fixedILi10ELi2EL9ap_q_mode5EL9_95|       pointer|
|p_ZZN4nnet24compute_output_buffer_2dINS_5arrayI8ap_fixedILi10ELi2EL9ap_q_mode5EL9_94   |   in|   10|     ap_none|   p_ZZN4nnet24compute_output_buffer_2dINS_5arrayI8ap_fixedILi10ELi2EL9ap_q_mode5EL9_94|       pointer|
|p_ZZN4nnet24compute_output_buffer_2dINS_5arrayI8ap_fixedILi10ELi2EL9ap_q_mode5EL9_93   |   in|   10|     ap_none|   p_ZZN4nnet24compute_output_buffer_2dINS_5arrayI8ap_fixedILi10ELi2EL9ap_q_mode5EL9_93|       pointer|
|p_ZZN4nnet24compute_output_buffer_2dINS_5arrayI8ap_fixedILi10ELi2EL9ap_q_mode5EL9_92   |   in|   10|     ap_none|   p_ZZN4nnet24compute_output_buffer_2dINS_5arrayI8ap_fixedILi10ELi2EL9ap_q_mode5EL9_92|       pointer|
|p_ZZN4nnet24compute_output_buffer_2dINS_5arrayI8ap_fixedILi10ELi2EL9ap_q_mode5EL9_91   |   in|   10|     ap_none|   p_ZZN4nnet24compute_output_buffer_2dINS_5arrayI8ap_fixedILi10ELi2EL9ap_q_mode5EL9_91|       pointer|
|p_ZZN4nnet24compute_output_buffer_2dINS_5arrayI8ap_fixedILi10ELi2EL9ap_q_mode5EL9_90   |   in|   10|     ap_none|   p_ZZN4nnet24compute_output_buffer_2dINS_5arrayI8ap_fixedILi10ELi2EL9ap_q_mode5EL9_90|       pointer|
|p_ZZN4nnet24compute_output_buffer_2dINS_5arrayI8ap_fixedILi10ELi2EL9ap_q_mode5EL9_89   |   in|   10|     ap_none|   p_ZZN4nnet24compute_output_buffer_2dINS_5arrayI8ap_fixedILi10ELi2EL9ap_q_mode5EL9_89|       pointer|
|p_ZZN4nnet24compute_output_buffer_2dINS_5arrayI8ap_fixedILi10ELi2EL9ap_q_mode5EL9_88   |   in|   10|     ap_none|   p_ZZN4nnet24compute_output_buffer_2dINS_5arrayI8ap_fixedILi10ELi2EL9ap_q_mode5EL9_88|       pointer|
|p_ZZN4nnet24compute_output_buffer_2dINS_5arrayI8ap_fixedILi10ELi2EL9ap_q_mode5EL9_87   |   in|   10|     ap_none|   p_ZZN4nnet24compute_output_buffer_2dINS_5arrayI8ap_fixedILi10ELi2EL9ap_q_mode5EL9_87|       pointer|
|p_ZZN4nnet24compute_output_buffer_2dINS_5arrayI8ap_fixedILi10ELi2EL9ap_q_mode5EL9_86   |   in|   10|     ap_none|   p_ZZN4nnet24compute_output_buffer_2dINS_5arrayI8ap_fixedILi10ELi2EL9ap_q_mode5EL9_86|       pointer|
|p_ZZN4nnet24compute_output_buffer_2dINS_5arrayI8ap_fixedILi10ELi2EL9ap_q_mode5EL9_85   |   in|   10|     ap_none|   p_ZZN4nnet24compute_output_buffer_2dINS_5arrayI8ap_fixedILi10ELi2EL9ap_q_mode5EL9_85|       pointer|
|p_ZZN4nnet24compute_output_buffer_2dINS_5arrayI8ap_fixedILi10ELi2EL9ap_q_mode5EL9_84   |   in|   10|     ap_none|   p_ZZN4nnet24compute_output_buffer_2dINS_5arrayI8ap_fixedILi10ELi2EL9ap_q_mode5EL9_84|       pointer|
|p_ZZN4nnet24compute_output_buffer_2dINS_5arrayI8ap_fixedILi10ELi2EL9ap_q_mode5EL9_83   |   in|   10|     ap_none|   p_ZZN4nnet24compute_output_buffer_2dINS_5arrayI8ap_fixedILi10ELi2EL9ap_q_mode5EL9_83|       pointer|
|p_ZZN4nnet24compute_output_buffer_2dINS_5arrayI8ap_fixedILi10ELi2EL9ap_q_mode5EL9_82   |   in|   10|     ap_none|   p_ZZN4nnet24compute_output_buffer_2dINS_5arrayI8ap_fixedILi10ELi2EL9ap_q_mode5EL9_82|       pointer|
|p_ZZN4nnet24compute_output_buffer_2dINS_5arrayI8ap_fixedILi10ELi2EL9ap_q_mode5EL9_81   |   in|   10|     ap_none|   p_ZZN4nnet24compute_output_buffer_2dINS_5arrayI8ap_fixedILi10ELi2EL9ap_q_mode5EL9_81|       pointer|
|p_ZZN4nnet24compute_output_buffer_2dINS_5arrayI8ap_fixedILi10ELi2EL9ap_q_mode5EL9_80   |   in|   10|     ap_none|   p_ZZN4nnet24compute_output_buffer_2dINS_5arrayI8ap_fixedILi10ELi2EL9ap_q_mode5EL9_80|       pointer|
|p_ZZN4nnet24compute_output_buffer_2dINS_5arrayI8ap_fixedILi10ELi2EL9ap_q_mode5EL9_79   |   in|   10|     ap_none|   p_ZZN4nnet24compute_output_buffer_2dINS_5arrayI8ap_fixedILi10ELi2EL9ap_q_mode5EL9_79|       pointer|
|p_ZZN4nnet24compute_output_buffer_2dINS_5arrayI8ap_fixedILi10ELi2EL9ap_q_mode5EL9_78   |   in|   10|     ap_none|   p_ZZN4nnet24compute_output_buffer_2dINS_5arrayI8ap_fixedILi10ELi2EL9ap_q_mode5EL9_78|       pointer|
|p_ZZN4nnet24compute_output_buffer_2dINS_5arrayI8ap_fixedILi10ELi2EL9ap_q_mode5EL9_77   |   in|   10|     ap_none|   p_ZZN4nnet24compute_output_buffer_2dINS_5arrayI8ap_fixedILi10ELi2EL9ap_q_mode5EL9_77|       pointer|
|p_ZZN4nnet24compute_output_buffer_2dINS_5arrayI8ap_fixedILi10ELi2EL9ap_q_mode5EL9_76   |   in|   10|     ap_none|   p_ZZN4nnet24compute_output_buffer_2dINS_5arrayI8ap_fixedILi10ELi2EL9ap_q_mode5EL9_76|       pointer|
|p_ZZN4nnet24compute_output_buffer_2dINS_5arrayI8ap_fixedILi10ELi2EL9ap_q_mode5EL9_75   |   in|   10|     ap_none|   p_ZZN4nnet24compute_output_buffer_2dINS_5arrayI8ap_fixedILi10ELi2EL9ap_q_mode5EL9_75|       pointer|
|p_ZZN4nnet24compute_output_buffer_2dINS_5arrayI8ap_fixedILi10ELi2EL9ap_q_mode5EL9_74   |   in|   10|     ap_none|   p_ZZN4nnet24compute_output_buffer_2dINS_5arrayI8ap_fixedILi10ELi2EL9ap_q_mode5EL9_74|       pointer|
|p_ZZN4nnet24compute_output_buffer_2dINS_5arrayI8ap_fixedILi10ELi2EL9ap_q_mode5EL9_73   |   in|   10|     ap_none|   p_ZZN4nnet24compute_output_buffer_2dINS_5arrayI8ap_fixedILi10ELi2EL9ap_q_mode5EL9_73|       pointer|
|p_ZZN4nnet24compute_output_buffer_2dINS_5arrayI8ap_fixedILi10ELi2EL9ap_q_mode5EL9_72   |   in|   10|     ap_none|   p_ZZN4nnet24compute_output_buffer_2dINS_5arrayI8ap_fixedILi10ELi2EL9ap_q_mode5EL9_72|       pointer|
|p_ZZN4nnet24compute_output_buffer_2dINS_5arrayI8ap_fixedILi10ELi2EL9ap_q_mode5EL9_71   |   in|   10|     ap_none|   p_ZZN4nnet24compute_output_buffer_2dINS_5arrayI8ap_fixedILi10ELi2EL9ap_q_mode5EL9_71|       pointer|
|p_ZZN4nnet24compute_output_buffer_2dINS_5arrayI8ap_fixedILi10ELi2EL9ap_q_mode5EL9_70   |   in|   10|     ap_none|   p_ZZN4nnet24compute_output_buffer_2dINS_5arrayI8ap_fixedILi10ELi2EL9ap_q_mode5EL9_70|       pointer|
|p_ZZN4nnet24compute_output_buffer_2dINS_5arrayI8ap_fixedILi10ELi2EL9ap_q_mode5EL9_69   |   in|   10|     ap_none|   p_ZZN4nnet24compute_output_buffer_2dINS_5arrayI8ap_fixedILi10ELi2EL9ap_q_mode5EL9_69|       pointer|
|p_ZZN4nnet24compute_output_buffer_2dINS_5arrayI8ap_fixedILi10ELi2EL9ap_q_mode5EL9_68   |   in|   10|     ap_none|   p_ZZN4nnet24compute_output_buffer_2dINS_5arrayI8ap_fixedILi10ELi2EL9ap_q_mode5EL9_68|       pointer|
|p_ZZN4nnet24compute_output_buffer_2dINS_5arrayI8ap_fixedILi10ELi2EL9ap_q_mode5EL9_67   |   in|   10|     ap_none|   p_ZZN4nnet24compute_output_buffer_2dINS_5arrayI8ap_fixedILi10ELi2EL9ap_q_mode5EL9_67|       pointer|
|p_ZZN4nnet24compute_output_buffer_2dINS_5arrayI8ap_fixedILi10ELi2EL9ap_q_mode5EL9_66   |   in|   10|     ap_none|   p_ZZN4nnet24compute_output_buffer_2dINS_5arrayI8ap_fixedILi10ELi2EL9ap_q_mode5EL9_66|       pointer|
|p_ZZN4nnet24compute_output_buffer_2dINS_5arrayI8ap_fixedILi10ELi2EL9ap_q_mode5EL9_65   |   in|   10|     ap_none|   p_ZZN4nnet24compute_output_buffer_2dINS_5arrayI8ap_fixedILi10ELi2EL9ap_q_mode5EL9_65|       pointer|
|p_ZZN4nnet24compute_output_buffer_2dINS_5arrayI8ap_fixedILi10ELi2EL9ap_q_mode5EL9_64   |   in|   10|     ap_none|   p_ZZN4nnet24compute_output_buffer_2dINS_5arrayI8ap_fixedILi10ELi2EL9ap_q_mode5EL9_64|       pointer|
|p_ZZN4nnet24compute_output_buffer_2dINS_5arrayI8ap_fixedILi10ELi2EL9ap_q_mode5EL9_63   |   in|   10|     ap_none|   p_ZZN4nnet24compute_output_buffer_2dINS_5arrayI8ap_fixedILi10ELi2EL9ap_q_mode5EL9_63|       pointer|
|p_ZZN4nnet24compute_output_buffer_2dINS_5arrayI8ap_fixedILi10ELi2EL9ap_q_mode5EL9_62   |   in|   10|     ap_none|   p_ZZN4nnet24compute_output_buffer_2dINS_5arrayI8ap_fixedILi10ELi2EL9ap_q_mode5EL9_62|       pointer|
+---------------------------------------------------------------------------------------+-----+-----+------------+---------------------------------------------------------------------------------------+--------------+

