

================================================================
== Vitis HLS Report for 'dense_latency_ap_fixed_ap_fixed_36_16_5_3_0_config37_mult_s'
================================================================
* Date:           Fri Apr 24 00:23:04 2026

* Version:        2025.2 (Build 6295257 on Nov 14 2025)
* Project:        folo_prj
* Solution:       solution1 (Vivado IP Flow Target)
* Product family: kintexu
* Target device:  xcku035-fbva676-2-e


================================================================
== Performance Estimates
================================================================
+ Timing: 
    * Summary: 
    +--------+---------+----------+------------+
    |  Clock |  Target | Estimated| Uncertainty|
    +--------+---------+----------+------------+
    |ap_clk  |  5.00 ns|  3.570 ns|     1.35 ns|
    +--------+---------+----------+------------+

+ Latency: 
    * Summary: 
    +---------+---------+-----------+-----------+-----+-----+---------+
    |  Latency (cycles) |   Latency (absolute)  |  Interval | Pipeline|
    |   min   |   max   |    min    |    max    | min | max |   Type  |
    +---------+---------+-----------+-----------+-----+-----+---------+
    |        8|        8|  40.000 ns|  40.000 ns|    8|    8|      yes|
    +---------+---------+-----------+-----------+-----+-----+---------+

    + Detail: 
        * Instance: 
        N/A

        * Loop: 
        N/A



================================================================
== Utilization Estimates
================================================================
* Summary: 
+-----------------+---------+------+--------+--------+-----+
|       Name      | BRAM_18K|  DSP |   FF   |   LUT  | URAM|
+-----------------+---------+------+--------+--------+-----+
|DSP              |        -|     -|       -|       -|    -|
|Expression       |        -|     -|       0|     260|    -|
|FIFO             |        -|     -|       -|       -|    -|
|Instance         |        -|     1|       0|       4|    -|
|Memory           |        -|     -|       -|       -|    -|
|Multiplexer      |        -|     -|       0|     165|    -|
|Register         |        -|     -|     309|       -|    -|
+-----------------+---------+------+--------+--------+-----+
|Total            |        0|     1|     309|     429|    0|
+-----------------+---------+------+--------+--------+-----+
|Available        |     1080|  1700|  406256|  203128|    0|
+-----------------+---------+------+--------+--------+-----+
|Utilization (%)  |        0|    ~0|      ~0|      ~0|    0|
+-----------------+---------+------+--------+--------+-----+

+ Detail: 
    * Instance: 
    +-------------------------+--------------------+---------+----+---+----+-----+
    |         Instance        |       Module       | BRAM_18K| DSP| FF| LUT| URAM|
    +-------------------------+--------------------+---------+----+---+----+-----+
    |mul_16s_12s_28_1_1_U978  |mul_16s_12s_28_1_1  |        0|   1|  0|   4|    0|
    +-------------------------+--------------------+---------+----+---+----+-----+
    |Total                    |                    |        0|   1|  0|   4|    0|
    +-------------------------+--------------------+---------+----+---+----+-----+

    * DSP: 
    N/A

    * Memory: 
    N/A

    * FIFO: 
    N/A

    * Expression: 
    +----------------------+----------+----+---+----+------------+------------+
    |     Variable Name    | Operation| DSP| FF| LUT| Bitwidth P0| Bitwidth P1|
    +----------------------+----------+----+---+----+------------+------------+
    |add_ln58_1_fu_161_p2  |         +|   0|  0|  33|          26|          26|
    |add_ln58_2_fu_175_p2  |         +|   0|  0|  34|          27|          27|
    |add_ln58_3_fu_228_p2  |         +|   0|  0|  28|          28|          28|
    |add_ln58_4_fu_204_p2  |         +|   0|  0|  33|          26|          26|
    |add_ln58_5_fu_214_p2  |         +|   0|  0|  34|          27|          27|
    |add_ln58_6_fu_237_p2  |         +|   0|  0|  28|          28|          28|
    |add_ln58_fu_151_p2    |         +|   0|  0|  32|          25|          20|
    |ap_return             |         +|   0|  0|  36|          29|          29|
    |ap_enable_pp0         |       xor|   0|  0|   2|           1|           2|
    +----------------------+----------+----+---+----+------------+------------+
    |Total                 |          |   0|  0| 260|         217|         213|
    +----------------------+----------+----+---+----+------------+------------+

    * Multiplexer: 
    +-------------------------+----+-----------+-----+-----------+
    |           Name          | LUT| Input Size| Bits| Total Bits|
    +-------------------------+----+-----------+-----+-----------+
    |ap_NS_fsm                |  49|          9|    1|          9|
    |ap_enable_reg_pp0_iter0  |   9|          2|    1|          2|
    |ap_enable_reg_pp0_iter1  |   9|          2|    1|          2|
    |grp_fu_100_p0            |  49|          9|   16|        144|
    |grp_fu_100_p1            |  49|          9|   12|        108|
    +-------------------------+----+-----------+-----+-----------+
    |Total                    | 165|         31|   31|        265|
    +-------------------------+----+-----------+-----+-----------+

    * Register: 
    +-----------------------------+----+----+-----+-----------+
    |             Name            | FF | LUT| Bits| Const Bits|
    +-----------------------------+----+----+-----+-----------+
    |add_ln58_1_reg_256           |  26|   0|   26|          0|
    |add_ln58_2_reg_261           |  27|   0|   27|          0|
    |add_ln58_5_reg_266           |  27|   0|   27|          0|
    |add_ln58_6_reg_271           |  28|   0|   28|          0|
    |ap_CS_fsm                    |   8|   0|    8|          0|
    |ap_enable_reg_pp0_iter0_reg  |   1|   0|    1|          0|
    |ap_enable_reg_pp0_iter1      |   1|   0|    1|          0|
    |ap_port_reg_data_1_val       |  16|   0|   16|          0|
    |ap_port_reg_data_2_val       |  16|   0|   16|          0|
    |ap_port_reg_data_3_val       |  16|   0|   16|          0|
    |ap_port_reg_data_4_val       |  16|   0|   16|          0|
    |ap_port_reg_data_5_val       |  16|   0|   16|          0|
    |ap_port_reg_data_6_val       |  16|   0|   16|          0|
    |ap_port_reg_data_7_val       |  16|   0|   16|          0|
    |mul_ln73_11_reg_127          |  26|   0|   26|          0|
    |reg_109                      |  25|   0|   25|          0|
    |reg_115                      |  28|   0|   28|          0|
    +-----------------------------+----+----+-----+-----------+
    |Total                        | 309|   0|  309|          0|
    +-----------------------------+----+----+-----+-----------+



================================================================
== Interface
================================================================
* Summary: 
+------------+-----+-----+------------+-------------------------------------------------------------+--------------+
|  RTL Ports | Dir | Bits|  Protocol  |                        Source Object                        |    C Type    |
+------------+-----+-----+------------+-------------------------------------------------------------+--------------+
|ap_clk      |   in|    1|  ap_ctrl_hs|  dense_latency<ap_fixed,ap_fixed<36,16,5,3,0>,config37_mult>|  return value|
|ap_rst      |   in|    1|  ap_ctrl_hs|  dense_latency<ap_fixed,ap_fixed<36,16,5,3,0>,config37_mult>|  return value|
|ap_start    |   in|    1|  ap_ctrl_hs|  dense_latency<ap_fixed,ap_fixed<36,16,5,3,0>,config37_mult>|  return value|
|ap_done     |  out|    1|  ap_ctrl_hs|  dense_latency<ap_fixed,ap_fixed<36,16,5,3,0>,config37_mult>|  return value|
|ap_idle     |  out|    1|  ap_ctrl_hs|  dense_latency<ap_fixed,ap_fixed<36,16,5,3,0>,config37_mult>|  return value|
|ap_ready    |  out|    1|  ap_ctrl_hs|  dense_latency<ap_fixed,ap_fixed<36,16,5,3,0>,config37_mult>|  return value|
|ap_ce       |   in|    1|  ap_ctrl_hs|  dense_latency<ap_fixed,ap_fixed<36,16,5,3,0>,config37_mult>|  return value|
|ap_return   |  out|   29|  ap_ctrl_hs|  dense_latency<ap_fixed,ap_fixed<36,16,5,3,0>,config37_mult>|  return value|
|data_0_val  |   in|   16|     ap_none|                                                   data_0_val|        scalar|
|data_1_val  |   in|   16|     ap_none|                                                   data_1_val|        scalar|
|data_2_val  |   in|   16|     ap_none|                                                   data_2_val|        scalar|
|data_3_val  |   in|   16|     ap_none|                                                   data_3_val|        scalar|
|data_4_val  |   in|   16|     ap_none|                                                   data_4_val|        scalar|
|data_5_val  |   in|   16|     ap_none|                                                   data_5_val|        scalar|
|data_6_val  |   in|   16|     ap_none|                                                   data_6_val|        scalar|
|data_7_val  |   in|   16|     ap_none|                                                   data_7_val|        scalar|
+------------+-----+-----+------------+-------------------------------------------------------------+--------------+

