

================================================================
== Vitis HLS Report for 'dense_latency_ap_fixed_16_6_5_3_0_ap_fixed_10_2_5_3_0_config5_mult_s'
================================================================
* Date:           Fri Apr 24 00:23:00 2026

* Version:        2025.2 (Build 6295257 on Nov 14 2025)
* Project:        folo_prj
* Solution:       solution1 (Vivado IP Flow Target)
* Product family: kintexu
* Target device:  xcku035-fbva676-2-e


================================================================
== Performance Estimates
================================================================
+ Timing: 
    * Summary: 
    +--------+---------+----------+------------+
    |  Clock |  Target | Estimated| Uncertainty|
    +--------+---------+----------+------------+
    |ap_clk  |  5.00 ns|  3.639 ns|     1.35 ns|
    +--------+---------+----------+------------+

+ Latency: 
    * Summary: 
    +---------+---------+-----------+-----------+-----+-----+---------+
    |  Latency (cycles) |   Latency (absolute)  |  Interval | Pipeline|
    |   min   |   max   |    min    |    max    | min | max |   Type  |
    +---------+---------+-----------+-----------+-----+-----+---------+
    |        5|        5|  25.000 ns|  25.000 ns|    6|    6|      yes|
    +---------+---------+-----------+-----------+-----+-----+---------+

    + Detail: 
        * Instance: 
        N/A

        * Loop: 
        N/A



================================================================
== Utilization Estimates
================================================================
* Summary: 
+-----------------+---------+------+--------+--------+-----+
|       Name      | BRAM_18K|  DSP |   FF   |   LUT  | URAM|
+-----------------+---------+------+--------+--------+-----+
|DSP              |        -|     -|       -|       -|    -|
|Expression       |        -|     -|       0|    4276|    -|
|FIFO             |        -|     -|       -|       -|    -|
|Instance         |        -|    18|       0|      72|    -|
|Memory           |        -|     -|       -|       -|    -|
|Multiplexer      |        -|     -|       0|     944|    -|
|Register         |        -|     -|    1396|       -|    -|
+-----------------+---------+------+--------+--------+-----+
|Total            |        0|    18|    1396|    5292|    0|
+-----------------+---------+------+--------+--------+-----+
|Available        |     1080|  1700|  406256|  203128|    0|
+-----------------+---------+------+--------+--------+-----+
|Utilization (%)  |        0|     1|      ~0|       2|    0|
+-----------------+---------+------+--------+--------+-----+

+ Detail: 
    * Instance: 
    +-------------------------+--------------------+---------+----+---+----+-----+
    |         Instance        |       Module       | BRAM_18K| DSP| FF| LUT| URAM|
    +-------------------------+--------------------+---------+----+---+----+-----+
    |mul_16s_7s_20_1_1_U107   |mul_16s_7s_20_1_1   |        0|   1|  0|   4|    0|
    |mul_16s_8ns_20_1_1_U100  |mul_16s_8ns_20_1_1  |        0|   1|  0|   4|    0|
    |mul_16s_8ns_20_1_1_U109  |mul_16s_8ns_20_1_1  |        0|   1|  0|   4|    0|
    |mul_16s_8s_20_1_1_U98    |mul_16s_8s_20_1_1   |        0|   1|  0|   4|    0|
    |mul_16s_8s_20_1_1_U101   |mul_16s_8s_20_1_1   |        0|   1|  0|   4|    0|
    |mul_16s_8s_20_1_1_U104   |mul_16s_8s_20_1_1   |        0|   1|  0|   4|    0|
    |mul_16s_8s_20_1_1_U106   |mul_16s_8s_20_1_1   |        0|   1|  0|   4|    0|
    |mul_16s_8s_20_1_1_U112   |mul_16s_8s_20_1_1   |        0|   1|  0|   4|    0|
    |mul_16s_8s_20_1_1_U113   |mul_16s_8s_20_1_1   |        0|   1|  0|   4|    0|
    |mul_16s_8s_20_1_1_U115   |mul_16s_8s_20_1_1   |        0|   1|  0|   4|    0|
    |mul_16s_9s_20_1_1_U99    |mul_16s_9s_20_1_1   |        0|   1|  0|   4|    0|
    |mul_16s_9s_20_1_1_U102   |mul_16s_9s_20_1_1   |        0|   1|  0|   4|    0|
    |mul_16s_9s_20_1_1_U103   |mul_16s_9s_20_1_1   |        0|   1|  0|   4|    0|
    |mul_16s_9s_20_1_1_U105   |mul_16s_9s_20_1_1   |        0|   1|  0|   4|    0|
    |mul_16s_9s_20_1_1_U108   |mul_16s_9s_20_1_1   |        0|   1|  0|   4|    0|
    |mul_16s_9s_20_1_1_U110   |mul_16s_9s_20_1_1   |        0|   1|  0|   4|    0|
    |mul_16s_9s_20_1_1_U111   |mul_16s_9s_20_1_1   |        0|   1|  0|   4|    0|
    |mul_16s_9s_20_1_1_U114   |mul_16s_9s_20_1_1   |        0|   1|  0|   4|    0|
    +-------------------------+--------------------+---------+----+---+----+-----+
    |Total                    |                    |        0|  18|  0|  72|    0|
    +-------------------------+--------------------+---------+----+---+----+-----+

    * DSP: 
    N/A

    * Memory: 
    N/A

    * FIFO: 
    N/A

    * Expression: 
    +-------------------------+----------+----+---+----+------------+------------+
    |      Variable Name      | Operation| DSP| FF| LUT| Bitwidth P0| Bitwidth P1|
    +-------------------------+----------+----+---+----+------------+------------+
    |add_ln42_31_fu_4860_p2   |         +|   0|  0|  27|          20|          20|
    |add_ln42_32_fu_4934_p2   |         +|   0|  0|  27|          20|          20|
    |add_ln42_33_fu_4996_p2   |         +|   0|  0|  27|          20|          20|
    |add_ln42_34_fu_3358_p2   |         +|   0|  0|  27|          20|          20|
    |add_ln42_35_fu_3453_p2   |         +|   0|  0|  27|          20|          20|
    |add_ln42_36_fu_3481_p2   |         +|   0|  0|  27|          20|          20|
    |add_ln42_37_fu_3994_p2   |         +|   0|  0|  27|          20|          20|
    |add_ln42_38_fu_3539_p2   |         +|   0|  0|  27|          20|          20|
    |add_ln42_39_fu_3567_p2   |         +|   0|  0|  27|          20|          20|
    |add_ln42_40_fu_3644_p2   |         +|   0|  0|  27|          20|          20|
    |add_ln42_41_fu_4120_p2   |         +|   0|  0|  27|          20|          20|
    |add_ln42_42_fu_3946_p2   |         +|   0|  0|  27|          20|          20|
    |add_ln42_43_fu_4262_p2   |         +|   0|  0|  27|          20|          20|
    |add_ln42_44_fu_5178_p2   |         +|   0|  0|  27|          20|          20|
    |add_ln42_45_fu_5378_p2   |         +|   0|  0|  27|          20|          20|
    |add_ln42_fu_4805_p2      |         +|   0|  0|  27|          20|          20|
    |add_ln58_100_fu_4624_p2  |         +|   0|  0|  17|          10|          10|
    |add_ln58_101_fu_5967_p2  |         +|   0|  0|  18|          10|          10|
    |add_ln58_102_fu_5972_p2  |         +|   0|  0|  18|          10|          10|
    |add_ln58_103_fu_6201_p2  |         +|   0|  0|  18|          10|          10|
    |add_ln58_104_fu_6206_p2  |         +|   0|  0|  18|          10|          10|
    |add_ln58_105_fu_5561_p2  |         +|   0|  0|  17|          10|          10|
    |add_ln58_106_fu_5978_p2  |         +|   0|  0|  17|          10|          10|
    |add_ln58_107_fu_5983_p2  |         +|   0|  0|  18|          10|          10|
    |add_ln58_108_fu_5988_p2  |         +|   0|  0|  18|          10|          10|
    |add_ln58_109_fu_4630_p2  |         +|   0|  0|  18|          10|          10|
    |add_ln58_10_fu_6080_p2   |         +|   0|  0|  18|          10|          10|
    |add_ln58_110_fu_4635_p2  |         +|   0|  0|  18|          10|          10|
    |add_ln58_111_fu_5994_p2  |         +|   0|  0|  18|          10|          10|
    |add_ln58_112_fu_5999_p2  |         +|   0|  0|  18|          10|          10|
    |add_ln58_113_fu_6212_p2  |         +|   0|  0|  17|          10|          10|
    |add_ln58_114_fu_6217_p2  |         +|   0|  0|  17|          10|          10|
    |add_ln58_115_fu_6223_p2  |         +|   0|  0|  18|          10|          10|
    |add_ln58_116_fu_6005_p2  |         +|   0|  0|  18|          10|          10|
    |add_ln58_117_fu_4641_p2  |         +|   0|  0|  18|          10|          10|
    |add_ln58_118_fu_4646_p2  |         +|   0|  0|  18|          10|          10|
    |add_ln58_119_fu_6010_p2  |         +|   0|  0|  18|          10|          10|
    |add_ln58_11_fu_6085_p2   |         +|   0|  0|  18|          10|          10|
    |add_ln58_120_fu_6229_p2  |         +|   0|  0|  18|          10|          10|
    |add_ln58_121_fu_6305_p2  |         +|   0|  0|  18|          10|          10|
    |add_ln58_122_fu_6234_p2  |         +|   0|  0|  18|          10|          10|
    |add_ln58_123_fu_4651_p2  |         +|   0|  0|  17|          10|          10|
    |add_ln58_124_fu_6240_p2  |         +|   0|  0|  18|          10|          10|
    |add_ln58_125_fu_6309_p2  |         +|   0|  0|  18|          10|          10|
    |add_ln58_126_fu_5567_p2  |         +|   0|  0|  18|          10|          10|
    |add_ln58_127_fu_5573_p2  |         +|   0|  0|  18|          10|          10|
    |add_ln58_128_fu_6315_p2  |         +|   0|  0|  18|          10|          10|
    |add_ln58_129_fu_6320_p2  |         +|   0|  0|  18|          10|          10|
    |add_ln58_12_fu_4536_p2   |         +|   0|  0|  18|          10|          10|
    |add_ln58_130_fu_5579_p2  |         +|   0|  0|  17|          10|          10|
    |add_ln58_131_fu_5584_p2  |         +|   0|  0|  17|          10|          10|
    |add_ln58_132_fu_6015_p2  |         +|   0|  0|  18|          10|          10|
    |add_ln58_133_fu_6019_p2  |         +|   0|  0|  18|          10|          10|
    |add_ln58_134_fu_6024_p2  |         +|   0|  0|  18|          10|          10|
    |add_ln58_135_fu_6030_p2  |         +|   0|  0|  18|          10|          10|
    |add_ln58_136_fu_6035_p2  |         +|   0|  0|  18|          10|          10|
    |add_ln58_137_fu_6041_p2  |         +|   0|  0|  18|          10|          10|
    |add_ln58_138_fu_6325_p2  |         +|   0|  0|  18|          10|          10|
    |add_ln58_139_fu_6330_p2  |         +|   0|  0|  18|          10|          10|
    |add_ln58_13_fu_4542_p2   |         +|   0|  0|  18|          10|          10|
    |add_ln58_14_fu_6090_p2   |         +|   0|  0|  18|          10|          10|
    |add_ln58_15_fu_6095_p2   |         +|   0|  0|  18|          10|          10|
    |add_ln58_16_fu_6245_p2   |         +|   0|  0|  18|          10|          10|
    |add_ln58_17_fu_6101_p2   |         +|   0|  0|  18|          10|          10|
    |add_ln58_18_fu_4548_p2   |         +|   0|  0|  17|          10|          10|
    |add_ln58_19_fu_6106_p2   |         +|   0|  0|  18|          10|          10|
    |add_ln58_1_fu_5808_p2    |         +|   0|  0|  17|          10|          10|
    |add_ln58_20_fu_6249_p2   |         +|   0|  0|  18|          10|          10|
    |add_ln58_21_fu_5482_p2   |         +|   0|  0|  18|          10|          10|
    |add_ln58_22_fu_5487_p2   |         +|   0|  0|  18|          10|          10|
    |add_ln58_23_fu_6254_p2   |         +|   0|  0|  18|          10|          10|
    |add_ln58_24_fu_6259_p2   |         +|   0|  0|  18|          10|          10|
    |add_ln58_25_fu_5492_p2   |         +|   0|  0|  17|          10|          10|
    |add_ln58_26_fu_5498_p2   |         +|   0|  0|  17|          10|          10|
    |add_ln58_27_fu_5830_p2   |         +|   0|  0|  18|          10|          10|
    |add_ln58_28_fu_5834_p2   |         +|   0|  0|  18|          10|          10|
    |add_ln58_29_fu_5839_p2   |         +|   0|  0|  18|          10|          10|
    |add_ln58_2_fu_5813_p2    |         +|   0|  0|  18|          10|          10|
    |add_ln58_30_fu_5845_p2   |         +|   0|  0|  18|          10|          10|
    |add_ln58_31_fu_5850_p2   |         +|   0|  0|  18|          10|          10|
    |add_ln58_32_fu_5856_p2   |         +|   0|  0|  18|          10|          10|
    |add_ln58_33_fu_6264_p2   |         +|   0|  0|  18|          10|          10|
    |add_ln58_34_fu_6269_p2   |         +|   0|  0|  18|          10|          10|
    |add_ln58_35_fu_5862_p2   |         +|   0|  0|  17|          10|          10|
    |add_ln58_36_fu_5868_p2   |         +|   0|  0|  17|          10|          10|
    |add_ln58_37_fu_5874_p2   |         +|   0|  0|  18|          10|          10|
    |add_ln58_38_fu_5504_p2   |         +|   0|  0|  18|          10|          10|
    |add_ln58_39_fu_4554_p2   |         +|   0|  0|  18|          10|          10|
    |add_ln58_3_fu_5473_p2    |         +|   0|  0|  18|          10|          10|
    |add_ln58_40_fu_4558_p2   |         +|   0|  0|  18|          10|          10|
    |add_ln58_41_fu_5510_p2   |         +|   0|  0|  18|          10|          10|
    |add_ln58_42_fu_5880_p2   |         +|   0|  0|  18|          10|          10|
    |add_ln58_43_fu_5885_p2   |         +|   0|  0|  17|          10|          10|
    |add_ln58_44_fu_6111_p2   |         +|   0|  0|  17|          10|          10|
    |add_ln58_45_fu_6116_p2   |         +|   0|  0|  18|          10|          10|
    |add_ln58_46_fu_6121_p2   |         +|   0|  0|  18|          10|          10|
    |add_ln58_47_fu_4564_p2   |         +|   0|  0|  18|          10|          10|
    |add_ln58_48_fu_4569_p2   |         +|   0|  0|  18|          10|          10|
    |add_ln58_49_fu_6126_p2   |         +|   0|  0|  18|          10|          10|
    |add_ln58_4_fu_4525_p2    |         +|   0|  0|  18|          10|          10|
    |add_ln58_50_fu_6131_p2   |         +|   0|  0|  18|          10|          10|
    |add_ln58_51_fu_6275_p2   |         +|   0|  0|  18|          10|          10|
    |add_ln58_52_fu_6137_p2   |         +|   0|  0|  18|          10|          10|
    |add_ln58_53_fu_4574_p2   |         +|   0|  0|  17|          10|          10|
    |add_ln58_54_fu_6142_p2   |         +|   0|  0|  18|          10|          10|
    |add_ln58_55_fu_6279_p2   |         +|   0|  0|  18|          10|          10|
    |add_ln58_56_fu_5515_p2   |         +|   0|  0|  18|          10|          10|
    |add_ln58_57_fu_5521_p2   |         +|   0|  0|  18|          10|          10|
    |add_ln58_58_fu_6284_p2   |         +|   0|  0|  18|          10|          10|
    |add_ln58_59_fu_6289_p2   |         +|   0|  0|  18|          10|          10|
    |add_ln58_5_fu_4531_p2    |         +|   0|  0|  18|          10|          10|
    |add_ln58_60_fu_5526_p2   |         +|   0|  0|  17|          10|          10|
    |add_ln58_61_fu_5532_p2   |         +|   0|  0|  17|          10|          10|
    |add_ln58_62_fu_5890_p2   |         +|   0|  0|  18|          10|          10|
    |add_ln58_63_fu_5894_p2   |         +|   0|  0|  18|          10|          10|
    |add_ln58_64_fu_5900_p2   |         +|   0|  0|  18|          10|          10|
    |add_ln58_65_fu_5905_p2   |         +|   0|  0|  18|          10|          10|
    |add_ln58_66_fu_5910_p2   |         +|   0|  0|  18|          10|          10|
    |add_ln58_67_fu_5916_p2   |         +|   0|  0|  18|          10|          10|
    |add_ln58_68_fu_6294_p2   |         +|   0|  0|  18|          10|          10|
    |add_ln58_69_fu_6299_p2   |         +|   0|  0|  18|          10|          10|
    |add_ln58_6_fu_5477_p2    |         +|   0|  0|  18|          10|          10|
    |add_ln58_70_fu_5538_p2   |         +|   0|  0|  17|          10|          10|
    |add_ln58_71_fu_5544_p2   |         +|   0|  0|  17|          10|          10|
    |add_ln58_72_fu_5922_p2   |         +|   0|  0|  18|          10|          10|
    |add_ln58_73_fu_5926_p2   |         +|   0|  0|  18|          10|          10|
    |add_ln58_74_fu_4580_p2   |         +|   0|  0|  18|          10|          10|
    |add_ln58_75_fu_4585_p2   |         +|   0|  0|  18|          10|          10|
    |add_ln58_76_fu_5931_p2   |         +|   0|  0|  18|          10|          10|
    |add_ln58_77_fu_5936_p2   |         +|   0|  0|  18|          10|          10|
    |add_ln58_78_fu_6147_p2   |         +|   0|  0|  17|          10|          10|
    |add_ln58_79_fu_6152_p2   |         +|   0|  0|  17|          10|          10|
    |add_ln58_7_fu_5819_p2    |         +|   0|  0|  18|          10|          10|
    |add_ln58_80_fu_6158_p2   |         +|   0|  0|  18|          10|          10|
    |add_ln58_81_fu_6164_p2   |         +|   0|  0|  18|          10|          10|
    |add_ln58_82_fu_4590_p2   |         +|   0|  0|  18|          10|          10|
    |add_ln58_83_fu_4596_p2   |         +|   0|  0|  18|          10|          10|
    |add_ln58_84_fu_6169_p2   |         +|   0|  0|  18|          10|          10|
    |add_ln58_85_fu_6174_p2   |         +|   0|  0|  18|          10|          10|
    |add_ln58_86_fu_6180_p2   |         +|   0|  0|  18|          10|          10|
    |add_ln58_87_fu_6185_p2   |         +|   0|  0|  18|          10|          10|
    |add_ln58_88_fu_4602_p2   |         +|   0|  0|  17|          10|          10|
    |add_ln58_89_fu_6191_p2   |         +|   0|  0|  18|          10|          10|
    |add_ln58_8_fu_5824_p2    |         +|   0|  0|  17|          10|          10|
    |add_ln58_90_fu_5942_p2   |         +|   0|  0|  18|          10|          10|
    |add_ln58_91_fu_5550_p2   |         +|   0|  0|  18|          10|          10|
    |add_ln58_92_fu_5556_p2   |         +|   0|  0|  18|          10|          10|
    |add_ln58_93_fu_5947_p2   |         +|   0|  0|  18|          10|          10|
    |add_ln58_94_fu_6196_p2   |         +|   0|  0|  18|          10|          10|
    |add_ln58_95_fu_4608_p2   |         +|   0|  0|  17|          10|          10|
    |add_ln58_96_fu_5952_p2   |         +|   0|  0|  17|          10|          10|
    |add_ln58_97_fu_5957_p2   |         +|   0|  0|  18|          10|          10|
    |add_ln58_98_fu_5962_p2   |         +|   0|  0|  18|          10|          10|
    |add_ln58_99_fu_4614_p2   |         +|   0|  0|  16|           9|           9|
    |add_ln58_9_fu_6075_p2    |         +|   0|  0|  17|          10|          10|
    |add_ln58_fu_5803_p2      |         +|   0|  0|  17|          10|          10|
    |add_ln73_1_fu_5154_p2    |         +|   0|  0|  27|          20|          20|
    |add_ln73_2_fu_5338_p2    |         +|   0|  0|  27|          20|          20|
    |add_ln73_fu_4888_p2      |         +|   0|  0|  27|          20|          20|
    |sub_ln42_10_fu_4028_p2   |         -|   0|  0|  20|          20|          20|
    |sub_ln42_11_fu_4078_p2   |         -|   0|  0|  20|           1|          20|
    |sub_ln42_12_fu_4084_p2   |         -|   0|  0|  20|          20|          20|
    |sub_ln42_13_fu_5624_p2   |         -|   0|  0|  27|          20|          20|
    |sub_ln42_14_fu_5670_p2   |         -|   0|  0|  27|          20|          20|
    |sub_ln42_15_fu_5686_p2   |         -|   0|  0|  27|          20|          20|
    |sub_ln42_16_fu_5737_p2   |         -|   0|  0|  27|          20|          20|
    |sub_ln42_17_fu_5042_p2   |         -|   0|  0|  27|           1|          20|
    |sub_ln42_18_fu_5098_p2   |         -|   0|  0|  27|          20|          20|
    |sub_ln42_19_fu_5118_p2   |         -|   0|  0|  27|          20|          20|
    |sub_ln42_1_fu_4950_p2    |         -|   0|  0|  27|           1|          20|
    |sub_ln42_20_fu_3595_p2   |         -|   0|  0|  27|          20|          20|
    |sub_ln42_21_fu_3684_p2   |         -|   0|  0|  27|          20|          20|
    |sub_ln42_22_fu_3722_p2   |         -|   0|  0|  27|           1|          20|
    |sub_ln42_23_fu_4136_p2   |         -|   0|  0|  20|           1|          20|
    |sub_ln42_24_fu_4154_p2   |         -|   0|  0|  20|          20|          20|
    |sub_ln42_25_fu_3768_p2   |         -|   0|  0|  20|           1|          20|
    |sub_ln42_26_fu_3774_p2   |         -|   0|  0|  20|          20|          20|
    |sub_ln42_27_fu_3906_p2   |         -|   0|  0|  27|          20|          20|
    |sub_ln42_28_fu_6059_p2   |         -|   0|  0|  27|           1|          20|
    |sub_ln42_29_fu_5787_p2   |         -|   0|  0|  27|          20|          20|
    |sub_ln42_2_fu_3215_p2    |         -|   0|  0|  20|           1|          20|
    |sub_ln42_30_fu_4222_p2   |         -|   0|  0|  27|          20|          20|
    |sub_ln42_31_fu_4296_p2   |         -|   0|  0|  20|           1|          20|
    |sub_ln42_32_fu_4314_p2   |         -|   0|  0|  20|          20|          20|
    |sub_ln42_33_fu_5194_p2   |         -|   0|  0|  27|           1|          20|
    |sub_ln42_34_fu_5234_p2   |         -|   0|  0|  27|          20|          20|
    |sub_ln42_35_fu_5268_p2   |         -|   0|  0|  27|          20|          20|
    |sub_ln42_36_fu_5284_p2   |         -|   0|  0|  20|           1|          20|
    |sub_ln42_37_fu_5301_p2   |         -|   0|  0|  20|          20|          20|
    |sub_ln42_38_fu_5418_p2   |         -|   0|  0|  27|          20|          20|
    |sub_ln42_3_fu_3233_p2    |         -|   0|  0|  20|          20|          20|
    |sub_ln42_4_fu_3304_p2    |         -|   0|  0|  20|           1|          20|
    |sub_ln42_5_fu_3318_p2    |         -|   0|  0|  20|          20|          20|
    |sub_ln42_6_fu_3374_p2    |         -|   0|  0|  20|           1|          20|
    |sub_ln42_7_fu_3380_p2    |         -|   0|  0|  20|          20|          20|
    |sub_ln42_8_fu_3425_p2    |         -|   0|  0|  27|          20|          20|
    |sub_ln42_9_fu_4010_p2    |         -|   0|  0|  20|           1|          20|
    |sub_ln42_fu_4765_p2      |         -|   0|  0|  27|          20|          20|
    |sub_ln73_10_fu_4367_p2   |         -|   0|  0|  20|           1|          20|
    |sub_ln73_11_fu_4373_p2   |         -|   0|  0|  20|          20|          20|
    |sub_ln73_12_fu_4416_p2   |         -|   0|  0|  26|          19|          19|
    |sub_ln73_13_fu_4489_p2   |         -|   0|  0|  27|          20|          20|
    |sub_ln73_14_fu_5457_p2   |         -|   0|  0|  27|          20|          20|
    |sub_ln73_1_fu_4673_p2    |         -|   0|  0|  20|          20|          20|
    |sub_ln73_2_fu_4710_p2    |         -|   0|  0|  27|          20|          20|
    |sub_ln73_3_fu_3261_p2    |         -|   0|  0|  20|           1|          20|
    |sub_ln73_4_fu_3267_p2    |         -|   0|  0|  20|          20|          20|
    |sub_ln73_5_fu_4044_p2    |         -|   0|  0|  20|           1|          20|
    |sub_ln73_6_fu_4050_p2    |         -|   0|  0|  20|          20|          20|
    |sub_ln73_7_fu_5070_p2    |         -|   0|  0|  26|          19|          19|
    |sub_ln73_8_fu_3802_p2    |         -|   0|  0|  27|          20|          20|
    |sub_ln73_9_fu_3873_p2    |         -|   0|  0|  27|          20|          20|
    |sub_ln73_fu_4667_p2      |         -|   0|  0|  20|           1|          20|
    +-------------------------+----------+----+---+----+------------+------------+
    |Total                    |          |   0|  0|4276|        2515|        2857|
    +-------------------------+----------+----+---+----+------------+------------+

    * Multiplexer: 
    +---------------+----+-----------+-----+-----------+
    |      Name     | LUT| Input Size| Bits| Total Bits|
    +---------------+----+-----------+-----+-----------+
    |ap_NS_fsm      |  37|          7|    1|          7|
    |grp_fu_256_p0  |  31|          6|   16|         96|
    |grp_fu_256_p1  |  26|          5|    8|         40|
    |grp_fu_257_p0  |  26|          5|   16|         80|
    |grp_fu_257_p1  |  20|          4|    9|         36|
    |grp_fu_258_p0  |  26|          5|   16|         80|
    |grp_fu_258_p1  |  20|          4|    8|         32|
    |grp_fu_259_p0  |  26|          5|   16|         80|
    |grp_fu_259_p1  |  20|          4|    8|         32|
    |grp_fu_260_p0  |  26|          5|   16|         80|
    |grp_fu_260_p1  |  26|          5|    9|         45|
    |grp_fu_261_p0  |  26|          5|   16|         80|
    |grp_fu_261_p1  |  26|          5|    9|         45|
    |grp_fu_262_p0  |  26|          5|   16|         80|
    |grp_fu_262_p1  |  20|          4|    8|         32|
    |grp_fu_263_p0  |  26|          5|   16|         80|
    |grp_fu_263_p1  |  26|          5|    9|         45|
    |grp_fu_264_p0  |  26|          5|   16|         80|
    |grp_fu_264_p1  |  20|          4|    8|         32|
    |grp_fu_265_p0  |  26|          5|   16|         80|
    |grp_fu_265_p1  |  20|          4|    7|         28|
    |grp_fu_266_p0  |  26|          5|   16|         80|
    |grp_fu_266_p1  |  20|          4|    9|         36|
    |grp_fu_267_p0  |  26|          5|   16|         80|
    |grp_fu_267_p1  |  20|          4|    8|         32|
    |grp_fu_268_p0  |  31|          6|   16|         96|
    |grp_fu_268_p1  |  31|          6|    9|         54|
    |grp_fu_269_p0  |  26|          5|   16|         80|
    |grp_fu_269_p1  |  26|          5|    9|         45|
    |grp_fu_270_p0  |  26|          5|   16|         80|
    |grp_fu_270_p1  |  26|          5|    8|         40|
    |grp_fu_271_p0  |  26|          5|   16|         80|
    |grp_fu_271_p1  |  26|          5|    8|         40|
    |grp_fu_272_p0  |  26|          5|   16|         80|
    |grp_fu_272_p1  |  20|          4|    9|         36|
    |grp_fu_273_p0  |  31|          6|   16|         96|
    |grp_fu_273_p1  |  31|          6|    8|         48|
    +---------------+----+-----------+-----+-----------+
    |Total          | 944|        183|  440|       2193|
    +---------------+----+-----------+-----+-----------+

    * Register: 
    +-------------------------+----+----+-----+-----------+
    |           Name          | FF | LUT| Bits| Const Bits|
    +-------------------------+----+----+-----+-----------+
    |a_38_reg_6809            |  16|   0|   16|          0|
    |a_46_reg_6561            |  16|   0|   16|          0|
    |a_reg_6359               |  16|   0|   16|          0|
    |add_ln58_100_reg_6624    |  10|   0|   10|          0|
    |add_ln58_102_reg_6855    |  10|   0|   10|          0|
    |add_ln58_104_reg_6900    |  10|   0|   10|          0|
    |add_ln58_105_reg_6784    |  10|   0|   10|          0|
    |add_ln58_110_reg_6629    |  10|   0|   10|          0|
    |add_ln58_112_reg_6860    |  10|   0|   10|          0|
    |add_ln58_118_reg_6634    |  10|   0|   10|          0|
    |add_ln58_119_reg_6865    |  10|   0|   10|          0|
    |add_ln58_120_reg_6905    |  10|   0|   10|          0|
    |add_ln58_123_reg_6639    |  10|   0|   10|          0|
    |add_ln58_124_reg_6910    |  10|   0|   10|          0|
    |add_ln58_127_reg_6789    |  10|   0|   10|          0|
    |add_ln58_130_reg_6794    |  10|   0|   10|          0|
    |add_ln58_131_reg_6799    |  10|   0|   10|          0|
    |add_ln58_137_reg_6870    |  10|   0|   10|          0|
    |add_ln58_13_reg_6579     |  10|   0|   10|          0|
    |add_ln58_15_reg_6880     |  10|   0|   10|          0|
    |add_ln58_18_reg_6584     |  10|   0|   10|          0|
    |add_ln58_19_reg_6885     |  10|   0|   10|          0|
    |add_ln58_22_reg_6734     |  10|   0|   10|          0|
    |add_ln58_25_reg_6739     |  10|   0|   10|          0|
    |add_ln58_26_reg_6744     |  10|   0|   10|          0|
    |add_ln58_32_reg_6825     |  10|   0|   10|          0|
    |add_ln58_40_reg_6589     |  10|   0|   10|          0|
    |add_ln58_41_reg_6749     |  10|   0|   10|          0|
    |add_ln58_42_reg_6830     |  10|   0|   10|          0|
    |add_ln58_43_reg_6835     |  10|   0|   10|          0|
    |add_ln58_48_reg_6594     |  10|   0|   10|          0|
    |add_ln58_50_reg_6890     |  10|   0|   10|          0|
    |add_ln58_53_reg_6599     |  10|   0|   10|          0|
    |add_ln58_54_reg_6895     |  10|   0|   10|          0|
    |add_ln58_57_reg_6754     |  10|   0|   10|          0|
    |add_ln58_5_reg_6574      |  10|   0|   10|          0|
    |add_ln58_60_reg_6759     |  10|   0|   10|          0|
    |add_ln58_61_reg_6764     |  10|   0|   10|          0|
    |add_ln58_67_reg_6840     |  10|   0|   10|          0|
    |add_ln58_6_reg_6729      |  10|   0|   10|          0|
    |add_ln58_70_reg_6769     |  10|   0|   10|          0|
    |add_ln58_71_reg_6774     |  10|   0|   10|          0|
    |add_ln58_75_reg_6604     |  10|   0|   10|          0|
    |add_ln58_77_reg_6845     |  10|   0|   10|          0|
    |add_ln58_7_reg_6815      |  10|   0|   10|          0|
    |add_ln58_83_reg_6609     |  10|   0|   10|          0|
    |add_ln58_88_reg_6614     |  10|   0|   10|          0|
    |add_ln58_8_reg_6820      |  10|   0|   10|          0|
    |add_ln58_92_reg_6779     |  10|   0|   10|          0|
    |add_ln58_93_reg_6850     |  10|   0|   10|          0|
    |add_ln58_95_reg_6619     |  10|   0|   10|          0|
    |ap_CS_fsm                |   6|   0|    6|          0|
    |reg_3108                 |  10|   0|   10|          0|
    |reg_3112                 |  10|   0|   10|          0|
    |reg_3116                 |  10|   0|   10|          0|
    |reg_3120                 |  10|   0|   10|          0|
    |reg_3124                 |  10|   0|   10|          0|
    |reg_3128                 |  10|   0|   10|          0|
    |reg_3132                 |  10|   0|   10|          0|
    |reg_3136                 |  10|   0|   10|          0|
    |reg_3140                 |  10|   0|   10|          0|
    |reg_3144                 |  10|   0|   10|          0|
    |reg_3148                 |  10|   0|   10|          0|
    |reg_3152                 |  10|   0|   10|          0|
    |reg_3156                 |  10|   0|   10|          0|
    |reg_3160                 |  10|   0|   10|          0|
    |reg_3164                 |  10|   0|   10|          0|
    |reg_3168                 |  10|   0|   10|          0|
    |reg_3172                 |  10|   0|   10|          0|
    |reg_3176                 |  10|   0|   10|          0|
    |reg_3180                 |  10|   0|   10|          0|
    |sext_ln42_29_reg_6412    |  20|   0|   20|          0|
    |sext_ln42_35_reg_6434    |  20|   0|   20|          0|
    |sext_ln42_36_reg_6449    |  20|   0|   20|          0|
    |sext_ln42_38_reg_6481    |  20|   0|   20|          0|
    |sext_ln42_39_reg_6496    |  20|   0|   20|          0|
    |sext_ln42_41_reg_6531    |  20|   0|   20|          0|
    |sext_ln42_51_reg_6568    |  20|   0|   20|          0|
    |sext_ln73_11_reg_6459    |  20|   0|   20|          0|
    |sext_ln73_12_reg_6466    |  20|   0|   20|          0|
    |sext_ln73_reg_6366       |  20|   0|   20|          0|
    |trunc_ln42_100_reg_6536  |  10|   0|   10|          0|
    |trunc_ln42_101_reg_6541  |  10|   0|   10|          0|
    |trunc_ln42_103_reg_6546  |  10|   0|   10|          0|
    |trunc_ln42_107_reg_6551  |  10|   0|   10|          0|
    |trunc_ln42_11_reg_6649   |  10|   0|   10|          0|
    |trunc_ln42_122_reg_6556  |  10|   0|   10|          0|
    |trunc_ln42_130_reg_6689  |  10|   0|   10|          0|
    |trunc_ln42_133_reg_6694  |  10|   0|   10|          0|
    |trunc_ln42_135_reg_6699  |  10|   0|   10|          0|
    |trunc_ln42_136_reg_6704  |  10|   0|   10|          0|
    |trunc_ln42_138_reg_6709  |  10|   0|   10|          0|
    |trunc_ln42_139_reg_6714  |  10|   0|   10|          0|
    |trunc_ln42_140_reg_6719  |  10|   0|   10|          0|
    |trunc_ln42_141_reg_6724  |  10|   0|   10|          0|
    |trunc_ln42_14_reg_6654   |  10|   0|   10|          0|
    |trunc_ln42_15_reg_6659   |  10|   0|   10|          0|
    |trunc_ln42_21_reg_6664   |  10|   0|   10|          0|
    |trunc_ln42_23_reg_6372   |  10|   0|   10|          0|
    |trunc_ln42_25_reg_6377   |  10|   0|   10|          0|
    |trunc_ln42_27_reg_6382   |  10|   0|   10|          0|
    |trunc_ln42_28_reg_6387   |  10|   0|   10|          0|
    |trunc_ln42_30_reg_6392   |  10|   0|   10|          0|
    |trunc_ln42_31_reg_6397   |  10|   0|   10|          0|
    |trunc_ln42_32_reg_6402   |  10|   0|   10|          0|
    |trunc_ln42_33_reg_6407   |  10|   0|   10|          0|
    |trunc_ln42_36_reg_6511   |  10|   0|   10|          0|
    |trunc_ln42_37_reg_6516   |  10|   0|   10|          0|
    |trunc_ln42_38_reg_6521   |  10|   0|   10|          0|
    |trunc_ln42_48_reg_6804   |  10|   0|   10|          0|
    |trunc_ln42_4_reg_6644    |   8|   0|    8|          0|
    |trunc_ln42_55_reg_6669   |  10|   0|   10|          0|
    |trunc_ln42_56_reg_6674   |   9|   0|    9|          0|
    |trunc_ln42_57_reg_6679   |  10|   0|   10|          0|
    |trunc_ln42_58_reg_6684   |  10|   0|   10|          0|
    |trunc_ln42_59_reg_6419   |  10|   0|   10|          0|
    |trunc_ln42_60_reg_6424   |  10|   0|   10|          0|
    |trunc_ln42_62_reg_6429   |  10|   0|   10|          0|
    |trunc_ln42_64_reg_6439   |  10|   0|   10|          0|
    |trunc_ln42_66_reg_6444   |  10|   0|   10|          0|
    |trunc_ln42_68_reg_6454   |  10|   0|   10|          0|
    |trunc_ln42_74_reg_6526   |   8|   0|    8|          0|
    |trunc_ln42_79_reg_6471   |  10|   0|   10|          0|
    |trunc_ln42_80_reg_6476   |  10|   0|   10|          0|
    |trunc_ln42_89_reg_6486   |   7|   0|    7|          0|
    |trunc_ln42_90_reg_6491   |  10|   0|   10|          0|
    |trunc_ln42_92_reg_6501   |  10|   0|   10|          0|
    |trunc_ln42_93_reg_6506   |  10|   0|   10|          0|
    |trunc_ln42_95_reg_6875   |  10|   0|   10|          0|
    +-------------------------+----+----+-----+-----------+
    |Total                    |1396|   0| 1396|          0|
    +-------------------------+----+----+-----+-----------+



================================================================
== Interface
================================================================
* Summary: 
+--------------------------------------------------------------------------------------+-----+-----+------------+--------------------------------------------------------------------------------------+--------------+
|                                       RTL Ports                                      | Dir | Bits|  Protocol  |                                     Source Object                                    |    C Type    |
+--------------------------------------------------------------------------------------+-----+-----+------------+--------------------------------------------------------------------------------------+--------------+
|ap_clk                                                                                |   in|    1|  ap_ctrl_hs|       dense_latency<ap_fixed<16, 6, 5, 3, 0>, ap_fixed<10, 2, 5, 3, 0>, config5_mult>|  return value|
|ap_rst                                                                                |   in|    1|  ap_ctrl_hs|       dense_latency<ap_fixed<16, 6, 5, 3, 0>, ap_fixed<10, 2, 5, 3, 0>, config5_mult>|  return value|
|ap_start                                                                              |   in|    1|  ap_ctrl_hs|       dense_latency<ap_fixed<16, 6, 5, 3, 0>, ap_fixed<10, 2, 5, 3, 0>, config5_mult>|  return value|
|ap_done                                                                               |  out|    1|  ap_ctrl_hs|       dense_latency<ap_fixed<16, 6, 5, 3, 0>, ap_fixed<10, 2, 5, 3, 0>, config5_mult>|  return value|
|ap_idle                                                                               |  out|    1|  ap_ctrl_hs|       dense_latency<ap_fixed<16, 6, 5, 3, 0>, ap_fixed<10, 2, 5, 3, 0>, config5_mult>|  return value|
|ap_ready                                                                              |  out|    1|  ap_ctrl_hs|       dense_latency<ap_fixed<16, 6, 5, 3, 0>, ap_fixed<10, 2, 5, 3, 0>, config5_mult>|  return value|
|ap_return_0                                                                           |  out|   10|  ap_ctrl_hs|       dense_latency<ap_fixed<16, 6, 5, 3, 0>, ap_fixed<10, 2, 5, 3, 0>, config5_mult>|  return value|
|ap_return_1                                                                           |  out|   10|  ap_ctrl_hs|       dense_latency<ap_fixed<16, 6, 5, 3, 0>, ap_fixed<10, 2, 5, 3, 0>, config5_mult>|  return value|
|ap_return_2                                                                           |  out|   10|  ap_ctrl_hs|       dense_latency<ap_fixed<16, 6, 5, 3, 0>, ap_fixed<10, 2, 5, 3, 0>, config5_mult>|  return value|
|ap_return_3                                                                           |  out|   10|  ap_ctrl_hs|       dense_latency<ap_fixed<16, 6, 5, 3, 0>, ap_fixed<10, 2, 5, 3, 0>, config5_mult>|  return value|
|ap_ce                                                                                 |   in|    1|  ap_ctrl_hs|       dense_latency<ap_fixed<16, 6, 5, 3, 0>, ap_fixed<10, 2, 5, 3, 0>, config5_mult>|  return value|
|void_compute_output_buffer_2d_array_const_ap_shift_reg_n_chan_stream_weig_9           |   in|   16|     ap_none|           void_compute_output_buffer_2d_array_const_ap_shift_reg_n_chan_stream_weig_9|       pointer|
|void_compute_output_buffer_2d_array_const_ap_shift_reg_n_chan_stream_weig_8           |   in|   16|     ap_none|           void_compute_output_buffer_2d_array_const_ap_shift_reg_n_chan_stream_weig_8|       pointer|
|void_compute_output_buffer_2d_array_const_ap_shift_reg_n_chan_stream_weig_7           |   in|   16|     ap_none|           void_compute_output_buffer_2d_array_const_ap_shift_reg_n_chan_stream_weig_7|       pointer|
|void_compute_output_buffer_2d_array_const_ap_shift_reg_n_chan_stream_weig_6           |   in|   16|     ap_none|           void_compute_output_buffer_2d_array_const_ap_shift_reg_n_chan_stream_weig_6|       pointer|
|void_compute_output_buffer_2d_array_const_ap_shift_reg_n_chan_stream_weig_5           |   in|   16|     ap_none|           void_compute_output_buffer_2d_array_const_ap_shift_reg_n_chan_stream_weig_5|       pointer|
|void_compute_output_buffer_2d_array_const_ap_shift_reg_n_chan_stream_weig_4           |   in|   16|     ap_none|           void_compute_output_buffer_2d_array_const_ap_shift_reg_n_chan_stream_weig_4|       pointer|
|void_compute_output_buffer_2d_array_const_ap_shift_reg_n_chan_stream_weig_3           |   in|   16|     ap_none|           void_compute_output_buffer_2d_array_const_ap_shift_reg_n_chan_stream_weig_3|       pointer|
|void_compute_output_buffer_2d_array_const_ap_shift_reg_n_chan_stream_weig_2           |   in|   16|     ap_none|           void_compute_output_buffer_2d_array_const_ap_shift_reg_n_chan_stream_weig_2|       pointer|
|void_compute_output_buffer_2d_array_const_ap_shift_reg_n_chan_stream_weig_1           |   in|   16|     ap_none|           void_compute_output_buffer_2d_array_const_ap_shift_reg_n_chan_stream_weig_1|       pointer|
|void_compute_output_buffer_2d_array_const_ap_shift_reg_n_chan_stream_weig             |   in|   16|     ap_none|             void_compute_output_buffer_2d_array_const_ap_shift_reg_n_chan_stream_weig|       pointer|
|p_ZZN4nnet24compute_output_buffer_2dINS_5arrayI8ap_fixedILi16ELi6EL9ap_q_mode5EL9_25  |   in|   16|     ap_none|  p_ZZN4nnet24compute_output_buffer_2dINS_5arrayI8ap_fixedILi16ELi6EL9ap_q_mode5EL9_25|       pointer|
|p_ZZN4nnet24compute_output_buffer_2dINS_5arrayI8ap_fixedILi16ELi6EL9ap_q_mode5EL9_24  |   in|   16|     ap_none|  p_ZZN4nnet24compute_output_buffer_2dINS_5arrayI8ap_fixedILi16ELi6EL9ap_q_mode5EL9_24|       pointer|
|p_ZZN4nnet24compute_output_buffer_2dINS_5arrayI8ap_fixedILi16ELi6EL9ap_q_mode5EL9_23  |   in|   16|     ap_none|  p_ZZN4nnet24compute_output_buffer_2dINS_5arrayI8ap_fixedILi16ELi6EL9ap_q_mode5EL9_23|       pointer|
|p_ZZN4nnet24compute_output_buffer_2dINS_5arrayI8ap_fixedILi16ELi6EL9ap_q_mode5EL9_22  |   in|   16|     ap_none|  p_ZZN4nnet24compute_output_buffer_2dINS_5arrayI8ap_fixedILi16ELi6EL9ap_q_mode5EL9_22|       pointer|
|p_ZZN4nnet24compute_output_buffer_2dINS_5arrayI8ap_fixedILi16ELi6EL9ap_q_mode5EL9_21  |   in|   16|     ap_none|  p_ZZN4nnet24compute_output_buffer_2dINS_5arrayI8ap_fixedILi16ELi6EL9ap_q_mode5EL9_21|       pointer|
|p_ZZN4nnet24compute_output_buffer_2dINS_5arrayI8ap_fixedILi16ELi6EL9ap_q_mode5EL9_20  |   in|   16|     ap_none|  p_ZZN4nnet24compute_output_buffer_2dINS_5arrayI8ap_fixedILi16ELi6EL9ap_q_mode5EL9_20|       pointer|
|p_ZZN4nnet24compute_output_buffer_2dINS_5arrayI8ap_fixedILi16ELi6EL9ap_q_mode5EL9_19  |   in|   16|     ap_none|  p_ZZN4nnet24compute_output_buffer_2dINS_5arrayI8ap_fixedILi16ELi6EL9ap_q_mode5EL9_19|       pointer|
|p_ZZN4nnet24compute_output_buffer_2dINS_5arrayI8ap_fixedILi16ELi6EL9ap_q_mode5EL9_18  |   in|   16|     ap_none|  p_ZZN4nnet24compute_output_buffer_2dINS_5arrayI8ap_fixedILi16ELi6EL9ap_q_mode5EL9_18|       pointer|
|p_ZZN4nnet24compute_output_buffer_2dINS_5arrayI8ap_fixedILi16ELi6EL9ap_q_mode5EL9_17  |   in|   16|     ap_none|  p_ZZN4nnet24compute_output_buffer_2dINS_5arrayI8ap_fixedILi16ELi6EL9ap_q_mode5EL9_17|       pointer|
|p_ZZN4nnet24compute_output_buffer_2dINS_5arrayI8ap_fixedILi16ELi6EL9ap_q_mode5EL9_16  |   in|   16|     ap_none|  p_ZZN4nnet24compute_output_buffer_2dINS_5arrayI8ap_fixedILi16ELi6EL9ap_q_mode5EL9_16|       pointer|
|p_ZZN4nnet24compute_output_buffer_2dINS_5arrayI8ap_fixedILi16ELi6EL9ap_q_mode5EL9_15  |   in|   16|     ap_none|  p_ZZN4nnet24compute_output_buffer_2dINS_5arrayI8ap_fixedILi16ELi6EL9ap_q_mode5EL9_15|       pointer|
|p_ZZN4nnet24compute_output_buffer_2dINS_5arrayI8ap_fixedILi16ELi6EL9ap_q_mode5EL9_14  |   in|   16|     ap_none|  p_ZZN4nnet24compute_output_buffer_2dINS_5arrayI8ap_fixedILi16ELi6EL9ap_q_mode5EL9_14|       pointer|
|p_ZZN4nnet24compute_output_buffer_2dINS_5arrayI8ap_fixedILi16ELi6EL9ap_q_mode5EL9_13  |   in|   16|     ap_none|  p_ZZN4nnet24compute_output_buffer_2dINS_5arrayI8ap_fixedILi16ELi6EL9ap_q_mode5EL9_13|       pointer|
|p_ZZN4nnet24compute_output_buffer_2dINS_5arrayI8ap_fixedILi16ELi6EL9ap_q_mode5EL9_12  |   in|   16|     ap_none|  p_ZZN4nnet24compute_output_buffer_2dINS_5arrayI8ap_fixedILi16ELi6EL9ap_q_mode5EL9_12|       pointer|
|p_ZZN4nnet24compute_output_buffer_2dINS_5arrayI8ap_fixedILi16ELi6EL9ap_q_mode5EL9_11  |   in|   16|     ap_none|  p_ZZN4nnet24compute_output_buffer_2dINS_5arrayI8ap_fixedILi16ELi6EL9ap_q_mode5EL9_11|       pointer|
|p_ZZN4nnet24compute_output_buffer_2dINS_5arrayI8ap_fixedILi16ELi6EL9ap_q_mode5EL9_10  |   in|   16|     ap_none|  p_ZZN4nnet24compute_output_buffer_2dINS_5arrayI8ap_fixedILi16ELi6EL9ap_q_mode5EL9_10|       pointer|
|p_ZZN4nnet24compute_output_buffer_2dINS_5arrayI8ap_fixedILi16ELi6EL9ap_q_mode5EL9_9   |   in|   16|     ap_none|   p_ZZN4nnet24compute_output_buffer_2dINS_5arrayI8ap_fixedILi16ELi6EL9ap_q_mode5EL9_9|       pointer|
|p_ZZN4nnet24compute_output_buffer_2dINS_5arrayI8ap_fixedILi16ELi6EL9ap_q_mode5EL9_8   |   in|   16|     ap_none|   p_ZZN4nnet24compute_output_buffer_2dINS_5arrayI8ap_fixedILi16ELi6EL9ap_q_mode5EL9_8|       pointer|
|p_ZZN4nnet24compute_output_buffer_2dINS_5arrayI8ap_fixedILi16ELi6EL9ap_q_mode5EL9_7   |   in|   16|     ap_none|   p_ZZN4nnet24compute_output_buffer_2dINS_5arrayI8ap_fixedILi16ELi6EL9ap_q_mode5EL9_7|       pointer|
|p_ZZN4nnet24compute_output_buffer_2dINS_5arrayI8ap_fixedILi16ELi6EL9ap_q_mode5EL9_6   |   in|   16|     ap_none|   p_ZZN4nnet24compute_output_buffer_2dINS_5arrayI8ap_fixedILi16ELi6EL9ap_q_mode5EL9_6|       pointer|
|p_ZZN4nnet24compute_output_buffer_2dINS_5arrayI8ap_fixedILi16ELi6EL9ap_q_mode5EL9_5   |   in|   16|     ap_none|   p_ZZN4nnet24compute_output_buffer_2dINS_5arrayI8ap_fixedILi16ELi6EL9ap_q_mode5EL9_5|       pointer|
|p_ZZN4nnet24compute_output_buffer_2dINS_5arrayI8ap_fixedILi16ELi6EL9ap_q_mode5EL9_4   |   in|   16|     ap_none|   p_ZZN4nnet24compute_output_buffer_2dINS_5arrayI8ap_fixedILi16ELi6EL9ap_q_mode5EL9_4|       pointer|
|p_ZZN4nnet24compute_output_buffer_2dINS_5arrayI8ap_fixedILi16ELi6EL9ap_q_mode5EL9_3   |   in|   16|     ap_none|   p_ZZN4nnet24compute_output_buffer_2dINS_5arrayI8ap_fixedILi16ELi6EL9ap_q_mode5EL9_3|       pointer|
|p_ZZN4nnet24compute_output_buffer_2dINS_5arrayI8ap_fixedILi16ELi6EL9ap_q_mode5EL9_2   |   in|   16|     ap_none|   p_ZZN4nnet24compute_output_buffer_2dINS_5arrayI8ap_fixedILi16ELi6EL9ap_q_mode5EL9_2|       pointer|
|p_ZZN4nnet24compute_output_buffer_2dINS_5arrayI8ap_fixedILi16ELi6EL9ap_q_mode5EL9_1   |   in|   16|     ap_none|   p_ZZN4nnet24compute_output_buffer_2dINS_5arrayI8ap_fixedILi16ELi6EL9ap_q_mode5EL9_1|       pointer|
|p_ZZN4nnet24compute_output_buffer_2dINS_5arrayI8ap_fixedILi16ELi6EL9ap_q_mode5EL9     |   in|   16|     ap_none|     p_ZZN4nnet24compute_output_buffer_2dINS_5arrayI8ap_fixedILi16ELi6EL9ap_q_mode5EL9|       pointer|
+--------------------------------------------------------------------------------------+-----+-----+------------+--------------------------------------------------------------------------------------+--------------+

