

================================================================
== Vitis HLS Report for 'normalize_array_ap_fixed_4u_array_ap_fixed_16_6_5_3_0_4u_config6_s'
================================================================
* Date:           Thu Apr 23 22:46:38 2026

* Version:        2025.2 (Build 6295257 on Nov 14 2025)
* Project:        folo_prj
* Solution:       solution1 (Vivado IP Flow Target)
* Product family: kintexu
* Target device:  xcku035-fbva676-2-e


================================================================
== Performance Estimates
================================================================
+ Timing: 
    * Summary: 
    +--------+---------+----------+------------+
    |  Clock |  Target | Estimated| Uncertainty|
    +--------+---------+----------+------------+
    |ap_clk  |  5.00 ns|  3.570 ns|     1.35 ns|
    +--------+---------+----------+------------+

+ Latency: 
    * Summary: 
    +---------+---------+-----------+-----------+-------+-------+------------------------------------------------+
    |  Latency (cycles) |   Latency (absolute)  |    Interval   |                    Pipeline                    |
    |   min   |   max   |    min    |    max    |  min  |  max  |                      Type                      |
    +---------+---------+-----------+-----------+-------+-------+------------------------------------------------+
    |    16387|    16387|  81.935 us|  81.935 us|  16384|  16384|  loop auto-rewind stp (delay=0 clock cycles(s))|
    +---------+---------+-----------+-----------+-------+-------+------------------------------------------------+

    + Detail: 
        * Instance: 
        N/A

        * Loop: 
        +-----------------+---------+---------+----------+-----------+-----------+-------+----------+
        |                 |  Latency (cycles) | Iteration|  Initiation Interval  |  Trip |          |
        |    Loop Name    |   min   |   max   |  Latency |  achieved |   target  | Count | Pipelined|
        +-----------------+---------+---------+----------+-----------+-----------+-------+----------+
        |- BatchNormLoop  |    16385|    16385|         3|          1|          1|  16384|       yes|
        +-----------------+---------+---------+----------+-----------+-----------+-------+----------+



================================================================
== Utilization Estimates
================================================================
* Summary: 
+-----------------+---------+------+--------+--------+-----+
|       Name      | BRAM_18K|  DSP |   FF   |   LUT  | URAM|
+-----------------+---------+------+--------+--------+-----+
|DSP              |        -|     -|       -|       -|    -|
|Expression       |        -|     -|       0|     184|    -|
|FIFO             |        -|     -|       -|       -|    -|
|Instance         |        -|     4|       0|      16|    -|
|Memory           |        -|     -|       -|       -|    -|
|Multiplexer      |        -|     -|       0|      54|    -|
|Register         |        -|     -|     188|       -|    -|
+-----------------+---------+------+--------+--------+-----+
|Total            |        0|     4|     188|     254|    0|
+-----------------+---------+------+--------+--------+-----+
|Available        |     1080|  1700|  406256|  203128|    0|
+-----------------+---------+------+--------+--------+-----+
|Utilization (%)  |        0|    ~0|      ~0|      ~0|    0|
+-----------------+---------+------+--------+--------+-----+

+ Detail: 
    * Instance: 
    +--------------------------+---------------------+---------+----+---+----+-----+
    |         Instance         |        Module       | BRAM_18K| DSP| FF| LUT| URAM|
    +--------------------------+---------------------+---------+----+---+----+-----+
    |mul_16s_12ns_26_1_1_U288  |mul_16s_12ns_26_1_1  |        0|   1|  0|   4|    0|
    |mul_16s_13ns_26_1_1_U289  |mul_16s_13ns_26_1_1  |        0|   1|  0|   4|    0|
    |mul_16s_13ns_26_1_1_U290  |mul_16s_13ns_26_1_1  |        0|   1|  0|   4|    0|
    |mul_16s_13ns_26_1_1_U291  |mul_16s_13ns_26_1_1  |        0|   1|  0|   4|    0|
    +--------------------------+---------------------+---------+----+---+----+-----+
    |Total                     |                     |        0|   4|  0|  16|    0|
    +--------------------------+---------------------+---------+----+---+----+-----+

    * DSP: 
    N/A

    * Memory: 
    N/A

    * FIFO: 
    N/A

    * Expression: 
    +---------------------------------------+----------+----+---+----+------------+------------+
    |             Variable Name             | Operation| DSP| FF| LUT| Bitwidth P0| Bitwidth P1|
    +---------------------------------------+----------+----+---+----+------------+------------+
    |add_ln42_25_fu_1114333_p2              |         +|   0|  0|  33|          26|          21|
    |add_ln42_26_fu_1114339_p2              |         +|   0|  0|  33|          26|          20|
    |add_ln42_27_fu_1114345_p2              |         +|   0|  0|  33|          26|          19|
    |add_ln42_fu_1114317_p2                 |         +|   0|  0|  33|          26|          18|
    |i_fu_1114284_p2                        |         +|   0|  0|  21|          14|           1|
    |ap_condition_119                       |       and|   0|  0|   2|           1|           1|
    |icmp_ln25_fu_1114290_p2                |      icmp|   0|  0|  21|          14|           2|
    |ap_block_pp0_stage0_01001_grp1         |        or|   0|  0|   2|           1|           1|
    |ap_block_pp0_stage0_11001              |        or|   0|  0|   2|           1|           1|
    |ap_block_state1_pp0_stage0_iter0_grp1  |        or|   0|  0|   2|           1|           1|
    |ap_enable_pp0                          |       xor|   0|  0|   2|           1|           2|
    +---------------------------------------+----------+----+---+----+------------+------------+
    |Total                                  |          |   0|  0| 184|         137|          87|
    +---------------------------------------+----------+----+---+----+------------+------------+

    * Multiplexer: 
    +----------------------------------+----+-----------+-----+-----------+
    |               Name               | LUT| Input Size| Bits| Total Bits|
    +----------------------------------+----+-----------+-----+-----------+
    |ap_done_int                       |   9|          2|    1|          2|
    |ap_loop_exit_ready_pp0_iter2_reg  |   9|          2|    1|          2|
    |ap_sig_allocacmp_i_33             |   9|          2|   14|         28|
    |i_021_fu_80                       |   9|          2|   14|         28|
    |layer5_out_blk_n                  |   9|          2|    1|          2|
    |layer6_out_blk_n                  |   9|          2|    1|          2|
    +----------------------------------+----+-----------+-----+-----------+
    |Total                             |  54|         12|   32|         64|
    +----------------------------------+----+-----------+-----+-----------+

    * Register: 
    +----------------------------------+----+----+-----+-----------+
    |               Name               | FF | LUT| Bits| Const Bits|
    +----------------------------------+----+----+-----+-----------+
    |a_12_reg_1114411                  |  16|   0|   16|          0|
    |a_13_reg_1114416                  |  16|   0|   16|          0|
    |a_19_reg_1114406                  |  16|   0|   16|          0|
    |a_reg_1114401                     |  16|   0|   16|          0|
    |ap_CS_fsm                         |   1|   0|    1|          0|
    |ap_done_reg                       |   1|   0|    1|          0|
    |ap_enable_reg_pp0_iter1           |   1|   0|    1|          0|
    |ap_enable_reg_pp0_iter2           |   1|   0|    1|          0|
    |ap_loop_exit_ready_pp0_iter1_reg  |   1|   0|    1|          0|
    |ap_loop_exit_ready_pp0_iter2_reg  |   1|   0|    1|          0|
    |i_021_fu_80                       |  14|   0|   14|          0|
    |mul_ln42_48_reg_1114229           |  26|   0|   26|          0|
    |mul_ln42_49_reg_1114233           |  26|   0|   26|          0|
    |mul_ln42_50_reg_1114237           |  26|   0|   26|          0|
    |mul_ln42_reg_1114225              |  26|   0|   26|          0|
    +----------------------------------+----+----+-----+-----------+
    |Total                             | 188|   0|  188|          0|
    +----------------------------------+----+----+-----+-----------+



================================================================
== Interface
================================================================
* Summary: 
+---------------------------+-----+-----+------------+----------------------------------------------------------------------+--------------+
|         RTL Ports         | Dir | Bits|  Protocol  |                             Source Object                            |    C Type    |
+---------------------------+-----+-----+------------+----------------------------------------------------------------------+--------------+
|ap_clk                     |   in|    1|  ap_ctrl_hs|  normalize<array<ap_fixed,4u>,array<ap_fixed<16,6,5,3,0>,4u>,config6>|  return value|
|ap_rst                     |   in|    1|  ap_ctrl_hs|  normalize<array<ap_fixed,4u>,array<ap_fixed<16,6,5,3,0>,4u>,config6>|  return value|
|ap_start                   |   in|    1|  ap_ctrl_hs|  normalize<array<ap_fixed,4u>,array<ap_fixed<16,6,5,3,0>,4u>,config6>|  return value|
|ap_done                    |  out|    1|  ap_ctrl_hs|  normalize<array<ap_fixed,4u>,array<ap_fixed<16,6,5,3,0>,4u>,config6>|  return value|
|ap_continue                |   in|    1|  ap_ctrl_hs|  normalize<array<ap_fixed,4u>,array<ap_fixed<16,6,5,3,0>,4u>,config6>|  return value|
|ap_idle                    |  out|    1|  ap_ctrl_hs|  normalize<array<ap_fixed,4u>,array<ap_fixed<16,6,5,3,0>,4u>,config6>|  return value|
|ap_ready                   |  out|    1|  ap_ctrl_hs|  normalize<array<ap_fixed,4u>,array<ap_fixed<16,6,5,3,0>,4u>,config6>|  return value|
|layer5_out_dout            |   in|   64|     ap_fifo|                                                            layer5_out|       pointer|
|layer5_out_empty_n         |   in|    1|     ap_fifo|                                                            layer5_out|       pointer|
|layer5_out_read            |  out|    1|     ap_fifo|                                                            layer5_out|       pointer|
|layer5_out_num_data_valid  |   in|    2|     ap_fifo|                                                            layer5_out|       pointer|
|layer5_out_fifo_cap        |   in|    2|     ap_fifo|                                                            layer5_out|       pointer|
|layer6_out_din             |  out|   64|     ap_fifo|                                                            layer6_out|       pointer|
|layer6_out_full_n          |   in|    1|     ap_fifo|                                                            layer6_out|       pointer|
|layer6_out_write           |  out|    1|     ap_fifo|                                                            layer6_out|       pointer|
|layer6_out_num_data_valid  |   in|   32|     ap_fifo|                                                            layer6_out|       pointer|
|layer6_out_fifo_cap        |   in|   32|     ap_fifo|                                                            layer6_out|       pointer|
+---------------------------+-----+-----+------------+----------------------------------------------------------------------+--------------+

