

================================================================
== Vitis HLS Report for 'normalize_array_ap_fixed_8u_array_ap_fixed_27_9_5_3_0_8u_config20_s'
================================================================
* Date:           Fri Apr 24 00:23:03 2026

* Version:        2025.2 (Build 6295257 on Nov 14 2025)
* Project:        folo_prj
* Solution:       solution1 (Vivado IP Flow Target)
* Product family: kintexu
* Target device:  xcku035-fbva676-2-e


================================================================
== Performance Estimates
================================================================
+ Timing: 
    * Summary: 
    +--------+---------+----------+------------+
    |  Clock |  Target | Estimated| Uncertainty|
    +--------+---------+----------+------------+
    |ap_clk  |  5.00 ns|  3.434 ns|     1.35 ns|
    +--------+---------+----------+------------+

+ Latency: 
    * Summary: 
    +---------+---------+-----------+-----------+------+------+------------------------------------------------+
    |  Latency (cycles) |   Latency (absolute)  |   Interval  |                    Pipeline                    |
    |   min   |   max   |    min    |    max    |  min |  max |                      Type                      |
    +---------+---------+-----------+-----------+------+------+------------------------------------------------+
    |     3073|     3073|  15.365 us|  15.365 us|  3072|  3072|  loop auto-rewind stp (delay=0 clock cycles(s))|
    +---------+---------+-----------+-----------+------+------+------------------------------------------------+

    + Detail: 
        * Instance: 
        N/A

        * Loop: 
        +-----------------+---------+---------+----------+-----------+-----------+------+----------+
        |                 |  Latency (cycles) | Iteration|  Initiation Interval  | Trip |          |
        |    Loop Name    |   min   |   max   |  Latency |  achieved |   target  | Count| Pipelined|
        +-----------------+---------+---------+----------+-----------+-----------+------+----------+
        |- BatchNormLoop  |     3071|     3071|         3|          3|          8|  1024|       yes|
        +-----------------+---------+---------+----------+-----------+-----------+------+----------+



================================================================
== Utilization Estimates
================================================================
* Summary: 
+-----------------+---------+------+--------+--------+-----+
|       Name      | BRAM_18K|  DSP |   FF   |   LUT  | URAM|
+-----------------+---------+------+--------+--------+-----+
|DSP              |        -|     -|       -|       -|    -|
|Expression       |        -|     -|       0|     258|    -|
|FIFO             |        -|     -|       -|       -|    -|
|Instance         |        -|     8|       0|      46|    -|
|Memory           |        -|     -|       -|       -|    -|
|Multiplexer      |        -|     -|       0|      56|    -|
|Register         |        -|     -|     260|       -|    -|
+-----------------+---------+------+--------+--------+-----+
|Total            |        0|     8|     260|     360|    0|
+-----------------+---------+------+--------+--------+-----+
|Available        |     1080|  1700|  406256|  203128|    0|
+-----------------+---------+------+--------+--------+-----+
|Utilization (%)  |        0|    ~0|      ~0|      ~0|    0|
+-----------------+---------+------+--------+--------+-----+

+ Detail: 
    * Instance: 
    +--------------------------+---------------------+---------+----+---+----+-----+
    |         Instance         |        Module       | BRAM_18K| DSP| FF| LUT| URAM|
    +--------------------------+---------------------+---------+----+---+----+-----+
    |mul_10s_11ns_20_1_1_U942  |mul_10s_11ns_20_1_1  |        0|   1|  0|   6|    0|
    |mul_10s_11ns_20_1_1_U946  |mul_10s_11ns_20_1_1  |        0|   1|  0|   6|    0|
    |mul_10s_11ns_20_1_1_U947  |mul_10s_11ns_20_1_1  |        0|   1|  0|   6|    0|
    |mul_10s_11ns_21_1_1_U943  |mul_10s_11ns_21_1_1  |        0|   1|  0|   6|    0|
    |mul_10s_11ns_21_1_1_U945  |mul_10s_11ns_21_1_1  |        0|   1|  0|   6|    0|
    |mul_10s_11ns_21_1_1_U948  |mul_10s_11ns_21_1_1  |        0|   1|  0|   6|    0|
    |mul_10s_12ns_21_1_1_U941  |mul_10s_12ns_21_1_1  |        0|   1|  0|   5|    0|
    |mul_10s_12ns_22_1_1_U944  |mul_10s_12ns_22_1_1  |        0|   1|  0|   5|    0|
    +--------------------------+---------------------+---------+----+---+----+-----+
    |Total                     |                     |        0|   8|  0|  46|    0|
    +--------------------------+---------------------+---------+----+---+----+-----+

    * DSP: 
    N/A

    * Memory: 
    N/A

    * FIFO: 
    N/A

    * Expression: 
    +----------------------------------+----------+----+---+----+------------+------------+
    |           Variable Name          | Operation| DSP| FF| LUT| Bitwidth P0| Bitwidth P1|
    +----------------------------------+----------+----+---+----+------------+------------+
    |add_ln42_1_fu_34104_p2            |         +|   0|  0|  27|          20|          18|
    |add_ln42_2_fu_34114_p2            |         +|   0|  0|  28|          21|          18|
    |add_ln42_3_fu_34124_p2            |         +|   0|  0|  28|          21|          19|
    |add_ln42_4_fu_34134_p2            |         +|   0|  0|  29|          22|          19|
    |add_ln42_5_fu_34144_p2            |         +|   0|  0|  27|          20|          17|
    |add_ln42_6_fu_34154_p2            |         +|   0|  0|  28|          21|          20|
    |add_ln42_7_fu_34164_p2            |         +|   0|  0|  27|          20|          18|
    |add_ln42_fu_34094_p2              |         +|   0|  0|  28|          21|          18|
    |i_fu_34195_p2                     |         +|   0|  0|  17|          10|           1|
    |icmp_ln25_fu_34201_p2             |      icmp|   0|  0|  17|          10|           2|
    |ap_block_state1_pp0_stage0_iter0  |        or|   0|  0|   2|           1|           1|
    +----------------------------------+----------+----+---+----+------------+------------+
    |Total                             |          |   0|  0| 258|         187|         151|
    +----------------------------------+----------+----+---+----+------------+------------+

    * Multiplexer: 
    +-------------------+----+-----------+-----+-----------+
    |        Name       | LUT| Input Size| Bits| Total Bits|
    +-------------------+----+-----------+-----+-----------+
    |ap_NS_fsm          |  20|          4|    1|          4|
    |ap_done_int        |   9|          2|    1|          2|
    |i_021_fu_106       |   9|          2|   10|         20|
    |layer19_out_blk_n  |   9|          2|    1|          2|
    |layer20_out_blk_n  |   9|          2|    1|          2|
    +-------------------+----+-----------+-----+-----------+
    |Total              |  56|         12|   14|         30|
    +-------------------+----+-----------+-----+-----------+

    * Register: 
    +----------------------+----+----+-----+-----------+
    |         Name         | FF | LUT| Bits| Const Bits|
    +----------------------+----+----+-----+-----------+
    |a_1_reg_34224         |  10|   0|   10|          0|
    |a_2_reg_34229         |  10|   0|   10|          0|
    |a_3_reg_34234         |  10|   0|   10|          0|
    |a_4_reg_34239         |  10|   0|   10|          0|
    |a_5_reg_34244         |  10|   0|   10|          0|
    |a_6_reg_34249         |  10|   0|   10|          0|
    |a_7_reg_34254         |  10|   0|   10|          0|
    |a_reg_34219           |  10|   0|   10|          0|
    |ap_CS_fsm             |   3|   0|    3|          0|
    |ap_done_reg           |   1|   0|    1|          0|
    |i_021_fu_106          |  10|   0|   10|          0|
    |mul_ln42_1_reg_33967  |  20|   0|   20|          0|
    |mul_ln42_2_reg_33971  |  21|   0|   21|          0|
    |mul_ln42_3_reg_33975  |  20|   0|   20|          0|
    |mul_ln42_reg_33951    |  20|   0|   20|          0|
    |mul_ln73_1_reg_33955  |  21|   0|   21|          0|
    |mul_ln73_2_reg_33959  |  21|   0|   21|          0|
    |mul_ln73_3_reg_33963  |  22|   0|   22|          0|
    |mul_ln73_reg_33947    |  21|   0|   21|          0|
    +----------------------+----+----+-----+-----------+
    |Total                 | 260|   0|  260|          0|
    +----------------------+----+----+-----+-----------+



================================================================
== Interface
================================================================
* Summary: 
+----------------------------+-----+-----+------------+-----------------------------------------------------------------------+--------------+
|          RTL Ports         | Dir | Bits|  Protocol  |                             Source Object                             |    C Type    |
+----------------------------+-----+-----+------------+-----------------------------------------------------------------------+--------------+
|ap_clk                      |   in|    1|  ap_ctrl_hs|  normalize<array<ap_fixed,8u>,array<ap_fixed<27,9,5,3,0>,8u>,config20>|  return value|
|ap_rst                      |   in|    1|  ap_ctrl_hs|  normalize<array<ap_fixed,8u>,array<ap_fixed<27,9,5,3,0>,8u>,config20>|  return value|
|ap_start                    |   in|    1|  ap_ctrl_hs|  normalize<array<ap_fixed,8u>,array<ap_fixed<27,9,5,3,0>,8u>,config20>|  return value|
|ap_done                     |  out|    1|  ap_ctrl_hs|  normalize<array<ap_fixed,8u>,array<ap_fixed<27,9,5,3,0>,8u>,config20>|  return value|
|ap_continue                 |   in|    1|  ap_ctrl_hs|  normalize<array<ap_fixed,8u>,array<ap_fixed<27,9,5,3,0>,8u>,config20>|  return value|
|ap_idle                     |  out|    1|  ap_ctrl_hs|  normalize<array<ap_fixed,8u>,array<ap_fixed<27,9,5,3,0>,8u>,config20>|  return value|
|ap_ready                    |  out|    1|  ap_ctrl_hs|  normalize<array<ap_fixed,8u>,array<ap_fixed<27,9,5,3,0>,8u>,config20>|  return value|
|layer20_out_din             |  out|  216|     ap_fifo|                                                            layer20_out|       pointer|
|layer20_out_full_n          |   in|    1|     ap_fifo|                                                            layer20_out|       pointer|
|layer20_out_write           |  out|    1|     ap_fifo|                                                            layer20_out|       pointer|
|layer20_out_num_data_valid  |   in|    2|     ap_fifo|                                                            layer20_out|       pointer|
|layer20_out_fifo_cap        |   in|    2|     ap_fifo|                                                            layer20_out|       pointer|
|layer19_out_dout            |   in|   80|     ap_fifo|                                                            layer19_out|       pointer|
|layer19_out_empty_n         |   in|    1|     ap_fifo|                                                            layer19_out|       pointer|
|layer19_out_read            |  out|    1|     ap_fifo|                                                            layer19_out|       pointer|
|layer19_out_num_data_valid  |   in|    2|     ap_fifo|                                                            layer19_out|       pointer|
|layer19_out_fifo_cap        |   in|    2|     ap_fifo|                                                            layer19_out|       pointer|
+----------------------------+-----+-----+------------+-----------------------------------------------------------------------+--------------+

