

================================================================
== Vitis HLS Report for 'normalize_array_ap_fixed_6u_array_ap_fixed_27_9_5_3_0_6u_config13_s'
================================================================
* Date:           Fri Apr 24 00:23:01 2026

* Version:        2025.2 (Build 6295257 on Nov 14 2025)
* Project:        folo_prj
* Solution:       solution1 (Vivado IP Flow Target)
* Product family: kintexu
* Target device:  xcku035-fbva676-2-e


================================================================
== Performance Estimates
================================================================
+ Timing: 
    * Summary: 
    +--------+---------+----------+------------+
    |  Clock |  Target | Estimated| Uncertainty|
    +--------+---------+----------+------------+
    |ap_clk  |  5.00 ns|  3.434 ns|     1.35 ns|
    +--------+---------+----------+------------+

+ Latency: 
    * Summary: 
    +---------+---------+-----------+-----------+-------+-------+------------------------------------------------+
    |  Latency (cycles) |   Latency (absolute)  |    Interval   |                    Pipeline                    |
    |   min   |   max   |    min    |    max    |  min  |  max  |                      Type                      |
    +---------+---------+-----------+-----------+-------+-------+------------------------------------------------+
    |    12289|    12289|  61.445 us|  61.445 us|  12288|  12288|  loop auto-rewind stp (delay=0 clock cycles(s))|
    +---------+---------+-----------+-----------+-------+-------+------------------------------------------------+

    + Detail: 
        * Instance: 
        N/A

        * Loop: 
        +-----------------+---------+---------+----------+-----------+-----------+------+----------+
        |                 |  Latency (cycles) | Iteration|  Initiation Interval  | Trip |          |
        |    Loop Name    |   min   |   max   |  Latency |  achieved |   target  | Count| Pipelined|
        +-----------------+---------+---------+----------+-----------+-----------+------+----------+
        |- BatchNormLoop  |    12287|    12287|         3|          3|          8|  4096|       yes|
        +-----------------+---------+---------+----------+-----------+-----------+------+----------+



================================================================
== Utilization Estimates
================================================================
* Summary: 
+-----------------+---------+------+--------+--------+-----+
|       Name      | BRAM_18K|  DSP |   FF   |   LUT  | URAM|
+-----------------+---------+------+--------+--------+-----+
|DSP              |        -|     -|       -|       -|    -|
|Expression       |        -|     -|       0|     206|    -|
|FIFO             |        -|     -|       -|       -|    -|
|Instance         |        -|     6|       0|      33|    -|
|Memory           |        -|     -|       -|       -|    -|
|Multiplexer      |        -|     -|       0|      56|    -|
|Register         |        -|     -|     200|       -|    -|
+-----------------+---------+------+--------+--------+-----+
|Total            |        0|     6|     200|     295|    0|
+-----------------+---------+------+--------+--------+-----+
|Available        |     1080|  1700|  406256|  203128|    0|
+-----------------+---------+------+--------+--------+-----+
|Utilization (%)  |        0|    ~0|      ~0|      ~0|    0|
+-----------------+---------+------+--------+--------+-----+

+ Detail: 
    * Instance: 
    +--------------------------+---------------------+---------+----+---+----+-----+
    |         Instance         |        Module       | BRAM_18K| DSP| FF| LUT| URAM|
    +--------------------------+---------------------+---------+----+---+----+-----+
    |mul_10s_11ns_20_1_1_U483  |mul_10s_11ns_20_1_1  |        0|   1|  0|   6|    0|
    |mul_10s_11ns_20_1_1_U484  |mul_10s_11ns_20_1_1  |        0|   1|  0|   6|    0|
    |mul_10s_11ns_20_1_1_U488  |mul_10s_11ns_20_1_1  |        0|   1|  0|   6|    0|
    |mul_10s_12ns_21_1_1_U485  |mul_10s_12ns_21_1_1  |        0|   1|  0|   5|    0|
    |mul_10s_12ns_21_1_1_U486  |mul_10s_12ns_21_1_1  |        0|   1|  0|   5|    0|
    |mul_10s_12ns_22_1_1_U487  |mul_10s_12ns_22_1_1  |        0|   1|  0|   5|    0|
    +--------------------------+---------------------+---------+----+---+----+-----+
    |Total                     |                     |        0|   6|  0|  33|    0|
    +--------------------------+---------------------+---------+----+---+----+-----+

    * DSP: 
    N/A

    * Memory: 
    N/A

    * FIFO: 
    N/A

    * Expression: 
    +----------------------------------+----------+----+---+----+------------+------------+
    |           Variable Name          | Operation| DSP| FF| LUT| Bitwidth P0| Bitwidth P1|
    +----------------------------------+----------+----+---+----+------------+------------+
    |add_ln42_15_fu_77054_p2           |         +|   0|  0|  27|          20|          12|
    |add_ln42_16_fu_77064_p2           |         +|   0|  0|  27|          20|          14|
    |add_ln42_17_fu_77074_p2           |         +|   0|  0|  28|          21|          13|
    |add_ln42_18_fu_77084_p2           |         +|   0|  0|  29|          22|          17|
    |add_ln42_19_fu_77094_p2           |         +|   0|  0|  27|          20|          15|
    |add_ln42_fu_77044_p2              |         +|   0|  0|  28|          21|          17|
    |i_fu_77121_p2                     |         +|   0|  0|  19|          12|           1|
    |icmp_ln25_fu_77127_p2             |      icmp|   0|  0|  19|          12|           2|
    |ap_block_state1_pp0_stage0_iter0  |        or|   0|  0|   2|           1|           1|
    +----------------------------------+----------+----+---+----+------------+------------+
    |Total                             |          |   0|  0| 206|         149|          92|
    +----------------------------------+----------+----+---+----+------------+------------+

    * Multiplexer: 
    +-------------------+----+-----------+-----+-----------+
    |        Name       | LUT| Input Size| Bits| Total Bits|
    +-------------------+----+-----------+-----+-----------+
    |ap_NS_fsm          |  20|          4|    1|          4|
    |ap_done_int        |   9|          2|    1|          2|
    |i_021_fu_92        |   9|          2|   12|         24|
    |layer12_out_blk_n  |   9|          2|    1|          2|
    |layer13_out_blk_n  |   9|          2|    1|          2|
    +-------------------+----+-----------+-----+-----------+
    |Total              |  56|         12|   16|         34|
    +-------------------+----+-----------+-----+-----------+

    * Register: 
    +-----------------------+----+----+-----+-----------+
    |          Name         | FF | LUT| Bits| Const Bits|
    +-----------------------+----+----+-----+-----------+
    |a_11_reg_77150         |  10|   0|   10|          0|
    |a_5_reg_77155          |  10|   0|   10|          0|
    |a_6_reg_77160          |  10|   0|   10|          0|
    |a_7_reg_77165          |  10|   0|   10|          0|
    |a_8_reg_77170          |  10|   0|   10|          0|
    |a_reg_77145            |  10|   0|   10|          0|
    |ap_CS_fsm              |   3|   0|    3|          0|
    |ap_done_reg            |   1|   0|    1|          0|
    |i_021_fu_92            |  12|   0|   12|          0|
    |mul_ln42_10_reg_76945  |  21|   0|   21|          0|
    |mul_ln42_11_reg_76953  |  20|   0|   20|          0|
    |mul_ln42_8_reg_76937   |  20|   0|   20|          0|
    |mul_ln42_9_reg_76941   |  20|   0|   20|          0|
    |mul_ln42_reg_76933     |  21|   0|   21|          0|
    |mul_ln73_reg_76949     |  22|   0|   22|          0|
    +-----------------------+----+----+-----+-----------+
    |Total                  | 200|   0|  200|          0|
    +-----------------------+----+----+-----+-----------+



================================================================
== Interface
================================================================
* Summary: 
+----------------------------+-----+-----+------------+-----------------------------------------------------------------------+--------------+
|          RTL Ports         | Dir | Bits|  Protocol  |                             Source Object                             |    C Type    |
+----------------------------+-----+-----+------------+-----------------------------------------------------------------------+--------------+
|ap_clk                      |   in|    1|  ap_ctrl_hs|  normalize<array<ap_fixed,6u>,array<ap_fixed<27,9,5,3,0>,6u>,config13>|  return value|
|ap_rst                      |   in|    1|  ap_ctrl_hs|  normalize<array<ap_fixed,6u>,array<ap_fixed<27,9,5,3,0>,6u>,config13>|  return value|
|ap_start                    |   in|    1|  ap_ctrl_hs|  normalize<array<ap_fixed,6u>,array<ap_fixed<27,9,5,3,0>,6u>,config13>|  return value|
|ap_done                     |  out|    1|  ap_ctrl_hs|  normalize<array<ap_fixed,6u>,array<ap_fixed<27,9,5,3,0>,6u>,config13>|  return value|
|ap_continue                 |   in|    1|  ap_ctrl_hs|  normalize<array<ap_fixed,6u>,array<ap_fixed<27,9,5,3,0>,6u>,config13>|  return value|
|ap_idle                     |  out|    1|  ap_ctrl_hs|  normalize<array<ap_fixed,6u>,array<ap_fixed<27,9,5,3,0>,6u>,config13>|  return value|
|ap_ready                    |  out|    1|  ap_ctrl_hs|  normalize<array<ap_fixed,6u>,array<ap_fixed<27,9,5,3,0>,6u>,config13>|  return value|
|layer13_out_din             |  out|  162|     ap_fifo|                                                            layer13_out|       pointer|
|layer13_out_full_n          |   in|    1|     ap_fifo|                                                            layer13_out|       pointer|
|layer13_out_write           |  out|    1|     ap_fifo|                                                            layer13_out|       pointer|
|layer13_out_num_data_valid  |   in|    2|     ap_fifo|                                                            layer13_out|       pointer|
|layer13_out_fifo_cap        |   in|    2|     ap_fifo|                                                            layer13_out|       pointer|
|layer12_out_dout            |   in|   60|     ap_fifo|                                                            layer12_out|       pointer|
|layer12_out_empty_n         |   in|    1|     ap_fifo|                                                            layer12_out|       pointer|
|layer12_out_read            |  out|    1|     ap_fifo|                                                            layer12_out|       pointer|
|layer12_out_num_data_valid  |   in|    2|     ap_fifo|                                                            layer12_out|       pointer|
|layer12_out_fifo_cap        |   in|    2|     ap_fifo|                                                            layer12_out|       pointer|
+----------------------------+-----+-----+------------+-----------------------------------------------------------------------+--------------+

