

================================================================
== Vitis HLS Report for 'normalize_array_ap_fixed_8u_array_ap_fixed_16_6_5_3_0_8u_config17_s'
================================================================
* Date:           Thu Apr 23 22:46:40 2026

* Version:        2025.2 (Build 6295257 on Nov 14 2025)
* Project:        folo_prj
* Solution:       solution1 (Vivado IP Flow Target)
* Product family: kintexu
* Target device:  xcku035-fbva676-2-e


================================================================
== Performance Estimates
================================================================
+ Timing: 
    * Summary: 
    +--------+---------+----------+------------+
    |  Clock |  Target | Estimated| Uncertainty|
    +--------+---------+----------+------------+
    |ap_clk  |  5.00 ns|  3.570 ns|     1.35 ns|
    +--------+---------+----------+------------+

+ Latency: 
    * Summary: 
    +---------+---------+----------+----------+------+------+------------------------------------------------+
    |  Latency (cycles) |  Latency (absolute) |   Interval  |                    Pipeline                    |
    |   min   |   max   |    min   |    max   |  min |  max |                      Type                      |
    +---------+---------+----------+----------+------+------+------------------------------------------------+
    |     1027|     1027|  5.135 us|  5.135 us|  1024|  1024|  loop auto-rewind stp (delay=0 clock cycles(s))|
    +---------+---------+----------+----------+------+------+------------------------------------------------+

    + Detail: 
        * Instance: 
        N/A

        * Loop: 
        +-----------------+---------+---------+----------+-----------+-----------+------+----------+
        |                 |  Latency (cycles) | Iteration|  Initiation Interval  | Trip |          |
        |    Loop Name    |   min   |   max   |  Latency |  achieved |   target  | Count| Pipelined|
        +-----------------+---------+---------+----------+-----------+-----------+------+----------+
        |- BatchNormLoop  |     1025|     1025|         3|          1|          1|  1024|       yes|
        +-----------------+---------+---------+----------+-----------+-----------+------+----------+



================================================================
== Utilization Estimates
================================================================
* Summary: 
+-----------------+---------+------+--------+--------+-----+
|       Name      | BRAM_18K|  DSP |   FF   |   LUT  | URAM|
+-----------------+---------+------+--------+--------+-----+
|DSP              |        -|     -|       -|       -|    -|
|Expression       |        -|     -|       0|     307|    -|
|FIFO             |        -|     -|       -|       -|    -|
|Instance         |        -|     8|       0|      32|    -|
|Memory           |        -|     -|       -|       -|    -|
|Multiplexer      |        -|     -|       0|      63|    -|
|Register         |        -|     -|     352|       -|    -|
+-----------------+---------+------+--------+--------+-----+
|Total            |        0|     8|     352|     402|    0|
+-----------------+---------+------+--------+--------+-----+
|Available        |     1080|  1700|  406256|  203128|    0|
+-----------------+---------+------+--------+--------+-----+
|Utilization (%)  |        0|    ~0|      ~0|      ~0|    0|
+-----------------+---------+------+--------+--------+-----+

+ Detail: 
    * Instance: 
    +---------------------------+---------------------+---------+----+---+----+-----+
    |          Instance         |        Module       | BRAM_18K| DSP| FF| LUT| URAM|
    +---------------------------+---------------------+---------+----+---+----+-----+
    |mul_16s_10ns_25_1_1_U1433  |mul_16s_10ns_25_1_1  |        0|   1|  0|   4|    0|
    |mul_16s_11ns_26_1_1_U1431  |mul_16s_11ns_26_1_1  |        0|   1|  0|   4|    0|
    |mul_16s_11ns_26_1_1_U1432  |mul_16s_11ns_26_1_1  |        0|   1|  0|   4|    0|
    |mul_16s_11ns_26_1_1_U1434  |mul_16s_11ns_26_1_1  |        0|   1|  0|   4|    0|
    |mul_16s_11ns_26_1_1_U1435  |mul_16s_11ns_26_1_1  |        0|   1|  0|   4|    0|
    |mul_16s_11ns_26_1_1_U1436  |mul_16s_11ns_26_1_1  |        0|   1|  0|   4|    0|
    |mul_16s_11ns_26_1_1_U1437  |mul_16s_11ns_26_1_1  |        0|   1|  0|   4|    0|
    |mul_16s_12ns_26_1_1_U1430  |mul_16s_12ns_26_1_1  |        0|   1|  0|   4|    0|
    +---------------------------+---------------------+---------+----+---+----+-----+
    |Total                      |                     |        0|   8|  0|  32|    0|
    +---------------------------+---------------------+---------+----+---+----+-----+

    * DSP: 
    N/A

    * Memory: 
    N/A

    * FIFO: 
    N/A

    * Expression: 
    +---------------------------------------+----------+----+---+----+------------+------------+
    |             Variable Name             | Operation| DSP| FF| LUT| Bitwidth P0| Bitwidth P1|
    +---------------------------------------+----------+----+---+----+------------+------------+
    |add_ln42_10_fu_270717_p2               |         +|   0|  0|  33|          26|          20|
    |add_ln42_11_fu_270733_p2               |         +|   0|  0|  33|          26|          19|
    |add_ln42_12_fu_270749_p2               |         +|   0|  0|  33|          26|          20|
    |add_ln42_13_fu_270765_p2               |         +|   0|  0|  33|          26|          19|
    |add_ln42_14_fu_270781_p2               |         +|   0|  0|  33|          26|          20|
    |add_ln42_8_fu_270681_p2                |         +|   0|  0|  32|          25|          20|
    |add_ln42_9_fu_270701_p2                |         +|   0|  0|  33|          26|          20|
    |add_ln42_fu_270665_p2                  |         +|   0|  0|  33|          26|          19|
    |i_fu_270616_p2                         |         +|   0|  0|  17|          10|           1|
    |ap_condition_149                       |       and|   0|  0|   2|           1|           1|
    |icmp_ln25_fu_270622_p2                 |      icmp|   0|  0|  17|          10|           2|
    |ap_block_pp0_stage0_01001_grp1         |        or|   0|  0|   2|           1|           1|
    |ap_block_pp0_stage0_11001              |        or|   0|  0|   2|           1|           1|
    |ap_block_state1_pp0_stage0_iter0_grp1  |        or|   0|  0|   2|           1|           1|
    |ap_enable_pp0                          |       xor|   0|  0|   2|           1|           2|
    +---------------------------------------+----------+----+---+----+------------+------------+
    |Total                                  |          |   0|  0| 307|         232|         166|
    +---------------------------------------+----------+----+---+----+------------+------------+

    * Multiplexer: 
    +----------------------------------+----+-----------+-----+-----------+
    |               Name               | LUT| Input Size| Bits| Total Bits|
    +----------------------------------+----+-----------+-----+-----------+
    |ap_done_int                       |   9|          2|    1|          2|
    |ap_loop_exit_ready_pp0_iter2_reg  |   9|          2|    1|          2|
    |ap_sig_allocacmp_i_30             |   9|          2|   10|         20|
    |i_021_fu_116                      |   9|          2|   10|         20|
    |layer16_out_blk_n                 |   9|          2|    1|          2|
    |layer17_out_blk_n                 |   9|          2|    1|          2|
    |real_start                        |   9|          2|    1|          2|
    +----------------------------------+----+-----------+-----+-----------+
    |Total                             |  63|         14|   25|         50|
    +----------------------------------+----+-----------+-----+-----------+

    * Register: 
    +----------------------------------+----+----+-----+-----------+
    |               Name               | FF | LUT| Bits| Const Bits|
    +----------------------------------+----+----+-----+-----------+
    |a_16_reg_270830                   |  16|   0|   16|          0|
    |a_1_reg_270850                    |  16|   0|   16|          0|
    |a_2_reg_270855                    |  16|   0|   16|          0|
    |a_3_reg_270860                    |  16|   0|   16|          0|
    |a_7_reg_270835                    |  16|   0|   16|          0|
    |a_8_reg_270840                    |  16|   0|   16|          0|
    |a_9_reg_270845                    |  16|   0|   16|          0|
    |a_reg_270825                      |  16|   0|   16|          0|
    |ap_CS_fsm                         |   1|   0|    1|          0|
    |ap_done_reg                       |   1|   0|    1|          0|
    |ap_enable_reg_pp0_iter1           |   1|   0|    1|          0|
    |ap_enable_reg_pp0_iter2           |   1|   0|    1|          0|
    |ap_loop_exit_ready_pp0_iter1_reg  |   1|   0|    1|          0|
    |ap_loop_exit_ready_pp0_iter2_reg  |   1|   0|    1|          0|
    |i_021_fu_116                      |  10|   0|   10|          0|
    |mul_ln42_31_reg_270505            |  25|   0|   25|          0|
    |mul_ln42_32_reg_270509            |  26|   0|   26|          0|
    |mul_ln42_33_reg_270513            |  26|   0|   26|          0|
    |mul_ln42_34_reg_270517            |  26|   0|   26|          0|
    |mul_ln42_35_reg_270521            |  26|   0|   26|          0|
    |mul_ln42_36_reg_270525            |  26|   0|   26|          0|
    |mul_ln42_37_reg_270529            |  26|   0|   26|          0|
    |mul_ln42_reg_270501               |  26|   0|   26|          0|
    |start_once_reg                    |   1|   0|    1|          0|
    +----------------------------------+----+----+-----+-----------+
    |Total                             | 352|   0|  352|          0|
    +----------------------------------+----+----+-----+-----------+



================================================================
== Interface
================================================================
* Summary: 
+----------------------------+-----+-----+------------+-----------------------------------------------------------------------+--------------+
|          RTL Ports         | Dir | Bits|  Protocol  |                             Source Object                             |    C Type    |
+----------------------------+-----+-----+------------+-----------------------------------------------------------------------+--------------+
|ap_clk                      |   in|    1|  ap_ctrl_hs|  normalize<array<ap_fixed,8u>,array<ap_fixed<16,6,5,3,0>,8u>,config17>|  return value|
|ap_rst                      |   in|    1|  ap_ctrl_hs|  normalize<array<ap_fixed,8u>,array<ap_fixed<16,6,5,3,0>,8u>,config17>|  return value|
|ap_start                    |   in|    1|  ap_ctrl_hs|  normalize<array<ap_fixed,8u>,array<ap_fixed<16,6,5,3,0>,8u>,config17>|  return value|
|start_full_n                |   in|    1|  ap_ctrl_hs|  normalize<array<ap_fixed,8u>,array<ap_fixed<16,6,5,3,0>,8u>,config17>|  return value|
|ap_done                     |  out|    1|  ap_ctrl_hs|  normalize<array<ap_fixed,8u>,array<ap_fixed<16,6,5,3,0>,8u>,config17>|  return value|
|ap_continue                 |   in|    1|  ap_ctrl_hs|  normalize<array<ap_fixed,8u>,array<ap_fixed<16,6,5,3,0>,8u>,config17>|  return value|
|ap_idle                     |  out|    1|  ap_ctrl_hs|  normalize<array<ap_fixed,8u>,array<ap_fixed<16,6,5,3,0>,8u>,config17>|  return value|
|ap_ready                    |  out|    1|  ap_ctrl_hs|  normalize<array<ap_fixed,8u>,array<ap_fixed<16,6,5,3,0>,8u>,config17>|  return value|
|start_out                   |  out|    1|  ap_ctrl_hs|  normalize<array<ap_fixed,8u>,array<ap_fixed<16,6,5,3,0>,8u>,config17>|  return value|
|start_write                 |  out|    1|  ap_ctrl_hs|  normalize<array<ap_fixed,8u>,array<ap_fixed<16,6,5,3,0>,8u>,config17>|  return value|
|layer16_out_dout            |   in|  128|     ap_fifo|                                                            layer16_out|       pointer|
|layer16_out_empty_n         |   in|    1|     ap_fifo|                                                            layer16_out|       pointer|
|layer16_out_read            |  out|    1|     ap_fifo|                                                            layer16_out|       pointer|
|layer16_out_num_data_valid  |   in|    2|     ap_fifo|                                                            layer16_out|       pointer|
|layer16_out_fifo_cap        |   in|    2|     ap_fifo|                                                            layer16_out|       pointer|
|layer17_out_din             |  out|  128|     ap_fifo|                                                            layer17_out|       pointer|
|layer17_out_full_n          |   in|    1|     ap_fifo|                                                            layer17_out|       pointer|
|layer17_out_write           |  out|    1|     ap_fifo|                                                            layer17_out|       pointer|
|layer17_out_num_data_valid  |   in|   32|     ap_fifo|                                                            layer17_out|       pointer|
|layer17_out_fifo_cap        |   in|   32|     ap_fifo|                                                            layer17_out|       pointer|
+----------------------------+-----+-----+------------+-----------------------------------------------------------------------+--------------+

