

================================================================
== Vitis HLS Report for 'normalize_array_ap_fixed_4u_array_ap_fixed_27_9_5_3_0_4u_config3_s'
================================================================
* Date:           Fri Apr 24 00:23:00 2026

* Version:        2025.2 (Build 6295257 on Nov 14 2025)
* Project:        folo_prj
* Solution:       solution1 (Vivado IP Flow Target)
* Product family: kintexu
* Target device:  xcku035-fbva676-2-e


================================================================
== Performance Estimates
================================================================
+ Timing: 
    * Summary: 
    +--------+---------+----------+------------+
    |  Clock |  Target | Estimated| Uncertainty|
    +--------+---------+----------+------------+
    |ap_clk  |  5.00 ns|  3.502 ns|     1.35 ns|
    +--------+---------+----------+------------+

+ Latency: 
    * Summary: 
    +---------+---------+----------+----------+-------+-------+------------------------------------------------+
    |  Latency (cycles) |  Latency (absolute) |    Interval   |                    Pipeline                    |
    |   min   |   max   |    min   |    max   |  min  |  max  |                      Type                      |
    +---------+---------+----------+----------+-------+-------+------------------------------------------------+
    |    49153|    49153|  0.246 ms|  0.246 ms|  49152|  49152|  loop auto-rewind stp (delay=0 clock cycles(s))|
    +---------+---------+----------+----------+-------+-------+------------------------------------------------+

    + Detail: 
        * Instance: 
        N/A

        * Loop: 
        +-----------------+---------+---------+----------+-----------+-----------+-------+----------+
        |                 |  Latency (cycles) | Iteration|  Initiation Interval  |  Trip |          |
        |    Loop Name    |   min   |   max   |  Latency |  achieved |   target  | Count | Pipelined|
        +-----------------+---------+---------+----------+-----------+-----------+-------+----------+
        |- BatchNormLoop  |    49151|    49151|         3|          3|          8|  16384|       yes|
        +-----------------+---------+---------+----------+-----------+-----------+-------+----------+



================================================================
== Utilization Estimates
================================================================
* Summary: 
+-----------------+---------+------+--------+--------+-----+
|       Name      | BRAM_18K|  DSP |   FF   |   LUT  | URAM|
+-----------------+---------+------+--------+--------+-----+
|DSP              |        -|     -|       -|       -|    -|
|Expression       |        -|     -|       0|     163|    -|
|FIFO             |        -|     -|       -|       -|    -|
|Instance         |        -|     4|       0|      13|    -|
|Memory           |        -|     -|       -|       -|    -|
|Multiplexer      |        -|     -|       0|      65|    -|
|Register         |        -|     -|     150|       -|    -|
+-----------------+---------+------+--------+--------+-----+
|Total            |        0|     4|     150|     241|    0|
+-----------------+---------+------+--------+--------+-----+
|Available        |     1080|  1700|  406256|  203128|    0|
+-----------------+---------+------+--------+--------+-----+
|Utilization (%)  |        0|    ~0|      ~0|      ~0|    0|
+-----------------+---------+------+--------+--------+-----+

+ Detail: 
    * Instance: 
    +-------------------------+---------------------+---------+----+---+----+-----+
    |         Instance        |        Module       | BRAM_18K| DSP| FF| LUT| URAM|
    +-------------------------+---------------------+---------+----+---+----+-----+
    |mul_10s_13ns_22_1_1_U41  |mul_10s_13ns_22_1_1  |        0|   1|  0|   4|    0|
    |mul_10s_14ns_23_1_1_U38  |mul_10s_14ns_23_1_1  |        0|   1|  0|   3|    0|
    |mul_10s_14ns_23_1_1_U39  |mul_10s_14ns_23_1_1  |        0|   1|  0|   3|    0|
    |mul_10s_14ns_23_1_1_U40  |mul_10s_14ns_23_1_1  |        0|   1|  0|   3|    0|
    +-------------------------+---------------------+---------+----+---+----+-----+
    |Total                    |                     |        0|   4|  0|  13|    0|
    +-------------------------+---------------------+---------+----+---+----+-----+

    * DSP: 
    N/A

    * Memory: 
    N/A

    * FIFO: 
    N/A

    * Expression: 
    +----------------------------------+----------+----+---+----+------------+------------+
    |           Variable Name          | Operation| DSP| FF| LUT| Bitwidth P0| Bitwidth P1|
    +----------------------------------+----------+----+---+----+------------+------------+
    |add_ln42_28_fu_139458_p2          |         +|   0|  0|  30|          23|          16|
    |add_ln42_29_fu_139468_p2          |         +|   0|  0|  30|          23|          16|
    |add_ln42_30_fu_139478_p2          |         +|   0|  0|  30|          23|          16|
    |add_ln42_fu_139448_p2             |         +|   0|  0|  29|          22|          16|
    |i_fu_139501_p2                    |         +|   0|  0|  21|          14|           1|
    |icmp_ln25_fu_139507_p2            |      icmp|   0|  0|  21|          14|           2|
    |ap_block_state1_pp0_stage0_iter0  |        or|   0|  0|   2|           1|           1|
    +----------------------------------+----------+----+---+----+------------+------------+
    |Total                             |          |   0|  0| 163|         120|          68|
    +----------------------------------+----------+----+---+----+------------+------------+

    * Multiplexer: 
    +------------------+----+-----------+-----+-----------+
    |       Name       | LUT| Input Size| Bits| Total Bits|
    +------------------+----+-----------+-----+-----------+
    |ap_NS_fsm         |  20|          4|    1|          4|
    |ap_done_int       |   9|          2|    1|          2|
    |i_021_fu_76       |   9|          2|   14|         28|
    |layer2_out_blk_n  |   9|          2|    1|          2|
    |layer3_out_blk_n  |   9|          2|    1|          2|
    |real_start        |   9|          2|    1|          2|
    +------------------+----+-----------+-----+-----------+
    |Total             |  65|         14|   19|         40|
    +------------------+----+-----------+-----+-----------+

    * Register: 
    +------------------------+----+----+-----+-----------+
    |          Name          | FF | LUT| Bits| Const Bits|
    +------------------------+----+----+-----+-----------+
    |a_14_reg_139530         |  10|   0|   10|          0|
    |a_6_reg_139535          |  10|   0|   10|          0|
    |a_7_reg_139540          |  10|   0|   10|          0|
    |a_reg_139525            |  10|   0|   10|          0|
    |ap_CS_fsm               |   3|   0|    3|          0|
    |ap_done_reg             |   1|   0|    1|          0|
    |i_021_fu_76             |  14|   0|   14|          0|
    |mul_ln42_19_reg_139377  |  23|   0|   23|          0|
    |mul_ln42_20_reg_139381  |  23|   0|   23|          0|
    |mul_ln42_21_reg_139385  |  23|   0|   23|          0|
    |mul_ln42_reg_139373     |  22|   0|   22|          0|
    |start_once_reg          |   1|   0|    1|          0|
    +------------------------+----+----+-----+-----------+
    |Total                   | 150|   0|  150|          0|
    +------------------------+----+----+-----+-----------+



================================================================
== Interface
================================================================
* Summary: 
+---------------------------+-----+-----+------------+----------------------------------------------------------------------+--------------+
|         RTL Ports         | Dir | Bits|  Protocol  |                             Source Object                            |    C Type    |
+---------------------------+-----+-----+------------+----------------------------------------------------------------------+--------------+
|ap_clk                     |   in|    1|  ap_ctrl_hs|  normalize<array<ap_fixed,4u>,array<ap_fixed<27,9,5,3,0>,4u>,config3>|  return value|
|ap_rst                     |   in|    1|  ap_ctrl_hs|  normalize<array<ap_fixed,4u>,array<ap_fixed<27,9,5,3,0>,4u>,config3>|  return value|
|ap_start                   |   in|    1|  ap_ctrl_hs|  normalize<array<ap_fixed,4u>,array<ap_fixed<27,9,5,3,0>,4u>,config3>|  return value|
|start_full_n               |   in|    1|  ap_ctrl_hs|  normalize<array<ap_fixed,4u>,array<ap_fixed<27,9,5,3,0>,4u>,config3>|  return value|
|ap_done                    |  out|    1|  ap_ctrl_hs|  normalize<array<ap_fixed,4u>,array<ap_fixed<27,9,5,3,0>,4u>,config3>|  return value|
|ap_continue                |   in|    1|  ap_ctrl_hs|  normalize<array<ap_fixed,4u>,array<ap_fixed<27,9,5,3,0>,4u>,config3>|  return value|
|ap_idle                    |  out|    1|  ap_ctrl_hs|  normalize<array<ap_fixed,4u>,array<ap_fixed<27,9,5,3,0>,4u>,config3>|  return value|
|ap_ready                   |  out|    1|  ap_ctrl_hs|  normalize<array<ap_fixed,4u>,array<ap_fixed<27,9,5,3,0>,4u>,config3>|  return value|
|start_out                  |  out|    1|  ap_ctrl_hs|  normalize<array<ap_fixed,4u>,array<ap_fixed<27,9,5,3,0>,4u>,config3>|  return value|
|start_write                |  out|    1|  ap_ctrl_hs|  normalize<array<ap_fixed,4u>,array<ap_fixed<27,9,5,3,0>,4u>,config3>|  return value|
|layer3_out_din             |  out|  108|     ap_fifo|                                                            layer3_out|       pointer|
|layer3_out_full_n          |   in|    1|     ap_fifo|                                                            layer3_out|       pointer|
|layer3_out_write           |  out|    1|     ap_fifo|                                                            layer3_out|       pointer|
|layer3_out_num_data_valid  |   in|    2|     ap_fifo|                                                            layer3_out|       pointer|
|layer3_out_fifo_cap        |   in|    2|     ap_fifo|                                                            layer3_out|       pointer|
|layer2_out_dout            |   in|   40|     ap_fifo|                                                            layer2_out|       pointer|
|layer2_out_empty_n         |   in|    1|     ap_fifo|                                                            layer2_out|       pointer|
|layer2_out_read            |  out|    1|     ap_fifo|                                                            layer2_out|       pointer|
|layer2_out_num_data_valid  |   in|    2|     ap_fifo|                                                            layer2_out|       pointer|
|layer2_out_fifo_cap        |   in|    2|     ap_fifo|                                                            layer2_out|       pointer|
+---------------------------+-----+-----+------------+----------------------------------------------------------------------+--------------+

