

================================================================
== Vitis HLS Report for 'normalize_array_ap_fixed_8u_array_ap_fixed_12_6_5_3_0_8u_config20_s'
================================================================
* Date:           Wed Apr 22 16:02:15 2026

* Version:        2023.2 (Build 4023990 on Oct 11 2023)
* Project:        folo_prj
* Solution:       solution1 (Vivado IP Flow Target)
* Product family: kintexu
* Target device:  xcku035-fbva676-2-e


================================================================
== Performance Estimates
================================================================
+ Timing: 
    * Summary: 
    +--------+---------+----------+------------+
    |  Clock |  Target | Estimated| Uncertainty|
    +--------+---------+----------+------------+
    |ap_clk  |  5.00 ns|  3.434 ns|     1.35 ns|
    +--------+---------+----------+------------+

+ Latency: 
    * Summary: 
    +---------+---------+-----------+-----------+------+------+---------+
    |  Latency (cycles) |   Latency (absolute)  |   Interval  | Pipeline|
    |   min   |   max   |    min    |    max    |  min |  max |   Type  |
    +---------+---------+-----------+-----------+------+------+---------+
    |     4098|     4098|  20.490 us|  20.490 us|  4098|  4098|       no|
    +---------+---------+-----------+-----------+------+------+---------+

    + Detail: 
        * Instance: 
        N/A

        * Loop: 
        +-----------------+---------+---------+----------+-----------+-----------+------+----------+
        |                 |  Latency (cycles) | Iteration|  Initiation Interval  | Trip |          |
        |    Loop Name    |   min   |   max   |  Latency |  achieved |   target  | Count| Pipelined|
        +-----------------+---------+---------+----------+-----------+-----------+------+----------+
        |- BatchNormLoop  |     4096|     4096|         4|          4|         16|  1024|       yes|
        +-----------------+---------+---------+----------+-----------+-----------+------+----------+



================================================================
== Utilization Estimates
================================================================
* Summary: 
+-----------------+---------+------+--------+--------+-----+
|       Name      | BRAM_18K|  DSP |   FF   |   LUT  | URAM|
+-----------------+---------+------+--------+--------+-----+
|DSP              |        -|     -|       -|       -|    -|
|Expression       |        -|     -|       0|     295|    -|
|FIFO             |        -|     -|       -|       -|    -|
|Instance         |        -|     5|       0|      25|    -|
|Memory           |        -|     -|       -|       -|    -|
|Multiplexer      |        -|     -|       -|      71|    -|
|Register         |        -|     -|     226|       -|    -|
+-----------------+---------+------+--------+--------+-----+
|Total            |        0|     5|     226|     391|    0|
+-----------------+---------+------+--------+--------+-----+
|Available        |     1080|  1700|  406256|  203128|    0|
+-----------------+---------+------+--------+--------+-----+
|Utilization (%)  |        0|    ~0|      ~0|      ~0|    0|
+-----------------+---------+------+--------+--------+-----+

+ Detail: 
    * Instance: 
    +-------------------------+--------------------+---------+----+---+----+-----+
    |         Instance        |       Module       | BRAM_18K| DSP| FF| LUT| URAM|
    +-------------------------+--------------------+---------+----+---+----+-----+
    |mul_12s_7ns_18_1_1_U824  |mul_12s_7ns_18_1_1  |        0|   1|  0|   5|    0|
    |mul_12s_7ns_18_1_1_U826  |mul_12s_7ns_18_1_1  |        0|   1|  0|   5|    0|
    |mul_12s_8ns_18_1_1_U822  |mul_12s_8ns_18_1_1  |        0|   1|  0|   5|    0|
    |mul_12s_8ns_18_1_1_U823  |mul_12s_8ns_18_1_1  |        0|   1|  0|   5|    0|
    |mul_12s_8ns_18_1_1_U825  |mul_12s_8ns_18_1_1  |        0|   1|  0|   5|    0|
    +-------------------------+--------------------+---------+----+---+----+-----+
    |Total                    |                    |        0|   5|  0|  25|    0|
    +-------------------------+--------------------+---------+----+---+----+-----+

    * DSP: 
    N/A

    * Memory: 
    N/A

    * FIFO: 
    N/A

    * Expression: 
    +----------------------------------+----------+----+---+----+------------+------------+
    |           Variable Name          | Operation| DSP| FF| LUT| Bitwidth P0| Bitwidth P1|
    +----------------------------------+----------+----+---+----+------------+------------+
    |add_ln42_1_fu_11149_p2            |         +|   0|  0|  25|          18|          15|
    |add_ln42_2_fu_11165_p2            |         +|   0|  0|  25|          18|          13|
    |add_ln42_3_fu_11121_p2            |         +|   0|  0|  25|          18|          18|
    |add_ln42_4_fu_11181_p2            |         +|   0|  0|  25|          18|          14|
    |add_ln42_5_fu_11221_p2            |         +|   0|  0|  18|          18|          14|
    |add_ln42_6_fu_11237_p2            |         +|   0|  0|  25|          18|          11|
    |add_ln42_7_fu_11253_p2            |         +|   0|  0|  25|          18|          14|
    |add_ln42_8_fu_11059_p2            |         +|   0|  0|  22|          15|          13|
    |add_ln42_9_fu_11111_p2            |         +|   0|  0|  23|          16|          14|
    |add_ln42_fu_11069_p2              |         +|   0|  0|  25|          18|          18|
    |i_17_fu_10952_p2                  |         +|   0|  0|  18|          11|           1|
    |sub_ln73_fu_11215_p2              |         -|   0|  0|  18|          18|          18|
    |icmp_ln25_fu_10946_p2             |      icmp|   0|  0|  19|          11|          12|
    |ap_block_state1_pp0_stage0_iter0  |        or|   0|  0|   2|           1|           1|
    +----------------------------------+----------+----+---+----+------------+------------+
    |Total                             |          |   0|  0| 295|         216|         176|
    +----------------------------------+----------+----+---+----+------------+------------+

    * Multiplexer: 
    +--------------------+----+-----------+-----+-----------+
    |        Name        | LUT| Input Size| Bits| Total Bits|
    +--------------------+----+-----------+-----+-----------+
    |ap_NS_fsm           |  26|          5|    1|          5|
    |ap_done_int         |   9|          2|    1|          2|
    |ap_sig_allocacmp_i  |   9|          2|   11|         22|
    |i_02_fu_128         |   9|          2|   11|         22|
    |layer19_out_blk_n   |   9|          2|    1|          2|
    |layer20_out_blk_n   |   9|          2|    1|          2|
    +--------------------+----+-----------+-----+-----------+
    |Total               |  71|         15|   26|         55|
    +--------------------+----+-----------+-----+-----------+

    * Register: 
    +------------------------+----+----+-----+-----------+
    |          Name          | FF | LUT| Bits| Const Bits|
    +------------------------+----+----+-----+-----------+
    |a_1_reg_11303           |  12|   0|   12|          0|
    |a_2_reg_11308           |  12|   0|   12|          0|
    |a_3_reg_11313           |  12|   0|   12|          0|
    |a_4_reg_11318           |  12|   0|   12|          0|
    |a_reg_11298             |  12|   0|   12|          0|
    |ap_CS_fsm               |   4|   0|    4|          0|
    |ap_done_reg             |   1|   0|    1|          0|
    |i_02_fu_128             |  11|   0|   11|          0|
    |mul_ln42_1_reg_10921    |  18|   0|   18|          0|
    |mul_ln42_2_reg_10925    |  18|   0|   18|          0|
    |mul_ln42_3_reg_10929    |  18|   0|   18|          0|
    |mul_ln42_4_reg_10933    |  18|   0|   18|          0|
    |mul_ln42_reg_10917      |  18|   0|   18|          0|
    |tmp_2_reg_11329         |  12|   0|   12|          0|
    |tmp_4_reg_11335         |  12|   0|   12|          0|
    |trunc_ln41_3_reg_11346  |  12|   0|   12|          0|
    |trunc_ln73_reg_11323    |  12|   0|   12|          0|
    |trunc_ln_reg_11341      |  12|   0|   12|          0|
    +------------------------+----+----+-----+-----------+
    |Total                   | 226|   0|  226|          0|
    +------------------------+----+----+-----+-----------+



================================================================
== Interface
================================================================
* Summary: 
+----------------------------+-----+-----+------------+-----------------------------------------------------------------------+--------------+
|          RTL Ports         | Dir | Bits|  Protocol  |                             Source Object                             |    C Type    |
+----------------------------+-----+-----+------------+-----------------------------------------------------------------------+--------------+
|ap_clk                      |   in|    1|  ap_ctrl_hs|  normalize<array<ap_fixed,8u>,array<ap_fixed<12,6,5,3,0>,8u>,config20>|  return value|
|ap_rst                      |   in|    1|  ap_ctrl_hs|  normalize<array<ap_fixed,8u>,array<ap_fixed<12,6,5,3,0>,8u>,config20>|  return value|
|ap_start                    |   in|    1|  ap_ctrl_hs|  normalize<array<ap_fixed,8u>,array<ap_fixed<12,6,5,3,0>,8u>,config20>|  return value|
|ap_done                     |  out|    1|  ap_ctrl_hs|  normalize<array<ap_fixed,8u>,array<ap_fixed<12,6,5,3,0>,8u>,config20>|  return value|
|ap_continue                 |   in|    1|  ap_ctrl_hs|  normalize<array<ap_fixed,8u>,array<ap_fixed<12,6,5,3,0>,8u>,config20>|  return value|
|ap_idle                     |  out|    1|  ap_ctrl_hs|  normalize<array<ap_fixed,8u>,array<ap_fixed<12,6,5,3,0>,8u>,config20>|  return value|
|ap_ready                    |  out|    1|  ap_ctrl_hs|  normalize<array<ap_fixed,8u>,array<ap_fixed<12,6,5,3,0>,8u>,config20>|  return value|
|layer20_out_din             |  out|   96|     ap_fifo|                                                            layer20_out|       pointer|
|layer20_out_num_data_valid  |   in|   11|     ap_fifo|                                                            layer20_out|       pointer|
|layer20_out_fifo_cap        |   in|   11|     ap_fifo|                                                            layer20_out|       pointer|
|layer20_out_full_n          |   in|    1|     ap_fifo|                                                            layer20_out|       pointer|
|layer20_out_write           |  out|    1|     ap_fifo|                                                            layer20_out|       pointer|
|layer19_out_dout            |   in|   96|     ap_fifo|                                                            layer19_out|       pointer|
|layer19_out_num_data_valid  |   in|   11|     ap_fifo|                                                            layer19_out|       pointer|
|layer19_out_fifo_cap        |   in|   11|     ap_fifo|                                                            layer19_out|       pointer|
|layer19_out_empty_n         |   in|    1|     ap_fifo|                                                            layer19_out|       pointer|
|layer19_out_read            |  out|    1|     ap_fifo|                                                            layer19_out|       pointer|
+----------------------------+-----+-----+------------+-----------------------------------------------------------------------+--------------+

