

================================================================
== Vitis HLS Report for 'normalize_array_ap_fixed_6u_array_ap_fixed_12_6_5_3_0_6u_config10_s'
================================================================
* Date:           Wed Apr 22 16:02:09 2026

* Version:        2023.2 (Build 4023990 on Oct 11 2023)
* Project:        folo_prj
* Solution:       solution1 (Vivado IP Flow Target)
* Product family: kintexu
* Target device:  xcku035-fbva676-2-e


================================================================
== Performance Estimates
================================================================
+ Timing: 
    * Summary: 
    +--------+---------+----------+------------+
    |  Clock |  Target | Estimated| Uncertainty|
    +--------+---------+----------+------------+
    |ap_clk  |  5.00 ns|  3.434 ns|     1.35 ns|
    +--------+---------+----------+------------+

+ Latency: 
    * Summary: 
    +---------+---------+-----------+-----------+-------+-------+---------+
    |  Latency (cycles) |   Latency (absolute)  |    Interval   | Pipeline|
    |   min   |   max   |    min    |    max    |  min  |  max  |   Type  |
    +---------+---------+-----------+-----------+-------+-------+---------+
    |    16386|    16386|  81.930 us|  81.930 us|  16386|  16386|       no|
    +---------+---------+-----------+-----------+-------+-------+---------+

    + Detail: 
        * Instance: 
        N/A

        * Loop: 
        +-----------------+---------+---------+----------+-----------+-----------+------+----------+
        |                 |  Latency (cycles) | Iteration|  Initiation Interval  | Trip |          |
        |    Loop Name    |   min   |   max   |  Latency |  achieved |   target  | Count| Pipelined|
        +-----------------+---------+---------+----------+-----------+-----------+------+----------+
        |- BatchNormLoop  |    16384|    16384|         4|          4|         16|  4096|       yes|
        +-----------------+---------+---------+----------+-----------+-----------+------+----------+



================================================================
== Utilization Estimates
================================================================
* Summary: 
+-----------------+---------+------+--------+--------+-----+
|       Name      | BRAM_18K|  DSP |   FF   |   LUT  | URAM|
+-----------------+---------+------+--------+--------+-----+
|DSP              |        -|     -|       -|       -|    -|
|Expression       |        -|     -|       0|     204|    -|
|FIFO             |        -|     -|       -|       -|    -|
|Instance         |        -|     5|       0|      25|    -|
|Memory           |        -|     -|       -|       -|    -|
|Multiplexer      |        -|     -|       -|      80|    -|
|Register         |        -|     -|     181|       -|    -|
+-----------------+---------+------+--------+--------+-----+
|Total            |        0|     5|     181|     309|    0|
+-----------------+---------+------+--------+--------+-----+
|Available        |     1080|  1700|  406256|  203128|    0|
+-----------------+---------+------+--------+--------+-----+
|Utilization (%)  |        0|    ~0|      ~0|      ~0|    0|
+-----------------+---------+------+--------+--------+-----+

+ Detail: 
    * Instance: 
    +-------------------------+--------------------+---------+----+---+----+-----+
    |         Instance        |       Module       | BRAM_18K| DSP| FF| LUT| URAM|
    +-------------------------+--------------------+---------+----+---+----+-----+
    |mul_12s_7ns_18_1_1_U269  |mul_12s_7ns_18_1_1  |        0|   1|  0|   5|    0|
    |mul_12s_7ns_18_1_1_U270  |mul_12s_7ns_18_1_1  |        0|   1|  0|   5|    0|
    |mul_12s_7ns_18_1_1_U271  |mul_12s_7ns_18_1_1  |        0|   1|  0|   5|    0|
    |mul_12s_8ns_18_1_1_U272  |mul_12s_8ns_18_1_1  |        0|   1|  0|   5|    0|
    |mul_12s_8ns_18_1_1_U273  |mul_12s_8ns_18_1_1  |        0|   1|  0|   5|    0|
    +-------------------------+--------------------+---------+----+---+----+-----+
    |Total                    |                    |        0|   5|  0|  25|    0|
    +-------------------------+--------------------+---------+----+---+----+-----+

    * DSP: 
    N/A

    * Memory: 
    N/A

    * FIFO: 
    N/A

    * Expression: 
    +----------------------------------+----------+----+---+----+------------+------------+
    |           Variable Name          | Operation| DSP| FF| LUT| Bitwidth P0| Bitwidth P1|
    +----------------------------------+----------+----+---+----+------------+------------+
    |add_ln42_18_fu_32533_p2           |         +|   0|  0|  25|          18|          12|
    |add_ln42_19_fu_32573_p2           |         +|   0|  0|  18|          18|          11|
    |add_ln42_20_fu_32589_p2           |         +|   0|  0|  25|          18|          12|
    |add_ln42_21_fu_32605_p2           |         +|   0|  0|  25|          18|          12|
    |add_ln42_22_fu_32621_p2           |         +|   0|  0|  25|          18|          11|
    |add_ln42_fu_32517_p2              |         +|   0|  0|  25|          18|          13|
    |i_20_fu_32432_p2                  |         +|   0|  0|  20|          13|           1|
    |sub_ln73_fu_32567_p2              |         -|   0|  0|  18|          18|          18|
    |icmp_ln25_fu_32426_p2             |      icmp|   0|  0|  21|          13|          14|
    |ap_block_state1_pp0_stage0_iter0  |        or|   0|  0|   2|           1|           1|
    +----------------------------------+----------+----+---+----+------------+------------+
    |Total                             |          |   0|  0| 204|         153|         105|
    +----------------------------------+----------+----+---+----+------------+------------+

    * Multiplexer: 
    +--------------------+----+-----------+-----+-----------+
    |        Name        | LUT| Input Size| Bits| Total Bits|
    +--------------------+----+-----------+-----+-----------+
    |ap_NS_fsm           |  26|          5|    1|          5|
    |ap_done_int         |   9|          2|    1|          2|
    |ap_sig_allocacmp_i  |   9|          2|   13|         26|
    |i_02_fu_104         |   9|          2|   13|         26|
    |layer10_out_blk_n   |   9|          2|    1|          2|
    |layer9_out_blk_n    |   9|          2|    1|          2|
    |real_start          |   9|          2|    1|          2|
    +--------------------+----+-----------+-----+-----------+
    |Total               |  80|         17|   31|         65|
    +--------------------+----+-----------+-----+-----------+

    * Register: 
    +-----------------------+----+----+-----+-----------+
    |          Name         | FF | LUT| Bits| Const Bits|
    +-----------------------+----+----+-----+-----------+
    |a_3_reg_32674          |  12|   0|   12|          0|
    |a_4_reg_32679          |  12|   0|   12|          0|
    |a_5_reg_32684          |  12|   0|   12|          0|
    |a_9_reg_32669          |  12|   0|   12|          0|
    |a_reg_32664            |  12|   0|   12|          0|
    |ap_CS_fsm              |   4|   0|    4|          0|
    |ap_done_reg            |   1|   0|    1|          0|
    |i_02_fu_104            |  13|   0|   13|          0|
    |mul_ln42_10_reg_32401  |  18|   0|   18|          0|
    |mul_ln42_11_reg_32405  |  18|   0|   18|          0|
    |mul_ln42_12_reg_32409  |  18|   0|   18|          0|
    |mul_ln42_13_reg_32413  |  18|   0|   18|          0|
    |mul_ln42_reg_32397     |  18|   0|   18|          0|
    |start_once_reg         |   1|   0|    1|          0|
    |tmp_reg_32689          |  12|   0|   12|          0|
    +-----------------------+----+----+-----+-----------+
    |Total                  | 181|   0|  181|          0|
    +-----------------------+----+----+-----+-----------+



================================================================
== Interface
================================================================
* Summary: 
+----------------------------+-----+-----+------------+-----------------------------------------------------------------------+--------------+
|          RTL Ports         | Dir | Bits|  Protocol  |                             Source Object                             |    C Type    |
+----------------------------+-----+-----+------------+-----------------------------------------------------------------------+--------------+
|ap_clk                      |   in|    1|  ap_ctrl_hs|  normalize<array<ap_fixed,6u>,array<ap_fixed<12,6,5,3,0>,6u>,config10>|  return value|
|ap_rst                      |   in|    1|  ap_ctrl_hs|  normalize<array<ap_fixed,6u>,array<ap_fixed<12,6,5,3,0>,6u>,config10>|  return value|
|ap_start                    |   in|    1|  ap_ctrl_hs|  normalize<array<ap_fixed,6u>,array<ap_fixed<12,6,5,3,0>,6u>,config10>|  return value|
|start_full_n                |   in|    1|  ap_ctrl_hs|  normalize<array<ap_fixed,6u>,array<ap_fixed<12,6,5,3,0>,6u>,config10>|  return value|
|ap_done                     |  out|    1|  ap_ctrl_hs|  normalize<array<ap_fixed,6u>,array<ap_fixed<12,6,5,3,0>,6u>,config10>|  return value|
|ap_continue                 |   in|    1|  ap_ctrl_hs|  normalize<array<ap_fixed,6u>,array<ap_fixed<12,6,5,3,0>,6u>,config10>|  return value|
|ap_idle                     |  out|    1|  ap_ctrl_hs|  normalize<array<ap_fixed,6u>,array<ap_fixed<12,6,5,3,0>,6u>,config10>|  return value|
|ap_ready                    |  out|    1|  ap_ctrl_hs|  normalize<array<ap_fixed,6u>,array<ap_fixed<12,6,5,3,0>,6u>,config10>|  return value|
|start_out                   |  out|    1|  ap_ctrl_hs|  normalize<array<ap_fixed,6u>,array<ap_fixed<12,6,5,3,0>,6u>,config10>|  return value|
|start_write                 |  out|    1|  ap_ctrl_hs|  normalize<array<ap_fixed,6u>,array<ap_fixed<12,6,5,3,0>,6u>,config10>|  return value|
|layer10_out_din             |  out|   72|     ap_fifo|                                                            layer10_out|       pointer|
|layer10_out_num_data_valid  |   in|   13|     ap_fifo|                                                            layer10_out|       pointer|
|layer10_out_fifo_cap        |   in|   13|     ap_fifo|                                                            layer10_out|       pointer|
|layer10_out_full_n          |   in|    1|     ap_fifo|                                                            layer10_out|       pointer|
|layer10_out_write           |  out|    1|     ap_fifo|                                                            layer10_out|       pointer|
|layer9_out_dout             |   in|   72|     ap_fifo|                                                             layer9_out|       pointer|
|layer9_out_num_data_valid   |   in|   13|     ap_fifo|                                                             layer9_out|       pointer|
|layer9_out_fifo_cap         |   in|   13|     ap_fifo|                                                             layer9_out|       pointer|
|layer9_out_empty_n          |   in|    1|     ap_fifo|                                                             layer9_out|       pointer|
|layer9_out_read             |  out|    1|     ap_fifo|                                                             layer9_out|       pointer|
+----------------------------+-----+-----+------------+-----------------------------------------------------------------------+--------------+

