

================================================================
== Vitis HLS Report for 'pointwise_conv_2d_cl_array_array_ap_fixed_16_6_5_3_0_1u_config37_s'
================================================================
* Date:           Thu Apr 23 22:46:42 2026

* Version:        2025.2 (Build 6295257 on Nov 14 2025)
* Project:        folo_prj
* Solution:       solution1 (Vivado IP Flow Target)
* Product family: kintexu
* Target device:  xcku035-fbva676-2-e


================================================================
== Performance Estimates
================================================================
+ Timing: 
    * Summary: 
    +--------+---------+----------+------------+
    |  Clock |  Target | Estimated| Uncertainty|
    +--------+---------+----------+------------+
    |ap_clk  |  5.00 ns|  3.570 ns|     1.35 ns|
    +--------+---------+----------+------------+

+ Latency: 
    * Summary: 
    +---------+---------+----------+----------+------+------+------------------------------------------------+
    |  Latency (cycles) |  Latency (absolute) |   Interval  |                    Pipeline                    |
    |   min   |   max   |    min   |    max   |  min |  max |                      Type                      |
    +---------+---------+----------+----------+------+------+------------------------------------------------+
    |     1028|     1028|  5.140 us|  5.140 us|  1024|  1024|  loop auto-rewind stp (delay=0 clock cycles(s))|
    +---------+---------+----------+----------+------+------+------------------------------------------------+

    + Detail: 
        * Instance: 
        N/A

        * Loop: 
        +----------------------------------+---------+---------+----------+-----------+-----------+------+----------+
        |                                  |  Latency (cycles) | Iteration|  Initiation Interval  | Trip |          |
        |             Loop Name            |   min   |   max   |  Latency |  achieved |   target  | Count| Pipelined|
        +----------------------------------+---------+---------+----------+-----------+-----------+------+----------+
        |- ReadInputHeight_ReadInputWidth  |     1026|     1026|         4|          1|          1|  1024|       yes|
        +----------------------------------+---------+---------+----------+-----------+-----------+------+----------+



================================================================
== Utilization Estimates
================================================================
* Summary: 
+-----------------+---------+------+--------+--------+-----+
|       Name      | BRAM_18K|  DSP |   FF   |   LUT  | URAM|
+-----------------+---------+------+--------+--------+-----+
|DSP              |        -|     -|       -|       -|    -|
|Expression       |        -|     -|       0|     186|    -|
|FIFO             |        -|     -|       -|       -|    -|
|Instance         |        -|     8|       0|      32|    -|
|Memory           |        -|     -|       -|       -|    -|
|Multiplexer      |        -|     -|       0|      63|    -|
|Register         |        -|     -|     290|       -|    -|
+-----------------+---------+------+--------+--------+-----+
|Total            |        0|     8|     290|     281|    0|
+-----------------+---------+------+--------+--------+-----+
|Available        |     1080|  1700|  406256|  203128|    0|
+-----------------+---------+------+--------+--------+-----+
|Utilization (%)  |        0|    ~0|      ~0|      ~0|    0|
+-----------------+---------+------+--------+--------+-----+

+ Detail: 
    * Instance: 
    +---------------------------+---------------------+---------+----+---+----+-----+
    |          Instance         |        Module       | BRAM_18K| DSP| FF| LUT| URAM|
    +---------------------------+---------------------+---------+----+---+----+-----+
    |mul_16s_10ns_26_1_1_U2135  |mul_16s_10ns_26_1_1  |        0|   1|  0|   4|    0|
    |mul_16s_10ns_26_1_1_U2138  |mul_16s_10ns_26_1_1  |        0|   1|  0|   4|    0|
    |mul_16s_10s_26_1_1_U2133   |mul_16s_10s_26_1_1   |        0|   1|  0|   4|    0|
    |mul_16s_10s_26_1_1_U2134   |mul_16s_10s_26_1_1   |        0|   1|  0|   4|    0|
    |mul_16s_11s_26_1_0_U2131   |mul_16s_11s_26_1_0   |        0|   1|  0|   4|    0|
    |mul_16s_11s_26_1_0_U2132   |mul_16s_11s_26_1_0   |        0|   1|  0|   4|    0|
    |mul_16s_12s_26_1_1_U2137   |mul_16s_12s_26_1_1   |        0|   1|  0|   4|    0|
    |mul_16s_9s_25_1_1_U2136    |mul_16s_9s_25_1_1    |        0|   1|  0|   4|    0|
    +---------------------------+---------------------+---------+----+---+----+-----+
    |Total                      |                     |        0|   8|  0|  32|    0|
    +---------------------------+---------------------+---------+----+---+----+-----+

    * DSP: 
    N/A

    * Memory: 
    N/A

    * FIFO: 
    N/A

    * Expression: 
    +---------------------------------------+----------+----+---+----+------------+------------+
    |             Variable Name             | Operation| DSP| FF| LUT| Bitwidth P0| Bitwidth P1|
    +---------------------------------------+----------+----+---+----+------------+------------+
    |add_ln58_64_fu_656_p2                  |         +|   0|  0|  23|          16|          16|
    |add_ln58_65_fu_660_p2                  |         +|   0|  0|  16|          16|          16|
    |add_ln58_66_fu_666_p2                  |         +|   0|  0|  16|          16|          16|
    |add_ln58_67_fu_670_p2                  |         +|   0|  0|  16|          16|          10|
    |add_ln58_68_fu_676_p2                  |         +|   0|  0|  16|          16|          16|
    |add_ln58_69_fu_681_p2                  |         +|   0|  0|  16|          16|          16|
    |add_ln58_70_fu_687_p2                  |         +|   0|  0|  16|          16|          16|
    |add_ln58_fu_652_p2                     |         +|   0|  0|  23|          16|          16|
    |add_ln67_fu_520_p2                     |         +|   0|  0|  17|          10|           1|
    |ap_condition_155                       |       and|   0|  0|   2|           1|           1|
    |icmp_ln67_fu_526_p2                    |      icmp|   0|  0|  17|          10|           2|
    |ap_block_pp0_stage0_01001_grp1         |        or|   0|  0|   2|           1|           1|
    |ap_block_pp0_stage0_11001              |        or|   0|  0|   2|           1|           1|
    |ap_block_state1_pp0_stage0_iter0_grp1  |        or|   0|  0|   2|           1|           1|
    |ap_enable_pp0                          |       xor|   0|  0|   2|           1|           2|
    +---------------------------------------+----------+----+---+----+------------+------------+
    |Total                                  |          |   0|  0| 186|         153|         131|
    +---------------------------------------+----------+----+---+----+------------+------------+

    * Multiplexer: 
    +---------------------------------------+----+-----------+-----+-----------+
    |                  Name                 | LUT| Input Size| Bits| Total Bits|
    +---------------------------------------+----+-----------+-----+-----------+
    |ap_done_int                            |   9|          2|    1|          2|
    |ap_loop_exit_ready_pp0_iter3_reg       |   9|          2|    1|          2|
    |ap_sig_allocacmp_indvar_flatten2_load  |   9|          2|   10|         20|
    |indvar_flatten2_fu_100                 |   9|          2|   10|         20|
    |layer24_out_blk_n                      |   9|          2|    1|          2|
    |layer25_out_blk_n                      |   9|          2|    1|          2|
    |real_start                             |   9|          2|    1|          2|
    +---------------------------------------+----+-----------+-----+-----------+
    |Total                                  |  63|         14|   25|         50|
    +---------------------------------------+----+-----------+-----+-----------+

    * Register: 
    +----------------------------------+----+----+-----+-----------+
    |               Name               | FF | LUT| Bits| Const Bits|
    +----------------------------------+----+----+-----+-----------+
    |add_ln58_70_reg_784               |  16|   0|   16|          0|
    |ap_CS_fsm                         |   1|   0|    1|          0|
    |ap_done_reg                       |   1|   0|    1|          0|
    |ap_enable_reg_pp0_iter1           |   1|   0|    1|          0|
    |ap_enable_reg_pp0_iter2           |   1|   0|    1|          0|
    |ap_enable_reg_pp0_iter3           |   1|   0|    1|          0|
    |ap_loop_exit_ready_pp0_iter1_reg  |   1|   0|    1|          0|
    |ap_loop_exit_ready_pp0_iter2_reg  |   1|   0|    1|          0|
    |ap_loop_exit_ready_pp0_iter3_reg  |   1|   0|    1|          0|
    |data_16_reg_705                   |  16|   0|   16|          0|
    |data_17_reg_710                   |  16|   0|   16|          0|
    |data_18_reg_715                   |  16|   0|   16|          0|
    |data_19_reg_720                   |  16|   0|   16|          0|
    |data_20_reg_725                   |  16|   0|   16|          0|
    |data_21_reg_730                   |  16|   0|   16|          0|
    |data_22_reg_735                   |  16|   0|   16|          0|
    |data_reg_700                      |  16|   0|   16|          0|
    |indvar_flatten2_fu_100            |  10|   0|   10|          0|
    |start_once_reg                    |   1|   0|    1|          0|
    |trunc_ln42_62_reg_754             |  16|   0|   16|          0|
    |trunc_ln42_63_reg_759             |  16|   0|   16|          0|
    |trunc_ln42_64_reg_764             |  15|   0|   15|          0|
    |trunc_ln42_65_reg_769             |  16|   0|   16|          0|
    |trunc_ln42_66_reg_774             |  16|   0|   16|          0|
    |trunc_ln42_67_reg_779             |  16|   0|   16|          0|
    |trunc_ln42_s_reg_749              |  16|   0|   16|          0|
    |trunc_ln_reg_744                  |  16|   0|   16|          0|
    +----------------------------------+----+----+-----+-----------+
    |Total                             | 290|   0|  290|          0|
    +----------------------------------+----+----+-----+-----------+



================================================================
== Interface
================================================================
* Summary: 
+----------------------------+-----+-----+------------+---------------------------------------------------------------------+--------------+
|          RTL Ports         | Dir | Bits|  Protocol  |                            Source Object                            |    C Type    |
+----------------------------+-----+-----+------------+---------------------------------------------------------------------+--------------+
|ap_clk                      |   in|    1|  ap_ctrl_hs|  pointwise_conv_2d_cl<array,array<ap_fixed<16,6,5,3,0>,1u>,config37>|  return value|
|ap_rst                      |   in|    1|  ap_ctrl_hs|  pointwise_conv_2d_cl<array,array<ap_fixed<16,6,5,3,0>,1u>,config37>|  return value|
|ap_start                    |   in|    1|  ap_ctrl_hs|  pointwise_conv_2d_cl<array,array<ap_fixed<16,6,5,3,0>,1u>,config37>|  return value|
|start_full_n                |   in|    1|  ap_ctrl_hs|  pointwise_conv_2d_cl<array,array<ap_fixed<16,6,5,3,0>,1u>,config37>|  return value|
|ap_done                     |  out|    1|  ap_ctrl_hs|  pointwise_conv_2d_cl<array,array<ap_fixed<16,6,5,3,0>,1u>,config37>|  return value|
|ap_continue                 |   in|    1|  ap_ctrl_hs|  pointwise_conv_2d_cl<array,array<ap_fixed<16,6,5,3,0>,1u>,config37>|  return value|
|ap_idle                     |  out|    1|  ap_ctrl_hs|  pointwise_conv_2d_cl<array,array<ap_fixed<16,6,5,3,0>,1u>,config37>|  return value|
|ap_ready                    |  out|    1|  ap_ctrl_hs|  pointwise_conv_2d_cl<array,array<ap_fixed<16,6,5,3,0>,1u>,config37>|  return value|
|start_out                   |  out|    1|  ap_ctrl_hs|  pointwise_conv_2d_cl<array,array<ap_fixed<16,6,5,3,0>,1u>,config37>|  return value|
|start_write                 |  out|    1|  ap_ctrl_hs|  pointwise_conv_2d_cl<array,array<ap_fixed<16,6,5,3,0>,1u>,config37>|  return value|
|layer24_out_dout            |   in|  128|     ap_fifo|                                                          layer24_out|       pointer|
|layer24_out_empty_n         |   in|    1|     ap_fifo|                                                          layer24_out|       pointer|
|layer24_out_read            |  out|    1|     ap_fifo|                                                          layer24_out|       pointer|
|layer24_out_num_data_valid  |   in|    3|     ap_fifo|                                                          layer24_out|       pointer|
|layer24_out_fifo_cap        |   in|    3|     ap_fifo|                                                          layer24_out|       pointer|
|layer25_out_din             |  out|   16|     ap_fifo|                                                          layer25_out|       pointer|
|layer25_out_full_n          |   in|    1|     ap_fifo|                                                          layer25_out|       pointer|
|layer25_out_write           |  out|    1|     ap_fifo|                                                          layer25_out|       pointer|
|layer25_out_num_data_valid  |   in|   32|     ap_fifo|                                                          layer25_out|       pointer|
|layer25_out_fifo_cap        |   in|   32|     ap_fifo|                                                          layer25_out|       pointer|
+----------------------------+-----+-----+------------+---------------------------------------------------------------------+--------------+

