

================================================================
== Vitis HLS Report for 'relu_array_ap_fixed_8u_array_ap_fixed_16_6_5_3_0_8u_relu_config24_s'
================================================================
* Date:           Fri Apr 24 00:23:04 2026

* Version:        2025.2 (Build 6295257 on Nov 14 2025)
* Project:        folo_prj
* Solution:       solution1 (Vivado IP Flow Target)
* Product family: kintexu
* Target device:  xcku035-fbva676-2-e


================================================================
== Performance Estimates
================================================================
+ Timing: 
    * Summary: 
    +--------+---------+----------+------------+
    |  Clock |  Target | Estimated| Uncertainty|
    +--------+---------+----------+------------+
    |ap_clk  |  5.00 ns|  3.303 ns|     1.35 ns|
    +--------+---------+----------+------------+

+ Latency: 
    * Summary: 
    +---------+---------+----------+----------+------+------+------------------------------------------------+
    |  Latency (cycles) |  Latency (absolute) |   Interval  |                    Pipeline                    |
    |   min   |   max   |    min   |    max   |  min |  max |                      Type                      |
    +---------+---------+----------+----------+------+------+------------------------------------------------+
    |     1026|     1026|  5.130 us|  5.130 us|  1024|  1024|  loop auto-rewind stp (delay=0 clock cycles(s))|
    +---------+---------+----------+----------+------+------+------------------------------------------------+

    + Detail: 
        * Instance: 
        N/A

        * Loop: 
        +---------------+---------+---------+----------+-----------+-----------+------+----------+
        |               |  Latency (cycles) | Iteration|  Initiation Interval  | Trip |          |
        |   Loop Name   |   min   |   max   |  Latency |  achieved |   target  | Count| Pipelined|
        +---------------+---------+---------+----------+-----------+-----------+------+----------+
        |- ReLUActLoop  |     1024|     1024|         2|          1|          1|  1024|       yes|
        +---------------+---------+---------+----------+-----------+-----------+------+----------+



================================================================
== Utilization Estimates
================================================================
* Summary: 
+-----------------+---------+------+--------+--------+-----+
|       Name      | BRAM_18K|  DSP |   FF   |   LUT  | URAM|
+-----------------+---------+------+--------+--------+-----+
|DSP              |        -|     -|       -|       -|    -|
|Expression       |        -|     -|       0|     468|    -|
|FIFO             |        -|     -|       -|       -|    -|
|Instance         |        -|     -|       -|       -|    -|
|Memory           |        -|     -|       -|       -|    -|
|Multiplexer      |        -|     -|       0|      63|    -|
|Register         |        -|     -|     151|       -|    -|
+-----------------+---------+------+--------+--------+-----+
|Total            |        0|     0|     151|     531|    0|
+-----------------+---------+------+--------+--------+-----+
|Available        |     1080|  1700|  406256|  203128|    0|
+-----------------+---------+------+--------+--------+-----+
|Utilization (%)  |        0|     0|      ~0|      ~0|    0|
+-----------------+---------+------+--------+--------+-----+

+ Detail: 
    * Instance: 
    N/A

    * DSP: 
    N/A

    * Memory: 
    N/A

    * FIFO: 
    N/A

    * Expression: 
    +---------------------------------------+----------+----+---+----+------------+------------+
    |             Variable Name             | Operation| DSP| FF| LUT| Bitwidth P0| Bitwidth P1|
    +---------------------------------------+----------+----+---+----+------------+------------+
    |i_28_fu_333_p2                         |         +|   0|  0|  17|          10|           1|
    |ap_condition_145                       |       and|   0|  0|   2|           1|           1|
    |icmp_ln41_fu_339_p2                    |      icmp|   0|  0|  17|          10|           2|
    |icmp_ln51_1_fu_221_p2                  |      icmp|   0|  0|  37|          30|           1|
    |icmp_ln51_2_fu_237_p2                  |      icmp|   0|  0|  37|          30|           1|
    |icmp_ln51_3_fu_253_p2                  |      icmp|   0|  0|  37|          30|           1|
    |icmp_ln51_4_fu_269_p2                  |      icmp|   0|  0|  37|          30|           1|
    |icmp_ln51_5_fu_285_p2                  |      icmp|   0|  0|  37|          30|           1|
    |icmp_ln51_6_fu_301_p2                  |      icmp|   0|  0|  37|          30|           1|
    |icmp_ln51_7_fu_317_p2                  |      icmp|   0|  0|  37|          30|           1|
    |icmp_ln51_fu_205_p2                    |      icmp|   0|  0|  37|          30|           1|
    |ap_block_pp0_stage0_01001_grp1         |        or|   0|  0|   2|           1|           1|
    |ap_block_pp0_stage0_11001              |        or|   0|  0|   2|           1|           1|
    |ap_block_state1_pp0_stage0_iter0_grp1  |        or|   0|  0|   2|           1|           1|
    |select_ln51_1_fu_356_p3                |    select|   0|  0|  16|           1|          16|
    |select_ln51_2_fu_362_p3                |    select|   0|  0|  16|           1|          16|
    |select_ln51_3_fu_368_p3                |    select|   0|  0|  16|           1|          16|
    |select_ln51_4_fu_374_p3                |    select|   0|  0|  16|           1|          16|
    |select_ln51_5_fu_380_p3                |    select|   0|  0|  16|           1|          16|
    |select_ln51_6_fu_386_p3                |    select|   0|  0|  16|           1|          16|
    |select_ln51_7_fu_392_p3                |    select|   0|  0|  16|           1|          16|
    |select_ln51_fu_350_p3                  |    select|   0|  0|  16|           1|          16|
    |ap_enable_pp0                          |       xor|   0|  0|   2|           1|           2|
    +---------------------------------------+----------+----+---+----+------------+------------+
    |Total                                  |          |   0|  0| 468|         273|         145|
    +---------------------------------------+----------+----+---+----+------------+------------+

    * Multiplexer: 
    +----------------------------------+----+-----------+-----+-----------+
    |               Name               | LUT| Input Size| Bits| Total Bits|
    +----------------------------------+----+-----------+-----+-----------+
    |ap_done_int                       |   9|          2|    1|          2|
    |ap_loop_exit_ready_pp0_iter1_reg  |   9|          2|    1|          2|
    |ap_sig_allocacmp_i_27             |   9|          2|   10|         20|
    |i_fu_106                          |   9|          2|   10|         20|
    |layer23_out_blk_n                 |   9|          2|    1|          2|
    |layer24_out_blk_n                 |   9|          2|    1|          2|
    |real_start                        |   9|          2|    1|          2|
    +----------------------------------+----+-----------+-----+-----------+
    |Total                             |  63|         14|   25|         50|
    +----------------------------------+----+-----------+-----+-----------+

    * Register: 
    +----------------------------------+----+----+-----+-----------+
    |               Name               | FF | LUT| Bits| Const Bits|
    +----------------------------------+----+----+-----+-----------+
    |ap_CS_fsm                         |   1|   0|    1|          0|
    |ap_done_reg                       |   1|   0|    1|          0|
    |ap_enable_reg_pp0_iter1           |   1|   0|    1|          0|
    |ap_loop_exit_ready_pp0_iter1_reg  |   1|   0|    1|          0|
    |i_fu_106                          |  10|   0|   10|          0|
    |icmp_ln51_1_reg_436               |   1|   0|    1|          0|
    |icmp_ln51_2_reg_446               |   1|   0|    1|          0|
    |icmp_ln51_3_reg_456               |   1|   0|    1|          0|
    |icmp_ln51_4_reg_466               |   1|   0|    1|          0|
    |icmp_ln51_5_reg_476               |   1|   0|    1|          0|
    |icmp_ln51_6_reg_486               |   1|   0|    1|          0|
    |icmp_ln51_7_reg_496               |   1|   0|    1|          0|
    |icmp_ln51_reg_426                 |   1|   0|    1|          0|
    |start_once_reg                    |   1|   0|    1|          0|
    |trunc_ln52_1_reg_441              |  16|   0|   16|          0|
    |trunc_ln52_2_reg_451              |  16|   0|   16|          0|
    |trunc_ln52_3_reg_461              |  16|   0|   16|          0|
    |trunc_ln52_4_reg_471              |  16|   0|   16|          0|
    |trunc_ln52_5_reg_481              |  16|   0|   16|          0|
    |trunc_ln52_6_reg_491              |  16|   0|   16|          0|
    |trunc_ln52_7_reg_501              |  16|   0|   16|          0|
    |trunc_ln8_reg_431                 |  16|   0|   16|          0|
    +----------------------------------+----+----+-----+-----------+
    |Total                             | 151|   0|  151|          0|
    +----------------------------------+----+----+-----+-----------+



================================================================
== Interface
================================================================
* Summary: 
+----------------------------+-----+-----+------------+-----------------------------------------------------------------------+--------------+
|          RTL Ports         | Dir | Bits|  Protocol  |                             Source Object                             |    C Type    |
+----------------------------+-----+-----+------------+-----------------------------------------------------------------------+--------------+
|ap_clk                      |   in|    1|  ap_ctrl_hs|  relu<array<ap_fixed,8u>,array<ap_fixed<16,6,5,3,0>,8u>,relu_config24>|  return value|
|ap_rst                      |   in|    1|  ap_ctrl_hs|  relu<array<ap_fixed,8u>,array<ap_fixed<16,6,5,3,0>,8u>,relu_config24>|  return value|
|ap_start                    |   in|    1|  ap_ctrl_hs|  relu<array<ap_fixed,8u>,array<ap_fixed<16,6,5,3,0>,8u>,relu_config24>|  return value|
|start_full_n                |   in|    1|  ap_ctrl_hs|  relu<array<ap_fixed,8u>,array<ap_fixed<16,6,5,3,0>,8u>,relu_config24>|  return value|
|ap_done                     |  out|    1|  ap_ctrl_hs|  relu<array<ap_fixed,8u>,array<ap_fixed<16,6,5,3,0>,8u>,relu_config24>|  return value|
|ap_continue                 |   in|    1|  ap_ctrl_hs|  relu<array<ap_fixed,8u>,array<ap_fixed<16,6,5,3,0>,8u>,relu_config24>|  return value|
|ap_idle                     |  out|    1|  ap_ctrl_hs|  relu<array<ap_fixed,8u>,array<ap_fixed<16,6,5,3,0>,8u>,relu_config24>|  return value|
|ap_ready                    |  out|    1|  ap_ctrl_hs|  relu<array<ap_fixed,8u>,array<ap_fixed<16,6,5,3,0>,8u>,relu_config24>|  return value|
|start_out                   |  out|    1|  ap_ctrl_hs|  relu<array<ap_fixed,8u>,array<ap_fixed<16,6,5,3,0>,8u>,relu_config24>|  return value|
|start_write                 |  out|    1|  ap_ctrl_hs|  relu<array<ap_fixed,8u>,array<ap_fixed<16,6,5,3,0>,8u>,relu_config24>|  return value|
|layer23_out_dout            |   in|  240|     ap_fifo|                                                            layer23_out|       pointer|
|layer23_out_empty_n         |   in|    1|     ap_fifo|                                                            layer23_out|       pointer|
|layer23_out_read            |  out|    1|     ap_fifo|                                                            layer23_out|       pointer|
|layer23_out_num_data_valid  |   in|    2|     ap_fifo|                                                            layer23_out|       pointer|
|layer23_out_fifo_cap        |   in|    2|     ap_fifo|                                                            layer23_out|       pointer|
|layer24_out_din             |  out|  128|     ap_fifo|                                                            layer24_out|       pointer|
|layer24_out_full_n          |   in|    1|     ap_fifo|                                                            layer24_out|       pointer|
|layer24_out_write           |  out|    1|     ap_fifo|                                                            layer24_out|       pointer|
|layer24_out_num_data_valid  |   in|   32|     ap_fifo|                                                            layer24_out|       pointer|
|layer24_out_fifo_cap        |   in|   32|     ap_fifo|                                                            layer24_out|       pointer|
+----------------------------+-----+-----+------------+-----------------------------------------------------------------------+--------------+

