

================================================================
== Vitis HLS Report for 'shift_line_buffer_array_ap_fixed_10_2_5_3_0_4u_config9_s'
================================================================
* Date:           Fri Apr 24 00:23:00 2026

* Version:        2025.2 (Build 6295257 on Nov 14 2025)
* Project:        folo_prj
* Solution:       solution1 (Vivado IP Flow Target)
* Product family: kintexu
* Target device:  xcku035-fbva676-2-e


================================================================
== Performance Estimates
================================================================
+ Timing: 
    * Summary: 
    +--------+---------+----------+------------+
    |  Clock |  Target | Estimated| Uncertainty|
    +--------+---------+----------+------------+
    |ap_clk  |  5.00 ns|  1.154 ns|     1.35 ns|
    +--------+---------+----------+------------+

+ Latency: 
    * Summary: 
    +---------+---------+----------+----------+-----+-----+---------+
    |  Latency (cycles) |  Latency (absolute) |  Interval | Pipeline|
    |   min   |   max   |    min   |    max   | min | max |   Type  |
    +---------+---------+----------+----------+-----+-----+---------+
    |        0|        0|      0 ns|      0 ns|    1|    1|      yes|
    +---------+---------+----------+----------+-----+-----+---------+

    + Detail: 
        * Instance: 
        N/A

        * Loop: 
        N/A



================================================================
== Utilization Estimates
================================================================
* Summary: 
+-----------------+---------+------+--------+--------+-----+
|       Name      | BRAM_18K|  DSP |   FF   |   LUT  | URAM|
+-----------------+---------+------+--------+--------+-----+
|DSP              |        -|     -|       -|       -|    -|
|Expression       |        -|     -|       -|       -|    -|
|FIFO             |        -|     -|       -|       -|    -|
|Instance         |        -|     -|       -|       -|    -|
|Memory           |        -|     -|       0|       8|    -|
|Multiplexer      |        -|     -|       0|     216|    -|
|Register         |        -|     -|       1|       -|    -|
+-----------------+---------+------+--------+--------+-----+
|Total            |        0|     0|       1|     224|    0|
+-----------------+---------+------+--------+--------+-----+
|Available        |     1080|  1700|  406256|  203128|    0|
+-----------------+---------+------+--------+--------+-----+
|Utilization (%)  |        0|     0|      ~0|      ~0|    0|
+-----------------+---------+------+--------+--------+-----+

+ Detail: 
    * Instance: 
    N/A

    * DSP: 
    N/A

    * Memory: 
    +----------------------------------------------------------------------------------------+----------------------------------------------------------------------------------+---------+---+----+-----+------+-----+------+-------------+
    |                                         Memory                                         |                                      Module                                      | BRAM_18K| FF| LUT| URAM| Words| Bits| Banks| W*Bits*Banks|
    +----------------------------------------------------------------------------------------+----------------------------------------------------------------------------------+---------+---+----+-----+------+-----+------+-------------+
    |p_ZZN4nnet25conv_2d_buffer_latency_clINS_5arrayI8ap_fixedILi10ELi2EL9ap_q_mode5EL_47_U  |shift_line_buffer_array_ap_fixed_10_2_5_3_0_4u_config9_s_p_ZZN4nnet25conv_2d_lbW  |        0|  0|   1|    0|   129|   10|     1|         1290|
    |p_ZZN4nnet25conv_2d_buffer_latency_clINS_5arrayI8ap_fixedILi10ELi2EL9ap_q_mode5EL_43_U  |shift_line_buffer_array_ap_fixed_10_2_5_3_0_4u_config9_s_p_ZZN4nnet25conv_2d_lbW  |        0|  0|   1|    0|   129|   10|     1|         1290|
    |p_ZZN4nnet25conv_2d_buffer_latency_clINS_5arrayI8ap_fixedILi10ELi2EL9ap_q_mode5EL_46_U  |shift_line_buffer_array_ap_fixed_10_2_5_3_0_4u_config9_s_p_ZZN4nnet25conv_2d_lbW  |        0|  0|   1|    0|   129|   10|     1|         1290|
    |p_ZZN4nnet25conv_2d_buffer_latency_clINS_5arrayI8ap_fixedILi10ELi2EL9ap_q_mode5EL_42_U  |shift_line_buffer_array_ap_fixed_10_2_5_3_0_4u_config9_s_p_ZZN4nnet25conv_2d_lbW  |        0|  0|   1|    0|   129|   10|     1|         1290|
    |p_ZZN4nnet25conv_2d_buffer_latency_clINS_5arrayI8ap_fixedILi10ELi2EL9ap_q_mode5EL_45_U  |shift_line_buffer_array_ap_fixed_10_2_5_3_0_4u_config9_s_p_ZZN4nnet25conv_2d_lbW  |        0|  0|   1|    0|   129|   10|     1|         1290|
    |p_ZZN4nnet25conv_2d_buffer_latency_clINS_5arrayI8ap_fixedILi10ELi2EL9ap_q_mode5EL_41_U  |shift_line_buffer_array_ap_fixed_10_2_5_3_0_4u_config9_s_p_ZZN4nnet25conv_2d_lbW  |        0|  0|   1|    0|   129|   10|     1|         1290|
    |p_ZZN4nnet25conv_2d_buffer_latency_clINS_5arrayI8ap_fixedILi10ELi2EL9ap_q_mode5EL_44_U  |shift_line_buffer_array_ap_fixed_10_2_5_3_0_4u_config9_s_p_ZZN4nnet25conv_2d_lbW  |        0|  0|   1|    0|   129|   10|     1|         1290|
    |p_ZZN4nnet25conv_2d_buffer_latency_clINS_5arrayI8ap_fixedILi10ELi2EL9ap_q_mode5EL_40_U  |shift_line_buffer_array_ap_fixed_10_2_5_3_0_4u_config9_s_p_ZZN4nnet25conv_2d_lbW  |        0|  0|   1|    0|   129|   10|     1|         1290|
    +----------------------------------------------------------------------------------------+----------------------------------------------------------------------------------+---------+---+----+-----+------+-----+------+-------------+
    |Total                                                                                   |                                                                                  |        0|  0|   8|    0|  1032|   80|     8|        10320|
    +----------------------------------------------------------------------------------------+----------------------------------------------------------------------------------+---------+---+----+-----+------+-----+------+-------------+

    * FIFO: 
    N/A

    * Expression: 
    N/A

    * Multiplexer: 
    +-----------------------------------------------------------------------------------------+----+-----------+-----+-----------+
    |                                           Name                                          | LUT| Input Size| Bits| Total Bits|
    +-----------------------------------------------------------------------------------------+----+-----------+-----+-----------+
    |p_ZZN4nnet24compute_output_buffer_2dINS_5arrayI8ap_fixedILi10ELi2EL9ap_q_mode5EL9_175_o  |   9|          2|   10|         20|
    |p_ZZN4nnet24compute_output_buffer_2dINS_5arrayI8ap_fixedILi10ELi2EL9ap_q_mode5EL9_176_o  |   9|          2|   10|         20|
    |p_ZZN4nnet24compute_output_buffer_2dINS_5arrayI8ap_fixedILi10ELi2EL9ap_q_mode5EL9_181_o  |   9|          2|   10|         20|
    |p_ZZN4nnet24compute_output_buffer_2dINS_5arrayI8ap_fixedILi10ELi2EL9ap_q_mode5EL9_182_o  |   9|          2|   10|         20|
    |p_ZZN4nnet24compute_output_buffer_2dINS_5arrayI8ap_fixedILi10ELi2EL9ap_q_mode5EL9_183_o  |   9|          2|   10|         20|
    |p_ZZN4nnet24compute_output_buffer_2dINS_5arrayI8ap_fixedILi10ELi2EL9ap_q_mode5EL9_184_o  |   9|          2|   10|         20|
    |p_ZZN4nnet24compute_output_buffer_2dINS_5arrayI8ap_fixedILi10ELi2EL9ap_q_mode5EL9_185_o  |   9|          2|   10|         20|
    |p_ZZN4nnet24compute_output_buffer_2dINS_5arrayI8ap_fixedILi10ELi2EL9ap_q_mode5EL9_186_o  |   9|          2|   10|         20|
    |p_ZZN4nnet24compute_output_buffer_2dINS_5arrayI8ap_fixedILi10ELi2EL9ap_q_mode5EL9_187_o  |   9|          2|   10|         20|
    |p_ZZN4nnet24compute_output_buffer_2dINS_5arrayI8ap_fixedILi10ELi2EL9ap_q_mode5EL9_188_o  |   9|          2|   10|         20|
    |p_ZZN4nnet24compute_output_buffer_2dINS_5arrayI8ap_fixedILi10ELi2EL9ap_q_mode5EL9_193_o  |   9|          2|   10|         20|
    |p_ZZN4nnet24compute_output_buffer_2dINS_5arrayI8ap_fixedILi10ELi2EL9ap_q_mode5EL9_194_o  |   9|          2|   10|         20|
    |p_ZZN4nnet24compute_output_buffer_2dINS_5arrayI8ap_fixedILi10ELi2EL9ap_q_mode5EL9_195_o  |   9|          2|   10|         20|
    |p_ZZN4nnet24compute_output_buffer_2dINS_5arrayI8ap_fixedILi10ELi2EL9ap_q_mode5EL9_196_o  |   9|          2|   10|         20|
    |p_ZZN4nnet24compute_output_buffer_2dINS_5arrayI8ap_fixedILi10ELi2EL9ap_q_mode5EL9_197_o  |   9|          2|   10|         20|
    |p_ZZN4nnet24compute_output_buffer_2dINS_5arrayI8ap_fixedILi10ELi2EL9ap_q_mode5EL9_198_o  |   9|          2|   10|         20|
    |p_ZZN4nnet24compute_output_buffer_2dINS_5arrayI8ap_fixedILi10ELi2EL9ap_q_mode5EL9_199_o  |   9|          2|   10|         20|
    |p_ZZN4nnet24compute_output_buffer_2dINS_5arrayI8ap_fixedILi10ELi2EL9ap_q_mode5EL9_200_o  |   9|          2|   10|         20|
    |void_compute_output_buffer_2d_array_const_ap_shift_reg_n_chan_stream_weig_49_o           |   9|          2|   10|         20|
    |void_compute_output_buffer_2d_array_const_ap_shift_reg_n_chan_stream_weig_50_o           |   9|          2|   10|         20|
    |void_compute_output_buffer_2d_array_const_ap_shift_reg_n_chan_stream_weig_51_o           |   9|          2|   10|         20|
    |void_compute_output_buffer_2d_array_const_ap_shift_reg_n_chan_stream_weig_52_o           |   9|          2|   10|         20|
    |void_compute_output_buffer_2d_array_const_ap_shift_reg_n_chan_stream_weig_53_o           |   9|          2|   10|         20|
    |void_compute_output_buffer_2d_array_const_ap_shift_reg_n_chan_stream_weig_54_o           |   9|          2|   10|         20|
    +-----------------------------------------------------------------------------------------+----+-----------+-----+-----------+
    |Total                                                                                    | 216|         48|  240|        480|
    +-----------------------------------------------------------------------------------------+----+-----------+-----+-----------+

    * Register: 
    +-----------+---+----+-----+-----------+
    |    Name   | FF| LUT| Bits| Const Bits|
    +-----------+---+----+-----+-----------+
    |ap_CS_fsm  |  1|   0|    1|          0|
    +-----------+---+----+-----+-----------+
    |Total      |  1|   0|    1|          0|
    +-----------+---+----+-----+-----------+



================================================================
== Interface
================================================================
* Summary: 
+------------------------------------------------------------------------------------------------+-----+-----+------------+---------------------------------------------------------------------------------------+--------------+
|                                            RTL Ports                                           | Dir | Bits|  Protocol  |                                     Source Object                                     |    C Type    |
+------------------------------------------------------------------------------------------------+-----+-----+------------+---------------------------------------------------------------------------------------+--------------+
|ap_clk                                                                                          |   in|    1|  ap_ctrl_hs|                        shift_line_buffer<array<ap_fixed<10, 2, 5, 3, 0>, 4u>, config9>|  return value|
|ap_rst                                                                                          |   in|    1|  ap_ctrl_hs|                        shift_line_buffer<array<ap_fixed<10, 2, 5, 3, 0>, 4u>, config9>|  return value|
|ap_start                                                                                        |   in|    1|  ap_ctrl_hs|                        shift_line_buffer<array<ap_fixed<10, 2, 5, 3, 0>, 4u>, config9>|  return value|
|ap_done                                                                                         |  out|    1|  ap_ctrl_hs|                        shift_line_buffer<array<ap_fixed<10, 2, 5, 3, 0>, 4u>, config9>|  return value|
|ap_idle                                                                                         |  out|    1|  ap_ctrl_hs|                        shift_line_buffer<array<ap_fixed<10, 2, 5, 3, 0>, 4u>, config9>|  return value|
|ap_ready                                                                                        |  out|    1|  ap_ctrl_hs|                        shift_line_buffer<array<ap_fixed<10, 2, 5, 3, 0>, 4u>, config9>|  return value|
|ap_ce                                                                                           |   in|    1|  ap_ctrl_hs|                        shift_line_buffer<array<ap_fixed<10, 2, 5, 3, 0>, 4u>, config9>|  return value|
|p_read                                                                                          |   in|   10|     ap_none|                                                                                 p_read|        scalar|
|p_read1                                                                                         |   in|   10|     ap_none|                                                                                p_read1|        scalar|
|p_read2                                                                                         |   in|   10|     ap_none|                                                                                p_read2|        scalar|
|p_read3                                                                                         |   in|   10|     ap_none|                                                                                p_read3|        scalar|
|void_compute_output_buffer_2d_array_const_ap_shift_reg_n_chan_stream_weig_54_i                  |   in|   10|     ap_ovld|           void_compute_output_buffer_2d_array_const_ap_shift_reg_n_chan_stream_weig_54|       pointer|
|void_compute_output_buffer_2d_array_const_ap_shift_reg_n_chan_stream_weig_54_o                  |  out|   10|     ap_ovld|           void_compute_output_buffer_2d_array_const_ap_shift_reg_n_chan_stream_weig_54|       pointer|
|void_compute_output_buffer_2d_array_const_ap_shift_reg_n_chan_stream_weig_54_o_ap_vld           |  out|    1|     ap_ovld|           void_compute_output_buffer_2d_array_const_ap_shift_reg_n_chan_stream_weig_54|       pointer|
|void_compute_output_buffer_2d_array_const_ap_shift_reg_n_chan_stream_weig_58                    |  out|   10|      ap_vld|           void_compute_output_buffer_2d_array_const_ap_shift_reg_n_chan_stream_weig_58|       pointer|
|void_compute_output_buffer_2d_array_const_ap_shift_reg_n_chan_stream_weig_58_ap_vld             |  out|    1|      ap_vld|           void_compute_output_buffer_2d_array_const_ap_shift_reg_n_chan_stream_weig_58|       pointer|
|void_compute_output_buffer_2d_array_const_ap_shift_reg_n_chan_stream_weig_53_i                  |   in|   10|     ap_ovld|           void_compute_output_buffer_2d_array_const_ap_shift_reg_n_chan_stream_weig_53|       pointer|
|void_compute_output_buffer_2d_array_const_ap_shift_reg_n_chan_stream_weig_53_o                  |  out|   10|     ap_ovld|           void_compute_output_buffer_2d_array_const_ap_shift_reg_n_chan_stream_weig_53|       pointer|
|void_compute_output_buffer_2d_array_const_ap_shift_reg_n_chan_stream_weig_53_o_ap_vld           |  out|    1|     ap_ovld|           void_compute_output_buffer_2d_array_const_ap_shift_reg_n_chan_stream_weig_53|       pointer|
|void_compute_output_buffer_2d_array_const_ap_shift_reg_n_chan_stream_weig_57                    |  out|   10|      ap_vld|           void_compute_output_buffer_2d_array_const_ap_shift_reg_n_chan_stream_weig_57|       pointer|
|void_compute_output_buffer_2d_array_const_ap_shift_reg_n_chan_stream_weig_57_ap_vld             |  out|    1|      ap_vld|           void_compute_output_buffer_2d_array_const_ap_shift_reg_n_chan_stream_weig_57|       pointer|
|void_compute_output_buffer_2d_array_const_ap_shift_reg_n_chan_stream_weig_52_i                  |   in|   10|     ap_ovld|           void_compute_output_buffer_2d_array_const_ap_shift_reg_n_chan_stream_weig_52|       pointer|
|void_compute_output_buffer_2d_array_const_ap_shift_reg_n_chan_stream_weig_52_o                  |  out|   10|     ap_ovld|           void_compute_output_buffer_2d_array_const_ap_shift_reg_n_chan_stream_weig_52|       pointer|
|void_compute_output_buffer_2d_array_const_ap_shift_reg_n_chan_stream_weig_52_o_ap_vld           |  out|    1|     ap_ovld|           void_compute_output_buffer_2d_array_const_ap_shift_reg_n_chan_stream_weig_52|       pointer|
|void_compute_output_buffer_2d_array_const_ap_shift_reg_n_chan_stream_weig_56                    |  out|   10|      ap_vld|           void_compute_output_buffer_2d_array_const_ap_shift_reg_n_chan_stream_weig_56|       pointer|
|void_compute_output_buffer_2d_array_const_ap_shift_reg_n_chan_stream_weig_56_ap_vld             |  out|    1|      ap_vld|           void_compute_output_buffer_2d_array_const_ap_shift_reg_n_chan_stream_weig_56|       pointer|
|void_compute_output_buffer_2d_array_const_ap_shift_reg_n_chan_stream_weig_51_i                  |   in|   10|     ap_ovld|           void_compute_output_buffer_2d_array_const_ap_shift_reg_n_chan_stream_weig_51|       pointer|
|void_compute_output_buffer_2d_array_const_ap_shift_reg_n_chan_stream_weig_51_o                  |  out|   10|     ap_ovld|           void_compute_output_buffer_2d_array_const_ap_shift_reg_n_chan_stream_weig_51|       pointer|
|void_compute_output_buffer_2d_array_const_ap_shift_reg_n_chan_stream_weig_51_o_ap_vld           |  out|    1|     ap_ovld|           void_compute_output_buffer_2d_array_const_ap_shift_reg_n_chan_stream_weig_51|       pointer|
|void_compute_output_buffer_2d_array_const_ap_shift_reg_n_chan_stream_weig_55                    |  out|   10|      ap_vld|           void_compute_output_buffer_2d_array_const_ap_shift_reg_n_chan_stream_weig_55|       pointer|
|void_compute_output_buffer_2d_array_const_ap_shift_reg_n_chan_stream_weig_55_ap_vld             |  out|    1|      ap_vld|           void_compute_output_buffer_2d_array_const_ap_shift_reg_n_chan_stream_weig_55|       pointer|
|p_ZZN4nnet24compute_output_buffer_2dINS_5arrayI8ap_fixedILi10ELi2EL9ap_q_mode5EL9_181_i         |   in|   10|     ap_ovld|  p_ZZN4nnet24compute_output_buffer_2dINS_5arrayI8ap_fixedILi10ELi2EL9ap_q_mode5EL9_181|       pointer|
|p_ZZN4nnet24compute_output_buffer_2dINS_5arrayI8ap_fixedILi10ELi2EL9ap_q_mode5EL9_181_o         |  out|   10|     ap_ovld|  p_ZZN4nnet24compute_output_buffer_2dINS_5arrayI8ap_fixedILi10ELi2EL9ap_q_mode5EL9_181|       pointer|
|p_ZZN4nnet24compute_output_buffer_2dINS_5arrayI8ap_fixedILi10ELi2EL9ap_q_mode5EL9_181_o_ap_vld  |  out|    1|     ap_ovld|  p_ZZN4nnet24compute_output_buffer_2dINS_5arrayI8ap_fixedILi10ELi2EL9ap_q_mode5EL9_181|       pointer|
|p_ZZN4nnet24compute_output_buffer_2dINS_5arrayI8ap_fixedILi10ELi2EL9ap_q_mode5EL9_177           |  out|   10|      ap_vld|  p_ZZN4nnet24compute_output_buffer_2dINS_5arrayI8ap_fixedILi10ELi2EL9ap_q_mode5EL9_177|       pointer|
|p_ZZN4nnet24compute_output_buffer_2dINS_5arrayI8ap_fixedILi10ELi2EL9ap_q_mode5EL9_177_ap_vld    |  out|    1|      ap_vld|  p_ZZN4nnet24compute_output_buffer_2dINS_5arrayI8ap_fixedILi10ELi2EL9ap_q_mode5EL9_177|       pointer|
|p_ZZN4nnet24compute_output_buffer_2dINS_5arrayI8ap_fixedILi10ELi2EL9ap_q_mode5EL9_182_i         |   in|   10|     ap_ovld|  p_ZZN4nnet24compute_output_buffer_2dINS_5arrayI8ap_fixedILi10ELi2EL9ap_q_mode5EL9_182|       pointer|
|p_ZZN4nnet24compute_output_buffer_2dINS_5arrayI8ap_fixedILi10ELi2EL9ap_q_mode5EL9_182_o         |  out|   10|     ap_ovld|  p_ZZN4nnet24compute_output_buffer_2dINS_5arrayI8ap_fixedILi10ELi2EL9ap_q_mode5EL9_182|       pointer|
|p_ZZN4nnet24compute_output_buffer_2dINS_5arrayI8ap_fixedILi10ELi2EL9ap_q_mode5EL9_182_o_ap_vld  |  out|    1|     ap_ovld|  p_ZZN4nnet24compute_output_buffer_2dINS_5arrayI8ap_fixedILi10ELi2EL9ap_q_mode5EL9_182|       pointer|
|p_ZZN4nnet24compute_output_buffer_2dINS_5arrayI8ap_fixedILi10ELi2EL9ap_q_mode5EL9_178           |  out|   10|      ap_vld|  p_ZZN4nnet24compute_output_buffer_2dINS_5arrayI8ap_fixedILi10ELi2EL9ap_q_mode5EL9_178|       pointer|
|p_ZZN4nnet24compute_output_buffer_2dINS_5arrayI8ap_fixedILi10ELi2EL9ap_q_mode5EL9_178_ap_vld    |  out|    1|      ap_vld|  p_ZZN4nnet24compute_output_buffer_2dINS_5arrayI8ap_fixedILi10ELi2EL9ap_q_mode5EL9_178|       pointer|
|p_ZZN4nnet24compute_output_buffer_2dINS_5arrayI8ap_fixedILi10ELi2EL9ap_q_mode5EL9_183_i         |   in|   10|     ap_ovld|  p_ZZN4nnet24compute_output_buffer_2dINS_5arrayI8ap_fixedILi10ELi2EL9ap_q_mode5EL9_183|       pointer|
|p_ZZN4nnet24compute_output_buffer_2dINS_5arrayI8ap_fixedILi10ELi2EL9ap_q_mode5EL9_183_o         |  out|   10|     ap_ovld|  p_ZZN4nnet24compute_output_buffer_2dINS_5arrayI8ap_fixedILi10ELi2EL9ap_q_mode5EL9_183|       pointer|
|p_ZZN4nnet24compute_output_buffer_2dINS_5arrayI8ap_fixedILi10ELi2EL9ap_q_mode5EL9_183_o_ap_vld  |  out|    1|     ap_ovld|  p_ZZN4nnet24compute_output_buffer_2dINS_5arrayI8ap_fixedILi10ELi2EL9ap_q_mode5EL9_183|       pointer|
|p_ZZN4nnet24compute_output_buffer_2dINS_5arrayI8ap_fixedILi10ELi2EL9ap_q_mode5EL9_179           |  out|   10|      ap_vld|  p_ZZN4nnet24compute_output_buffer_2dINS_5arrayI8ap_fixedILi10ELi2EL9ap_q_mode5EL9_179|       pointer|
|p_ZZN4nnet24compute_output_buffer_2dINS_5arrayI8ap_fixedILi10ELi2EL9ap_q_mode5EL9_179_ap_vld    |  out|    1|      ap_vld|  p_ZZN4nnet24compute_output_buffer_2dINS_5arrayI8ap_fixedILi10ELi2EL9ap_q_mode5EL9_179|       pointer|
|p_ZZN4nnet24compute_output_buffer_2dINS_5arrayI8ap_fixedILi10ELi2EL9ap_q_mode5EL9_184_i         |   in|   10|     ap_ovld|  p_ZZN4nnet24compute_output_buffer_2dINS_5arrayI8ap_fixedILi10ELi2EL9ap_q_mode5EL9_184|       pointer|
|p_ZZN4nnet24compute_output_buffer_2dINS_5arrayI8ap_fixedILi10ELi2EL9ap_q_mode5EL9_184_o         |  out|   10|     ap_ovld|  p_ZZN4nnet24compute_output_buffer_2dINS_5arrayI8ap_fixedILi10ELi2EL9ap_q_mode5EL9_184|       pointer|
|p_ZZN4nnet24compute_output_buffer_2dINS_5arrayI8ap_fixedILi10ELi2EL9ap_q_mode5EL9_184_o_ap_vld  |  out|    1|     ap_ovld|  p_ZZN4nnet24compute_output_buffer_2dINS_5arrayI8ap_fixedILi10ELi2EL9ap_q_mode5EL9_184|       pointer|
|p_ZZN4nnet24compute_output_buffer_2dINS_5arrayI8ap_fixedILi10ELi2EL9ap_q_mode5EL9_180           |  out|   10|      ap_vld|  p_ZZN4nnet24compute_output_buffer_2dINS_5arrayI8ap_fixedILi10ELi2EL9ap_q_mode5EL9_180|       pointer|
|p_ZZN4nnet24compute_output_buffer_2dINS_5arrayI8ap_fixedILi10ELi2EL9ap_q_mode5EL9_180_ap_vld    |  out|    1|      ap_vld|  p_ZZN4nnet24compute_output_buffer_2dINS_5arrayI8ap_fixedILi10ELi2EL9ap_q_mode5EL9_180|       pointer|
|p_ZZN4nnet24compute_output_buffer_2dINS_5arrayI8ap_fixedILi10ELi2EL9ap_q_mode5EL9_193_i         |   in|   10|     ap_ovld|  p_ZZN4nnet24compute_output_buffer_2dINS_5arrayI8ap_fixedILi10ELi2EL9ap_q_mode5EL9_193|       pointer|
|p_ZZN4nnet24compute_output_buffer_2dINS_5arrayI8ap_fixedILi10ELi2EL9ap_q_mode5EL9_193_o         |  out|   10|     ap_ovld|  p_ZZN4nnet24compute_output_buffer_2dINS_5arrayI8ap_fixedILi10ELi2EL9ap_q_mode5EL9_193|       pointer|
|p_ZZN4nnet24compute_output_buffer_2dINS_5arrayI8ap_fixedILi10ELi2EL9ap_q_mode5EL9_193_o_ap_vld  |  out|    1|     ap_ovld|  p_ZZN4nnet24compute_output_buffer_2dINS_5arrayI8ap_fixedILi10ELi2EL9ap_q_mode5EL9_193|       pointer|
|p_ZZN4nnet24compute_output_buffer_2dINS_5arrayI8ap_fixedILi10ELi2EL9ap_q_mode5EL9_189           |  out|   10|      ap_vld|  p_ZZN4nnet24compute_output_buffer_2dINS_5arrayI8ap_fixedILi10ELi2EL9ap_q_mode5EL9_189|       pointer|
|p_ZZN4nnet24compute_output_buffer_2dINS_5arrayI8ap_fixedILi10ELi2EL9ap_q_mode5EL9_189_ap_vld    |  out|    1|      ap_vld|  p_ZZN4nnet24compute_output_buffer_2dINS_5arrayI8ap_fixedILi10ELi2EL9ap_q_mode5EL9_189|       pointer|
|p_ZZN4nnet24compute_output_buffer_2dINS_5arrayI8ap_fixedILi10ELi2EL9ap_q_mode5EL9_194_i         |   in|   10|     ap_ovld|  p_ZZN4nnet24compute_output_buffer_2dINS_5arrayI8ap_fixedILi10ELi2EL9ap_q_mode5EL9_194|       pointer|
|p_ZZN4nnet24compute_output_buffer_2dINS_5arrayI8ap_fixedILi10ELi2EL9ap_q_mode5EL9_194_o         |  out|   10|     ap_ovld|  p_ZZN4nnet24compute_output_buffer_2dINS_5arrayI8ap_fixedILi10ELi2EL9ap_q_mode5EL9_194|       pointer|
|p_ZZN4nnet24compute_output_buffer_2dINS_5arrayI8ap_fixedILi10ELi2EL9ap_q_mode5EL9_194_o_ap_vld  |  out|    1|     ap_ovld|  p_ZZN4nnet24compute_output_buffer_2dINS_5arrayI8ap_fixedILi10ELi2EL9ap_q_mode5EL9_194|       pointer|
|p_ZZN4nnet24compute_output_buffer_2dINS_5arrayI8ap_fixedILi10ELi2EL9ap_q_mode5EL9_190           |  out|   10|      ap_vld|  p_ZZN4nnet24compute_output_buffer_2dINS_5arrayI8ap_fixedILi10ELi2EL9ap_q_mode5EL9_190|       pointer|
|p_ZZN4nnet24compute_output_buffer_2dINS_5arrayI8ap_fixedILi10ELi2EL9ap_q_mode5EL9_190_ap_vld    |  out|    1|      ap_vld|  p_ZZN4nnet24compute_output_buffer_2dINS_5arrayI8ap_fixedILi10ELi2EL9ap_q_mode5EL9_190|       pointer|
|p_ZZN4nnet24compute_output_buffer_2dINS_5arrayI8ap_fixedILi10ELi2EL9ap_q_mode5EL9_195_i         |   in|   10|     ap_ovld|  p_ZZN4nnet24compute_output_buffer_2dINS_5arrayI8ap_fixedILi10ELi2EL9ap_q_mode5EL9_195|       pointer|
|p_ZZN4nnet24compute_output_buffer_2dINS_5arrayI8ap_fixedILi10ELi2EL9ap_q_mode5EL9_195_o         |  out|   10|     ap_ovld|  p_ZZN4nnet24compute_output_buffer_2dINS_5arrayI8ap_fixedILi10ELi2EL9ap_q_mode5EL9_195|       pointer|
|p_ZZN4nnet24compute_output_buffer_2dINS_5arrayI8ap_fixedILi10ELi2EL9ap_q_mode5EL9_195_o_ap_vld  |  out|    1|     ap_ovld|  p_ZZN4nnet24compute_output_buffer_2dINS_5arrayI8ap_fixedILi10ELi2EL9ap_q_mode5EL9_195|       pointer|
|p_ZZN4nnet24compute_output_buffer_2dINS_5arrayI8ap_fixedILi10ELi2EL9ap_q_mode5EL9_191           |  out|   10|      ap_vld|  p_ZZN4nnet24compute_output_buffer_2dINS_5arrayI8ap_fixedILi10ELi2EL9ap_q_mode5EL9_191|       pointer|
|p_ZZN4nnet24compute_output_buffer_2dINS_5arrayI8ap_fixedILi10ELi2EL9ap_q_mode5EL9_191_ap_vld    |  out|    1|      ap_vld|  p_ZZN4nnet24compute_output_buffer_2dINS_5arrayI8ap_fixedILi10ELi2EL9ap_q_mode5EL9_191|       pointer|
|p_ZZN4nnet24compute_output_buffer_2dINS_5arrayI8ap_fixedILi10ELi2EL9ap_q_mode5EL9_196_i         |   in|   10|     ap_ovld|  p_ZZN4nnet24compute_output_buffer_2dINS_5arrayI8ap_fixedILi10ELi2EL9ap_q_mode5EL9_196|       pointer|
|p_ZZN4nnet24compute_output_buffer_2dINS_5arrayI8ap_fixedILi10ELi2EL9ap_q_mode5EL9_196_o         |  out|   10|     ap_ovld|  p_ZZN4nnet24compute_output_buffer_2dINS_5arrayI8ap_fixedILi10ELi2EL9ap_q_mode5EL9_196|       pointer|
|p_ZZN4nnet24compute_output_buffer_2dINS_5arrayI8ap_fixedILi10ELi2EL9ap_q_mode5EL9_196_o_ap_vld  |  out|    1|     ap_ovld|  p_ZZN4nnet24compute_output_buffer_2dINS_5arrayI8ap_fixedILi10ELi2EL9ap_q_mode5EL9_196|       pointer|
|p_ZZN4nnet24compute_output_buffer_2dINS_5arrayI8ap_fixedILi10ELi2EL9ap_q_mode5EL9_192           |  out|   10|      ap_vld|  p_ZZN4nnet24compute_output_buffer_2dINS_5arrayI8ap_fixedILi10ELi2EL9ap_q_mode5EL9_192|       pointer|
|p_ZZN4nnet24compute_output_buffer_2dINS_5arrayI8ap_fixedILi10ELi2EL9ap_q_mode5EL9_192_ap_vld    |  out|    1|      ap_vld|  p_ZZN4nnet24compute_output_buffer_2dINS_5arrayI8ap_fixedILi10ELi2EL9ap_q_mode5EL9_192|       pointer|
|void_compute_output_buffer_2d_array_const_ap_shift_reg_n_chan_stream_weig_50_i                  |   in|   10|     ap_ovld|           void_compute_output_buffer_2d_array_const_ap_shift_reg_n_chan_stream_weig_50|       pointer|
|void_compute_output_buffer_2d_array_const_ap_shift_reg_n_chan_stream_weig_50_o                  |  out|   10|     ap_ovld|           void_compute_output_buffer_2d_array_const_ap_shift_reg_n_chan_stream_weig_50|       pointer|
|void_compute_output_buffer_2d_array_const_ap_shift_reg_n_chan_stream_weig_50_o_ap_vld           |  out|    1|     ap_ovld|           void_compute_output_buffer_2d_array_const_ap_shift_reg_n_chan_stream_weig_50|       pointer|
|void_compute_output_buffer_2d_array_const_ap_shift_reg_n_chan_stream_weig_49_i                  |   in|   10|     ap_ovld|           void_compute_output_buffer_2d_array_const_ap_shift_reg_n_chan_stream_weig_49|       pointer|
|void_compute_output_buffer_2d_array_const_ap_shift_reg_n_chan_stream_weig_49_o                  |  out|   10|     ap_ovld|           void_compute_output_buffer_2d_array_const_ap_shift_reg_n_chan_stream_weig_49|       pointer|
|void_compute_output_buffer_2d_array_const_ap_shift_reg_n_chan_stream_weig_49_o_ap_vld           |  out|    1|     ap_ovld|           void_compute_output_buffer_2d_array_const_ap_shift_reg_n_chan_stream_weig_49|       pointer|
|p_ZZN4nnet24compute_output_buffer_2dINS_5arrayI8ap_fixedILi10ELi2EL9ap_q_mode5EL9_175_i         |   in|   10|     ap_ovld|  p_ZZN4nnet24compute_output_buffer_2dINS_5arrayI8ap_fixedILi10ELi2EL9ap_q_mode5EL9_175|       pointer|
|p_ZZN4nnet24compute_output_buffer_2dINS_5arrayI8ap_fixedILi10ELi2EL9ap_q_mode5EL9_175_o         |  out|   10|     ap_ovld|  p_ZZN4nnet24compute_output_buffer_2dINS_5arrayI8ap_fixedILi10ELi2EL9ap_q_mode5EL9_175|       pointer|
|p_ZZN4nnet24compute_output_buffer_2dINS_5arrayI8ap_fixedILi10ELi2EL9ap_q_mode5EL9_175_o_ap_vld  |  out|    1|     ap_ovld|  p_ZZN4nnet24compute_output_buffer_2dINS_5arrayI8ap_fixedILi10ELi2EL9ap_q_mode5EL9_175|       pointer|
|p_ZZN4nnet24compute_output_buffer_2dINS_5arrayI8ap_fixedILi10ELi2EL9ap_q_mode5EL9_176_i         |   in|   10|     ap_ovld|  p_ZZN4nnet24compute_output_buffer_2dINS_5arrayI8ap_fixedILi10ELi2EL9ap_q_mode5EL9_176|       pointer|
|p_ZZN4nnet24compute_output_buffer_2dINS_5arrayI8ap_fixedILi10ELi2EL9ap_q_mode5EL9_176_o         |  out|   10|     ap_ovld|  p_ZZN4nnet24compute_output_buffer_2dINS_5arrayI8ap_fixedILi10ELi2EL9ap_q_mode5EL9_176|       pointer|
|p_ZZN4nnet24compute_output_buffer_2dINS_5arrayI8ap_fixedILi10ELi2EL9ap_q_mode5EL9_176_o_ap_vld  |  out|    1|     ap_ovld|  p_ZZN4nnet24compute_output_buffer_2dINS_5arrayI8ap_fixedILi10ELi2EL9ap_q_mode5EL9_176|       pointer|
|p_ZZN4nnet24compute_output_buffer_2dINS_5arrayI8ap_fixedILi10ELi2EL9ap_q_mode5EL9_185_i         |   in|   10|     ap_ovld|  p_ZZN4nnet24compute_output_buffer_2dINS_5arrayI8ap_fixedILi10ELi2EL9ap_q_mode5EL9_185|       pointer|
|p_ZZN4nnet24compute_output_buffer_2dINS_5arrayI8ap_fixedILi10ELi2EL9ap_q_mode5EL9_185_o         |  out|   10|     ap_ovld|  p_ZZN4nnet24compute_output_buffer_2dINS_5arrayI8ap_fixedILi10ELi2EL9ap_q_mode5EL9_185|       pointer|
|p_ZZN4nnet24compute_output_buffer_2dINS_5arrayI8ap_fixedILi10ELi2EL9ap_q_mode5EL9_185_o_ap_vld  |  out|    1|     ap_ovld|  p_ZZN4nnet24compute_output_buffer_2dINS_5arrayI8ap_fixedILi10ELi2EL9ap_q_mode5EL9_185|       pointer|
|p_ZZN4nnet24compute_output_buffer_2dINS_5arrayI8ap_fixedILi10ELi2EL9ap_q_mode5EL9_186_i         |   in|   10|     ap_ovld|  p_ZZN4nnet24compute_output_buffer_2dINS_5arrayI8ap_fixedILi10ELi2EL9ap_q_mode5EL9_186|       pointer|
|p_ZZN4nnet24compute_output_buffer_2dINS_5arrayI8ap_fixedILi10ELi2EL9ap_q_mode5EL9_186_o         |  out|   10|     ap_ovld|  p_ZZN4nnet24compute_output_buffer_2dINS_5arrayI8ap_fixedILi10ELi2EL9ap_q_mode5EL9_186|       pointer|
|p_ZZN4nnet24compute_output_buffer_2dINS_5arrayI8ap_fixedILi10ELi2EL9ap_q_mode5EL9_186_o_ap_vld  |  out|    1|     ap_ovld|  p_ZZN4nnet24compute_output_buffer_2dINS_5arrayI8ap_fixedILi10ELi2EL9ap_q_mode5EL9_186|       pointer|
|p_ZZN4nnet24compute_output_buffer_2dINS_5arrayI8ap_fixedILi10ELi2EL9ap_q_mode5EL9_187_i         |   in|   10|     ap_ovld|  p_ZZN4nnet24compute_output_buffer_2dINS_5arrayI8ap_fixedILi10ELi2EL9ap_q_mode5EL9_187|       pointer|
|p_ZZN4nnet24compute_output_buffer_2dINS_5arrayI8ap_fixedILi10ELi2EL9ap_q_mode5EL9_187_o         |  out|   10|     ap_ovld|  p_ZZN4nnet24compute_output_buffer_2dINS_5arrayI8ap_fixedILi10ELi2EL9ap_q_mode5EL9_187|       pointer|
|p_ZZN4nnet24compute_output_buffer_2dINS_5arrayI8ap_fixedILi10ELi2EL9ap_q_mode5EL9_187_o_ap_vld  |  out|    1|     ap_ovld|  p_ZZN4nnet24compute_output_buffer_2dINS_5arrayI8ap_fixedILi10ELi2EL9ap_q_mode5EL9_187|       pointer|
|p_ZZN4nnet24compute_output_buffer_2dINS_5arrayI8ap_fixedILi10ELi2EL9ap_q_mode5EL9_188_i         |   in|   10|     ap_ovld|  p_ZZN4nnet24compute_output_buffer_2dINS_5arrayI8ap_fixedILi10ELi2EL9ap_q_mode5EL9_188|       pointer|
|p_ZZN4nnet24compute_output_buffer_2dINS_5arrayI8ap_fixedILi10ELi2EL9ap_q_mode5EL9_188_o         |  out|   10|     ap_ovld|  p_ZZN4nnet24compute_output_buffer_2dINS_5arrayI8ap_fixedILi10ELi2EL9ap_q_mode5EL9_188|       pointer|
|p_ZZN4nnet24compute_output_buffer_2dINS_5arrayI8ap_fixedILi10ELi2EL9ap_q_mode5EL9_188_o_ap_vld  |  out|    1|     ap_ovld|  p_ZZN4nnet24compute_output_buffer_2dINS_5arrayI8ap_fixedILi10ELi2EL9ap_q_mode5EL9_188|       pointer|
|p_ZZN4nnet24compute_output_buffer_2dINS_5arrayI8ap_fixedILi10ELi2EL9ap_q_mode5EL9_197_i         |   in|   10|     ap_ovld|  p_ZZN4nnet24compute_output_buffer_2dINS_5arrayI8ap_fixedILi10ELi2EL9ap_q_mode5EL9_197|       pointer|
|p_ZZN4nnet24compute_output_buffer_2dINS_5arrayI8ap_fixedILi10ELi2EL9ap_q_mode5EL9_197_o         |  out|   10|     ap_ovld|  p_ZZN4nnet24compute_output_buffer_2dINS_5arrayI8ap_fixedILi10ELi2EL9ap_q_mode5EL9_197|       pointer|
|p_ZZN4nnet24compute_output_buffer_2dINS_5arrayI8ap_fixedILi10ELi2EL9ap_q_mode5EL9_197_o_ap_vld  |  out|    1|     ap_ovld|  p_ZZN4nnet24compute_output_buffer_2dINS_5arrayI8ap_fixedILi10ELi2EL9ap_q_mode5EL9_197|       pointer|
|p_ZZN4nnet24compute_output_buffer_2dINS_5arrayI8ap_fixedILi10ELi2EL9ap_q_mode5EL9_198_i         |   in|   10|     ap_ovld|  p_ZZN4nnet24compute_output_buffer_2dINS_5arrayI8ap_fixedILi10ELi2EL9ap_q_mode5EL9_198|       pointer|
|p_ZZN4nnet24compute_output_buffer_2dINS_5arrayI8ap_fixedILi10ELi2EL9ap_q_mode5EL9_198_o         |  out|   10|     ap_ovld|  p_ZZN4nnet24compute_output_buffer_2dINS_5arrayI8ap_fixedILi10ELi2EL9ap_q_mode5EL9_198|       pointer|
|p_ZZN4nnet24compute_output_buffer_2dINS_5arrayI8ap_fixedILi10ELi2EL9ap_q_mode5EL9_198_o_ap_vld  |  out|    1|     ap_ovld|  p_ZZN4nnet24compute_output_buffer_2dINS_5arrayI8ap_fixedILi10ELi2EL9ap_q_mode5EL9_198|       pointer|
|p_ZZN4nnet24compute_output_buffer_2dINS_5arrayI8ap_fixedILi10ELi2EL9ap_q_mode5EL9_199_i         |   in|   10|     ap_ovld|  p_ZZN4nnet24compute_output_buffer_2dINS_5arrayI8ap_fixedILi10ELi2EL9ap_q_mode5EL9_199|       pointer|
|p_ZZN4nnet24compute_output_buffer_2dINS_5arrayI8ap_fixedILi10ELi2EL9ap_q_mode5EL9_199_o         |  out|   10|     ap_ovld|  p_ZZN4nnet24compute_output_buffer_2dINS_5arrayI8ap_fixedILi10ELi2EL9ap_q_mode5EL9_199|       pointer|
|p_ZZN4nnet24compute_output_buffer_2dINS_5arrayI8ap_fixedILi10ELi2EL9ap_q_mode5EL9_199_o_ap_vld  |  out|    1|     ap_ovld|  p_ZZN4nnet24compute_output_buffer_2dINS_5arrayI8ap_fixedILi10ELi2EL9ap_q_mode5EL9_199|       pointer|
|p_ZZN4nnet24compute_output_buffer_2dINS_5arrayI8ap_fixedILi10ELi2EL9ap_q_mode5EL9_200_i         |   in|   10|     ap_ovld|  p_ZZN4nnet24compute_output_buffer_2dINS_5arrayI8ap_fixedILi10ELi2EL9ap_q_mode5EL9_200|       pointer|
|p_ZZN4nnet24compute_output_buffer_2dINS_5arrayI8ap_fixedILi10ELi2EL9ap_q_mode5EL9_200_o         |  out|   10|     ap_ovld|  p_ZZN4nnet24compute_output_buffer_2dINS_5arrayI8ap_fixedILi10ELi2EL9ap_q_mode5EL9_200|       pointer|
|p_ZZN4nnet24compute_output_buffer_2dINS_5arrayI8ap_fixedILi10ELi2EL9ap_q_mode5EL9_200_o_ap_vld  |  out|    1|     ap_ovld|  p_ZZN4nnet24compute_output_buffer_2dINS_5arrayI8ap_fixedILi10ELi2EL9ap_q_mode5EL9_200|       pointer|
+------------------------------------------------------------------------------------------------+-----+-----+------------+---------------------------------------------------------------------------------------+--------------+

