

================================================================
== Vitis HLS Report for 'shift_line_buffer_array_ap_fixed_10_2_5_3_0_6u_config16_s'
================================================================
* Date:           Fri Apr 24 00:23:02 2026

* Version:        2025.2 (Build 6295257 on Nov 14 2025)
* Project:        folo_prj
* Solution:       solution1 (Vivado IP Flow Target)
* Product family: kintexu
* Target device:  xcku035-fbva676-2-e


================================================================
== Performance Estimates
================================================================
+ Timing: 
    * Summary: 
    +--------+---------+----------+------------+
    |  Clock |  Target | Estimated| Uncertainty|
    +--------+---------+----------+------------+
    |ap_clk  |  5.00 ns|  1.154 ns|     1.35 ns|
    +--------+---------+----------+------------+

+ Latency: 
    * Summary: 
    +---------+---------+----------+----------+-----+-----+---------+
    |  Latency (cycles) |  Latency (absolute) |  Interval | Pipeline|
    |   min   |   max   |    min   |    max   | min | max |   Type  |
    +---------+---------+----------+----------+-----+-----+---------+
    |        0|        0|      0 ns|      0 ns|    1|    1|      yes|
    +---------+---------+----------+----------+-----+-----+---------+

    + Detail: 
        * Instance: 
        N/A

        * Loop: 
        N/A



================================================================
== Utilization Estimates
================================================================
* Summary: 
+-----------------+---------+------+--------+--------+-----+
|       Name      | BRAM_18K|  DSP |   FF   |   LUT  | URAM|
+-----------------+---------+------+--------+--------+-----+
|DSP              |        -|     -|       -|       -|    -|
|Expression       |        -|     -|       -|       -|    -|
|FIFO             |        -|     -|       -|       -|    -|
|Instance         |        -|     -|       -|       -|    -|
|Memory           |        -|     -|       0|      12|    -|
|Multiplexer      |        -|     -|       0|     324|    -|
|Register         |        -|     -|       1|       -|    -|
+-----------------+---------+------+--------+--------+-----+
|Total            |        0|     0|       1|     336|    0|
+-----------------+---------+------+--------+--------+-----+
|Available        |     1080|  1700|  406256|  203128|    0|
+-----------------+---------+------+--------+--------+-----+
|Utilization (%)  |        0|     0|      ~0|      ~0|    0|
+-----------------+---------+------+--------+--------+-----+

+ Detail: 
    * Instance: 
    N/A

    * DSP: 
    N/A

    * Memory: 
    +----------------------------------------------------------------------------------------+----------------------------------------------------------------------------------+---------+---+----+-----+------+-----+------+-------------+
    |                                         Memory                                         |                                      Module                                      | BRAM_18K| FF| LUT| URAM| Words| Bits| Banks| W*Bits*Banks|
    +----------------------------------------------------------------------------------------+----------------------------------------------------------------------------------+---------+---+----+-----+------+-----+------+-------------+
    |p_ZZN4nnet25conv_2d_buffer_latency_clINS_5arrayI8ap_fixedILi10ELi2EL9ap_q_mode5EL_39_U  |shift_line_buffer_array_ap_fixed_10_2_5_3_0_6u_config16_s_p_ZZN4nnet25conv_2dFfa  |        0|  0|   1|    0|    65|   10|     1|          650|
    |p_ZZN4nnet25conv_2d_buffer_latency_clINS_5arrayI8ap_fixedILi10ELi2EL9ap_q_mode5EL_33_U  |shift_line_buffer_array_ap_fixed_10_2_5_3_0_6u_config16_s_p_ZZN4nnet25conv_2dFfa  |        0|  0|   1|    0|    65|   10|     1|          650|
    |p_ZZN4nnet25conv_2d_buffer_latency_clINS_5arrayI8ap_fixedILi10ELi2EL9ap_q_mode5EL_38_U  |shift_line_buffer_array_ap_fixed_10_2_5_3_0_6u_config16_s_p_ZZN4nnet25conv_2dFfa  |        0|  0|   1|    0|    65|   10|     1|          650|
    |p_ZZN4nnet25conv_2d_buffer_latency_clINS_5arrayI8ap_fixedILi10ELi2EL9ap_q_mode5EL_32_U  |shift_line_buffer_array_ap_fixed_10_2_5_3_0_6u_config16_s_p_ZZN4nnet25conv_2dFfa  |        0|  0|   1|    0|    65|   10|     1|          650|
    |p_ZZN4nnet25conv_2d_buffer_latency_clINS_5arrayI8ap_fixedILi10ELi2EL9ap_q_mode5EL_37_U  |shift_line_buffer_array_ap_fixed_10_2_5_3_0_6u_config16_s_p_ZZN4nnet25conv_2dFfa  |        0|  0|   1|    0|    65|   10|     1|          650|
    |p_ZZN4nnet25conv_2d_buffer_latency_clINS_5arrayI8ap_fixedILi10ELi2EL9ap_q_mode5EL_31_U  |shift_line_buffer_array_ap_fixed_10_2_5_3_0_6u_config16_s_p_ZZN4nnet25conv_2dFfa  |        0|  0|   1|    0|    65|   10|     1|          650|
    |p_ZZN4nnet25conv_2d_buffer_latency_clINS_5arrayI8ap_fixedILi10ELi2EL9ap_q_mode5EL_36_U  |shift_line_buffer_array_ap_fixed_10_2_5_3_0_6u_config16_s_p_ZZN4nnet25conv_2dFfa  |        0|  0|   1|    0|    65|   10|     1|          650|
    |p_ZZN4nnet25conv_2d_buffer_latency_clINS_5arrayI8ap_fixedILi10ELi2EL9ap_q_mode5EL_30_U  |shift_line_buffer_array_ap_fixed_10_2_5_3_0_6u_config16_s_p_ZZN4nnet25conv_2dFfa  |        0|  0|   1|    0|    65|   10|     1|          650|
    |p_ZZN4nnet25conv_2d_buffer_latency_clINS_5arrayI8ap_fixedILi10ELi2EL9ap_q_mode5EL_35_U  |shift_line_buffer_array_ap_fixed_10_2_5_3_0_6u_config16_s_p_ZZN4nnet25conv_2dFfa  |        0|  0|   1|    0|    65|   10|     1|          650|
    |p_ZZN4nnet25conv_2d_buffer_latency_clINS_5arrayI8ap_fixedILi10ELi2EL9ap_q_mode5EL_29_U  |shift_line_buffer_array_ap_fixed_10_2_5_3_0_6u_config16_s_p_ZZN4nnet25conv_2dFfa  |        0|  0|   1|    0|    65|   10|     1|          650|
    |p_ZZN4nnet25conv_2d_buffer_latency_clINS_5arrayI8ap_fixedILi10ELi2EL9ap_q_mode5EL_34_U  |shift_line_buffer_array_ap_fixed_10_2_5_3_0_6u_config16_s_p_ZZN4nnet25conv_2dFfa  |        0|  0|   1|    0|    65|   10|     1|          650|
    |p_ZZN4nnet25conv_2d_buffer_latency_clINS_5arrayI8ap_fixedILi10ELi2EL9ap_q_mode5EL_28_U  |shift_line_buffer_array_ap_fixed_10_2_5_3_0_6u_config16_s_p_ZZN4nnet25conv_2dFfa  |        0|  0|   1|    0|    65|   10|     1|          650|
    +----------------------------------------------------------------------------------------+----------------------------------------------------------------------------------+---------+---+----+-----+------+-----+------+-------------+
    |Total                                                                                   |                                                                                  |        0|  0|  12|    0|   780|  120|    12|         7800|
    +----------------------------------------------------------------------------------------+----------------------------------------------------------------------------------+---------+---+----+-----+------+-----+------+-------------+

    * FIFO: 
    N/A

    * Expression: 
    N/A

    * Multiplexer: 
    +-----------------------------------------------------------------------------------------+----+-----------+-----+-----------+
    |                                           Name                                          | LUT| Input Size| Bits| Total Bits|
    +-----------------------------------------------------------------------------------------+----+-----------+-----+-----------+
    |p_ZZN4nnet24compute_output_buffer_2dINS_5arrayI8ap_fixedILi10ELi2EL9ap_q_mode5EL9_201_o  |   9|          2|   10|         20|
    |p_ZZN4nnet24compute_output_buffer_2dINS_5arrayI8ap_fixedILi10ELi2EL9ap_q_mode5EL9_202_o  |   9|          2|   10|         20|
    |p_ZZN4nnet24compute_output_buffer_2dINS_5arrayI8ap_fixedILi10ELi2EL9ap_q_mode5EL9_203_o  |   9|          2|   10|         20|
    |p_ZZN4nnet24compute_output_buffer_2dINS_5arrayI8ap_fixedILi10ELi2EL9ap_q_mode5EL9_204_o  |   9|          2|   10|         20|
    |p_ZZN4nnet24compute_output_buffer_2dINS_5arrayI8ap_fixedILi10ELi2EL9ap_q_mode5EL9_205_o  |   9|          2|   10|         20|
    |p_ZZN4nnet24compute_output_buffer_2dINS_5arrayI8ap_fixedILi10ELi2EL9ap_q_mode5EL9_206_o  |   9|          2|   10|         20|
    |p_ZZN4nnet24compute_output_buffer_2dINS_5arrayI8ap_fixedILi10ELi2EL9ap_q_mode5EL9_207_o  |   9|          2|   10|         20|
    |p_ZZN4nnet24compute_output_buffer_2dINS_5arrayI8ap_fixedILi10ELi2EL9ap_q_mode5EL9_208_o  |   9|          2|   10|         20|
    |p_ZZN4nnet24compute_output_buffer_2dINS_5arrayI8ap_fixedILi10ELi2EL9ap_q_mode5EL9_215_o  |   9|          2|   10|         20|
    |p_ZZN4nnet24compute_output_buffer_2dINS_5arrayI8ap_fixedILi10ELi2EL9ap_q_mode5EL9_216_o  |   9|          2|   10|         20|
    |p_ZZN4nnet24compute_output_buffer_2dINS_5arrayI8ap_fixedILi10ELi2EL9ap_q_mode5EL9_217_o  |   9|          2|   10|         20|
    |p_ZZN4nnet24compute_output_buffer_2dINS_5arrayI8ap_fixedILi10ELi2EL9ap_q_mode5EL9_218_o  |   9|          2|   10|         20|
    |p_ZZN4nnet24compute_output_buffer_2dINS_5arrayI8ap_fixedILi10ELi2EL9ap_q_mode5EL9_219_o  |   9|          2|   10|         20|
    |p_ZZN4nnet24compute_output_buffer_2dINS_5arrayI8ap_fixedILi10ELi2EL9ap_q_mode5EL9_220_o  |   9|          2|   10|         20|
    |p_ZZN4nnet24compute_output_buffer_2dINS_5arrayI8ap_fixedILi10ELi2EL9ap_q_mode5EL9_221_o  |   9|          2|   10|         20|
    |p_ZZN4nnet24compute_output_buffer_2dINS_5arrayI8ap_fixedILi10ELi2EL9ap_q_mode5EL9_222_o  |   9|          2|   10|         20|
    |p_ZZN4nnet24compute_output_buffer_2dINS_5arrayI8ap_fixedILi10ELi2EL9ap_q_mode5EL9_223_o  |   9|          2|   10|         20|
    |p_ZZN4nnet24compute_output_buffer_2dINS_5arrayI8ap_fixedILi10ELi2EL9ap_q_mode5EL9_224_o  |   9|          2|   10|         20|
    |p_ZZN4nnet24compute_output_buffer_2dINS_5arrayI8ap_fixedILi10ELi2EL9ap_q_mode5EL9_225_o  |   9|          2|   10|         20|
    |p_ZZN4nnet24compute_output_buffer_2dINS_5arrayI8ap_fixedILi10ELi2EL9ap_q_mode5EL9_226_o  |   9|          2|   10|         20|
    |p_ZZN4nnet24compute_output_buffer_2dINS_5arrayI8ap_fixedILi10ELi2EL9ap_q_mode5EL9_233_o  |   9|          2|   10|         20|
    |p_ZZN4nnet24compute_output_buffer_2dINS_5arrayI8ap_fixedILi10ELi2EL9ap_q_mode5EL9_234_o  |   9|          2|   10|         20|
    |p_ZZN4nnet24compute_output_buffer_2dINS_5arrayI8ap_fixedILi10ELi2EL9ap_q_mode5EL9_235_o  |   9|          2|   10|         20|
    |p_ZZN4nnet24compute_output_buffer_2dINS_5arrayI8ap_fixedILi10ELi2EL9ap_q_mode5EL9_236_o  |   9|          2|   10|         20|
    |p_ZZN4nnet24compute_output_buffer_2dINS_5arrayI8ap_fixedILi10ELi2EL9ap_q_mode5EL9_237_o  |   9|          2|   10|         20|
    |p_ZZN4nnet24compute_output_buffer_2dINS_5arrayI8ap_fixedILi10ELi2EL9ap_q_mode5EL9_238_o  |   9|          2|   10|         20|
    |p_ZZN4nnet24compute_output_buffer_2dINS_5arrayI8ap_fixedILi10ELi2EL9ap_q_mode5EL9_239_o  |   9|          2|   10|         20|
    |p_ZZN4nnet24compute_output_buffer_2dINS_5arrayI8ap_fixedILi10ELi2EL9ap_q_mode5EL9_240_o  |   9|          2|   10|         20|
    |p_ZZN4nnet24compute_output_buffer_2dINS_5arrayI8ap_fixedILi10ELi2EL9ap_q_mode5EL9_241_o  |   9|          2|   10|         20|
    |p_ZZN4nnet24compute_output_buffer_2dINS_5arrayI8ap_fixedILi10ELi2EL9ap_q_mode5EL9_242_o  |   9|          2|   10|         20|
    |p_ZZN4nnet24compute_output_buffer_2dINS_5arrayI8ap_fixedILi10ELi2EL9ap_q_mode5EL9_243_o  |   9|          2|   10|         20|
    |p_ZZN4nnet24compute_output_buffer_2dINS_5arrayI8ap_fixedILi10ELi2EL9ap_q_mode5EL9_244_o  |   9|          2|   10|         20|
    |void_compute_output_buffer_2d_array_const_ap_shift_reg_n_chan_stream_weig_29_o           |   9|          2|   10|         20|
    |void_compute_output_buffer_2d_array_const_ap_shift_reg_n_chan_stream_weig_30_o           |   9|          2|   10|         20|
    |void_compute_output_buffer_2d_array_const_ap_shift_reg_n_chan_stream_weig_31_o           |   9|          2|   10|         20|
    |void_compute_output_buffer_2d_array_const_ap_shift_reg_n_chan_stream_weig_32_o           |   9|          2|   10|         20|
    +-----------------------------------------------------------------------------------------+----+-----------+-----+-----------+
    |Total                                                                                    | 324|         72|  360|        720|
    +-----------------------------------------------------------------------------------------+----+-----------+-----+-----------+

    * Register: 
    +-----------+---+----+-----+-----------+
    |    Name   | FF| LUT| Bits| Const Bits|
    +-----------+---+----+-----+-----------+
    |ap_CS_fsm  |  1|   0|    1|          0|
    +-----------+---+----+-----+-----------+
    |Total      |  1|   0|    1|          0|
    +-----------+---+----+-----+-----------+



================================================================
== Interface
================================================================
* Summary: 
+------------------------------------------------------------------------------------------------+-----+-----+------------+---------------------------------------------------------------------------------------+--------------+
|                                            RTL Ports                                           | Dir | Bits|  Protocol  |                                     Source Object                                     |    C Type    |
+------------------------------------------------------------------------------------------------+-----+-----+------------+---------------------------------------------------------------------------------------+--------------+
|ap_clk                                                                                          |   in|    1|  ap_ctrl_hs|                       shift_line_buffer<array<ap_fixed<10, 2, 5, 3, 0>, 6u>, config16>|  return value|
|ap_rst                                                                                          |   in|    1|  ap_ctrl_hs|                       shift_line_buffer<array<ap_fixed<10, 2, 5, 3, 0>, 6u>, config16>|  return value|
|ap_start                                                                                        |   in|    1|  ap_ctrl_hs|                       shift_line_buffer<array<ap_fixed<10, 2, 5, 3, 0>, 6u>, config16>|  return value|
|ap_done                                                                                         |  out|    1|  ap_ctrl_hs|                       shift_line_buffer<array<ap_fixed<10, 2, 5, 3, 0>, 6u>, config16>|  return value|
|ap_idle                                                                                         |  out|    1|  ap_ctrl_hs|                       shift_line_buffer<array<ap_fixed<10, 2, 5, 3, 0>, 6u>, config16>|  return value|
|ap_ready                                                                                        |  out|    1|  ap_ctrl_hs|                       shift_line_buffer<array<ap_fixed<10, 2, 5, 3, 0>, 6u>, config16>|  return value|
|ap_ce                                                                                           |   in|    1|  ap_ctrl_hs|                       shift_line_buffer<array<ap_fixed<10, 2, 5, 3, 0>, 6u>, config16>|  return value|
|p_read                                                                                          |   in|   10|     ap_none|                                                                                 p_read|        scalar|
|p_read1                                                                                         |   in|   10|     ap_none|                                                                                p_read1|        scalar|
|p_read2                                                                                         |   in|   10|     ap_none|                                                                                p_read2|        scalar|
|p_read3                                                                                         |   in|   10|     ap_none|                                                                                p_read3|        scalar|
|p_read4                                                                                         |   in|   10|     ap_none|                                                                                p_read4|        scalar|
|p_read5                                                                                         |   in|   10|     ap_none|                                                                                p_read5|        scalar|
|void_compute_output_buffer_2d_array_const_ap_shift_reg_n_chan_stream_weig_32_i                  |   in|   10|     ap_ovld|           void_compute_output_buffer_2d_array_const_ap_shift_reg_n_chan_stream_weig_32|       pointer|
|void_compute_output_buffer_2d_array_const_ap_shift_reg_n_chan_stream_weig_32_o                  |  out|   10|     ap_ovld|           void_compute_output_buffer_2d_array_const_ap_shift_reg_n_chan_stream_weig_32|       pointer|
|void_compute_output_buffer_2d_array_const_ap_shift_reg_n_chan_stream_weig_32_o_ap_vld           |  out|    1|     ap_ovld|           void_compute_output_buffer_2d_array_const_ap_shift_reg_n_chan_stream_weig_32|       pointer|
|void_compute_output_buffer_2d_array_const_ap_shift_reg_n_chan_stream_weig_38                    |  out|   10|      ap_vld|           void_compute_output_buffer_2d_array_const_ap_shift_reg_n_chan_stream_weig_38|       pointer|
|void_compute_output_buffer_2d_array_const_ap_shift_reg_n_chan_stream_weig_38_ap_vld             |  out|    1|      ap_vld|           void_compute_output_buffer_2d_array_const_ap_shift_reg_n_chan_stream_weig_38|       pointer|
|void_compute_output_buffer_2d_array_const_ap_shift_reg_n_chan_stream_weig_31_i                  |   in|   10|     ap_ovld|           void_compute_output_buffer_2d_array_const_ap_shift_reg_n_chan_stream_weig_31|       pointer|
|void_compute_output_buffer_2d_array_const_ap_shift_reg_n_chan_stream_weig_31_o                  |  out|   10|     ap_ovld|           void_compute_output_buffer_2d_array_const_ap_shift_reg_n_chan_stream_weig_31|       pointer|
|void_compute_output_buffer_2d_array_const_ap_shift_reg_n_chan_stream_weig_31_o_ap_vld           |  out|    1|     ap_ovld|           void_compute_output_buffer_2d_array_const_ap_shift_reg_n_chan_stream_weig_31|       pointer|
|void_compute_output_buffer_2d_array_const_ap_shift_reg_n_chan_stream_weig_37                    |  out|   10|      ap_vld|           void_compute_output_buffer_2d_array_const_ap_shift_reg_n_chan_stream_weig_37|       pointer|
|void_compute_output_buffer_2d_array_const_ap_shift_reg_n_chan_stream_weig_37_ap_vld             |  out|    1|      ap_vld|           void_compute_output_buffer_2d_array_const_ap_shift_reg_n_chan_stream_weig_37|       pointer|
|void_compute_output_buffer_2d_array_const_ap_shift_reg_n_chan_stream_weig_30_i                  |   in|   10|     ap_ovld|           void_compute_output_buffer_2d_array_const_ap_shift_reg_n_chan_stream_weig_30|       pointer|
|void_compute_output_buffer_2d_array_const_ap_shift_reg_n_chan_stream_weig_30_o                  |  out|   10|     ap_ovld|           void_compute_output_buffer_2d_array_const_ap_shift_reg_n_chan_stream_weig_30|       pointer|
|void_compute_output_buffer_2d_array_const_ap_shift_reg_n_chan_stream_weig_30_o_ap_vld           |  out|    1|     ap_ovld|           void_compute_output_buffer_2d_array_const_ap_shift_reg_n_chan_stream_weig_30|       pointer|
|void_compute_output_buffer_2d_array_const_ap_shift_reg_n_chan_stream_weig_36                    |  out|   10|      ap_vld|           void_compute_output_buffer_2d_array_const_ap_shift_reg_n_chan_stream_weig_36|       pointer|
|void_compute_output_buffer_2d_array_const_ap_shift_reg_n_chan_stream_weig_36_ap_vld             |  out|    1|      ap_vld|           void_compute_output_buffer_2d_array_const_ap_shift_reg_n_chan_stream_weig_36|       pointer|
|void_compute_output_buffer_2d_array_const_ap_shift_reg_n_chan_stream_weig_29_i                  |   in|   10|     ap_ovld|           void_compute_output_buffer_2d_array_const_ap_shift_reg_n_chan_stream_weig_29|       pointer|
|void_compute_output_buffer_2d_array_const_ap_shift_reg_n_chan_stream_weig_29_o                  |  out|   10|     ap_ovld|           void_compute_output_buffer_2d_array_const_ap_shift_reg_n_chan_stream_weig_29|       pointer|
|void_compute_output_buffer_2d_array_const_ap_shift_reg_n_chan_stream_weig_29_o_ap_vld           |  out|    1|     ap_ovld|           void_compute_output_buffer_2d_array_const_ap_shift_reg_n_chan_stream_weig_29|       pointer|
|void_compute_output_buffer_2d_array_const_ap_shift_reg_n_chan_stream_weig_35                    |  out|   10|      ap_vld|           void_compute_output_buffer_2d_array_const_ap_shift_reg_n_chan_stream_weig_35|       pointer|
|void_compute_output_buffer_2d_array_const_ap_shift_reg_n_chan_stream_weig_35_ap_vld             |  out|    1|      ap_vld|           void_compute_output_buffer_2d_array_const_ap_shift_reg_n_chan_stream_weig_35|       pointer|
|p_ZZN4nnet24compute_output_buffer_2dINS_5arrayI8ap_fixedILi10ELi2EL9ap_q_mode5EL9_201_i         |   in|   10|     ap_ovld|  p_ZZN4nnet24compute_output_buffer_2dINS_5arrayI8ap_fixedILi10ELi2EL9ap_q_mode5EL9_201|       pointer|
|p_ZZN4nnet24compute_output_buffer_2dINS_5arrayI8ap_fixedILi10ELi2EL9ap_q_mode5EL9_201_o         |  out|   10|     ap_ovld|  p_ZZN4nnet24compute_output_buffer_2dINS_5arrayI8ap_fixedILi10ELi2EL9ap_q_mode5EL9_201|       pointer|
|p_ZZN4nnet24compute_output_buffer_2dINS_5arrayI8ap_fixedILi10ELi2EL9ap_q_mode5EL9_201_o_ap_vld  |  out|    1|     ap_ovld|  p_ZZN4nnet24compute_output_buffer_2dINS_5arrayI8ap_fixedILi10ELi2EL9ap_q_mode5EL9_201|       pointer|
|void_compute_output_buffer_2d_array_const_ap_shift_reg_n_chan_stream_weig_34                    |  out|   10|      ap_vld|           void_compute_output_buffer_2d_array_const_ap_shift_reg_n_chan_stream_weig_34|       pointer|
|void_compute_output_buffer_2d_array_const_ap_shift_reg_n_chan_stream_weig_34_ap_vld             |  out|    1|      ap_vld|           void_compute_output_buffer_2d_array_const_ap_shift_reg_n_chan_stream_weig_34|       pointer|
|p_ZZN4nnet24compute_output_buffer_2dINS_5arrayI8ap_fixedILi10ELi2EL9ap_q_mode5EL9_202_i         |   in|   10|     ap_ovld|  p_ZZN4nnet24compute_output_buffer_2dINS_5arrayI8ap_fixedILi10ELi2EL9ap_q_mode5EL9_202|       pointer|
|p_ZZN4nnet24compute_output_buffer_2dINS_5arrayI8ap_fixedILi10ELi2EL9ap_q_mode5EL9_202_o         |  out|   10|     ap_ovld|  p_ZZN4nnet24compute_output_buffer_2dINS_5arrayI8ap_fixedILi10ELi2EL9ap_q_mode5EL9_202|       pointer|
|p_ZZN4nnet24compute_output_buffer_2dINS_5arrayI8ap_fixedILi10ELi2EL9ap_q_mode5EL9_202_o_ap_vld  |  out|    1|     ap_ovld|  p_ZZN4nnet24compute_output_buffer_2dINS_5arrayI8ap_fixedILi10ELi2EL9ap_q_mode5EL9_202|       pointer|
|void_compute_output_buffer_2d_array_const_ap_shift_reg_n_chan_stream_weig_33                    |  out|   10|      ap_vld|           void_compute_output_buffer_2d_array_const_ap_shift_reg_n_chan_stream_weig_33|       pointer|
|void_compute_output_buffer_2d_array_const_ap_shift_reg_n_chan_stream_weig_33_ap_vld             |  out|    1|      ap_vld|           void_compute_output_buffer_2d_array_const_ap_shift_reg_n_chan_stream_weig_33|       pointer|
|p_ZZN4nnet24compute_output_buffer_2dINS_5arrayI8ap_fixedILi10ELi2EL9ap_q_mode5EL9_215_i         |   in|   10|     ap_ovld|  p_ZZN4nnet24compute_output_buffer_2dINS_5arrayI8ap_fixedILi10ELi2EL9ap_q_mode5EL9_215|       pointer|
|p_ZZN4nnet24compute_output_buffer_2dINS_5arrayI8ap_fixedILi10ELi2EL9ap_q_mode5EL9_215_o         |  out|   10|     ap_ovld|  p_ZZN4nnet24compute_output_buffer_2dINS_5arrayI8ap_fixedILi10ELi2EL9ap_q_mode5EL9_215|       pointer|
|p_ZZN4nnet24compute_output_buffer_2dINS_5arrayI8ap_fixedILi10ELi2EL9ap_q_mode5EL9_215_o_ap_vld  |  out|    1|     ap_ovld|  p_ZZN4nnet24compute_output_buffer_2dINS_5arrayI8ap_fixedILi10ELi2EL9ap_q_mode5EL9_215|       pointer|
|p_ZZN4nnet24compute_output_buffer_2dINS_5arrayI8ap_fixedILi10ELi2EL9ap_q_mode5EL9_209           |  out|   10|      ap_vld|  p_ZZN4nnet24compute_output_buffer_2dINS_5arrayI8ap_fixedILi10ELi2EL9ap_q_mode5EL9_209|       pointer|
|p_ZZN4nnet24compute_output_buffer_2dINS_5arrayI8ap_fixedILi10ELi2EL9ap_q_mode5EL9_209_ap_vld    |  out|    1|      ap_vld|  p_ZZN4nnet24compute_output_buffer_2dINS_5arrayI8ap_fixedILi10ELi2EL9ap_q_mode5EL9_209|       pointer|
|p_ZZN4nnet24compute_output_buffer_2dINS_5arrayI8ap_fixedILi10ELi2EL9ap_q_mode5EL9_216_i         |   in|   10|     ap_ovld|  p_ZZN4nnet24compute_output_buffer_2dINS_5arrayI8ap_fixedILi10ELi2EL9ap_q_mode5EL9_216|       pointer|
|p_ZZN4nnet24compute_output_buffer_2dINS_5arrayI8ap_fixedILi10ELi2EL9ap_q_mode5EL9_216_o         |  out|   10|     ap_ovld|  p_ZZN4nnet24compute_output_buffer_2dINS_5arrayI8ap_fixedILi10ELi2EL9ap_q_mode5EL9_216|       pointer|
|p_ZZN4nnet24compute_output_buffer_2dINS_5arrayI8ap_fixedILi10ELi2EL9ap_q_mode5EL9_216_o_ap_vld  |  out|    1|     ap_ovld|  p_ZZN4nnet24compute_output_buffer_2dINS_5arrayI8ap_fixedILi10ELi2EL9ap_q_mode5EL9_216|       pointer|
|p_ZZN4nnet24compute_output_buffer_2dINS_5arrayI8ap_fixedILi10ELi2EL9ap_q_mode5EL9_210           |  out|   10|      ap_vld|  p_ZZN4nnet24compute_output_buffer_2dINS_5arrayI8ap_fixedILi10ELi2EL9ap_q_mode5EL9_210|       pointer|
|p_ZZN4nnet24compute_output_buffer_2dINS_5arrayI8ap_fixedILi10ELi2EL9ap_q_mode5EL9_210_ap_vld    |  out|    1|      ap_vld|  p_ZZN4nnet24compute_output_buffer_2dINS_5arrayI8ap_fixedILi10ELi2EL9ap_q_mode5EL9_210|       pointer|
|p_ZZN4nnet24compute_output_buffer_2dINS_5arrayI8ap_fixedILi10ELi2EL9ap_q_mode5EL9_217_i         |   in|   10|     ap_ovld|  p_ZZN4nnet24compute_output_buffer_2dINS_5arrayI8ap_fixedILi10ELi2EL9ap_q_mode5EL9_217|       pointer|
|p_ZZN4nnet24compute_output_buffer_2dINS_5arrayI8ap_fixedILi10ELi2EL9ap_q_mode5EL9_217_o         |  out|   10|     ap_ovld|  p_ZZN4nnet24compute_output_buffer_2dINS_5arrayI8ap_fixedILi10ELi2EL9ap_q_mode5EL9_217|       pointer|
|p_ZZN4nnet24compute_output_buffer_2dINS_5arrayI8ap_fixedILi10ELi2EL9ap_q_mode5EL9_217_o_ap_vld  |  out|    1|     ap_ovld|  p_ZZN4nnet24compute_output_buffer_2dINS_5arrayI8ap_fixedILi10ELi2EL9ap_q_mode5EL9_217|       pointer|
|p_ZZN4nnet24compute_output_buffer_2dINS_5arrayI8ap_fixedILi10ELi2EL9ap_q_mode5EL9_211           |  out|   10|      ap_vld|  p_ZZN4nnet24compute_output_buffer_2dINS_5arrayI8ap_fixedILi10ELi2EL9ap_q_mode5EL9_211|       pointer|
|p_ZZN4nnet24compute_output_buffer_2dINS_5arrayI8ap_fixedILi10ELi2EL9ap_q_mode5EL9_211_ap_vld    |  out|    1|      ap_vld|  p_ZZN4nnet24compute_output_buffer_2dINS_5arrayI8ap_fixedILi10ELi2EL9ap_q_mode5EL9_211|       pointer|
|p_ZZN4nnet24compute_output_buffer_2dINS_5arrayI8ap_fixedILi10ELi2EL9ap_q_mode5EL9_218_i         |   in|   10|     ap_ovld|  p_ZZN4nnet24compute_output_buffer_2dINS_5arrayI8ap_fixedILi10ELi2EL9ap_q_mode5EL9_218|       pointer|
|p_ZZN4nnet24compute_output_buffer_2dINS_5arrayI8ap_fixedILi10ELi2EL9ap_q_mode5EL9_218_o         |  out|   10|     ap_ovld|  p_ZZN4nnet24compute_output_buffer_2dINS_5arrayI8ap_fixedILi10ELi2EL9ap_q_mode5EL9_218|       pointer|
|p_ZZN4nnet24compute_output_buffer_2dINS_5arrayI8ap_fixedILi10ELi2EL9ap_q_mode5EL9_218_o_ap_vld  |  out|    1|     ap_ovld|  p_ZZN4nnet24compute_output_buffer_2dINS_5arrayI8ap_fixedILi10ELi2EL9ap_q_mode5EL9_218|       pointer|
|p_ZZN4nnet24compute_output_buffer_2dINS_5arrayI8ap_fixedILi10ELi2EL9ap_q_mode5EL9_212           |  out|   10|      ap_vld|  p_ZZN4nnet24compute_output_buffer_2dINS_5arrayI8ap_fixedILi10ELi2EL9ap_q_mode5EL9_212|       pointer|
|p_ZZN4nnet24compute_output_buffer_2dINS_5arrayI8ap_fixedILi10ELi2EL9ap_q_mode5EL9_212_ap_vld    |  out|    1|      ap_vld|  p_ZZN4nnet24compute_output_buffer_2dINS_5arrayI8ap_fixedILi10ELi2EL9ap_q_mode5EL9_212|       pointer|
|p_ZZN4nnet24compute_output_buffer_2dINS_5arrayI8ap_fixedILi10ELi2EL9ap_q_mode5EL9_219_i         |   in|   10|     ap_ovld|  p_ZZN4nnet24compute_output_buffer_2dINS_5arrayI8ap_fixedILi10ELi2EL9ap_q_mode5EL9_219|       pointer|
|p_ZZN4nnet24compute_output_buffer_2dINS_5arrayI8ap_fixedILi10ELi2EL9ap_q_mode5EL9_219_o         |  out|   10|     ap_ovld|  p_ZZN4nnet24compute_output_buffer_2dINS_5arrayI8ap_fixedILi10ELi2EL9ap_q_mode5EL9_219|       pointer|
|p_ZZN4nnet24compute_output_buffer_2dINS_5arrayI8ap_fixedILi10ELi2EL9ap_q_mode5EL9_219_o_ap_vld  |  out|    1|     ap_ovld|  p_ZZN4nnet24compute_output_buffer_2dINS_5arrayI8ap_fixedILi10ELi2EL9ap_q_mode5EL9_219|       pointer|
|p_ZZN4nnet24compute_output_buffer_2dINS_5arrayI8ap_fixedILi10ELi2EL9ap_q_mode5EL9_213           |  out|   10|      ap_vld|  p_ZZN4nnet24compute_output_buffer_2dINS_5arrayI8ap_fixedILi10ELi2EL9ap_q_mode5EL9_213|       pointer|
|p_ZZN4nnet24compute_output_buffer_2dINS_5arrayI8ap_fixedILi10ELi2EL9ap_q_mode5EL9_213_ap_vld    |  out|    1|      ap_vld|  p_ZZN4nnet24compute_output_buffer_2dINS_5arrayI8ap_fixedILi10ELi2EL9ap_q_mode5EL9_213|       pointer|
|p_ZZN4nnet24compute_output_buffer_2dINS_5arrayI8ap_fixedILi10ELi2EL9ap_q_mode5EL9_220_i         |   in|   10|     ap_ovld|  p_ZZN4nnet24compute_output_buffer_2dINS_5arrayI8ap_fixedILi10ELi2EL9ap_q_mode5EL9_220|       pointer|
|p_ZZN4nnet24compute_output_buffer_2dINS_5arrayI8ap_fixedILi10ELi2EL9ap_q_mode5EL9_220_o         |  out|   10|     ap_ovld|  p_ZZN4nnet24compute_output_buffer_2dINS_5arrayI8ap_fixedILi10ELi2EL9ap_q_mode5EL9_220|       pointer|
|p_ZZN4nnet24compute_output_buffer_2dINS_5arrayI8ap_fixedILi10ELi2EL9ap_q_mode5EL9_220_o_ap_vld  |  out|    1|     ap_ovld|  p_ZZN4nnet24compute_output_buffer_2dINS_5arrayI8ap_fixedILi10ELi2EL9ap_q_mode5EL9_220|       pointer|
|p_ZZN4nnet24compute_output_buffer_2dINS_5arrayI8ap_fixedILi10ELi2EL9ap_q_mode5EL9_214           |  out|   10|      ap_vld|  p_ZZN4nnet24compute_output_buffer_2dINS_5arrayI8ap_fixedILi10ELi2EL9ap_q_mode5EL9_214|       pointer|
|p_ZZN4nnet24compute_output_buffer_2dINS_5arrayI8ap_fixedILi10ELi2EL9ap_q_mode5EL9_214_ap_vld    |  out|    1|      ap_vld|  p_ZZN4nnet24compute_output_buffer_2dINS_5arrayI8ap_fixedILi10ELi2EL9ap_q_mode5EL9_214|       pointer|
|p_ZZN4nnet24compute_output_buffer_2dINS_5arrayI8ap_fixedILi10ELi2EL9ap_q_mode5EL9_233_i         |   in|   10|     ap_ovld|  p_ZZN4nnet24compute_output_buffer_2dINS_5arrayI8ap_fixedILi10ELi2EL9ap_q_mode5EL9_233|       pointer|
|p_ZZN4nnet24compute_output_buffer_2dINS_5arrayI8ap_fixedILi10ELi2EL9ap_q_mode5EL9_233_o         |  out|   10|     ap_ovld|  p_ZZN4nnet24compute_output_buffer_2dINS_5arrayI8ap_fixedILi10ELi2EL9ap_q_mode5EL9_233|       pointer|
|p_ZZN4nnet24compute_output_buffer_2dINS_5arrayI8ap_fixedILi10ELi2EL9ap_q_mode5EL9_233_o_ap_vld  |  out|    1|     ap_ovld|  p_ZZN4nnet24compute_output_buffer_2dINS_5arrayI8ap_fixedILi10ELi2EL9ap_q_mode5EL9_233|       pointer|
|p_ZZN4nnet24compute_output_buffer_2dINS_5arrayI8ap_fixedILi10ELi2EL9ap_q_mode5EL9_227           |  out|   10|      ap_vld|  p_ZZN4nnet24compute_output_buffer_2dINS_5arrayI8ap_fixedILi10ELi2EL9ap_q_mode5EL9_227|       pointer|
|p_ZZN4nnet24compute_output_buffer_2dINS_5arrayI8ap_fixedILi10ELi2EL9ap_q_mode5EL9_227_ap_vld    |  out|    1|      ap_vld|  p_ZZN4nnet24compute_output_buffer_2dINS_5arrayI8ap_fixedILi10ELi2EL9ap_q_mode5EL9_227|       pointer|
|p_ZZN4nnet24compute_output_buffer_2dINS_5arrayI8ap_fixedILi10ELi2EL9ap_q_mode5EL9_234_i         |   in|   10|     ap_ovld|  p_ZZN4nnet24compute_output_buffer_2dINS_5arrayI8ap_fixedILi10ELi2EL9ap_q_mode5EL9_234|       pointer|
|p_ZZN4nnet24compute_output_buffer_2dINS_5arrayI8ap_fixedILi10ELi2EL9ap_q_mode5EL9_234_o         |  out|   10|     ap_ovld|  p_ZZN4nnet24compute_output_buffer_2dINS_5arrayI8ap_fixedILi10ELi2EL9ap_q_mode5EL9_234|       pointer|
|p_ZZN4nnet24compute_output_buffer_2dINS_5arrayI8ap_fixedILi10ELi2EL9ap_q_mode5EL9_234_o_ap_vld  |  out|    1|     ap_ovld|  p_ZZN4nnet24compute_output_buffer_2dINS_5arrayI8ap_fixedILi10ELi2EL9ap_q_mode5EL9_234|       pointer|
|p_ZZN4nnet24compute_output_buffer_2dINS_5arrayI8ap_fixedILi10ELi2EL9ap_q_mode5EL9_228           |  out|   10|      ap_vld|  p_ZZN4nnet24compute_output_buffer_2dINS_5arrayI8ap_fixedILi10ELi2EL9ap_q_mode5EL9_228|       pointer|
|p_ZZN4nnet24compute_output_buffer_2dINS_5arrayI8ap_fixedILi10ELi2EL9ap_q_mode5EL9_228_ap_vld    |  out|    1|      ap_vld|  p_ZZN4nnet24compute_output_buffer_2dINS_5arrayI8ap_fixedILi10ELi2EL9ap_q_mode5EL9_228|       pointer|
|p_ZZN4nnet24compute_output_buffer_2dINS_5arrayI8ap_fixedILi10ELi2EL9ap_q_mode5EL9_235_i         |   in|   10|     ap_ovld|  p_ZZN4nnet24compute_output_buffer_2dINS_5arrayI8ap_fixedILi10ELi2EL9ap_q_mode5EL9_235|       pointer|
|p_ZZN4nnet24compute_output_buffer_2dINS_5arrayI8ap_fixedILi10ELi2EL9ap_q_mode5EL9_235_o         |  out|   10|     ap_ovld|  p_ZZN4nnet24compute_output_buffer_2dINS_5arrayI8ap_fixedILi10ELi2EL9ap_q_mode5EL9_235|       pointer|
|p_ZZN4nnet24compute_output_buffer_2dINS_5arrayI8ap_fixedILi10ELi2EL9ap_q_mode5EL9_235_o_ap_vld  |  out|    1|     ap_ovld|  p_ZZN4nnet24compute_output_buffer_2dINS_5arrayI8ap_fixedILi10ELi2EL9ap_q_mode5EL9_235|       pointer|
|p_ZZN4nnet24compute_output_buffer_2dINS_5arrayI8ap_fixedILi10ELi2EL9ap_q_mode5EL9_229           |  out|   10|      ap_vld|  p_ZZN4nnet24compute_output_buffer_2dINS_5arrayI8ap_fixedILi10ELi2EL9ap_q_mode5EL9_229|       pointer|
|p_ZZN4nnet24compute_output_buffer_2dINS_5arrayI8ap_fixedILi10ELi2EL9ap_q_mode5EL9_229_ap_vld    |  out|    1|      ap_vld|  p_ZZN4nnet24compute_output_buffer_2dINS_5arrayI8ap_fixedILi10ELi2EL9ap_q_mode5EL9_229|       pointer|
|p_ZZN4nnet24compute_output_buffer_2dINS_5arrayI8ap_fixedILi10ELi2EL9ap_q_mode5EL9_236_i         |   in|   10|     ap_ovld|  p_ZZN4nnet24compute_output_buffer_2dINS_5arrayI8ap_fixedILi10ELi2EL9ap_q_mode5EL9_236|       pointer|
|p_ZZN4nnet24compute_output_buffer_2dINS_5arrayI8ap_fixedILi10ELi2EL9ap_q_mode5EL9_236_o         |  out|   10|     ap_ovld|  p_ZZN4nnet24compute_output_buffer_2dINS_5arrayI8ap_fixedILi10ELi2EL9ap_q_mode5EL9_236|       pointer|
|p_ZZN4nnet24compute_output_buffer_2dINS_5arrayI8ap_fixedILi10ELi2EL9ap_q_mode5EL9_236_o_ap_vld  |  out|    1|     ap_ovld|  p_ZZN4nnet24compute_output_buffer_2dINS_5arrayI8ap_fixedILi10ELi2EL9ap_q_mode5EL9_236|       pointer|
|p_ZZN4nnet24compute_output_buffer_2dINS_5arrayI8ap_fixedILi10ELi2EL9ap_q_mode5EL9_230           |  out|   10|      ap_vld|  p_ZZN4nnet24compute_output_buffer_2dINS_5arrayI8ap_fixedILi10ELi2EL9ap_q_mode5EL9_230|       pointer|
|p_ZZN4nnet24compute_output_buffer_2dINS_5arrayI8ap_fixedILi10ELi2EL9ap_q_mode5EL9_230_ap_vld    |  out|    1|      ap_vld|  p_ZZN4nnet24compute_output_buffer_2dINS_5arrayI8ap_fixedILi10ELi2EL9ap_q_mode5EL9_230|       pointer|
|p_ZZN4nnet24compute_output_buffer_2dINS_5arrayI8ap_fixedILi10ELi2EL9ap_q_mode5EL9_237_i         |   in|   10|     ap_ovld|  p_ZZN4nnet24compute_output_buffer_2dINS_5arrayI8ap_fixedILi10ELi2EL9ap_q_mode5EL9_237|       pointer|
|p_ZZN4nnet24compute_output_buffer_2dINS_5arrayI8ap_fixedILi10ELi2EL9ap_q_mode5EL9_237_o         |  out|   10|     ap_ovld|  p_ZZN4nnet24compute_output_buffer_2dINS_5arrayI8ap_fixedILi10ELi2EL9ap_q_mode5EL9_237|       pointer|
|p_ZZN4nnet24compute_output_buffer_2dINS_5arrayI8ap_fixedILi10ELi2EL9ap_q_mode5EL9_237_o_ap_vld  |  out|    1|     ap_ovld|  p_ZZN4nnet24compute_output_buffer_2dINS_5arrayI8ap_fixedILi10ELi2EL9ap_q_mode5EL9_237|       pointer|
|p_ZZN4nnet24compute_output_buffer_2dINS_5arrayI8ap_fixedILi10ELi2EL9ap_q_mode5EL9_231           |  out|   10|      ap_vld|  p_ZZN4nnet24compute_output_buffer_2dINS_5arrayI8ap_fixedILi10ELi2EL9ap_q_mode5EL9_231|       pointer|
|p_ZZN4nnet24compute_output_buffer_2dINS_5arrayI8ap_fixedILi10ELi2EL9ap_q_mode5EL9_231_ap_vld    |  out|    1|      ap_vld|  p_ZZN4nnet24compute_output_buffer_2dINS_5arrayI8ap_fixedILi10ELi2EL9ap_q_mode5EL9_231|       pointer|
|p_ZZN4nnet24compute_output_buffer_2dINS_5arrayI8ap_fixedILi10ELi2EL9ap_q_mode5EL9_238_i         |   in|   10|     ap_ovld|  p_ZZN4nnet24compute_output_buffer_2dINS_5arrayI8ap_fixedILi10ELi2EL9ap_q_mode5EL9_238|       pointer|
|p_ZZN4nnet24compute_output_buffer_2dINS_5arrayI8ap_fixedILi10ELi2EL9ap_q_mode5EL9_238_o         |  out|   10|     ap_ovld|  p_ZZN4nnet24compute_output_buffer_2dINS_5arrayI8ap_fixedILi10ELi2EL9ap_q_mode5EL9_238|       pointer|
|p_ZZN4nnet24compute_output_buffer_2dINS_5arrayI8ap_fixedILi10ELi2EL9ap_q_mode5EL9_238_o_ap_vld  |  out|    1|     ap_ovld|  p_ZZN4nnet24compute_output_buffer_2dINS_5arrayI8ap_fixedILi10ELi2EL9ap_q_mode5EL9_238|       pointer|
|p_ZZN4nnet24compute_output_buffer_2dINS_5arrayI8ap_fixedILi10ELi2EL9ap_q_mode5EL9_232           |  out|   10|      ap_vld|  p_ZZN4nnet24compute_output_buffer_2dINS_5arrayI8ap_fixedILi10ELi2EL9ap_q_mode5EL9_232|       pointer|
|p_ZZN4nnet24compute_output_buffer_2dINS_5arrayI8ap_fixedILi10ELi2EL9ap_q_mode5EL9_232_ap_vld    |  out|    1|      ap_vld|  p_ZZN4nnet24compute_output_buffer_2dINS_5arrayI8ap_fixedILi10ELi2EL9ap_q_mode5EL9_232|       pointer|
|p_ZZN4nnet24compute_output_buffer_2dINS_5arrayI8ap_fixedILi10ELi2EL9ap_q_mode5EL9_203_i         |   in|   10|     ap_ovld|  p_ZZN4nnet24compute_output_buffer_2dINS_5arrayI8ap_fixedILi10ELi2EL9ap_q_mode5EL9_203|       pointer|
|p_ZZN4nnet24compute_output_buffer_2dINS_5arrayI8ap_fixedILi10ELi2EL9ap_q_mode5EL9_203_o         |  out|   10|     ap_ovld|  p_ZZN4nnet24compute_output_buffer_2dINS_5arrayI8ap_fixedILi10ELi2EL9ap_q_mode5EL9_203|       pointer|
|p_ZZN4nnet24compute_output_buffer_2dINS_5arrayI8ap_fixedILi10ELi2EL9ap_q_mode5EL9_203_o_ap_vld  |  out|    1|     ap_ovld|  p_ZZN4nnet24compute_output_buffer_2dINS_5arrayI8ap_fixedILi10ELi2EL9ap_q_mode5EL9_203|       pointer|
|p_ZZN4nnet24compute_output_buffer_2dINS_5arrayI8ap_fixedILi10ELi2EL9ap_q_mode5EL9_204_i         |   in|   10|     ap_ovld|  p_ZZN4nnet24compute_output_buffer_2dINS_5arrayI8ap_fixedILi10ELi2EL9ap_q_mode5EL9_204|       pointer|
|p_ZZN4nnet24compute_output_buffer_2dINS_5arrayI8ap_fixedILi10ELi2EL9ap_q_mode5EL9_204_o         |  out|   10|     ap_ovld|  p_ZZN4nnet24compute_output_buffer_2dINS_5arrayI8ap_fixedILi10ELi2EL9ap_q_mode5EL9_204|       pointer|
|p_ZZN4nnet24compute_output_buffer_2dINS_5arrayI8ap_fixedILi10ELi2EL9ap_q_mode5EL9_204_o_ap_vld  |  out|    1|     ap_ovld|  p_ZZN4nnet24compute_output_buffer_2dINS_5arrayI8ap_fixedILi10ELi2EL9ap_q_mode5EL9_204|       pointer|
|p_ZZN4nnet24compute_output_buffer_2dINS_5arrayI8ap_fixedILi10ELi2EL9ap_q_mode5EL9_205_i         |   in|   10|     ap_ovld|  p_ZZN4nnet24compute_output_buffer_2dINS_5arrayI8ap_fixedILi10ELi2EL9ap_q_mode5EL9_205|       pointer|
|p_ZZN4nnet24compute_output_buffer_2dINS_5arrayI8ap_fixedILi10ELi2EL9ap_q_mode5EL9_205_o         |  out|   10|     ap_ovld|  p_ZZN4nnet24compute_output_buffer_2dINS_5arrayI8ap_fixedILi10ELi2EL9ap_q_mode5EL9_205|       pointer|
|p_ZZN4nnet24compute_output_buffer_2dINS_5arrayI8ap_fixedILi10ELi2EL9ap_q_mode5EL9_205_o_ap_vld  |  out|    1|     ap_ovld|  p_ZZN4nnet24compute_output_buffer_2dINS_5arrayI8ap_fixedILi10ELi2EL9ap_q_mode5EL9_205|       pointer|
|p_ZZN4nnet24compute_output_buffer_2dINS_5arrayI8ap_fixedILi10ELi2EL9ap_q_mode5EL9_206_i         |   in|   10|     ap_ovld|  p_ZZN4nnet24compute_output_buffer_2dINS_5arrayI8ap_fixedILi10ELi2EL9ap_q_mode5EL9_206|       pointer|
|p_ZZN4nnet24compute_output_buffer_2dINS_5arrayI8ap_fixedILi10ELi2EL9ap_q_mode5EL9_206_o         |  out|   10|     ap_ovld|  p_ZZN4nnet24compute_output_buffer_2dINS_5arrayI8ap_fixedILi10ELi2EL9ap_q_mode5EL9_206|       pointer|
|p_ZZN4nnet24compute_output_buffer_2dINS_5arrayI8ap_fixedILi10ELi2EL9ap_q_mode5EL9_206_o_ap_vld  |  out|    1|     ap_ovld|  p_ZZN4nnet24compute_output_buffer_2dINS_5arrayI8ap_fixedILi10ELi2EL9ap_q_mode5EL9_206|       pointer|
|p_ZZN4nnet24compute_output_buffer_2dINS_5arrayI8ap_fixedILi10ELi2EL9ap_q_mode5EL9_207_i         |   in|   10|     ap_ovld|  p_ZZN4nnet24compute_output_buffer_2dINS_5arrayI8ap_fixedILi10ELi2EL9ap_q_mode5EL9_207|       pointer|
|p_ZZN4nnet24compute_output_buffer_2dINS_5arrayI8ap_fixedILi10ELi2EL9ap_q_mode5EL9_207_o         |  out|   10|     ap_ovld|  p_ZZN4nnet24compute_output_buffer_2dINS_5arrayI8ap_fixedILi10ELi2EL9ap_q_mode5EL9_207|       pointer|
|p_ZZN4nnet24compute_output_buffer_2dINS_5arrayI8ap_fixedILi10ELi2EL9ap_q_mode5EL9_207_o_ap_vld  |  out|    1|     ap_ovld|  p_ZZN4nnet24compute_output_buffer_2dINS_5arrayI8ap_fixedILi10ELi2EL9ap_q_mode5EL9_207|       pointer|
|p_ZZN4nnet24compute_output_buffer_2dINS_5arrayI8ap_fixedILi10ELi2EL9ap_q_mode5EL9_208_i         |   in|   10|     ap_ovld|  p_ZZN4nnet24compute_output_buffer_2dINS_5arrayI8ap_fixedILi10ELi2EL9ap_q_mode5EL9_208|       pointer|
|p_ZZN4nnet24compute_output_buffer_2dINS_5arrayI8ap_fixedILi10ELi2EL9ap_q_mode5EL9_208_o         |  out|   10|     ap_ovld|  p_ZZN4nnet24compute_output_buffer_2dINS_5arrayI8ap_fixedILi10ELi2EL9ap_q_mode5EL9_208|       pointer|
|p_ZZN4nnet24compute_output_buffer_2dINS_5arrayI8ap_fixedILi10ELi2EL9ap_q_mode5EL9_208_o_ap_vld  |  out|    1|     ap_ovld|  p_ZZN4nnet24compute_output_buffer_2dINS_5arrayI8ap_fixedILi10ELi2EL9ap_q_mode5EL9_208|       pointer|
|p_ZZN4nnet24compute_output_buffer_2dINS_5arrayI8ap_fixedILi10ELi2EL9ap_q_mode5EL9_221_i         |   in|   10|     ap_ovld|  p_ZZN4nnet24compute_output_buffer_2dINS_5arrayI8ap_fixedILi10ELi2EL9ap_q_mode5EL9_221|       pointer|
|p_ZZN4nnet24compute_output_buffer_2dINS_5arrayI8ap_fixedILi10ELi2EL9ap_q_mode5EL9_221_o         |  out|   10|     ap_ovld|  p_ZZN4nnet24compute_output_buffer_2dINS_5arrayI8ap_fixedILi10ELi2EL9ap_q_mode5EL9_221|       pointer|
|p_ZZN4nnet24compute_output_buffer_2dINS_5arrayI8ap_fixedILi10ELi2EL9ap_q_mode5EL9_221_o_ap_vld  |  out|    1|     ap_ovld|  p_ZZN4nnet24compute_output_buffer_2dINS_5arrayI8ap_fixedILi10ELi2EL9ap_q_mode5EL9_221|       pointer|
|p_ZZN4nnet24compute_output_buffer_2dINS_5arrayI8ap_fixedILi10ELi2EL9ap_q_mode5EL9_222_i         |   in|   10|     ap_ovld|  p_ZZN4nnet24compute_output_buffer_2dINS_5arrayI8ap_fixedILi10ELi2EL9ap_q_mode5EL9_222|       pointer|
|p_ZZN4nnet24compute_output_buffer_2dINS_5arrayI8ap_fixedILi10ELi2EL9ap_q_mode5EL9_222_o         |  out|   10|     ap_ovld|  p_ZZN4nnet24compute_output_buffer_2dINS_5arrayI8ap_fixedILi10ELi2EL9ap_q_mode5EL9_222|       pointer|
|p_ZZN4nnet24compute_output_buffer_2dINS_5arrayI8ap_fixedILi10ELi2EL9ap_q_mode5EL9_222_o_ap_vld  |  out|    1|     ap_ovld|  p_ZZN4nnet24compute_output_buffer_2dINS_5arrayI8ap_fixedILi10ELi2EL9ap_q_mode5EL9_222|       pointer|
|p_ZZN4nnet24compute_output_buffer_2dINS_5arrayI8ap_fixedILi10ELi2EL9ap_q_mode5EL9_223_i         |   in|   10|     ap_ovld|  p_ZZN4nnet24compute_output_buffer_2dINS_5arrayI8ap_fixedILi10ELi2EL9ap_q_mode5EL9_223|       pointer|
|p_ZZN4nnet24compute_output_buffer_2dINS_5arrayI8ap_fixedILi10ELi2EL9ap_q_mode5EL9_223_o         |  out|   10|     ap_ovld|  p_ZZN4nnet24compute_output_buffer_2dINS_5arrayI8ap_fixedILi10ELi2EL9ap_q_mode5EL9_223|       pointer|
|p_ZZN4nnet24compute_output_buffer_2dINS_5arrayI8ap_fixedILi10ELi2EL9ap_q_mode5EL9_223_o_ap_vld  |  out|    1|     ap_ovld|  p_ZZN4nnet24compute_output_buffer_2dINS_5arrayI8ap_fixedILi10ELi2EL9ap_q_mode5EL9_223|       pointer|
|p_ZZN4nnet24compute_output_buffer_2dINS_5arrayI8ap_fixedILi10ELi2EL9ap_q_mode5EL9_224_i         |   in|   10|     ap_ovld|  p_ZZN4nnet24compute_output_buffer_2dINS_5arrayI8ap_fixedILi10ELi2EL9ap_q_mode5EL9_224|       pointer|
|p_ZZN4nnet24compute_output_buffer_2dINS_5arrayI8ap_fixedILi10ELi2EL9ap_q_mode5EL9_224_o         |  out|   10|     ap_ovld|  p_ZZN4nnet24compute_output_buffer_2dINS_5arrayI8ap_fixedILi10ELi2EL9ap_q_mode5EL9_224|       pointer|
|p_ZZN4nnet24compute_output_buffer_2dINS_5arrayI8ap_fixedILi10ELi2EL9ap_q_mode5EL9_224_o_ap_vld  |  out|    1|     ap_ovld|  p_ZZN4nnet24compute_output_buffer_2dINS_5arrayI8ap_fixedILi10ELi2EL9ap_q_mode5EL9_224|       pointer|
|p_ZZN4nnet24compute_output_buffer_2dINS_5arrayI8ap_fixedILi10ELi2EL9ap_q_mode5EL9_225_i         |   in|   10|     ap_ovld|  p_ZZN4nnet24compute_output_buffer_2dINS_5arrayI8ap_fixedILi10ELi2EL9ap_q_mode5EL9_225|       pointer|
|p_ZZN4nnet24compute_output_buffer_2dINS_5arrayI8ap_fixedILi10ELi2EL9ap_q_mode5EL9_225_o         |  out|   10|     ap_ovld|  p_ZZN4nnet24compute_output_buffer_2dINS_5arrayI8ap_fixedILi10ELi2EL9ap_q_mode5EL9_225|       pointer|
|p_ZZN4nnet24compute_output_buffer_2dINS_5arrayI8ap_fixedILi10ELi2EL9ap_q_mode5EL9_225_o_ap_vld  |  out|    1|     ap_ovld|  p_ZZN4nnet24compute_output_buffer_2dINS_5arrayI8ap_fixedILi10ELi2EL9ap_q_mode5EL9_225|       pointer|
|p_ZZN4nnet24compute_output_buffer_2dINS_5arrayI8ap_fixedILi10ELi2EL9ap_q_mode5EL9_226_i         |   in|   10|     ap_ovld|  p_ZZN4nnet24compute_output_buffer_2dINS_5arrayI8ap_fixedILi10ELi2EL9ap_q_mode5EL9_226|       pointer|
|p_ZZN4nnet24compute_output_buffer_2dINS_5arrayI8ap_fixedILi10ELi2EL9ap_q_mode5EL9_226_o         |  out|   10|     ap_ovld|  p_ZZN4nnet24compute_output_buffer_2dINS_5arrayI8ap_fixedILi10ELi2EL9ap_q_mode5EL9_226|       pointer|
|p_ZZN4nnet24compute_output_buffer_2dINS_5arrayI8ap_fixedILi10ELi2EL9ap_q_mode5EL9_226_o_ap_vld  |  out|    1|     ap_ovld|  p_ZZN4nnet24compute_output_buffer_2dINS_5arrayI8ap_fixedILi10ELi2EL9ap_q_mode5EL9_226|       pointer|
|p_ZZN4nnet24compute_output_buffer_2dINS_5arrayI8ap_fixedILi10ELi2EL9ap_q_mode5EL9_239_i         |   in|   10|     ap_ovld|  p_ZZN4nnet24compute_output_buffer_2dINS_5arrayI8ap_fixedILi10ELi2EL9ap_q_mode5EL9_239|       pointer|
|p_ZZN4nnet24compute_output_buffer_2dINS_5arrayI8ap_fixedILi10ELi2EL9ap_q_mode5EL9_239_o         |  out|   10|     ap_ovld|  p_ZZN4nnet24compute_output_buffer_2dINS_5arrayI8ap_fixedILi10ELi2EL9ap_q_mode5EL9_239|       pointer|
|p_ZZN4nnet24compute_output_buffer_2dINS_5arrayI8ap_fixedILi10ELi2EL9ap_q_mode5EL9_239_o_ap_vld  |  out|    1|     ap_ovld|  p_ZZN4nnet24compute_output_buffer_2dINS_5arrayI8ap_fixedILi10ELi2EL9ap_q_mode5EL9_239|       pointer|
|p_ZZN4nnet24compute_output_buffer_2dINS_5arrayI8ap_fixedILi10ELi2EL9ap_q_mode5EL9_240_i         |   in|   10|     ap_ovld|  p_ZZN4nnet24compute_output_buffer_2dINS_5arrayI8ap_fixedILi10ELi2EL9ap_q_mode5EL9_240|       pointer|
|p_ZZN4nnet24compute_output_buffer_2dINS_5arrayI8ap_fixedILi10ELi2EL9ap_q_mode5EL9_240_o         |  out|   10|     ap_ovld|  p_ZZN4nnet24compute_output_buffer_2dINS_5arrayI8ap_fixedILi10ELi2EL9ap_q_mode5EL9_240|       pointer|
|p_ZZN4nnet24compute_output_buffer_2dINS_5arrayI8ap_fixedILi10ELi2EL9ap_q_mode5EL9_240_o_ap_vld  |  out|    1|     ap_ovld|  p_ZZN4nnet24compute_output_buffer_2dINS_5arrayI8ap_fixedILi10ELi2EL9ap_q_mode5EL9_240|       pointer|
|p_ZZN4nnet24compute_output_buffer_2dINS_5arrayI8ap_fixedILi10ELi2EL9ap_q_mode5EL9_241_i         |   in|   10|     ap_ovld|  p_ZZN4nnet24compute_output_buffer_2dINS_5arrayI8ap_fixedILi10ELi2EL9ap_q_mode5EL9_241|       pointer|
|p_ZZN4nnet24compute_output_buffer_2dINS_5arrayI8ap_fixedILi10ELi2EL9ap_q_mode5EL9_241_o         |  out|   10|     ap_ovld|  p_ZZN4nnet24compute_output_buffer_2dINS_5arrayI8ap_fixedILi10ELi2EL9ap_q_mode5EL9_241|       pointer|
|p_ZZN4nnet24compute_output_buffer_2dINS_5arrayI8ap_fixedILi10ELi2EL9ap_q_mode5EL9_241_o_ap_vld  |  out|    1|     ap_ovld|  p_ZZN4nnet24compute_output_buffer_2dINS_5arrayI8ap_fixedILi10ELi2EL9ap_q_mode5EL9_241|       pointer|
|p_ZZN4nnet24compute_output_buffer_2dINS_5arrayI8ap_fixedILi10ELi2EL9ap_q_mode5EL9_242_i         |   in|   10|     ap_ovld|  p_ZZN4nnet24compute_output_buffer_2dINS_5arrayI8ap_fixedILi10ELi2EL9ap_q_mode5EL9_242|       pointer|
|p_ZZN4nnet24compute_output_buffer_2dINS_5arrayI8ap_fixedILi10ELi2EL9ap_q_mode5EL9_242_o         |  out|   10|     ap_ovld|  p_ZZN4nnet24compute_output_buffer_2dINS_5arrayI8ap_fixedILi10ELi2EL9ap_q_mode5EL9_242|       pointer|
|p_ZZN4nnet24compute_output_buffer_2dINS_5arrayI8ap_fixedILi10ELi2EL9ap_q_mode5EL9_242_o_ap_vld  |  out|    1|     ap_ovld|  p_ZZN4nnet24compute_output_buffer_2dINS_5arrayI8ap_fixedILi10ELi2EL9ap_q_mode5EL9_242|       pointer|
|p_ZZN4nnet24compute_output_buffer_2dINS_5arrayI8ap_fixedILi10ELi2EL9ap_q_mode5EL9_243_i         |   in|   10|     ap_ovld|  p_ZZN4nnet24compute_output_buffer_2dINS_5arrayI8ap_fixedILi10ELi2EL9ap_q_mode5EL9_243|       pointer|
|p_ZZN4nnet24compute_output_buffer_2dINS_5arrayI8ap_fixedILi10ELi2EL9ap_q_mode5EL9_243_o         |  out|   10|     ap_ovld|  p_ZZN4nnet24compute_output_buffer_2dINS_5arrayI8ap_fixedILi10ELi2EL9ap_q_mode5EL9_243|       pointer|
|p_ZZN4nnet24compute_output_buffer_2dINS_5arrayI8ap_fixedILi10ELi2EL9ap_q_mode5EL9_243_o_ap_vld  |  out|    1|     ap_ovld|  p_ZZN4nnet24compute_output_buffer_2dINS_5arrayI8ap_fixedILi10ELi2EL9ap_q_mode5EL9_243|       pointer|
|p_ZZN4nnet24compute_output_buffer_2dINS_5arrayI8ap_fixedILi10ELi2EL9ap_q_mode5EL9_244_i         |   in|   10|     ap_ovld|  p_ZZN4nnet24compute_output_buffer_2dINS_5arrayI8ap_fixedILi10ELi2EL9ap_q_mode5EL9_244|       pointer|
|p_ZZN4nnet24compute_output_buffer_2dINS_5arrayI8ap_fixedILi10ELi2EL9ap_q_mode5EL9_244_o         |  out|   10|     ap_ovld|  p_ZZN4nnet24compute_output_buffer_2dINS_5arrayI8ap_fixedILi10ELi2EL9ap_q_mode5EL9_244|       pointer|
|p_ZZN4nnet24compute_output_buffer_2dINS_5arrayI8ap_fixedILi10ELi2EL9ap_q_mode5EL9_244_o_ap_vld  |  out|    1|     ap_ovld|  p_ZZN4nnet24compute_output_buffer_2dINS_5arrayI8ap_fixedILi10ELi2EL9ap_q_mode5EL9_244|       pointer|
+------------------------------------------------------------------------------------------------+-----+-----+------------+---------------------------------------------------------------------------------------+--------------+

