

================================================================
== Vitis HLS Report for 'shift_line_buffer_array_ap_fixed_16_6_5_3_0_16u_config6_s'
================================================================
* Date:           Sat Apr  4 17:12:43 2026

* Version:        2023.2 (Build 4023990 on Oct 11 2023)
* Project:        folo_prj
* Solution:       solution1 (Vivado IP Flow Target)
* Product family: kintexu
* Target device:  xcku035-fbva676-2-e


================================================================
== Performance Estimates
================================================================
+ Timing: 
    * Summary: 
    +--------+---------+----------+------------+
    |  Clock |  Target | Estimated| Uncertainty|
    +--------+---------+----------+------------+
    |ap_clk  |  5.00 ns|  0.577 ns|     1.35 ns|
    +--------+---------+----------+------------+

+ Latency: 
    * Summary: 
    +---------+---------+----------+----------+-----+-----+---------+
    |  Latency (cycles) |  Latency (absolute) |  Interval | Pipeline|
    |   min   |   max   |    min   |    max   | min | max |   Type  |
    +---------+---------+----------+----------+-----+-----+---------+
    |        0|        0|      0 ns|      0 ns|    1|    1|      yes|
    +---------+---------+----------+----------+-----+-----+---------+

    + Detail: 
        * Instance: 
        N/A

        * Loop: 
        N/A



================================================================
== Utilization Estimates
================================================================
* Summary: 
+-----------------+---------+------+--------+--------+-----+
|       Name      | BRAM_18K|  DSP |   FF   |   LUT  | URAM|
+-----------------+---------+------+--------+--------+-----+
|DSP              |        -|     -|       -|       -|    -|
|Expression       |        -|     -|       -|       -|    -|
|FIFO             |        -|     -|       -|       -|    -|
|Instance         |        -|     -|       -|       -|    -|
|Memory           |        -|     -|       0|      16|    -|
|Multiplexer      |        -|     -|       -|     288|    -|
|Register         |        -|     -|       1|       -|    -|
+-----------------+---------+------+--------+--------+-----+
|Total            |        0|     0|       1|     304|    0|
+-----------------+---------+------+--------+--------+-----+
|Available        |     1080|  1700|  406256|  203128|    0|
+-----------------+---------+------+--------+--------+-----+
|Utilization (%)  |        0|     0|      ~0|      ~0|    0|
+-----------------+---------+------+--------+--------+-----+

+ Detail: 
    * Instance: 
    N/A

    * DSP: 
    N/A

    * Memory: 
    +----------------------------------------------------------------------------------------+----------------------------------------------------------------------------------+---------+---+----+-----+------+-----+------+-------------+
    |                                         Memory                                         |                                      Module                                      | BRAM_18K| FF| LUT| URAM| Words| Bits| Banks| W*Bits*Banks|
    +----------------------------------------------------------------------------------------+----------------------------------------------------------------------------------+---------+---+----+-----+------+-----+------+-------------+
    |void_pooling2d_cl_stream_stream_array_ap_fixed_16u_0_line_buffer_9_U                    |shift_line_buffer_array_ap_fixed_16_6_5_3_0_16u_config6_s_void_pooling2d_cl_seOg  |        0|  0|   1|    0|   128|   16|     1|         2048|
    |void_pooling2d_cl_stream_stream_array_ap_fixed_16u_0_line_buffer_8_U                    |shift_line_buffer_array_ap_fixed_16_6_5_3_0_16u_config6_s_void_pooling2d_cl_seOg  |        0|  0|   1|    0|   128|   16|     1|         2048|
    |void_pooling2d_cl_stream_stream_array_ap_fixed_16u_0_line_buffer_7_U                    |shift_line_buffer_array_ap_fixed_16_6_5_3_0_16u_config6_s_void_pooling2d_cl_seOg  |        0|  0|   1|    0|   128|   16|     1|         2048|
    |void_pooling2d_cl_stream_stream_array_ap_fixed_16u_0_line_buffer_6_U                    |shift_line_buffer_array_ap_fixed_16_6_5_3_0_16u_config6_s_void_pooling2d_cl_seOg  |        0|  0|   1|    0|   128|   16|     1|         2048|
    |void_pooling2d_cl_stream_stream_array_ap_fixed_16u_0_line_buffer_5_U                    |shift_line_buffer_array_ap_fixed_16_6_5_3_0_16u_config6_s_void_pooling2d_cl_seOg  |        0|  0|   1|    0|   128|   16|     1|         2048|
    |void_pooling2d_cl_stream_stream_array_ap_fixed_16u_0_line_buffer_4_U                    |shift_line_buffer_array_ap_fixed_16_6_5_3_0_16u_config6_s_void_pooling2d_cl_seOg  |        0|  0|   1|    0|   128|   16|     1|         2048|
    |void_pooling2d_cl_stream_stream_array_ap_fixed_16u_0_line_buffer_3_U                    |shift_line_buffer_array_ap_fixed_16_6_5_3_0_16u_config6_s_void_pooling2d_cl_seOg  |        0|  0|   1|    0|   128|   16|     1|         2048|
    |void_pooling2d_cl_stream_stream_array_ap_fixed_16u_0_line_buffer_2_U                    |shift_line_buffer_array_ap_fixed_16_6_5_3_0_16u_config6_s_void_pooling2d_cl_seOg  |        0|  0|   1|    0|   128|   16|     1|         2048|
    |void_pooling2d_cl_stream_stream_array_ap_fixed_16u_0_line_buffer_1_U                    |shift_line_buffer_array_ap_fixed_16_6_5_3_0_16u_config6_s_void_pooling2d_cl_seOg  |        0|  0|   1|    0|   128|   16|     1|         2048|
    |void_pooling2d_cl_stream_stream_array_ap_fixed_16u_0_line_buffer_U                      |shift_line_buffer_array_ap_fixed_16_6_5_3_0_16u_config6_s_void_pooling2d_cl_seOg  |        0|  0|   1|    0|   128|   16|     1|         2048|
    |p_ZZN4nnet12pooling2d_clINS_5arrayI8ap_fixedILi16ELi6EL9ap_q_mode5EL9ap_o_mode3EL_11_U  |shift_line_buffer_array_ap_fixed_16_6_5_3_0_16u_config6_s_void_pooling2d_cl_seOg  |        0|  0|   1|    0|   128|   16|     1|         2048|
    |p_ZZN4nnet12pooling2d_clINS_5arrayI8ap_fixedILi16ELi6EL9ap_q_mode5EL9ap_o_mode3EL_10_U  |shift_line_buffer_array_ap_fixed_16_6_5_3_0_16u_config6_s_void_pooling2d_cl_seOg  |        0|  0|   1|    0|   128|   16|     1|         2048|
    |p_ZZN4nnet12pooling2d_clINS_5arrayI8ap_fixedILi16ELi6EL9ap_q_mode5EL9ap_o_mode3EL_9_U   |shift_line_buffer_array_ap_fixed_16_6_5_3_0_16u_config6_s_void_pooling2d_cl_seOg  |        0|  0|   1|    0|   128|   16|     1|         2048|
    |p_ZZN4nnet12pooling2d_clINS_5arrayI8ap_fixedILi16ELi6EL9ap_q_mode5EL9ap_o_mode3EL_8_U   |shift_line_buffer_array_ap_fixed_16_6_5_3_0_16u_config6_s_void_pooling2d_cl_seOg  |        0|  0|   1|    0|   128|   16|     1|         2048|
    |p_ZZN4nnet12pooling2d_clINS_5arrayI8ap_fixedILi16ELi6EL9ap_q_mode5EL9ap_o_mode3EL_7_U   |shift_line_buffer_array_ap_fixed_16_6_5_3_0_16u_config6_s_void_pooling2d_cl_seOg  |        0|  0|   1|    0|   128|   16|     1|         2048|
    |p_ZZN4nnet12pooling2d_clINS_5arrayI8ap_fixedILi16ELi6EL9ap_q_mode5EL9ap_o_mode3EL_6_U   |shift_line_buffer_array_ap_fixed_16_6_5_3_0_16u_config6_s_void_pooling2d_cl_seOg  |        0|  0|   1|    0|   128|   16|     1|         2048|
    +----------------------------------------------------------------------------------------+----------------------------------------------------------------------------------+---------+---+----+-----+------+-----+------+-------------+
    |Total                                                                                   |                                                                                  |        0|  0|  16|    0|  2048|  256|    16|        32768|
    +----------------------------------------------------------------------------------------+----------------------------------------------------------------------------------+---------+---+----+-----+------+-----+------+-------------+

    * FIFO: 
    N/A

    * Expression: 
    N/A

    * Multiplexer: 
    +-----------------------------------------------------------------------------------------+----+-----------+-----+-----------+
    |                                           Name                                          | LUT| Input Size| Bits| Total Bits|
    +-----------------------------------------------------------------------------------------+----+-----------+-----+-----------+
    |p_ZZN4nnet22compute_pool_buffer_2dINS_5arrayI8ap_fixedILi16ELi6EL9ap_q_mode5EL9ap_113_o  |   9|          2|   16|         32|
    |p_ZZN4nnet22compute_pool_buffer_2dINS_5arrayI8ap_fixedILi16ELi6EL9ap_q_mode5EL9ap_114_o  |   9|          2|   16|         32|
    |p_ZZN4nnet22compute_pool_buffer_2dINS_5arrayI8ap_fixedILi16ELi6EL9ap_q_mode5EL9ap_54_o   |   9|          2|   16|         32|
    |p_ZZN4nnet22compute_pool_buffer_2dINS_5arrayI8ap_fixedILi16ELi6EL9ap_q_mode5EL9ap_55_o   |   9|          2|   16|         32|
    |p_ZZN4nnet22compute_pool_buffer_2dINS_5arrayI8ap_fixedILi16ELi6EL9ap_q_mode5EL9ap_56_o   |   9|          2|   16|         32|
    |p_ZZN4nnet22compute_pool_buffer_2dINS_5arrayI8ap_fixedILi16ELi6EL9ap_q_mode5EL9ap_57_o   |   9|          2|   16|         32|
    |p_ZZN4nnet22compute_pool_buffer_2dINS_5arrayI8ap_fixedILi16ELi6EL9ap_q_mode5EL9ap_58_o   |   9|          2|   16|         32|
    |p_ZZN4nnet22compute_pool_buffer_2dINS_5arrayI8ap_fixedILi16ELi6EL9ap_q_mode5EL9ap_59_o   |   9|          2|   16|         32|
    |p_ZZN4nnet22compute_pool_buffer_2dINS_5arrayI8ap_fixedILi16ELi6EL9ap_q_mode5EL9ap_60_o   |   9|          2|   16|         32|
    |p_ZZN4nnet22compute_pool_buffer_2dINS_5arrayI8ap_fixedILi16ELi6EL9ap_q_mode5EL9ap_61_o   |   9|          2|   16|         32|
    |p_ZZN4nnet22compute_pool_buffer_2dINS_5arrayI8ap_fixedILi16ELi6EL9ap_q_mode5EL9ap_62_o   |   9|          2|   16|         32|
    |p_ZZN4nnet22compute_pool_buffer_2dINS_5arrayI8ap_fixedILi16ELi6EL9ap_q_mode5EL9ap_63_o   |   9|          2|   16|         32|
    |p_ZZN4nnet22compute_pool_buffer_2dINS_5arrayI8ap_fixedILi16ELi6EL9ap_q_mode5EL9ap_64_o   |   9|          2|   16|         32|
    |p_ZZN4nnet22compute_pool_buffer_2dINS_5arrayI8ap_fixedILi16ELi6EL9ap_q_mode5EL9ap_65_o   |   9|          2|   16|         32|
    |p_ZZN4nnet22compute_pool_buffer_2dINS_5arrayI8ap_fixedILi16ELi6EL9ap_q_mode5EL9ap_66_o   |   9|          2|   16|         32|
    |p_ZZN4nnet22compute_pool_buffer_2dINS_5arrayI8ap_fixedILi16ELi6EL9ap_q_mode5EL9ap_67_o   |   9|          2|   16|         32|
    |p_ZZN4nnet22compute_pool_buffer_2dINS_5arrayI8ap_fixedILi16ELi6EL9ap_q_mode5EL9ap_68_o   |   9|          2|   16|         32|
    |p_ZZN4nnet22compute_pool_buffer_2dINS_5arrayI8ap_fixedILi16ELi6EL9ap_q_mode5EL9ap_69_o   |   9|          2|   16|         32|
    |p_ZZN4nnet22compute_pool_buffer_2dINS_5arrayI8ap_fixedILi16ELi6EL9ap_q_mode5EL9ap_86_o   |   9|          2|   16|         32|
    |p_ZZN4nnet22compute_pool_buffer_2dINS_5arrayI8ap_fixedILi16ELi6EL9ap_q_mode5EL9ap_87_o   |   9|          2|   16|         32|
    |p_ZZN4nnet22compute_pool_buffer_2dINS_5arrayI8ap_fixedILi16ELi6EL9ap_q_mode5EL9ap_88_o   |   9|          2|   16|         32|
    |p_ZZN4nnet22compute_pool_buffer_2dINS_5arrayI8ap_fixedILi16ELi6EL9ap_q_mode5EL9ap_89_o   |   9|          2|   16|         32|
    |p_ZZN4nnet22compute_pool_buffer_2dINS_5arrayI8ap_fixedILi16ELi6EL9ap_q_mode5EL9ap_90_o   |   9|          2|   16|         32|
    |p_ZZN4nnet22compute_pool_buffer_2dINS_5arrayI8ap_fixedILi16ELi6EL9ap_q_mode5EL9ap_91_o   |   9|          2|   16|         32|
    |p_ZZN4nnet22compute_pool_buffer_2dINS_5arrayI8ap_fixedILi16ELi6EL9ap_q_mode5EL9ap_92_o   |   9|          2|   16|         32|
    |p_ZZN4nnet22compute_pool_buffer_2dINS_5arrayI8ap_fixedILi16ELi6EL9ap_q_mode5EL9ap_93_o   |   9|          2|   16|         32|
    |p_ZZN4nnet22compute_pool_buffer_2dINS_5arrayI8ap_fixedILi16ELi6EL9ap_q_mode5EL9ap_94_o   |   9|          2|   16|         32|
    |p_ZZN4nnet22compute_pool_buffer_2dINS_5arrayI8ap_fixedILi16ELi6EL9ap_q_mode5EL9ap_95_o   |   9|          2|   16|         32|
    |p_ZZN4nnet22compute_pool_buffer_2dINS_5arrayI8ap_fixedILi16ELi6EL9ap_q_mode5EL9ap_96_o   |   9|          2|   16|         32|
    |p_ZZN4nnet22compute_pool_buffer_2dINS_5arrayI8ap_fixedILi16ELi6EL9ap_q_mode5EL9ap_97_o   |   9|          2|   16|         32|
    |p_ZZN4nnet22compute_pool_buffer_2dINS_5arrayI8ap_fixedILi16ELi6EL9ap_q_mode5EL9ap_98_o   |   9|          2|   16|         32|
    |p_ZZN4nnet22compute_pool_buffer_2dINS_5arrayI8ap_fixedILi16ELi6EL9ap_q_mode5EL9ap_99_o   |   9|          2|   16|         32|
    +-----------------------------------------------------------------------------------------+----+-----------+-----+-----------+
    |Total                                                                                    | 288|         64|  512|       1024|
    +-----------------------------------------------------------------------------------------+----+-----------+-----+-----------+

    * Register: 
    +-----------+---+----+-----+-----------+
    |    Name   | FF| LUT| Bits| Const Bits|
    +-----------+---+----+-----+-----------+
    |ap_CS_fsm  |  1|   0|    1|          0|
    +-----------+---+----+-----+-----------+
    |Total      |  1|   0|    1|          0|
    +-----------+---+----+-----+-----------+



================================================================
== Interface
================================================================
* Summary: 
+------------------------------------------------------------------------------------------------+-----+-----+------------+---------------------------------------------------------------------------------------+--------------+
|                                            RTL Ports                                           | Dir | Bits|  Protocol  |                                     Source Object                                     |    C Type    |
+------------------------------------------------------------------------------------------------+-----+-----+------------+---------------------------------------------------------------------------------------+--------------+
|ap_clk                                                                                          |   in|    1|  ap_ctrl_hs|                       shift_line_buffer<array<ap_fixed<16, 6, 5, 3, 0>, 16u>, config6>|  return value|
|ap_rst                                                                                          |   in|    1|  ap_ctrl_hs|                       shift_line_buffer<array<ap_fixed<16, 6, 5, 3, 0>, 16u>, config6>|  return value|
|ap_start                                                                                        |   in|    1|  ap_ctrl_hs|                       shift_line_buffer<array<ap_fixed<16, 6, 5, 3, 0>, 16u>, config6>|  return value|
|ap_done                                                                                         |  out|    1|  ap_ctrl_hs|                       shift_line_buffer<array<ap_fixed<16, 6, 5, 3, 0>, 16u>, config6>|  return value|
|ap_idle                                                                                         |  out|    1|  ap_ctrl_hs|                       shift_line_buffer<array<ap_fixed<16, 6, 5, 3, 0>, 16u>, config6>|  return value|
|ap_ready                                                                                        |  out|    1|  ap_ctrl_hs|                       shift_line_buffer<array<ap_fixed<16, 6, 5, 3, 0>, 16u>, config6>|  return value|
|ap_ce                                                                                           |   in|    1|  ap_ctrl_hs|                       shift_line_buffer<array<ap_fixed<16, 6, 5, 3, 0>, 16u>, config6>|  return value|
|p_read                                                                                          |   in|   16|     ap_none|                                                                                 p_read|        scalar|
|p_read1                                                                                         |   in|   16|     ap_none|                                                                                p_read1|        scalar|
|p_read2                                                                                         |   in|   16|     ap_none|                                                                                p_read2|        scalar|
|p_read3                                                                                         |   in|   16|     ap_none|                                                                                p_read3|        scalar|
|p_read4                                                                                         |   in|   16|     ap_none|                                                                                p_read4|        scalar|
|p_read5                                                                                         |   in|   16|     ap_none|                                                                                p_read5|        scalar|
|p_read6                                                                                         |   in|   16|     ap_none|                                                                                p_read6|        scalar|
|p_read7                                                                                         |   in|   16|     ap_none|                                                                                p_read7|        scalar|
|p_read8                                                                                         |   in|   16|     ap_none|                                                                                p_read8|        scalar|
|p_read9                                                                                         |   in|   16|     ap_none|                                                                                p_read9|        scalar|
|p_read10                                                                                        |   in|   16|     ap_none|                                                                               p_read10|        scalar|
|p_read11                                                                                        |   in|   16|     ap_none|                                                                               p_read11|        scalar|
|p_read12                                                                                        |   in|   16|     ap_none|                                                                               p_read12|        scalar|
|p_read13                                                                                        |   in|   16|     ap_none|                                                                               p_read13|        scalar|
|p_read14                                                                                        |   in|   16|     ap_none|                                                                               p_read14|        scalar|
|p_read15                                                                                        |   in|   16|     ap_none|                                                                               p_read15|        scalar|
|p_ZZN4nnet22compute_pool_buffer_2dINS_5arrayI8ap_fixedILi16ELi6EL9ap_q_mode5EL9ap_113_i         |   in|   16|     ap_ovld|  p_ZZN4nnet22compute_pool_buffer_2dINS_5arrayI8ap_fixedILi16ELi6EL9ap_q_mode5EL9ap_113|       pointer|
|p_ZZN4nnet22compute_pool_buffer_2dINS_5arrayI8ap_fixedILi16ELi6EL9ap_q_mode5EL9ap_113_o         |  out|   16|     ap_ovld|  p_ZZN4nnet22compute_pool_buffer_2dINS_5arrayI8ap_fixedILi16ELi6EL9ap_q_mode5EL9ap_113|       pointer|
|p_ZZN4nnet22compute_pool_buffer_2dINS_5arrayI8ap_fixedILi16ELi6EL9ap_q_mode5EL9ap_113_o_ap_vld  |  out|    1|     ap_ovld|  p_ZZN4nnet22compute_pool_buffer_2dINS_5arrayI8ap_fixedILi16ELi6EL9ap_q_mode5EL9ap_113|       pointer|
|void_compute_pool_buffer_2d_array_const_ap_shift_reg_n_filt_stream_kernel_13                    |  out|   16|      ap_vld|           void_compute_pool_buffer_2d_array_const_ap_shift_reg_n_filt_stream_kernel_13|       pointer|
|void_compute_pool_buffer_2d_array_const_ap_shift_reg_n_filt_stream_kernel_13_ap_vld             |  out|    1|      ap_vld|           void_compute_pool_buffer_2d_array_const_ap_shift_reg_n_filt_stream_kernel_13|       pointer|
|p_ZZN4nnet22compute_pool_buffer_2dINS_5arrayI8ap_fixedILi16ELi6EL9ap_q_mode5EL9ap_114_i         |   in|   16|     ap_ovld|  p_ZZN4nnet22compute_pool_buffer_2dINS_5arrayI8ap_fixedILi16ELi6EL9ap_q_mode5EL9ap_114|       pointer|
|p_ZZN4nnet22compute_pool_buffer_2dINS_5arrayI8ap_fixedILi16ELi6EL9ap_q_mode5EL9ap_114_o         |  out|   16|     ap_ovld|  p_ZZN4nnet22compute_pool_buffer_2dINS_5arrayI8ap_fixedILi16ELi6EL9ap_q_mode5EL9ap_114|       pointer|
|p_ZZN4nnet22compute_pool_buffer_2dINS_5arrayI8ap_fixedILi16ELi6EL9ap_q_mode5EL9ap_114_o_ap_vld  |  out|    1|     ap_ovld|  p_ZZN4nnet22compute_pool_buffer_2dINS_5arrayI8ap_fixedILi16ELi6EL9ap_q_mode5EL9ap_114|       pointer|
|void_compute_pool_buffer_2d_array_const_ap_shift_reg_n_filt_stream_kernel_12                    |  out|   16|      ap_vld|           void_compute_pool_buffer_2d_array_const_ap_shift_reg_n_filt_stream_kernel_12|       pointer|
|void_compute_pool_buffer_2d_array_const_ap_shift_reg_n_filt_stream_kernel_12_ap_vld             |  out|    1|      ap_vld|           void_compute_pool_buffer_2d_array_const_ap_shift_reg_n_filt_stream_kernel_12|       pointer|
|p_ZZN4nnet22compute_pool_buffer_2dINS_5arrayI8ap_fixedILi16ELi6EL9ap_q_mode5EL9ap_99_i          |   in|   16|     ap_ovld|   p_ZZN4nnet22compute_pool_buffer_2dINS_5arrayI8ap_fixedILi16ELi6EL9ap_q_mode5EL9ap_99|       pointer|
|p_ZZN4nnet22compute_pool_buffer_2dINS_5arrayI8ap_fixedILi16ELi6EL9ap_q_mode5EL9ap_99_o          |  out|   16|     ap_ovld|   p_ZZN4nnet22compute_pool_buffer_2dINS_5arrayI8ap_fixedILi16ELi6EL9ap_q_mode5EL9ap_99|       pointer|
|p_ZZN4nnet22compute_pool_buffer_2dINS_5arrayI8ap_fixedILi16ELi6EL9ap_q_mode5EL9ap_99_o_ap_vld   |  out|    1|     ap_ovld|   p_ZZN4nnet22compute_pool_buffer_2dINS_5arrayI8ap_fixedILi16ELi6EL9ap_q_mode5EL9ap_99|       pointer|
|void_compute_pool_buffer_2d_array_const_ap_shift_reg_n_filt_stream_kernel_11                    |  out|   16|      ap_vld|           void_compute_pool_buffer_2d_array_const_ap_shift_reg_n_filt_stream_kernel_11|       pointer|
|void_compute_pool_buffer_2d_array_const_ap_shift_reg_n_filt_stream_kernel_11_ap_vld             |  out|    1|      ap_vld|           void_compute_pool_buffer_2d_array_const_ap_shift_reg_n_filt_stream_kernel_11|       pointer|
|p_ZZN4nnet22compute_pool_buffer_2dINS_5arrayI8ap_fixedILi16ELi6EL9ap_q_mode5EL9ap_98_i          |   in|   16|     ap_ovld|   p_ZZN4nnet22compute_pool_buffer_2dINS_5arrayI8ap_fixedILi16ELi6EL9ap_q_mode5EL9ap_98|       pointer|
|p_ZZN4nnet22compute_pool_buffer_2dINS_5arrayI8ap_fixedILi16ELi6EL9ap_q_mode5EL9ap_98_o          |  out|   16|     ap_ovld|   p_ZZN4nnet22compute_pool_buffer_2dINS_5arrayI8ap_fixedILi16ELi6EL9ap_q_mode5EL9ap_98|       pointer|
|p_ZZN4nnet22compute_pool_buffer_2dINS_5arrayI8ap_fixedILi16ELi6EL9ap_q_mode5EL9ap_98_o_ap_vld   |  out|    1|     ap_ovld|   p_ZZN4nnet22compute_pool_buffer_2dINS_5arrayI8ap_fixedILi16ELi6EL9ap_q_mode5EL9ap_98|       pointer|
|void_compute_pool_buffer_2d_array_const_ap_shift_reg_n_filt_stream_kernel_10                    |  out|   16|      ap_vld|           void_compute_pool_buffer_2d_array_const_ap_shift_reg_n_filt_stream_kernel_10|       pointer|
|void_compute_pool_buffer_2d_array_const_ap_shift_reg_n_filt_stream_kernel_10_ap_vld             |  out|    1|      ap_vld|           void_compute_pool_buffer_2d_array_const_ap_shift_reg_n_filt_stream_kernel_10|       pointer|
|p_ZZN4nnet22compute_pool_buffer_2dINS_5arrayI8ap_fixedILi16ELi6EL9ap_q_mode5EL9ap_97_i          |   in|   16|     ap_ovld|   p_ZZN4nnet22compute_pool_buffer_2dINS_5arrayI8ap_fixedILi16ELi6EL9ap_q_mode5EL9ap_97|       pointer|
|p_ZZN4nnet22compute_pool_buffer_2dINS_5arrayI8ap_fixedILi16ELi6EL9ap_q_mode5EL9ap_97_o          |  out|   16|     ap_ovld|   p_ZZN4nnet22compute_pool_buffer_2dINS_5arrayI8ap_fixedILi16ELi6EL9ap_q_mode5EL9ap_97|       pointer|
|p_ZZN4nnet22compute_pool_buffer_2dINS_5arrayI8ap_fixedILi16ELi6EL9ap_q_mode5EL9ap_97_o_ap_vld   |  out|    1|     ap_ovld|   p_ZZN4nnet22compute_pool_buffer_2dINS_5arrayI8ap_fixedILi16ELi6EL9ap_q_mode5EL9ap_97|       pointer|
|void_compute_pool_buffer_2d_array_const_ap_shift_reg_n_filt_stream_kernel_9                     |  out|   16|      ap_vld|            void_compute_pool_buffer_2d_array_const_ap_shift_reg_n_filt_stream_kernel_9|       pointer|
|void_compute_pool_buffer_2d_array_const_ap_shift_reg_n_filt_stream_kernel_9_ap_vld              |  out|    1|      ap_vld|            void_compute_pool_buffer_2d_array_const_ap_shift_reg_n_filt_stream_kernel_9|       pointer|
|p_ZZN4nnet22compute_pool_buffer_2dINS_5arrayI8ap_fixedILi16ELi6EL9ap_q_mode5EL9ap_96_i          |   in|   16|     ap_ovld|   p_ZZN4nnet22compute_pool_buffer_2dINS_5arrayI8ap_fixedILi16ELi6EL9ap_q_mode5EL9ap_96|       pointer|
|p_ZZN4nnet22compute_pool_buffer_2dINS_5arrayI8ap_fixedILi16ELi6EL9ap_q_mode5EL9ap_96_o          |  out|   16|     ap_ovld|   p_ZZN4nnet22compute_pool_buffer_2dINS_5arrayI8ap_fixedILi16ELi6EL9ap_q_mode5EL9ap_96|       pointer|
|p_ZZN4nnet22compute_pool_buffer_2dINS_5arrayI8ap_fixedILi16ELi6EL9ap_q_mode5EL9ap_96_o_ap_vld   |  out|    1|     ap_ovld|   p_ZZN4nnet22compute_pool_buffer_2dINS_5arrayI8ap_fixedILi16ELi6EL9ap_q_mode5EL9ap_96|       pointer|
|void_compute_pool_buffer_2d_array_const_ap_shift_reg_n_filt_stream_kernel_8                     |  out|   16|      ap_vld|            void_compute_pool_buffer_2d_array_const_ap_shift_reg_n_filt_stream_kernel_8|       pointer|
|void_compute_pool_buffer_2d_array_const_ap_shift_reg_n_filt_stream_kernel_8_ap_vld              |  out|    1|      ap_vld|            void_compute_pool_buffer_2d_array_const_ap_shift_reg_n_filt_stream_kernel_8|       pointer|
|p_ZZN4nnet22compute_pool_buffer_2dINS_5arrayI8ap_fixedILi16ELi6EL9ap_q_mode5EL9ap_95_i          |   in|   16|     ap_ovld|   p_ZZN4nnet22compute_pool_buffer_2dINS_5arrayI8ap_fixedILi16ELi6EL9ap_q_mode5EL9ap_95|       pointer|
|p_ZZN4nnet22compute_pool_buffer_2dINS_5arrayI8ap_fixedILi16ELi6EL9ap_q_mode5EL9ap_95_o          |  out|   16|     ap_ovld|   p_ZZN4nnet22compute_pool_buffer_2dINS_5arrayI8ap_fixedILi16ELi6EL9ap_q_mode5EL9ap_95|       pointer|
|p_ZZN4nnet22compute_pool_buffer_2dINS_5arrayI8ap_fixedILi16ELi6EL9ap_q_mode5EL9ap_95_o_ap_vld   |  out|    1|     ap_ovld|   p_ZZN4nnet22compute_pool_buffer_2dINS_5arrayI8ap_fixedILi16ELi6EL9ap_q_mode5EL9ap_95|       pointer|
|void_compute_pool_buffer_2d_array_const_ap_shift_reg_n_filt_stream_kernel_7                     |  out|   16|      ap_vld|            void_compute_pool_buffer_2d_array_const_ap_shift_reg_n_filt_stream_kernel_7|       pointer|
|void_compute_pool_buffer_2d_array_const_ap_shift_reg_n_filt_stream_kernel_7_ap_vld              |  out|    1|      ap_vld|            void_compute_pool_buffer_2d_array_const_ap_shift_reg_n_filt_stream_kernel_7|       pointer|
|p_ZZN4nnet22compute_pool_buffer_2dINS_5arrayI8ap_fixedILi16ELi6EL9ap_q_mode5EL9ap_94_i          |   in|   16|     ap_ovld|   p_ZZN4nnet22compute_pool_buffer_2dINS_5arrayI8ap_fixedILi16ELi6EL9ap_q_mode5EL9ap_94|       pointer|
|p_ZZN4nnet22compute_pool_buffer_2dINS_5arrayI8ap_fixedILi16ELi6EL9ap_q_mode5EL9ap_94_o          |  out|   16|     ap_ovld|   p_ZZN4nnet22compute_pool_buffer_2dINS_5arrayI8ap_fixedILi16ELi6EL9ap_q_mode5EL9ap_94|       pointer|
|p_ZZN4nnet22compute_pool_buffer_2dINS_5arrayI8ap_fixedILi16ELi6EL9ap_q_mode5EL9ap_94_o_ap_vld   |  out|    1|     ap_ovld|   p_ZZN4nnet22compute_pool_buffer_2dINS_5arrayI8ap_fixedILi16ELi6EL9ap_q_mode5EL9ap_94|       pointer|
|void_compute_pool_buffer_2d_array_const_ap_shift_reg_n_filt_stream_kernel_6                     |  out|   16|      ap_vld|            void_compute_pool_buffer_2d_array_const_ap_shift_reg_n_filt_stream_kernel_6|       pointer|
|void_compute_pool_buffer_2d_array_const_ap_shift_reg_n_filt_stream_kernel_6_ap_vld              |  out|    1|      ap_vld|            void_compute_pool_buffer_2d_array_const_ap_shift_reg_n_filt_stream_kernel_6|       pointer|
|p_ZZN4nnet22compute_pool_buffer_2dINS_5arrayI8ap_fixedILi16ELi6EL9ap_q_mode5EL9ap_93_i          |   in|   16|     ap_ovld|   p_ZZN4nnet22compute_pool_buffer_2dINS_5arrayI8ap_fixedILi16ELi6EL9ap_q_mode5EL9ap_93|       pointer|
|p_ZZN4nnet22compute_pool_buffer_2dINS_5arrayI8ap_fixedILi16ELi6EL9ap_q_mode5EL9ap_93_o          |  out|   16|     ap_ovld|   p_ZZN4nnet22compute_pool_buffer_2dINS_5arrayI8ap_fixedILi16ELi6EL9ap_q_mode5EL9ap_93|       pointer|
|p_ZZN4nnet22compute_pool_buffer_2dINS_5arrayI8ap_fixedILi16ELi6EL9ap_q_mode5EL9ap_93_o_ap_vld   |  out|    1|     ap_ovld|   p_ZZN4nnet22compute_pool_buffer_2dINS_5arrayI8ap_fixedILi16ELi6EL9ap_q_mode5EL9ap_93|       pointer|
|void_compute_pool_buffer_2d_array_const_ap_shift_reg_n_filt_stream_kernel_5                     |  out|   16|      ap_vld|            void_compute_pool_buffer_2d_array_const_ap_shift_reg_n_filt_stream_kernel_5|       pointer|
|void_compute_pool_buffer_2d_array_const_ap_shift_reg_n_filt_stream_kernel_5_ap_vld              |  out|    1|      ap_vld|            void_compute_pool_buffer_2d_array_const_ap_shift_reg_n_filt_stream_kernel_5|       pointer|
|p_ZZN4nnet22compute_pool_buffer_2dINS_5arrayI8ap_fixedILi16ELi6EL9ap_q_mode5EL9ap_92_i          |   in|   16|     ap_ovld|   p_ZZN4nnet22compute_pool_buffer_2dINS_5arrayI8ap_fixedILi16ELi6EL9ap_q_mode5EL9ap_92|       pointer|
|p_ZZN4nnet22compute_pool_buffer_2dINS_5arrayI8ap_fixedILi16ELi6EL9ap_q_mode5EL9ap_92_o          |  out|   16|     ap_ovld|   p_ZZN4nnet22compute_pool_buffer_2dINS_5arrayI8ap_fixedILi16ELi6EL9ap_q_mode5EL9ap_92|       pointer|
|p_ZZN4nnet22compute_pool_buffer_2dINS_5arrayI8ap_fixedILi16ELi6EL9ap_q_mode5EL9ap_92_o_ap_vld   |  out|    1|     ap_ovld|   p_ZZN4nnet22compute_pool_buffer_2dINS_5arrayI8ap_fixedILi16ELi6EL9ap_q_mode5EL9ap_92|       pointer|
|void_compute_pool_buffer_2d_array_const_ap_shift_reg_n_filt_stream_kernel_4                     |  out|   16|      ap_vld|            void_compute_pool_buffer_2d_array_const_ap_shift_reg_n_filt_stream_kernel_4|       pointer|
|void_compute_pool_buffer_2d_array_const_ap_shift_reg_n_filt_stream_kernel_4_ap_vld              |  out|    1|      ap_vld|            void_compute_pool_buffer_2d_array_const_ap_shift_reg_n_filt_stream_kernel_4|       pointer|
|p_ZZN4nnet22compute_pool_buffer_2dINS_5arrayI8ap_fixedILi16ELi6EL9ap_q_mode5EL9ap_91_i          |   in|   16|     ap_ovld|   p_ZZN4nnet22compute_pool_buffer_2dINS_5arrayI8ap_fixedILi16ELi6EL9ap_q_mode5EL9ap_91|       pointer|
|p_ZZN4nnet22compute_pool_buffer_2dINS_5arrayI8ap_fixedILi16ELi6EL9ap_q_mode5EL9ap_91_o          |  out|   16|     ap_ovld|   p_ZZN4nnet22compute_pool_buffer_2dINS_5arrayI8ap_fixedILi16ELi6EL9ap_q_mode5EL9ap_91|       pointer|
|p_ZZN4nnet22compute_pool_buffer_2dINS_5arrayI8ap_fixedILi16ELi6EL9ap_q_mode5EL9ap_91_o_ap_vld   |  out|    1|     ap_ovld|   p_ZZN4nnet22compute_pool_buffer_2dINS_5arrayI8ap_fixedILi16ELi6EL9ap_q_mode5EL9ap_91|       pointer|
|p_ZZN4nnet22compute_pool_buffer_2dINS_5arrayI8ap_fixedILi16ELi6EL9ap_q_mode5EL9ap_107           |  out|   16|      ap_vld|  p_ZZN4nnet22compute_pool_buffer_2dINS_5arrayI8ap_fixedILi16ELi6EL9ap_q_mode5EL9ap_107|       pointer|
|p_ZZN4nnet22compute_pool_buffer_2dINS_5arrayI8ap_fixedILi16ELi6EL9ap_q_mode5EL9ap_107_ap_vld    |  out|    1|      ap_vld|  p_ZZN4nnet22compute_pool_buffer_2dINS_5arrayI8ap_fixedILi16ELi6EL9ap_q_mode5EL9ap_107|       pointer|
|p_ZZN4nnet22compute_pool_buffer_2dINS_5arrayI8ap_fixedILi16ELi6EL9ap_q_mode5EL9ap_90_i          |   in|   16|     ap_ovld|   p_ZZN4nnet22compute_pool_buffer_2dINS_5arrayI8ap_fixedILi16ELi6EL9ap_q_mode5EL9ap_90|       pointer|
|p_ZZN4nnet22compute_pool_buffer_2dINS_5arrayI8ap_fixedILi16ELi6EL9ap_q_mode5EL9ap_90_o          |  out|   16|     ap_ovld|   p_ZZN4nnet22compute_pool_buffer_2dINS_5arrayI8ap_fixedILi16ELi6EL9ap_q_mode5EL9ap_90|       pointer|
|p_ZZN4nnet22compute_pool_buffer_2dINS_5arrayI8ap_fixedILi16ELi6EL9ap_q_mode5EL9ap_90_o_ap_vld   |  out|    1|     ap_ovld|   p_ZZN4nnet22compute_pool_buffer_2dINS_5arrayI8ap_fixedILi16ELi6EL9ap_q_mode5EL9ap_90|       pointer|
|p_ZZN4nnet22compute_pool_buffer_2dINS_5arrayI8ap_fixedILi16ELi6EL9ap_q_mode5EL9ap_108           |  out|   16|      ap_vld|  p_ZZN4nnet22compute_pool_buffer_2dINS_5arrayI8ap_fixedILi16ELi6EL9ap_q_mode5EL9ap_108|       pointer|
|p_ZZN4nnet22compute_pool_buffer_2dINS_5arrayI8ap_fixedILi16ELi6EL9ap_q_mode5EL9ap_108_ap_vld    |  out|    1|      ap_vld|  p_ZZN4nnet22compute_pool_buffer_2dINS_5arrayI8ap_fixedILi16ELi6EL9ap_q_mode5EL9ap_108|       pointer|
|p_ZZN4nnet22compute_pool_buffer_2dINS_5arrayI8ap_fixedILi16ELi6EL9ap_q_mode5EL9ap_89_i          |   in|   16|     ap_ovld|   p_ZZN4nnet22compute_pool_buffer_2dINS_5arrayI8ap_fixedILi16ELi6EL9ap_q_mode5EL9ap_89|       pointer|
|p_ZZN4nnet22compute_pool_buffer_2dINS_5arrayI8ap_fixedILi16ELi6EL9ap_q_mode5EL9ap_89_o          |  out|   16|     ap_ovld|   p_ZZN4nnet22compute_pool_buffer_2dINS_5arrayI8ap_fixedILi16ELi6EL9ap_q_mode5EL9ap_89|       pointer|
|p_ZZN4nnet22compute_pool_buffer_2dINS_5arrayI8ap_fixedILi16ELi6EL9ap_q_mode5EL9ap_89_o_ap_vld   |  out|    1|     ap_ovld|   p_ZZN4nnet22compute_pool_buffer_2dINS_5arrayI8ap_fixedILi16ELi6EL9ap_q_mode5EL9ap_89|       pointer|
|p_ZZN4nnet22compute_pool_buffer_2dINS_5arrayI8ap_fixedILi16ELi6EL9ap_q_mode5EL9ap_109           |  out|   16|      ap_vld|  p_ZZN4nnet22compute_pool_buffer_2dINS_5arrayI8ap_fixedILi16ELi6EL9ap_q_mode5EL9ap_109|       pointer|
|p_ZZN4nnet22compute_pool_buffer_2dINS_5arrayI8ap_fixedILi16ELi6EL9ap_q_mode5EL9ap_109_ap_vld    |  out|    1|      ap_vld|  p_ZZN4nnet22compute_pool_buffer_2dINS_5arrayI8ap_fixedILi16ELi6EL9ap_q_mode5EL9ap_109|       pointer|
|p_ZZN4nnet22compute_pool_buffer_2dINS_5arrayI8ap_fixedILi16ELi6EL9ap_q_mode5EL9ap_88_i          |   in|   16|     ap_ovld|   p_ZZN4nnet22compute_pool_buffer_2dINS_5arrayI8ap_fixedILi16ELi6EL9ap_q_mode5EL9ap_88|       pointer|
|p_ZZN4nnet22compute_pool_buffer_2dINS_5arrayI8ap_fixedILi16ELi6EL9ap_q_mode5EL9ap_88_o          |  out|   16|     ap_ovld|   p_ZZN4nnet22compute_pool_buffer_2dINS_5arrayI8ap_fixedILi16ELi6EL9ap_q_mode5EL9ap_88|       pointer|
|p_ZZN4nnet22compute_pool_buffer_2dINS_5arrayI8ap_fixedILi16ELi6EL9ap_q_mode5EL9ap_88_o_ap_vld   |  out|    1|     ap_ovld|   p_ZZN4nnet22compute_pool_buffer_2dINS_5arrayI8ap_fixedILi16ELi6EL9ap_q_mode5EL9ap_88|       pointer|
|p_ZZN4nnet22compute_pool_buffer_2dINS_5arrayI8ap_fixedILi16ELi6EL9ap_q_mode5EL9ap_110           |  out|   16|      ap_vld|  p_ZZN4nnet22compute_pool_buffer_2dINS_5arrayI8ap_fixedILi16ELi6EL9ap_q_mode5EL9ap_110|       pointer|
|p_ZZN4nnet22compute_pool_buffer_2dINS_5arrayI8ap_fixedILi16ELi6EL9ap_q_mode5EL9ap_110_ap_vld    |  out|    1|      ap_vld|  p_ZZN4nnet22compute_pool_buffer_2dINS_5arrayI8ap_fixedILi16ELi6EL9ap_q_mode5EL9ap_110|       pointer|
|p_ZZN4nnet22compute_pool_buffer_2dINS_5arrayI8ap_fixedILi16ELi6EL9ap_q_mode5EL9ap_87_i          |   in|   16|     ap_ovld|   p_ZZN4nnet22compute_pool_buffer_2dINS_5arrayI8ap_fixedILi16ELi6EL9ap_q_mode5EL9ap_87|       pointer|
|p_ZZN4nnet22compute_pool_buffer_2dINS_5arrayI8ap_fixedILi16ELi6EL9ap_q_mode5EL9ap_87_o          |  out|   16|     ap_ovld|   p_ZZN4nnet22compute_pool_buffer_2dINS_5arrayI8ap_fixedILi16ELi6EL9ap_q_mode5EL9ap_87|       pointer|
|p_ZZN4nnet22compute_pool_buffer_2dINS_5arrayI8ap_fixedILi16ELi6EL9ap_q_mode5EL9ap_87_o_ap_vld   |  out|    1|     ap_ovld|   p_ZZN4nnet22compute_pool_buffer_2dINS_5arrayI8ap_fixedILi16ELi6EL9ap_q_mode5EL9ap_87|       pointer|
|p_ZZN4nnet22compute_pool_buffer_2dINS_5arrayI8ap_fixedILi16ELi6EL9ap_q_mode5EL9ap_111           |  out|   16|      ap_vld|  p_ZZN4nnet22compute_pool_buffer_2dINS_5arrayI8ap_fixedILi16ELi6EL9ap_q_mode5EL9ap_111|       pointer|
|p_ZZN4nnet22compute_pool_buffer_2dINS_5arrayI8ap_fixedILi16ELi6EL9ap_q_mode5EL9ap_111_ap_vld    |  out|    1|      ap_vld|  p_ZZN4nnet22compute_pool_buffer_2dINS_5arrayI8ap_fixedILi16ELi6EL9ap_q_mode5EL9ap_111|       pointer|
|p_ZZN4nnet22compute_pool_buffer_2dINS_5arrayI8ap_fixedILi16ELi6EL9ap_q_mode5EL9ap_86_i          |   in|   16|     ap_ovld|   p_ZZN4nnet22compute_pool_buffer_2dINS_5arrayI8ap_fixedILi16ELi6EL9ap_q_mode5EL9ap_86|       pointer|
|p_ZZN4nnet22compute_pool_buffer_2dINS_5arrayI8ap_fixedILi16ELi6EL9ap_q_mode5EL9ap_86_o          |  out|   16|     ap_ovld|   p_ZZN4nnet22compute_pool_buffer_2dINS_5arrayI8ap_fixedILi16ELi6EL9ap_q_mode5EL9ap_86|       pointer|
|p_ZZN4nnet22compute_pool_buffer_2dINS_5arrayI8ap_fixedILi16ELi6EL9ap_q_mode5EL9ap_86_o_ap_vld   |  out|    1|     ap_ovld|   p_ZZN4nnet22compute_pool_buffer_2dINS_5arrayI8ap_fixedILi16ELi6EL9ap_q_mode5EL9ap_86|       pointer|
|p_ZZN4nnet22compute_pool_buffer_2dINS_5arrayI8ap_fixedILi16ELi6EL9ap_q_mode5EL9ap_112           |  out|   16|      ap_vld|  p_ZZN4nnet22compute_pool_buffer_2dINS_5arrayI8ap_fixedILi16ELi6EL9ap_q_mode5EL9ap_112|       pointer|
|p_ZZN4nnet22compute_pool_buffer_2dINS_5arrayI8ap_fixedILi16ELi6EL9ap_q_mode5EL9ap_112_ap_vld    |  out|    1|      ap_vld|  p_ZZN4nnet22compute_pool_buffer_2dINS_5arrayI8ap_fixedILi16ELi6EL9ap_q_mode5EL9ap_112|       pointer|
|p_ZZN4nnet22compute_pool_buffer_2dINS_5arrayI8ap_fixedILi16ELi6EL9ap_q_mode5EL9ap_69_i          |   in|   16|     ap_ovld|   p_ZZN4nnet22compute_pool_buffer_2dINS_5arrayI8ap_fixedILi16ELi6EL9ap_q_mode5EL9ap_69|       pointer|
|p_ZZN4nnet22compute_pool_buffer_2dINS_5arrayI8ap_fixedILi16ELi6EL9ap_q_mode5EL9ap_69_o          |  out|   16|     ap_ovld|   p_ZZN4nnet22compute_pool_buffer_2dINS_5arrayI8ap_fixedILi16ELi6EL9ap_q_mode5EL9ap_69|       pointer|
|p_ZZN4nnet22compute_pool_buffer_2dINS_5arrayI8ap_fixedILi16ELi6EL9ap_q_mode5EL9ap_69_o_ap_vld   |  out|    1|     ap_ovld|   p_ZZN4nnet22compute_pool_buffer_2dINS_5arrayI8ap_fixedILi16ELi6EL9ap_q_mode5EL9ap_69|       pointer|
|p_ZZN4nnet22compute_pool_buffer_2dINS_5arrayI8ap_fixedILi16ELi6EL9ap_q_mode5EL9ap_85            |  out|   16|      ap_vld|   p_ZZN4nnet22compute_pool_buffer_2dINS_5arrayI8ap_fixedILi16ELi6EL9ap_q_mode5EL9ap_85|       pointer|
|p_ZZN4nnet22compute_pool_buffer_2dINS_5arrayI8ap_fixedILi16ELi6EL9ap_q_mode5EL9ap_85_ap_vld     |  out|    1|      ap_vld|   p_ZZN4nnet22compute_pool_buffer_2dINS_5arrayI8ap_fixedILi16ELi6EL9ap_q_mode5EL9ap_85|       pointer|
|p_ZZN4nnet22compute_pool_buffer_2dINS_5arrayI8ap_fixedILi16ELi6EL9ap_q_mode5EL9ap_68_i          |   in|   16|     ap_ovld|   p_ZZN4nnet22compute_pool_buffer_2dINS_5arrayI8ap_fixedILi16ELi6EL9ap_q_mode5EL9ap_68|       pointer|
|p_ZZN4nnet22compute_pool_buffer_2dINS_5arrayI8ap_fixedILi16ELi6EL9ap_q_mode5EL9ap_68_o          |  out|   16|     ap_ovld|   p_ZZN4nnet22compute_pool_buffer_2dINS_5arrayI8ap_fixedILi16ELi6EL9ap_q_mode5EL9ap_68|       pointer|
|p_ZZN4nnet22compute_pool_buffer_2dINS_5arrayI8ap_fixedILi16ELi6EL9ap_q_mode5EL9ap_68_o_ap_vld   |  out|    1|     ap_ovld|   p_ZZN4nnet22compute_pool_buffer_2dINS_5arrayI8ap_fixedILi16ELi6EL9ap_q_mode5EL9ap_68|       pointer|
|p_ZZN4nnet22compute_pool_buffer_2dINS_5arrayI8ap_fixedILi16ELi6EL9ap_q_mode5EL9ap_84            |  out|   16|      ap_vld|   p_ZZN4nnet22compute_pool_buffer_2dINS_5arrayI8ap_fixedILi16ELi6EL9ap_q_mode5EL9ap_84|       pointer|
|p_ZZN4nnet22compute_pool_buffer_2dINS_5arrayI8ap_fixedILi16ELi6EL9ap_q_mode5EL9ap_84_ap_vld     |  out|    1|      ap_vld|   p_ZZN4nnet22compute_pool_buffer_2dINS_5arrayI8ap_fixedILi16ELi6EL9ap_q_mode5EL9ap_84|       pointer|
|p_ZZN4nnet22compute_pool_buffer_2dINS_5arrayI8ap_fixedILi16ELi6EL9ap_q_mode5EL9ap_67_i          |   in|   16|     ap_ovld|   p_ZZN4nnet22compute_pool_buffer_2dINS_5arrayI8ap_fixedILi16ELi6EL9ap_q_mode5EL9ap_67|       pointer|
|p_ZZN4nnet22compute_pool_buffer_2dINS_5arrayI8ap_fixedILi16ELi6EL9ap_q_mode5EL9ap_67_o          |  out|   16|     ap_ovld|   p_ZZN4nnet22compute_pool_buffer_2dINS_5arrayI8ap_fixedILi16ELi6EL9ap_q_mode5EL9ap_67|       pointer|
|p_ZZN4nnet22compute_pool_buffer_2dINS_5arrayI8ap_fixedILi16ELi6EL9ap_q_mode5EL9ap_67_o_ap_vld   |  out|    1|     ap_ovld|   p_ZZN4nnet22compute_pool_buffer_2dINS_5arrayI8ap_fixedILi16ELi6EL9ap_q_mode5EL9ap_67|       pointer|
|p_ZZN4nnet22compute_pool_buffer_2dINS_5arrayI8ap_fixedILi16ELi6EL9ap_q_mode5EL9ap_83            |  out|   16|      ap_vld|   p_ZZN4nnet22compute_pool_buffer_2dINS_5arrayI8ap_fixedILi16ELi6EL9ap_q_mode5EL9ap_83|       pointer|
|p_ZZN4nnet22compute_pool_buffer_2dINS_5arrayI8ap_fixedILi16ELi6EL9ap_q_mode5EL9ap_83_ap_vld     |  out|    1|      ap_vld|   p_ZZN4nnet22compute_pool_buffer_2dINS_5arrayI8ap_fixedILi16ELi6EL9ap_q_mode5EL9ap_83|       pointer|
|p_ZZN4nnet22compute_pool_buffer_2dINS_5arrayI8ap_fixedILi16ELi6EL9ap_q_mode5EL9ap_66_i          |   in|   16|     ap_ovld|   p_ZZN4nnet22compute_pool_buffer_2dINS_5arrayI8ap_fixedILi16ELi6EL9ap_q_mode5EL9ap_66|       pointer|
|p_ZZN4nnet22compute_pool_buffer_2dINS_5arrayI8ap_fixedILi16ELi6EL9ap_q_mode5EL9ap_66_o          |  out|   16|     ap_ovld|   p_ZZN4nnet22compute_pool_buffer_2dINS_5arrayI8ap_fixedILi16ELi6EL9ap_q_mode5EL9ap_66|       pointer|
|p_ZZN4nnet22compute_pool_buffer_2dINS_5arrayI8ap_fixedILi16ELi6EL9ap_q_mode5EL9ap_66_o_ap_vld   |  out|    1|     ap_ovld|   p_ZZN4nnet22compute_pool_buffer_2dINS_5arrayI8ap_fixedILi16ELi6EL9ap_q_mode5EL9ap_66|       pointer|
|p_ZZN4nnet22compute_pool_buffer_2dINS_5arrayI8ap_fixedILi16ELi6EL9ap_q_mode5EL9ap_82            |  out|   16|      ap_vld|   p_ZZN4nnet22compute_pool_buffer_2dINS_5arrayI8ap_fixedILi16ELi6EL9ap_q_mode5EL9ap_82|       pointer|
|p_ZZN4nnet22compute_pool_buffer_2dINS_5arrayI8ap_fixedILi16ELi6EL9ap_q_mode5EL9ap_82_ap_vld     |  out|    1|      ap_vld|   p_ZZN4nnet22compute_pool_buffer_2dINS_5arrayI8ap_fixedILi16ELi6EL9ap_q_mode5EL9ap_82|       pointer|
|p_ZZN4nnet22compute_pool_buffer_2dINS_5arrayI8ap_fixedILi16ELi6EL9ap_q_mode5EL9ap_65_i          |   in|   16|     ap_ovld|   p_ZZN4nnet22compute_pool_buffer_2dINS_5arrayI8ap_fixedILi16ELi6EL9ap_q_mode5EL9ap_65|       pointer|
|p_ZZN4nnet22compute_pool_buffer_2dINS_5arrayI8ap_fixedILi16ELi6EL9ap_q_mode5EL9ap_65_o          |  out|   16|     ap_ovld|   p_ZZN4nnet22compute_pool_buffer_2dINS_5arrayI8ap_fixedILi16ELi6EL9ap_q_mode5EL9ap_65|       pointer|
|p_ZZN4nnet22compute_pool_buffer_2dINS_5arrayI8ap_fixedILi16ELi6EL9ap_q_mode5EL9ap_65_o_ap_vld   |  out|    1|     ap_ovld|   p_ZZN4nnet22compute_pool_buffer_2dINS_5arrayI8ap_fixedILi16ELi6EL9ap_q_mode5EL9ap_65|       pointer|
|p_ZZN4nnet22compute_pool_buffer_2dINS_5arrayI8ap_fixedILi16ELi6EL9ap_q_mode5EL9ap_81            |  out|   16|      ap_vld|   p_ZZN4nnet22compute_pool_buffer_2dINS_5arrayI8ap_fixedILi16ELi6EL9ap_q_mode5EL9ap_81|       pointer|
|p_ZZN4nnet22compute_pool_buffer_2dINS_5arrayI8ap_fixedILi16ELi6EL9ap_q_mode5EL9ap_81_ap_vld     |  out|    1|      ap_vld|   p_ZZN4nnet22compute_pool_buffer_2dINS_5arrayI8ap_fixedILi16ELi6EL9ap_q_mode5EL9ap_81|       pointer|
|p_ZZN4nnet22compute_pool_buffer_2dINS_5arrayI8ap_fixedILi16ELi6EL9ap_q_mode5EL9ap_64_i          |   in|   16|     ap_ovld|   p_ZZN4nnet22compute_pool_buffer_2dINS_5arrayI8ap_fixedILi16ELi6EL9ap_q_mode5EL9ap_64|       pointer|
|p_ZZN4nnet22compute_pool_buffer_2dINS_5arrayI8ap_fixedILi16ELi6EL9ap_q_mode5EL9ap_64_o          |  out|   16|     ap_ovld|   p_ZZN4nnet22compute_pool_buffer_2dINS_5arrayI8ap_fixedILi16ELi6EL9ap_q_mode5EL9ap_64|       pointer|
|p_ZZN4nnet22compute_pool_buffer_2dINS_5arrayI8ap_fixedILi16ELi6EL9ap_q_mode5EL9ap_64_o_ap_vld   |  out|    1|     ap_ovld|   p_ZZN4nnet22compute_pool_buffer_2dINS_5arrayI8ap_fixedILi16ELi6EL9ap_q_mode5EL9ap_64|       pointer|
|p_ZZN4nnet22compute_pool_buffer_2dINS_5arrayI8ap_fixedILi16ELi6EL9ap_q_mode5EL9ap_80            |  out|   16|      ap_vld|   p_ZZN4nnet22compute_pool_buffer_2dINS_5arrayI8ap_fixedILi16ELi6EL9ap_q_mode5EL9ap_80|       pointer|
|p_ZZN4nnet22compute_pool_buffer_2dINS_5arrayI8ap_fixedILi16ELi6EL9ap_q_mode5EL9ap_80_ap_vld     |  out|    1|      ap_vld|   p_ZZN4nnet22compute_pool_buffer_2dINS_5arrayI8ap_fixedILi16ELi6EL9ap_q_mode5EL9ap_80|       pointer|
|p_ZZN4nnet22compute_pool_buffer_2dINS_5arrayI8ap_fixedILi16ELi6EL9ap_q_mode5EL9ap_63_i          |   in|   16|     ap_ovld|   p_ZZN4nnet22compute_pool_buffer_2dINS_5arrayI8ap_fixedILi16ELi6EL9ap_q_mode5EL9ap_63|       pointer|
|p_ZZN4nnet22compute_pool_buffer_2dINS_5arrayI8ap_fixedILi16ELi6EL9ap_q_mode5EL9ap_63_o          |  out|   16|     ap_ovld|   p_ZZN4nnet22compute_pool_buffer_2dINS_5arrayI8ap_fixedILi16ELi6EL9ap_q_mode5EL9ap_63|       pointer|
|p_ZZN4nnet22compute_pool_buffer_2dINS_5arrayI8ap_fixedILi16ELi6EL9ap_q_mode5EL9ap_63_o_ap_vld   |  out|    1|     ap_ovld|   p_ZZN4nnet22compute_pool_buffer_2dINS_5arrayI8ap_fixedILi16ELi6EL9ap_q_mode5EL9ap_63|       pointer|
|p_ZZN4nnet22compute_pool_buffer_2dINS_5arrayI8ap_fixedILi16ELi6EL9ap_q_mode5EL9ap_79            |  out|   16|      ap_vld|   p_ZZN4nnet22compute_pool_buffer_2dINS_5arrayI8ap_fixedILi16ELi6EL9ap_q_mode5EL9ap_79|       pointer|
|p_ZZN4nnet22compute_pool_buffer_2dINS_5arrayI8ap_fixedILi16ELi6EL9ap_q_mode5EL9ap_79_ap_vld     |  out|    1|      ap_vld|   p_ZZN4nnet22compute_pool_buffer_2dINS_5arrayI8ap_fixedILi16ELi6EL9ap_q_mode5EL9ap_79|       pointer|
|p_ZZN4nnet22compute_pool_buffer_2dINS_5arrayI8ap_fixedILi16ELi6EL9ap_q_mode5EL9ap_62_i          |   in|   16|     ap_ovld|   p_ZZN4nnet22compute_pool_buffer_2dINS_5arrayI8ap_fixedILi16ELi6EL9ap_q_mode5EL9ap_62|       pointer|
|p_ZZN4nnet22compute_pool_buffer_2dINS_5arrayI8ap_fixedILi16ELi6EL9ap_q_mode5EL9ap_62_o          |  out|   16|     ap_ovld|   p_ZZN4nnet22compute_pool_buffer_2dINS_5arrayI8ap_fixedILi16ELi6EL9ap_q_mode5EL9ap_62|       pointer|
|p_ZZN4nnet22compute_pool_buffer_2dINS_5arrayI8ap_fixedILi16ELi6EL9ap_q_mode5EL9ap_62_o_ap_vld   |  out|    1|     ap_ovld|   p_ZZN4nnet22compute_pool_buffer_2dINS_5arrayI8ap_fixedILi16ELi6EL9ap_q_mode5EL9ap_62|       pointer|
|p_ZZN4nnet22compute_pool_buffer_2dINS_5arrayI8ap_fixedILi16ELi6EL9ap_q_mode5EL9ap_78            |  out|   16|      ap_vld|   p_ZZN4nnet22compute_pool_buffer_2dINS_5arrayI8ap_fixedILi16ELi6EL9ap_q_mode5EL9ap_78|       pointer|
|p_ZZN4nnet22compute_pool_buffer_2dINS_5arrayI8ap_fixedILi16ELi6EL9ap_q_mode5EL9ap_78_ap_vld     |  out|    1|      ap_vld|   p_ZZN4nnet22compute_pool_buffer_2dINS_5arrayI8ap_fixedILi16ELi6EL9ap_q_mode5EL9ap_78|       pointer|
|p_ZZN4nnet22compute_pool_buffer_2dINS_5arrayI8ap_fixedILi16ELi6EL9ap_q_mode5EL9ap_61_i          |   in|   16|     ap_ovld|   p_ZZN4nnet22compute_pool_buffer_2dINS_5arrayI8ap_fixedILi16ELi6EL9ap_q_mode5EL9ap_61|       pointer|
|p_ZZN4nnet22compute_pool_buffer_2dINS_5arrayI8ap_fixedILi16ELi6EL9ap_q_mode5EL9ap_61_o          |  out|   16|     ap_ovld|   p_ZZN4nnet22compute_pool_buffer_2dINS_5arrayI8ap_fixedILi16ELi6EL9ap_q_mode5EL9ap_61|       pointer|
|p_ZZN4nnet22compute_pool_buffer_2dINS_5arrayI8ap_fixedILi16ELi6EL9ap_q_mode5EL9ap_61_o_ap_vld   |  out|    1|     ap_ovld|   p_ZZN4nnet22compute_pool_buffer_2dINS_5arrayI8ap_fixedILi16ELi6EL9ap_q_mode5EL9ap_61|       pointer|
|p_ZZN4nnet22compute_pool_buffer_2dINS_5arrayI8ap_fixedILi16ELi6EL9ap_q_mode5EL9ap_77            |  out|   16|      ap_vld|   p_ZZN4nnet22compute_pool_buffer_2dINS_5arrayI8ap_fixedILi16ELi6EL9ap_q_mode5EL9ap_77|       pointer|
|p_ZZN4nnet22compute_pool_buffer_2dINS_5arrayI8ap_fixedILi16ELi6EL9ap_q_mode5EL9ap_77_ap_vld     |  out|    1|      ap_vld|   p_ZZN4nnet22compute_pool_buffer_2dINS_5arrayI8ap_fixedILi16ELi6EL9ap_q_mode5EL9ap_77|       pointer|
|p_ZZN4nnet22compute_pool_buffer_2dINS_5arrayI8ap_fixedILi16ELi6EL9ap_q_mode5EL9ap_60_i          |   in|   16|     ap_ovld|   p_ZZN4nnet22compute_pool_buffer_2dINS_5arrayI8ap_fixedILi16ELi6EL9ap_q_mode5EL9ap_60|       pointer|
|p_ZZN4nnet22compute_pool_buffer_2dINS_5arrayI8ap_fixedILi16ELi6EL9ap_q_mode5EL9ap_60_o          |  out|   16|     ap_ovld|   p_ZZN4nnet22compute_pool_buffer_2dINS_5arrayI8ap_fixedILi16ELi6EL9ap_q_mode5EL9ap_60|       pointer|
|p_ZZN4nnet22compute_pool_buffer_2dINS_5arrayI8ap_fixedILi16ELi6EL9ap_q_mode5EL9ap_60_o_ap_vld   |  out|    1|     ap_ovld|   p_ZZN4nnet22compute_pool_buffer_2dINS_5arrayI8ap_fixedILi16ELi6EL9ap_q_mode5EL9ap_60|       pointer|
|p_ZZN4nnet22compute_pool_buffer_2dINS_5arrayI8ap_fixedILi16ELi6EL9ap_q_mode5EL9ap_76            |  out|   16|      ap_vld|   p_ZZN4nnet22compute_pool_buffer_2dINS_5arrayI8ap_fixedILi16ELi6EL9ap_q_mode5EL9ap_76|       pointer|
|p_ZZN4nnet22compute_pool_buffer_2dINS_5arrayI8ap_fixedILi16ELi6EL9ap_q_mode5EL9ap_76_ap_vld     |  out|    1|      ap_vld|   p_ZZN4nnet22compute_pool_buffer_2dINS_5arrayI8ap_fixedILi16ELi6EL9ap_q_mode5EL9ap_76|       pointer|
|p_ZZN4nnet22compute_pool_buffer_2dINS_5arrayI8ap_fixedILi16ELi6EL9ap_q_mode5EL9ap_59_i          |   in|   16|     ap_ovld|   p_ZZN4nnet22compute_pool_buffer_2dINS_5arrayI8ap_fixedILi16ELi6EL9ap_q_mode5EL9ap_59|       pointer|
|p_ZZN4nnet22compute_pool_buffer_2dINS_5arrayI8ap_fixedILi16ELi6EL9ap_q_mode5EL9ap_59_o          |  out|   16|     ap_ovld|   p_ZZN4nnet22compute_pool_buffer_2dINS_5arrayI8ap_fixedILi16ELi6EL9ap_q_mode5EL9ap_59|       pointer|
|p_ZZN4nnet22compute_pool_buffer_2dINS_5arrayI8ap_fixedILi16ELi6EL9ap_q_mode5EL9ap_59_o_ap_vld   |  out|    1|     ap_ovld|   p_ZZN4nnet22compute_pool_buffer_2dINS_5arrayI8ap_fixedILi16ELi6EL9ap_q_mode5EL9ap_59|       pointer|
|p_ZZN4nnet22compute_pool_buffer_2dINS_5arrayI8ap_fixedILi16ELi6EL9ap_q_mode5EL9ap_75            |  out|   16|      ap_vld|   p_ZZN4nnet22compute_pool_buffer_2dINS_5arrayI8ap_fixedILi16ELi6EL9ap_q_mode5EL9ap_75|       pointer|
|p_ZZN4nnet22compute_pool_buffer_2dINS_5arrayI8ap_fixedILi16ELi6EL9ap_q_mode5EL9ap_75_ap_vld     |  out|    1|      ap_vld|   p_ZZN4nnet22compute_pool_buffer_2dINS_5arrayI8ap_fixedILi16ELi6EL9ap_q_mode5EL9ap_75|       pointer|
|p_ZZN4nnet22compute_pool_buffer_2dINS_5arrayI8ap_fixedILi16ELi6EL9ap_q_mode5EL9ap_58_i          |   in|   16|     ap_ovld|   p_ZZN4nnet22compute_pool_buffer_2dINS_5arrayI8ap_fixedILi16ELi6EL9ap_q_mode5EL9ap_58|       pointer|
|p_ZZN4nnet22compute_pool_buffer_2dINS_5arrayI8ap_fixedILi16ELi6EL9ap_q_mode5EL9ap_58_o          |  out|   16|     ap_ovld|   p_ZZN4nnet22compute_pool_buffer_2dINS_5arrayI8ap_fixedILi16ELi6EL9ap_q_mode5EL9ap_58|       pointer|
|p_ZZN4nnet22compute_pool_buffer_2dINS_5arrayI8ap_fixedILi16ELi6EL9ap_q_mode5EL9ap_58_o_ap_vld   |  out|    1|     ap_ovld|   p_ZZN4nnet22compute_pool_buffer_2dINS_5arrayI8ap_fixedILi16ELi6EL9ap_q_mode5EL9ap_58|       pointer|
|p_ZZN4nnet22compute_pool_buffer_2dINS_5arrayI8ap_fixedILi16ELi6EL9ap_q_mode5EL9ap_74            |  out|   16|      ap_vld|   p_ZZN4nnet22compute_pool_buffer_2dINS_5arrayI8ap_fixedILi16ELi6EL9ap_q_mode5EL9ap_74|       pointer|
|p_ZZN4nnet22compute_pool_buffer_2dINS_5arrayI8ap_fixedILi16ELi6EL9ap_q_mode5EL9ap_74_ap_vld     |  out|    1|      ap_vld|   p_ZZN4nnet22compute_pool_buffer_2dINS_5arrayI8ap_fixedILi16ELi6EL9ap_q_mode5EL9ap_74|       pointer|
|p_ZZN4nnet22compute_pool_buffer_2dINS_5arrayI8ap_fixedILi16ELi6EL9ap_q_mode5EL9ap_57_i          |   in|   16|     ap_ovld|   p_ZZN4nnet22compute_pool_buffer_2dINS_5arrayI8ap_fixedILi16ELi6EL9ap_q_mode5EL9ap_57|       pointer|
|p_ZZN4nnet22compute_pool_buffer_2dINS_5arrayI8ap_fixedILi16ELi6EL9ap_q_mode5EL9ap_57_o          |  out|   16|     ap_ovld|   p_ZZN4nnet22compute_pool_buffer_2dINS_5arrayI8ap_fixedILi16ELi6EL9ap_q_mode5EL9ap_57|       pointer|
|p_ZZN4nnet22compute_pool_buffer_2dINS_5arrayI8ap_fixedILi16ELi6EL9ap_q_mode5EL9ap_57_o_ap_vld   |  out|    1|     ap_ovld|   p_ZZN4nnet22compute_pool_buffer_2dINS_5arrayI8ap_fixedILi16ELi6EL9ap_q_mode5EL9ap_57|       pointer|
|p_ZZN4nnet22compute_pool_buffer_2dINS_5arrayI8ap_fixedILi16ELi6EL9ap_q_mode5EL9ap_73            |  out|   16|      ap_vld|   p_ZZN4nnet22compute_pool_buffer_2dINS_5arrayI8ap_fixedILi16ELi6EL9ap_q_mode5EL9ap_73|       pointer|
|p_ZZN4nnet22compute_pool_buffer_2dINS_5arrayI8ap_fixedILi16ELi6EL9ap_q_mode5EL9ap_73_ap_vld     |  out|    1|      ap_vld|   p_ZZN4nnet22compute_pool_buffer_2dINS_5arrayI8ap_fixedILi16ELi6EL9ap_q_mode5EL9ap_73|       pointer|
|p_ZZN4nnet22compute_pool_buffer_2dINS_5arrayI8ap_fixedILi16ELi6EL9ap_q_mode5EL9ap_56_i          |   in|   16|     ap_ovld|   p_ZZN4nnet22compute_pool_buffer_2dINS_5arrayI8ap_fixedILi16ELi6EL9ap_q_mode5EL9ap_56|       pointer|
|p_ZZN4nnet22compute_pool_buffer_2dINS_5arrayI8ap_fixedILi16ELi6EL9ap_q_mode5EL9ap_56_o          |  out|   16|     ap_ovld|   p_ZZN4nnet22compute_pool_buffer_2dINS_5arrayI8ap_fixedILi16ELi6EL9ap_q_mode5EL9ap_56|       pointer|
|p_ZZN4nnet22compute_pool_buffer_2dINS_5arrayI8ap_fixedILi16ELi6EL9ap_q_mode5EL9ap_56_o_ap_vld   |  out|    1|     ap_ovld|   p_ZZN4nnet22compute_pool_buffer_2dINS_5arrayI8ap_fixedILi16ELi6EL9ap_q_mode5EL9ap_56|       pointer|
|p_ZZN4nnet22compute_pool_buffer_2dINS_5arrayI8ap_fixedILi16ELi6EL9ap_q_mode5EL9ap_72            |  out|   16|      ap_vld|   p_ZZN4nnet22compute_pool_buffer_2dINS_5arrayI8ap_fixedILi16ELi6EL9ap_q_mode5EL9ap_72|       pointer|
|p_ZZN4nnet22compute_pool_buffer_2dINS_5arrayI8ap_fixedILi16ELi6EL9ap_q_mode5EL9ap_72_ap_vld     |  out|    1|      ap_vld|   p_ZZN4nnet22compute_pool_buffer_2dINS_5arrayI8ap_fixedILi16ELi6EL9ap_q_mode5EL9ap_72|       pointer|
|p_ZZN4nnet22compute_pool_buffer_2dINS_5arrayI8ap_fixedILi16ELi6EL9ap_q_mode5EL9ap_55_i          |   in|   16|     ap_ovld|   p_ZZN4nnet22compute_pool_buffer_2dINS_5arrayI8ap_fixedILi16ELi6EL9ap_q_mode5EL9ap_55|       pointer|
|p_ZZN4nnet22compute_pool_buffer_2dINS_5arrayI8ap_fixedILi16ELi6EL9ap_q_mode5EL9ap_55_o          |  out|   16|     ap_ovld|   p_ZZN4nnet22compute_pool_buffer_2dINS_5arrayI8ap_fixedILi16ELi6EL9ap_q_mode5EL9ap_55|       pointer|
|p_ZZN4nnet22compute_pool_buffer_2dINS_5arrayI8ap_fixedILi16ELi6EL9ap_q_mode5EL9ap_55_o_ap_vld   |  out|    1|     ap_ovld|   p_ZZN4nnet22compute_pool_buffer_2dINS_5arrayI8ap_fixedILi16ELi6EL9ap_q_mode5EL9ap_55|       pointer|
|p_ZZN4nnet22compute_pool_buffer_2dINS_5arrayI8ap_fixedILi16ELi6EL9ap_q_mode5EL9ap_71            |  out|   16|      ap_vld|   p_ZZN4nnet22compute_pool_buffer_2dINS_5arrayI8ap_fixedILi16ELi6EL9ap_q_mode5EL9ap_71|       pointer|
|p_ZZN4nnet22compute_pool_buffer_2dINS_5arrayI8ap_fixedILi16ELi6EL9ap_q_mode5EL9ap_71_ap_vld     |  out|    1|      ap_vld|   p_ZZN4nnet22compute_pool_buffer_2dINS_5arrayI8ap_fixedILi16ELi6EL9ap_q_mode5EL9ap_71|       pointer|
|p_ZZN4nnet22compute_pool_buffer_2dINS_5arrayI8ap_fixedILi16ELi6EL9ap_q_mode5EL9ap_54_i          |   in|   16|     ap_ovld|   p_ZZN4nnet22compute_pool_buffer_2dINS_5arrayI8ap_fixedILi16ELi6EL9ap_q_mode5EL9ap_54|       pointer|
|p_ZZN4nnet22compute_pool_buffer_2dINS_5arrayI8ap_fixedILi16ELi6EL9ap_q_mode5EL9ap_54_o          |  out|   16|     ap_ovld|   p_ZZN4nnet22compute_pool_buffer_2dINS_5arrayI8ap_fixedILi16ELi6EL9ap_q_mode5EL9ap_54|       pointer|
|p_ZZN4nnet22compute_pool_buffer_2dINS_5arrayI8ap_fixedILi16ELi6EL9ap_q_mode5EL9ap_54_o_ap_vld   |  out|    1|     ap_ovld|   p_ZZN4nnet22compute_pool_buffer_2dINS_5arrayI8ap_fixedILi16ELi6EL9ap_q_mode5EL9ap_54|       pointer|
|p_ZZN4nnet22compute_pool_buffer_2dINS_5arrayI8ap_fixedILi16ELi6EL9ap_q_mode5EL9ap_70            |  out|   16|      ap_vld|   p_ZZN4nnet22compute_pool_buffer_2dINS_5arrayI8ap_fixedILi16ELi6EL9ap_q_mode5EL9ap_70|       pointer|
|p_ZZN4nnet22compute_pool_buffer_2dINS_5arrayI8ap_fixedILi16ELi6EL9ap_q_mode5EL9ap_70_ap_vld     |  out|    1|      ap_vld|   p_ZZN4nnet22compute_pool_buffer_2dINS_5arrayI8ap_fixedILi16ELi6EL9ap_q_mode5EL9ap_70|       pointer|
+------------------------------------------------------------------------------------------------+-----+-----+------------+---------------------------------------------------------------------------------------+--------------+

