

================================================================
== Vitis HLS Report for 'sigmoid_array_array_ap_fixed_12_6_5_3_0_1u_sigmoid_config26_s'
================================================================
* Date:           Wed Apr 22 16:02:16 2026

* Version:        2023.2 (Build 4023990 on Oct 11 2023)
* Project:        folo_prj
* Solution:       solution1 (Vivado IP Flow Target)
* Product family: kintexu
* Target device:  xcku035-fbva676-2-e


================================================================
== Performance Estimates
================================================================
+ Timing: 
    * Summary: 
    +--------+---------+----------+------------+
    |  Clock |  Target | Estimated| Uncertainty|
    +--------+---------+----------+------------+
    |ap_clk  |  5.00 ns|  3.177 ns|     1.35 ns|
    +--------+---------+----------+------------+

+ Latency: 
    * Summary: 
    +---------+---------+----------+----------+------+------+---------+
    |  Latency (cycles) |  Latency (absolute) |   Interval  | Pipeline|
    |   min   |   max   |    min   |    max   |  min |  max |   Type  |
    +---------+---------+----------+----------+------+------+---------+
    |     1029|     1029|  5.145 us|  5.145 us|  1029|  1029|       no|
    +---------+---------+----------+----------+------+------+---------+

    + Detail: 
        * Instance: 
        N/A

        * Loop: 
        +------------------+---------+---------+----------+-----------+-----------+------+----------+
        |                  |  Latency (cycles) | Iteration|  Initiation Interval  | Trip |          |
        |     Loop Name    |   min   |   max   |  Latency |  achieved |   target  | Count| Pipelined|
        +------------------+---------+---------+----------+-----------+-----------+------+----------+
        |- SigmoidActLoop  |     1027|     1027|         5|          1|          1|  1024|       yes|
        +------------------+---------+---------+----------+-----------+-----------+------+----------+



================================================================
== Utilization Estimates
================================================================
* Summary: 
+-----------------+---------+------+--------+--------+-----+
|       Name      | BRAM_18K|  DSP |   FF   |   LUT  | URAM|
+-----------------+---------+------+--------+--------+-----+
|DSP              |        -|     -|       -|       -|    -|
|Expression       |        -|     -|       0|      93|    -|
|FIFO             |        -|     -|       -|       -|    -|
|Instance         |        -|     -|       -|       -|    -|
|Memory           |        1|     -|       0|       0|    -|
|Multiplexer      |        -|     -|       -|      54|    -|
|Register         |        -|     -|      37|       -|    -|
+-----------------+---------+------+--------+--------+-----+
|Total            |        1|     0|      37|     147|    0|
+-----------------+---------+------+--------+--------+-----+
|Available        |     1080|  1700|  406256|  203128|    0|
+-----------------+---------+------+--------+--------+-----+
|Utilization (%)  |       ~0|     0|      ~0|      ~0|    0|
+-----------------+---------+------+--------+--------+-----+

+ Detail: 
    * Instance: 
    N/A

    * DSP: 
    N/A

    * Memory: 
    +-----------------+----------------------------------------------------------------------------------+---------+---+----+-----+------+-----+------+-------------+
    |      Memory     |                                      Module                                      | BRAM_18K| FF| LUT| URAM| Words| Bits| Banks| W*Bits*Banks|
    +-----------------+----------------------------------------------------------------------------------+---------+---+----+-----+------+-----+------+-------------+
    |sigmoid_table_U  |sigmoid_array_array_ap_fixed_12_6_5_3_0_1u_sigmoid_config26_s_sigmoid_table_Rbfk  |        1|  0|   0|    0|  1024|   10|     1|        10240|
    +-----------------+----------------------------------------------------------------------------------+---------+---+----+-----+------+-----+------+-------------+
    |Total            |                                                                                  |        1|  0|   0|    0|  1024|   10|     1|        10240|
    +-----------------+----------------------------------------------------------------------------------+---------+---+----+-----+------+-----+------+-------------+

    * FIFO: 
    N/A

    * Expression: 
    +----------------------------------+----------+----+---+----+------------+------------+
    |           Variable Name          | Operation| DSP| FF| LUT| Bitwidth P0| Bitwidth P1|
    +----------------------------------+----------+----+---+----+------------+------------+
    |i_14_fu_112_p2                    |         +|   0|  0|  18|          11|           1|
    |index_fu_127_p2                   |         +|   0|  0|  20|          13|          10|
    |ap_condition_141                  |       and|   0|  0|   2|           1|           1|
    |icmp_ln80_fu_106_p2               |      icmp|   0|  0|  19|          11|          12|
    |icmp_ln94_fu_154_p2               |      icmp|   0|  0|  10|           3|           1|
    |ap_block_pp0_stage0_01001         |        or|   0|  0|   2|           1|           1|
    |ap_block_pp0_stage0_11001         |        or|   0|  0|   2|           1|           1|
    |ap_block_state4_pp0_stage0_iter3  |        or|   0|  0|   2|           1|           1|
    |or_ln92_fu_172_p2                 |        or|   0|  0|   2|           1|           1|
    |index_1_fu_177_p3                 |    select|   0|  0|  10|           1|          10|
    |select_ln92_fu_164_p3             |    select|   0|  0|   2|           1|           2|
    |ap_enable_pp0                     |       xor|   0|  0|   2|           1|           2|
    |xor_ln92_fu_159_p2                |       xor|   0|  0|   2|           1|           2|
    +----------------------------------+----------+----+---+----+------------+------------+
    |Total                             |          |   0|  0|  93|          47|          45|
    +----------------------------------+----------+----+---+----+------------+------------+

    * Multiplexer: 
    +-------------------------+----+-----------+-----+-----------+
    |           Name          | LUT| Input Size| Bits| Total Bits|
    +-------------------------+----+-----------+-----+-----------+
    |ap_done_int              |   9|          2|    1|          2|
    |ap_enable_reg_pp0_iter1  |   9|          2|    1|          2|
    |ap_sig_allocacmp_i_13    |   9|          2|   11|         22|
    |i_fu_68                  |   9|          2|   11|         22|
    |layer25_out_blk_n        |   9|          2|    1|          2|
    |layer26_out_TDATA_blk_n  |   9|          2|    1|          2|
    +-------------------------+----+-----------+-----+-----------+
    |Total                    |  54|         12|   26|         52|
    +-------------------------+----+-----------+-----+-----------+

    * Register: 
    +----------------------------------+----+----+-----+-----------+
    |               Name               | FF | LUT| Bits| Const Bits|
    +----------------------------------+----+----+-----+-----------+
    |ap_CS_fsm                         |   1|   0|    1|          0|
    |ap_done_reg                       |   1|   0|    1|          0|
    |ap_enable_reg_pp0_iter1           |   1|   0|    1|          0|
    |ap_enable_reg_pp0_iter2           |   1|   0|    1|          0|
    |ap_enable_reg_pp0_iter3           |   1|   0|    1|          0|
    |ap_enable_reg_pp0_iter4           |   1|   0|    1|          0|
    |ap_loop_exit_ready_pp0_iter1_reg  |   1|   0|    1|          0|
    |ap_loop_exit_ready_pp0_iter2_reg  |   1|   0|    1|          0|
    |ap_loop_exit_ready_pp0_iter3_reg  |   1|   0|    1|          0|
    |i_fu_68                           |  11|   0|   11|          0|
    |index_reg_216                     |  13|   0|   13|          0|
    |tmp_1_reg_227                     |   3|   0|    3|          0|
    |tmp_reg_221                       |   1|   0|    1|          0|
    +----------------------------------+----+----+-----+-----------+
    |Total                             |  37|   0|   37|          0|
    +----------------------------------+----+----+-----+-----------+



================================================================
== Interface
================================================================
* Summary: 
+----------------------------+-----+-----+------------+----------------------------------------------------------------+--------------+
|          RTL Ports         | Dir | Bits|  Protocol  |                          Source Object                         |    C Type    |
+----------------------------+-----+-----+------------+----------------------------------------------------------------+--------------+
|ap_clk                      |   in|    1|  ap_ctrl_hs|  sigmoid<array,array<ap_fixed<12,6,5,3,0>,1u>,sigmoid_config26>|  return value|
|ap_rst                      |   in|    1|  ap_ctrl_hs|  sigmoid<array,array<ap_fixed<12,6,5,3,0>,1u>,sigmoid_config26>|  return value|
|ap_start                    |   in|    1|  ap_ctrl_hs|  sigmoid<array,array<ap_fixed<12,6,5,3,0>,1u>,sigmoid_config26>|  return value|
|ap_done                     |  out|    1|  ap_ctrl_hs|  sigmoid<array,array<ap_fixed<12,6,5,3,0>,1u>,sigmoid_config26>|  return value|
|ap_continue                 |   in|    1|  ap_ctrl_hs|  sigmoid<array,array<ap_fixed<12,6,5,3,0>,1u>,sigmoid_config26>|  return value|
|ap_idle                     |  out|    1|  ap_ctrl_hs|  sigmoid<array,array<ap_fixed<12,6,5,3,0>,1u>,sigmoid_config26>|  return value|
|ap_ready                    |  out|    1|  ap_ctrl_hs|  sigmoid<array,array<ap_fixed<12,6,5,3,0>,1u>,sigmoid_config26>|  return value|
|layer25_out_dout            |   in|   12|     ap_fifo|                                                     layer25_out|       pointer|
|layer25_out_num_data_valid  |   in|   11|     ap_fifo|                                                     layer25_out|       pointer|
|layer25_out_fifo_cap        |   in|   11|     ap_fifo|                                                     layer25_out|       pointer|
|layer25_out_empty_n         |   in|    1|     ap_fifo|                                                     layer25_out|       pointer|
|layer25_out_read            |  out|    1|     ap_fifo|                                                     layer25_out|       pointer|
|layer26_out_TREADY          |   in|    1|        axis|                                                     layer26_out|       pointer|
|layer26_out_TDATA           |  out|   16|        axis|                                                     layer26_out|       pointer|
|layer26_out_TVALID          |  out|    1|        axis|                                                     layer26_out|       pointer|
+----------------------------+-----+-----+------------+----------------------------------------------------------------+--------------+

