

================================================================
== Vitis HLS Report for 'thresholded_relu_array_ap_fixed_array_ap_fixed_16u_thresholdedrelu_config5_s'
================================================================
* Date:           Sat Apr  4 17:12:42 2026

* Version:        2023.2 (Build 4023990 on Oct 11 2023)
* Project:        folo_prj
* Solution:       solution1 (Vivado IP Flow Target)
* Product family: kintexu
* Target device:  xcku035-fbva676-2-e


================================================================
== Performance Estimates
================================================================
+ Timing: 
    * Summary: 
    +--------+---------+----------+------------+
    |  Clock |  Target | Estimated| Uncertainty|
    +--------+---------+----------+------------+
    |ap_clk  |  5.00 ns|  3.359 ns|     1.35 ns|
    +--------+---------+----------+------------+

+ Latency: 
    * Summary: 
    +---------+---------+-----------+-----------+-------+-------+---------+
    |  Latency (cycles) |   Latency (absolute)  |    Interval   | Pipeline|
    |   min   |   max   |    min    |    max    |  min  |  max  |   Type  |
    +---------+---------+-----------+-----------+-------+-------+---------+
    |    16387|    16387|  81.935 us|  81.935 us|  16387|  16387|       no|
    +---------+---------+-----------+-----------+-------+-------+---------+

    + Detail: 
        * Instance: 
        N/A

        * Loop: 
        +--------------------------+---------+---------+----------+-----------+-----------+-------+----------+
        |                          |  Latency (cycles) | Iteration|  Initiation Interval  |  Trip |          |
        |         Loop Name        |   min   |   max   |  Latency |  achieved |   target  | Count | Pipelined|
        +--------------------------+---------+---------+----------+-----------+-----------+-------+----------+
        |- ThresholdedReLUActLoop  |    16385|    16385|         3|          1|          1|  16384|       yes|
        +--------------------------+---------+---------+----------+-----------+-----------+-------+----------+



================================================================
== Utilization Estimates
================================================================
* Summary: 
+-----------------+---------+------+--------+--------+-----+
|       Name      | BRAM_18K|  DSP |   FF   |   LUT  | URAM|
+-----------------+---------+------+--------+--------+-----+
|DSP              |        -|     -|       -|       -|    -|
|Expression       |        -|     -|       0|    1011|    -|
|FIFO             |        -|     -|       -|       -|    -|
|Instance         |        -|     -|       -|       -|    -|
|Memory           |        -|     -|       -|       -|    -|
|Multiplexer      |        -|     -|       -|      63|    -|
|Register         |        -|     -|     293|       -|    -|
+-----------------+---------+------+--------+--------+-----+
|Total            |        0|     0|     293|    1074|    0|
+-----------------+---------+------+--------+--------+-----+
|Available        |     1080|  1700|  406256|  203128|    0|
+-----------------+---------+------+--------+--------+-----+
|Utilization (%)  |        0|     0|      ~0|      ~0|    0|
+-----------------+---------+------+--------+--------+-----+

+ Detail: 
    * Instance: 
    N/A

    * DSP: 
    N/A

    * Memory: 
    N/A

    * FIFO: 
    N/A

    * Expression: 
    +---------------------------+----------+----+---+----+------------+------------+
    |       Variable Name       | Operation| DSP| FF| LUT| Bitwidth P0| Bitwidth P1|
    +---------------------------+----------+----+---+----+------------+------------+
    |i_6_fu_201_p2              |         +|   0|  0|  22|          15|           1|
    |ap_condition_177           |       and|   0|  0|   2|           1|           1|
    |icmp_ln528_fu_195_p2       |      icmp|   0|  0|  23|          15|          16|
    |icmp_ln538_16_fu_382_p2    |      icmp|   0|  0|  44|          37|           1|
    |icmp_ln538_17_fu_398_p2    |      icmp|   0|  0|  44|          37|           1|
    |icmp_ln538_18_fu_414_p2    |      icmp|   0|  0|  44|          37|           1|
    |icmp_ln538_19_fu_430_p2    |      icmp|   0|  0|  44|          37|           1|
    |icmp_ln538_20_fu_446_p2    |      icmp|   0|  0|  44|          37|           1|
    |icmp_ln538_21_fu_462_p2    |      icmp|   0|  0|  44|          37|           1|
    |icmp_ln538_22_fu_478_p2    |      icmp|   0|  0|  44|          37|           1|
    |icmp_ln538_23_fu_494_p2    |      icmp|   0|  0|  44|          37|           1|
    |icmp_ln538_24_fu_510_p2    |      icmp|   0|  0|  44|          37|           1|
    |icmp_ln538_25_fu_526_p2    |      icmp|   0|  0|  44|          37|           1|
    |icmp_ln538_26_fu_542_p2    |      icmp|   0|  0|  44|          37|           1|
    |icmp_ln538_27_fu_558_p2    |      icmp|   0|  0|  44|          37|           1|
    |icmp_ln538_28_fu_574_p2    |      icmp|   0|  0|  44|          37|           1|
    |icmp_ln538_29_fu_590_p2    |      icmp|   0|  0|  44|          37|           1|
    |icmp_ln538_30_fu_606_p2    |      icmp|   0|  0|  44|          37|           1|
    |icmp_ln538_fu_366_p2       |      icmp|   0|  0|  44|          37|           1|
    |ap_block_pp0_stage0_01001  |        or|   0|  0|   2|           1|           1|
    |out_data_10_fu_628_p3      |    select|   0|  0|  16|           1|          16|
    |out_data_12_fu_634_p3      |    select|   0|  0|  16|           1|          16|
    |out_data_14_fu_640_p3      |    select|   0|  0|  16|           1|          16|
    |out_data_8_fu_622_p3       |    select|   0|  0|  16|           1|          16|
    |select_ln538_12_fu_652_p3  |    select|   0|  0|  16|           1|          16|
    |select_ln538_13_fu_658_p3  |    select|   0|  0|  16|           1|          16|
    |select_ln538_14_fu_664_p3  |    select|   0|  0|  16|           1|          16|
    |select_ln538_15_fu_670_p3  |    select|   0|  0|  16|           1|          16|
    |select_ln538_16_fu_676_p3  |    select|   0|  0|  16|           1|          16|
    |select_ln538_17_fu_682_p3  |    select|   0|  0|  16|           1|          16|
    |select_ln538_18_fu_688_p3  |    select|   0|  0|  16|           1|          16|
    |select_ln538_19_fu_694_p3  |    select|   0|  0|  16|           1|          16|
    |select_ln538_20_fu_700_p3  |    select|   0|  0|  16|           1|          16|
    |select_ln538_21_fu_706_p3  |    select|   0|  0|  16|           1|          16|
    |select_ln538_22_fu_712_p3  |    select|   0|  0|  16|           1|          16|
    |select_ln538_fu_646_p3     |    select|   0|  0|  16|           1|          16|
    |ap_enable_pp0              |       xor|   0|  0|   2|           1|           2|
    +---------------------------+----------+----+---+----+------------+------------+
    |Total                      |          |   0|  0|1011|         641|         293|
    +---------------------------+----------+----+---+----+------------+------------+

    * Multiplexer: 
    +-------------------------+----+-----------+-----+-----------+
    |           Name          | LUT| Input Size| Bits| Total Bits|
    +-------------------------+----+-----------+-----+-----------+
    |ap_done_int              |   9|          2|    1|          2|
    |ap_enable_reg_pp0_iter1  |   9|          2|    1|          2|
    |ap_sig_allocacmp_i       |   9|          2|   15|         30|
    |i_03_fu_170              |   9|          2|   15|         30|
    |layer3_out_blk_n         |   9|          2|    1|          2|
    |layer5_out_blk_n         |   9|          2|    1|          2|
    |real_start               |   9|          2|    1|          2|
    +-------------------------+----+-----------+-----+-----------+
    |Total                    |  63|         14|   35|         70|
    +-------------------------+----+-----------+-----+-----------+

    * Register: 
    +----------------------------------+----+----+-----+-----------+
    |               Name               | FF | LUT| Bits| Const Bits|
    +----------------------------------+----+----+-----+-----------+
    |ap_CS_fsm                         |   1|   0|    1|          0|
    |ap_done_reg                       |   1|   0|    1|          0|
    |ap_enable_reg_pp0_iter1           |   1|   0|    1|          0|
    |ap_enable_reg_pp0_iter2           |   1|   0|    1|          0|
    |ap_loop_exit_ready_pp0_iter1_reg  |   1|   0|    1|          0|
    |i_03_fu_170                       |  15|   0|   15|          0|
    |icmp_ln538_16_reg_776             |   1|   0|    1|          0|
    |icmp_ln538_17_reg_786             |   1|   0|    1|          0|
    |icmp_ln538_18_reg_796             |   1|   0|    1|          0|
    |icmp_ln538_19_reg_806             |   1|   0|    1|          0|
    |icmp_ln538_20_reg_816             |   1|   0|    1|          0|
    |icmp_ln538_21_reg_826             |   1|   0|    1|          0|
    |icmp_ln538_22_reg_836             |   1|   0|    1|          0|
    |icmp_ln538_23_reg_846             |   1|   0|    1|          0|
    |icmp_ln538_24_reg_856             |   1|   0|    1|          0|
    |icmp_ln538_25_reg_866             |   1|   0|    1|          0|
    |icmp_ln538_26_reg_876             |   1|   0|    1|          0|
    |icmp_ln538_27_reg_886             |   1|   0|    1|          0|
    |icmp_ln538_28_reg_896             |   1|   0|    1|          0|
    |icmp_ln538_29_reg_906             |   1|   0|    1|          0|
    |icmp_ln538_30_reg_916             |   1|   0|    1|          0|
    |icmp_ln538_reg_766                |   1|   0|    1|          0|
    |out_data_11_reg_791               |  16|   0|   16|          0|
    |out_data_13_reg_801               |  16|   0|   16|          0|
    |out_data_9_reg_781                |  16|   0|   16|          0|
    |out_data_reg_771                  |  16|   0|   16|          0|
    |start_once_reg                    |   1|   0|    1|          0|
    |trunc_ln2_reg_811                 |  16|   0|   16|          0|
    |trunc_ln539_11_reg_831            |  16|   0|   16|          0|
    |trunc_ln539_12_reg_841            |  16|   0|   16|          0|
    |trunc_ln539_13_reg_851            |  16|   0|   16|          0|
    |trunc_ln539_14_reg_861            |  16|   0|   16|          0|
    |trunc_ln539_15_reg_871            |  16|   0|   16|          0|
    |trunc_ln539_16_reg_881            |  16|   0|   16|          0|
    |trunc_ln539_17_reg_891            |  16|   0|   16|          0|
    |trunc_ln539_18_reg_901            |  16|   0|   16|          0|
    |trunc_ln539_19_reg_911            |  16|   0|   16|          0|
    |trunc_ln539_20_reg_921            |  16|   0|   16|          0|
    |trunc_ln539_s_reg_821             |  16|   0|   16|          0|
    +----------------------------------+----+----+-----+-----------+
    |Total                             | 293|   0|  293|          0|
    +----------------------------------+----+----+-----+-----------+



================================================================
== Interface
================================================================
* Summary: 
+---------------------------+-----+-----+------------+------------------------------------------------------------------------------+--------------+
|         RTL Ports         | Dir | Bits|  Protocol  |                                 Source Object                                |    C Type    |
+---------------------------+-----+-----+------------+------------------------------------------------------------------------------+--------------+
|ap_clk                     |   in|    1|  ap_ctrl_hs|  thresholded_relu<array,ap_fixed,array<ap_fixed,16u>,thresholdedrelu_config5>|  return value|
|ap_rst                     |   in|    1|  ap_ctrl_hs|  thresholded_relu<array,ap_fixed,array<ap_fixed,16u>,thresholdedrelu_config5>|  return value|
|ap_start                   |   in|    1|  ap_ctrl_hs|  thresholded_relu<array,ap_fixed,array<ap_fixed,16u>,thresholdedrelu_config5>|  return value|
|start_full_n               |   in|    1|  ap_ctrl_hs|  thresholded_relu<array,ap_fixed,array<ap_fixed,16u>,thresholdedrelu_config5>|  return value|
|ap_done                    |  out|    1|  ap_ctrl_hs|  thresholded_relu<array,ap_fixed,array<ap_fixed,16u>,thresholdedrelu_config5>|  return value|
|ap_continue                |   in|    1|  ap_ctrl_hs|  thresholded_relu<array,ap_fixed,array<ap_fixed,16u>,thresholdedrelu_config5>|  return value|
|ap_idle                    |  out|    1|  ap_ctrl_hs|  thresholded_relu<array,ap_fixed,array<ap_fixed,16u>,thresholdedrelu_config5>|  return value|
|ap_ready                   |  out|    1|  ap_ctrl_hs|  thresholded_relu<array,ap_fixed,array<ap_fixed,16u>,thresholdedrelu_config5>|  return value|
|start_out                  |  out|    1|  ap_ctrl_hs|  thresholded_relu<array,ap_fixed,array<ap_fixed,16u>,thresholdedrelu_config5>|  return value|
|start_write                |  out|    1|  ap_ctrl_hs|  thresholded_relu<array,ap_fixed,array<ap_fixed,16u>,thresholdedrelu_config5>|  return value|
|layer3_out_dout            |   in|  592|     ap_fifo|                                                                    layer3_out|       pointer|
|layer3_out_num_data_valid  |   in|   15|     ap_fifo|                                                                    layer3_out|       pointer|
|layer3_out_fifo_cap        |   in|   15|     ap_fifo|                                                                    layer3_out|       pointer|
|layer3_out_empty_n         |   in|    1|     ap_fifo|                                                                    layer3_out|       pointer|
|layer3_out_read            |  out|    1|     ap_fifo|                                                                    layer3_out|       pointer|
|layer5_out_din             |  out|  256|     ap_fifo|                                                                    layer5_out|       pointer|
|layer5_out_num_data_valid  |   in|   15|     ap_fifo|                                                                    layer5_out|       pointer|
|layer5_out_fifo_cap        |   in|   15|     ap_fifo|                                                                    layer5_out|       pointer|
|layer5_out_full_n          |   in|    1|     ap_fifo|                                                                    layer5_out|       pointer|
|layer5_out_write           |  out|    1|     ap_fifo|                                                                    layer5_out|       pointer|
+---------------------------+-----+-----+------------+------------------------------------------------------------------------------+--------------+

