

================================================================
== Vitis HLS Report for 'thresholded_relu_array_ap_fixed_array_ap_fixed_6u_thresholdedrelu_config11_s'
================================================================
* Date:           Fri Apr 24 00:23:01 2026

* Version:        2025.2 (Build 6295257 on Nov 14 2025)
* Project:        folo_prj
* Solution:       solution1 (Vivado IP Flow Target)
* Product family: kintexu
* Target device:  xcku035-fbva676-2-e


================================================================
== Performance Estimates
================================================================
+ Timing: 
    * Summary: 
    +--------+---------+----------+------------+
    |  Clock |  Target | Estimated| Uncertainty|
    +--------+---------+----------+------------+
    |ap_clk  |  5.00 ns|  3.593 ns|     1.35 ns|
    +--------+---------+----------+------------+

+ Latency: 
    * Summary: 
    +---------+---------+-----------+-----------+------+------+------------------------------------------------+
    |  Latency (cycles) |   Latency (absolute)  |   Interval  |                    Pipeline                    |
    |   min   |   max   |    min    |    max    |  min |  max |                      Type                      |
    +---------+---------+-----------+-----------+------+------+------------------------------------------------+
    |     4098|     4098|  20.490 us|  20.490 us|  4096|  4096|  loop auto-rewind stp (delay=0 clock cycles(s))|
    +---------+---------+-----------+-----------+------+------+------------------------------------------------+

    + Detail: 
        * Instance: 
        N/A

        * Loop: 
        +--------------------------+---------+---------+----------+-----------+-----------+------+----------+
        |                          |  Latency (cycles) | Iteration|  Initiation Interval  | Trip |          |
        |         Loop Name        |   min   |   max   |  Latency |  achieved |   target  | Count| Pipelined|
        +--------------------------+---------+---------+----------+-----------+-----------+------+----------+
        |- ThresholdedReLUActLoop  |     4096|     4096|         2|          1|          1|  4096|       yes|
        +--------------------------+---------+---------+----------+-----------+-----------+------+----------+



================================================================
== Utilization Estimates
================================================================
* Summary: 
+-----------------+---------+------+--------+--------+-----+
|       Name      | BRAM_18K|  DSP |   FF   |   LUT  | URAM|
+-----------------+---------+------+--------+--------+-----+
|DSP              |        -|     -|       -|       -|    -|
|Expression       |        -|     -|       0|     312|    -|
|FIFO             |        -|     -|       -|       -|    -|
|Instance         |        -|     -|       -|       -|    -|
|Memory           |        -|     -|       -|       -|    -|
|Multiplexer      |        -|     -|       0|      63|    -|
|Register         |        -|     -|      77|       -|    -|
+-----------------+---------+------+--------+--------+-----+
|Total            |        0|     0|      77|     375|    0|
+-----------------+---------+------+--------+--------+-----+
|Available        |     1080|  1700|  406256|  203128|    0|
+-----------------+---------+------+--------+--------+-----+
|Utilization (%)  |        0|     0|      ~0|      ~0|    0|
+-----------------+---------+------+--------+--------+-----+

+ Detail: 
    * Instance: 
    N/A

    * DSP: 
    N/A

    * Memory: 
    N/A

    * FIFO: 
    N/A

    * Expression: 
    +---------------------------------------+----------+----+---+----+------------+------------+
    |             Variable Name             | Operation| DSP| FF| LUT| Bitwidth P0| Bitwidth P1|
    +---------------------------------------+----------+----+---+----+------------+------------+
    |i_fu_313_p2                            |         +|   0|  0|  19|          12|           1|
    |ap_condition_125                       |       and|   0|  0|   2|           1|           1|
    |icmp_ln528_fu_319_p2                   |      icmp|   0|  0|  19|          12|           2|
    |icmp_ln538_15_fu_193_p2                |      icmp|   0|  0|  34|          27|           1|
    |icmp_ln538_16_fu_217_p2                |      icmp|   0|  0|  34|          27|           1|
    |icmp_ln538_17_fu_241_p2                |      icmp|   0|  0|  34|          27|           1|
    |icmp_ln538_18_fu_265_p2                |      icmp|   0|  0|  34|          27|           1|
    |icmp_ln538_19_fu_289_p2                |      icmp|   0|  0|  34|          27|           1|
    |icmp_ln538_fu_169_p2                   |      icmp|   0|  0|  34|          27|           1|
    |ap_block_pp0_stage0_01001_grp1         |        or|   0|  0|   2|           1|           1|
    |ap_block_pp0_stage0_11001              |        or|   0|  0|   2|           1|           1|
    |ap_block_state1_pp0_stage0_iter0_grp1  |        or|   0|  0|   2|           1|           1|
    |select_ln538_15_fu_209_p3              |    select|   0|  0|  10|           1|          10|
    |select_ln538_16_fu_233_p3              |    select|   0|  0|  10|           1|          10|
    |select_ln538_17_fu_257_p3              |    select|   0|  0|  10|           1|          10|
    |select_ln538_18_fu_281_p3              |    select|   0|  0|  10|           1|          10|
    |select_ln538_19_fu_305_p3              |    select|   0|  0|  10|           1|          10|
    |select_ln538_fu_185_p3                 |    select|   0|  0|  10|           1|          10|
    |ap_enable_pp0                          |       xor|   0|  0|   2|           1|           2|
    +---------------------------------------+----------+----+---+----+------------+------------+
    |Total                                  |          |   0|  0| 312|         197|          75|
    +---------------------------------------+----------+----+---+----+------------+------------+

    * Multiplexer: 
    +----------------------------------+----+-----------+-----+-----------+
    |               Name               | LUT| Input Size| Bits| Total Bits|
    +----------------------------------+----+-----------+-----+-----------+
    |ap_done_int                       |   9|          2|    1|          2|
    |ap_loop_exit_ready_pp0_iter1_reg  |   9|          2|    1|          2|
    |ap_sig_allocacmp_i_20             |   9|          2|   12|         24|
    |i_19_fu_90                        |   9|          2|   12|         24|
    |layer10_out_blk_n                 |   9|          2|    1|          2|
    |layer11_out_blk_n                 |   9|          2|    1|          2|
    |real_start                        |   9|          2|    1|          2|
    +----------------------------------+----+-----------+-----+-----------+
    |Total                             |  63|         14|   29|         58|
    +----------------------------------+----+-----------+-----+-----------+

    * Register: 
    +----------------------------------+----+----+-----+-----------+
    |               Name               | FF | LUT| Bits| Const Bits|
    +----------------------------------+----+----+-----+-----------+
    |ap_CS_fsm                         |   1|   0|    1|          0|
    |ap_done_reg                       |   1|   0|    1|          0|
    |ap_enable_reg_pp0_iter1           |   1|   0|    1|          0|
    |ap_loop_exit_ready_pp0_iter1_reg  |   1|   0|    1|          0|
    |i_19_fu_90                        |  12|   0|   12|          0|
    |select_ln538_15_reg_353           |  10|   0|   10|          0|
    |select_ln538_16_reg_358           |  10|   0|   10|          0|
    |select_ln538_17_reg_363           |  10|   0|   10|          0|
    |select_ln538_18_reg_368           |  10|   0|   10|          0|
    |select_ln538_19_reg_373           |  10|   0|   10|          0|
    |select_ln538_reg_348              |  10|   0|   10|          0|
    |start_once_reg                    |   1|   0|    1|          0|
    +----------------------------------+----+----+-----+-----------+
    |Total                             |  77|   0|   77|          0|
    +----------------------------------+----+----+-----+-----------+



================================================================
== Interface
================================================================
* Summary: 
+----------------------------+-----+-----+------------+------------------------------------------------------------------------------+--------------+
|          RTL Ports         | Dir | Bits|  Protocol  |                                 Source Object                                |    C Type    |
+----------------------------+-----+-----+------------+------------------------------------------------------------------------------+--------------+
|ap_clk                      |   in|    1|  ap_ctrl_hs|  thresholded_relu<array,ap_fixed,array<ap_fixed,6u>,thresholdedrelu_config11>|  return value|
|ap_rst                      |   in|    1|  ap_ctrl_hs|  thresholded_relu<array,ap_fixed,array<ap_fixed,6u>,thresholdedrelu_config11>|  return value|
|ap_start                    |   in|    1|  ap_ctrl_hs|  thresholded_relu<array,ap_fixed,array<ap_fixed,6u>,thresholdedrelu_config11>|  return value|
|start_full_n                |   in|    1|  ap_ctrl_hs|  thresholded_relu<array,ap_fixed,array<ap_fixed,6u>,thresholdedrelu_config11>|  return value|
|ap_done                     |  out|    1|  ap_ctrl_hs|  thresholded_relu<array,ap_fixed,array<ap_fixed,6u>,thresholdedrelu_config11>|  return value|
|ap_continue                 |   in|    1|  ap_ctrl_hs|  thresholded_relu<array,ap_fixed,array<ap_fixed,6u>,thresholdedrelu_config11>|  return value|
|ap_idle                     |  out|    1|  ap_ctrl_hs|  thresholded_relu<array,ap_fixed,array<ap_fixed,6u>,thresholdedrelu_config11>|  return value|
|ap_ready                    |  out|    1|  ap_ctrl_hs|  thresholded_relu<array,ap_fixed,array<ap_fixed,6u>,thresholdedrelu_config11>|  return value|
|start_out                   |  out|    1|  ap_ctrl_hs|  thresholded_relu<array,ap_fixed,array<ap_fixed,6u>,thresholdedrelu_config11>|  return value|
|start_write                 |  out|    1|  ap_ctrl_hs|  thresholded_relu<array,ap_fixed,array<ap_fixed,6u>,thresholdedrelu_config11>|  return value|
|layer10_out_dout            |   in|  162|     ap_fifo|                                                                   layer10_out|       pointer|
|layer10_out_empty_n         |   in|    1|     ap_fifo|                                                                   layer10_out|       pointer|
|layer10_out_read            |  out|    1|     ap_fifo|                                                                   layer10_out|       pointer|
|layer10_out_num_data_valid  |   in|    2|     ap_fifo|                                                                   layer10_out|       pointer|
|layer10_out_fifo_cap        |   in|    2|     ap_fifo|                                                                   layer10_out|       pointer|
|layer11_out_din             |  out|   60|     ap_fifo|                                                                   layer11_out|       pointer|
|layer11_out_full_n          |   in|    1|     ap_fifo|                                                                   layer11_out|       pointer|
|layer11_out_write           |  out|    1|     ap_fifo|                                                                   layer11_out|       pointer|
|layer11_out_num_data_valid  |   in|   32|     ap_fifo|                                                                   layer11_out|       pointer|
|layer11_out_fifo_cap        |   in|   32|     ap_fifo|                                                                   layer11_out|       pointer|
+----------------------------+-----+-----+------------+------------------------------------------------------------------------------+--------------+

