

================================================================
== Vitis HLS Report for 'zeropad2d_cl_array_ap_fixed_8u_array_ap_fixed_10_2_5_3_0_8u_config35_s'
================================================================
* Date:           Fri Apr 24 00:23:02 2026

* Version:        2025.2 (Build 6295257 on Nov 14 2025)
* Project:        folo_prj
* Solution:       solution1 (Vivado IP Flow Target)
* Product family: kintexu
* Target device:  xcku035-fbva676-2-e


================================================================
== Performance Estimates
================================================================
+ Timing: 
    * Summary: 
    +--------+---------+----------+------------+
    |  Clock |  Target | Estimated| Uncertainty|
    +--------+---------+----------+------------+
    |ap_clk  |  5.00 ns|  2.192 ns|     1.35 ns|
    +--------+---------+----------+------------+

+ Latency: 
    * Summary: 
    +---------+---------+----------+----------+------+------+---------+
    |  Latency (cycles) |  Latency (absolute) |   Interval  | Pipeline|
    |   min   |   max   |    min   |    max   |  min |  max |   Type  |
    +---------+---------+----------+----------+------+------+---------+
    |     1167|     1167|  5.835 us|  5.835 us|  1167|  1167|       no|
    +---------+---------+----------+----------+------+------+---------+

    + Detail: 
        * Instance: 
        +-----------------------------------------------------------------------------------------+-------------------------------------------------------------------------------+---------+---------+----------+----------+-----+-----+-------------------+
        |                                                                                         |                                                                               |  Latency (cycles) |  Latency (absolute) |  Interval |      Pipeline     |
        |                                         Instance                                        |                                     Module                                    |   min   |   max   |    min   |    max   | min | max |        Type       |
        +-----------------------------------------------------------------------------------------+-------------------------------------------------------------------------------+---------+---------+----------+----------+-----+-----+-------------------+
        |grp_zeropad2d_cl_array_array_ap_fixed_10_2_5_3_0_8u_config35_Pipeline_PadTopWidth_fu_22  |zeropad2d_cl_array_array_ap_fixed_10_2_5_3_0_8u_config35_Pipeline_PadTopWidth  |       36|       36|  0.180 us|  0.180 us|    0|    0|  loop pipeline stp|
        |grp_zeropad2d_cl_array_array_ap_fixed_10_2_5_3_0_8u_config35_Pipeline_PadMain_fu_28      |zeropad2d_cl_array_array_ap_fixed_10_2_5_3_0_8u_config35_Pipeline_PadMain      |     1090|     1090|  5.450 us|  5.450 us|    0|    0|  loop pipeline stp|
        |grp_zeropad2d_cl_array_array_ap_fixed_8u_config35_Pipeline_PadBottomWidth_fu_36          |zeropad2d_cl_array_array_ap_fixed_8u_config35_Pipeline_PadBottomWidth          |       36|       36|  0.180 us|  0.180 us|    0|    0|  loop pipeline stp|
        +-----------------------------------------------------------------------------------------+-------------------------------------------------------------------------------+---------+---------+----------+----------+-----+-----+-------------------+

        * Loop: 
        N/A



================================================================
== Utilization Estimates
================================================================
* Summary: 
+-----------------+---------+------+--------+--------+-----+
|       Name      | BRAM_18K|  DSP |   FF   |   LUT  | URAM|
+-----------------+---------+------+--------+--------+-----+
|DSP              |        -|     -|       -|       -|    -|
|Expression       |        -|     -|       0|       2|    -|
|FIFO             |        -|     -|       -|       -|    -|
|Instance         |        -|     -|     142|     493|    -|
|Memory           |        -|     -|       -|       -|    -|
|Multiplexer      |        -|     -|       0|      89|    -|
|Register         |        -|     -|      11|       -|    -|
+-----------------+---------+------+--------+--------+-----+
|Total            |        0|     0|     153|     584|    0|
+-----------------+---------+------+--------+--------+-----+
|Available        |     1080|  1700|  406256|  203128|    0|
+-----------------+---------+------+--------+--------+-----+
|Utilization (%)  |        0|     0|      ~0|      ~0|    0|
+-----------------+---------+------+--------+--------+-----+

+ Detail: 
    * Instance: 
    +-----------------------------------------------------------------------------------------+-------------------------------------------------------------------------------+---------+----+-----+-----+-----+
    |                                         Instance                                        |                                     Module                                    | BRAM_18K| DSP|  FF | LUT | URAM|
    +-----------------------------------------------------------------------------------------+-------------------------------------------------------------------------------+---------+----+-----+-----+-----+
    |grp_zeropad2d_cl_array_array_ap_fixed_10_2_5_3_0_8u_config35_Pipeline_PadMain_fu_28      |zeropad2d_cl_array_array_ap_fixed_10_2_5_3_0_8u_config35_Pipeline_PadMain      |        0|   0|  124|  343|    0|
    |grp_zeropad2d_cl_array_array_ap_fixed_10_2_5_3_0_8u_config35_Pipeline_PadTopWidth_fu_22  |zeropad2d_cl_array_array_ap_fixed_10_2_5_3_0_8u_config35_Pipeline_PadTopWidth  |        0|   0|    9|   75|    0|
    |grp_zeropad2d_cl_array_array_ap_fixed_8u_config35_Pipeline_PadBottomWidth_fu_36          |zeropad2d_cl_array_array_ap_fixed_8u_config35_Pipeline_PadBottomWidth          |        0|   0|    9|   75|    0|
    +-----------------------------------------------------------------------------------------+-------------------------------------------------------------------------------+---------+----+-----+-----+-----+
    |Total                                                                                    |                                                                               |        0|   0|  142|  493|    0|
    +-----------------------------------------------------------------------------------------+-------------------------------------------------------------------------------+---------+----+-----+-----+-----+

    * DSP: 
    N/A

    * Memory: 
    N/A

    * FIFO: 
    N/A

    * Expression: 
    +-----------------+----------+----+---+----+------------+------------+
    |  Variable Name  | Operation| DSP| FF| LUT| Bitwidth P0| Bitwidth P1|
    +-----------------+----------+----+---+----+------------+------------+
    |ap_block_state1  |        or|   0|  0|   2|           1|           1|
    +-----------------+----------+----+---+----+------------+------------+
    |Total            |          |   0|  0|   2|           1|           1|
    +-----------------+----------+----+---+----+------------+------------+

    * Multiplexer: 
    +-------------------+----+-----------+-----+-----------+
    |        Name       | LUT| Input Size| Bits| Total Bits|
    +-------------------+----+-----------+-----+-----------+
    |ap_NS_fsm          |  37|          7|    1|          7|
    |ap_done            |   9|          2|    1|          2|
    |layer35_out_din    |  14|          3|   80|        240|
    |layer35_out_write  |  20|          4|    1|          4|
    |real_start         |   9|          2|    1|          2|
    +-------------------+----+-----------+-----+-----------+
    |Total              |  89|         18|   84|        255|
    +-------------------+----+-----------+-----+-----------+

    * Register: 
    +------------------------------------------------------------------------------------------------------+---+----+-----+-----------+
    |                                                 Name                                                 | FF| LUT| Bits| Const Bits|
    +------------------------------------------------------------------------------------------------------+---+----+-----+-----------+
    |ap_CS_fsm                                                                                             |  6|   0|    6|          0|
    |ap_done_reg                                                                                           |  1|   0|    1|          0|
    |grp_zeropad2d_cl_array_array_ap_fixed_10_2_5_3_0_8u_config35_Pipeline_PadMain_fu_28_ap_start_reg      |  1|   0|    1|          0|
    |grp_zeropad2d_cl_array_array_ap_fixed_10_2_5_3_0_8u_config35_Pipeline_PadTopWidth_fu_22_ap_start_reg  |  1|   0|    1|          0|
    |grp_zeropad2d_cl_array_array_ap_fixed_8u_config35_Pipeline_PadBottomWidth_fu_36_ap_start_reg          |  1|   0|    1|          0|
    |start_once_reg                                                                                        |  1|   0|    1|          0|
    +------------------------------------------------------------------------------------------------------+---+----+-----+-----------+
    |Total                                                                                                 | 11|   0|   11|          0|
    +------------------------------------------------------------------------------------------------------+---+----+-----+-----------+



================================================================
== Interface
================================================================
* Summary: 
+-----------------------------+-----+-----+------------+--------------------------------------------------------------------------+--------------+
|          RTL Ports          | Dir | Bits|  Protocol  |                               Source Object                              |    C Type    |
+-----------------------------+-----+-----+------------+--------------------------------------------------------------------------+--------------+
|ap_clk                       |   in|    1|  ap_ctrl_hs|  zeropad2d_cl<array<ap_fixed,8u>,array<ap_fixed<10,2,5,3,0>,8u>,config35>|  return value|
|ap_rst                       |   in|    1|  ap_ctrl_hs|  zeropad2d_cl<array<ap_fixed,8u>,array<ap_fixed<10,2,5,3,0>,8u>,config35>|  return value|
|ap_start                     |   in|    1|  ap_ctrl_hs|  zeropad2d_cl<array<ap_fixed,8u>,array<ap_fixed<10,2,5,3,0>,8u>,config35>|  return value|
|start_full_n                 |   in|    1|  ap_ctrl_hs|  zeropad2d_cl<array<ap_fixed,8u>,array<ap_fixed<10,2,5,3,0>,8u>,config35>|  return value|
|ap_done                      |  out|    1|  ap_ctrl_hs|  zeropad2d_cl<array<ap_fixed,8u>,array<ap_fixed<10,2,5,3,0>,8u>,config35>|  return value|
|ap_continue                  |   in|    1|  ap_ctrl_hs|  zeropad2d_cl<array<ap_fixed,8u>,array<ap_fixed<10,2,5,3,0>,8u>,config35>|  return value|
|ap_idle                      |  out|    1|  ap_ctrl_hs|  zeropad2d_cl<array<ap_fixed,8u>,array<ap_fixed<10,2,5,3,0>,8u>,config35>|  return value|
|ap_ready                     |  out|    1|  ap_ctrl_hs|  zeropad2d_cl<array<ap_fixed,8u>,array<ap_fixed<10,2,5,3,0>,8u>,config35>|  return value|
|start_out                    |  out|    1|  ap_ctrl_hs|  zeropad2d_cl<array<ap_fixed,8u>,array<ap_fixed<10,2,5,3,0>,8u>,config35>|  return value|
|start_write                  |  out|    1|  ap_ctrl_hs|  zeropad2d_cl<array<ap_fixed,8u>,array<ap_fixed<10,2,5,3,0>,8u>,config35>|  return value|
|layer29_cpy1_dout            |   in|   80|     ap_fifo|                                                              layer29_cpy1|       pointer|
|layer29_cpy1_empty_n         |   in|    1|     ap_fifo|                                                              layer29_cpy1|       pointer|
|layer29_cpy1_read            |  out|    1|     ap_fifo|                                                              layer29_cpy1|       pointer|
|layer29_cpy1_num_data_valid  |   in|    3|     ap_fifo|                                                              layer29_cpy1|       pointer|
|layer29_cpy1_fifo_cap        |   in|    3|     ap_fifo|                                                              layer29_cpy1|       pointer|
|layer35_out_din              |  out|   80|     ap_fifo|                                                               layer35_out|       pointer|
|layer35_out_full_n           |   in|    1|     ap_fifo|                                                               layer35_out|       pointer|
|layer35_out_write            |  out|    1|     ap_fifo|                                                               layer35_out|       pointer|
|layer35_out_num_data_valid   |   in|   32|     ap_fifo|                                                               layer35_out|       pointer|
|layer35_out_fifo_cap         |   in|   32|     ap_fifo|                                                               layer35_out|       pointer|
+-----------------------------+-----+-----+------------+--------------------------------------------------------------------------+--------------+

