

================================================================
== Vitis HLS Report for 'zeropad2d_cl_array_ap_fixed_4u_array_ap_fixed_12_6_5_3_0_4u_config32_s'
================================================================
* Date:           Wed Apr 22 16:02:08 2026

* Version:        2023.2 (Build 4023990 on Oct 11 2023)
* Project:        folo_prj
* Solution:       solution1 (Vivado IP Flow Target)
* Product family: kintexu
* Target device:  xcku035-fbva676-2-e


================================================================
== Performance Estimates
================================================================
+ Timing: 
    * Summary: 
    +--------+---------+----------+------------+
    |  Clock |  Target | Estimated| Uncertainty|
    +--------+---------+----------+------------+
    |ap_clk  |  5.00 ns|  3.650 ns|     1.35 ns|
    +--------+---------+----------+------------+

+ Latency: 
    * Summary: 
    +---------+---------+----------+----------+-------+-------+---------+
    |  Latency (cycles) |  Latency (absolute) |    Interval   | Pipeline|
    |   min   |   max   |    min   |    max   |  min  |  max  |   Type  |
    +---------+---------+----------+----------+-------+-------+---------+
    |    32905|    32905|  0.165 ms|  0.165 ms|  32905|  32905|       no|
    +---------+---------+----------+----------+-------+-------+---------+

    + Detail: 
        * Instance: 
        +-----------------------------------------------------------------------------------+-------------------------------------------------------------------------+---------+---------+----------+----------+-------+-------+---------+
        |                                                                                   |                                                                         |  Latency (cycles) |  Latency (absolute) |    Interval   | Pipeline|
        |                                      Instance                                     |                                  Module                                 |   min   |   max   |    min   |    max   |  min  |  max  |   Type  |
        +-----------------------------------------------------------------------------------+-------------------------------------------------------------------------+---------+---------+----------+----------+-------+-------+---------+
        |grp_zeropad2d_cl_array_array_ap_fixed_4u_config32_Pipeline_PadMain_CopyMain_fu_20  |zeropad2d_cl_array_array_ap_fixed_4u_config32_Pipeline_PadMain_CopyMain  |    32770|    32770|  0.164 ms|  0.164 ms|  32770|  32770|       no|
        |grp_zeropad2d_cl_array_array_ap_fixed_4u_config32_Pipeline_PadBottomWidth_fu_28    |zeropad2d_cl_array_array_ap_fixed_4u_config32_Pipeline_PadBottomWidth    |      131|      131|  0.655 us|  0.655 us|    131|    131|       no|
        +-----------------------------------------------------------------------------------+-------------------------------------------------------------------------+---------+---------+----------+----------+-------+-------+---------+

        * Loop: 
        N/A



================================================================
== Utilization Estimates
================================================================
* Summary: 
+-----------------+---------+------+--------+--------+-----+
|       Name      | BRAM_18K|  DSP |   FF   |   LUT  | URAM|
+-----------------+---------+------+--------+--------+-----+
|DSP              |        -|     -|       -|       -|    -|
|Expression       |        -|     -|       0|       2|    -|
|FIFO             |        -|     -|       -|       -|    -|
|Instance         |        -|     -|      56|     298|    -|
|Memory           |        -|     -|       -|       -|    -|
|Multiplexer      |        -|     -|       -|      81|    -|
|Register         |        -|     -|       9|       -|    -|
+-----------------+---------+------+--------+--------+-----+
|Total            |        0|     0|      65|     381|    0|
+-----------------+---------+------+--------+--------+-----+
|Available        |     1080|  1700|  406256|  203128|    0|
+-----------------+---------+------+--------+--------+-----+
|Utilization (%)  |        0|     0|      ~0|      ~0|    0|
+-----------------+---------+------+--------+--------+-----+

+ Detail: 
    * Instance: 
    +-----------------------------------------------------------------------------------+-------------------------------------------------------------------------+---------+----+----+-----+-----+
    |                                      Instance                                     |                                  Module                                 | BRAM_18K| DSP| FF | LUT | URAM|
    +-----------------------------------------------------------------------------------+-------------------------------------------------------------------------+---------+----+----+-----+-----+
    |grp_zeropad2d_cl_array_array_ap_fixed_4u_config32_Pipeline_PadBottomWidth_fu_28    |zeropad2d_cl_array_array_ap_fixed_4u_config32_Pipeline_PadBottomWidth    |        0|   0|  11|   79|    0|
    |grp_zeropad2d_cl_array_array_ap_fixed_4u_config32_Pipeline_PadMain_CopyMain_fu_20  |zeropad2d_cl_array_array_ap_fixed_4u_config32_Pipeline_PadMain_CopyMain  |        0|   0|  45|  219|    0|
    +-----------------------------------------------------------------------------------+-------------------------------------------------------------------------+---------+----+----+-----+-----+
    |Total                                                                              |                                                                         |        0|   0|  56|  298|    0|
    +-----------------------------------------------------------------------------------+-------------------------------------------------------------------------+---------+----+----+-----+-----+

    * DSP: 
    N/A

    * Memory: 
    N/A

    * FIFO: 
    N/A

    * Expression: 
    +-----------------+----------+----+---+----+------------+------------+
    |  Variable Name  | Operation| DSP| FF| LUT| Bitwidth P0| Bitwidth P1|
    +-----------------+----------+----+---+----+------------+------------+
    |ap_block_state1  |        or|   0|  0|   2|           1|           1|
    +-----------------+----------+----+---+----+------------+------------+
    |Total            |          |   0|  0|   2|           1|           1|
    +-----------------+----------+----+---+----+------------+------------+

    * Multiplexer: 
    +-------------------+----+-----------+-----+-----------+
    |        Name       | LUT| Input Size| Bits| Total Bits|
    +-------------------+----+-----------+-----+-----------+
    |ap_NS_fsm          |  31|          6|    1|          6|
    |ap_done            |   9|          2|    1|          2|
    |layer32_out_din    |   9|          2|   48|         96|
    |layer32_out_write  |  14|          3|    1|          3|
    |layer8_out_read    |   9|          2|    1|          2|
    |real_start         |   9|          2|    1|          2|
    +-------------------+----+-----------+-----+-----------+
    |Total              |  81|         17|   53|        111|
    +-------------------+----+-----------+-----+-----------+

    * Register: 
    +------------------------------------------------------------------------------------------------+---+----+-----+-----------+
    |                                              Name                                              | FF| LUT| Bits| Const Bits|
    +------------------------------------------------------------------------------------------------+---+----+-----+-----------+
    |ap_CS_fsm                                                                                       |  5|   0|    5|          0|
    |ap_done_reg                                                                                     |  1|   0|    1|          0|
    |grp_zeropad2d_cl_array_array_ap_fixed_4u_config32_Pipeline_PadBottomWidth_fu_28_ap_start_reg    |  1|   0|    1|          0|
    |grp_zeropad2d_cl_array_array_ap_fixed_4u_config32_Pipeline_PadMain_CopyMain_fu_20_ap_start_reg  |  1|   0|    1|          0|
    |start_once_reg                                                                                  |  1|   0|    1|          0|
    +------------------------------------------------------------------------------------------------+---+----+-----+-----------+
    |Total                                                                                           |  9|   0|    9|          0|
    +------------------------------------------------------------------------------------------------+---+----+-----+-----------+



================================================================
== Interface
================================================================
* Summary: 
+----------------------------+-----+-----+------------+--------------------------------------------------------------------------+--------------+
|          RTL Ports         | Dir | Bits|  Protocol  |                               Source Object                              |    C Type    |
+----------------------------+-----+-----+------------+--------------------------------------------------------------------------+--------------+
|ap_clk                      |   in|    1|  ap_ctrl_hs|  zeropad2d_cl<array<ap_fixed,4u>,array<ap_fixed<12,6,5,3,0>,4u>,config32>|  return value|
|ap_rst                      |   in|    1|  ap_ctrl_hs|  zeropad2d_cl<array<ap_fixed,4u>,array<ap_fixed<12,6,5,3,0>,4u>,config32>|  return value|
|ap_start                    |   in|    1|  ap_ctrl_hs|  zeropad2d_cl<array<ap_fixed,4u>,array<ap_fixed<12,6,5,3,0>,4u>,config32>|  return value|
|start_full_n                |   in|    1|  ap_ctrl_hs|  zeropad2d_cl<array<ap_fixed,4u>,array<ap_fixed<12,6,5,3,0>,4u>,config32>|  return value|
|ap_done                     |  out|    1|  ap_ctrl_hs|  zeropad2d_cl<array<ap_fixed,4u>,array<ap_fixed<12,6,5,3,0>,4u>,config32>|  return value|
|ap_continue                 |   in|    1|  ap_ctrl_hs|  zeropad2d_cl<array<ap_fixed,4u>,array<ap_fixed<12,6,5,3,0>,4u>,config32>|  return value|
|ap_idle                     |  out|    1|  ap_ctrl_hs|  zeropad2d_cl<array<ap_fixed,4u>,array<ap_fixed<12,6,5,3,0>,4u>,config32>|  return value|
|ap_ready                    |  out|    1|  ap_ctrl_hs|  zeropad2d_cl<array<ap_fixed,4u>,array<ap_fixed<12,6,5,3,0>,4u>,config32>|  return value|
|start_out                   |  out|    1|  ap_ctrl_hs|  zeropad2d_cl<array<ap_fixed,4u>,array<ap_fixed<12,6,5,3,0>,4u>,config32>|  return value|
|start_write                 |  out|    1|  ap_ctrl_hs|  zeropad2d_cl<array<ap_fixed,4u>,array<ap_fixed<12,6,5,3,0>,4u>,config32>|  return value|
|layer8_out_dout             |   in|   48|     ap_fifo|                                                                layer8_out|       pointer|
|layer8_out_num_data_valid   |   in|   15|     ap_fifo|                                                                layer8_out|       pointer|
|layer8_out_fifo_cap         |   in|   15|     ap_fifo|                                                                layer8_out|       pointer|
|layer8_out_empty_n          |   in|    1|     ap_fifo|                                                                layer8_out|       pointer|
|layer8_out_read             |  out|    1|     ap_fifo|                                                                layer8_out|       pointer|
|layer32_out_din             |  out|   48|     ap_fifo|                                                               layer32_out|       pointer|
|layer32_out_num_data_valid  |   in|   16|     ap_fifo|                                                               layer32_out|       pointer|
|layer32_out_fifo_cap        |   in|   16|     ap_fifo|                                                               layer32_out|       pointer|
|layer32_out_full_n          |   in|    1|     ap_fifo|                                                               layer32_out|       pointer|
|layer32_out_write           |  out|    1|     ap_fifo|                                                               layer32_out|       pointer|
+----------------------------+-----+-----+------------+--------------------------------------------------------------------------+--------------+

