

================================================================
== Vitis HLS Report for 'zeropad2d_cl_array_array_ap_fixed_16_6_5_3_0_8u_config35_Pipeline_PadTopWidth'
================================================================
* Date:           Thu Apr 23 22:46:41 2026

* Version:        2025.2 (Build 6295257 on Nov 14 2025)
* Project:        folo_prj
* Solution:       solution1 (Vivado IP Flow Target)
* Product family: kintexu
* Target device:  xcku035-fbva676-2-e


================================================================
== Performance Estimates
================================================================
+ Timing: 
    * Summary: 
    +--------+---------+----------+------------+
    |  Clock |  Target | Estimated| Uncertainty|
    +--------+---------+----------+------------+
    |ap_clk  |  5.00 ns|  2.192 ns|     1.35 ns|
    +--------+---------+----------+------------+

+ Latency: 
    * Summary: 
    +---------+---------+----------+----------+-----+-----+-------------------+
    |  Latency (cycles) |  Latency (absolute) |  Interval |      Pipeline     |
    |   min   |   max   |    min   |    max   | min | max |        Type       |
    +---------+---------+----------+----------+-----+-----+-------------------+
    |       36|       36|  0.180 us|  0.180 us|    0|    0|  loop pipeline stp|
    +---------+---------+----------+----------+-----+-----+-------------------+

    + Detail: 
        * Instance: 
        N/A

        * Loop: 
        +---------------+---------+---------+----------+-----------+-----------+------+----------+
        |               |  Latency (cycles) | Iteration|  Initiation Interval  | Trip |          |
        |   Loop Name   |   min   |   max   |  Latency |  achieved |   target  | Count| Pipelined|
        +---------------+---------+---------+----------+-----------+-----------+------+----------+
        |- PadTopWidth  |       34|       34|         2|          1|          1|    34|       yes|
        +---------------+---------+---------+----------+-----------+-----------+------+----------+



================================================================
== Utilization Estimates
================================================================
* Summary: 
+-----------------+---------+------+--------+--------+-----+
|       Name      | BRAM_18K|  DSP |   FF   |   LUT  | URAM|
+-----------------+---------+------+--------+--------+-----+
|DSP              |        -|     -|       -|       -|    -|
|Expression       |        -|     -|       0|      30|    -|
|FIFO             |        -|     -|       -|       -|    -|
|Instance         |        -|     -|       -|       -|    -|
|Memory           |        -|     -|       -|       -|    -|
|Multiplexer      |        -|     -|       0|      45|    -|
|Register         |        -|     -|       9|       -|    -|
+-----------------+---------+------+--------+--------+-----+
|Total            |        0|     0|       9|      75|    0|
+-----------------+---------+------+--------+--------+-----+
|Available        |     1080|  1700|  406256|  203128|    0|
+-----------------+---------+------+--------+--------+-----+
|Utilization (%)  |        0|     0|      ~0|      ~0|    0|
+-----------------+---------+------+--------+--------+-----+

+ Detail: 
    * Instance: 
    N/A

    * DSP: 
    N/A

    * Memory: 
    N/A

    * FIFO: 
    N/A

    * Expression: 
    +--------------------------------+----------+----+---+----+------------+------------+
    |          Variable Name         | Operation| DSP| FF| LUT| Bitwidth P0| Bitwidth P1|
    +--------------------------------+----------+----+---+----+------------+------------+
    |j_2_fu_60_p2                    |         +|   0|  0|  13|           6|           1|
    |ap_block_pp0_stage0_01001_grp1  |       and|   0|  0|   2|           1|           1|
    |icmp_ln53_fu_54_p2              |      icmp|   0|  0|  13|           6|           6|
    |ap_enable_pp0                   |       xor|   0|  0|   2|           1|           2|
    +--------------------------------+----------+----+---+----+------------+------------+
    |Total                           |          |   0|  0|  30|          14|          10|
    +--------------------------------+----------+----+---+----+------------+------------+

    * Multiplexer: 
    +-------------------------+----+-----------+-----+-----------+
    |           Name          | LUT| Input Size| Bits| Total Bits|
    +-------------------------+----+-----------+-----+-----------+
    |ap_done_int              |   9|          2|    1|          2|
    |ap_enable_reg_pp0_iter1  |   9|          2|    1|          2|
    |ap_sig_allocacmp_j_1     |   9|          2|    6|         12|
    |j_fu_34                  |   9|          2|    6|         12|
    |layer35_out_blk_n        |   9|          2|    1|          2|
    +-------------------------+----+-----------+-----+-----------+
    |Total                    |  45|         10|   15|         30|
    +-------------------------+----+-----------+-----+-----------+

    * Register: 
    +-------------------------+---+----+-----+-----------+
    |           Name          | FF| LUT| Bits| Const Bits|
    +-------------------------+---+----+-----+-----------+
    |ap_CS_fsm                |  1|   0|    1|          0|
    |ap_done_reg              |  1|   0|    1|          0|
    |ap_enable_reg_pp0_iter1  |  1|   0|    1|          0|
    |j_fu_34                  |  6|   0|    6|          0|
    +-------------------------+---+----+-----+-----------+
    |Total                    |  9|   0|    9|          0|
    +-------------------------+---+----+-----+-----------+



================================================================
== Interface
================================================================
* Summary: 
+----------------------------+-----+-----+------------+----------------------------------------------------------------------------------+--------------+
|          RTL Ports         | Dir | Bits|  Protocol  |                                   Source Object                                  |    C Type    |
+----------------------------+-----+-----+------------+----------------------------------------------------------------------------------+--------------+
|ap_clk                      |   in|    1|  ap_ctrl_hs|  zeropad2d_cl<array,array<ap_fixed<16,6,5,3,0>,8u>,config35>_Pipeline_PadTopWidth|  return value|
|ap_rst                      |   in|    1|  ap_ctrl_hs|  zeropad2d_cl<array,array<ap_fixed<16,6,5,3,0>,8u>,config35>_Pipeline_PadTopWidth|  return value|
|ap_start                    |   in|    1|  ap_ctrl_hs|  zeropad2d_cl<array,array<ap_fixed<16,6,5,3,0>,8u>,config35>_Pipeline_PadTopWidth|  return value|
|ap_done                     |  out|    1|  ap_ctrl_hs|  zeropad2d_cl<array,array<ap_fixed<16,6,5,3,0>,8u>,config35>_Pipeline_PadTopWidth|  return value|
|ap_idle                     |  out|    1|  ap_ctrl_hs|  zeropad2d_cl<array,array<ap_fixed<16,6,5,3,0>,8u>,config35>_Pipeline_PadTopWidth|  return value|
|ap_ready                    |  out|    1|  ap_ctrl_hs|  zeropad2d_cl<array,array<ap_fixed<16,6,5,3,0>,8u>,config35>_Pipeline_PadTopWidth|  return value|
|layer35_out_din             |  out|  128|     ap_fifo|                                                                       layer35_out|       pointer|
|layer35_out_full_n          |   in|    1|     ap_fifo|                                                                       layer35_out|       pointer|
|layer35_out_write           |  out|    1|     ap_fifo|                                                                       layer35_out|       pointer|
|layer35_out_num_data_valid  |   in|   32|     ap_fifo|                                                                       layer35_out|       pointer|
|layer35_out_fifo_cap        |   in|   32|     ap_fifo|                                                                       layer35_out|       pointer|
+----------------------------+-----+-----+------------+----------------------------------------------------------------------------------+--------------+

